"PASS: ""compute allocation"
"PASS: ""complete source syntax"
"PASS: ""pinned Hgq/s16_result/reference/Ppp_01_01.wl"
"PASS: ""pinned Hgq/s16_result/reference/inputs/s01_generate_amplitudes.wl"
"PASS: ""pinned Hgq/s16_result/reference/inputs/s01_result.wl"
"PASS: ""pinned Hgq/s16_result/reference/inputs/s02_born_and_projectors.wl"
"PASS: ""pinned Hgq/s16_result/reference/inputs/s02_result.wl"
"PASS: ""pinned Hgq/s16_result/reference/inputs/s03_contract_real.wl"
"PASS: ""pinned Hgq/s16_result/reference/inputs/s03_result.wl"
"PASS: ""pinned Hgq/s16_result/reference/s01_result.json"
"PASS: ""pinned Hgq/s16_result/reference/s03_result.json"
"PASS: ""pinned Hgq/s16_result/reference/s03_sample_madgraph.py"
"PASS: ""pinned Hgq/s16_result/reference/s04_evaluate_local.wl"
"PASS: ""pinned Hgq/s16_result/reference/s04_result.json"
"PASS: ""pinned Hgq/s16_result/reference/s06_validate_real_projection.wl"
"PASS: ""saved exact native contraction accepted"
"PASS: ""unique positive model color dimension"
"PASS: ""native color traces and reference dimensions agree"
"COLOR_DIMENSION "InputForm[<|"SignedModelLabel" -> -3, "DerivedPositiveDimension" -> 3|>]
"PASS: ""born_01 exact coordinate inputs"
"PASS: ""born_01 exact normalization inputs"
"PASS: ""born_01 entire old comparison reproduced"
"PASS: ""born_01 finite real projectors"
"PASS: ""born_01 both MadGraph projectors"
"PASS: ""born_01 all lepton-setting averages"
"PASS: ""born_02 exact coordinate inputs"
"PASS: ""born_02 exact normalization inputs"
"PASS: ""born_02 entire old comparison reproduced"
"PASS: ""born_02 finite real projectors"
"PASS: ""born_02 both MadGraph projectors"
"PASS: ""born_02 all lepton-setting averages"
"PASS: ""born_03 exact coordinate inputs"
"PASS: ""born_03 exact normalization inputs"
"PASS: ""born_03 entire old comparison reproduced"
"PASS: ""born_03 finite real projectors"
"PASS: ""born_03 both MadGraph projectors"
"PASS: ""born_03 all lepton-setting averages"
"PASS: ""born_04 exact coordinate inputs"
"PASS: ""born_04 exact normalization inputs"
"PASS: ""born_04 entire old comparison reproduced"
"PASS: ""born_04 finite real projectors"
"PASS: ""born_04 both MadGraph projectors"
"PASS: ""born_04 all lepton-setting averages"
"PASS: ""born_05 exact coordinate inputs"
"PASS: ""born_05 exact normalization inputs"
"PASS: ""born_05 entire old comparison reproduced"
"PASS: ""born_05 finite real projectors"
"PASS: ""born_05 both MadGraph projectors"
"PASS: ""born_05 all lepton-setting averages"
"PASS: ""born_06 exact coordinate inputs"
"PASS: ""born_06 exact normalization inputs"
"PASS: ""born_06 entire old comparison reproduced"
"PASS: ""born_06 finite real projectors"
"PASS: ""born_06 both MadGraph projectors"
"PASS: ""born_06 all lepton-setting averages"
"PASS: ""born_07 exact coordinate inputs"
"PASS: ""born_07 exact normalization inputs"
"PASS: ""born_07 entire old comparison reproduced"
"PASS: ""born_07 finite real projectors"
"PASS: ""born_07 both MadGraph projectors"
"PASS: ""born_07 all lepton-setting averages"
"PASS: ""born_08 exact coordinate inputs"
"PASS: ""born_08 exact normalization inputs"
"PASS: ""born_08 entire old comparison reproduced"
"PASS: ""born_08 finite real projectors"
"PASS: ""born_08 both MadGraph projectors"
"PASS: ""born_08 all lepton-setting averages"
"PASS: ""real_01 exact coordinate inputs"
"PASS: ""real_01 exact normalization inputs"
"PASS: ""real_01 entire old comparison reproduced"
"PASS: ""real_01 finite real projectors"
"PASS: ""real_01 both MadGraph projectors"
"PASS: ""real_01 all lepton-setting averages"
"PASS: ""fresh exact contraction equals corrected reference"
"PASS: ""fresh exact contraction equals MadGraph"
"PASS: ""real_02 exact coordinate inputs"
"PASS: ""real_02 exact normalization inputs"
"PASS: ""real_02 entire old comparison reproduced"
"PASS: ""real_02 finite real projectors"
"PASS: ""real_02 both MadGraph projectors"
"PASS: ""real_02 all lepton-setting averages"
"PASS: ""real_03 exact coordinate inputs"
"PASS: ""real_03 exact normalization inputs"
"PASS: ""real_03 entire old comparison reproduced"
"PASS: ""real_03 finite real projectors"
"PASS: ""real_03 both MadGraph projectors"
"PASS: ""real_03 all lepton-setting averages"
"PASS: ""real_04 exact coordinate inputs"
"PASS: ""real_04 exact normalization inputs"
"PASS: ""real_04 entire old comparison reproduced"
"PASS: ""real_04 finite real projectors"
"PASS: ""real_04 both MadGraph projectors"
"PASS: ""real_04 all lepton-setting averages"
"PASS: ""real_05 exact coordinate inputs"
"PASS: ""real_05 exact normalization inputs"
"PASS: ""real_05 entire old comparison reproduced"
"PASS: ""real_05 finite real projectors"
"PASS: ""real_05 both MadGraph projectors"
"PASS: ""real_05 all lepton-setting averages"
"PASS: ""real_06 exact coordinate inputs"
"PASS: ""real_06 exact normalization inputs"
"PASS: ""real_06 entire old comparison reproduced"
"PASS: ""real_06 finite real projectors"
"PASS: ""real_06 both MadGraph projectors"
"PASS: ""real_06 all lepton-setting averages"
"PASS: ""real_07 exact coordinate inputs"
"PASS: ""real_07 exact normalization inputs"
"PASS: ""real_07 entire old comparison reproduced"
"PASS: ""real_07 finite real projectors"
"PASS: ""real_07 both MadGraph projectors"
"PASS: ""real_07 all lepton-setting averages"
"PASS: ""real_08 exact coordinate inputs"
"PASS: ""real_08 exact normalization inputs"
"PASS: ""real_08 entire old comparison reproduced"
"PASS: ""real_08 finite real projectors"
"PASS: ""real_08 both MadGraph projectors"
"PASS: ""real_08 all lepton-setting averages"
"PASS: ""complete existing sample inventory"
"PASS: ""complete native report reload"
"PASS: ""complete JSON report reload"
InputForm[<|"Schema" -> "polarized-sidis-corrected-reference-color-comparison-v1", "Channel" -> "Hgq", "SourceSHA256" -> "143924c807c54680b3cb20c80dad3d43872cc91635a5e72a226567d4210910bf", "InputManifestSHA256" -> "6020f9126ede290c429f53110ec174d99cdfb751e19783e33b75ac2fc6714e75", "NativeContractionSHA256" -> "ff6681d1d06cbdabd5935107c0a5e5d2a0c38d39a605c3d7194e64cf259333a2", "NativeVersions" -> {"13.1.0 for Linux x86 (64-bit) (June 16, 2022)", "10.2.1"}, "SignedModelColorLabel" -> -3, "DerivedColorDimension" -> 3, "PointCount" -> 16, "ProjectorComparisonCount" -> 32, "AllProjectorsPass" -> True, "AllAzimuthAveragesPass" -> True, "MaximumRelativeDifference" -> 6.285644251393455*^-13, "NativeComparison" -> <|"Point" -> "real_01", "FreshScaledPpp" -> 3.8827647146051354100346382380141`17.*^-7, "CorrectedStoredPpp" -> 3.8827647146051354100346382380141`17.*^-7, "MadGraphScaledPpp" -> 3.882764714605064*^-7, "RelativeDifference" -> 1.840657628718811*^-14|>, "ProductionCoefficientsChanged" -> False|>]
"PASS: s17_check_Hgq_color_dimension"
