"kernel 1 (localhost):"
"Style[\"Loading FeynCalc from /home/physics/.WolframEngine/Applications/FeynCalc/\", \"Text\"]\n"
"kernel 2 (localhost):"
"Style[\"Loading FeynCalc from /home/physics/.WolframEngine/Applications/FeynCalc/\", \"Text\"]\n"
"kernel 2 (localhost):"
"$PrePrint is set to FeynCalcForm. Use FI and FC to change the display format.\n"
"kernel 1 (localhost):"
"$PrePrint is set to FeynCalcForm. Use FI and FC to change the display format.\n"
"kernel 2 (localhost):"
"Style[\"FeynCalc \", \"Text\", Bold]Style[\"10.2.1 (stable version). For help, use the \", \"Text\"]Style[DisplayForm[ButtonBox[\"online documentation,\", ButtonData :> {URL[\"https://feyncalc.github.io/referenceDev\"], None}, BaseStyle -> \"Hyperlink\", ButtonNote -> \"https://feyncalc.github.io/referenceDev\"]], \"Text\"]Style[\" visit the \", \"Text\"]Style[DisplayForm[ButtonBox[\"forum\", ButtonData :> {URL[\"https://github.com/FeynCalc/feyncalc/discussions\"], None}, BaseStyle -> \"Hyperlink\", ButtonNote -> \"https://github.com/FeynCalc/feyncalc/discussions/\"]], \"Text\"]Style[\" and have a look at the supplied \", \"Text\"]Style[DisplayForm[ButtonBox[\"examples.\", BaseStyle -> \"Hyperlink\", ButtonFunction :> SystemOpen[FileNameJoin[{$FeynCalcDirectory, \"Examples\"}]], Evaluator -> Automatic, Method -> \"Preemptive\"]], \"Text\"]Style[\" The PDF-version of the manual can be downloaded \", \"Text\"]Style[DisplayForm[ButtonBox[\"here.\", ButtonData :> {URL[\"https://github.com/FeynCalc/feyncalc-manual/releases/download/dev-manual/FeynCalcManual.pdf\"], None}, BaseStyle -> \"Hyperlink\", ButtonNote -> \"https://github.com/FeynCalc/feyncalc-manual/releases/download/dev-manual/FeynCalcManual.pdf\"]], \"Text\"]\n"
"kernel 1 (localhost):"
"Style[\"FeynCalc \", \"Text\", Bold]Style[\"10.2.1 (stable version). For help, use the \", \"Text\"]Style[DisplayForm[ButtonBox[\"online documentation,\", ButtonData :> {URL[\"https://feyncalc.github.io/referenceDev\"], None}, BaseStyle -> \"Hyperlink\", ButtonNote -> \"https://feyncalc.github.io/referenceDev\"]], \"Text\"]Style[\" visit the \", \"Text\"]Style[DisplayForm[ButtonBox[\"forum\", ButtonData :> {URL[\"https://github.com/FeynCalc/feyncalc/discussions\"], None}, BaseStyle -> \"Hyperlink\", ButtonNote -> \"https://github.com/FeynCalc/feyncalc/discussions/\"]], \"Text\"]Style[\" and have a look at the supplied \", \"Text\"]Style[DisplayForm[ButtonBox[\"examples.\", BaseStyle -> \"Hyperlink\", ButtonFunction :> SystemOpen[FileNameJoin[{$FeynCalcDirectory, \"Examples\"}]], Evaluator -> Automatic, Method -> \"Preemptive\"]], \"Text\"]Style[\" The PDF-version of the manual can be downloaded \", \"Text\"]Style[DisplayForm[ButtonBox[\"here.\", ButtonData :> {URL[\"https://github.com/FeynCalc/feyncalc-manual/releases/download/dev-manual/FeynCalcManual.pdf\"], None}, BaseStyle -> \"Hyperlink\", ButtonNote -> \"https://github.com/FeynCalc/feyncalc-manual/releases/download/dev-manual/FeynCalcManual.pdf\"]], \"Text\"]\n"
"kernel 2 (localhost):"
"Style[\"If you use FeynCalc in your research, please evaluate FeynCalcHowToCite[] to learn how to cite this software.\", \"Text\"]\n"
"kernel 1 (localhost):"
"Style[\"If you use FeynCalc in your research, please evaluate FeynCalcHowToCite[] to learn how to cite this software.\", \"Text\"]\n"
"kernel 2 (localhost):"
"Style[\"Please keep in mind that the proper academic attribution of our work is crucial to ensure the future development of this package!\", {\"Text\", Italic}]\n"
"kernel 1 (localhost):"
"Style[\"Please keep in mind that the proper academic attribution of our work is crucial to ensure the future development of this package!\", {\"Text\", Italic}]\n"
"LOCAL_MERGE_GROUP_READ ""component_8_group_0001.wl"" memory "311809832
"LOCAL_MERGE_GROUP_READ ""component_8_group_0002.wl"" memory "311976928
"LOCAL_MERGE_GROUP_READ ""component_8_group_0003.wl"" memory "312138944
"LOCAL_MERGE_GROUP_READ ""component_8_group_0004.wl"" memory "312271536
"LOCAL_MERGE_GROUP_READ ""component_8_group_0005.wl"" memory "312403936
"LOCAL_MERGE_GROUP_READ ""component_8_group_0006.wl"" memory "312681328
"LOCAL_MERGE_GROUP_READ ""component_8_group_0007.wl"" memory "315166096
"LOCAL_MERGE_GROUP_READ ""component_8_group_0008.wl"" memory "318338984
"LOCAL_MERGE_GROUP_READ ""component_8_group_0009.wl"" memory "319920512
"LOCAL_MERGE_GROUP_READ ""component_8_group_0010.wl"" memory "320197968
"LOCAL_MERGE_GROUP_READ ""component_8_group_0011.wl"" memory "321780096
"LOCAL_MERGE_GROUP_READ ""component_8_group_0012.wl"" memory "323991480
"LOCAL_MERGE_GROUP_READ ""component_8_group_0013.wl"" memory "327165032
"LOCAL_MERGE_GROUP_READ ""component_8_group_0014.wl"" memory "329383712
"LOCAL_MERGE_GROUP_READ ""component_8_group_0015.wl"" memory "330828368
"LOCAL_MERGE_GROUP_READ ""component_8_group_0016.wl"" memory "331254856
"LOCAL_MERGE_GROUP_READ ""component_8_group_0017.wl"" memory "331667456
"LOCAL_MERGE_GROUP_READ ""component_8_group_0018.wl"" memory "333204352
"LOCAL_MERGE_GROUP_READ ""component_8_group_0019.wl"" memory "335723664
"LOCAL_MERGE_GROUP_READ ""component_8_group_0020.wl"" memory "337884056
"LOCAL_MERGE_GROUP_READ ""component_8_group_0021.wl"" memory "338181352
"LOCAL_MERGE_GROUP_READ ""component_8_group_0022.wl"" memory "339717816
"LOCAL_MERGE_GROUP_READ ""component_8_group_0023.wl"" memory "342237288
"LOCAL_MERGE_GROUP_READ ""component_8_group_0024.wl"" memory "345728288
"LOCAL_MERGE_GROUP_READ ""component_8_group_0025.wl"" memory "347888656
"LOCAL_MERGE_GROUP_READ ""component_8_group_0026.wl"" memory "351379640
"LOCAL_MERGE_GROUP_READ ""component_8_group_0027.wl"" memory "351676872
"LOCAL_MERGE_GROUP_READ ""component_8_group_0028.wl"" memory "353121792
"LOCAL_MERGE_GROUP_READ ""component_8_group_0029.wl"" memory "354838608
"LOCAL_MERGE_GROUP_READ ""component_8_group_0030.wl"" memory "356999840
"LOCAL_MERGE_GROUP_READ ""component_8_group_0031.wl"" memory "358591440
"LOCAL_MERGE_GROUP_READ ""component_8_group_0032.wl"" memory "360752872
"LOCAL_MERGE_GROUP_READ ""component_8_group_0033.wl"" memory "362344480
"LOCAL_MERGE_GROUP_READ ""component_8_group_0034.wl"" memory "362770840
"LOCAL_MERGE_GROUP_READ ""component_8_group_0035.wl"" memory "363183392
"LOCAL_MERGE_GROUP_READ ""component_8_group_0036.wl"" memory "364900424
"LOCAL_MERGE_BEGIN ""own_component_8"" keys "320" input_bytes "65960704" memory "364554336
"kernel 1 (localhost):"
"\"PAIR_MERGE_COEFFICIENT \"\"own_component_8\"\" \"1\" seconds \"0.038139\n"
"kernel 2 (localhost):"
"\"PAIR_MERGE_COEFFICIENT \"\"own_component_8\"\" \"2\" seconds \"0.093174\n"
"kernel 1 (localhost):"
"\"PAIR_MERGE_COEFFICIENT \"\"own_component_8\"\" \"3\" seconds \"0.102363\n"
"kernel 2 (localhost):"
"\"PAIR_MERGE_COEFFICIENT \"\"own_component_8\"\" \"4\" seconds \"0.104139\n"
"kernel 1 (localhost):"
"\"PAIR_MERGE_COEFFICIENT \"\"own_component_8\"\" \"5\" seconds \"0.190139\n"
"kernel 2 (localhost):"
"\"PAIR_MERGE_COEFFICIENT \"\"own_component_8\"\" \"6\" seconds \"0.175561\n"
"kernel 1 (localhost):"
"\"PAIR_MERGE_COEFFICIENT \"\"own_component_8\"\" \"7\" seconds \"0.101699\n"
"kernel 2 (localhost):"
"\"PAIR_MERGE_COEFFICIENT \"\"own_component_8\"\" \"8\" seconds \"0.216723\n"
"kernel 1 (localhost):"
"\"PAIR_MERGE_COEFFICIENT \"\"own_component_8\"\" \"9\" seconds \"0.2324\n"
"kernel 1 (localhost):"
"\"PAIR_MERGE_COEFFICIENT \"\"own_component_8\"\" \"11\" seconds \"0.07454\n"
"kernel 2 (localhost):"
"\"PAIR_MERGE_COEFFICIENT \"\"own_component_8\"\" \"10\" seconds \"0.169918\n"
"kernel 1 (localhost):"
"\"PAIR_MERGE_COEFFICIENT \"\"own_component_8\"\" \"12\" seconds \"0.154083\n"
"kernel 2 (localhost):"
"\"PAIR_MERGE_COEFFICIENT \"\"own_component_8\"\" \"13\" seconds \"0.188274\n"
"kernel 1 (localhost):"
"\"PAIR_MERGE_COEFFICIENT \"\"own_component_8\"\" \"14\" seconds \"0.152223\n"
"kernel 2 (localhost):"
"\"PAIR_MERGE_COEFFICIENT \"\"own_component_8\"\" \"15\" seconds \"0.108529\n"
"kernel 1 (localhost):"
"\"PAIR_MERGE_COEFFICIENT \"\"own_component_8\"\" \"16\" seconds \"0.039145\n"
"kernel 2 (localhost):"
"\"PAIR_MERGE_COEFFICIENT \"\"own_component_8\"\" \"17\" seconds \"0.046556\n"
"kernel 1 (localhost):"
"\"PAIR_MERGE_COEFFICIENT \"\"own_component_8\"\" \"18\" seconds \"0.079477\n"
"kernel 2 (localhost):"
"\"PAIR_MERGE_COEFFICIENT \"\"own_component_8\"\" \"19\" seconds \"0.067669\n"
"kernel 1 (localhost):"
"\"PAIR_MERGE_COEFFICIENT \"\"own_component_8\"\" \"20\" seconds \"0.097245\n"
"kernel 2 (localhost):"
"\"PAIR_MERGE_COEFFICIENT \"\"own_component_8\"\" \"21\" seconds \"0.108556\n"
"kernel 1 (localhost):"
"\"PAIR_MERGE_COEFFICIENT \"\"own_component_8\"\" \"22\" seconds \"0.050502\n"
"kernel 2 (localhost):"
"\"PAIR_MERGE_COEFFICIENT \"\"own_component_8\"\" \"23\" seconds \"0.112437\n"
"kernel 1 (localhost):"
"\"PAIR_MERGE_COEFFICIENT \"\"own_component_8\"\" \"24\" seconds \"0.138269\n"
"kernel 1 (localhost):"
"\"PAIR_MERGE_COEFFICIENT \"\"own_component_8\"\" \"26\" seconds \"0.038697\n"
"kernel 2 (localhost):"
"\"PAIR_MERGE_COEFFICIENT \"\"own_component_8\"\" \"25\" seconds \"0.115678\n"
"kernel 1 (localhost):"
"\"PAIR_MERGE_COEFFICIENT \"\"own_component_8\"\" \"27\" seconds \"0.091586\n"
"kernel 2 (localhost):"
"\"PAIR_MERGE_COEFFICIENT \"\"own_component_8\"\" \"28\" seconds \"0.113892\n"
"kernel 1 (localhost):"
"\"PAIR_MERGE_COEFFICIENT \"\"own_component_8\"\" \"29\" seconds \"0.132614\n"
"kernel 1 (localhost):"
"\"PAIR_MERGE_COEFFICIENT \"\"own_component_8\"\" \"31\" seconds \"0.007594\n"
"kernel 2 (localhost):"
"\"PAIR_MERGE_COEFFICIENT \"\"own_component_8\"\" \"30\" seconds \"0.102064\n"
"kernel 1 (localhost):"
"\"PAIR_MERGE_COEFFICIENT \"\"own_component_8\"\" \"32\" seconds \"0.009132\n"
"kernel 2 (localhost):"
"\"PAIR_MERGE_COEFFICIENT \"\"own_component_8\"\" \"33\" seconds \"0.008314\n"
"kernel 1 (localhost):"
"\"PAIR_MERGE_COEFFICIENT \"\"own_component_8\"\" \"34\" seconds \"0.008309\n"
"kernel 2 (localhost):"
"\"PAIR_MERGE_COEFFICIENT \"\"own_component_8\"\" \"35\" seconds \"0.011793\n"
"kernel 1 (localhost):"
"\"PAIR_MERGE_COEFFICIENT \"\"own_component_8\"\" \"36\" seconds \"0.024117\n"
"kernel 2 (localhost):"
"\"PAIR_MERGE_COEFFICIENT \"\"own_component_8\"\" \"37\" seconds \"0.023766\n"
"kernel 1 (localhost):"
"\"PAIR_MERGE_COEFFICIENT \"\"own_component_8\"\" \"38\" seconds \"0.020358\n"
"kernel 2 (localhost):"
"\"PAIR_MERGE_COEFFICIENT \"\"own_component_8\"\" \"39\" seconds \"0.023219\n"
"kernel 1 (localhost):"
"\"PAIR_MERGE_COEFFICIENT \"\"own_component_8\"\" \"40\" seconds \"0.009538\n"
"kernel 2 (localhost):"
"\"PAIR_MERGE_COEFFICIENT \"\"own_component_8\"\" \"41\" seconds \"0.009822\n"
"kernel 2 (localhost):"
"\"PAIR_MERGE_COEFFICIENT \"\"own_component_8\"\" \"43\" seconds \"0.000191\n"
"kernel 1 (localhost):"
"\"PAIR_MERGE_COEFFICIENT \"\"own_component_8\"\" \"42\" seconds \"0.00724\n"
"kernel 1 (localhost):"
"\"PAIR_MERGE_COEFFICIENT \"\"own_component_8\"\" \"45\" seconds \"0.119206\n"
"kernel 1 (localhost):"
"\"PAIR_MERGE_COEFFICIENT \"\"own_component_8\"\" \"46\" seconds \"0.039137\n"
"kernel 2 (localhost):"
"\"PAIR_MERGE_COEFFICIENT \"\"own_component_8\"\" \"44\" seconds \"0.200739\n"
"kernel 2 (localhost):"
"\"PAIR_MERGE_COEFFICIENT \"\"own_component_8\"\" \"48\" seconds \"0.106231\n"
"kernel 2 (localhost):"
"\"PAIR_MERGE_COEFFICIENT \"\"own_component_8\"\" \"49\" seconds \"0.005919\n"
"kernel 1 (localhost):"
"\"PAIR_MERGE_COEFFICIENT \"\"own_component_8\"\" \"47\" seconds \"0.167687\n"
"kernel 1 (localhost):"
"\"PAIR_MERGE_COEFFICIENT \"\"own_component_8\"\" \"51\" seconds \"0.008627\n"
"kernel 1 (localhost):"
"\"PAIR_MERGE_COEFFICIENT \"\"own_component_8\"\" \"52\" seconds \"0.016632\n"
"kernel 1 (localhost):"
"\"PAIR_MERGE_COEFFICIENT \"\"own_component_8\"\" \"53\" seconds \"0.007081\n"
"kernel 2 (localhost):"
"\"PAIR_MERGE_COEFFICIENT \"\"own_component_8\"\" \"50\" seconds \"0.15776\n"
"kernel 2 (localhost):"
"\"PAIR_MERGE_COEFFICIENT \"\"own_component_8\"\" \"55\" seconds \"0.004476\n"
"kernel 1 (localhost):"
"\"PAIR_MERGE_COEFFICIENT \"\"own_component_8\"\" \"54\" seconds \"0.202421\n"
"kernel 2 (localhost):"
"\"PAIR_MERGE_COEFFICIENT \"\"own_component_8\"\" \"56\" seconds \"0.163484\n"
"kernel 2 (localhost):"
"\"PAIR_MERGE_COEFFICIENT \"\"own_component_8\"\" \"58\" seconds \"0.005357\n"
"kernel 1 (localhost):"
"\"PAIR_MERGE_COEFFICIENT \"\"own_component_8\"\" \"57\" seconds \"0.12388\n"
"kernel 2 (localhost):"
"\"PAIR_MERGE_COEFFICIENT \"\"own_component_8\"\" \"59\" seconds \"0.141296\n"
"kernel 1 (localhost):"
"\"PAIR_MERGE_COEFFICIENT \"\"own_component_8\"\" \"60\" seconds \"0.111733\n"
"kernel 1 (localhost):"
"\"PAIR_MERGE_COEFFICIENT \"\"own_component_8\"\" \"62\" seconds \"0.000164\n"
"kernel 2 (localhost):"
"\"PAIR_MERGE_COEFFICIENT \"\"own_component_8\"\" \"61\" seconds \"0.036603\n"
"kernel 1 (localhost):"
"\"PAIR_MERGE_COEFFICIENT \"\"own_component_8\"\" \"63\" seconds \"0.011363\n"
"kernel 1 (localhost):"
"\"PAIR_MERGE_COEFFICIENT \"\"own_component_8\"\" \"65\" seconds \"0.009171\n"
"kernel 2 (localhost):"
"\"PAIR_MERGE_COEFFICIENT \"\"own_component_8\"\" \"64\" seconds \"0.009246\n"
"kernel 1 (localhost):"
"\"PAIR_MERGE_COEFFICIENT \"\"own_component_8\"\" \"66\" seconds \"0.023878\n"
"kernel 1 (localhost):"
"\"PAIR_MERGE_COEFFICIENT \"\"own_component_8\"\" \"68\" seconds \"0.020674\n"
"kernel 2 (localhost):"
"\"PAIR_MERGE_COEFFICIENT \"\"own_component_8\"\" \"67\" seconds \"0.140919\n"
"kernel 1 (localhost):"
"\"PAIR_MERGE_COEFFICIENT \"\"own_component_8\"\" \"69\" seconds \"0.154723\n"
"kernel 1 (localhost):"
"\"PAIR_MERGE_COEFFICIENT \"\"own_component_8\"\" \"71\" seconds \"0.014109\n"
"kernel 2 (localhost):"
"\"PAIR_MERGE_COEFFICIENT \"\"own_component_8\"\" \"70\" seconds \"0.096266\n"
"kernel 2 (localhost):"
"\"PAIR_MERGE_COEFFICIENT \"\"own_component_8\"\" \"73\" seconds \"0.116713\n"
"kernel 1 (localhost):"
"\"PAIR_MERGE_COEFFICIENT \"\"own_component_8\"\" \"72\" seconds \"0.15742\n"
"kernel 1 (localhost):"
"\"PAIR_MERGE_COEFFICIENT \"\"own_component_8\"\" \"75\" seconds \"0.011485\n"
"kernel 2 (localhost):"
"\"PAIR_MERGE_COEFFICIENT \"\"own_component_8\"\" \"74\" seconds \"0.055738\n"
"kernel 1 (localhost):"
"\"PAIR_MERGE_COEFFICIENT \"\"own_component_8\"\" \"76\" seconds \"0.10223\n"
"kernel 2 (localhost):"
"\"PAIR_MERGE_COEFFICIENT \"\"own_component_8\"\" \"77\" seconds \"0.108338\n"
"kernel 2 (localhost):"
"\"PAIR_MERGE_COEFFICIENT \"\"own_component_8\"\" \"79\" seconds \"0.038248\n"
"kernel 1 (localhost):"
"\"PAIR_MERGE_COEFFICIENT \"\"own_component_8\"\" \"78\" seconds \"0.075299\n"
"kernel 2 (localhost):"
"\"PAIR_MERGE_COEFFICIENT \"\"own_component_8\"\" \"80\" seconds \"0.002248\n"
"kernel 1 (localhost):"
"\"PAIR_MERGE_COEFFICIENT \"\"own_component_8\"\" \"81\" seconds \"0.008507\n"
"kernel 2 (localhost):"
"\"PAIR_MERGE_COEFFICIENT \"\"own_component_8\"\" \"82\" seconds \"0.006568\n"
"kernel 2 (localhost):"
"\"PAIR_MERGE_COEFFICIENT \"\"own_component_8\"\" \"84\" seconds \"0.000196\n"
"kernel 1 (localhost):"
"\"PAIR_MERGE_COEFFICIENT \"\"own_component_8\"\" \"83\" seconds \"0.006322\n"
"kernel 2 (localhost):"
"\"PAIR_MERGE_COEFFICIENT \"\"own_component_8\"\" \"85\" seconds \"0.080781\n"
"kernel 1 (localhost):"
"\"PAIR_MERGE_COEFFICIENT \"\"own_component_8\"\" \"86\" seconds \"0.092877\n"
"kernel 2 (localhost):"
"\"PAIR_MERGE_COEFFICIENT \"\"own_component_8\"\" \"87\" seconds \"0.110574\n"
"kernel 1 (localhost):"
"\"PAIR_MERGE_COEFFICIENT \"\"own_component_8\"\" \"88\" seconds \"0.103431\n"
"kernel 2 (localhost):"
"\"PAIR_MERGE_COEFFICIENT \"\"own_component_8\"\" \"89\" seconds \"0.120713\n"
"kernel 1 (localhost):"
"\"PAIR_MERGE_COEFFICIENT \"\"own_component_8\"\" \"90\" seconds \"0.136724\n"
"kernel 2 (localhost):"
"\"PAIR_MERGE_COEFFICIENT \"\"own_component_8\"\" \"91\" seconds \"0.104045\n"
"kernel 1 (localhost):"
"\"PAIR_MERGE_COEFFICIENT \"\"own_component_8\"\" \"92\" seconds \"0.127051\n"
"kernel 2 (localhost):"
"\"PAIR_MERGE_COEFFICIENT \"\"own_component_8\"\" \"93\" seconds \"0.137311\n"
"kernel 1 (localhost):"
"\"PAIR_MERGE_COEFFICIENT \"\"own_component_8\"\" \"94\" seconds \"0.161424\n"
"kernel 2 (localhost):"
"\"PAIR_MERGE_COEFFICIENT \"\"own_component_8\"\" \"95\" seconds \"0.07111\n"
"kernel 1 (localhost):"
"\"PAIR_MERGE_COEFFICIENT \"\"own_component_8\"\" \"96\" seconds \"0.090907\n"
"kernel 2 (localhost):"
"\"PAIR_MERGE_COEFFICIENT \"\"own_component_8\"\" \"97\" seconds \"0.157259\n"
"kernel 1 (localhost):"
"\"PAIR_MERGE_COEFFICIENT \"\"own_component_8\"\" \"98\" seconds \"0.175842\n"
"kernel 2 (localhost):"
"\"PAIR_MERGE_COEFFICIENT \"\"own_component_8\"\" \"99\" seconds \"0.089614\n"
"kernel 2 (localhost):"
"\"PAIR_MERGE_COEFFICIENT \"\"own_component_8\"\" \"100\" seconds \"0.082933\n"
"kernel 1 (localhost):"
"\"PAIR_MERGE_COEFFICIENT \"\"own_component_8\"\" \"101\" seconds \"0.150583\n"
"kernel 2 (localhost):"
"\"PAIR_MERGE_COEFFICIENT \"\"own_component_8\"\" \"102\" seconds \"0.14496\n"
"kernel 1 (localhost):"
"\"PAIR_MERGE_COEFFICIENT \"\"own_component_8\"\" \"103\" seconds \"0.158972\n"
"kernel 2 (localhost):"
"\"PAIR_MERGE_COEFFICIENT \"\"own_component_8\"\" \"104\" seconds \"0.15951\n"
"kernel 1 (localhost):"
"\"PAIR_MERGE_COEFFICIENT \"\"own_component_8\"\" \"105\" seconds \"0.097281\n"
"kernel 2 (localhost):"
"\"PAIR_MERGE_COEFFICIENT \"\"own_component_8\"\" \"106\" seconds \"0.160813\n"
"kernel 1 (localhost):"
"\"PAIR_MERGE_COEFFICIENT \"\"own_component_8\"\" \"107\" seconds \"0.143455\n"
"kernel 1 (localhost):"
"\"PAIR_MERGE_COEFFICIENT \"\"own_component_8\"\" \"109\" seconds \"0.06238\n"
"kernel 2 (localhost):"
"\"PAIR_MERGE_COEFFICIENT \"\"own_component_8\"\" \"108\" seconds \"0.110571\n"
"kernel 1 (localhost):"
"\"PAIR_MERGE_COEFFICIENT \"\"own_component_8\"\" \"110\" seconds \"0.107585\n"
"kernel 2 (localhost):"
"\"PAIR_MERGE_COEFFICIENT \"\"own_component_8\"\" \"111\" seconds \"0.101828\n"
"kernel 1 (localhost):"
"\"PAIR_MERGE_COEFFICIENT \"\"own_component_8\"\" \"112\" seconds \"0.110965\n"
"kernel 2 (localhost):"
"\"PAIR_MERGE_COEFFICIENT \"\"own_component_8\"\" \"113\" seconds \"0.070505\n"
"kernel 1 (localhost):"
"\"PAIR_MERGE_COEFFICIENT \"\"own_component_8\"\" \"114\" seconds \"0.044132\n"
"kernel 2 (localhost):"
"\"PAIR_MERGE_COEFFICIENT \"\"own_component_8\"\" \"115\" seconds \"0.086614\n"
"kernel 1 (localhost):"
"\"PAIR_MERGE_COEFFICIENT \"\"own_component_8\"\" \"116\" seconds \"0.143363\n"
"kernel 2 (localhost):"
"\"PAIR_MERGE_COEFFICIENT \"\"own_component_8\"\" \"117\" seconds \"0.158274\n"
"kernel 1 (localhost):"
"\"PAIR_MERGE_COEFFICIENT \"\"own_component_8\"\" \"118\" seconds \"0.185726\n"
"kernel 2 (localhost):"
"\"PAIR_MERGE_COEFFICIENT \"\"own_component_8\"\" \"119\" seconds \"0.111174\n"
"kernel 1 (localhost):"
"\"PAIR_MERGE_COEFFICIENT \"\"own_component_8\"\" \"120\" seconds \"0.090581\n"
"kernel 2 (localhost):"
"\"PAIR_MERGE_COEFFICIENT \"\"own_component_8\"\" \"121\" seconds \"0.09806\n"
"kernel 1 (localhost):"
"\"PAIR_MERGE_COEFFICIENT \"\"own_component_8\"\" \"122\" seconds \"0.117637\n"
"kernel 2 (localhost):"
"\"PAIR_MERGE_COEFFICIENT \"\"own_component_8\"\" \"123\" seconds \"0.114376\n"
"kernel 1 (localhost):"
"\"PAIR_MERGE_COEFFICIENT \"\"own_component_8\"\" \"124\" seconds \"0.12501\n"
"kernel 2 (localhost):"
"\"PAIR_MERGE_COEFFICIENT \"\"own_component_8\"\" \"125\" seconds \"0.15178\n"
"kernel 1 (localhost):"
"\"PAIR_MERGE_COEFFICIENT \"\"own_component_8\"\" \"126\" seconds \"0.108337\n"
"kernel 2 (localhost):"
"\"PAIR_MERGE_COEFFICIENT \"\"own_component_8\"\" \"127\" seconds \"0.13087\n"
"kernel 1 (localhost):"
"\"PAIR_MERGE_COEFFICIENT \"\"own_component_8\"\" \"128\" seconds \"0.156745\n"
"kernel 2 (localhost):"
"\"PAIR_MERGE_COEFFICIENT \"\"own_component_8\"\" \"129\" seconds \"0.153675\n"
"kernel 1 (localhost):"
"\"PAIR_MERGE_COEFFICIENT \"\"own_component_8\"\" \"130\" seconds \"0.088445\n"
"kernel 2 (localhost):"
"\"PAIR_MERGE_COEFFICIENT \"\"own_component_8\"\" \"131\" seconds \"0.101194\n"
"kernel 1 (localhost):"
"\"PAIR_MERGE_COEFFICIENT \"\"own_component_8\"\" \"132\" seconds \"0.152633\n"
"kernel 2 (localhost):"
"\"PAIR_MERGE_COEFFICIENT \"\"own_component_8\"\" \"133\" seconds \"0.189346\n"
"kernel 1 (localhost):"
"\"PAIR_MERGE_COEFFICIENT \"\"own_component_8\"\" \"134\" seconds \"0.093321\n"
"kernel 2 (localhost):"
"\"PAIR_MERGE_COEFFICIENT \"\"own_component_8\"\" \"135\" seconds \"0.025624\n"
"kernel 1 (localhost):"
"\"PAIR_MERGE_COEFFICIENT \"\"own_component_8\"\" \"136\" seconds \"0.085615\n"
"kernel 2 (localhost):"
"\"PAIR_MERGE_COEFFICIENT \"\"own_component_8\"\" \"137\" seconds \"0.092466\n"
"kernel 1 (localhost):"
"\"PAIR_MERGE_COEFFICIENT \"\"own_component_8\"\" \"138\" seconds \"0.103222\n"
"kernel 2 (localhost):"
"\"PAIR_MERGE_COEFFICIENT \"\"own_component_8\"\" \"139\" seconds \"0.074088\n"
"kernel 1 (localhost):"
"\"PAIR_MERGE_COEFFICIENT \"\"own_component_8\"\" \"140\" seconds \"0.022088\n"
"kernel 2 (localhost):"
"\"PAIR_MERGE_COEFFICIENT \"\"own_component_8\"\" \"141\" seconds \"0.065403\n"
"kernel 1 (localhost):"
"\"PAIR_MERGE_COEFFICIENT \"\"own_component_8\"\" \"142\" seconds \"0.062699\n"
"kernel 2 (localhost):"
"\"PAIR_MERGE_COEFFICIENT \"\"own_component_8\"\" \"143\" seconds \"0.067987\n"
"kernel 1 (localhost):"
"\"PAIR_MERGE_COEFFICIENT \"\"own_component_8\"\" \"144\" seconds \"0.04416\n"
"kernel 2 (localhost):"
"\"PAIR_MERGE_COEFFICIENT \"\"own_component_8\"\" \"145\" seconds \"0.022958\n"
"kernel 1 (localhost):"
"\"PAIR_MERGE_COEFFICIENT \"\"own_component_8\"\" \"146\" seconds \"0.077107\n"
"kernel 2 (localhost):"
"\"PAIR_MERGE_COEFFICIENT \"\"own_component_8\"\" \"147\" seconds \"0.093344\n"
"kernel 1 (localhost):"
"\"PAIR_MERGE_COEFFICIENT \"\"own_component_8\"\" \"148\" seconds \"0.166917\n"
"kernel 2 (localhost):"
"\"PAIR_MERGE_COEFFICIENT \"\"own_component_8\"\" \"149\" seconds \"0.141638\n"
"kernel 2 (localhost):"
"\"PAIR_MERGE_COEFFICIENT \"\"own_component_8\"\" \"151\" seconds \"0.142771\n"
"kernel 1 (localhost):"
"\"PAIR_MERGE_COEFFICIENT \"\"own_component_8\"\" \"150\" seconds \"0.173699\n"
"kernel 2 (localhost):"
"\"PAIR_MERGE_COEFFICIENT \"\"own_component_8\"\" \"153\" seconds \"0.108515\n"
"kernel 1 (localhost):"
"\"PAIR_MERGE_COEFFICIENT \"\"own_component_8\"\" \"152\" seconds \"0.134927\n"
"kernel 1 (localhost):"
"\"PAIR_MERGE_COEFFICIENT \"\"own_component_8\"\" \"155\" seconds \"0.086736\n"
"kernel 2 (localhost):"
"\"PAIR_MERGE_COEFFICIENT \"\"own_component_8\"\" \"154\" seconds \"0.113417\n"
"kernel 1 (localhost):"
"\"PAIR_MERGE_COEFFICIENT \"\"own_component_8\"\" \"156\" seconds \"0.088565\n"
"kernel 2 (localhost):"
"\"PAIR_MERGE_COEFFICIENT \"\"own_component_8\"\" \"157\" seconds \"0.175178\n"
"kernel 1 (localhost):"
"\"PAIR_MERGE_COEFFICIENT \"\"own_component_8\"\" \"158\" seconds \"0.163658\n"
"kernel 2 (localhost):"
"\"PAIR_MERGE_COEFFICIENT \"\"own_component_8\"\" \"159\" seconds \"0.133864\n"
"kernel 1 (localhost):"
"\"PAIR_MERGE_COEFFICIENT \"\"own_component_8\"\" \"160\" seconds \"0.071981\n"
"kernel 2 (localhost):"
"\"PAIR_MERGE_COEFFICIENT \"\"own_component_8\"\" \"161\" seconds \"0.142562\n"
"kernel 1 (localhost):"
"\"PAIR_MERGE_COEFFICIENT \"\"own_component_8\"\" \"162\" seconds \"0.118787\n"
"kernel 2 (localhost):"
"\"PAIR_MERGE_COEFFICIENT \"\"own_component_8\"\" \"163\" seconds \"0.047311\n"
"kernel 2 (localhost):"
"\"PAIR_MERGE_COEFFICIENT \"\"own_component_8\"\" \"165\" seconds \"0.0163\n"
"kernel 1 (localhost):"
"\"PAIR_MERGE_COEFFICIENT \"\"own_component_8\"\" \"164\" seconds \"0.083771\n"
"kernel 2 (localhost):"
"\"PAIR_MERGE_COEFFICIENT \"\"own_component_8\"\" \"166\" seconds \"0.017688\n"
"kernel 1 (localhost):"
"\"PAIR_MERGE_COEFFICIENT \"\"own_component_8\"\" \"167\" seconds \"0.027019\n"
"kernel 2 (localhost):"
"\"PAIR_MERGE_COEFFICIENT \"\"own_component_8\"\" \"168\" seconds \"0.038219\n"
"kernel 1 (localhost):"
"\"PAIR_MERGE_COEFFICIENT \"\"own_component_8\"\" \"169\" seconds \"0.025018\n"
"kernel 2 (localhost):"
"\"PAIR_MERGE_COEFFICIENT \"\"own_component_8\"\" \"170\" seconds \"0.044664\n"
"kernel 1 (localhost):"
"\"PAIR_MERGE_COEFFICIENT \"\"own_component_8\"\" \"171\" seconds \"0.045323\n"
"kernel 2 (localhost):"
"\"PAIR_MERGE_COEFFICIENT \"\"own_component_8\"\" \"172\" seconds \"0.045727\n"
"kernel 1 (localhost):"
"\"PAIR_MERGE_COEFFICIENT \"\"own_component_8\"\" \"173\" seconds \"0.03516\n"
"kernel 2 (localhost):"
"\"PAIR_MERGE_COEFFICIENT \"\"own_component_8\"\" \"174\" seconds \"0.035635\n"
"kernel 1 (localhost):"
"\"PAIR_MERGE_COEFFICIENT \"\"own_component_8\"\" \"175\" seconds \"0.030649\n"
"kernel 2 (localhost):"
"\"PAIR_MERGE_COEFFICIENT \"\"own_component_8\"\" \"176\" seconds \"0.02638\n"
"kernel 1 (localhost):"
"\"PAIR_MERGE_COEFFICIENT \"\"own_component_8\"\" \"177\" seconds \"0.042673\n"
"kernel 2 (localhost):"
"\"PAIR_MERGE_COEFFICIENT \"\"own_component_8\"\" \"178\" seconds \"0.041833\n"
"kernel 1 (localhost):"
"\"PAIR_MERGE_COEFFICIENT \"\"own_component_8\"\" \"179\" seconds \"0.034744\n"
"kernel 2 (localhost):"
"\"PAIR_MERGE_COEFFICIENT \"\"own_component_8\"\" \"180\" seconds \"0.019714\n"
"kernel 1 (localhost):"
"\"PAIR_MERGE_COEFFICIENT \"\"own_component_8\"\" \"181\" seconds \"0.034535\n"
"kernel 2 (localhost):"
"\"PAIR_MERGE_COEFFICIENT \"\"own_component_8\"\" \"182\" seconds \"0.022264\n"
"kernel 1 (localhost):"
"\"PAIR_MERGE_COEFFICIENT \"\"own_component_8\"\" \"183\" seconds \"0.017526\n"
"kernel 1 (localhost):"
"\"PAIR_MERGE_COEFFICIENT \"\"own_component_8\"\" \"185\" seconds \"0.011258\n"
"kernel 2 (localhost):"
"\"PAIR_MERGE_COEFFICIENT \"\"own_component_8\"\" \"184\" seconds \"0.025114\n"
"kernel 1 (localhost):"
"\"PAIR_MERGE_COEFFICIENT \"\"own_component_8\"\" \"186\" seconds \"0.076945\n"
"kernel 2 (localhost):"
"\"PAIR_MERGE_COEFFICIENT \"\"own_component_8\"\" \"187\" seconds \"0.149191\n"
"kernel 1 (localhost):"
"\"PAIR_MERGE_COEFFICIENT \"\"own_component_8\"\" \"188\" seconds \"0.205824\n"
"kernel 2 (localhost):"
"\"PAIR_MERGE_COEFFICIENT \"\"own_component_8\"\" \"189\" seconds \"0.155543\n"
"kernel 2 (localhost):"
"\"PAIR_MERGE_COEFFICIENT \"\"own_component_8\"\" \"191\" seconds \"0.13045\n"
"kernel 1 (localhost):"
"\"PAIR_MERGE_COEFFICIENT \"\"own_component_8\"\" \"190\" seconds \"0.12228\n"
"kernel 2 (localhost):"
"\"PAIR_MERGE_COEFFICIENT \"\"own_component_8\"\" \"192\" seconds \"0.157828\n"
"kernel 1 (localhost):"
"\"PAIR_MERGE_COEFFICIENT \"\"own_component_8\"\" \"193\" seconds \"0.169678\n"
"kernel 2 (localhost):"
"\"PAIR_MERGE_COEFFICIENT \"\"own_component_8\"\" \"194\" seconds \"0.099628\n"
"kernel 1 (localhost):"
"\"PAIR_MERGE_COEFFICIENT \"\"own_component_8\"\" \"195\" seconds \"0.135705\n"
"kernel 2 (localhost):"
"\"PAIR_MERGE_COEFFICIENT \"\"own_component_8\"\" \"196\" seconds \"0.110672\n"
"kernel 1 (localhost):"
"\"PAIR_MERGE_COEFFICIENT \"\"own_component_8\"\" \"197\" seconds \"0.056492\n"
"kernel 1 (localhost):"
"\"PAIR_MERGE_COEFFICIENT \"\"own_component_8\"\" \"199\" seconds \"0.016109\n"
"kernel 1 (localhost):"
"\"PAIR_MERGE_COEFFICIENT \"\"own_component_8\"\" \"200\" seconds \"0.003307\n"
"kernel 1 (localhost):"
"\"PAIR_MERGE_COEFFICIENT \"\"own_component_8\"\" \"201\" seconds \"0.012938\n"
"kernel 2 (localhost):"
"\"PAIR_MERGE_COEFFICIENT \"\"own_component_8\"\" \"198\" seconds \"0.075202\n"
"kernel 1 (localhost):"
"\"PAIR_MERGE_COEFFICIENT \"\"own_component_8\"\" \"202\" seconds \"0.044807\n"
"kernel 2 (localhost):"
"\"PAIR_MERGE_COEFFICIENT \"\"own_component_8\"\" \"203\" seconds \"0.069674\n"
"kernel 1 (localhost):"
"\"PAIR_MERGE_COEFFICIENT \"\"own_component_8\"\" \"204\" seconds \"0.090796\n"
"kernel 2 (localhost):"
"\"PAIR_MERGE_COEFFICIENT \"\"own_component_8\"\" \"205\" seconds \"0.083866\n"
"kernel 1 (localhost):"
"\"PAIR_MERGE_COEFFICIENT \"\"own_component_8\"\" \"206\" seconds \"0.032667\n"
"kernel 2 (localhost):"
"\"PAIR_MERGE_COEFFICIENT \"\"own_component_8\"\" \"207\" seconds \"0.072535\n"
"kernel 1 (localhost):"
"\"PAIR_MERGE_COEFFICIENT \"\"own_component_8\"\" \"208\" seconds \"0.128037\n"
"kernel 2 (localhost):"
"\"PAIR_MERGE_COEFFICIENT \"\"own_component_8\"\" \"209\" seconds \"0.108771\n"
"kernel 1 (localhost):"
"\"PAIR_MERGE_COEFFICIENT \"\"own_component_8\"\" \"210\" seconds \"0.162165\n"
"kernel 2 (localhost):"
"\"PAIR_MERGE_COEFFICIENT \"\"own_component_8\"\" \"211\" seconds \"0.126289\n"
"kernel 1 (localhost):"
"\"PAIR_MERGE_COEFFICIENT \"\"own_component_8\"\" \"212\" seconds \"0.095607\n"
"kernel 2 (localhost):"
"\"PAIR_MERGE_COEFFICIENT \"\"own_component_8\"\" \"213\" seconds \"0.171163\n"
"kernel 2 (localhost):"
"\"PAIR_MERGE_COEFFICIENT \"\"own_component_8\"\" \"215\" seconds \"0.058744\n"
"kernel 1 (localhost):"
"\"PAIR_MERGE_COEFFICIENT \"\"own_component_8\"\" \"214\" seconds \"0.217409\n"
"kernel 2 (localhost):"
"\"PAIR_MERGE_COEFFICIENT \"\"own_component_8\"\" \"216\" seconds \"0.144938\n"
"kernel 2 (localhost):"
"\"PAIR_MERGE_COEFFICIENT \"\"own_component_8\"\" \"218\" seconds \"0.020023\n"
"kernel 1 (localhost):"
"\"PAIR_MERGE_COEFFICIENT \"\"own_component_8\"\" \"217\" seconds \"0.186445\n"
"kernel 2 (localhost):"
"\"PAIR_MERGE_COEFFICIENT \"\"own_component_8\"\" \"219\" seconds \"0.077574\n"
"kernel 2 (localhost):"
"\"PAIR_MERGE_COEFFICIENT \"\"own_component_8\"\" \"221\" seconds \"0.003611\n"
"kernel 2 (localhost):"
"\"PAIR_MERGE_COEFFICIENT \"\"own_component_8\"\" \"222\" seconds \"0.018585\n"
"kernel 2 (localhost):"
"\"PAIR_MERGE_COEFFICIENT \"\"own_component_8\"\" \"223\" seconds \"0.025776\n"
"kernel 1 (localhost):"
"\"PAIR_MERGE_COEFFICIENT \"\"own_component_8\"\" \"220\" seconds \"0.120998\n"
"kernel 2 (localhost):"
"\"PAIR_MERGE_COEFFICIENT \"\"own_component_8\"\" \"224\" seconds \"0.01597\n"
"kernel 2 (localhost):"
"\"PAIR_MERGE_COEFFICIENT \"\"own_component_8\"\" \"226\" seconds \"0.002728\n"
"kernel 1 (localhost):"
"\"PAIR_MERGE_COEFFICIENT \"\"own_component_8\"\" \"225\" seconds \"0.011816\n"
"kernel 1 (localhost):"
"\"PAIR_MERGE_COEFFICIENT \"\"own_component_8\"\" \"228\" seconds \"0.006792\n"
"kernel 2 (localhost):"
"\"PAIR_MERGE_COEFFICIENT \"\"own_component_8\"\" \"227\" seconds \"0.007145\n"
"kernel 2 (localhost):"
"\"PAIR_MERGE_COEFFICIENT \"\"own_component_8\"\" \"230\" seconds \"0.000097\n"
"kernel 1 (localhost):"
"\"PAIR_MERGE_COEFFICIENT \"\"own_component_8\"\" \"229\" seconds \"0.006009\n"
"kernel 2 (localhost):"
"\"PAIR_MERGE_COEFFICIENT \"\"own_component_8\"\" \"231\" seconds \"0.003963\n"
"kernel 1 (localhost):"
"\"PAIR_MERGE_COEFFICIENT \"\"own_component_8\"\" \"232\" seconds \"0.025134\n"
"kernel 2 (localhost):"
"\"PAIR_MERGE_COEFFICIENT \"\"own_component_8\"\" \"233\" seconds \"0.08544\n"
"kernel 1 (localhost):"
"\"PAIR_MERGE_COEFFICIENT \"\"own_component_8\"\" \"234\" seconds \"0.093896\n"
"kernel 1 (localhost):"
"\"PAIR_MERGE_COEFFICIENT \"\"own_component_8\"\" \"236\" seconds \"0.063354\n"
"kernel 2 (localhost):"
"\"PAIR_MERGE_COEFFICIENT \"\"own_component_8\"\" \"235\" seconds \"0.111482\n"
"kernel 1 (localhost):"
"\"PAIR_MERGE_COEFFICIENT \"\"own_component_8\"\" \"237\" seconds \"0.024878\n"
"kernel 2 (localhost):"
"\"PAIR_MERGE_COEFFICIENT \"\"own_component_8\"\" \"238\" seconds \"0.052965\n"
"kernel 1 (localhost):"
"\"PAIR_MERGE_COEFFICIENT \"\"own_component_8\"\" \"239\" seconds \"0.077301\n"
"kernel 2 (localhost):"
"\"PAIR_MERGE_COEFFICIENT \"\"own_component_8\"\" \"240\" seconds \"0.084046\n"
"kernel 1 (localhost):"
"\"PAIR_MERGE_COEFFICIENT \"\"own_component_8\"\" \"241\" seconds \"0.133522\n"
"kernel 2 (localhost):"
"\"PAIR_MERGE_COEFFICIENT \"\"own_component_8\"\" \"242\" seconds \"0.129591\n"
"kernel 1 (localhost):"
"\"PAIR_MERGE_COEFFICIENT \"\"own_component_8\"\" \"243\" seconds \"0.103702\n"
"kernel 2 (localhost):"
"\"PAIR_MERGE_COEFFICIENT \"\"own_component_8\"\" \"244\" seconds \"0.118156\n"
"kernel 1 (localhost):"
"\"PAIR_MERGE_COEFFICIENT \"\"own_component_8\"\" \"245\" seconds \"0.108773\n"
"kernel 1 (localhost):"
"\"PAIR_MERGE_COEFFICIENT \"\"own_component_8\"\" \"247\" seconds \"0.035669\n"
"kernel 2 (localhost):"
"\"PAIR_MERGE_COEFFICIENT \"\"own_component_8\"\" \"246\" seconds \"0.084518\n"
"kernel 1 (localhost):"
"\"PAIR_MERGE_COEFFICIENT \"\"own_component_8\"\" \"248\" seconds \"0.06278\n"
"kernel 2 (localhost):"
"\"PAIR_MERGE_COEFFICIENT \"\"own_component_8\"\" \"249\" seconds \"0.106029\n"
"kernel 1 (localhost):"
"\"PAIR_MERGE_COEFFICIENT \"\"own_component_8\"\" \"250\" seconds \"0.107787\n"
"kernel 1 (localhost):"
"\"PAIR_MERGE_COEFFICIENT \"\"own_component_8\"\" \"252\" seconds \"0.056873\n"
"kernel 2 (localhost):"
"\"PAIR_MERGE_COEFFICIENT \"\"own_component_8\"\" \"251\" seconds \"0.108584\n"
"kernel 2 (localhost):"
"\"PAIR_MERGE_COEFFICIENT \"\"own_component_8\"\" \"254\" seconds \"0.071135\n"
"kernel 1 (localhost):"
"\"PAIR_MERGE_COEFFICIENT \"\"own_component_8\"\" \"253\" seconds \"0.096932\n"
"kernel 2 (localhost):"
"\"PAIR_MERGE_COEFFICIENT \"\"own_component_8\"\" \"255\" seconds \"0.040509\n"
"kernel 2 (localhost):"
"\"PAIR_MERGE_COEFFICIENT \"\"own_component_8\"\" \"257\" seconds \"0.017811\n"
"kernel 1 (localhost):"
"\"PAIR_MERGE_COEFFICIENT \"\"own_component_8\"\" \"256\" seconds \"0.054977\n"
"kernel 2 (localhost):"
"\"PAIR_MERGE_COEFFICIENT \"\"own_component_8\"\" \"258\" seconds \"0.005089\n"
"kernel 1 (localhost):"
"\"PAIR_MERGE_COEFFICIENT \"\"own_component_8\"\" \"259\" seconds \"0.031184\n"
"kernel 2 (localhost):"
"\"PAIR_MERGE_COEFFICIENT \"\"own_component_8\"\" \"260\" seconds \"0.048422\n"
"kernel 1 (localhost):"
"\"PAIR_MERGE_COEFFICIENT \"\"own_component_8\"\" \"261\" seconds \"0.03198\n"
"kernel 2 (localhost):"
"\"PAIR_MERGE_COEFFICIENT \"\"own_component_8\"\" \"262\" seconds \"0.046563\n"
"kernel 1 (localhost):"
"\"PAIR_MERGE_COEFFICIENT \"\"own_component_8\"\" \"263\" seconds \"0.054309\n"
"kernel 2 (localhost):"
"\"PAIR_MERGE_COEFFICIENT \"\"own_component_8\"\" \"264\" seconds \"0.046521\n"
"kernel 1 (localhost):"
"\"PAIR_MERGE_COEFFICIENT \"\"own_component_8\"\" \"265\" seconds \"0.038807\n"
"kernel 2 (localhost):"
"\"PAIR_MERGE_COEFFICIENT \"\"own_component_8\"\" \"266\" seconds \"0.042464\n"
"kernel 1 (localhost):"
"\"PAIR_MERGE_COEFFICIENT \"\"own_component_8\"\" \"267\" seconds \"0.072414\n"
"kernel 2 (localhost):"
"\"PAIR_MERGE_COEFFICIENT \"\"own_component_8\"\" \"268\" seconds \"0.04272\n"
"kernel 1 (localhost):"
"\"PAIR_MERGE_COEFFICIENT \"\"own_component_8\"\" \"269\" seconds \"0.023565\n"
"kernel 2 (localhost):"
"\"PAIR_MERGE_COEFFICIENT \"\"own_component_8\"\" \"270\" seconds \"0.020871\n"
"kernel 2 (localhost):"
"\"PAIR_MERGE_COEFFICIENT \"\"own_component_8\"\" \"272\" seconds \"0.037581\n"
"kernel 1 (localhost):"
"\"PAIR_MERGE_COEFFICIENT \"\"own_component_8\"\" \"271\" seconds \"0.044755\n"
"kernel 1 (localhost):"
"\"PAIR_MERGE_COEFFICIENT \"\"own_component_8\"\" \"274\" seconds \"0.020576\n"
"kernel 2 (localhost):"
"\"PAIR_MERGE_COEFFICIENT \"\"own_component_8\"\" \"273\" seconds \"0.032862\n"
"kernel 1 (localhost):"
"\"PAIR_MERGE_COEFFICIENT \"\"own_component_8\"\" \"275\" seconds \"0.059652\n"
"kernel 2 (localhost):"
"\"PAIR_MERGE_COEFFICIENT \"\"own_component_8\"\" \"276\" seconds \"0.065646\n"
"kernel 1 (localhost):"
"\"PAIR_MERGE_COEFFICIENT \"\"own_component_8\"\" \"277\" seconds \"0.077124\n"
"kernel 2 (localhost):"
"\"PAIR_MERGE_COEFFICIENT \"\"own_component_8\"\" \"278\" seconds \"0.057733\n"
"kernel 1 (localhost):"
"\"PAIR_MERGE_COEFFICIENT \"\"own_component_8\"\" \"279\" seconds \"0.017879\n"
"kernel 2 (localhost):"
"\"PAIR_MERGE_COEFFICIENT \"\"own_component_8\"\" \"280\" seconds \"0.090202\n"
"kernel 1 (localhost):"
"\"PAIR_MERGE_COEFFICIENT \"\"own_component_8\"\" \"281\" seconds \"0.134613\n"
"kernel 2 (localhost):"
"\"PAIR_MERGE_COEFFICIENT \"\"own_component_8\"\" \"282\" seconds \"0.143539\n"
"kernel 1 (localhost):"
"\"PAIR_MERGE_COEFFICIENT \"\"own_component_8\"\" \"283\" seconds \"0.128365\n"
"kernel 1 (localhost):"
"\"PAIR_MERGE_COEFFICIENT \"\"own_component_8\"\" \"285\" seconds \"0.022328\n"
"kernel 2 (localhost):"
"\"PAIR_MERGE_COEFFICIENT \"\"own_component_8\"\" \"284\" seconds \"0.116269\n"
"kernel 1 (localhost):"
"\"PAIR_MERGE_COEFFICIENT \"\"own_component_8\"\" \"286\" seconds \"0.034099\n"
"kernel 2 (localhost):"
"\"PAIR_MERGE_COEFFICIENT \"\"own_component_8\"\" \"288\" seconds \"0.013773\n"
"kernel 1 (localhost):"
"\"PAIR_MERGE_COEFFICIENT \"\"own_component_8\"\" \"287\" seconds \"0.022042\n"
"kernel 2 (localhost):"
"\"PAIR_MERGE_COEFFICIENT \"\"own_component_8\"\" \"289\" seconds \"0.008392\n"
"kernel 1 (localhost):"
"\"PAIR_MERGE_COEFFICIENT \"\"own_component_8\"\" \"290\" seconds \"0.020905\n"
"kernel 2 (localhost):"
"\"PAIR_MERGE_COEFFICIENT \"\"own_component_8\"\" \"291\" seconds \"0.007962\n"
"kernel 2 (localhost):"
"\"PAIR_MERGE_COEFFICIENT \"\"own_component_8\"\" \"293\" seconds \"0.012806\n"
"kernel 1 (localhost):"
"\"PAIR_MERGE_COEFFICIENT \"\"own_component_8\"\" \"292\" seconds \"0.020299\n"
"kernel 2 (localhost):"
"\"PAIR_MERGE_COEFFICIENT \"\"own_component_8\"\" \"294\" seconds \"0.023207\n"
"kernel 1 (localhost):"
"\"PAIR_MERGE_COEFFICIENT \"\"own_component_8\"\" \"295\" seconds \"0.02114\n"
"kernel 1 (localhost):"
"\"PAIR_MERGE_COEFFICIENT \"\"own_component_8\"\" \"297\" seconds \"0.007293\n"
"kernel 2 (localhost):"
"\"PAIR_MERGE_COEFFICIENT \"\"own_component_8\"\" \"296\" seconds \"0.021229\n"
"kernel 1 (localhost):"
"\"PAIR_MERGE_COEFFICIENT \"\"own_component_8\"\" \"298\" seconds \"0.009894\n"
"kernel 2 (localhost):"
"\"PAIR_MERGE_COEFFICIENT \"\"own_component_8\"\" \"299\" seconds \"0.013329\n"
"kernel 1 (localhost):"
"\"PAIR_MERGE_COEFFICIENT \"\"own_component_8\"\" \"300\" seconds \"0.014591\n"
"kernel 2 (localhost):"
"\"PAIR_MERGE_COEFFICIENT \"\"own_component_8\"\" \"301\" seconds \"0.004148\n"
"kernel 1 (localhost):"
"\"PAIR_MERGE_COEFFICIENT \"\"own_component_8\"\" \"302\" seconds \"0.00845\n"
"kernel 2 (localhost):"
"\"PAIR_MERGE_COEFFICIENT \"\"own_component_8\"\" \"303\" seconds \"0.021939\n"
"kernel 1 (localhost):"
"\"PAIR_MERGE_COEFFICIENT \"\"own_component_8\"\" \"304\" seconds \"0.022076\n"
"kernel 2 (localhost):"
"\"PAIR_MERGE_COEFFICIENT \"\"own_component_8\"\" \"305\" seconds \"0.018565\n"
"kernel 1 (localhost):"
"\"PAIR_MERGE_COEFFICIENT \"\"own_component_8\"\" \"306\" seconds \"0.022866\n"
"kernel 1 (localhost):"
"\"PAIR_MERGE_COEFFICIENT \"\"own_component_8\"\" \"308\" seconds \"0.002356\n"
"kernel 2 (localhost):"
"\"PAIR_MERGE_COEFFICIENT \"\"own_component_8\"\" \"307\" seconds \"0.021083\n"
"kernel 1 (localhost):"
"\"PAIR_MERGE_COEFFICIENT \"\"own_component_8\"\" \"309\" seconds \"0.005602\n"
"kernel 2 (localhost):"
"\"PAIR_MERGE_COEFFICIENT \"\"own_component_8\"\" \"310\" seconds \"0.010477\n"
"kernel 1 (localhost):"
"\"PAIR_MERGE_COEFFICIENT \"\"own_component_8\"\" \"311\" seconds \"0.009949\n"
"kernel 2 (localhost):"
"\"PAIR_MERGE_COEFFICIENT \"\"own_component_8\"\" \"312\" seconds \"0.013314\n"
"kernel 2 (localhost):"
"\"PAIR_MERGE_COEFFICIENT \"\"own_component_8\"\" \"314\" seconds \"0.010508\n"
"kernel 1 (localhost):"
"\"PAIR_MERGE_COEFFICIENT \"\"own_component_8\"\" \"313\" seconds \"0.020557\n"
"kernel 2 (localhost):"
"\"PAIR_MERGE_COEFFICIENT \"\"own_component_8\"\" \"315\" seconds \"0.018586\n"
"kernel 1 (localhost):"
"\"PAIR_MERGE_COEFFICIENT \"\"own_component_8\"\" \"316\" seconds \"0.009375\n"
"kernel 1 (localhost):"
"\"PAIR_MERGE_COEFFICIENT \"\"own_component_8\"\" \"318\" seconds \"0.002975\n"
"kernel 2 (localhost):"
"\"PAIR_MERGE_COEFFICIENT \"\"own_component_8\"\" \"317\" seconds \"0.006415\n"
"kernel 1 (localhost):"
"\"PAIR_MERGE_COEFFICIENT \"\"own_component_8\"\" \"319\" seconds \"0.010293\n"
"kernel 2 (localhost):"
"\"PAIR_MERGE_COEFFICIENT \"\"own_component_8\"\" \"320\" seconds \"0.009269\n"
"LOCAL_MERGE_DONE ""own_component_8"" seconds "26.181019" memory "409253536
"LOCAL_COMPLETE_OWN_MERGE_ACCEPTED"
"LOCAL_MERGE_GROUP_READ ""component_98_group_0001.wl"" memory "181545064
"LOCAL_MERGE_GROUP_READ ""component_98_group_0002.wl"" memory "182749320
"LOCAL_MERGE_GROUP_READ ""component_98_group_0003.wl"" memory "189845888
"LOCAL_MERGE_GROUP_READ ""component_98_group_0004.wl"" memory "320249184
"LOCAL_MERGE_GROUP_READ ""component_98_group_0005.wl"" memory "461834280
"LOCAL_MERGE_GROUP_READ ""component_98_group_0006.wl"" memory "465377728
"LOCAL_MERGE_GROUP_READ ""component_98_group_0007.wl"" memory "468481536
"LOCAL_MERGE_GROUP_READ ""component_98_group_0008.wl"" memory "471585600
"LOCAL_MERGE_GROUP_READ ""component_98_group_0009.wl"" memory "475129336
"LOCAL_MERGE_GROUP_READ ""component_98_group_0010.wl"" memory "500646752
"LOCAL_MERGE_GROUP_READ ""component_98_group_0011.wl"" memory "524993336
"LOCAL_MERGE_GROUP_READ ""component_98_group_0012.wl"" memory "543826288
"LOCAL_MERGE_GROUP_READ ""component_98_group_0013.wl"" memory "564823584
"LOCAL_MERGE_GROUP_READ ""component_98_group_0014.wl"" memory "590344632
"LOCAL_MERGE_GROUP_READ ""component_98_group_0015.wl"" memory "611341496
"LOCAL_MERGE_GROUP_READ ""component_98_group_0016.wl"" memory "630175624
"LOCAL_MERGE_GROUP_READ ""component_98_group_0017.wl"" memory "654525256
"LOCAL_MERGE_GROUP_READ ""component_98_group_0018.wl"" memory "663086664
"LOCAL_MERGE_GROUP_READ ""component_98_group_0019.wl"" memory "671649600
"LOCAL_MERGE_GROUP_READ ""component_98_group_0020.wl"" memory "764057720
"LOCAL_MERGE_GROUP_READ ""component_98_group_0021.wl"" memory "901210800
"LOCAL_MERGE_GROUP_READ ""component_98_group_0022.wl"" memory "1038358032
"LOCAL_MERGE_GROUP_READ ""component_98_group_0023.wl"" memory "1129586280
"LOCAL_MERGE_GROUP_READ ""component_98_group_0024.wl"" memory "1139999248
"LOCAL_MERGE_GROUP_READ ""component_98_group_0025.wl"" memory "1150413208
"LOCAL_MERGE_GROUP_READ ""component_98_group_0026.wl"" memory "1204925080
"LOCAL_MERGE_GROUP_READ ""component_98_group_0027.wl"" memory "1259436256
"LOCAL_MERGE_GROUP_READ ""component_98_group_0028.wl"" memory "1367136248
"LOCAL_MERGE_GROUP_READ ""component_98_group_0029.wl"" memory "1474829296
"LOCAL_MERGE_GROUP_READ ""component_98_group_0030.wl"" memory "1609222088
"LOCAL_MERGE_GROUP_READ ""component_98_group_0031.wl"" memory "1743611656
"LOCAL_MERGE_GROUP_READ ""component_98_group_0032.wl"" memory "1910759272
"LOCAL_MERGE_GROUP_READ ""component_98_group_0033.wl"" memory "2077901976
"LOCAL_MERGE_GROUP_READ ""component_98_group_0034.wl"" memory "2170288288
"LOCAL_MERGE_GROUP_READ ""component_98_group_0035.wl"" memory "2180694896
"LOCAL_MERGE_GROUP_READ ""component_98_group_0036.wl"" memory "2191102600
"LOCAL_MERGE_BEGIN ""metric_component_98"" keys "249" input_bytes "2458465432" memory "2191152552
"kernel 1 (localhost):"
"\"PAIR_MERGE_COEFFICIENT \"\"metric_component_98\"\" \"1\" seconds \"0.085841\n"
"kernel 2 (localhost):"
"\"PAIR_MERGE_COEFFICIENT \"\"metric_component_98\"\" \"2\" seconds \"0.11888\n"
"kernel 1 (localhost):"
"\"PAIR_MERGE_COEFFICIENT \"\"metric_component_98\"\" \"3\" seconds \"0.186239\n"
"kernel 2 (localhost):"
"\"PAIR_MERGE_COEFFICIENT \"\"metric_component_98\"\" \"4\" seconds \"17.634993\n"
"kernel 1 (localhost):"
"\"PAIR_MERGE_COEFFICIENT \"\"metric_component_98\"\" \"5\" seconds \"18.312961\n"
"kernel 1 (localhost):"
"\"PAIR_MERGE_COEFFICIENT \"\"metric_component_98\"\" \"7\" seconds \"1.811078\n"
"kernel 1 (localhost):"
"\"PAIR_MERGE_COEFFICIENT \"\"metric_component_98\"\" \"8\" seconds \"1.370193\n"
"kernel 1 (localhost):"
"\"PAIR_MERGE_COEFFICIENT \"\"metric_component_98\"\" \"9\" seconds \"1.472182\n"
"kernel 2 (localhost):"
"\"PAIR_MERGE_COEFFICIENT \"\"metric_component_98\"\" \"6\" seconds \"15.839268\n"
"kernel 1 (localhost):"
"\"PAIR_MERGE_COEFFICIENT \"\"metric_component_98\"\" \"10\" seconds \"22.928373\n"
"kernel 2 (localhost):"
"\"PAIR_MERGE_COEFFICIENT \"\"metric_component_98\"\" \"11\" seconds \"16.251125\n"
"kernel 1 (localhost):"
"\"PAIR_MERGE_COEFFICIENT \"\"metric_component_98\"\" \"12\" seconds \"18.550273\n"
"kernel 2 (localhost):"
"\"PAIR_MERGE_COEFFICIENT \"\"metric_component_98\"\" \"13\" seconds \"18.953542\n"
"kernel 1 (localhost):"
"\"PAIR_MERGE_COEFFICIENT \"\"metric_component_98\"\" \"14\" seconds \"19.341899\n"
"kernel 2 (localhost):"
"\"PAIR_MERGE_COEFFICIENT \"\"metric_component_98\"\" \"15\" seconds \"20.366633\n"
"kernel 1 (localhost):"
"\"PAIR_MERGE_COEFFICIENT \"\"metric_component_98\"\" \"16\" seconds \"11.030798\n"
"kernel 2 (localhost):"
"\"PAIR_MERGE_COEFFICIENT \"\"metric_component_98\"\" \"17\" seconds \"13.746128\n"
"kernel 2 (localhost):"
"\"PAIR_MERGE_COEFFICIENT \"\"metric_component_98\"\" \"19\" seconds \"5.523363\n"
"kernel 1 (localhost):"
"\"PAIR_MERGE_COEFFICIENT \"\"metric_component_98\"\" \"18\" seconds \"13.139515\n"
"kernel 2 (localhost):"
"\"PAIR_MERGE_COEFFICIENT \"\"metric_component_98\"\" \"20\" seconds \"8.179345\n"
"kernel 1 (localhost):"
"\"PAIR_MERGE_COEFFICIENT \"\"metric_component_98\"\" \"21\" seconds \"13.597847\n"
"kernel 2 (localhost):"
"\"PAIR_MERGE_COEFFICIENT \"\"metric_component_98\"\" \"22\" seconds \"8.363059\n"
"kernel 1 (localhost):"
"\"PAIR_MERGE_COEFFICIENT \"\"metric_component_98\"\" \"23\" seconds \"15.995002\n"
"kernel 2 (localhost):"
"\"PAIR_MERGE_COEFFICIENT \"\"metric_component_98\"\" \"24\" seconds \"17.824983\n"
"kernel 1 (localhost):"
"\"PAIR_MERGE_COEFFICIENT \"\"metric_component_98\"\" \"25\" seconds \"6.830107\n"
"kernel 2 (localhost):"
"\"PAIR_MERGE_COEFFICIENT \"\"metric_component_98\"\" \"26\" seconds \"13.478073\n"
"kernel 1 (localhost):"
"\"PAIR_MERGE_COEFFICIENT \"\"metric_component_98\"\" \"27\" seconds \"16.70876\n"
"kernel 1 (localhost):"
"\"PAIR_MERGE_COEFFICIENT \"\"metric_component_98\"\" \"29\" seconds \"1.630324\n"
"kernel 1 (localhost):"
"\"PAIR_MERGE_COEFFICIENT \"\"metric_component_98\"\" \"30\" seconds \"5.475562\n"
"kernel 2 (localhost):"
"\"PAIR_MERGE_COEFFICIENT \"\"metric_component_98\"\" \"28\" seconds \"27.94834\n"
"kernel 1 (localhost):"
"\"PAIR_MERGE_COEFFICIENT \"\"metric_component_98\"\" \"31\" seconds \"10.75308\n"
"kernel 1 (localhost):"
"\"PAIR_MERGE_COEFFICIENT \"\"metric_component_98\"\" \"33\" seconds \"14.175697\n"
"kernel 2 (localhost):"
"\"PAIR_MERGE_COEFFICIENT \"\"metric_component_98\"\" \"32\" seconds \"16.149383\n"
"kernel 1 (localhost):"
"\"PAIR_MERGE_COEFFICIENT \"\"metric_component_98\"\" \"34\" seconds \"13.135619\n"
"kernel 2 (localhost):"
"\"PAIR_MERGE_COEFFICIENT \"\"metric_component_98\"\" \"35\" seconds \"18.050849\n"
"kernel 1 (localhost):"
"\"PAIR_MERGE_COEFFICIENT \"\"metric_component_98\"\" \"36\" seconds \"16.419854\n"
"kernel 2 (localhost):"
"\"PAIR_MERGE_COEFFICIENT \"\"metric_component_98\"\" \"37\" seconds \"16.186499\n"
"kernel 1 (localhost):"
"\"PAIR_MERGE_COEFFICIENT \"\"metric_component_98\"\" \"38\" seconds \"17.905831\n"
"kernel 2 (localhost):"
"\"PAIR_MERGE_COEFFICIENT \"\"metric_component_98\"\" \"39\" seconds \"17.740834\n"
"kernel 1 (localhost):"
"\"PAIR_MERGE_COEFFICIENT \"\"metric_component_98\"\" \"40\" seconds \"17.297032\n"
"kernel 2 (localhost):"
"\"PAIR_MERGE_COEFFICIENT \"\"metric_component_98\"\" \"41\" seconds \"16.061553\n"
"kernel 1 (localhost):"
"\"PAIR_MERGE_COEFFICIENT \"\"metric_component_98\"\" \"42\" seconds \"20.327294\n"
"kernel 2 (localhost):"
"\"PAIR_MERGE_COEFFICIENT \"\"metric_component_98\"\" \"43\" seconds \"12.032088\n"
"kernel 1 (localhost):"
"\"PAIR_MERGE_COEFFICIENT \"\"metric_component_98\"\" \"44\" seconds \"4.550908\n"
"kernel 2 (localhost):"
"\"PAIR_MERGE_COEFFICIENT \"\"metric_component_98\"\" \"45\" seconds \"6.895103\n"
"kernel 1 (localhost):"
"\"PAIR_MERGE_COEFFICIENT \"\"metric_component_98\"\" \"46\" seconds \"10.473687\n"
"kernel 2 (localhost):"
"\"PAIR_MERGE_COEFFICIENT \"\"metric_component_98\"\" \"47\" seconds \"6.527706\n"
"kernel 1 (localhost):"
"\"PAIR_MERGE_COEFFICIENT \"\"metric_component_98\"\" \"48\" seconds \"3.194772\n"
"kernel 2 (localhost):"
"\"PAIR_MERGE_COEFFICIENT \"\"metric_component_98\"\" \"49\" seconds \"12.617876\n"
"kernel 1 (localhost):"
"\"PAIR_MERGE_COEFFICIENT \"\"metric_component_98\"\" \"50\" seconds \"17.823858\n"
"kernel 2 (localhost):"
"\"PAIR_MERGE_COEFFICIENT \"\"metric_component_98\"\" \"51\" seconds \"16.51409\n"
"kernel 1 (localhost):"
"\"PAIR_MERGE_COEFFICIENT \"\"metric_component_98\"\" \"52\" seconds \"16.38908\n"
"kernel 2 (localhost):"
"\"PAIR_MERGE_COEFFICIENT \"\"metric_component_98\"\" \"53\" seconds \"18.736279\n"
"kernel 1 (localhost):"
"\"PAIR_MERGE_COEFFICIENT \"\"metric_component_98\"\" \"54\" seconds \"18.6308\n"
"kernel 2 (localhost):"
"\"PAIR_MERGE_COEFFICIENT \"\"metric_component_98\"\" \"55\" seconds \"19.66274\n"
"kernel 1 (localhost):"
"\"PAIR_MERGE_COEFFICIENT \"\"metric_component_98\"\" \"56\" seconds \"17.302203\n"
"kernel 2 (localhost):"
"\"PAIR_MERGE_COEFFICIENT \"\"metric_component_98\"\" \"57\" seconds \"22.60841\n"
"kernel 1 (localhost):"
"\"PAIR_MERGE_COEFFICIENT \"\"metric_component_98\"\" \"58\" seconds \"13.261516\n"
"kernel 2 (localhost):"
"\"PAIR_MERGE_COEFFICIENT \"\"metric_component_98\"\" \"59\" seconds \"4.697224\n"
"kernel 1 (localhost):"
"\"PAIR_MERGE_COEFFICIENT \"\"metric_component_98\"\" \"60\" seconds \"7.444235\n"
"kernel 2 (localhost):"
"\"PAIR_MERGE_COEFFICIENT \"\"metric_component_98\"\" \"61\" seconds \"10.808388\n"
"kernel 1 (localhost):"
"\"PAIR_MERGE_COEFFICIENT \"\"metric_component_98\"\" \"62\" seconds \"6.987274\n"
"kernel 2 (localhost):"
"\"PAIR_MERGE_COEFFICIENT \"\"metric_component_98\"\" \"63\" seconds \"3.213007\n"
"kernel 1 (localhost):"
"\"PAIR_MERGE_COEFFICIENT \"\"metric_component_98\"\" \"64\" seconds \"5.28334\n"
"kernel 2 (localhost):"
"\"PAIR_MERGE_COEFFICIENT \"\"metric_component_98\"\" \"65\" seconds \"7.776468\n"
"kernel 1 (localhost):"
"\"PAIR_MERGE_COEFFICIENT \"\"metric_component_98\"\" \"66\" seconds \"13.440346\n"
"kernel 2 (localhost):"
"\"PAIR_MERGE_COEFFICIENT \"\"metric_component_98\"\" \"67\" seconds \"8.111191\n"
"kernel 1 (localhost):"
"\"PAIR_MERGE_COEFFICIENT \"\"metric_component_98\"\" \"68\" seconds \"15.246093\n"
"kernel 2 (localhost):"
"\"PAIR_MERGE_COEFFICIENT \"\"metric_component_98\"\" \"69\" seconds \"17.588615\n"
"kernel 1 (localhost):"
"\"PAIR_MERGE_COEFFICIENT \"\"metric_component_98\"\" \"70\" seconds \"6.843524\n"
"kernel 2 (localhost):"
"\"PAIR_MERGE_COEFFICIENT \"\"metric_component_98\"\" \"71\" seconds \"13.313441\n"
"kernel 1 (localhost):"
"\"PAIR_MERGE_COEFFICIENT \"\"metric_component_98\"\" \"72\" seconds \"17.315249\n"
"kernel 1 (localhost):"
"\"PAIR_MERGE_COEFFICIENT \"\"metric_component_98\"\" \"74\" seconds \"1.754891\n"
"kernel 1 (localhost):"
"\"PAIR_MERGE_COEFFICIENT \"\"metric_component_98\"\" \"75\" seconds \"5.220346\n"
"kernel 2 (localhost):"
"\"PAIR_MERGE_COEFFICIENT \"\"metric_component_98\"\" \"73\" seconds \"28.178181\n"
"kernel 1 (localhost):"
"\"PAIR_MERGE_COEFFICIENT \"\"metric_component_98\"\" \"76\" seconds \"11.142527\n"
"kernel 1 (localhost):"
"\"PAIR_MERGE_COEFFICIENT \"\"metric_component_98\"\" \"78\" seconds \"10.434907\n"
"kernel 2 (localhost):"
"\"PAIR_MERGE_COEFFICIENT \"\"metric_component_98\"\" \"77\" seconds \"14.379303\n"
"kernel 1 (localhost):"
"\"PAIR_MERGE_COEFFICIENT \"\"metric_component_98\"\" \"79\" seconds \"5.057543\n"
"kernel 2 (localhost):"
"\"PAIR_MERGE_COEFFICIENT \"\"metric_component_98\"\" \"80\" seconds \"8.21697\n"
"kernel 1 (localhost):"
"\"PAIR_MERGE_COEFFICIENT \"\"metric_component_98\"\" \"81\" seconds \"11.281669\n"
"kernel 2 (localhost):"
"\"PAIR_MERGE_COEFFICIENT \"\"metric_component_98\"\" \"82\" seconds \"8.904811\n"
"kernel 1 (localhost):"
"\"PAIR_MERGE_COEFFICIENT \"\"metric_component_98\"\" \"83\" seconds \"12.966936\n"
"kernel 2 (localhost):"
"\"PAIR_MERGE_COEFFICIENT \"\"metric_component_98\"\" \"84\" seconds \"17.590849\n"
"kernel 1 (localhost):"
"\"PAIR_MERGE_COEFFICIENT \"\"metric_component_98\"\" \"85\" seconds \"6.534252\n"
"kernel 2 (localhost):"
"\"PAIR_MERGE_COEFFICIENT \"\"metric_component_98\"\" \"86\" seconds \"12.796965\n"
"kernel 1 (localhost):"
"\"PAIR_MERGE_COEFFICIENT \"\"metric_component_98\"\" \"87\" seconds \"16.989255\n"
"kernel 1 (localhost):"
"\"PAIR_MERGE_COEFFICIENT \"\"metric_component_98\"\" \"89\" seconds \"2.180803\n"
"kernel 1 (localhost):"
"\"PAIR_MERGE_COEFFICIENT \"\"metric_component_98\"\" \"90\" seconds \"6.689019\n"
"kernel 2 (localhost):"
"\"PAIR_MERGE_COEFFICIENT \"\"metric_component_98\"\" \"88\" seconds \"19.707066\n"
"kernel 1 (localhost):"
"\"PAIR_MERGE_COEFFICIENT \"\"metric_component_98\"\" \"91\" seconds \"12.180519\n"
"kernel 2 (localhost):"
"\"PAIR_MERGE_COEFFICIENT \"\"metric_component_98\"\" \"92\" seconds \"15.302779\n"
"kernel 1 (localhost):"
"\"PAIR_MERGE_COEFFICIENT \"\"metric_component_98\"\" \"93\" seconds \"11.016943\n"
"kernel 2 (localhost):"
"\"PAIR_MERGE_COEFFICIENT \"\"metric_component_98\"\" \"94\" seconds \"11.826582\n"
"kernel 1 (localhost):"
"\"PAIR_MERGE_COEFFICIENT \"\"metric_component_98\"\" \"95\" seconds \"10.32268\n"
"kernel 1 (localhost):"
"\"PAIR_MERGE_COEFFICIENT \"\"metric_component_98\"\" \"97\" seconds \"12.372489\n"
"kernel 2 (localhost):"
"\"PAIR_MERGE_COEFFICIENT \"\"metric_component_98\"\" \"96\" seconds \"18.634705\n"
"kernel 1 (localhost):"
"\"PAIR_MERGE_COEFFICIENT \"\"metric_component_98\"\" \"98\" seconds \"17.81824\n"
"kernel 2 (localhost):"
"\"PAIR_MERGE_COEFFICIENT \"\"metric_component_98\"\" \"99\" seconds \"15.08569\n"
"kernel 2 (localhost):"
"\"PAIR_MERGE_COEFFICIENT \"\"metric_component_98\"\" \"101\" seconds \"10.257098\n"
"kernel 1 (localhost):"
"\"PAIR_MERGE_COEFFICIENT \"\"metric_component_98\"\" \"100\" seconds \"14.91273\n"
"kernel 2 (localhost):"
"\"PAIR_MERGE_COEFFICIENT \"\"metric_component_98\"\" \"102\" seconds \"8.741906\n"
"kernel 1 (localhost):"
"\"PAIR_MERGE_COEFFICIENT \"\"metric_component_98\"\" \"103\" seconds \"12.465747\n"
"kernel 2 (localhost):"
"\"PAIR_MERGE_COEFFICIENT \"\"metric_component_98\"\" \"104\" seconds \"18.939992\n"
"kernel 1 (localhost):"
"\"PAIR_MERGE_COEFFICIENT \"\"metric_component_98\"\" \"105\" seconds \"19.353696\n"
"kernel 2 (localhost):"
"\"PAIR_MERGE_COEFFICIENT \"\"metric_component_98\"\" \"106\" seconds \"16.789706\n"
"kernel 1 (localhost):"
"\"PAIR_MERGE_COEFFICIENT \"\"metric_component_98\"\" \"107\" seconds \"18.757765\n"
"kernel 2 (localhost):"
"\"PAIR_MERGE_COEFFICIENT \"\"metric_component_98\"\" \"108\" seconds \"20.978463\n"
"kernel 1 (localhost):"
"\"PAIR_MERGE_COEFFICIENT \"\"metric_component_98\"\" \"109\" seconds \"15.351331\n"
"kernel 2 (localhost):"
"\"PAIR_MERGE_COEFFICIENT \"\"metric_component_98\"\" \"110\" seconds \"20.575781\n"
"kernel 1 (localhost):"
"\"PAIR_MERGE_COEFFICIENT \"\"metric_component_98\"\" \"111\" seconds \"18.031366\n"
"kernel 2 (localhost):"
"\"PAIR_MERGE_COEFFICIENT \"\"metric_component_98\"\" \"112\" seconds \"16.071367\n"
"kernel 1 (localhost):"
"\"PAIR_MERGE_COEFFICIENT \"\"metric_component_98\"\" \"113\" seconds \"8.068238\n"
"kernel 1 (localhost):"
"\"PAIR_MERGE_COEFFICIENT \"\"metric_component_98\"\" \"114\" seconds \"10.136313\n"
"kernel 2 (localhost):"
"\"PAIR_MERGE_COEFFICIENT \"\"metric_component_98\"\" \"115\" seconds \"14.133693\n"
"kernel 1 (localhost):"
"\"PAIR_MERGE_COEFFICIENT \"\"metric_component_98\"\" \"116\" seconds \"11.817172\n"
"kernel 2 (localhost):"
"\"PAIR_MERGE_COEFFICIENT \"\"metric_component_98\"\" \"117\" seconds \"10.426697\n"
"kernel 1 (localhost):"
"\"PAIR_MERGE_COEFFICIENT \"\"metric_component_98\"\" \"118\" seconds \"4.967455\n"
"kernel 2 (localhost):"
"\"PAIR_MERGE_COEFFICIENT \"\"metric_component_98\"\" \"119\" seconds \"11.234681\n"
"kernel 1 (localhost):"
"\"PAIR_MERGE_COEFFICIENT \"\"metric_component_98\"\" \"120\" seconds \"8.495814\n"
"kernel 1 (localhost):"
"\"PAIR_MERGE_COEFFICIENT \"\"metric_component_98\"\" \"122\" seconds \"9.020142\n"
"kernel 2 (localhost):"
"\"PAIR_MERGE_COEFFICIENT \"\"metric_component_98\"\" \"121\" seconds \"15.900467\n"
"kernel 2 (localhost):"
"\"PAIR_MERGE_COEFFICIENT \"\"metric_component_98\"\" \"124\" seconds \"6.410317\n"
"kernel 1 (localhost):"
"\"PAIR_MERGE_COEFFICIENT \"\"metric_component_98\"\" \"123\" seconds \"12.376061\n"
"kernel 1 (localhost):"
"\"PAIR_MERGE_COEFFICIENT \"\"metric_component_98\"\" \"126\" seconds \"1.981798\n"
"kernel 1 (localhost):"
"\"PAIR_MERGE_COEFFICIENT \"\"metric_component_98\"\" \"127\" seconds \"0.221566\n"
"kernel 1 (localhost):"
"\"PAIR_MERGE_COEFFICIENT \"\"metric_component_98\"\" \"128\" seconds \"1.654322\n"
"kernel 1 (localhost):"
"\"PAIR_MERGE_COEFFICIENT \"\"metric_component_98\"\" \"129\" seconds \"1.185002\n"
"kernel 1 (localhost):"
"\"PAIR_MERGE_COEFFICIENT \"\"metric_component_98\"\" \"130\" seconds \"1.284666\n"
"kernel 1 (localhost):"
"\"PAIR_MERGE_COEFFICIENT \"\"metric_component_98\"\" \"131\" seconds \"0.21432\n"
"kernel 2 (localhost):"
"\"PAIR_MERGE_COEFFICIENT \"\"metric_component_98\"\" \"125\" seconds \"6.825631\n"
"kernel 1 (localhost):"
"\"PAIR_MERGE_COEFFICIENT \"\"metric_component_98\"\" \"132\" seconds \"1.553599\n"
"kernel 2 (localhost):"
"\"PAIR_MERGE_COEFFICIENT \"\"metric_component_98\"\" \"133\" seconds \"1.172843\n"
"kernel 2 (localhost):"
"\"PAIR_MERGE_COEFFICIENT \"\"metric_component_98\"\" \"135\" seconds \"0.225579\n"
"kernel 1 (localhost):"
"\"PAIR_MERGE_COEFFICIENT \"\"metric_component_98\"\" \"134\" seconds \"1.257713\n"
"kernel 2 (localhost):"
"\"PAIR_MERGE_COEFFICIENT \"\"metric_component_98\"\" \"136\" seconds \"1.487483\n"
"kernel 1 (localhost):"
"\"PAIR_MERGE_COEFFICIENT \"\"metric_component_98\"\" \"137\" seconds \"1.224777\n"
"kernel 1 (localhost):"
"\"PAIR_MERGE_COEFFICIENT \"\"metric_component_98\"\" \"139\" seconds \"0.237975\n"
"kernel 2 (localhost):"
"\"PAIR_MERGE_COEFFICIENT \"\"metric_component_98\"\" \"138\" seconds \"1.367045\n"
"kernel 1 (localhost):"
"\"PAIR_MERGE_COEFFICIENT \"\"metric_component_98\"\" \"140\" seconds \"7.623191\n"
"kernel 2 (localhost):"
"\"PAIR_MERGE_COEFFICIENT \"\"metric_component_98\"\" \"141\" seconds \"14.56671\n"
"kernel 1 (localhost):"
"\"PAIR_MERGE_COEFFICIENT \"\"metric_component_98\"\" \"142\" seconds \"9.303135\n"
"kernel 2 (localhost):"
"\"PAIR_MERGE_COEFFICIENT \"\"metric_component_98\"\" \"143\" seconds \"6.016699\n"
"kernel 1 (localhost):"
"\"PAIR_MERGE_COEFFICIENT \"\"metric_component_98\"\" \"144\" seconds \"19.799713\n"
"kernel 2 (localhost):"
"\"PAIR_MERGE_COEFFICIENT \"\"metric_component_98\"\" \"145\" seconds \"24.354069\n"
"kernel 1 (localhost):"
"\"PAIR_MERGE_COEFFICIENT \"\"metric_component_98\"\" \"146\" seconds \"15.130863\n"
"kernel 2 (localhost):"
"\"PAIR_MERGE_COEFFICIENT \"\"metric_component_98\"\" \"147\" seconds \"20.134146\n"
"kernel 1 (localhost):"
"\"PAIR_MERGE_COEFFICIENT \"\"metric_component_98\"\" \"148\" seconds \"21.056989\n"
"kernel 2 (localhost):"
"\"PAIR_MERGE_COEFFICIENT \"\"metric_component_98\"\" \"149\" seconds \"13.037154\n"
"kernel 1 (localhost):"
"\"PAIR_MERGE_COEFFICIENT \"\"metric_component_98\"\" \"150\" seconds \"9.864408\n"
"kernel 2 (localhost):"
"\"PAIR_MERGE_COEFFICIENT \"\"metric_component_98\"\" \"151\" seconds \"19.281838\n"
"kernel 1 (localhost):"
"\"PAIR_MERGE_COEFFICIENT \"\"metric_component_98\"\" \"152\" seconds \"14.398531\n"
"kernel 2 (localhost):"
"\"PAIR_MERGE_COEFFICIENT \"\"metric_component_98\"\" \"153\" seconds \"18.657455\n"
"kernel 1 (localhost):"
"\"PAIR_MERGE_COEFFICIENT \"\"metric_component_98\"\" \"154\" seconds \"24.305744\n"
"kernel 2 (localhost):"
"\"PAIR_MERGE_COEFFICIENT \"\"metric_component_98\"\" \"155\" seconds \"9.166255\n"
"kernel 1 (localhost):"
"\"PAIR_MERGE_COEFFICIENT \"\"metric_component_98\"\" \"156\" seconds \"12.7436\n"
"kernel 2 (localhost):"
"\"PAIR_MERGE_COEFFICIENT \"\"metric_component_98\"\" \"157\" seconds \"20.306205\n"
"kernel 1 (localhost):"
"\"PAIR_MERGE_COEFFICIENT \"\"metric_component_98\"\" \"158\" seconds \"14.333693\n"
"kernel 1 (localhost):"
"\"PAIR_MERGE_COEFFICIENT \"\"metric_component_98\"\" \"160\" seconds \"0.239236\n"
"kernel 2 (localhost):"
"\"PAIR_MERGE_COEFFICIENT \"\"metric_component_98\"\" \"159\" seconds \"6.063583\n"
"kernel 1 (localhost):"
"\"PAIR_MERGE_COEFFICIENT \"\"metric_component_98\"\" \"161\" seconds \"0.212577\n"
"kernel 1 (localhost):"
"\"PAIR_MERGE_COEFFICIENT \"\"metric_component_98\"\" \"163\" seconds \"0.0533\n"
"kernel 2 (localhost):"
"\"PAIR_MERGE_COEFFICIENT \"\"metric_component_98\"\" \"162\" seconds \"0.113612\n"
"kernel 1 (localhost):"
"\"PAIR_MERGE_COEFFICIENT \"\"metric_component_98\"\" \"164\" seconds \"0.011671\n"
"kernel 1 (localhost):"
"\"PAIR_MERGE_COEFFICIENT \"\"metric_component_98\"\" \"165\" seconds \"0.219912\n"
"kernel 2 (localhost):"
"\"PAIR_MERGE_COEFFICIENT \"\"metric_component_98\"\" \"166\" seconds \"0.218308\n"
"kernel 2 (localhost):"
"\"PAIR_MERGE_COEFFICIENT \"\"metric_component_98\"\" \"168\" seconds \"0.04715\n"
"kernel 2 (localhost):"
"\"PAIR_MERGE_COEFFICIENT \"\"metric_component_98\"\" \"169\" seconds \"0.011662\n"
"kernel 1 (localhost):"
"\"PAIR_MERGE_COEFFICIENT \"\"metric_component_98\"\" \"167\" seconds \"0.111869\n"
"kernel 2 (localhost):"
"\"PAIR_MERGE_COEFFICIENT \"\"metric_component_98\"\" \"170\" seconds \"0.065961\n"
"kernel 1 (localhost):"
"\"PAIR_MERGE_COEFFICIENT \"\"metric_component_98\"\" \"171\" seconds \"4.534053\n"
"kernel 2 (localhost):"
"\"PAIR_MERGE_COEFFICIENT \"\"metric_component_98\"\" \"172\" seconds \"15.087665\n"
"kernel 1 (localhost):"
"\"PAIR_MERGE_COEFFICIENT \"\"metric_component_98\"\" \"173\" seconds \"17.619789\n"
"kernel 1 (localhost):"
"\"PAIR_MERGE_COEFFICIENT \"\"metric_component_98\"\" \"175\" seconds \"5.573684\n"
"kernel 1 (localhost):"
"\"PAIR_MERGE_COEFFICIENT \"\"metric_component_98\"\" \"176\" seconds \"0.07002\n"
"kernel 1 (localhost):"
"\"PAIR_MERGE_COEFFICIENT \"\"metric_component_98\"\" \"177\" seconds \"0.221328\n"
"kernel 2 (localhost):"
"\"PAIR_MERGE_COEFFICIENT \"\"metric_component_98\"\" \"174\" seconds \"13.233903\n"
"kernel 1 (localhost):"
"\"PAIR_MERGE_COEFFICIENT \"\"metric_component_98\"\" \"178\" seconds \"0.213346\n"
"kernel 1 (localhost):"
"\"PAIR_MERGE_COEFFICIENT \"\"metric_component_98\"\" \"180\" seconds \"0.048052\n"
"kernel 2 (localhost):"
"\"PAIR_MERGE_COEFFICIENT \"\"metric_component_98\"\" \"179\" seconds \"0.132221\n"
"kernel 1 (localhost):"
"\"PAIR_MERGE_COEFFICIENT \"\"metric_component_98\"\" \"181\" seconds \"1.081332\n"
"kernel 1 (localhost):"
"\"PAIR_MERGE_COEFFICIENT \"\"metric_component_98\"\" \"183\" seconds \"1.692186\n"
"kernel 2 (localhost):"
"\"PAIR_MERGE_COEFFICIENT \"\"metric_component_98\"\" \"182\" seconds \"3.857157\n"
"kernel 1 (localhost):"
"\"PAIR_MERGE_COEFFICIENT \"\"metric_component_98\"\" \"184\" seconds \"5.230539\n"
"kernel 2 (localhost):"
"\"PAIR_MERGE_COEFFICIENT \"\"metric_component_98\"\" \"185\" seconds \"4.479676\n"
"kernel 1 (localhost):"
"\"PAIR_MERGE_COEFFICIENT \"\"metric_component_98\"\" \"186\" seconds \"2.264767\n"
"kernel 2 (localhost):"
"\"PAIR_MERGE_COEFFICIENT \"\"metric_component_98\"\" \"187\" seconds \"4.350996\n"
"kernel 1 (localhost):"
"\"PAIR_MERGE_COEFFICIENT \"\"metric_component_98\"\" \"188\" seconds \"4.243434\n"
"kernel 1 (localhost):"
"\"PAIR_MERGE_COEFFICIENT \"\"metric_component_98\"\" \"190\" seconds \"1.987564\n"
"kernel 1 (localhost):"
"\"PAIR_MERGE_COEFFICIENT \"\"metric_component_98\"\" \"191\" seconds \"1.483132\n"
"kernel 2 (localhost):"
"\"PAIR_MERGE_COEFFICIENT \"\"metric_component_98\"\" \"189\" seconds \"4.358606\n"
"kernel 1 (localhost):"
"\"PAIR_MERGE_COEFFICIENT \"\"metric_component_98\"\" \"192\" seconds \"2.129745\n"
"kernel 2 (localhost):"
"\"PAIR_MERGE_COEFFICIENT \"\"metric_component_98\"\" \"193\" seconds \"2.959602\n"
"kernel 2 (localhost):"
"\"PAIR_MERGE_COEFFICIENT \"\"metric_component_98\"\" \"195\" seconds \"0.815273\n"
"kernel 1 (localhost):"
"\"PAIR_MERGE_COEFFICIENT \"\"metric_component_98\"\" \"194\" seconds \"2.481454\n"
"kernel 2 (localhost):"
"\"PAIR_MERGE_COEFFICIENT \"\"metric_component_98\"\" \"196\" seconds \"4.399533\n"
"kernel 1 (localhost):"
"\"PAIR_MERGE_COEFFICIENT \"\"metric_component_98\"\" \"197\" seconds \"15.133492\n"
"kernel 2 (localhost):"
"\"PAIR_MERGE_COEFFICIENT \"\"metric_component_98\"\" \"198\" seconds \"18.158427\n"
"kernel 2 (localhost):"
"\"PAIR_MERGE_COEFFICIENT \"\"metric_component_98\"\" \"200\" seconds \"5.840273\n"
"kernel 1 (localhost):"
"\"PAIR_MERGE_COEFFICIENT \"\"metric_component_98\"\" \"199\" seconds \"12.584601\n"
"kernel 2 (localhost):"
"\"PAIR_MERGE_COEFFICIENT \"\"metric_component_98\"\" \"201\" seconds \"1.083052\n"
"kernel 1 (localhost):"
"\"PAIR_MERGE_COEFFICIENT \"\"metric_component_98\"\" \"202\" seconds \"1.67654\n"
"kernel 2 (localhost):"
"\"PAIR_MERGE_COEFFICIENT \"\"metric_component_98\"\" \"203\" seconds \"2.244288\n"
"kernel 1 (localhost):"
"\"PAIR_MERGE_COEFFICIENT \"\"metric_component_98\"\" \"204\" seconds \"1.92643\n"
"kernel 2 (localhost):"
"\"PAIR_MERGE_COEFFICIENT \"\"metric_component_98\"\" \"205\" seconds \"0.841164\n"
"kernel 1 (localhost):"
"\"PAIR_MERGE_COEFFICIENT \"\"metric_component_98\"\" \"206\" seconds \"3.802795\n"
"kernel 2 (localhost):"
"\"PAIR_MERGE_COEFFICIENT \"\"metric_component_98\"\" \"207\" seconds \"4.103437\n"
"kernel 2 (localhost):"
"\"PAIR_MERGE_COEFFICIENT \"\"metric_component_98\"\" \"209\" seconds \"2.554359\n"
"kernel 1 (localhost):"
"\"PAIR_MERGE_COEFFICIENT \"\"metric_component_98\"\" \"208\" seconds \"4.56196\n"
"kernel 2 (localhost):"
"\"PAIR_MERGE_COEFFICIENT \"\"metric_component_98\"\" \"210\" seconds \"5.179845\n"
"kernel 1 (localhost):"
"\"PAIR_MERGE_COEFFICIENT \"\"metric_component_98\"\" \"211\" seconds \"4.275843\n"
"kernel 2 (localhost):"
"\"PAIR_MERGE_COEFFICIENT \"\"metric_component_98\"\" \"212\" seconds \"2.890626\n"
"kernel 2 (localhost):"
"\"PAIR_MERGE_COEFFICIENT \"\"metric_component_98\"\" \"214\" seconds \"2.153403\n"
"kernel 1 (localhost):"
"\"PAIR_MERGE_COEFFICIENT \"\"metric_component_98\"\" \"213\" seconds \"4.361429\n"
"kernel 1 (localhost):"
"\"PAIR_MERGE_COEFFICIENT \"\"metric_component_98\"\" \"216\" seconds \"0.556321\n"
"kernel 1 (localhost):"
"\"PAIR_MERGE_COEFFICIENT \"\"metric_component_98\"\" \"217\" seconds \"0.545222\n"
"kernel 1 (localhost):"
"\"PAIR_MERGE_COEFFICIENT \"\"metric_component_98\"\" \"218\" seconds \"0.377187\n"
"kernel 2 (localhost):"
"\"PAIR_MERGE_COEFFICIENT \"\"metric_component_98\"\" \"215\" seconds \"1.515253\n"
"kernel 1 (localhost):"
"\"PAIR_MERGE_COEFFICIENT \"\"metric_component_98\"\" \"219\" seconds \"0.083116\n"
"kernel 2 (localhost):"
"\"PAIR_MERGE_COEFFICIENT \"\"metric_component_98\"\" \"220\" seconds \"0.010769\n"
"kernel 1 (localhost):"
"\"PAIR_MERGE_COEFFICIENT \"\"metric_component_98\"\" \"221\" seconds \"0.015004\n"
"kernel 2 (localhost):"
"\"PAIR_MERGE_COEFFICIENT \"\"metric_component_98\"\" \"222\" seconds \"0.078639\n"
"kernel 1 (localhost):"
"\"PAIR_MERGE_COEFFICIENT \"\"metric_component_98\"\" \"223\" seconds \"0.372415\n"
"kernel 2 (localhost):"
"\"PAIR_MERGE_COEFFICIENT \"\"metric_component_98\"\" \"224\" seconds \"0.557096\n"
"kernel 2 (localhost):"
"\"PAIR_MERGE_COEFFICIENT \"\"metric_component_98\"\" \"226\" seconds \"0.33773\n"
"kernel 1 (localhost):"
"\"PAIR_MERGE_COEFFICIENT \"\"metric_component_98\"\" \"225\" seconds \"0.53043\n"
"kernel 2 (localhost):"
"\"PAIR_MERGE_COEFFICIENT \"\"metric_component_98\"\" \"227\" seconds \"0.327084\n"
"kernel 1 (localhost):"
"\"PAIR_MERGE_COEFFICIENT \"\"metric_component_98\"\" \"228\" seconds \"0.334149\n"
"kernel 1 (localhost):"
"\"PAIR_MERGE_COEFFICIENT \"\"metric_component_98\"\" \"230\" seconds \"0.161276\n"
"kernel 2 (localhost):"
"\"PAIR_MERGE_COEFFICIENT \"\"metric_component_98\"\" \"229\" seconds \"0.32838\n"
"kernel 1 (localhost):"
"\"PAIR_MERGE_COEFFICIENT \"\"metric_component_98\"\" \"231\" seconds \"0.155081\n"
"kernel 2 (localhost):"
"\"PAIR_MERGE_COEFFICIENT \"\"metric_component_98\"\" \"232\" seconds \"0.562751\n"
"kernel 1 (localhost):"
"\"PAIR_MERGE_COEFFICIENT \"\"metric_component_98\"\" \"233\" seconds \"0.58902\n"
"kernel 1 (localhost):"
"\"PAIR_MERGE_COEFFICIENT \"\"metric_component_98\"\" \"235\" seconds \"0.100779\n"
"kernel 1 (localhost):"
"\"PAIR_MERGE_COEFFICIENT \"\"metric_component_98\"\" \"236\" seconds \"0.159756\n"
"kernel 1 (localhost):"
"\"PAIR_MERGE_COEFFICIENT \"\"metric_component_98\"\" \"237\" seconds \"0.090198\n"
"kernel 2 (localhost):"
"\"PAIR_MERGE_COEFFICIENT \"\"metric_component_98\"\" \"234\" seconds \"0.446815\n"
"kernel 1 (localhost):"
"\"PAIR_MERGE_COEFFICIENT \"\"metric_component_98\"\" \"238\" seconds \"0.428395\n"
"kernel 2 (localhost):"
"\"PAIR_MERGE_COEFFICIENT \"\"metric_component_98\"\" \"239\" seconds \"0.611796\n"
"kernel 2 (localhost):"
"\"PAIR_MERGE_COEFFICIENT \"\"metric_component_98\"\" \"241\" seconds \"0.154488\n"
"kernel 2 (localhost):"
"\"PAIR_MERGE_COEFFICIENT \"\"metric_component_98\"\" \"242\" seconds \"0.063647\n"
"kernel 2 (localhost):"
"\"PAIR_MERGE_COEFFICIENT \"\"metric_component_98\"\" \"243\" seconds \"0.070039\n"
"kernel 1 (localhost):"
"\"PAIR_MERGE_COEFFICIENT \"\"metric_component_98\"\" \"240\" seconds \"0.549051\n"
"kernel 2 (localhost):"
"\"PAIR_MERGE_COEFFICIENT \"\"metric_component_98\"\" \"244\" seconds \"0.222433\n"
"kernel 2 (localhost):"
"\"PAIR_MERGE_COEFFICIENT \"\"metric_component_98\"\" \"246\" seconds \"0.122147\n"
"kernel 1 (localhost):"
"\"PAIR_MERGE_COEFFICIENT \"\"metric_component_98\"\" \"245\" seconds \"0.219695\n"
"kernel 1 (localhost):"
"\"PAIR_MERGE_COEFFICIENT \"\"metric_component_98\"\" \"248\" seconds \"0.010125\n"
"kernel 2 (localhost):"
"\"PAIR_MERGE_COEFFICIENT \"\"metric_component_98\"\" \"247\" seconds \"0.052683\n"
"kernel 1 (localhost):"
"\"PAIR_MERGE_COEFFICIENT \"\"metric_component_98\"\" \"249\" seconds \"0.0096\n"
"LOCAL_MERGE_DONE ""metric_component_98"" seconds "2329.642655" memory "3959674688
"PASS: local Hgg coefficient merge"
