MONITOR_START job=14692733 host=n7132 kernel_pid=51848
"PASS: ""unique common invariant solution"
"PASS: ""all defining equations reconstruct"
"PASS: ""cut propagators have their declared coordinates"
"PASS: ""uncut propagators are affine on both cuts"
"PASS: ""independent cut families exist"
"PASS: ""R01 independent full loop basis"
"PASS: ""R01 unique uncut coordinate map"
"PASS: ""R02 independent full loop basis"
"PASS: ""R02 unique uncut coordinate map"
"PASS: ""R03 independent full loop basis"
"PASS: ""R03 unique uncut coordinate map"
"PASS: ""R04 independent full loop basis"
"PASS: ""R04 unique uncut coordinate map"
"PASS: ""R05 independent full loop basis"
"PASS: ""R05 unique uncut coordinate map"
"PASS: ""R06 independent full loop basis"
"PASS: ""R06 unique uncut coordinate map"
"PASS: ""R07 independent full loop basis"
"PASS: ""R07 unique uncut coordinate map"
"PASS: ""R08 independent full loop basis"
"PASS: ""R08 unique uncut coordinate map"
"PASS: ""R09 independent full loop basis"
"PASS: ""R09 unique uncut coordinate map"
"PASS: ""R10 independent full loop basis"
"PASS: ""R10 unique uncut coordinate map"
"PASS: ""R11 independent full loop basis"
"PASS: ""R11 unique uncut coordinate map"
"PASS: ""R12 independent full loop basis"
"PASS: ""R12 unique uncut coordinate map"
"PASS: ""Hqq accepted byte-preserved import"
"PASS: ""Hqq input hash README.md"
"PASS: ""Hqq input hash AuxHgqBorn.wl"
"PASS: ""Hqq input hash AuxHqgBorn.wl"
"PASS: ""Hqq input hash Born.wl"
"PASS: ""Hqq input hash ChargeVertex.wl"
"PASS: ""Hqq input hash OtherChargeVertex.wl"
"PASS: ""Hqq input hash RealDistinct.wl"
"PASS: ""Hqq input hash RealQGG.wl"
"PASS: ""Hqq input hash RealSame.wl"
"PASS: ""Hqq input hash Virtual.wl"
"PASS: ""Hqq input hash s01_diagrams.wl"
"PASS: ""Hqq input hash s01_execution.json"
"PASS: ""Hqq input hash s01_generate_amplitudes.wl"
"PASS: ""Hqq input hash s01_result.wl"
"PASS: ""Hqq input hash s01_run.log"
"PASS: ""Hqq input hash s01_submission.json"
"PASS: ""Hqq input hash s02_born_and_projectors.wl"
"PASS: ""Hqq input hash s02_execution.json"
"PASS: ""Hqq input hash s02_result.wl"
"PASS: ""Hqq input hash s02_run.log"
"PASS: ""Hqq input hash s02_submission.json"
"PASS: ""Hqq input hash s03_RealDistinct_Charge0__Pg.wl"
"PASS: ""Hqq input hash s03_RealDistinct_Charge0__PhotonWard.wl"
"PASS: ""Hqq input hash s03_RealDistinct_Charge0__Ppp.wl"
"PASS: ""Hqq input hash s03_RealDistinct_Charge1__Pg.wl"
"PASS: ""Hqq input hash s03_RealDistinct_Charge1__PhotonWard.wl"
"PASS: ""Hqq input hash s03_RealDistinct_Charge1__Ppp.wl"
"PASS: ""Hqq input hash s03_RealDistinct_Charge2__Pg.wl"
"PASS: ""Hqq input hash s03_RealDistinct_Charge2__PhotonWard.wl"
"PASS: ""Hqq input hash s03_RealDistinct_Charge2__Ppp.wl"
"PASS: ""Hqq input hash s03_RealQGG_Charge0__GluonWard_k2.wl"
"PASS: ""Hqq input hash s03_RealQGG_Charge0__GluonWard_k3.wl"
"PASS: ""Hqq input hash s03_RealQGG_Charge0__Pg.wl"
"PASS: ""Hqq input hash s03_RealQGG_Charge0__PhotonWard.wl"
"PASS: ""Hqq input hash s03_RealQGG_Charge0__Ppp.wl"
"PASS: ""Hqq input hash s03_RealSame_Charge0__Pg.wl"
"PASS: ""Hqq input hash s03_RealSame_Charge0__PhotonWard.wl"
"PASS: ""Hqq input hash s03_RealSame_Charge0__Ppp.wl"
"PASS: ""Hqq input hash RealDistinct_Pg_1_1.wl"
"PASS: ""Hqq input hash RealDistinct_Pg_1_2.wl"
"PASS: ""Hqq input hash RealDistinct_Pg_1_3.wl"
"PASS: ""Hqq input hash RealDistinct_Pg_1_4.wl"
"PASS: ""Hqq input hash RealDistinct_Pg_2_2.wl"
"PASS: ""Hqq input hash RealDistinct_Pg_2_3.wl"
"PASS: ""Hqq input hash RealDistinct_Pg_2_4.wl"
"PASS: ""Hqq input hash RealDistinct_Pg_3_3.wl"
"PASS: ""Hqq input hash RealDistinct_Pg_3_4.wl"
"PASS: ""Hqq input hash RealDistinct_Pg_4_4.wl"
"PASS: ""Hqq input hash RealDistinct_PhotonWard_1_1.wl"
"PASS: ""Hqq input hash RealDistinct_PhotonWard_1_2.wl"
"PASS: ""Hqq input hash RealDistinct_PhotonWard_1_3.wl"
"PASS: ""Hqq input hash RealDistinct_PhotonWard_1_4.wl"
"PASS: ""Hqq input hash RealDistinct_PhotonWard_2_2.wl"
"PASS: ""Hqq input hash RealDistinct_PhotonWard_2_3.wl"
"PASS: ""Hqq input hash RealDistinct_PhotonWard_2_4.wl"
"PASS: ""Hqq input hash RealDistinct_PhotonWard_3_3.wl"
"PASS: ""Hqq input hash RealDistinct_PhotonWard_3_4.wl"
"PASS: ""Hqq input hash RealDistinct_PhotonWard_4_4.wl"
"PASS: ""Hqq input hash RealDistinct_Ppp_1_1.wl"
"PASS: ""Hqq input hash RealDistinct_Ppp_1_2.wl"
"PASS: ""Hqq input hash RealDistinct_Ppp_1_3.wl"
"PASS: ""Hqq input hash RealDistinct_Ppp_1_4.wl"
"PASS: ""Hqq input hash RealDistinct_Ppp_2_2.wl"
"PASS: ""Hqq input hash RealDistinct_Ppp_2_3.wl"
"PASS: ""Hqq input hash RealDistinct_Ppp_2_4.wl"
"PASS: ""Hqq input hash RealDistinct_Ppp_3_3.wl"
"PASS: ""Hqq input hash RealDistinct_Ppp_3_4.wl"
"PASS: ""Hqq input hash RealDistinct_Ppp_4_4.wl"
"PASS: ""Hqq input hash RealQGG_GluonWard_k2_1_1.wl"
"PASS: ""Hqq input hash RealQGG_GluonWard_k2_1_2.wl"
"PASS: ""Hqq input hash RealQGG_GluonWard_k2_1_3.wl"
"PASS: ""Hqq input hash RealQGG_GluonWard_k2_1_4.wl"
"PASS: ""Hqq input hash RealQGG_GluonWard_k2_1_5.wl"
"PASS: ""Hqq input hash RealQGG_GluonWard_k2_1_6.wl"
"PASS: ""Hqq input hash RealQGG_GluonWard_k2_1_7.wl"
"PASS: ""Hqq input hash RealQGG_GluonWard_k2_1_8.wl"
"PASS: ""Hqq input hash RealQGG_GluonWard_k2_2_2.wl"
"PASS: ""Hqq input hash RealQGG_GluonWard_k2_2_3.wl"
"PASS: ""Hqq input hash RealQGG_GluonWard_k2_2_4.wl"
"PASS: ""Hqq input hash RealQGG_GluonWard_k2_2_5.wl"
"PASS: ""Hqq input hash RealQGG_GluonWard_k2_2_6.wl"
"PASS: ""Hqq input hash RealQGG_GluonWard_k2_2_7.wl"
"PASS: ""Hqq input hash RealQGG_GluonWard_k2_2_8.wl"
"PASS: ""Hqq input hash RealQGG_GluonWard_k2_3_3.wl"
"PASS: ""Hqq input hash RealQGG_GluonWard_k2_3_4.wl"
"PASS: ""Hqq input hash RealQGG_GluonWard_k2_3_5.wl"
"PASS: ""Hqq input hash RealQGG_GluonWard_k2_3_6.wl"
"PASS: ""Hqq input hash RealQGG_GluonWard_k2_3_7.wl"
"PASS: ""Hqq input hash RealQGG_GluonWard_k2_3_8.wl"
"PASS: ""Hqq input hash RealQGG_GluonWard_k2_4_4.wl"
"PASS: ""Hqq input hash RealQGG_GluonWard_k2_4_5.wl"
"PASS: ""Hqq input hash RealQGG_GluonWard_k2_4_6.wl"
"PASS: ""Hqq input hash RealQGG_GluonWard_k2_4_7.wl"
"PASS: ""Hqq input hash RealQGG_GluonWard_k2_4_8.wl"
"PASS: ""Hqq input hash RealQGG_GluonWard_k2_5_5.wl"
"PASS: ""Hqq input hash RealQGG_GluonWard_k2_5_6.wl"
"PASS: ""Hqq input hash RealQGG_GluonWard_k2_5_7.wl"
"PASS: ""Hqq input hash RealQGG_GluonWard_k2_5_8.wl"
"PASS: ""Hqq input hash RealQGG_GluonWard_k2_6_6.wl"
"PASS: ""Hqq input hash RealQGG_GluonWard_k2_6_7.wl"
"PASS: ""Hqq input hash RealQGG_GluonWard_k2_6_8.wl"
"PASS: ""Hqq input hash RealQGG_GluonWard_k2_7_7.wl"
"PASS: ""Hqq input hash RealQGG_GluonWard_k2_7_8.wl"
"PASS: ""Hqq input hash RealQGG_GluonWard_k2_8_8.wl"
"PASS: ""Hqq input hash RealQGG_GluonWard_k3_1_1.wl"
"PASS: ""Hqq input hash RealQGG_GluonWard_k3_1_2.wl"
"PASS: ""Hqq input hash RealQGG_GluonWard_k3_1_3.wl"
"PASS: ""Hqq input hash RealQGG_GluonWard_k3_1_4.wl"
"PASS: ""Hqq input hash RealQGG_GluonWard_k3_1_5.wl"
"PASS: ""Hqq input hash RealQGG_GluonWard_k3_1_6.wl"
"PASS: ""Hqq input hash RealQGG_GluonWard_k3_1_7.wl"
"PASS: ""Hqq input hash RealQGG_GluonWard_k3_1_8.wl"
"PASS: ""Hqq input hash RealQGG_GluonWard_k3_2_2.wl"
"PASS: ""Hqq input hash RealQGG_GluonWard_k3_2_3.wl"
"PASS: ""Hqq input hash RealQGG_GluonWard_k3_2_4.wl"
"PASS: ""Hqq input hash RealQGG_GluonWard_k3_2_5.wl"
"PASS: ""Hqq input hash RealQGG_GluonWard_k3_2_6.wl"
"PASS: ""Hqq input hash RealQGG_GluonWard_k3_2_7.wl"
"PASS: ""Hqq input hash RealQGG_GluonWard_k3_2_8.wl"
"PASS: ""Hqq input hash RealQGG_GluonWard_k3_3_3.wl"
"PASS: ""Hqq input hash RealQGG_GluonWard_k3_3_4.wl"
"PASS: ""Hqq input hash RealQGG_GluonWard_k3_3_5.wl"
"PASS: ""Hqq input hash RealQGG_GluonWard_k3_3_6.wl"
"PASS: ""Hqq input hash RealQGG_GluonWard_k3_3_7.wl"
"PASS: ""Hqq input hash RealQGG_GluonWard_k3_3_8.wl"
"PASS: ""Hqq input hash RealQGG_GluonWard_k3_4_4.wl"
"PASS: ""Hqq input hash RealQGG_GluonWard_k3_4_5.wl"
"PASS: ""Hqq input hash RealQGG_GluonWard_k3_4_6.wl"
"PASS: ""Hqq input hash RealQGG_GluonWard_k3_4_7.wl"
"PASS: ""Hqq input hash RealQGG_GluonWard_k3_4_8.wl"
"PASS: ""Hqq input hash RealQGG_GluonWard_k3_5_5.wl"
"PASS: ""Hqq input hash RealQGG_GluonWard_k3_5_6.wl"
"PASS: ""Hqq input hash RealQGG_GluonWard_k3_5_7.wl"
"PASS: ""Hqq input hash RealQGG_GluonWard_k3_5_8.wl"
"PASS: ""Hqq input hash RealQGG_GluonWard_k3_6_6.wl"
"PASS: ""Hqq input hash RealQGG_GluonWard_k3_6_7.wl"
"PASS: ""Hqq input hash RealQGG_GluonWard_k3_6_8.wl"
"PASS: ""Hqq input hash RealQGG_GluonWard_k3_7_7.wl"
"PASS: ""Hqq input hash RealQGG_GluonWard_k3_7_8.wl"
"PASS: ""Hqq input hash RealQGG_GluonWard_k3_8_8.wl"
"PASS: ""Hqq input hash RealQGG_Pg_1_1.wl"
"PASS: ""Hqq input hash RealQGG_Pg_1_2.wl"
"PASS: ""Hqq input hash RealQGG_Pg_1_3.wl"
"PASS: ""Hqq input hash RealQGG_Pg_1_4.wl"
"PASS: ""Hqq input hash RealQGG_Pg_1_5.wl"
"PASS: ""Hqq input hash RealQGG_Pg_1_6.wl"
"PASS: ""Hqq input hash RealQGG_Pg_1_7.wl"
"PASS: ""Hqq input hash RealQGG_Pg_1_8.wl"
"PASS: ""Hqq input hash RealQGG_Pg_2_2.wl"
"PASS: ""Hqq input hash RealQGG_Pg_2_3.wl"
"PASS: ""Hqq input hash RealQGG_Pg_2_4.wl"
"PASS: ""Hqq input hash RealQGG_Pg_2_5.wl"
"PASS: ""Hqq input hash RealQGG_Pg_2_6.wl"
"PASS: ""Hqq input hash RealQGG_Pg_2_7.wl"
"PASS: ""Hqq input hash RealQGG_Pg_2_8.wl"
"PASS: ""Hqq input hash RealQGG_Pg_3_3.wl"
"PASS: ""Hqq input hash RealQGG_Pg_3_4.wl"
"PASS: ""Hqq input hash RealQGG_Pg_3_5.wl"
"PASS: ""Hqq input hash RealQGG_Pg_3_6.wl"
"PASS: ""Hqq input hash RealQGG_Pg_3_7.wl"
"PASS: ""Hqq input hash RealQGG_Pg_3_8.wl"
"PASS: ""Hqq input hash RealQGG_Pg_4_4.wl"
"PASS: ""Hqq input hash RealQGG_Pg_4_5.wl"
"PASS: ""Hqq input hash RealQGG_Pg_4_6.wl"
"PASS: ""Hqq input hash RealQGG_Pg_4_7.wl"
"PASS: ""Hqq input hash RealQGG_Pg_4_8.wl"
"PASS: ""Hqq input hash RealQGG_Pg_5_5.wl"
"PASS: ""Hqq input hash RealQGG_Pg_5_6.wl"
"PASS: ""Hqq input hash RealQGG_Pg_5_7.wl"
"PASS: ""Hqq input hash RealQGG_Pg_5_8.wl"
"PASS: ""Hqq input hash RealQGG_Pg_6_6.wl"
"PASS: ""Hqq input hash RealQGG_Pg_6_7.wl"
"PASS: ""Hqq input hash RealQGG_Pg_6_8.wl"
"PASS: ""Hqq input hash RealQGG_Pg_7_7.wl"
"PASS: ""Hqq input hash RealQGG_Pg_7_8.wl"
"PASS: ""Hqq input hash RealQGG_Pg_8_8.wl"
"PASS: ""Hqq input hash RealQGG_PhotonWard_1_1.wl"
"PASS: ""Hqq input hash RealQGG_PhotonWard_1_2.wl"
"PASS: ""Hqq input hash RealQGG_PhotonWard_1_3.wl"
"PASS: ""Hqq input hash RealQGG_PhotonWard_1_4.wl"
"PASS: ""Hqq input hash RealQGG_PhotonWard_1_5.wl"
"PASS: ""Hqq input hash RealQGG_PhotonWard_1_6.wl"
"PASS: ""Hqq input hash RealQGG_PhotonWard_1_7.wl"
"PASS: ""Hqq input hash RealQGG_PhotonWard_1_8.wl"
"PASS: ""Hqq input hash RealQGG_PhotonWard_2_2.wl"
"PASS: ""Hqq input hash RealQGG_PhotonWard_2_3.wl"
"PASS: ""Hqq input hash RealQGG_PhotonWard_2_4.wl"
"PASS: ""Hqq input hash RealQGG_PhotonWard_2_5.wl"
"PASS: ""Hqq input hash RealQGG_PhotonWard_2_6.wl"
"PASS: ""Hqq input hash RealQGG_PhotonWard_2_7.wl"
"PASS: ""Hqq input hash RealQGG_PhotonWard_2_8.wl"
"PASS: ""Hqq input hash RealQGG_PhotonWard_3_3.wl"
"PASS: ""Hqq input hash RealQGG_PhotonWard_3_4.wl"
"PASS: ""Hqq input hash RealQGG_PhotonWard_3_5.wl"
"PASS: ""Hqq input hash RealQGG_PhotonWard_3_6.wl"
"PASS: ""Hqq input hash RealQGG_PhotonWard_3_7.wl"
"PASS: ""Hqq input hash RealQGG_PhotonWard_3_8.wl"
"PASS: ""Hqq input hash RealQGG_PhotonWard_4_4.wl"
"PASS: ""Hqq input hash RealQGG_PhotonWard_4_5.wl"
"PASS: ""Hqq input hash RealQGG_PhotonWard_4_6.wl"
"PASS: ""Hqq input hash RealQGG_PhotonWard_4_7.wl"
"PASS: ""Hqq input hash RealQGG_PhotonWard_4_8.wl"
"PASS: ""Hqq input hash RealQGG_PhotonWard_5_5.wl"
"PASS: ""Hqq input hash RealQGG_PhotonWard_5_6.wl"
"PASS: ""Hqq input hash RealQGG_PhotonWard_5_7.wl"
"PASS: ""Hqq input hash RealQGG_PhotonWard_5_8.wl"
"PASS: ""Hqq input hash RealQGG_PhotonWard_6_6.wl"
"PASS: ""Hqq input hash RealQGG_PhotonWard_6_7.wl"
"PASS: ""Hqq input hash RealQGG_PhotonWard_6_8.wl"
"PASS: ""Hqq input hash RealQGG_PhotonWard_7_7.wl"
"PASS: ""Hqq input hash RealQGG_PhotonWard_7_8.wl"
"PASS: ""Hqq input hash RealQGG_PhotonWard_8_8.wl"
"PASS: ""Hqq input hash RealQGG_Ppp_1_1.wl"
"PASS: ""Hqq input hash RealQGG_Ppp_1_2.wl"
"PASS: ""Hqq input hash RealQGG_Ppp_1_3.wl"
"PASS: ""Hqq input hash RealQGG_Ppp_1_4.wl"
"PASS: ""Hqq input hash RealQGG_Ppp_1_5.wl"
"PASS: ""Hqq input hash RealQGG_Ppp_1_6.wl"
"PASS: ""Hqq input hash RealQGG_Ppp_1_7.wl"
"PASS: ""Hqq input hash RealQGG_Ppp_1_8.wl"
"PASS: ""Hqq input hash RealQGG_Ppp_2_2.wl"
"PASS: ""Hqq input hash RealQGG_Ppp_2_3.wl"
"PASS: ""Hqq input hash RealQGG_Ppp_2_4.wl"
"PASS: ""Hqq input hash RealQGG_Ppp_2_5.wl"
"PASS: ""Hqq input hash RealQGG_Ppp_2_6.wl"
"PASS: ""Hqq input hash RealQGG_Ppp_2_7.wl"
"PASS: ""Hqq input hash RealQGG_Ppp_2_8.wl"
"PASS: ""Hqq input hash RealQGG_Ppp_3_3.wl"
"PASS: ""Hqq input hash RealQGG_Ppp_3_4.wl"
"PASS: ""Hqq input hash RealQGG_Ppp_3_5.wl"
"PASS: ""Hqq input hash RealQGG_Ppp_3_6.wl"
"PASS: ""Hqq input hash RealQGG_Ppp_3_7.wl"
"PASS: ""Hqq input hash RealQGG_Ppp_3_8.wl"
"PASS: ""Hqq input hash RealQGG_Ppp_4_4.wl"
"PASS: ""Hqq input hash RealQGG_Ppp_4_5.wl"
"PASS: ""Hqq input hash RealQGG_Ppp_4_6.wl"
"PASS: ""Hqq input hash RealQGG_Ppp_4_7.wl"
"PASS: ""Hqq input hash RealQGG_Ppp_4_8.wl"
"PASS: ""Hqq input hash RealQGG_Ppp_5_5.wl"
"PASS: ""Hqq input hash RealQGG_Ppp_5_6.wl"
"PASS: ""Hqq input hash RealQGG_Ppp_5_7.wl"
"PASS: ""Hqq input hash RealQGG_Ppp_5_8.wl"
"PASS: ""Hqq input hash RealQGG_Ppp_6_6.wl"
"PASS: ""Hqq input hash RealQGG_Ppp_6_7.wl"
"PASS: ""Hqq input hash RealQGG_Ppp_6_8.wl"
"PASS: ""Hqq input hash RealQGG_Ppp_7_7.wl"
"PASS: ""Hqq input hash RealQGG_Ppp_7_8.wl"
"PASS: ""Hqq input hash RealQGG_Ppp_8_8.wl"
"PASS: ""Hqq input hash RealSame_Pg_1_1.wl"
"PASS: ""Hqq input hash RealSame_Pg_1_2.wl"
"PASS: ""Hqq input hash RealSame_Pg_1_3.wl"
"PASS: ""Hqq input hash RealSame_Pg_1_4.wl"
"PASS: ""Hqq input hash RealSame_Pg_1_5.wl"
"PASS: ""Hqq input hash RealSame_Pg_1_6.wl"
"PASS: ""Hqq input hash RealSame_Pg_1_7.wl"
"PASS: ""Hqq input hash RealSame_Pg_1_8.wl"
"PASS: ""Hqq input hash RealSame_Pg_2_2.wl"
"PASS: ""Hqq input hash RealSame_Pg_2_3.wl"
"PASS: ""Hqq input hash RealSame_Pg_2_4.wl"
"PASS: ""Hqq input hash RealSame_Pg_2_5.wl"
"PASS: ""Hqq input hash RealSame_Pg_2_6.wl"
"PASS: ""Hqq input hash RealSame_Pg_2_7.wl"
"PASS: ""Hqq input hash RealSame_Pg_2_8.wl"
"PASS: ""Hqq input hash RealSame_Pg_3_3.wl"
"PASS: ""Hqq input hash RealSame_Pg_3_4.wl"
"PASS: ""Hqq input hash RealSame_Pg_3_5.wl"
"PASS: ""Hqq input hash RealSame_Pg_3_6.wl"
"PASS: ""Hqq input hash RealSame_Pg_3_7.wl"
"PASS: ""Hqq input hash RealSame_Pg_3_8.wl"
"PASS: ""Hqq input hash RealSame_Pg_4_4.wl"
"PASS: ""Hqq input hash RealSame_Pg_4_5.wl"
"PASS: ""Hqq input hash RealSame_Pg_4_6.wl"
"PASS: ""Hqq input hash RealSame_Pg_4_7.wl"
"PASS: ""Hqq input hash RealSame_Pg_4_8.wl"
"PASS: ""Hqq input hash RealSame_Pg_5_5.wl"
"PASS: ""Hqq input hash RealSame_Pg_5_6.wl"
"PASS: ""Hqq input hash RealSame_Pg_5_7.wl"
"PASS: ""Hqq input hash RealSame_Pg_5_8.wl"
"PASS: ""Hqq input hash RealSame_Pg_6_6.wl"
"PASS: ""Hqq input hash RealSame_Pg_6_7.wl"
"PASS: ""Hqq input hash RealSame_Pg_6_8.wl"
"PASS: ""Hqq input hash RealSame_Pg_7_7.wl"
"PASS: ""Hqq input hash RealSame_Pg_7_8.wl"
"PASS: ""Hqq input hash RealSame_Pg_8_8.wl"
"PASS: ""Hqq input hash RealSame_PhotonWard_1_1.wl"
"PASS: ""Hqq input hash RealSame_PhotonWard_1_2.wl"
"PASS: ""Hqq input hash RealSame_PhotonWard_1_3.wl"
"PASS: ""Hqq input hash RealSame_PhotonWard_1_4.wl"
"PASS: ""Hqq input hash RealSame_PhotonWard_1_5.wl"
"PASS: ""Hqq input hash RealSame_PhotonWard_1_6.wl"
"PASS: ""Hqq input hash RealSame_PhotonWard_1_7.wl"
"PASS: ""Hqq input hash RealSame_PhotonWard_1_8.wl"
"PASS: ""Hqq input hash RealSame_PhotonWard_2_2.wl"
"PASS: ""Hqq input hash RealSame_PhotonWard_2_3.wl"
"PASS: ""Hqq input hash RealSame_PhotonWard_2_4.wl"
"PASS: ""Hqq input hash RealSame_PhotonWard_2_5.wl"
"PASS: ""Hqq input hash RealSame_PhotonWard_2_6.wl"
"PASS: ""Hqq input hash RealSame_PhotonWard_2_7.wl"
"PASS: ""Hqq input hash RealSame_PhotonWard_2_8.wl"
"PASS: ""Hqq input hash RealSame_PhotonWard_3_3.wl"
"PASS: ""Hqq input hash RealSame_PhotonWard_3_4.wl"
"PASS: ""Hqq input hash RealSame_PhotonWard_3_5.wl"
"PASS: ""Hqq input hash RealSame_PhotonWard_3_6.wl"
"PASS: ""Hqq input hash RealSame_PhotonWard_3_7.wl"
"PASS: ""Hqq input hash RealSame_PhotonWard_3_8.wl"
"PASS: ""Hqq input hash RealSame_PhotonWard_4_4.wl"
"PASS: ""Hqq input hash RealSame_PhotonWard_4_5.wl"
"PASS: ""Hqq input hash RealSame_PhotonWard_4_6.wl"
"PASS: ""Hqq input hash RealSame_PhotonWard_4_7.wl"
"PASS: ""Hqq input hash RealSame_PhotonWard_4_8.wl"
"PASS: ""Hqq input hash RealSame_PhotonWard_5_5.wl"
"PASS: ""Hqq input hash RealSame_PhotonWard_5_6.wl"
"PASS: ""Hqq input hash RealSame_PhotonWard_5_7.wl"
"PASS: ""Hqq input hash RealSame_PhotonWard_5_8.wl"
"PASS: ""Hqq input hash RealSame_PhotonWard_6_6.wl"
"PASS: ""Hqq input hash RealSame_PhotonWard_6_7.wl"
"PASS: ""Hqq input hash RealSame_PhotonWard_6_8.wl"
"PASS: ""Hqq input hash RealSame_PhotonWard_7_7.wl"
"PASS: ""Hqq input hash RealSame_PhotonWard_7_8.wl"
"PASS: ""Hqq input hash RealSame_PhotonWard_8_8.wl"
"PASS: ""Hqq input hash RealSame_Ppp_1_1.wl"
"PASS: ""Hqq input hash RealSame_Ppp_1_2.wl"
"PASS: ""Hqq input hash RealSame_Ppp_1_3.wl"
"PASS: ""Hqq input hash RealSame_Ppp_1_4.wl"
"PASS: ""Hqq input hash RealSame_Ppp_1_5.wl"
"PASS: ""Hqq input hash RealSame_Ppp_1_6.wl"
"PASS: ""Hqq input hash RealSame_Ppp_1_7.wl"
"PASS: ""Hqq input hash RealSame_Ppp_1_8.wl"
"PASS: ""Hqq input hash RealSame_Ppp_2_2.wl"
"PASS: ""Hqq input hash RealSame_Ppp_2_3.wl"
"PASS: ""Hqq input hash RealSame_Ppp_2_4.wl"
"PASS: ""Hqq input hash RealSame_Ppp_2_5.wl"
"PASS: ""Hqq input hash RealSame_Ppp_2_6.wl"
"PASS: ""Hqq input hash RealSame_Ppp_2_7.wl"
"PASS: ""Hqq input hash RealSame_Ppp_2_8.wl"
"PASS: ""Hqq input hash RealSame_Ppp_3_3.wl"
"PASS: ""Hqq input hash RealSame_Ppp_3_4.wl"
"PASS: ""Hqq input hash RealSame_Ppp_3_5.wl"
"PASS: ""Hqq input hash RealSame_Ppp_3_6.wl"
"PASS: ""Hqq input hash RealSame_Ppp_3_7.wl"
"PASS: ""Hqq input hash RealSame_Ppp_3_8.wl"
"PASS: ""Hqq input hash RealSame_Ppp_4_4.wl"
"PASS: ""Hqq input hash RealSame_Ppp_4_5.wl"
"PASS: ""Hqq input hash RealSame_Ppp_4_6.wl"
"PASS: ""Hqq input hash RealSame_Ppp_4_7.wl"
"PASS: ""Hqq input hash RealSame_Ppp_4_8.wl"
"PASS: ""Hqq input hash RealSame_Ppp_5_5.wl"
"PASS: ""Hqq input hash RealSame_Ppp_5_6.wl"
"PASS: ""Hqq input hash RealSame_Ppp_5_7.wl"
"PASS: ""Hqq input hash RealSame_Ppp_5_8.wl"
"PASS: ""Hqq input hash RealSame_Ppp_6_6.wl"
"PASS: ""Hqq input hash RealSame_Ppp_6_7.wl"
"PASS: ""Hqq input hash RealSame_Ppp_6_8.wl"
"PASS: ""Hqq input hash RealSame_Ppp_7_7.wl"
"PASS: ""Hqq input hash RealSame_Ppp_7_8.wl"
"PASS: ""Hqq input hash RealSame_Ppp_8_8.wl"
"PASS: ""Hqq input hash s03_contract_real.wl"
"PASS: ""Hqq input hash s03_execution.json"
"PASS: ""Hqq input hash s03_result.wl"
"PASS: ""Hqq input hash s03_run.log"
"PASS: ""Hqq input hash s03_submission.json"
"PASS: ""Hqq input hash s08_collinear_subtraction.wl"
"PASS: ""Hqq input hash s08_execution.json"
"PASS: ""Hqq input hash s08_result.wl"
"PASS: ""Hqq input hash s08_run.log"
"PASS: ""Hqq input hash s08_submission.json"
"PASS: ""Hqq inherited Ward checks"
"PASS: ""unique source-to-common invariant map"
"PASS: ""every inherited scalar product reconstructs in common coordinates"
"PASS: ""Hqq exact unintegrated scalar tensors"
"CHANNEL_READY ""Hqq"" tensor keys "{"RealQGG_Charge0__Pg", "RealQGG_Charge0__Ppp", "RealSame_Charge0__Pg", "RealSame_Charge0__Ppp", "RealDistinct_Charge0__Pg", "RealDistinct_Charge1__Pg", "RealDistinct_Charge2__Pg", "RealDistinct_Charge0__Ppp", "RealDistinct_Charge1__Ppp", "RealDistinct_Charge2__Ppp"}
"PASS: ""Hqg accepted byte-preserved import"
"PASS: ""Hqg input hash README.md"
"PASS: ""Hqg input hash s02_born_and_projectors.wl"
"PASS: ""Hqg input hash s02_result.wl"
"PASS: ""Hqg input hash s02_run.log"
"PASS: ""Hqg input hash s04_diagrams.wl"
"PASS: ""Hqg input hash s04_generate_amplitudes.wl"
"PASS: ""Hqg input hash s04_result.wl"
"PASS: ""Hqg input hash s04_run.log"
"PASS: ""Hqg input hash s05_Gluon1Ward.wl"
"PASS: ""Hqg input hash s05_Gluon3Ward.wl"
"PASS: ""Hqg input hash s05_Pg.wl"
"PASS: ""Hqg input hash s05_PhotonWard.wl"
"PASS: ""Hqg input hash s05_Ppp.wl"
"PASS: ""Hqg input hash Gluon1Ward_01_01.wl"
"PASS: ""Hqg input hash Gluon1Ward_01_02.wl"
"PASS: ""Hqg input hash Gluon1Ward_01_03.wl"
"PASS: ""Hqg input hash Gluon1Ward_01_04.wl"
"PASS: ""Hqg input hash Gluon1Ward_01_05.wl"
"PASS: ""Hqg input hash Gluon1Ward_01_06.wl"
"PASS: ""Hqg input hash Gluon1Ward_01_07.wl"
"PASS: ""Hqg input hash Gluon1Ward_01_08.wl"
"PASS: ""Hqg input hash Gluon1Ward_02_02.wl"
"PASS: ""Hqg input hash Gluon1Ward_02_03.wl"
"PASS: ""Hqg input hash Gluon1Ward_02_04.wl"
"PASS: ""Hqg input hash Gluon1Ward_02_05.wl"
"PASS: ""Hqg input hash Gluon1Ward_02_06.wl"
"PASS: ""Hqg input hash Gluon1Ward_02_07.wl"
"PASS: ""Hqg input hash Gluon1Ward_02_08.wl"
"PASS: ""Hqg input hash Gluon1Ward_03_03.wl"
"PASS: ""Hqg input hash Gluon1Ward_03_04.wl"
"PASS: ""Hqg input hash Gluon1Ward_03_05.wl"
"PASS: ""Hqg input hash Gluon1Ward_03_06.wl"
"PASS: ""Hqg input hash Gluon1Ward_03_07.wl"
"PASS: ""Hqg input hash Gluon1Ward_03_08.wl"
"PASS: ""Hqg input hash Gluon1Ward_04_04.wl"
"PASS: ""Hqg input hash Gluon1Ward_04_05.wl"
"PASS: ""Hqg input hash Gluon1Ward_04_06.wl"
"PASS: ""Hqg input hash Gluon1Ward_04_07.wl"
"PASS: ""Hqg input hash Gluon1Ward_04_08.wl"
"PASS: ""Hqg input hash Gluon1Ward_05_05.wl"
"PASS: ""Hqg input hash Gluon1Ward_05_06.wl"
"PASS: ""Hqg input hash Gluon1Ward_05_07.wl"
"PASS: ""Hqg input hash Gluon1Ward_05_08.wl"
"PASS: ""Hqg input hash Gluon1Ward_06_06.wl"
"PASS: ""Hqg input hash Gluon1Ward_06_07.wl"
"PASS: ""Hqg input hash Gluon1Ward_06_08.wl"
"PASS: ""Hqg input hash Gluon1Ward_07_07.wl"
"PASS: ""Hqg input hash Gluon1Ward_07_08.wl"
"PASS: ""Hqg input hash Gluon1Ward_08_08.wl"
"PASS: ""Hqg input hash Gluon3Ward_01_01.wl"
"PASS: ""Hqg input hash Gluon3Ward_01_02.wl"
"PASS: ""Hqg input hash Gluon3Ward_01_03.wl"
"PASS: ""Hqg input hash Gluon3Ward_01_04.wl"
"PASS: ""Hqg input hash Gluon3Ward_01_05.wl"
"PASS: ""Hqg input hash Gluon3Ward_01_06.wl"
"PASS: ""Hqg input hash Gluon3Ward_01_07.wl"
"PASS: ""Hqg input hash Gluon3Ward_01_08.wl"
"PASS: ""Hqg input hash Gluon3Ward_02_02.wl"
"PASS: ""Hqg input hash Gluon3Ward_02_03.wl"
"PASS: ""Hqg input hash Gluon3Ward_02_04.wl"
"PASS: ""Hqg input hash Gluon3Ward_02_05.wl"
"PASS: ""Hqg input hash Gluon3Ward_02_06.wl"
"PASS: ""Hqg input hash Gluon3Ward_02_07.wl"
"PASS: ""Hqg input hash Gluon3Ward_02_08.wl"
"PASS: ""Hqg input hash Gluon3Ward_03_03.wl"
"PASS: ""Hqg input hash Gluon3Ward_03_04.wl"
"PASS: ""Hqg input hash Gluon3Ward_03_05.wl"
"PASS: ""Hqg input hash Gluon3Ward_03_06.wl"
"PASS: ""Hqg input hash Gluon3Ward_03_07.wl"
"PASS: ""Hqg input hash Gluon3Ward_03_08.wl"
"PASS: ""Hqg input hash Gluon3Ward_04_04.wl"
"PASS: ""Hqg input hash Gluon3Ward_04_05.wl"
"PASS: ""Hqg input hash Gluon3Ward_04_06.wl"
"PASS: ""Hqg input hash Gluon3Ward_04_07.wl"
"PASS: ""Hqg input hash Gluon3Ward_04_08.wl"
"PASS: ""Hqg input hash Gluon3Ward_05_05.wl"
"PASS: ""Hqg input hash Gluon3Ward_05_06.wl"
"PASS: ""Hqg input hash Gluon3Ward_05_07.wl"
"PASS: ""Hqg input hash Gluon3Ward_05_08.wl"
"PASS: ""Hqg input hash Gluon3Ward_06_06.wl"
"PASS: ""Hqg input hash Gluon3Ward_06_07.wl"
"PASS: ""Hqg input hash Gluon3Ward_06_08.wl"
"PASS: ""Hqg input hash Gluon3Ward_07_07.wl"
"PASS: ""Hqg input hash Gluon3Ward_07_08.wl"
"PASS: ""Hqg input hash Gluon3Ward_08_08.wl"
"PASS: ""Hqg input hash Pg_01_01.wl"
"PASS: ""Hqg input hash Pg_01_02.wl"
"PASS: ""Hqg input hash Pg_01_03.wl"
"PASS: ""Hqg input hash Pg_01_04.wl"
"PASS: ""Hqg input hash Pg_01_05.wl"
"PASS: ""Hqg input hash Pg_01_06.wl"
"PASS: ""Hqg input hash Pg_01_07.wl"
"PASS: ""Hqg input hash Pg_01_08.wl"
"PASS: ""Hqg input hash Pg_02_02.wl"
"PASS: ""Hqg input hash Pg_02_03.wl"
"PASS: ""Hqg input hash Pg_02_04.wl"
"PASS: ""Hqg input hash Pg_02_05.wl"
"PASS: ""Hqg input hash Pg_02_06.wl"
"PASS: ""Hqg input hash Pg_02_07.wl"
"PASS: ""Hqg input hash Pg_02_08.wl"
"PASS: ""Hqg input hash Pg_03_03.wl"
"PASS: ""Hqg input hash Pg_03_04.wl"
"PASS: ""Hqg input hash Pg_03_05.wl"
"PASS: ""Hqg input hash Pg_03_06.wl"
"PASS: ""Hqg input hash Pg_03_07.wl"
"PASS: ""Hqg input hash Pg_03_08.wl"
"PASS: ""Hqg input hash Pg_04_04.wl"
"PASS: ""Hqg input hash Pg_04_05.wl"
"PASS: ""Hqg input hash Pg_04_06.wl"
"PASS: ""Hqg input hash Pg_04_07.wl"
"PASS: ""Hqg input hash Pg_04_08.wl"
"PASS: ""Hqg input hash Pg_05_05.wl"
"PASS: ""Hqg input hash Pg_05_06.wl"
"PASS: ""Hqg input hash Pg_05_07.wl"
"PASS: ""Hqg input hash Pg_05_08.wl"
"PASS: ""Hqg input hash Pg_06_06.wl"
"PASS: ""Hqg input hash Pg_06_07.wl"
"PASS: ""Hqg input hash Pg_06_08.wl"
"PASS: ""Hqg input hash Pg_07_07.wl"
"PASS: ""Hqg input hash Pg_07_08.wl"
"PASS: ""Hqg input hash Pg_08_08.wl"
"PASS: ""Hqg input hash PhotonWard_01_01.wl"
"PASS: ""Hqg input hash PhotonWard_01_02.wl"
"PASS: ""Hqg input hash PhotonWard_01_03.wl"
"PASS: ""Hqg input hash PhotonWard_01_04.wl"
"PASS: ""Hqg input hash PhotonWard_01_05.wl"
"PASS: ""Hqg input hash PhotonWard_01_06.wl"
"PASS: ""Hqg input hash PhotonWard_01_07.wl"
"PASS: ""Hqg input hash PhotonWard_01_08.wl"
"PASS: ""Hqg input hash PhotonWard_02_02.wl"
"PASS: ""Hqg input hash PhotonWard_02_03.wl"
"PASS: ""Hqg input hash PhotonWard_02_04.wl"
"PASS: ""Hqg input hash PhotonWard_02_05.wl"
"PASS: ""Hqg input hash PhotonWard_02_06.wl"
"PASS: ""Hqg input hash PhotonWard_02_07.wl"
"PASS: ""Hqg input hash PhotonWard_02_08.wl"
"PASS: ""Hqg input hash PhotonWard_03_03.wl"
"PASS: ""Hqg input hash PhotonWard_03_04.wl"
"PASS: ""Hqg input hash PhotonWard_03_05.wl"
"PASS: ""Hqg input hash PhotonWard_03_06.wl"
"PASS: ""Hqg input hash PhotonWard_03_07.wl"
"PASS: ""Hqg input hash PhotonWard_03_08.wl"
"PASS: ""Hqg input hash PhotonWard_04_04.wl"
"PASS: ""Hqg input hash PhotonWard_04_05.wl"
"PASS: ""Hqg input hash PhotonWard_04_06.wl"
"PASS: ""Hqg input hash PhotonWard_04_07.wl"
"PASS: ""Hqg input hash PhotonWard_04_08.wl"
"PASS: ""Hqg input hash PhotonWard_05_05.wl"
"PASS: ""Hqg input hash PhotonWard_05_06.wl"
"PASS: ""Hqg input hash PhotonWard_05_07.wl"
"PASS: ""Hqg input hash PhotonWard_05_08.wl"
"PASS: ""Hqg input hash PhotonWard_06_06.wl"
"PASS: ""Hqg input hash PhotonWard_06_07.wl"
"PASS: ""Hqg input hash PhotonWard_06_08.wl"
"PASS: ""Hqg input hash PhotonWard_07_07.wl"
"PASS: ""Hqg input hash PhotonWard_07_08.wl"
"PASS: ""Hqg input hash PhotonWard_08_08.wl"
"PASS: ""Hqg input hash Ppp_01_01.wl"
"PASS: ""Hqg input hash Ppp_01_02.wl"
"PASS: ""Hqg input hash Ppp_01_03.wl"
"PASS: ""Hqg input hash Ppp_01_04.wl"
"PASS: ""Hqg input hash Ppp_01_05.wl"
"PASS: ""Hqg input hash Ppp_01_06.wl"
"PASS: ""Hqg input hash Ppp_01_07.wl"
"PASS: ""Hqg input hash Ppp_01_08.wl"
"PASS: ""Hqg input hash Ppp_02_02.wl"
"PASS: ""Hqg input hash Ppp_02_03.wl"
"PASS: ""Hqg input hash Ppp_02_04.wl"
"PASS: ""Hqg input hash Ppp_02_05.wl"
"PASS: ""Hqg input hash Ppp_02_06.wl"
"PASS: ""Hqg input hash Ppp_02_07.wl"
"PASS: ""Hqg input hash Ppp_02_08.wl"
"PASS: ""Hqg input hash Ppp_03_03.wl"
"PASS: ""Hqg input hash Ppp_03_04.wl"
"PASS: ""Hqg input hash Ppp_03_05.wl"
"PASS: ""Hqg input hash Ppp_03_06.wl"
"PASS: ""Hqg input hash Ppp_03_07.wl"
"PASS: ""Hqg input hash Ppp_03_08.wl"
"PASS: ""Hqg input hash Ppp_04_04.wl"
"PASS: ""Hqg input hash Ppp_04_05.wl"
"PASS: ""Hqg input hash Ppp_04_06.wl"
"PASS: ""Hqg input hash Ppp_04_07.wl"
"PASS: ""Hqg input hash Ppp_04_08.wl"
"PASS: ""Hqg input hash Ppp_05_05.wl"
"PASS: ""Hqg input hash Ppp_05_06.wl"
"PASS: ""Hqg input hash Ppp_05_07.wl"
"PASS: ""Hqg input hash Ppp_05_08.wl"
"PASS: ""Hqg input hash Ppp_06_06.wl"
"PASS: ""Hqg input hash Ppp_06_07.wl"
"PASS: ""Hqg input hash Ppp_06_08.wl"
"PASS: ""Hqg input hash Ppp_07_07.wl"
"PASS: ""Hqg input hash Ppp_07_08.wl"
"PASS: ""Hqg input hash Ppp_08_08.wl"
"PASS: ""Hqg input hash s05_contract_real.wl"
"PASS: ""Hqg input hash s05_first_ward_run.log"
"PASS: ""Hqg input hash s05_result.wl"
"PASS: ""Hqg input hash s05_run.log"
"PASS: ""Hqg input hash s05_trace_first.log"
"PASS: ""Hqg input hash s10_collinear_subtraction.wl"
"PASS: ""Hqg input hash s10_result.wl"
"PASS: ""Hqg input hash s10_run.log"
"PASS: ""Hqg inherited Ward checks"
"PASS: ""unique source-to-common invariant map"
"PASS: ""every inherited scalar product reconstructs in common coordinates"
"PASS: ""Hqg exact unintegrated scalar tensors"
"CHANNEL_READY ""Hqg"" tensor keys "{"Pg", "Ppp"}
"PASS: ""Hgq accepted byte-preserved import"
"PASS: ""Hgq input hash README.md"
"PASS: ""Hgq input hash AuxHqqBorn.wl"
"PASS: ""Hgq input hash Born.wl"
"PASS: ""Hgq input hash ChargeVertex.wl"
"PASS: ""Hgq input hash Real.wl"
"PASS: ""Hgq input hash Virtual.wl"
"PASS: ""Hgq input hash s01_diagrams.wl"
"PASS: ""Hgq input hash s01_execution.json"
"PASS: ""Hgq input hash s01_generate_amplitudes.wl"
"PASS: ""Hgq input hash s01_result.wl"
"PASS: ""Hgq input hash s01_run.log"
"PASS: ""Hgq input hash s01_submission.json"
"PASS: ""Hgq input hash s02_born_and_projectors.wl"
"PASS: ""Hgq input hash s02_execution.json"
"PASS: ""Hgq input hash s02_result.wl"
"PASS: ""Hgq input hash s02_run.log"
"PASS: ""Hgq input hash s02_submission.json"
"PASS: ""Hgq input hash s03_Gluon3Ward.wl"
"PASS: ""Hgq input hash s03_GluonPWard.wl"
"PASS: ""Hgq input hash s03_Pg.wl"
"PASS: ""Hgq input hash s03_PhotonWard.wl"
"PASS: ""Hgq input hash s03_Ppp.wl"
"PASS: ""Hgq input hash Gluon3Ward_01_01.wl"
"PASS: ""Hgq input hash Gluon3Ward_01_02.wl"
"PASS: ""Hgq input hash Gluon3Ward_01_03.wl"
"PASS: ""Hgq input hash Gluon3Ward_01_04.wl"
"PASS: ""Hgq input hash Gluon3Ward_01_05.wl"
"PASS: ""Hgq input hash Gluon3Ward_01_06.wl"
"PASS: ""Hgq input hash Gluon3Ward_01_07.wl"
"PASS: ""Hgq input hash Gluon3Ward_01_08.wl"
"PASS: ""Hgq input hash Gluon3Ward_02_02.wl"
"PASS: ""Hgq input hash Gluon3Ward_02_03.wl"
"PASS: ""Hgq input hash Gluon3Ward_02_04.wl"
"PASS: ""Hgq input hash Gluon3Ward_02_05.wl"
"PASS: ""Hgq input hash Gluon3Ward_02_06.wl"
"PASS: ""Hgq input hash Gluon3Ward_02_07.wl"
"PASS: ""Hgq input hash Gluon3Ward_02_08.wl"
"PASS: ""Hgq input hash Gluon3Ward_03_03.wl"
"PASS: ""Hgq input hash Gluon3Ward_03_04.wl"
"PASS: ""Hgq input hash Gluon3Ward_03_05.wl"
"PASS: ""Hgq input hash Gluon3Ward_03_06.wl"
"PASS: ""Hgq input hash Gluon3Ward_03_07.wl"
"PASS: ""Hgq input hash Gluon3Ward_03_08.wl"
"PASS: ""Hgq input hash Gluon3Ward_04_04.wl"
"PASS: ""Hgq input hash Gluon3Ward_04_05.wl"
"PASS: ""Hgq input hash Gluon3Ward_04_06.wl"
"PASS: ""Hgq input hash Gluon3Ward_04_07.wl"
"PASS: ""Hgq input hash Gluon3Ward_04_08.wl"
"PASS: ""Hgq input hash Gluon3Ward_05_05.wl"
"PASS: ""Hgq input hash Gluon3Ward_05_06.wl"
"PASS: ""Hgq input hash Gluon3Ward_05_07.wl"
"PASS: ""Hgq input hash Gluon3Ward_05_08.wl"
"PASS: ""Hgq input hash Gluon3Ward_06_06.wl"
"PASS: ""Hgq input hash Gluon3Ward_06_07.wl"
"PASS: ""Hgq input hash Gluon3Ward_06_08.wl"
"PASS: ""Hgq input hash Gluon3Ward_07_07.wl"
"PASS: ""Hgq input hash Gluon3Ward_07_08.wl"
"PASS: ""Hgq input hash Gluon3Ward_08_08.wl"
"PASS: ""Hgq input hash GluonPWard_01_01.wl"
"PASS: ""Hgq input hash GluonPWard_01_02.wl"
"PASS: ""Hgq input hash GluonPWard_01_03.wl"
"PASS: ""Hgq input hash GluonPWard_01_04.wl"
"PASS: ""Hgq input hash GluonPWard_01_05.wl"
"PASS: ""Hgq input hash GluonPWard_01_06.wl"
"PASS: ""Hgq input hash GluonPWard_01_07.wl"
"PASS: ""Hgq input hash GluonPWard_01_08.wl"
"PASS: ""Hgq input hash GluonPWard_02_02.wl"
"PASS: ""Hgq input hash GluonPWard_02_03.wl"
"PASS: ""Hgq input hash GluonPWard_02_04.wl"
"PASS: ""Hgq input hash GluonPWard_02_05.wl"
"PASS: ""Hgq input hash GluonPWard_02_06.wl"
"PASS: ""Hgq input hash GluonPWard_02_07.wl"
"PASS: ""Hgq input hash GluonPWard_02_08.wl"
"PASS: ""Hgq input hash GluonPWard_03_03.wl"
"PASS: ""Hgq input hash GluonPWard_03_04.wl"
"PASS: ""Hgq input hash GluonPWard_03_05.wl"
"PASS: ""Hgq input hash GluonPWard_03_06.wl"
"PASS: ""Hgq input hash GluonPWard_03_07.wl"
"PASS: ""Hgq input hash GluonPWard_03_08.wl"
"PASS: ""Hgq input hash GluonPWard_04_04.wl"
"PASS: ""Hgq input hash GluonPWard_04_05.wl"
"PASS: ""Hgq input hash GluonPWard_04_06.wl"
"PASS: ""Hgq input hash GluonPWard_04_07.wl"
"PASS: ""Hgq input hash GluonPWard_04_08.wl"
"PASS: ""Hgq input hash GluonPWard_05_05.wl"
"PASS: ""Hgq input hash GluonPWard_05_06.wl"
"PASS: ""Hgq input hash GluonPWard_05_07.wl"
"PASS: ""Hgq input hash GluonPWard_05_08.wl"
"PASS: ""Hgq input hash GluonPWard_06_06.wl"
"PASS: ""Hgq input hash GluonPWard_06_07.wl"
"PASS: ""Hgq input hash GluonPWard_06_08.wl"
"PASS: ""Hgq input hash GluonPWard_07_07.wl"
"PASS: ""Hgq input hash GluonPWard_07_08.wl"
"PASS: ""Hgq input hash GluonPWard_08_08.wl"
"PASS: ""Hgq input hash Pg_01_01.wl"
"PASS: ""Hgq input hash Pg_01_02.wl"
"PASS: ""Hgq input hash Pg_01_03.wl"
"PASS: ""Hgq input hash Pg_01_04.wl"
"PASS: ""Hgq input hash Pg_01_05.wl"
"PASS: ""Hgq input hash Pg_01_06.wl"
"PASS: ""Hgq input hash Pg_01_07.wl"
"PASS: ""Hgq input hash Pg_01_08.wl"
"PASS: ""Hgq input hash Pg_02_02.wl"
"PASS: ""Hgq input hash Pg_02_03.wl"
"PASS: ""Hgq input hash Pg_02_04.wl"
"PASS: ""Hgq input hash Pg_02_05.wl"
"PASS: ""Hgq input hash Pg_02_06.wl"
"PASS: ""Hgq input hash Pg_02_07.wl"
"PASS: ""Hgq input hash Pg_02_08.wl"
"PASS: ""Hgq input hash Pg_03_03.wl"
"PASS: ""Hgq input hash Pg_03_04.wl"
"PASS: ""Hgq input hash Pg_03_05.wl"
"PASS: ""Hgq input hash Pg_03_06.wl"
"PASS: ""Hgq input hash Pg_03_07.wl"
"PASS: ""Hgq input hash Pg_03_08.wl"
"PASS: ""Hgq input hash Pg_04_04.wl"
"PASS: ""Hgq input hash Pg_04_05.wl"
"PASS: ""Hgq input hash Pg_04_06.wl"
"PASS: ""Hgq input hash Pg_04_07.wl"
"PASS: ""Hgq input hash Pg_04_08.wl"
"PASS: ""Hgq input hash Pg_05_05.wl"
"PASS: ""Hgq input hash Pg_05_06.wl"
"PASS: ""Hgq input hash Pg_05_07.wl"
"PASS: ""Hgq input hash Pg_05_08.wl"
"PASS: ""Hgq input hash Pg_06_06.wl"
"PASS: ""Hgq input hash Pg_06_07.wl"
"PASS: ""Hgq input hash Pg_06_08.wl"
"PASS: ""Hgq input hash Pg_07_07.wl"
"PASS: ""Hgq input hash Pg_07_08.wl"
"PASS: ""Hgq input hash Pg_08_08.wl"
"PASS: ""Hgq input hash PhotonWard_01_01.wl"
"PASS: ""Hgq input hash PhotonWard_01_02.wl"
"PASS: ""Hgq input hash PhotonWard_01_03.wl"
"PASS: ""Hgq input hash PhotonWard_01_04.wl"
"PASS: ""Hgq input hash PhotonWard_01_05.wl"
"PASS: ""Hgq input hash PhotonWard_01_06.wl"
"PASS: ""Hgq input hash PhotonWard_01_07.wl"
"PASS: ""Hgq input hash PhotonWard_01_08.wl"
"PASS: ""Hgq input hash PhotonWard_02_02.wl"
"PASS: ""Hgq input hash PhotonWard_02_03.wl"
"PASS: ""Hgq input hash PhotonWard_02_04.wl"
"PASS: ""Hgq input hash PhotonWard_02_05.wl"
"PASS: ""Hgq input hash PhotonWard_02_06.wl"
"PASS: ""Hgq input hash PhotonWard_02_07.wl"
"PASS: ""Hgq input hash PhotonWard_02_08.wl"
"PASS: ""Hgq input hash PhotonWard_03_03.wl"
"PASS: ""Hgq input hash PhotonWard_03_04.wl"
"PASS: ""Hgq input hash PhotonWard_03_05.wl"
"PASS: ""Hgq input hash PhotonWard_03_06.wl"
"PASS: ""Hgq input hash PhotonWard_03_07.wl"
"PASS: ""Hgq input hash PhotonWard_03_08.wl"
"PASS: ""Hgq input hash PhotonWard_04_04.wl"
"PASS: ""Hgq input hash PhotonWard_04_05.wl"
"PASS: ""Hgq input hash PhotonWard_04_06.wl"
"PASS: ""Hgq input hash PhotonWard_04_07.wl"
"PASS: ""Hgq input hash PhotonWard_04_08.wl"
"PASS: ""Hgq input hash PhotonWard_05_05.wl"
"PASS: ""Hgq input hash PhotonWard_05_06.wl"
"PASS: ""Hgq input hash PhotonWard_05_07.wl"
"PASS: ""Hgq input hash PhotonWard_05_08.wl"
"PASS: ""Hgq input hash PhotonWard_06_06.wl"
"PASS: ""Hgq input hash PhotonWard_06_07.wl"
"PASS: ""Hgq input hash PhotonWard_06_08.wl"
"PASS: ""Hgq input hash PhotonWard_07_07.wl"
"PASS: ""Hgq input hash PhotonWard_07_08.wl"
"PASS: ""Hgq input hash PhotonWard_08_08.wl"
"PASS: ""Hgq input hash Ppp_01_01.wl"
"PASS: ""Hgq input hash Ppp_01_02.wl"
"PASS: ""Hgq input hash Ppp_01_03.wl"
"PASS: ""Hgq input hash Ppp_01_04.wl"
"PASS: ""Hgq input hash Ppp_01_05.wl"
"PASS: ""Hgq input hash Ppp_01_06.wl"
"PASS: ""Hgq input hash Ppp_01_07.wl"
"PASS: ""Hgq input hash Ppp_01_08.wl"
"PASS: ""Hgq input hash Ppp_02_02.wl"
"PASS: ""Hgq input hash Ppp_02_03.wl"
"PASS: ""Hgq input hash Ppp_02_04.wl"
"PASS: ""Hgq input hash Ppp_02_05.wl"
"PASS: ""Hgq input hash Ppp_02_06.wl"
"PASS: ""Hgq input hash Ppp_02_07.wl"
"PASS: ""Hgq input hash Ppp_02_08.wl"
"PASS: ""Hgq input hash Ppp_03_03.wl"
"PASS: ""Hgq input hash Ppp_03_04.wl"
"PASS: ""Hgq input hash Ppp_03_05.wl"
"PASS: ""Hgq input hash Ppp_03_06.wl"
"PASS: ""Hgq input hash Ppp_03_07.wl"
"PASS: ""Hgq input hash Ppp_03_08.wl"
"PASS: ""Hgq input hash Ppp_04_04.wl"
"PASS: ""Hgq input hash Ppp_04_05.wl"
"PASS: ""Hgq input hash Ppp_04_06.wl"
"PASS: ""Hgq input hash Ppp_04_07.wl"
"PASS: ""Hgq input hash Ppp_04_08.wl"
"PASS: ""Hgq input hash Ppp_05_05.wl"
"PASS: ""Hgq input hash Ppp_05_06.wl"
"PASS: ""Hgq input hash Ppp_05_07.wl"
"PASS: ""Hgq input hash Ppp_05_08.wl"
"PASS: ""Hgq input hash Ppp_06_06.wl"
"PASS: ""Hgq input hash Ppp_06_07.wl"
"PASS: ""Hgq input hash Ppp_06_08.wl"
"PASS: ""Hgq input hash Ppp_07_07.wl"
"PASS: ""Hgq input hash Ppp_07_08.wl"
"PASS: ""Hgq input hash Ppp_08_08.wl"
"PASS: ""Hgq input hash s03_contract_real.wl"
"PASS: ""Hgq input hash s03_execution.json"
"PASS: ""Hgq input hash s03_result.wl"
"PASS: ""Hgq input hash s03_run.log"
"PASS: ""Hgq input hash s03_submission.json"
"PASS: ""Hgq input hash s08_collinear_subtraction.wl"
"PASS: ""Hgq input hash s08_execution.json"
"PASS: ""Hgq input hash s08_result.wl"
"PASS: ""Hgq input hash s08_run.log"
"PASS: ""Hgq input hash s08_submission.json"
"PASS: ""Hgq inherited Ward checks"
"PASS: ""unique source-to-common invariant map"
"PASS: ""every inherited scalar product reconstructs in common coordinates"
"PASS: ""Hgq exact unintegrated scalar tensors"
"CHANNEL_READY ""Hgq"" tensor keys "{"Pg", "Ppp"}
"PASS: ""Hgg accepted byte-preserved import"
"PASS: ""Hgg input hash README.md"
"PASS: ""Hgg input hash s01_amplitudes.wls"
"PASS: ""Hgg input hash s01_resources.json"
"PASS: ""Hgg input hash born_gq.wl"
"PASS: ""Hgg input hash born_qg.wl"
"PASS: ""Hgg input hash manifest.wl"
"PASS: ""Hgg input hash real.wl"
"PASS: ""Hgg input hash s01_result.log"
"PASS: ""Hgg input hash s02_resources.json"
"PASS: ""Hgg input hash born_gq.wl"
"PASS: ""Hgg input hash born_gq_0101.wl"
"PASS: ""Hgg input hash born_gq_0102.wl"
"PASS: ""Hgg input hash born_gq_0202.wl"
"PASS: ""Hgg input hash born_qg.wl"
"PASS: ""Hgg input hash born_qg_0101.wl"
"PASS: ""Hgg input hash born_qg_0102.wl"
"PASS: ""Hgg input hash born_qg_0202.wl"
"PASS: ""Hgg input hash kinematics.wl"
"PASS: ""Hgg input hash real.wl"
"PASS: ""Hgg input hash real_0101.wl"
"PASS: ""Hgg input hash real_0102.wl"
"PASS: ""Hgg input hash real_0103.wl"
"PASS: ""Hgg input hash real_0104.wl"
"PASS: ""Hgg input hash real_0105.wl"
"PASS: ""Hgg input hash real_0106.wl"
"PASS: ""Hgg input hash real_0107.wl"
"PASS: ""Hgg input hash real_0108.wl"
"PASS: ""Hgg input hash real_0202.wl"
"PASS: ""Hgg input hash real_0203.wl"
"PASS: ""Hgg input hash real_0204.wl"
"PASS: ""Hgg input hash real_0205.wl"
"PASS: ""Hgg input hash real_0206.wl"
"PASS: ""Hgg input hash real_0207.wl"
"PASS: ""Hgg input hash real_0208.wl"
"PASS: ""Hgg input hash real_0303.wl"
"PASS: ""Hgg input hash real_0304.wl"
"PASS: ""Hgg input hash real_0305.wl"
"PASS: ""Hgg input hash real_0306.wl"
"PASS: ""Hgg input hash real_0307.wl"
"PASS: ""Hgg input hash real_0308.wl"
"PASS: ""Hgg input hash real_0404.wl"
"PASS: ""Hgg input hash real_0405.wl"
"PASS: ""Hgg input hash real_0406.wl"
"PASS: ""Hgg input hash real_0407.wl"
"PASS: ""Hgg input hash real_0408.wl"
"PASS: ""Hgg input hash real_0505.wl"
"PASS: ""Hgg input hash real_0506.wl"
"PASS: ""Hgg input hash real_0507.wl"
"PASS: ""Hgg input hash real_0508.wl"
"PASS: ""Hgg input hash real_0606.wl"
"PASS: ""Hgg input hash real_0607.wl"
"PASS: ""Hgg input hash real_0608.wl"
"PASS: ""Hgg input hash real_0707.wl"
"PASS: ""Hgg input hash real_0708.wl"
"PASS: ""Hgg input hash real_0808.wl"
"PASS: ""Hgg input hash s02_result.log"
"PASS: ""Hgg input hash s02_square.wls"
"PASS: ""Hgg inherited Ward checks"
"PASS: ""unique source-to-common invariant map"
"PASS: ""every inherited scalar product reconstructs in common coordinates"
"PASS: ""Hgg exact unintegrated scalar tensors"
"CHANNEL_READY ""Hgg"" tensor keys "{"g", "pp"}
"PASS: ""Hqqbar accepted byte-preserved import"
"PASS: ""Hqqbar input hash README.md"
"PASS: ""Hqqbar input hash s01_amplitudes.wls"
"PASS: ""Hqqbar input hash s01_resources.json"
"PASS: ""Hqqbar input hash born_gq.wl"
"PASS: ""Hqqbar input hash born_qg.wl"
"PASS: ""Hqqbar input hash manifest.wl"
"PASS: ""Hqqbar input hash real.wl"
"PASS: ""Hqqbar input hash s01_result.log"
"PASS: ""Hqqbar input hash s02_resources.json"
"PASS: ""Hqqbar input hash born_gq.wl"
"PASS: ""Hqqbar input hash born_gq_0101.wl"
"PASS: ""Hqqbar input hash born_gq_0102.wl"
"PASS: ""Hqqbar input hash born_gq_0202.wl"
"PASS: ""Hqqbar input hash born_qg.wl"
"PASS: ""Hqqbar input hash born_qg_0101.wl"
"PASS: ""Hqqbar input hash born_qg_0102.wl"
"PASS: ""Hqqbar input hash born_qg_0202.wl"
"PASS: ""Hqqbar input hash kinematics.wl"
"PASS: ""Hqqbar input hash real.wl"
"PASS: ""Hqqbar input hash real_0101.wl"
"PASS: ""Hqqbar input hash real_0102.wl"
"PASS: ""Hqqbar input hash real_0103.wl"
"PASS: ""Hqqbar input hash real_0104.wl"
"PASS: ""Hqqbar input hash real_0105.wl"
"PASS: ""Hqqbar input hash real_0106.wl"
"PASS: ""Hqqbar input hash real_0107.wl"
"PASS: ""Hqqbar input hash real_0108.wl"
"PASS: ""Hqqbar input hash real_0202.wl"
"PASS: ""Hqqbar input hash real_0203.wl"
"PASS: ""Hqqbar input hash real_0204.wl"
"PASS: ""Hqqbar input hash real_0205.wl"
"PASS: ""Hqqbar input hash real_0206.wl"
"PASS: ""Hqqbar input hash real_0207.wl"
"PASS: ""Hqqbar input hash real_0208.wl"
"PASS: ""Hqqbar input hash real_0303.wl"
"PASS: ""Hqqbar input hash real_0304.wl"
"PASS: ""Hqqbar input hash real_0305.wl"
"PASS: ""Hqqbar input hash real_0306.wl"
"PASS: ""Hqqbar input hash real_0307.wl"
"PASS: ""Hqqbar input hash real_0308.wl"
"PASS: ""Hqqbar input hash real_0404.wl"
"PASS: ""Hqqbar input hash real_0405.wl"
"PASS: ""Hqqbar input hash real_0406.wl"
"PASS: ""Hqqbar input hash real_0407.wl"
"PASS: ""Hqqbar input hash real_0408.wl"
"PASS: ""Hqqbar input hash real_0505.wl"
"PASS: ""Hqqbar input hash real_0506.wl"
"PASS: ""Hqqbar input hash real_0507.wl"
"PASS: ""Hqqbar input hash real_0508.wl"
"PASS: ""Hqqbar input hash real_0606.wl"
"PASS: ""Hqqbar input hash real_0607.wl"
"PASS: ""Hqqbar input hash real_0608.wl"
"PASS: ""Hqqbar input hash real_0707.wl"
"PASS: ""Hqqbar input hash real_0708.wl"
"PASS: ""Hqqbar input hash real_0808.wl"
"PASS: ""Hqqbar input hash s02_result.log"
"PASS: ""Hqqbar input hash s02_square.wls"
"PASS: ""Hqqbar inherited Ward checks"
"PASS: ""unique source-to-common invariant map"
"PASS: ""every inherited scalar product reconstructs in common coordinates"
"PASS: ""Hqqbar exact unintegrated scalar tensors"
"CHANNEL_READY ""Hqqbar"" tensor keys "{"g", "pp"}
"PASS: ""Hqqprime accepted byte-preserved import"
"PASS: ""Hqqprime input hash README.md"
"PASS: ""Hqqprime input hash s01_amplitudes.wls"
"PASS: ""Hqqprime input hash s01_resources.json"
"PASS: ""Hqqprime input hash born_gq.wl"
"PASS: ""Hqqprime input hash born_qg.wl"
"PASS: ""Hqqprime input hash manifest.wl"
"PASS: ""Hqqprime input hash real.wl"
"PASS: ""Hqqprime input hash s01_result.log"
"PASS: ""Hqqprime input hash s02_resources.json"
"PASS: ""Hqqprime input hash born_gq.wl"
"PASS: ""Hqqprime input hash born_gq_0101.wl"
"PASS: ""Hqqprime input hash born_gq_0102.wl"
"PASS: ""Hqqprime input hash born_gq_0202.wl"
"PASS: ""Hqqprime input hash born_qg.wl"
"PASS: ""Hqqprime input hash born_qg_0101.wl"
"PASS: ""Hqqprime input hash born_qg_0102.wl"
"PASS: ""Hqqprime input hash born_qg_0202.wl"
"PASS: ""Hqqprime input hash kinematics.wl"
"PASS: ""Hqqprime input hash real.wl"
"PASS: ""Hqqprime input hash real_0101.wl"
"PASS: ""Hqqprime input hash real_0102.wl"
"PASS: ""Hqqprime input hash real_0103.wl"
"PASS: ""Hqqprime input hash real_0104.wl"
"PASS: ""Hqqprime input hash real_0202.wl"
"PASS: ""Hqqprime input hash real_0203.wl"
"PASS: ""Hqqprime input hash real_0204.wl"
"PASS: ""Hqqprime input hash real_0303.wl"
"PASS: ""Hqqprime input hash real_0304.wl"
"PASS: ""Hqqprime input hash real_0404.wl"
"PASS: ""Hqqprime input hash s02_result.log"
"PASS: ""Hqqprime input hash s02_square.wls"
"PASS: ""Hqqprime inherited Ward checks"
"PASS: ""unique source-to-common invariant map"
"PASS: ""every inherited scalar product reconstructs in common coordinates"
"PASS: ""Hqqprime exact unintegrated scalar tensors"
"CHANNEL_READY ""Hqqprime"" tensor keys "{"g", "pp"}
"S02_SUCCESS: "12" candidate cut families; all channel maps checked."
MONITOR_WAKE {"stage": "s02", "source": "s02_definitions.wl", "source_sha256": "39d5225662b92b1f9ecd654e6edb721f9f6ad1b52facf2e0a9ba59f616145eed", "job_id": "14692733", "host": "n7132", "exit_code": 0, "success_marker": true, "accepted_execution": true, "guard": null, "peak_rss_bytes": 232914944, "elapsed_seconds": 19.692039643996395, "completed_utc": "2026-09-07T08:59:03.359219+00:00"}
