MONITOR_START job=14687798 host=n6406 kernel_pid=178959
"PASS: ""complete evaluated angular masters exist"
"PASS: ""S05 source identity"
"PASS: ""S06 source identity"
"PASS: ""regulated endpoint integral evaluated"
"Parallel budget inputs: "InputForm[{4, 1, Infinity}]
"PASS: ""angular workers share compute node and runtime"
"Angular worker count = "4
"From remote kernel:"
"\"Pg\"\" real term \"2\"/\"187\"; memory = \"53266152\n"
"From remote kernel:"
"\"Pg\"\" real term \"3\"/\"187\"; memory = \"53266000\n"
"From remote kernel:"
"\"Pg\"\" real term \"1\"/\"187\"; memory = \"53266224\n"
"From remote kernel:"
"\"Pg\"\" real term \"4\"/\"187\"; memory = \"53267568\n"
"From remote kernel:"
"\"PASS: \"\"one mixed denominator is massive\"\n"
"From remote kernel:"
"\"PASS: \"\"one mixed denominator is massive\"\n"
"From remote kernel:"
"\"PASS: \"\"one mixed denominator is massive\"\n"
"From remote kernel:"
"\"PASS: \"\"ordinary real term is fully evaluated\"\n"
"From remote kernel:"
"\"PASS: \"\"ordinary real term is fully evaluated\"\n"
"From remote kernel:"
"\"PASS: \"\"ordinary real term is fully evaluated\"\n"
"From remote kernel:"
"\"PASS: \"\"one mixed denominator is massive\"\n"
"From remote kernel:"
"\"PASS: \"\"massive angular denominator stays separated at the soft endpoint\"\n"
"From remote kernel:"
"\"PASS: \"\"soft expansion is a Laurent series\"\n"
"From remote kernel:"
"\"PASS: \"\"soft series covers the requested pole order\"\n"
"From remote kernel:"
"\"PASS: \"\"massive angular denominator stays separated at the soft endpoint\"\n"
"From remote kernel:"
"\"PASS: \"\"massive angular denominator stays separated at the soft endpoint\"\n"
"From remote kernel:"
"\"PASS: \"\"soft coefficients contain no recoil variable\"\n"
"From remote kernel:"
"\"PASS: \"\"soft expansion is a Laurent series\"\n"
"From remote kernel:"
"\"PASS: \"\"soft series covers the requested pole order\"\n"
"From remote kernel:"
"\"PASS: \"\"soft expansion is a Laurent series\"\n"
"From remote kernel:"
"\"PASS: \"\"ordinary real term is fully evaluated\"\n"
"From remote kernel:"
"\"PASS: \"\"soft series covers the requested pole order\"\n"
"From remote kernel:"
"\"PASS: \"\"soft coefficients contain no recoil variable\"\n"
"From remote kernel:"
"\"PASS: \"\"massive angular denominator stays separated at the soft endpoint\"\n"
"From remote kernel:"
"\"PASS: \"\"soft expansion is a Laurent series\"\n"
"From remote kernel:"
"\"PASS: \"\"soft coefficients contain no recoil variable\"\n"
"From remote kernel:"
"\"PASS: \"\"soft series covers the requested pole order\"\n"
"From remote kernel:"
"\"PASS: \"\"massive angular denominator stays separated at the soft endpoint\"\n"
"From remote kernel:"
"\"PASS: \"\"soft coefficients contain no recoil variable\"\n"
"From remote kernel:"
"\"Pg\"\" real term \"5\"/\"187\"; memory = \"219322128\n"
"From remote kernel:"
"\"PASS: \"\"massive angular denominator stays separated at the soft endpoint\"\n"
"From remote kernel:"
"\"PASS: \"\"soft expansion is a Laurent series\"\n"
"From remote kernel:"
"\"PASS: \"\"soft series covers the requested pole order\"\n"
"From remote kernel:"
"\"PASS: \"\"massive angular denominator stays separated at the soft endpoint\"\n"
"From remote kernel:"
"\"PASS: \"\"soft expansion is a Laurent series\"\n"
"From remote kernel:"
"\"PASS: \"\"soft coefficients contain no recoil variable\"\n"
"From remote kernel:"
"\"PASS: \"\"ordinary real term is fully evaluated\"\n"
"From remote kernel:"
"\"PASS: \"\"soft series covers the requested pole order\"\n"
"From remote kernel:"
"\"Pg\"\" real term \"6\"/\"187\"; memory = \"219513928\n"
"From remote kernel:"
"\"PASS: \"\"massive angular denominator stays separated at the soft endpoint\"\n"
"From remote kernel:"
"\"PASS: \"\"soft expansion is a Laurent series\"\n"
"From remote kernel:"
"\"PASS: \"\"soft series covers the requested pole order\"\n"
"From remote kernel:"
"\"PASS: \"\"soft coefficients contain no recoil variable\"\n"
"From remote kernel:"
"\"PASS: \"\"ordinary real term is fully evaluated\"\n"
"From remote kernel:"
"\"PASS: \"\"soft expansion is a Laurent series\"\n"
"From remote kernel:"
"\"PASS: \"\"soft series covers the requested pole order\"\n"
"From remote kernel:"
"\"Pg\"\" real term \"7\"/\"187\"; memory = \"220796832\n"
"From remote kernel:"
"\"PASS: \"\"massive angular denominator stays separated at the soft endpoint\"\n"
"From remote kernel:"
"\"PASS: \"\"soft expansion is a Laurent series\"\n"
"From remote kernel:"
"\"PASS: \"\"soft series covers the requested pole order\"\n"
"From remote kernel:"
"\"PASS: \"\"soft coefficients contain no recoil variable\"\n"
"From remote kernel:"
"\"PASS: \"\"massive angular denominator stays separated at the soft endpoint\"\n"
"From remote kernel:"
"\"PASS: \"\"soft coefficients contain no recoil variable\"\n"
"From remote kernel:"
"\"PASS: \"\"soft coefficients contain no recoil variable\"\n"
"From remote kernel:"
"\"PASS: \"\"soft expansion is a Laurent series\"\n"
"From remote kernel:"
"\"PASS: \"\"soft series covers the requested pole order\"\n"
"From remote kernel:"
"\"PASS: \"\"massive angular denominator stays separated at the soft endpoint\"\n"
"From remote kernel:"
"\"PASS: \"\"soft expansion is a Laurent series\"\n"
"From remote kernel:"
"\"PASS: \"\"massive angular denominator stays separated at the soft endpoint\"\n"
"From remote kernel:"
"\"PASS: \"\"soft series covers the requested pole order\"\n"
"From remote kernel:"
"\"PASS: \"\"soft coefficients contain no recoil variable\"\n"
"From remote kernel:"
"\"Pg\"\" real term \"8\"/\"187\"; memory = \"221954896\n"
"From remote kernel:"
"\"PASS: \"\"soft expansion is a Laurent series\"\n"
"From remote kernel:"
"\"PASS: \"\"soft series covers the requested pole order\"\n"
"From remote kernel:"
"\"PASS: \"\"soft coefficients contain no recoil variable\"\n"
"From remote kernel:"
"\"PASS: \"\"ordinary real term is fully evaluated\"\n"
"From remote kernel:"
"\"PASS: \"\"massive angular denominator stays separated at the soft endpoint\"\n"
"From remote kernel:"
"\"Pg\"\" real term \"9\"/\"187\"; memory = \"222451208\n"
"From remote kernel:"
"\"PASS: \"\"soft expansion is a Laurent series\"\n"
"From remote kernel:"
"\"PASS: \"\"soft series covers the requested pole order\"\n"
"From remote kernel:"
"\"PASS: \"\"ordinary real term is fully evaluated\"\n"
"From remote kernel:"
"\"PASS: \"\"ordinary real term is fully evaluated\"\n"
"From remote kernel:"
"\"PASS: \"\"massive angular denominator stays separated at the soft endpoint\"\n"
"From remote kernel:"
"\"PASS: \"\"massive angular denominator stays separated at the soft endpoint\"\n"
"From remote kernel:"
"\"PASS: \"\"soft coefficients contain no recoil variable\"\n"
"From remote kernel:"
"\"PASS: \"\"soft expansion is a Laurent series\"\n"
"From remote kernel:"
"\"Pg\"\" real term \"10\"/\"187\"; memory = \"220582608\n"
"From remote kernel:"
"\"PASS: \"\"soft series covers the requested pole order\"\n"
"From remote kernel:"
"\"PASS: \"\"soft coefficients contain no recoil variable\"\n"
"From remote kernel:"
"\"PASS: \"\"soft expansion is a Laurent series\"\n"
"From remote kernel:"
"\"PASS: \"\"massive angular denominator stays separated at the soft endpoint\"\n"
"From remote kernel:"
"\"PASS: \"\"soft series covers the requested pole order\"\n"
"From remote kernel:"
"\"PASS: \"\"soft coefficients contain no recoil variable\"\n"
"From remote kernel:"
"\"PASS: \"\"soft expansion is a Laurent series\"\n"
"From remote kernel:"
"\"PASS: \"\"massive angular denominator stays separated at the soft endpoint\"\n"
"From remote kernel:"
"\"PASS: \"\"soft series covers the requested pole order\"\n"
"From remote kernel:"
"\"PASS: \"\"soft coefficients contain no recoil variable\"\n"
"From remote kernel:"
"\"PASS: \"\"ordinary real term is fully evaluated\"\n"
"From remote kernel:"
"\"PASS: \"\"massive angular denominator stays separated at the soft endpoint\"\n"
"From remote kernel:"
"\"PASS: \"\"massive angular denominator stays separated at the soft endpoint\"\n"
"From remote kernel:"
"\"PASS: \"\"soft expansion is a Laurent series\"\n"
"From remote kernel:"
"\"PASS: \"\"soft series covers the requested pole order\"\n"
"From remote kernel:"
"\"PASS: \"\"soft coefficients contain no recoil variable\"\n"
"From remote kernel:"
"\"PASS: \"\"soft expansion is a Laurent series\"\n"
"From remote kernel:"
"\"PASS: \"\"soft expansion is a Laurent series\"\n"
"From remote kernel:"
"\"PASS: \"\"soft series covers the requested pole order\"\n"
"From remote kernel:"
"\"PASS: \"\"soft series covers the requested pole order\"\n"
"From remote kernel:"
"\"PASS: \"\"soft coefficients contain no recoil variable\"\n"
"From remote kernel:"
"\"Pg\"\" real term \"11\"/\"187\"; memory = \"224054544\n"
"From remote kernel:"
"\"Pg\"\" real term \"12\"/\"187\"; memory = \"225994496\n"
"From remote kernel:"
"\"PASS: \"\"soft coefficients contain no recoil variable\"\n"
"From remote kernel:"
"\"Pg\"\" real term \"13\"/\"187\"; memory = \"226282664\n"
"From remote kernel:"
"\"PASS: \"\"soft coefficients contain no recoil variable\"\n"
"From remote kernel:"
"\"PASS: \"\"ordinary real term is fully evaluated\"\n"
"From remote kernel:"
"\"PASS: \"\"ordinary real term is fully evaluated\"\n"
"From remote kernel:"
"\"PASS: \"\"massive angular denominator stays separated at the soft endpoint\"\n"
"From remote kernel:"
"\"PASS: \"\"massive angular denominator stays separated at the soft endpoint\"\n"
"From remote kernel:"
"\"PASS: \"\"massive angular denominator stays separated at the soft endpoint\"\n"
"From remote kernel:"
"\"PASS: \"\"soft expansion is a Laurent series\"\n"
"From remote kernel:"
"\"PASS: \"\"soft series covers the requested pole order\"\n"
"From remote kernel:"
"\"PASS: \"\"soft expansion is a Laurent series\"\n"
"From remote kernel:"
"\"PASS: \"\"soft series covers the requested pole order\"\n"
"From remote kernel:"
"\"PASS: \"\"soft coefficients contain no recoil variable\"\n"
"From remote kernel:"
"\"PASS: \"\"massive angular denominator stays separated at the soft endpoint\"\n"
"From remote kernel:"
"\"PASS: \"\"soft expansion is a Laurent series\"\n"
"From remote kernel:"
"\"PASS: \"\"soft series covers the requested pole order\"\n"
"From remote kernel:"
"\"PASS: \"\"soft expansion is a Laurent series\"\n"
"From remote kernel:"
"\"PASS: \"\"soft series covers the requested pole order\"\n"
"From remote kernel:"
"\"PASS: \"\"soft coefficients contain no recoil variable\"\n"
"From remote kernel:"
"\"PASS: \"\"soft coefficients contain no recoil variable\"\n"
"From remote kernel:"
"\"Pg\"\" real term \"14\"/\"187\"; memory = \"217303840\n"
"From remote kernel:"
"\"Pg\"\" real term \"15\"/\"187\"; memory = \"227599112\n"
"From remote kernel:"
"\"PASS: \"\"soft coefficients contain no recoil variable\"\n"
"From remote kernel:"
"\"PASS: \"\"massive angular denominator stays separated at the soft endpoint\"\n"
"From remote kernel:"
"\"PASS: \"\"ordinary real term is fully evaluated\"\n"
"From remote kernel:"
"\"PASS: \"\"ordinary real term is fully evaluated\"\n"
"From remote kernel:"
"\"PASS: \"\"massive angular denominator stays separated at the soft endpoint\"\n"
"From remote kernel:"
"\"PASS: \"\"massive angular denominator stays separated at the soft endpoint\"\n"
"From remote kernel:"
"\"PASS: \"\"soft expansion is a Laurent series\"\n"
"From remote kernel:"
"\"PASS: \"\"soft series covers the requested pole order\"\n"
"From remote kernel:"
"\"PASS: \"\"soft expansion is a Laurent series\"\n"
"From remote kernel:"
"\"PASS: \"\"soft series covers the requested pole order\"\n"
"From remote kernel:"
"\"PASS: \"\"soft expansion is a Laurent series\"\n"
"From remote kernel:"
"\"PASS: \"\"soft series covers the requested pole order\"\n"
"From remote kernel:"
"\"PASS: \"\"soft coefficients contain no recoil variable\"\n"
"From remote kernel:"
"\"Pg\"\" real term \"16\"/\"187\"; memory = \"231158440\n"
"From remote kernel:"
"\"PASS: \"\"soft coefficients contain no recoil variable\"\n"
"From remote kernel:"
"\"PASS: \"\"soft coefficients contain no recoil variable\"\n"
"From remote kernel:"
"\"PASS: \"\"massive angular denominator stays separated at the soft endpoint\"\n"
"From remote kernel:"
"\"PASS: \"\"ordinary real term is fully evaluated\"\n"
"From remote kernel:"
"\"PASS: \"\"massive angular denominator stays separated at the soft endpoint\"\n"
"From remote kernel:"
"\"PASS: \"\"massive angular denominator stays separated at the soft endpoint\"\n"
"From remote kernel:"
"\"PASS: \"\"soft expansion is a Laurent series\"\n"
"From remote kernel:"
"\"PASS: \"\"soft series covers the requested pole order\"\n"
"From remote kernel:"
"\"PASS: \"\"ordinary real term is fully evaluated\"\n"
"From remote kernel:"
"\"PASS: \"\"soft coefficients contain no recoil variable\"\n"
"From remote kernel:"
"\"PASS: \"\"soft expansion is a Laurent series\"\n"
"From remote kernel:"
"\"PASS: \"\"soft series covers the requested pole order\"\n"
"From remote kernel:"
"\"Pg\"\" real term \"17\"/\"187\"; memory = \"220564184\n"
"From remote kernel:"
"\"PASS: \"\"soft expansion is a Laurent series\"\n"
"From remote kernel:"
"\"PASS: \"\"soft series covers the requested pole order\"\n"
"From remote kernel:"
"\"PASS: \"\"massive angular denominator stays separated at the soft endpoint\"\n"
"From remote kernel:"
"\"PASS: \"\"soft coefficients contain no recoil variable\"\n"
"From remote kernel:"
"\"Pg\"\" real term \"18\"/\"187\"; memory = \"234572800\n"
"From remote kernel:"
"\"PASS: \"\"soft coefficients contain no recoil variable\"\n"
"From remote kernel:"
"\"PASS: \"\"massive angular denominator stays separated at the soft endpoint\"\n"
"From remote kernel:"
"\"PASS: \"\"soft expansion is a Laurent series\"\n"
"From remote kernel:"
"\"PASS: \"\"ordinary real term is fully evaluated\"\n"
"From remote kernel:"
"\"PASS: \"\"soft series covers the requested pole order\"\n"
"From remote kernel:"
"\"PASS: \"\"soft expansion is a Laurent series\"\n"
"From remote kernel:"
"\"PASS: \"\"soft series covers the requested pole order\"\n"
"From remote kernel:"
"\"PASS: \"\"soft coefficients contain no recoil variable\"\n"
"From remote kernel:"
"\"PASS: \"\"massive angular denominator stays separated at the soft endpoint\"\n"
"From remote kernel:"
"\"PASS: \"\"soft coefficients contain no recoil variable\"\n"
"From remote kernel:"
"\"Pg\"\" real term \"19\"/\"187\"; memory = \"236124280\n"
"From remote kernel:"
"\"PASS: \"\"ordinary real term is fully evaluated\"\n"
"From remote kernel:"
"\"PASS: \"\"massive angular denominator stays separated at the soft endpoint\"\n"
"From remote kernel:"
"\"PASS: \"\"massive angular denominator stays separated at the soft endpoint\"\n"
"From remote kernel:"
"\"PASS: \"\"soft expansion is a Laurent series\"\n"
"From remote kernel:"
"\"PASS: \"\"soft series covers the requested pole order\"\n"
"From remote kernel:"
"\"PASS: \"\"ordinary real term is fully evaluated\"\n"
"From remote kernel:"
"\"PASS: \"\"soft coefficients contain no recoil variable\"\n"
"From remote kernel:"
"\"PASS: \"\"massive angular denominator stays separated at the soft endpoint\"\n"
"From remote kernel:"
"\"PASS: \"\"soft expansion is a Laurent series\"\n"
"From remote kernel:"
"\"PASS: \"\"soft series covers the requested pole order\"\n"
"From remote kernel:"
"\"PASS: \"\"soft coefficients contain no recoil variable\"\n"
"From remote kernel:"
"\"PASS: \"\"soft expansion is a Laurent series\"\n"
"From remote kernel:"
"\"PASS: \"\"massive angular denominator stays separated at the soft endpoint\"\n"
"From remote kernel:"
"\"PASS: \"\"soft series covers the requested pole order\"\n"
"From remote kernel:"
"\"Pg\"\" real term \"20\"/\"187\"; memory = \"236425704\n"
"From remote kernel:"
"\"PASS: \"\"soft expansion is a Laurent series\"\n"
"From remote kernel:"
"\"PASS: \"\"soft series covers the requested pole order\"\n"
"From remote kernel:"
"\"PASS: \"\"soft coefficients contain no recoil variable\"\n"
"From remote kernel:"
"\"Pg\"\" real term \"21\"/\"187\"; memory = \"241487032\n"
"From remote kernel:"
"\"PASS: \"\"soft coefficients contain no recoil variable\"\n"
"From remote kernel:"
"\"PASS: \"\"soft expansion is a Laurent series\"\n"
"From remote kernel:"
"\"PASS: \"\"ordinary real term is fully evaluated\"\n"
"From remote kernel:"
"\"PASS: \"\"soft series covers the requested pole order\"\n"
"From remote kernel:"
"\"PASS: \"\"ordinary real term is fully evaluated\"\n"
"From remote kernel:"
"\"PASS: \"\"massive angular denominator stays separated at the soft endpoint\"\n"
"From remote kernel:"
"\"PASS: \"\"massive angular denominator stays separated at the soft endpoint\"\n"
"From remote kernel:"
"\"PASS: \"\"massive angular denominator stays separated at the soft endpoint\"\n"
"From remote kernel:"
"\"PASS: \"\"soft expansion is a Laurent series\"\n"
"From remote kernel:"
"\"PASS: \"\"soft coefficients contain no recoil variable\"\n"
"From remote kernel:"
"\"PASS: \"\"soft series covers the requested pole order\"\n"
"From remote kernel:"
"\"PASS: \"\"soft expansion is a Laurent series\"\n"
"From remote kernel:"
"\"PASS: \"\"soft series covers the requested pole order\"\n"
"From remote kernel:"
"\"PASS: \"\"soft coefficients contain no recoil variable\"\n"
"From remote kernel:"
"\"PASS: \"\"massive angular denominator stays separated at the soft endpoint\"\n"
"From remote kernel:"
"\"PASS: \"\"massive angular denominator stays separated at the soft endpoint\"\n"
"From remote kernel:"
"\"PASS: \"\"soft expansion is a Laurent series\"\n"
"From remote kernel:"
"\"PASS: \"\"soft series covers the requested pole order\"\n"
"From remote kernel:"
"\"PASS: \"\"soft coefficients contain no recoil variable\"\n"
"From remote kernel:"
"\"PASS: \"\"massive angular denominator stays separated at the soft endpoint\"\n"
"From remote kernel:"
"\"PASS: \"\"soft coefficients contain no recoil variable\"\n"
"From remote kernel:"
"\"PASS: \"\"soft expansion is a Laurent series\"\n"
"From remote kernel:"
"\"PASS: \"\"soft expansion is a Laurent series\"\n"
"From remote kernel:"
"\"PASS: \"\"soft expansion is a Laurent series\"\n"
"From remote kernel:"
"\"PASS: \"\"soft series covers the requested pole order\"\n"
"From remote kernel:"
"\"PASS: \"\"soft series covers the requested pole order\"\n"
"From remote kernel:"
"\"PASS: \"\"soft series covers the requested pole order\"\n"
"From remote kernel:"
"\"Pg\"\" real term \"22\"/\"187\"; memory = \"217360608\n"
"From remote kernel:"
"\"PASS: \"\"soft coefficients contain no recoil variable\"\n"
"From remote kernel:"
"\"PASS: \"\"soft coefficients contain no recoil variable\"\n"
"From remote kernel:"
"\"PASS: \"\"soft coefficients contain no recoil variable\"\n"
"From remote kernel:"
"\"Pg\"\" real term \"23\"/\"187\"; memory = \"243766104\n"
"From remote kernel:"
"\"Pg\"\" real term \"24\"/\"187\"; memory = \"236192128\n"
"From remote kernel:"
"\"Pg\"\" real term \"25\"/\"187\"; memory = \"246977232\n"
"From remote kernel:"
"\"PASS: \"\"ordinary real term is fully evaluated\"\n"
"From remote kernel:"
"\"PASS: \"\"massive angular denominator stays separated at the soft endpoint\"\n"
"From remote kernel:"
"\"PASS: \"\"ordinary real term is fully evaluated\"\n"
"From remote kernel:"
"\"PASS: \"\"soft expansion is a Laurent series\"\n"
"From remote kernel:"
"\"PASS: \"\"soft series covers the requested pole order\"\n"
"From remote kernel:"
"\"PASS: \"\"massive angular denominator stays separated at the soft endpoint\"\n"
"From remote kernel:"
"\"PASS: \"\"ordinary real term is fully evaluated\"\n"
"From remote kernel:"
"\"PASS: \"\"ordinary real term is fully evaluated\"\n"
"From remote kernel:"
"\"PASS: \"\"massive angular denominator stays separated at the soft endpoint\"\n"
"From remote kernel:"
"\"PASS: \"\"soft coefficients contain no recoil variable\"\n"
"From remote kernel:"
"\"PASS: \"\"massive angular denominator stays separated at the soft endpoint\"\n"
"From remote kernel:"
"\"PASS: \"\"massive angular denominator stays separated at the soft endpoint\"\n"
"From remote kernel:"
"\"PASS: \"\"soft expansion is a Laurent series\"\n"
"From remote kernel:"
"\"PASS: \"\"soft series covers the requested pole order\"\n"
"From remote kernel:"
"\"PASS: \"\"soft expansion is a Laurent series\"\n"
"From remote kernel:"
"\"PASS: \"\"soft series covers the requested pole order\"\n"
"From remote kernel:"
"\"PASS: \"\"soft expansion is a Laurent series\"\n"
"From remote kernel:"
"\"PASS: \"\"soft coefficients contain no recoil variable\"\n"
"From remote kernel:"
"\"PASS: \"\"soft series covers the requested pole order\"\n"
"From remote kernel:"
"\"PASS: \"\"soft coefficients contain no recoil variable\"\n"
"From remote kernel:"
"\"Pg\"\" real term \"26\"/\"187\"; memory = \"229631832\n"
"From remote kernel:"
"\"PASS: \"\"massive angular denominator stays separated at the soft endpoint\"\n"
"From remote kernel:"
"\"PASS: \"\"soft coefficients contain no recoil variable\"\n"
"From remote kernel:"
"\"PASS: \"\"soft expansion is a Laurent series\"\n"
"From remote kernel:"
"\"PASS: \"\"soft series covers the requested pole order\"\n"
"From remote kernel:"
"\"PASS: \"\"massive angular denominator stays separated at the soft endpoint\"\n"
"From remote kernel:"
"\"PASS: \"\"soft coefficients contain no recoil variable\"\n"
"From remote kernel:"
"\"PASS: \"\"massive angular denominator stays separated at the soft endpoint\"\n"
"From remote kernel:"
"\"PASS: \"\"soft expansion is a Laurent series\"\n"
"From remote kernel:"
"\"PASS: \"\"soft series covers the requested pole order\"\n"
"From remote kernel:"
"\"PASS: \"\"soft coefficients contain no recoil variable\"\n"
"From remote kernel:"
"\"PASS: \"\"soft expansion is a Laurent series\"\n"
"From remote kernel:"
"\"Pg\"\" real term \"27\"/\"187\"; memory = \"261443192\n"
"From remote kernel:"
"\"PASS: \"\"soft series covers the requested pole order\"\n"
"From remote kernel:"
"\"PASS: \"\"soft coefficients contain no recoil variable\"\n"
"From remote kernel:"
"\"Pg\"\" real term \"28\"/\"187\"; memory = \"264967752\n"
"From remote kernel:"
"\"PASS: \"\"soft expansion is a Laurent series\"\n"
"From remote kernel:"
"\"PASS: \"\"soft series covers the requested pole order\"\n"
"From remote kernel:"
"\"PASS: \"\"soft coefficients contain no recoil variable\"\n"
"From remote kernel:"
"\"Pg\"\" real term \"29\"/\"187\"; memory = \"261923160\n"
"From remote kernel:"
"\"PASS: \"\"ordinary real term is fully evaluated\"\n"
"From remote kernel:"
"\"PASS: \"\"massive angular denominator stays separated at the soft endpoint\"\n"
"From remote kernel:"
"\"PASS: \"\"ordinary real term is fully evaluated\"\n"
"From remote kernel:"
"\"PASS: \"\"massive angular denominator stays separated at the soft endpoint\"\n"
"From remote kernel:"
"\"PASS: \"\"ordinary real term is fully evaluated\"\n"
"From remote kernel:"
"\"PASS: \"\"massive angular denominator stays separated at the soft endpoint\"\n"
"From remote kernel:"
"\"PASS: \"\"soft expansion is a Laurent series\"\n"
"From remote kernel:"
"\"PASS: \"\"soft series covers the requested pole order\"\n"
"From remote kernel:"
"\"PASS: \"\"soft coefficients contain no recoil variable\"\n"
"From remote kernel:"
"\"PASS: \"\"massive angular denominator stays separated at the soft endpoint\"\n"
"From remote kernel:"
"\"PASS: \"\"soft expansion is a Laurent series\"\n"
"From remote kernel:"
"\"PASS: \"\"soft series covers the requested pole order\"\n"
"From remote kernel:"
"\"PASS: \"\"soft coefficients contain no recoil variable\"\n"
"From remote kernel:"
"\"PASS: \"\"massive angular denominator stays separated at the soft endpoint\"\n"
"From remote kernel:"
"\"PASS: \"\"soft expansion is a Laurent series\"\n"
"From remote kernel:"
"\"PASS: \"\"soft series covers the requested pole order\"\n"
"From remote kernel:"
"\"PASS: \"\"soft expansion is a Laurent series\"\n"
"From remote kernel:"
"\"PASS: \"\"soft series covers the requested pole order\"\n"
"From remote kernel:"
"\"PASS: \"\"soft coefficients contain no recoil variable\"\n"
"From remote kernel:"
"\"PASS: \"\"massive angular denominator stays separated at the soft endpoint\"\n"
"From remote kernel:"
"\"PASS: \"\"soft coefficients contain no recoil variable\"\n"
"From remote kernel:"
"\"Pg\"\" real term \"30\"/\"187\"; memory = \"295134936\n"
"From remote kernel:"
"\"PASS: \"\"soft expansion is a Laurent series\"\n"
"From remote kernel:"
"\"PASS: \"\"soft series covers the requested pole order\"\n"
"From remote kernel:"
"\"PASS: \"\"ordinary real term is fully evaluated\"\n"
"From remote kernel:"
"\"PASS: \"\"massive angular denominator stays separated at the soft endpoint\"\n"
"From remote kernel:"
"\"PASS: \"\"soft coefficients contain no recoil variable\"\n"
"From remote kernel:"
"\"Pg\"\" real term \"31\"/\"187\"; memory = \"293832800\n"
"From remote kernel:"
"\"PASS: \"\"one mixed denominator is massive\"\n"
"From remote kernel:"
"\"PASS: \"\"ordinary real term is fully evaluated\"\n"
"From remote kernel:"
"\"PASS: \"\"massive angular denominator stays separated at the soft endpoint\"\n"
"From remote kernel:"
"\"PASS: \"\"soft expansion is a Laurent series\"\n"
"From remote kernel:"
"\"PASS: \"\"soft series covers the requested pole order\"\n"
"From remote kernel:"
"\"PASS: \"\"soft coefficients contain no recoil variable\"\n"
MONITOR_HEARTBEAT elapsed=30s rss=1692.1MiB peak=1692.1MiB
"From remote kernel:"
"\"PASS: \"\"massive angular denominator stays separated at the soft endpoint\"\n"
"From remote kernel:"
"\"PASS: \"\"soft expansion is a Laurent series\"\n"
"From remote kernel:"
"\"PASS: \"\"soft series covers the requested pole order\"\n"
"From remote kernel:"
"\"PASS: \"\"soft coefficients contain no recoil variable\"\n"
"From remote kernel:"
"\"Pg\"\" real term \"32\"/\"187\"; memory = \"292139592\n"
"From remote kernel:"
"\"PASS: \"\"ordinary real term is fully evaluated\"\n"
"From remote kernel:"
"\"PASS: \"\"massive angular denominator stays separated at the soft endpoint\"\n"
"From remote kernel:"
"\"PASS: \"\"soft expansion is a Laurent series\"\n"
"From remote kernel:"
"\"PASS: \"\"soft series covers the requested pole order\"\n"
"From remote kernel:"
"\"PASS: \"\"soft coefficients contain no recoil variable\"\n"
"From remote kernel:"
"\"PASS: \"\"massive angular denominator stays separated at the soft endpoint\"\n"
"From remote kernel:"
"\"PASS: \"\"soft expansion is a Laurent series\"\n"
"From remote kernel:"
"\"PASS: \"\"soft series covers the requested pole order\"\n"
"From remote kernel:"
"\"PASS: \"\"soft coefficients contain no recoil variable\"\n"
"From remote kernel:"
"\"Pg\"\" real term \"33\"/\"187\"; memory = \"291231344\n"
"From remote kernel:"
"\"PASS: \"\"ordinary real term is fully evaluated\"\n"
"From remote kernel:"
"\"PASS: \"\"massive angular denominator stays separated at the soft endpoint\"\n"
"From remote kernel:"
"\"PASS: \"\"ordinary real term is fully evaluated\"\n"
"From remote kernel:"
"\"PASS: \"\"massive angular denominator stays separated at the soft endpoint\"\n"
"From remote kernel:"
"\"PASS: \"\"soft expansion is a Laurent series\"\n"
"From remote kernel:"
"\"PASS: \"\"soft series covers the requested pole order\"\n"
"From remote kernel:"
"\"PASS: \"\"soft coefficients contain no recoil variable\"\n"
"From remote kernel:"
"\"PASS: \"\"massive angular denominator stays separated at the soft endpoint\"\n"
"From remote kernel:"
"\"PASS: \"\"soft expansion is a Laurent series\"\n"
"From remote kernel:"
"\"PASS: \"\"soft series covers the requested pole order\"\n"
"From remote kernel:"
"\"PASS: \"\"soft coefficients contain no recoil variable\"\n"
"From remote kernel:"
"\"Pg\"\" real term \"34\"/\"187\"; memory = \"291566352\n"
"From remote kernel:"
"\"PASS: \"\"ordinary real term is fully evaluated\"\n"
"From remote kernel:"
"\"PASS: \"\"massive angular denominator stays separated at the soft endpoint\"\n"
"From remote kernel:"
"\"PASS: \"\"soft expansion is a Laurent series\"\n"
"From remote kernel:"
"\"PASS: \"\"soft series covers the requested pole order\"\n"
"From remote kernel:"
"\"PASS: \"\"soft expansion is a Laurent series\"\n"
"From remote kernel:"
"\"PASS: \"\"soft coefficients contain no recoil variable\"\n"
"From remote kernel:"
"\"PASS: \"\"soft series covers the requested pole order\"\n"
"From remote kernel:"
"\"PASS: \"\"massive angular denominator stays separated at the soft endpoint\"\n"
"From remote kernel:"
"\"PASS: \"\"soft expansion is a Laurent series\"\n"
"From remote kernel:"
"\"PASS: \"\"soft series covers the requested pole order\"\n"
"From remote kernel:"
"\"PASS: \"\"soft coefficients contain no recoil variable\"\n"
"From remote kernel:"
"\"Pg\"\" real term \"35\"/\"187\"; memory = \"290304472\n"
"From remote kernel:"
"\"PASS: \"\"ordinary real term is fully evaluated\"\n"
"From remote kernel:"
"\"PASS: \"\"massive angular denominator stays separated at the soft endpoint\"\n"
"From remote kernel:"
"\"PASS: \"\"soft expansion is a Laurent series\"\n"
"From remote kernel:"
"\"PASS: \"\"soft coefficients contain no recoil variable\"\n"
"From remote kernel:"
"\"PASS: \"\"soft series covers the requested pole order\"\n"
"From remote kernel:"
"\"Pg\"\" real term \"36\"/\"187\"; memory = \"291664224\n"
"From remote kernel:"
"\"PASS: \"\"soft coefficients contain no recoil variable\"\n"
"From remote kernel:"
"\"PASS: \"\"massive angular denominator stays separated at the soft endpoint\"\n"
"From remote kernel:"
"\"PASS: \"\"one mixed denominator is massive\"\n"
"From remote kernel:"
"\"PASS: \"\"ordinary real term is fully evaluated\"\n"
"From remote kernel:"
"\"PASS: \"\"soft expansion is a Laurent series\"\n"
"From remote kernel:"
"\"PASS: \"\"soft series covers the requested pole order\"\n"
"From remote kernel:"
"\"PASS: \"\"massive angular denominator stays separated at the soft endpoint\"\n"
"From remote kernel:"
"\"PASS: \"\"soft coefficients contain no recoil variable\"\n"
"From remote kernel:"
"\"Pg\"\" real term \"37\"/\"187\"; memory = \"290480968\n"
"From remote kernel:"
"\"PASS: \"\"soft expansion is a Laurent series\"\n"
"From remote kernel:"
"\"PASS: \"\"soft series covers the requested pole order\"\n"
"From remote kernel:"
"\"PASS: \"\"ordinary real term is fully evaluated\"\n"
"From remote kernel:"
"\"PASS: \"\"massive angular denominator stays separated at the soft endpoint\"\n"
"From remote kernel:"
"\"PASS: \"\"soft expansion is a Laurent series\"\n"
"From remote kernel:"
"\"PASS: \"\"soft coefficients contain no recoil variable\"\n"
"From remote kernel:"
"\"PASS: \"\"soft series covers the requested pole order\"\n"
"From remote kernel:"
"\"PASS: \"\"massive angular denominator stays separated at the soft endpoint\"\n"
"From remote kernel:"
"\"PASS: \"\"soft expansion is a Laurent series\"\n"
"From remote kernel:"
"\"PASS: \"\"soft series covers the requested pole order\"\n"
"From remote kernel:"
"\"PASS: \"\"soft expansion is a Laurent series\"\n"
"From remote kernel:"
"\"PASS: \"\"soft series covers the requested pole order\"\n"
"From remote kernel:"
"\"PASS: \"\"soft coefficients contain no recoil variable\"\n"
"From remote kernel:"
"\"PASS: \"\"massive angular denominator stays separated at the soft endpoint\"\n"
"From remote kernel:"
"\"PASS: \"\"soft coefficients contain no recoil variable\"\n"
"From remote kernel:"
"\"PASS: \"\"soft expansion is a Laurent series\"\n"
"From remote kernel:"
"\"PASS: \"\"soft series covers the requested pole order\"\n"
"From remote kernel:"
"\"PASS: \"\"soft coefficients contain no recoil variable\"\n"
"From remote kernel:"
"\"Pg\"\" real term \"38\"/\"187\"; memory = \"289916440\n"
"From remote kernel:"
"\"PASS: \"\"massive angular denominator stays separated at the soft endpoint\"\n"
"From remote kernel:"
"\"PASS: \"\"soft coefficients contain no recoil variable\"\n"
"From remote kernel:"
"\"PASS: \"\"ordinary real term is fully evaluated\"\n"
"From remote kernel:"
"\"Pg\"\" real term \"39\"/\"187\"; memory = \"290635304\n"
"From remote kernel:"
"\"PASS: \"\"massive angular denominator stays separated at the soft endpoint\"\n"
"From remote kernel:"
"\"PASS: \"\"ordinary real term is fully evaluated\"\n"
"From remote kernel:"
"\"PASS: \"\"massive angular denominator stays separated at the soft endpoint\"\n"
"From remote kernel:"
"\"PASS: \"\"soft expansion is a Laurent series\"\n"
"From remote kernel:"
"\"PASS: \"\"soft series covers the requested pole order\"\n"
"From remote kernel:"
"\"PASS: \"\"soft coefficients contain no recoil variable\"\n"
"From remote kernel:"
"\"PASS: \"\"soft expansion is a Laurent series\"\n"
"From remote kernel:"
"\"PASS: \"\"massive angular denominator stays separated at the soft endpoint\"\n"
"From remote kernel:"
"\"PASS: \"\"soft series covers the requested pole order\"\n"
"From remote kernel:"
"\"PASS: \"\"soft coefficients contain no recoil variable\"\n"
"From remote kernel:"
"\"PASS: \"\"massive angular denominator stays separated at the soft endpoint\"\n"
"From remote kernel:"
"\"PASS: \"\"soft expansion is a Laurent series\"\n"
"From remote kernel:"
"\"PASS: \"\"soft series covers the requested pole order\"\n"
"From remote kernel:"
"\"PASS: \"\"soft coefficients contain no recoil variable\"\n"
"From remote kernel:"
"\"Pg\"\" real term \"40\"/\"187\"; memory = \"291744872\n"
"From remote kernel:"
"\"PASS: \"\"soft expansion is a Laurent series\"\n"
"From remote kernel:"
"\"PASS: \"\"soft series covers the requested pole order\"\n"
"From remote kernel:"
"\"PASS: \"\"soft coefficients contain no recoil variable\"\n"
"From remote kernel:"
"\"Pg\"\" real term \"41\"/\"187\"; memory = \"295414176\n"
"From remote kernel:"
"\"PASS: \"\"ordinary real term is fully evaluated\"\n"
"From remote kernel:"
"\"PASS: \"\"massive angular denominator stays separated at the soft endpoint\"\n"
"From remote kernel:"
"\"PASS: \"\"soft expansion is a Laurent series\"\n"
"From remote kernel:"
"\"PASS: \"\"soft series covers the requested pole order\"\n"
"From remote kernel:"
"\"PASS: \"\"soft coefficients contain no recoil variable\"\n"
"From remote kernel:"
"\"PASS: \"\"massive angular denominator stays separated at the soft endpoint\"\n"
"From remote kernel:"
"\"PASS: \"\"ordinary real term is fully evaluated\"\n"
"From remote kernel:"
"\"PASS: \"\"massive angular denominator stays separated at the soft endpoint\"\n"
"From remote kernel:"
"\"PASS: \"\"soft expansion is a Laurent series\"\n"
"From remote kernel:"
"\"PASS: \"\"soft series covers the requested pole order\"\n"
"From remote kernel:"
"\"PASS: \"\"soft expansion is a Laurent series\"\n"
"From remote kernel:"
"\"PASS: \"\"soft series covers the requested pole order\"\n"
"From remote kernel:"
"\"PASS: \"\"soft coefficients contain no recoil variable\"\n"
"From remote kernel:"
"\"Pg\"\" real term \"42\"/\"187\"; memory = \"295172064\n"
"From remote kernel:"
"\"PASS: \"\"soft expansion is a Laurent series\"\n"
"From remote kernel:"
"\"PASS: \"\"soft series covers the requested pole order\"\n"
"From remote kernel:"
"\"PASS: \"\"soft coefficients contain no recoil variable\"\n"
"From remote kernel:"
"\"PASS: \"\"massive angular denominator stays separated at the soft endpoint\"\n"
"From remote kernel:"
"\"PASS: \"\"ordinary real term is fully evaluated\"\n"
"From remote kernel:"
"\"PASS: \"\"soft expansion is a Laurent series\"\n"
"From remote kernel:"
"\"PASS: \"\"soft series covers the requested pole order\"\n"
"From remote kernel:"
"\"PASS: \"\"massive angular denominator stays separated at the soft endpoint\"\n"
"From remote kernel:"
"\"PASS: \"\"soft expansion is a Laurent series\"\n"
"From remote kernel:"
"\"PASS: \"\"soft coefficients contain no recoil variable\"\n"
"From remote kernel:"
"\"PASS: \"\"soft series covers the requested pole order\"\n"
"From remote kernel:"
"\"PASS: \"\"soft coefficients contain no recoil variable\"\n"
"From remote kernel:"
"\"PASS: \"\"soft coefficients contain no recoil variable\"\n"
"From remote kernel:"
"\"PASS: \"\"massive angular denominator stays separated at the soft endpoint\"\n"
"From remote kernel:"
"\"PASS: \"\"massive angular denominator stays separated at the soft endpoint\"\n"
"From remote kernel:"
"\"PASS: \"\"soft expansion is a Laurent series\"\n"
"From remote kernel:"
"\"PASS: \"\"soft series covers the requested pole order\"\n"
"From remote kernel:"
"\"Pg\"\" real term \"43\"/\"187\"; memory = \"218989128\n"
"From remote kernel:"
"\"PASS: \"\"soft coefficients contain no recoil variable\"\n"
"From remote kernel:"
"\"Pg\"\" real term \"44\"/\"187\"; memory = \"297149512\n"
"From remote kernel:"
"\"PASS: \"\"ordinary real term is fully evaluated\"\n"
"From remote kernel:"
"\"PASS: \"\"massive angular denominator stays separated at the soft endpoint\"\n"
"From remote kernel:"
"\"PASS: \"\"ordinary real term is fully evaluated\"\n"
"From remote kernel:"
"\"PASS: \"\"soft expansion is a Laurent series\"\n"
"From remote kernel:"
"\"PASS: \"\"soft series covers the requested pole order\"\n"
"From remote kernel:"
"\"PASS: \"\"massive angular denominator stays separated at the soft endpoint\"\n"
"From remote kernel:"
"\"PASS: \"\"soft coefficients contain no recoil variable\"\n"
"From remote kernel:"
"\"PASS: \"\"massive angular denominator stays separated at the soft endpoint\"\n"
"From remote kernel:"
"\"PASS: \"\"soft expansion is a Laurent series\"\n"
"From remote kernel:"
"\"PASS: \"\"soft series covers the requested pole order\"\n"
"From remote kernel:"
"\"PASS: \"\"soft expansion is a Laurent series\"\n"
"From remote kernel:"
"\"PASS: \"\"soft series covers the requested pole order\"\n"
"From remote kernel:"
"\"PASS: \"\"soft coefficients contain no recoil variable\"\n"
"From remote kernel:"
"\"PASS: \"\"soft coefficients contain no recoil variable\"\n"
"From remote kernel:"
"\"Pg\"\" real term \"45\"/\"187\"; memory = \"233031832\n"
"From remote kernel:"
"\"PASS: \"\"massive angular denominator stays separated at the soft endpoint\"\n"
"From remote kernel:"
"\"PASS: \"\"soft expansion is a Laurent series\"\n"
"From remote kernel:"
"\"PASS: \"\"soft series covers the requested pole order\"\n"
"From remote kernel:"
"\"PASS: \"\"ordinary real term is fully evaluated\"\n"
"From remote kernel:"
"\"PASS: \"\"soft coefficients contain no recoil variable\"\n"
"From remote kernel:"
"\"PASS: \"\"soft expansion is a Laurent series\"\n"
"From remote kernel:"
"\"PASS: \"\"soft series covers the requested pole order\"\n"
"From remote kernel:"
"\"PASS: \"\"massive angular denominator stays separated at the soft endpoint\"\n"
"From remote kernel:"
"\"PASS: \"\"soft coefficients contain no recoil variable\"\n"
"From remote kernel:"
"\"Pg\"\" real term \"46\"/\"187\"; memory = \"305807312\n"
"From remote kernel:"
"\"Pg\"\" real term \"47\"/\"187\"; memory = \"219109536\n"
"From remote kernel:"
"\"PASS: \"\"ordinary real term is fully evaluated\"\n"
"From remote kernel:"
"\"PASS: \"\"massive angular denominator stays separated at the soft endpoint\"\n"
"From remote kernel:"
"\"PASS: \"\"soft expansion is a Laurent series\"\n"
"From remote kernel:"
"\"PASS: \"\"soft series covers the requested pole order\"\n"
"From remote kernel:"
"\"PASS: \"\"one mixed denominator is massive\"\n"
"From remote kernel:"
"\"PASS: \"\"soft expansion is a Laurent series\"\n"
"From remote kernel:"
"\"PASS: \"\"ordinary real term is fully evaluated\"\n"
"From remote kernel:"
"\"PASS: \"\"soft series covers the requested pole order\"\n"
"From remote kernel:"
"\"PASS: \"\"soft coefficients contain no recoil variable\"\n"
"From remote kernel:"
"\"PASS: \"\"massive angular denominator stays separated at the soft endpoint\"\n"
"From remote kernel:"
"\"PASS: \"\"soft expansion is a Laurent series\"\n"
"From remote kernel:"
"\"PASS: \"\"soft coefficients contain no recoil variable\"\n"
"From remote kernel:"
"\"PASS: \"\"soft series covers the requested pole order\"\n"
"From remote kernel:"
"\"PASS: \"\"massive angular denominator stays separated at the soft endpoint\"\n"
"From remote kernel:"
"\"PASS: \"\"soft coefficients contain no recoil variable\"\n"
"From remote kernel:"
"\"PASS: \"\"soft expansion is a Laurent series\"\n"
"From remote kernel:"
"\"PASS: \"\"soft series covers the requested pole order\"\n"
"From remote kernel:"
"\"PASS: \"\"massive angular denominator stays separated at the soft endpoint\"\n"
"From remote kernel:"
"\"PASS: \"\"massive angular denominator stays separated at the soft endpoint\"\n"
"From remote kernel:"
"\"PASS: \"\"soft expansion is a Laurent series\"\n"
"From remote kernel:"
"\"PASS: \"\"soft series covers the requested pole order\"\n"
"From remote kernel:"
"\"PASS: \"\"soft coefficients contain no recoil variable\"\n"
"From remote kernel:"
"\"PASS: \"\"soft coefficients contain no recoil variable\"\n"
"From remote kernel:"
"\"Pg\"\" real term \"48\"/\"187\"; memory = \"221072864\n"
"From remote kernel:"
"\"Pg\"\" real term \"49\"/\"187\"; memory = \"305203800\n"
"From remote kernel:"
"\"PASS: \"\"ordinary real term is fully evaluated\"\n"
"From remote kernel:"
"\"PASS: \"\"massive angular denominator stays separated at the soft endpoint\"\n"
"From remote kernel:"
"\"PASS: \"\"soft expansion is a Laurent series\"\n"
"From remote kernel:"
"\"PASS: \"\"soft series covers the requested pole order\"\n"
"From remote kernel:"
"\"PASS: \"\"ordinary real term is fully evaluated\"\n"
"From remote kernel:"
"\"PASS: \"\"soft expansion is a Laurent series\"\n"
"From remote kernel:"
"\"PASS: \"\"soft series covers the requested pole order\"\n"
"From remote kernel:"
"\"PASS: \"\"massive angular denominator stays separated at the soft endpoint\"\n"
"From remote kernel:"
"\"PASS: \"\"soft coefficients contain no recoil variable\"\n"
"From remote kernel:"
"\"Pg\"\" real term \"50\"/\"187\"; memory = \"245971848\n"
"From remote kernel:"
"\"PASS: \"\"soft coefficients contain no recoil variable\"\n"
"From remote kernel:"
"\"PASS: \"\"massive angular denominator stays separated at the soft endpoint\"\n"
"From remote kernel:"
"\"PASS: \"\"soft expansion is a Laurent series\"\n"
"From remote kernel:"
"\"PASS: \"\"soft series covers the requested pole order\"\n"
"From remote kernel:"
"\"PASS: \"\"soft expansion is a Laurent series\"\n"
"From remote kernel:"
"\"PASS: \"\"soft series covers the requested pole order\"\n"
"From remote kernel:"
"\"PASS: \"\"soft coefficients contain no recoil variable\"\n"
"From remote kernel:"
"\"Pg\"\" real term \"51\"/\"187\"; memory = \"228115224\n"
"From remote kernel:"
"\"PASS: \"\"ordinary real term is fully evaluated\"\n"
"From remote kernel:"
"\"PASS: \"\"soft coefficients contain no recoil variable\"\n"
"From remote kernel:"
"\"PASS: \"\"massive angular denominator stays separated at the soft endpoint\"\n"
"From remote kernel:"
"\"PASS: \"\"massive angular denominator stays separated at the soft endpoint\"\n"
"From remote kernel:"
"\"PASS: \"\"ordinary real term is fully evaluated\"\n"
"From remote kernel:"
"\"PASS: \"\"soft expansion is a Laurent series\"\n"
"From remote kernel:"
"\"PASS: \"\"soft series covers the requested pole order\"\n"
"From remote kernel:"
"\"PASS: \"\"massive angular denominator stays separated at the soft endpoint\"\n"
"From remote kernel:"
"\"PASS: \"\"soft coefficients contain no recoil variable\"\n"
"From remote kernel:"
"\"Pg\"\" real term \"52\"/\"187\"; memory = \"308961032\n"
"From remote kernel:"
"\"PASS: \"\"soft expansion is a Laurent series\"\n"
"From remote kernel:"
"\"PASS: \"\"soft series covers the requested pole order\"\n"
"From remote kernel:"
"\"PASS: \"\"soft expansion is a Laurent series\"\n"
"From remote kernel:"
"\"PASS: \"\"soft series covers the requested pole order\"\n"
"From remote kernel:"
"\"PASS: \"\"soft expansion is a Laurent series\"\n"
"From remote kernel:"
"\"PASS: \"\"ordinary real term is fully evaluated\"\n"
"From remote kernel:"
"\"PASS: \"\"soft series covers the requested pole order\"\n"
"From remote kernel:"
"\"PASS: \"\"massive angular denominator stays separated at the soft endpoint\"\n"
"From remote kernel:"
"\"PASS: \"\"soft coefficients contain no recoil variable\"\n"
"From remote kernel:"
"\"PASS: \"\"soft coefficients contain no recoil variable\"\n"
"From remote kernel:"
"\"PASS: \"\"massive angular denominator stays separated at the soft endpoint\"\n"
"From remote kernel:"
"\"PASS: \"\"massive angular denominator stays separated at the soft endpoint\"\n"
"From remote kernel:"
"\"PASS: \"\"soft expansion is a Laurent series\"\n"
"From remote kernel:"
"\"PASS: \"\"soft series covers the requested pole order\"\n"
"From remote kernel:"
"\"PASS: \"\"soft coefficients contain no recoil variable\"\n"
"From remote kernel:"
"\"PASS: \"\"soft coefficients contain no recoil variable\"\n"
"From remote kernel:"
"\"Pg\"\" real term \"53\"/\"187\"; memory = \"274110784\n"
"From remote kernel:"
"\"PASS: \"\"massive angular denominator stays separated at the soft endpoint\"\n"
"From remote kernel:"
"\"PASS: \"\"soft expansion is a Laurent series\"\n"
"From remote kernel:"
"\"PASS: \"\"one mixed denominator is massive\"\n"
"From remote kernel:"
"\"PASS: \"\"soft series covers the requested pole order\"\n"
"From remote kernel:"
"\"PASS: \"\"soft expansion is a Laurent series\"\n"
"From remote kernel:"
"\"PASS: \"\"ordinary real term is fully evaluated\"\n"
"From remote kernel:"
"\"PASS: \"\"soft series covers the requested pole order\"\n"
"From remote kernel:"
"\"PASS: \"\"soft coefficients contain no recoil variable\"\n"
"From remote kernel:"
"\"Pg\"\" real term \"54\"/\"187\"; memory = \"245024984\n"
"From remote kernel:"
"\"PASS: \"\"soft expansion is a Laurent series\"\n"
"From remote kernel:"
"\"PASS: \"\"soft series covers the requested pole order\"\n"
"From remote kernel:"
"\"PASS: \"\"massive angular denominator stays separated at the soft endpoint\"\n"
"From remote kernel:"
"\"PASS: \"\"soft coefficients contain no recoil variable\"\n"
"From remote kernel:"
"\"PASS: \"\"soft expansion is a Laurent series\"\n"
"From remote kernel:"
"\"PASS: \"\"soft series covers the requested pole order\"\n"
"From remote kernel:"
"\"Pg\"\" real term \"55\"/\"187\"; memory = \"313197672\n"
"From remote kernel:"
"\"PASS: \"\"soft coefficients contain no recoil variable\"\n"
"From remote kernel:"
"\"PASS: \"\"soft coefficients contain no recoil variable\"\n"
"From remote kernel:"
"\"Pg\"\" real term \"56\"/\"187\"; memory = \"219140416\n"
"From remote kernel:"
"\"PASS: \"\"massive angular denominator stays separated at the soft endpoint\"\n"
"From remote kernel:"
"\"PASS: \"\"soft expansion is a Laurent series\"\n"
"From remote kernel:"
"\"PASS: \"\"soft series covers the requested pole order\"\n"
"From remote kernel:"
"\"PASS: \"\"soft coefficients contain no recoil variable\"\n"
"From remote kernel:"
"\"Pg\"\" real term \"57\"/\"187\"; memory = \"275744816\n"
"From remote kernel:"
"\"PASS: \"\"ordinary real term is fully evaluated\"\n"
"From remote kernel:"
"\"PASS: \"\"massive angular denominator stays separated at the soft endpoint\"\n"
"From remote kernel:"
"\"PASS: \"\"ordinary real term is fully evaluated\"\n"
"From remote kernel:"
"\"PASS: \"\"massive angular denominator stays separated at the soft endpoint\"\n"
"From remote kernel:"
"\"PASS: \"\"soft expansion is a Laurent series\"\n"
"From remote kernel:"
"\"PASS: \"\"soft series covers the requested pole order\"\n"
"From remote kernel:"
"\"PASS: \"\"soft coefficients contain no recoil variable\"\n"
"From remote kernel:"
"\"PASS: \"\"massive angular denominator stays separated at the soft endpoint\"\n"
"From remote kernel:"
"\"PASS: \"\"ordinary real term is fully evaluated\"\n"
"From remote kernel:"
"\"PASS: \"\"massive angular denominator stays separated at the soft endpoint\"\n"
"From remote kernel:"
"\"PASS: \"\"soft expansion is a Laurent series\"\n"
"From remote kernel:"
"\"PASS: \"\"soft series covers the requested pole order\"\n"
"From remote kernel:"
"\"PASS: \"\"soft coefficients contain no recoil variable\"\n"
"From remote kernel:"
"\"PASS: \"\"massive angular denominator stays separated at the soft endpoint\"\n"
"From remote kernel:"
"\"PASS: \"\"soft expansion is a Laurent series\"\n"
"From remote kernel:"
"\"PASS: \"\"soft series covers the requested pole order\"\n"
"From remote kernel:"
"\"PASS: \"\"soft coefficients contain no recoil variable\"\n"
"From remote kernel:"
"\"Pg\"\" real term \"58\"/\"187\"; memory = \"299936568\n"
"From remote kernel:"
"\"PASS: \"\"ordinary real term is fully evaluated\"\n"
"From remote kernel:"
"\"PASS: \"\"massive angular denominator stays separated at the soft endpoint\"\n"
"From remote kernel:"
"\"PASS: \"\"soft expansion is a Laurent series\"\n"
"From remote kernel:"
"\"PASS: \"\"soft series covers the requested pole order\"\n"
"From remote kernel:"
"\"PASS: \"\"soft coefficients contain no recoil variable\"\n"
"From remote kernel:"
"\"PASS: \"\"massive angular denominator stays separated at the soft endpoint\"\n"
"From remote kernel:"
"\"PASS: \"\"soft expansion is a Laurent series\"\n"
"From remote kernel:"
"\"PASS: \"\"soft series covers the requested pole order\"\n"
"From remote kernel:"
"\"PASS: \"\"soft coefficients contain no recoil variable\"\n"
"From remote kernel:"
"\"Pg\"\" real term \"59\"/\"187\"; memory = \"278211712\n"
"From remote kernel:"
"\"PASS: \"\"soft expansion is a Laurent series\"\n"
"From remote kernel:"
"\"PASS: \"\"soft series covers the requested pole order\"\n"
"From remote kernel:"
"\"PASS: \"\"ordinary real term is fully evaluated\"\n"
"From remote kernel:"
"\"PASS: \"\"massive angular denominator stays separated at the soft endpoint\"\n"
"From remote kernel:"
"\"PASS: \"\"soft coefficients contain no recoil variable\"\n"
"From remote kernel:"
"\"PASS: \"\"massive angular denominator stays separated at the soft endpoint\"\n"
"From remote kernel:"
"\"PASS: \"\"soft expansion is a Laurent series\"\n"
"From remote kernel:"
"\"PASS: \"\"soft series covers the requested pole order\"\n"
"From remote kernel:"
"\"PASS: \"\"soft coefficients contain no recoil variable\"\n"
"From remote kernel:"
"\"Pg\"\" real term \"60\"/\"187\"; memory = \"331746496\n"
"From remote kernel:"
"\"PASS: \"\"ordinary real term is fully evaluated\"\n"
"From remote kernel:"
"\"PASS: \"\"massive angular denominator stays separated at the soft endpoint\"\n"
"From remote kernel:"
"\"PASS: \"\"soft expansion is a Laurent series\"\n"
"From remote kernel:"
"\"PASS: \"\"soft series covers the requested pole order\"\n"
"From remote kernel:"
"\"PASS: \"\"soft coefficients contain no recoil variable\"\n"
"From remote kernel:"
"\"PASS: \"\"massive angular denominator stays separated at the soft endpoint\"\n"
"From remote kernel:"
"\"PASS: \"\"soft expansion is a Laurent series\"\n"
"From remote kernel:"
"\"PASS: \"\"soft series covers the requested pole order\"\n"
"From remote kernel:"
"\"PASS: \"\"soft coefficients contain no recoil variable\"\n"
"From remote kernel:"
"\"Pg\"\" real term \"61\"/\"187\"; memory = \"219358408\n"
"From remote kernel:"
"\"PASS: \"\"ordinary real term is fully evaluated\"\n"
"From remote kernel:"
"\"PASS: \"\"massive angular denominator stays separated at the soft endpoint\"\n"
"From remote kernel:"
"\"PASS: \"\"soft expansion is a Laurent series\"\n"
"From remote kernel:"
"\"PASS: \"\"soft series covers the requested pole order\"\n"
"From remote kernel:"
"\"PASS: \"\"soft coefficients contain no recoil variable\"\n"
"From remote kernel:"
"\"PASS: \"\"soft expansion is a Laurent series\"\n"
"From remote kernel:"
"\"PASS: \"\"massive angular denominator stays separated at the soft endpoint\"\n"
"From remote kernel:"
"\"PASS: \"\"soft series covers the requested pole order\"\n"
"From remote kernel:"
"\"PASS: \"\"soft expansion is a Laurent series\"\n"
"From remote kernel:"
"\"PASS: \"\"soft series covers the requested pole order\"\n"
"From remote kernel:"
"\"PASS: \"\"soft coefficients contain no recoil variable\"\n"
"From remote kernel:"
"\"Pg\"\" real term \"62\"/\"187\"; memory = \"223908040\n"
"From remote kernel:"
"\"PASS: \"\"ordinary real term is fully evaluated\"\n"
"From remote kernel:"
"\"PASS: \"\"soft coefficients contain no recoil variable\"\n"
"From remote kernel:"
"\"PASS: \"\"massive angular denominator stays separated at the soft endpoint\"\n"
"From remote kernel:"
"\"PASS: \"\"soft expansion is a Laurent series\"\n"
"From remote kernel:"
"\"PASS: \"\"soft series covers the requested pole order\"\n"
"From remote kernel:"
"\"Pg\"\" real term \"63\"/\"187\"; memory = \"306832488\n"
"From remote kernel:"
"\"PASS: \"\"massive angular denominator stays separated at the soft endpoint\"\n"
"From remote kernel:"
"\"PASS: \"\"soft expansion is a Laurent series\"\n"
"From remote kernel:"
"\"PASS: \"\"ordinary real term is fully evaluated\"\n"
"From remote kernel:"
"\"PASS: \"\"soft series covers the requested pole order\"\n"
"From remote kernel:"
"\"PASS: \"\"massive angular denominator stays separated at the soft endpoint\"\n"
"From remote kernel:"
"\"PASS: \"\"soft expansion is a Laurent series\"\n"
"From remote kernel:"
"\"Pg\"\" real term \"64\"/\"187\"; memory = \"224433856\n"
"From remote kernel:"
"\"PASS: \"\"soft series covers the requested pole order\"\n"
"From remote kernel:"
"\"PASS: \"\"massive angular denominator stays separated at the soft endpoint\"\n"
"From remote kernel:"
"\"PASS: \"\"ordinary real term is fully evaluated\"\n"
"From remote kernel:"
"\"PASS: \"\"soft expansion is a Laurent series\"\n"
"From remote kernel:"
"\"PASS: \"\"massive angular denominator stays separated at the soft endpoint\"\n"
"From remote kernel:"
"\"PASS: \"\"soft series covers the requested pole order\"\n"
"From remote kernel:"
"\"PASS: \"\"soft expansion is a Laurent series\"\n"
"From remote kernel:"
"\"PASS: \"\"soft series covers the requested pole order\"\n"
"From remote kernel:"
"\"PASS: \"\"massive angular denominator stays separated at the soft endpoint\"\n"
"From remote kernel:"
"\"Pg\"\" real term \"65\"/\"187\"; memory = \"306505928\n"
"From remote kernel:"
"\"PASS: \"\"soft expansion is a Laurent series\"\n"
"From remote kernel:"
"\"PASS: \"\"soft series covers the requested pole order\"\n"
"From remote kernel:"
"\"Pg\"\" real term \"66\"/\"187\"; memory = \"224493480\n"
"From remote kernel:"
"\"PASS: \"\"ordinary real term is fully evaluated\"\n"
"From remote kernel:"
"\"PASS: \"\"massive angular denominator stays separated at the soft endpoint\"\n"
"From remote kernel:"
"\"PASS: \"\"ordinary real term is fully evaluated\"\n"
"From remote kernel:"
"\"PASS: \"\"massive angular denominator stays separated at the soft endpoint\"\n"
"From remote kernel:"
"\"PASS: \"\"soft expansion is a Laurent series\"\n"
"From remote kernel:"
"\"PASS: \"\"soft series covers the requested pole order\"\n"
"From remote kernel:"
"\"PASS: \"\"soft coefficients contain no recoil variable\"\n"
"From remote kernel:"
"\"PASS: \"\"massive angular denominator stays separated at the soft endpoint\"\n"
MONITOR_HEARTBEAT elapsed=61s rss=1741.8MiB peak=1758.3MiB
"From remote kernel:"
"\"PASS: \"\"soft expansion is a Laurent series\"\n"
"From remote kernel:"
"\"PASS: \"\"soft series covers the requested pole order\"\n"
"From remote kernel:"
"\"PASS: \"\"soft coefficients contain no recoil variable\"\n"
"From remote kernel:"
"\"Pg\"\" real term \"67\"/\"187\"; memory = \"307433080\n"
"From remote kernel:"
"\"PASS: \"\"ordinary real term is fully evaluated\"\n"
"From remote kernel:"
"\"PASS: \"\"massive angular denominator stays separated at the soft endpoint\"\n"
"From remote kernel:"
"\"PASS: \"\"soft expansion is a Laurent series\"\n"
"From remote kernel:"
"\"PASS: \"\"soft series covers the requested pole order\"\n"
"From remote kernel:"
"\"PASS: \"\"massive angular denominator stays separated at the soft endpoint\"\n"
"From remote kernel:"
"\"PASS: \"\"ordinary real term is fully evaluated\"\n"
"From remote kernel:"
"\"PASS: \"\"massive angular denominator stays separated at the soft endpoint\"\n"
"From remote kernel:"
"\"PASS: \"\"soft expansion is a Laurent series\"\n"
"From remote kernel:"
"\"PASS: \"\"soft series covers the requested pole order\"\n"
"From remote kernel:"
"\"PASS: \"\"soft coefficients contain no recoil variable\"\n"
"From remote kernel:"
"\"PASS: \"\"massive angular denominator stays separated at the soft endpoint\"\n"
MONITOR_HEARTBEAT elapsed=91s rss=1962.2MiB peak=1962.2MiB
"From remote kernel:"
"\"PASS: \"\"soft expansion is a Laurent series\"\n"
"From remote kernel:"
"\"PASS: \"\"soft series covers the requested pole order\"\n"
"From remote kernel:"
"\"PASS: \"\"soft coefficients contain no recoil variable\"\n"
"From remote kernel:"
"\"Pg\"\" real term \"68\"/\"187\"; memory = \"277449912\n"
"From remote kernel:"
"\"PASS: \"\"ordinary real term is fully evaluated\"\n"
"From remote kernel:"
"\"PASS: \"\"massive angular denominator stays separated at the soft endpoint\"\n"
"From remote kernel:"
"\"PASS: \"\"soft expansion is a Laurent series\"\n"
"From remote kernel:"
"\"PASS: \"\"soft series covers the requested pole order\"\n"
"From remote kernel:"
"\"PASS: \"\"massive angular denominator stays separated at the soft endpoint\"\n"
"From remote kernel:"
"\"PASS: \"\"soft expansion is a Laurent series\"\n"
"From remote kernel:"
"\"PASS: \"\"soft series covers the requested pole order\"\n"
"From remote kernel:"
"\"Pg\"\" real term \"69\"/\"187\"; memory = \"338277344\n"
"From remote kernel:"
"\"PASS: \"\"ordinary real term is fully evaluated\"\n"
"From remote kernel:"
"\"PASS: \"\"massive angular denominator stays separated at the soft endpoint\"\n"
"From remote kernel:"
"\"PASS: \"\"soft expansion is a Laurent series\"\n"
"From remote kernel:"
"\"PASS: \"\"soft series covers the requested pole order\"\n"
"From remote kernel:"
"\"PASS: \"\"massive angular denominator stays separated at the soft endpoint\"\n"
"From remote kernel:"
"\"PASS: \"\"soft expansion is a Laurent series\"\n"
"From remote kernel:"
"\"PASS: \"\"soft series covers the requested pole order\"\n"
"From remote kernel:"
"\"Pg\"\" real term \"70\"/\"187\"; memory = \"357969400\n"
"From remote kernel:"
"\"PASS: \"\"ordinary real term is fully evaluated\"\n"
"From remote kernel:"
"\"PASS: \"\"massive angular denominator stays separated at the soft endpoint\"\n"
MONITOR_HEARTBEAT elapsed=121s rss=2068.6MiB peak=2068.7MiB
"From remote kernel:"
"\"PASS: \"\"soft expansion is a Laurent series\"\n"
"From remote kernel:"
"\"PASS: \"\"soft series covers the requested pole order\"\n"
"From remote kernel:"
"\"PASS: \"\"massive angular denominator stays separated at the soft endpoint\"\n"
"From remote kernel:"
"\"PASS: \"\"soft expansion is a Laurent series\"\n"
"From remote kernel:"
"\"PASS: \"\"soft series covers the requested pole order\"\n"
"From remote kernel:"
"\"Pg\"\" real term \"71\"/\"187\"; memory = \"219447344\n"
"From remote kernel:"
"\"PASS: \"\"ordinary real term is fully evaluated\"\n"
"From remote kernel:"
"\"PASS: \"\"massive angular denominator stays separated at the soft endpoint\"\n"
"From remote kernel:"
"\"PASS: \"\"soft expansion is a Laurent series\"\n"
"From remote kernel:"
"\"PASS: \"\"soft series covers the requested pole order\"\n"
"From remote kernel:"
"\"PASS: \"\"massive angular denominator stays separated at the soft endpoint\"\n"
"From remote kernel:"
"\"PASS: \"\"soft expansion is a Laurent series\"\n"
"From remote kernel:"
"\"PASS: \"\"soft series covers the requested pole order\"\n"
"From remote kernel:"
"\"Pg\"\" real term \"72\"/\"187\"; memory = \"230214976\n"
"From remote kernel:"
"\"PASS: \"\"ordinary real term is fully evaluated\"\n"
"From remote kernel:"
"\"PASS: \"\"massive angular denominator stays separated at the soft endpoint\"\n"
"From remote kernel:"
"\"PASS: \"\"soft expansion is a Laurent series\"\n"
"From remote kernel:"
"\"PASS: \"\"soft series covers the requested pole order\"\n"
"From remote kernel:"
"\"PASS: \"\"massive angular denominator stays separated at the soft endpoint\"\n"
"From remote kernel:"
"\"PASS: \"\"soft expansion is a Laurent series\"\n"
"From remote kernel:"
"\"PASS: \"\"soft series covers the requested pole order\"\n"
"From remote kernel:"
"\"Pg\"\" real term \"73\"/\"187\"; memory = \"230541520\n"
MONITOR_HEARTBEAT elapsed=151s rss=1992.6MiB peak=2069.2MiB
MONITOR_HEARTBEAT elapsed=182s rss=2000.8MiB peak=2069.2MiB
"From remote kernel:"
"\"PASS: \"\"ordinary real term is fully evaluated\"\n"
"From remote kernel:"
"\"PASS: \"\"massive angular denominator stays separated at the soft endpoint\"\n"
"From remote kernel:"
"\"PASS: \"\"soft expansion is a Laurent series\"\n"
"From remote kernel:"
"\"PASS: \"\"soft series covers the requested pole order\"\n"
"From remote kernel:"
"\"PASS: \"\"soft coefficients contain no recoil variable\"\n"
"From remote kernel:"
"\"PASS: \"\"massive angular denominator stays separated at the soft endpoint\"\n"
"From remote kernel:"
"\"PASS: \"\"soft expansion is a Laurent series\"\n"
"From remote kernel:"
"\"PASS: \"\"soft series covers the requested pole order\"\n"
"From remote kernel:"
"\"PASS: \"\"soft coefficients contain no recoil variable\"\n"
MONITOR_HEARTBEAT elapsed=212s rss=2071.7MiB peak=2071.7MiB
"From remote kernel:"
"\"Pg\"\" real term \"74\"/\"187\"; memory = \"347182128\n"
"From remote kernel:"
"\"PASS: \"\"ordinary real term is fully evaluated\"\n"
"From remote kernel:"
"\"PASS: \"\"massive angular denominator stays separated at the soft endpoint\"\n"
"From remote kernel:"
"\"PASS: \"\"soft expansion is a Laurent series\"\n"
"From remote kernel:"
"\"PASS: \"\"soft series covers the requested pole order\"\n"
"From remote kernel:"
"\"PASS: \"\"massive angular denominator stays separated at the soft endpoint\"\n"
"From remote kernel:"
"\"PASS: \"\"soft expansion is a Laurent series\"\n"
"From remote kernel:"
"\"PASS: \"\"soft series covers the requested pole order\"\n"
"From remote kernel:"
"\"Pg\"\" real term \"75\"/\"187\"; memory = \"380694224\n"
"From remote kernel:"
"\"PASS: \"\"ordinary real term is fully evaluated\"\n"
"From remote kernel:"
"\"PASS: \"\"massive angular denominator stays separated at the soft endpoint\"\n"
"From remote kernel:"
"\"PASS: \"\"soft expansion is a Laurent series\"\n"
"From remote kernel:"
"\"PASS: \"\"soft series covers the requested pole order\"\n"
"From remote kernel:"
"\"PASS: \"\"massive angular denominator stays separated at the soft endpoint\"\n"
"From remote kernel:"
"\"PASS: \"\"soft expansion is a Laurent series\"\n"
"From remote kernel:"
"\"PASS: \"\"soft series covers the requested pole order\"\n"
"From remote kernel:"
"\"Pg\"\" real term \"76\"/\"187\"; memory = \"386076080\n"
"From remote kernel:"
"\"PASS: \"\"ordinary real term is fully evaluated\"\n"
"From remote kernel:"
"\"PASS: \"\"massive angular denominator stays separated at the soft endpoint\"\n"
MONITOR_HEARTBEAT elapsed=243s rss=2110.7MiB peak=2110.9MiB
"From remote kernel:"
"\"PASS: \"\"soft expansion is a Laurent series\"\n"
"From remote kernel:"
"\"PASS: \"\"soft series covers the requested pole order\"\n"
"From remote kernel:"
"\"PASS: \"\"massive angular denominator stays separated at the soft endpoint\"\n"
"From remote kernel:"
"\"PASS: \"\"soft expansion is a Laurent series\"\n"
"From remote kernel:"
"\"PASS: \"\"soft series covers the requested pole order\"\n"
"From remote kernel:"
"\"Pg\"\" real term \"77\"/\"187\"; memory = \"391948952\n"
"From remote kernel:"
"\"PASS: \"\"ordinary real term is fully evaluated\"\n"
"From remote kernel:"
"\"PASS: \"\"massive angular denominator stays separated at the soft endpoint\"\n"
"From remote kernel:"
"\"PASS: \"\"soft expansion is a Laurent series\"\n"
"From remote kernel:"
"\"PASS: \"\"soft series covers the requested pole order\"\n"
"From remote kernel:"
"\"PASS: \"\"massive angular denominator stays separated at the soft endpoint\"\n"
"From remote kernel:"
"\"PASS: \"\"soft expansion is a Laurent series\"\n"
"From remote kernel:"
"\"PASS: \"\"soft series covers the requested pole order\"\n"
"From remote kernel:"
"\"Pg\"\" real term \"78\"/\"187\"; memory = \"386946000\n"
"From remote kernel:"
"\"PASS: \"\"ordinary real term is fully evaluated\"\n"
"From remote kernel:"
"\"PASS: \"\"massive angular denominator stays separated at the soft endpoint\"\n"
"From remote kernel:"
"\"PASS: \"\"soft expansion is a Laurent series\"\n"
"From remote kernel:"
"\"PASS: \"\"soft series covers the requested pole order\"\n"
"From remote kernel:"
"\"PASS: \"\"massive angular denominator stays separated at the soft endpoint\"\n"
"From remote kernel:"
"\"PASS: \"\"soft expansion is a Laurent series\"\n"
"From remote kernel:"
"\"PASS: \"\"soft series covers the requested pole order\"\n"
"From remote kernel:"
"\"Pg\"\" real term \"79\"/\"187\"; memory = \"386923040\n"
"From remote kernel:"
"\"PASS: \"\"ordinary real term is fully evaluated\"\n"
"From remote kernel:"
"\"PASS: \"\"massive angular denominator stays separated at the soft endpoint\"\n"
MONITOR_HEARTBEAT elapsed=273s rss=2153.8MiB peak=2153.8MiB
MONITOR_HEARTBEAT elapsed=304s rss=2156.7MiB peak=2156.7MiB
MONITOR_HEARTBEAT elapsed=335s rss=2158.1MiB peak=2158.1MiB
MONITOR_HEARTBEAT elapsed=365s rss=2158.8MiB peak=2158.9MiB
MONITOR_HEARTBEAT elapsed=396s rss=2161.2MiB peak=2161.2MiB
MONITOR_HEARTBEAT elapsed=426s rss=2168.5MiB peak=2171.5MiB
MONITOR_HEARTBEAT elapsed=457s rss=2169.0MiB peak=2171.5MiB
"From remote kernel:"
"\"Unreduced soft series for \"InputForm[{\"Pg\", 65}]\": \"InputForm[SeriesData[s23, 0, {}, 0, 0, 1]*(SeriesData[s23, 0, {}, 0, 0, 1] + SeriesData[s23, 0, {}, 0, 0, 1]*(-1/2*((2*I)*Pi*Floor[1/2 - Arg[1 - (-omega^2 - 2*(Q2 + s)*s23 + omega*(s + s23))/((omega - s - s23)*Sqrt[omega^2 + 4*Q2*s23])]/(2*Pi) + Arg[1 + (-omega^2 - 2*(Q2 + s)*s23 + omega*(s + s23))/((omega - s - s23)*Sqrt[omega^2 + 4*Q2*s23])]/(2*Pi)] + Log[1 - (-omega^2 - 2*(Q2 + s)*s23 + omega*(s + s23))/((omega - s - s23)*Sqrt[omega^2 + 4*Q2*s23])] - Log[1 + (-omega^2 - 2*(Q2 + s)*s23 + omega*(s + s23))/((omega - s - s23)*Sqrt[omega^2 + 4*Q2*s23])])^2 - PolyLog[2, ((1 + (omega + 2*Q2)/Sqrt[omega^2 + 4*Q2*s23])*(-1 + (-omega^2 - 2*(Q2 + s)*s23 + omega*(s + s23))/((omega - s - s23)*Sqrt[omega^2 + 4*Q2*s23])))/((-1 + (omega + 2*Q2)/Sqrt[omega^2 + 4*Q2*s23])*(1 + (-omega^2 - 2*(Q2 + s)*s23 + omega*(s + s23))/((omega - s - s23)*Sqrt[omega^2 + 4*Q2*s23])))] + SeriesData[s23, 0, {}, 0, 0, 1]))]\n"
"From remote kernel:"
"\"FAIL: \"\"soft expansion is a Laurent series\"\n"
MONITOR_WAKE {"stage": "s09", "source": "s09_real_phase_space.wl", "source_sha256": "24854679f48f80df7babfec762c51dc32a758c3d961ada08a683eeb4abe6251a", "job_id": "14687798", "host": "n6406", "exit_code": -9, "success_marker": false, "accepted_execution": false, "guard": "stage gate failure", "peak_rss_bytes": 2276966400, "elapsed_seconds": 469.3350015617907, "completed_utc": "2026-09-06T10:36:38.868853+00:00"}
