"PASS: ""compute allocation"
"PASS: ""isolated runtime"
"PASS: ""complete source syntax"
"PASS: ""pinned original mapper"
"PASS: ""unchanged mapping functions"
"PASS: ""accepted real spin input"
"PASS: ""accepted scalar reuse library"
"PASS: ""s02 unchanged scalar input"
"PASS: ""s04 unchanged scalar input"
"PASS: ""accepted geometry and reduction"
"PASS: ""same cut momenta"
"PASS: ""same positive-energy support"
"PASS: ""unique loop-coordinate conversion"
"PASS: ""all scalar products reconstruct"
"PASS: ""coordinate change preserves measured transverse constraint"
"PASS: ""pinned GitHub coefficient assembly"
"PASS: ""unchanged GitHub coefficient loop"
"PASS: ""unique saved reduction targets"
"PASS: ""complete target mapping source syntax"
"PASS: ""pinned unchanged target calculation"
"PASS: ""unchanged complete target calculation and checkpoint contract"
"PASS: ""pinned actual reference target map"
"PASS: ""pinned accepted control tensor"
"PASS: ""control shares exact measured scalar products"
"PASS: ""reference target map exact input identity"
"PASS: ""integer resource limit POLARIZED_SIDIS_TARGET_SECONDS"
"PASS: ""bounded resource limit POLARIZED_SIDIS_TARGET_SECONDS"
"PASS: ""integer resource limit POLARIZED_SIDIS_TARGET_MEMORY_GIB"
"PASS: ""bounded resource limit POLARIZED_SIDIS_TARGET_MEMORY_GIB"
"TARGET_RESOURCE_LIMITS seconds "10800" bytes "4294967296
"PASS: ""own Hqq verified target assembly"
"PASS: ""accepted exact distinct-pair receipt"
"PASS: ""accepted complete own pair comparison"
"PASS: ""pair comparison exact source and inputs"
"PASS: ""unchanged original mapping and merge equations"
"PASS: ""complete unique pair component inventory"
"PASS: ""exact accepted component binding 1"
"PASS: ""recorded component reduction coverage 1"
"PASS: ""exact accepted component binding 2"
"PASS: ""recorded component reduction coverage 2"
"PASS: ""exact accepted component binding 3"
"PASS: ""recorded component reduction coverage 3"
"PASS: ""exact accepted component binding 4"
"PASS: ""recorded component reduction coverage 4"
"PASS: ""exact accepted component binding 5"
"PASS: ""recorded component reduction coverage 5"
"PASS: ""exact accepted component binding 6"
"PASS: ""recorded component reduction coverage 6"
"PASS: ""exact accepted component binding 7"
"PASS: ""recorded component reduction coverage 7"
"PASS: ""exact accepted component binding 8"
"PASS: ""recorded component reduction coverage 8"
"PASS: ""exact accepted component binding 9"
"PASS: ""recorded component reduction coverage 9"
"PASS: ""exact accepted component binding 10"
"PASS: ""recorded component reduction coverage 10"
"PASS: ""exact accepted component binding 11"
"PASS: ""recorded component reduction coverage 11"
"PASS: ""exact accepted component binding 12"
"PASS: ""recorded component reduction coverage 12"
"PASS: ""exact accepted component binding 13"
"PASS: ""recorded component reduction coverage 13"
"PASS: ""exact accepted component binding 14"
"PASS: ""recorded component reduction coverage 14"
"PASS: ""exact accepted component binding 15"
"PASS: ""recorded component reduction coverage 15"
"PASS: ""exact accepted component binding 16"
"PASS: ""recorded component reduction coverage 16"
"PASS: ""exact accepted component binding 17"
"PASS: ""recorded component reduction coverage 17"
"PASS: ""exact accepted component binding 18"
"PASS: ""recorded component reduction coverage 18"
"PASS: ""exact accepted component binding 19"
"PASS: ""recorded component reduction coverage 19"
"PASS: ""exact accepted component binding 20"
"PASS: ""recorded component reduction coverage 20"
"PASS: ""exact accepted component binding 21"
"PASS: ""recorded component reduction coverage 21"
"PASS: ""exact accepted component binding 22"
"PASS: ""recorded component reduction coverage 22"
"PASS: ""exact accepted component binding 23"
"PASS: ""recorded component reduction coverage 23"
"PASS: ""exact accepted component binding 24"
"PASS: ""recorded component reduction coverage 24"
"PASS: ""exact accepted component binding 25"
"PASS: ""recorded component reduction coverage 25"
"PASS: ""exact accepted component binding 26"
"PASS: ""recorded component reduction coverage 26"
"PASS: ""exact accepted component binding 27"
"PASS: ""recorded component reduction coverage 27"
"PASS: ""exact accepted component binding 28"
"PASS: ""recorded component reduction coverage 28"
"PASS: ""exact accepted component binding 29"
"PASS: ""recorded component reduction coverage 29"
"PASS: ""exact accepted component binding 30"
"PASS: ""recorded component reduction coverage 30"
"PASS: ""exact accepted component binding 31"
"PASS: ""recorded component reduction coverage 31"
"PASS: ""exact accepted component binding 32"
"PASS: ""recorded component reduction coverage 32"
"PASS: ""exact accepted component binding 33"
"PASS: ""recorded component reduction coverage 33"
"PASS: ""exact accepted component binding 34"
"PASS: ""recorded component reduction coverage 34"
"PASS: ""exact accepted component binding 35"
"PASS: ""recorded component reduction coverage 35"
"PASS: ""exact accepted component binding 36"
"PASS: ""recorded component reduction coverage 36"
"PASS: ""exact accepted component binding 37"
"PASS: ""recorded component reduction coverage 37"
"PASS: ""exact accepted component binding 38"
"PASS: ""recorded component reduction coverage 38"
"PASS: ""exact accepted component binding 39"
"PASS: ""recorded component reduction coverage 39"
"PASS: ""exact accepted component binding 40"
"PASS: ""recorded component reduction coverage 40"
"PASS: ""exact accepted component binding 41"
"PASS: ""recorded component reduction coverage 41"
"PASS: ""exact accepted component binding 42"
"PASS: ""recorded component reduction coverage 42"
"PASS: ""exact accepted component binding 43"
"PASS: ""recorded component reduction coverage 43"
"PASS: ""exact accepted component binding 44"
"PASS: ""recorded component reduction coverage 44"
"PASS: ""exact accepted component binding 45"
"PASS: ""recorded component reduction coverage 45"
"PASS: ""exact accepted component binding 46"
"PASS: ""recorded component reduction coverage 46"
"PASS: ""exact accepted component binding 47"
"PASS: ""recorded component reduction coverage 47"
"PASS: ""exact accepted component binding 48"
"PASS: ""recorded component reduction coverage 48"
"PASS: ""exact accepted component binding 49"
"PASS: ""recorded component reduction coverage 49"
"PASS: ""exact accepted component binding 50"
"PASS: ""recorded component reduction coverage 50"
"PASS: ""exact accepted component binding 51"
"PASS: ""recorded component reduction coverage 51"
"PASS: ""exact accepted component binding 52"
"PASS: ""recorded component reduction coverage 52"
"PASS: ""exact accepted component binding 53"
"PASS: ""recorded component reduction coverage 53"
"PASS: ""exact accepted component binding 54"
"PASS: ""recorded component reduction coverage 54"
"PASS: ""exact accepted component binding 55"
"PASS: ""recorded component reduction coverage 55"
"PASS: ""exact accepted component binding 56"
"PASS: ""recorded component reduction coverage 56"
"PASS: ""exact accepted component binding 57"
"PASS: ""recorded component reduction coverage 57"
"PASS: ""exact accepted component binding 58"
"PASS: ""recorded component reduction coverage 58"
"PASS: ""exact accepted component binding 59"
"PASS: ""recorded component reduction coverage 59"
"PASS: ""exact accepted component binding 60"
"PASS: ""recorded component reduction coverage 60"
"PASS: ""exact accepted component binding 61"
"PASS: ""recorded component reduction coverage 61"
"PASS: ""exact accepted component binding 62"
"PASS: ""recorded component reduction coverage 62"
"PASS: ""exact accepted component binding 63"
"PASS: ""recorded component reduction coverage 63"
"PASS: ""exact accepted component binding 64"
"PASS: ""recorded component reduction coverage 64"
"PASS: ""exact accepted component binding 65"
"PASS: ""recorded component reduction coverage 65"
"PASS: ""exact accepted component binding 66"
"PASS: ""recorded component reduction coverage 66"
"PASS: ""exact accepted component binding 67"
"PASS: ""recorded component reduction coverage 67"
"PASS: ""exact accepted component binding 68"
"PASS: ""recorded component reduction coverage 68"
"PASS: ""exact accepted component binding 69"
"PASS: ""recorded component reduction coverage 69"
"PASS: ""exact accepted component binding 70"
"PASS: ""recorded component reduction coverage 70"
"PASS: ""exact accepted component binding 71"
"PASS: ""recorded component reduction coverage 71"
"PASS: ""exact accepted component binding 72"
"PASS: ""recorded component reduction coverage 72"
"PASS: ""exact accepted component binding 73"
"PASS: ""recorded component reduction coverage 73"
"PASS: ""exact accepted component binding 74"
"PASS: ""recorded component reduction coverage 74"
"PASS: ""exact accepted component binding 75"
"PASS: ""recorded component reduction coverage 75"
"PASS: ""exact accepted component binding 76"
"PASS: ""recorded component reduction coverage 76"
"PASS: ""exact accepted component binding 77"
"PASS: ""recorded component reduction coverage 77"
"PASS: ""exact accepted component binding 78"
"PASS: ""recorded component reduction coverage 78"
"PASS: ""exact accepted component binding 79"
"PASS: ""recorded component reduction coverage 79"
"PASS: ""exact accepted component binding 80"
"PASS: ""recorded component reduction coverage 80"
"PASS: ""exact accepted component binding 81"
"PASS: ""recorded component reduction coverage 81"
"PASS: ""exact accepted component binding 82"
"PASS: ""recorded component reduction coverage 82"
"PASS: ""exact accepted component binding 83"
"PASS: ""recorded component reduction coverage 83"
"PASS: ""exact accepted component binding 84"
"PASS: ""recorded component reduction coverage 84"
"PASS: ""exact accepted component binding 85"
"PASS: ""recorded component reduction coverage 85"
"PASS: ""exact accepted component binding 86"
"PASS: ""recorded component reduction coverage 86"
"PASS: ""missing canonical component has accepted pair map 87"
"PASS: ""exact accepted component binding 87"
"PASS: ""recorded component reduction coverage 87"
"PASS: ""every actual target component accepted"
"PASS: ""retained original target calculation identity"
"PASS: ""unique original target export boundary"
"PASS: ""unique original target metadata"
"PASS: ""unchanged complete native target export"
"PASS: ""target-map output below file bound"
"PASS: ""target-map output exact native round trip"
"PASS: s08_assemble_Hqq_merged_targets"
