"S03_CHANNEL_START ""Hqq_v2"
"S03_LOAD ""Fhats/Hqq_v2/s08_result.wl"
"S03_INSPECTED ""Fhats/Hqq_v2/s08_result.wl"" memory="1416502880
"S03_CHANNEL_DONE ""Hqq_v2"
"S03_CHANNEL_START ""Hgg"
"S03_LOAD ""Fhats/Hgg/s13_result"
"S03_INSPECTED ""Fhats/Hgg/s13_result"" memory="556840744
"S03_CHANNEL_DONE ""Hgg"
"S03_CHANNEL_START ""Hqqbar"
"S03_LOAD ""Fhats/Hqqbar/s13_result"
"S03_INSPECTED ""Fhats/Hqqbar/s13_result"" memory="485376192
"S03_CHANNEL_DONE ""Hqqbar"
"S03_CHANNEL_START ""Hqqprime"
"S03_LOAD ""Fhats/Hqqprime/s13_result"
"S03_INSPECTED ""Fhats/Hqqprime/s13_result"" memory="172061336
"S03_LOAD ""Fhats/Hqqprime/s13_cache_hqqprime_incoming_charge_squared_f1hat"
"S03_INSPECTED ""Fhats/Hqqprime/s13_cache_hqqprime_incoming_charge_squared_f1hat"" memory="309800080
"S03_LOAD ""Fhats/Hqqprime/s13_cache_hqqprime_prime_charge_squared_f1hat"
"S03_INSPECTED ""Fhats/Hqqprime/s13_cache_hqqprime_prime_charge_squared_f1hat"" memory="373147272
"S03_LOAD ""Fhats/Hqqprime/s13_cache_hqqprime_mixed_incoming_prime_charge_f1hat"
"S03_INSPECTED ""Fhats/Hqqprime/s13_cache_hqqprime_mixed_incoming_prime_charge_f1hat"" memory="460312936
"S03_LOAD ""Fhats/Hqqprime/s13_cache_hqqprime_incoming_charge_squared_f2hat"
"S03_INSPECTED ""Fhats/Hqqprime/s13_cache_hqqprime_incoming_charge_squared_f2hat"" memory="310021176
"S03_LOAD ""Fhats/Hqqprime/s13_cache_hqqprime_prime_charge_squared_f2hat"
"S03_INSPECTED ""Fhats/Hqqprime/s13_cache_hqqprime_prime_charge_squared_f2hat"" memory="373368456
"S03_LOAD ""Fhats/Hqqprime/s13_cache_hqqprime_mixed_incoming_prime_charge_f2hat"
"S03_INSPECTED ""Fhats/Hqqprime/s13_cache_hqqprime_mixed_incoming_prime_charge_f2hat"" memory="460534216
"S03_CHANNEL_DONE ""Hqqprime"
"S03_CHANNEL_START ""Hgq_v3"
"S03_LOAD ""Fhats/Hgq_v3/s09_fhats/F1hat_del.m"
"S03_INSPECTED ""Fhats/Hgq_v3/s09_fhats/F1hat_del.m"" memory="954401472
"S03_LOAD ""Fhats/Hgq_v3/s09_fhats/F1hat_p1.m"
"S03_INSPECTED ""Fhats/Hgq_v3/s09_fhats/F1hat_p1.m"" memory="240074976
"S03_LOAD ""Fhats/Hgq_v3/s09_fhats/F1hat_p2.m"
"S03_INSPECTED ""Fhats/Hgq_v3/s09_fhats/F1hat_p2.m"" memory="172542504
"S03_LOAD ""Fhats/Hgq_v3/s09_fhats/F1hat_reg.m"
"S03_INSPECTED ""Fhats/Hgq_v3/s09_fhats/F1hat_reg.m"" memory="362597024
"S03_LOAD ""Fhats/Hgq_v3/s09_fhats/F2hat_del.m"
"S03_INSPECTED ""Fhats/Hgq_v3/s09_fhats/F2hat_del.m"" memory="954408544
"S03_LOAD ""Fhats/Hgq_v3/s09_fhats/F2hat_p1.m"
"S03_INSPECTED ""Fhats/Hgq_v3/s09_fhats/F2hat_p1.m"" memory="240082480
"S03_LOAD ""Fhats/Hgq_v3/s09_fhats/F2hat_p2.m"
"S03_INSPECTED ""Fhats/Hgq_v3/s09_fhats/F2hat_p2.m"" memory="172551288
"S03_LOAD ""Fhats/Hgq_v3/s09_fhats/F2hat_reg.m"
"S03_INSPECTED ""Fhats/Hgq_v3/s09_fhats/F2hat_reg.m"" memory="276335296
"S03_CHANNEL_DONE ""Hgq_v3"
"S03_CHANNEL_START ""Hqg_v3"
"S03_LOAD ""Fhats/Hqg_v3/s12_result.wl"
"S03_INSPECTED ""Fhats/Hqg_v3/s12_result.wl"" memory="672765376
"S03_CHANNEL_DONE ""Hqg_v3"
"S03_SUCCESS"
