"S05_START ""export"
"S05_PREPARE ""Hqq_v2_F1Hat_LODelta_1"" leaves="162
"S05_COMPACT_RATIONAL ""F1Hat_LODelta"" leaves="78
"S05_OPTIMIZE ""Hqq_v2_F1Hat_LODelta_1"" leaves="78
"S05_EXPORTED ""Hqq_v2_F1Hat_LODelta_1"" optimized="88
"S05_PREPARE ""Hqq_v2_F1Hat_Delta_1"" leaves="2964764
"S05_COMPACT_START ""F1Hat_Delta"" atoms="21" leaves="676270
"S05_COEFFICIENT_START ""F1Hat_Delta"" "1" leaves="111
"S05_COEFFICIENT_START ""F1Hat_Delta"" "2" leaves="218
"S05_COEFFICIENT_START ""F1Hat_Delta"" "3" leaves="111
"S05_COEFFICIENT_START ""F1Hat_Delta"" "4" leaves="104
"S05_COEFFICIENT_START ""F1Hat_Delta"" "5" leaves="104
"S05_COEFFICIENT_START ""F1Hat_Delta"" "6" leaves="484
"S05_COEFFICIENT_START ""F1Hat_Delta"" "7" leaves="484
"S05_COEFFICIENT_START ""F1Hat_Delta"" "8" leaves="160
"S05_COEFFICIENT_START ""F1Hat_Delta"" "9" leaves="88
"S05_COEFFICIENT_START ""F1Hat_Delta"" "10" leaves="88
"S05_COEFFICIENT_START ""F1Hat_Delta"" "11" leaves="104
"S05_COEFFICIENT_START ""F1Hat_Delta"" "12" leaves="121
"S05_COEFFICIENT_START ""F1Hat_Delta"" "13" leaves="78
"S05_COEFFICIENT_START ""F1Hat_Delta"" "14" leaves="78
"S05_COEFFICIENT_START ""F1Hat_Delta"" "15" leaves="168
"S05_COEFFICIENT_START ""F1Hat_Delta"" "16" leaves="3569
"S05_COEFFICIENT_START ""F1Hat_Delta"" "17" leaves="3570
"S05_COEFFICIENT_START ""F1Hat_Delta"" "18" leaves="104
"S05_COEFFICIENT_START ""F1Hat_Delta"" "19" leaves="104
"S05_COEFFICIENT_START ""F1Hat_Delta"" "20" leaves="10817
"S05_COEFFICIENT_START ""F1Hat_Delta"" "21" leaves="10785
"S05_COEFFICIENT_START ""F1Hat_Delta"" "22" leaves="1813
"S05_COEFFICIENT_START ""F1Hat_Delta"" "23" leaves="78
"S05_COEFFICIENT_START ""F1Hat_Delta"" "24" leaves="694
"S05_COEFFICIENT_START ""F1Hat_Delta"" "25" leaves="694
"S05_COEFFICIENT_START ""F1Hat_Delta"" "26" leaves="43059
"S05_COEFFICIENT_START ""F1Hat_Delta"" "27" leaves="4685
"S05_COEFFICIENT_START ""F1Hat_Delta"" "28" leaves="104
"S05_COEFFICIENT_START ""F1Hat_Delta"" "29" leaves="104
"S05_COEFFICIENT_START ""F1Hat_Delta"" "30" leaves="10827
"S05_COEFFICIENT_START ""F1Hat_Delta"" "31" leaves="10823
"S05_COEFFICIENT_START ""F1Hat_Delta"" "32" leaves="1813
"S05_COEFFICIENT_START ""F1Hat_Delta"" "33" leaves="1022
"S05_COEFFICIENT_START ""F1Hat_Delta"" "34" leaves="1022
"S05_COEFFICIENT_START ""F1Hat_Delta"" "35" leaves="1096
"S05_COEFFICIENT_START ""F1Hat_Delta"" "36" leaves="78
"S05_COEFFICIENT_START ""F1Hat_Delta"" "37" leaves="694
"S05_COEFFICIENT_START ""F1Hat_Delta"" "38" leaves="694
"S05_COEFFICIENT_START ""F1Hat_Delta"" "39" leaves="44207
"S05_COEFFICIENT_START ""F1Hat_Delta"" "40" leaves="222
"S05_COEFFICIENT_START ""F1Hat_Delta"" "41" leaves="222
"S05_COEFFICIENT_START ""F1Hat_Delta"" "42" leaves="10842
"S05_COEFFICIENT_START ""F1Hat_Delta"" "43" leaves="9011
"S05_COEFFICIENT_START ""F1Hat_Delta"" "44" leaves="1813
"S05_COEFFICIENT_START ""F1Hat_Delta"" "45" leaves="19500
"S05_COEFFICIENT_START ""F1Hat_Delta"" "46" leaves="10841
"S05_COEFFICIENT_START ""F1Hat_Delta"" "47" leaves="1813
"S05_COEFFICIENT_START ""F1Hat_Delta"" "48" leaves="19510
"S05_COEFFICIENT_START ""F1Hat_Delta"" "49" leaves="3291
"S05_COEFFICIENT_START ""F1Hat_Delta"" "50" leaves="1198
"S05_COEFFICIENT_START ""F1Hat_Delta"" "51" leaves="1022
"S05_COEFFICIENT_START ""F1Hat_Delta"" "52" leaves="1198
"S05_COEFFICIENT_START ""F1Hat_Delta"" "53" leaves="2130
"S05_COEFFICIENT_START ""F1Hat_Delta"" "54" leaves="1090
"S05_COEFFICIENT_START ""F1Hat_Delta"" "55" leaves="1090
"S05_COEFFICIENT_START ""F1Hat_Delta"" "56" leaves="2124
"S05_COEFFICIENT_START ""F1Hat_Delta"" "57" leaves="1208
"S05_COEFFICIENT_START ""F1Hat_Delta"" "58" leaves="2257
"S05_COEFFICIENT_START ""F1Hat_Delta"" "59" leaves="78
"S05_COEFFICIENT_START ""F1Hat_Delta"" "60" leaves="168
"S05_COEFFICIENT_START ""F1Hat_Delta"" "61" leaves="985
"S05_COEFFICIENT_START ""F1Hat_Delta"" "62" leaves="1198
"S05_COEFFICIENT_START ""F1Hat_Delta"" "63" leaves="1198
"S05_COEFFICIENT_START ""F1Hat_Delta"" "64" leaves="1090
"S05_COEFFICIENT_START ""F1Hat_Delta"" "65" leaves="1090
"S05_COEFFICIENT_START ""F1Hat_Delta"" "66" leaves="1206
"S05_COEFFICIENT_START ""F1Hat_Delta"" "67" leaves="1206
"S05_COEFFICIENT_START ""F1Hat_Delta"" "68" leaves="10817
"S05_COEFFICIENT_START ""F1Hat_Delta"" "69" leaves="1813
"S05_COEFFICIENT_START ""F1Hat_Delta"" "70" leaves="1640
"S05_COEFFICIENT_START ""F1Hat_Delta"" "71" leaves="1664
"S05_COEFFICIENT_START ""F1Hat_Delta"" "72" leaves="92379
"S05_COEFFICIENT_START ""F1Hat_Delta"" "73" leaves="253
"S05_COMPACT_DONE ""F1Hat_Delta"" rational_checks="73" leaves="8508
"S05_OPTIMIZE ""Hqq_v2_F1Hat_Delta_1"" leaves="8508
"S05_EXPORTED ""Hqq_v2_F1Hat_Delta_1"" optimized="3276
"S05_PREPARE ""Hqq_v2_F1Hat_L0_1"" leaves="9163
"S05_COMPACT_START ""F1Hat_L0"" atoms="9" leaves="2221
"S05_COEFFICIENT_START ""F1Hat_L0"" "1" leaves="104
"S05_COEFFICIENT_START ""F1Hat_L0"" "2" leaves="104
"S05_COEFFICIENT_START ""F1Hat_L0"" "3" leaves="104
"S05_COEFFICIENT_START ""F1Hat_L0"" "4" leaves="104
"S05_COEFFICIENT_START ""F1Hat_L0"" "5" leaves="88
"S05_COEFFICIENT_START ""F1Hat_L0"" "6" leaves="104
"S05_COEFFICIENT_START ""F1Hat_L0"" "7" leaves="88
"S05_COEFFICIENT_START ""F1Hat_L0"" "8" leaves="104
"S05_COEFFICIENT_START ""F1Hat_L0"" "9" leaves="104
"S05_COEFFICIENT_START ""F1Hat_L0"" "10" leaves="104
"S05_COEFFICIENT_START ""F1Hat_L0"" "11" leaves="104
"S05_COEFFICIENT_START ""F1Hat_L0"" "12" leaves="104
"S05_COMPACT_DONE ""F1Hat_L0"" rational_checks="12" leaves="1002
"S05_OPTIMIZE ""Hqq_v2_F1Hat_L0_1"" leaves="1002
"S05_EXPORTED ""Hqq_v2_F1Hat_L0_1"" optimized="332
"S05_PREPARE ""Hqq_v2_F1Hat_L1_1"" leaves="607
"S05_COMPACT_RATIONAL ""F1Hat_L1"" leaves="80
"S05_OPTIMIZE ""Hqq_v2_F1Hat_L1_1"" leaves="80
"S05_EXPORTED ""Hqq_v2_F1Hat_L1_1"" optimized="90
"S05_PREPARE ""Hqq_v2_F1Hat_Regular_1"" leaves="7506981
"S05_COMPACT_START ""F1Hat_Regular"" atoms="29" leaves="2368828
"S05_COEFFICIENT_START ""F1Hat_Regular"" "1" leaves="305539
"S05_COEFFICIENT_START ""F1Hat_Regular"" "2" leaves="313664
"S05_COEFFICIENT_START ""F1Hat_Regular"" "3" leaves="7275
"S05_COEFFICIENT_START ""F1Hat_Regular"" "4" leaves="1170
"S05_COEFFICIENT_START ""F1Hat_Regular"" "5" leaves="148
"S05_COEFFICIENT_START ""F1Hat_Regular"" "6" leaves="867
"S05_COEFFICIENT_START ""F1Hat_Regular"" "7" leaves="867
"S05_COEFFICIENT_START ""F1Hat_Regular"" "8" leaves="284
"S05_COEFFICIENT_START ""F1Hat_Regular"" "9" leaves="2097
"S05_COEFFICIENT_START ""F1Hat_Regular"" "10" leaves="128
"S05_COEFFICIENT_START ""F1Hat_Regular"" "11" leaves="128
"S05_COEFFICIENT_START ""F1Hat_Regular"" "12" leaves="112
"S05_COEFFICIENT_START ""F1Hat_Regular"" "13" leaves="128
"S05_COEFFICIENT_START ""F1Hat_Regular"" "14" leaves="112
"S05_COEFFICIENT_START ""F1Hat_Regular"" "15" leaves="128
"S05_COEFFICIENT_START ""F1Hat_Regular"" "16" leaves="3954
"S05_COEFFICIENT_START ""F1Hat_Regular"" "17" leaves="3952
"S05_COEFFICIENT_START ""F1Hat_Regular"" "18" leaves="4655
"S05_COEFFICIENT_START ""F1Hat_Regular"" "19" leaves="4653
"S05_COEFFICIENT_START ""F1Hat_Regular"" "20" leaves="1439
"S05_COEFFICIENT_START ""F1Hat_Regular"" "21" leaves="1438
"S05_COEFFICIENT_START ""F1Hat_Regular"" "22" leaves="1424
"S05_COEFFICIENT_START ""F1Hat_Regular"" "23" leaves="1423
"S05_COEFFICIENT_START ""F1Hat_Regular"" "24" leaves="103236
"S05_COEFFICIENT_START ""F1Hat_Regular"" "25" leaves="851095
"S05_COEFFICIENT_START ""F1Hat_Regular"" "26" leaves="42844
"S05_COEFFICIENT_START ""F1Hat_Regular"" "27" leaves="77439
"S05_COEFFICIENT_START ""F1Hat_Regular"" "28" leaves="115779
"S05_COEFFICIENT_START ""F1Hat_Regular"" "29" leaves="14375
"S05_COEFFICIENT_START ""F1Hat_Regular"" "30" leaves="2610618
"S05_FATAL ""rational coefficient time limit F1Hat_Regular"
