MONITOR_START job=14687550 host=n6443 kernel_pid=257010
"PASS: ""accepted angular basis exists"
"PASS: ""S05 source identity"
"Required angular masters: "83
"Hypergeometric Gamma factor "1"/"5
"Hypergeometric Gamma factor "2"/"5
"Hypergeometric Gamma factor "3"/"5
"Hypergeometric Gamma factor "4"/"5
"Hypergeometric Gamma factor "5"/"5
"Hypergeometric series coefficients: "InputForm[{0, 0, n^(-2)}]
"PASS: ""generated hypergeometric expansion satisfies its defining equation"
"Parallel budget inputs: "InputForm[{4, 1, Infinity}]
"PASS: ""angular workers share compute node and runtime"
"Angular worker count = "4
"From remote kernel:"
"\"Angular master \"InputForm[{\"ML\", -4, -1}]\"; memory = \"38326928\n"
"From remote kernel:"
"\"Angular master \"InputForm[{\"ML\", -4, 0}]\"; memory = \"38326920\n"
"From remote kernel:"
"\"Angular master \"InputForm[{\"ML\", -4, 1}]\"; memory = \"38328616\n"
"From remote kernel:"
"\"Angular master \"InputForm[{\"ML\", -3, -2}]\"; memory = \"38327072\n"
"From remote kernel:"
"\"PASS: \"\"azimuth integration leaves a polar polynomial\"\n"
"From remote kernel:"
"\"PASS: \"\"azimuth integration leaves a polar polynomial\"\n"
"From remote kernel:"
"\"PASS: \"\"azimuth integration leaves a polar polynomial\"\n"
"From remote kernel:"
"\"PASS: \"\"azimuth integration leaves a polar polynomial\"\n"
"From remote kernel:"
"\"PASS: \"\"angular integral fully evaluated\"\n"
"From remote kernel:"
"\"PASS: \"\"at most a single angular pole\"\n"
"From remote kernel:"
"\"Angular master \"InputForm[{\"ML\", -3, -1}]\"; memory = \"210315560\n"
"From remote kernel:"
"\"PASS: \"\"azimuth integration leaves a polar polynomial\"\n"
"From remote kernel:"
"\"PASS: \"\"angular integral fully evaluated\"\n"
"From remote kernel:"
"\"PASS: \"\"at most a single angular pole\"\n"
"From remote kernel:"
"\"Angular master \"InputForm[{\"ML\", -3, 0}]\"; memory = \"210390736\n"
"From remote kernel:"
"\"PASS: \"\"azimuth integration leaves a polar polynomial\"\n"
"From remote kernel:"
"\"PASS: \"\"angular integral fully evaluated\"\n"
"From remote kernel:"
"\"PASS: \"\"at most a single angular pole\"\n"
"From remote kernel:"
"\"Angular master \"InputForm[{\"ML\", -3, 1}]\"; memory = \"210967328\n"
"From remote kernel:"
"\"PASS: \"\"azimuth integration leaves a polar polynomial\"\n"
"From remote kernel:"
"\"PASS: \"\"angular integral fully evaluated\"\n"
"From remote kernel:"
"\"PASS: \"\"at most a single angular pole\"\n"
"From remote kernel:"
"\"PASS: \"\"angular integral fully evaluated\"\n"
"From remote kernel:"
"\"Angular master \"InputForm[{\"ML\", -2, -3}]\"; memory = \"211504896\n"
"From remote kernel:"
"\"PASS: \"\"at most a single angular pole\"\n"
"From remote kernel:"
"\"PASS: \"\"azimuth integration leaves a polar polynomial\"\n"
"From remote kernel:"
"\"Angular master \"InputForm[{\"ML\", -2, -2}]\"; memory = \"211366664\n"
"From remote kernel:"
"\"PASS: \"\"azimuth integration leaves a polar polynomial\"\n"
"From remote kernel:"
"\"PASS: \"\"angular integral fully evaluated\"\n"
"From remote kernel:"
"\"PASS: \"\"at most a single angular pole\"\n"
"From remote kernel:"
"\"Angular master \"InputForm[{\"ML\", -2, -1}]\"; memory = \"212510392\n"
"From remote kernel:"
"\"PASS: \"\"azimuth integration leaves a polar polynomial\"\n"
"From remote kernel:"
"\"PASS: \"\"angular integral fully evaluated\"\n"
"From remote kernel:"
"\"PASS: \"\"at most a single angular pole\"\n"
"From remote kernel:"
"\"Angular master \"InputForm[{\"ML\", -2, 0}]\"; memory = \"212367432\n"
"From remote kernel:"
"\"PASS: \"\"azimuth integration leaves a polar polynomial\"\n"
"From remote kernel:"
"\"PASS: \"\"angular integral fully evaluated\"\n"
"From remote kernel:"
"\"PASS: \"\"at most a single angular pole\"\n"
"From remote kernel:"
"\"Angular master \"InputForm[{\"ML\", -2, 1}]\"; memory = \"212949256\n"
"From remote kernel:"
"\"PASS: \"\"azimuth integration leaves a polar polynomial\"\n"
"From remote kernel:"
"\"PASS: \"\"angular integral fully evaluated\"\n"
"From remote kernel:"
"\"PASS: \"\"at most a single angular pole\"\n"
"From remote kernel:"
"\"Angular master \"InputForm[{\"ML\", -1, -4}]\"; memory = \"212791152\n"
"From remote kernel:"
"\"PASS: \"\"azimuth integration leaves a polar polynomial\"\n"
"From remote kernel:"
"\"PASS: \"\"angular integral fully evaluated\"\n"
"From remote kernel:"
"\"PASS: \"\"at most a single angular pole\"\n"
"From remote kernel:"
"\"Angular master \"InputForm[{\"ML\", -1, -3}]\"; memory = \"213184224\n"
"From remote kernel:"
"\"PASS: \"\"azimuth integration leaves a polar polynomial\"\n"
"From remote kernel:"
"\"PASS: \"\"angular integral fully evaluated\"\n"
"From remote kernel:"
"\"PASS: \"\"at most a single angular pole\"\n"
"From remote kernel:"
"\"Angular master \"InputForm[{\"ML\", -1, -2}]\"; memory = \"213753920\n"
"From remote kernel:"
"\"PASS: \"\"azimuth integration leaves a polar polynomial\"\n"
"From remote kernel:"
"\"PASS: \"\"angular integral fully evaluated\"\n"
"From remote kernel:"
"\"PASS: \"\"at most a single angular pole\"\n"
"From remote kernel:"
"\"Angular master \"InputForm[{\"ML\", -1, -1}]\"; memory = \"214018320\n"
"From remote kernel:"
"\"PASS: \"\"azimuth integration leaves a polar polynomial\"\n"
"From remote kernel:"
"\"PASS: \"\"angular integral fully evaluated\"\n"
"From remote kernel:"
"\"PASS: \"\"at most a single angular pole\"\n"
"From remote kernel:"
"\"Angular master \"InputForm[{\"ML\", -1, 0}]\"; memory = \"214223856\n"
"From remote kernel:"
"\"PASS: \"\"azimuth integration leaves a polar polynomial\"\n"
"From remote kernel:"
"\"PASS: \"\"angular integral fully evaluated\"\n"
"From remote kernel:"
"\"PASS: \"\"at most a single angular pole\"\n"
"From remote kernel:"
"\"Angular master \"InputForm[{\"ML\", -1, 1}]\"; memory = \"214308568\n"
"From remote kernel:"
"\"PASS: \"\"azimuth integration leaves a polar polynomial\"\n"
"From remote kernel:"
"Series::ztest1: Unable to decide whether numeric quantity PolyGamma[2, 1] - 9 PolyGamma[2, 2] + 8 PolyGamma[2, 3] is equal to zero. Assuming it is."
"From remote kernel:"
"Series::ztest1: Unable to decide whether numeric quantity PolyGamma[2, 1] - 9 PolyGamma[2, 2] + 8 PolyGamma[2, 3] is equal to zero. Assuming it is."
"From remote kernel:"
"\"PASS: \"\"angular integral fully evaluated\"\n"
"From remote kernel:"
"\"PASS: \"\"at most a single angular pole\"\n"
"From remote kernel:"
"\"Angular master \"InputForm[{\"ML\", 0, -5}]\"; memory = \"217737616\n"
"From remote kernel:"
"\"PASS: \"\"azimuth integration leaves a polar polynomial\"\n"
"From remote kernel:"
"\"PASS: \"\"angular integral fully evaluated\"\n"
"From remote kernel:"
"\"PASS: \"\"at most a single angular pole\"\n"
"From remote kernel:"
"\"Angular master \"InputForm[{\"ML\", 0, -4}]\"; memory = \"217850264\n"
"From remote kernel:"
"\"PASS: \"\"azimuth integration leaves a polar polynomial\"\n"
"From remote kernel:"
"\"PASS: \"\"angular integral fully evaluated\"\n"
"From remote kernel:"
"\"PASS: \"\"at most a single angular pole\"\n"
"From remote kernel:"
"\"Angular master \"InputForm[{\"ML\", 0, -3}]\"; memory = \"217921608\n"
"From remote kernel:"
"\"PASS: \"\"azimuth integration leaves a polar polynomial\"\n"
"From remote kernel:"
"\"PASS: \"\"angular integral fully evaluated\"\n"
"From remote kernel:"
"\"PASS: \"\"at most a single angular pole\"\n"
"From remote kernel:"
"\"Angular master \"InputForm[{\"ML\", 0, -2}]\"; memory = \"217997000\n"
"From remote kernel:"
"\"PASS: \"\"azimuth integration leaves a polar polynomial\"\n"
"From remote kernel:"
"\"PASS: \"\"angular integral fully evaluated\"\n"
"From remote kernel:"
"\"PASS: \"\"at most a single angular pole\"\n"
"From remote kernel:"
"\"Angular master \"InputForm[{\"ML\", 0, -1}]\"; memory = \"218083768\n"
"From remote kernel:"
"\"PASS: \"\"azimuth integration leaves a polar polynomial\"\n"
"From remote kernel:"
"\"PASS: \"\"angular integral fully evaluated\"\n"
"From remote kernel:"
"\"PASS: \"\"at most a single angular pole\"\n"
"From remote kernel:"
"\"Angular master \"InputForm[{\"ML\", 0, 0}]\"; memory = \"218137776\n"
"From remote kernel:"
"\"PASS: \"\"azimuth integration leaves a polar polynomial\"\n"
"From remote kernel:"
"\"PASS: \"\"angular integral fully evaluated\"\n"
"From remote kernel:"
"\"PASS: \"\"at most a single angular pole\"\n"
"From remote kernel:"
"\"Angular master \"InputForm[{\"ML\", 0, 1}]\"; memory = \"218174408\n"
"From remote kernel:"
"\"PASS: \"\"azimuth integration leaves a polar polynomial\"\n"
"From remote kernel:"
"\"PASS: \"\"angular integral fully evaluated\"\n"
"From remote kernel:"
"\"PASS: \"\"at most a single angular pole\"\n"
"From remote kernel:"
"\"Angular master \"InputForm[{\"ML\", 1, -4}]\"; memory = \"220552600\n"
"From remote kernel:"
"\"PASS: \"\"angular integral fully evaluated\"\n"
"From remote kernel:"
"\"PASS: \"\"at most a single angular pole\"\n"
"From remote kernel:"
"\"Angular master \"InputForm[{\"ML\", 1, -3}]\"; memory = \"218676688\n"
"From remote kernel:"
"\"PASS: \"\"azimuth integration leaves a polar polynomial\"\n"
"From remote kernel:"
"\"Single massive polar integral, coefficient \"0\n"
"From remote kernel:"
"\"PASS: \"\"polar logarithm splits in its integration domain\"\n"
"From remote kernel:"
"\"PASS: \"\"azimuth integration leaves a polar polynomial\"\n"
"From remote kernel:"
"\"Single massive polar integral, coefficient \"0\n"
"From remote kernel:"
"\"PASS: \"\"polar logarithm splits in its integration domain\"\n"
"From remote kernel:"
"\"PASS: \"\"angular integral fully evaluated\"\n"
"From remote kernel:"
"\"PASS: \"\"at most a single angular pole\"\n"
"From remote kernel:"
"\"Angular master \"InputForm[{\"ML\", 1, -2}]\"; memory = \"220030696\n"
"From remote kernel:"
"\"PASS: \"\"azimuth integration leaves a polar polynomial\"\n"
"From remote kernel:"
"\"Single massive polar integral, coefficient \"0\n"
"From remote kernel:"
"\"PASS: \"\"polar logarithm splits in its integration domain\"\n"
"From remote kernel:"
"\"PASS: \"\"angular integral fully evaluated\"\n"
"From remote kernel:"
"\"PASS: \"\"at most a single angular pole\"\n"
"From remote kernel:"
"\"Angular master \"InputForm[{\"ML\", 1, -1}]\"; memory = \"222260736\n"
"From remote kernel:"
"\"PASS: \"\"azimuth integration leaves a polar polynomial\"\n"
"From remote kernel:"
"\"Single massive polar integral, coefficient \"0\n"
"From remote kernel:"
"\"PASS: \"\"polar logarithm splits in its integration domain\"\n"
MONITOR_HEARTBEAT elapsed=31s rss=308.5MiB peak=308.5MiB
"From remote kernel:"
"\"Single massive polar integral, coefficient \"1\n"
"From remote kernel:"
"\"PASS: \"\"polar logarithm splits in its integration domain\"\n"
"From remote kernel:"
"\"Single massive polar integral, coefficient \"1\n"
"From remote kernel:"
"\"PASS: \"\"polar logarithm splits in its integration domain\"\n"
"From remote kernel:"
"\"Single massive polar integral, coefficient \"1\n"
"From remote kernel:"
"\"PASS: \"\"polar logarithm splits in its integration domain\"\n"
"From remote kernel:"
"\"Single massive polar integral, coefficient \"1\n"
"From remote kernel:"
"\"PASS: \"\"polar logarithm splits in its integration domain\"\n"
MONITOR_HEARTBEAT elapsed=61s rss=308.5MiB peak=308.5MiB
"From remote kernel:"
"\"PASS: \"\"log integral maps exactly to the linear template\"\n"
"From remote kernel:"
"\"PASS: \"\"linear template is used in its real domain\"\n"
"From remote kernel:"
"\"PASS: \"\"log integral maps exactly to the linear template\"\n"
"From remote kernel:"
"\"PASS: \"\"linear template is used in its real domain\"\n"
"From remote kernel:"
"\"PASS: \"\"single polar integral evaluated\"\n"
"From remote kernel:"
"\"PASS: \"\"log integral maps exactly to the linear template\"\n"
"From remote kernel:"
"\"PASS: \"\"linear template is used in its real domain\"\n"
"From remote kernel:"
"\"PASS: \"\"log integral maps exactly to the linear template\"\n"
"From remote kernel:"
"\"PASS: \"\"linear template is used in its real domain\"\n"
"From remote kernel:"
"\"PASS: \"\"single polar integral evaluated\"\n"
"From remote kernel:"
"\"PASS: \"\"log integral maps exactly to the linear template\"\n"
"From remote kernel:"
"\"PASS: \"\"linear template is used in its real domain\"\n"
"From remote kernel:"
"\"PASS: \"\"log integral maps exactly to the linear template\"\n"
"From remote kernel:"
"\"PASS: \"\"linear template is used in its real domain\"\n"
"From remote kernel:"
"\"PASS: \"\"single polar integral evaluated\"\n"
"From remote kernel:"
"\"PASS: \"\"log integral maps exactly to the linear template\"\n"
"From remote kernel:"
"\"PASS: \"\"linear template is used in its real domain\"\n"
"From remote kernel:"
"\"PASS: \"\"log integral maps exactly to the linear template\"\n"
"From remote kernel:"
"\"PASS: \"\"linear template is used in its real domain\"\n"
"From remote kernel:"
"\"PASS: \"\"single polar integral evaluated\"\n"
"From remote kernel:"
"\"PASS: \"\"angular integral fully evaluated\"\n"
"From remote kernel:"
"\"PASS: \"\"at most a single angular pole\"\n"
"From remote kernel:"
"\"Angular master \"InputForm[{\"ML\", 1, 0}]\"; memory = \"267083168\n"
"From remote kernel:"
"\"PASS: \"\"azimuth integration leaves a polar polynomial\"\n"
"From remote kernel:"
"\"PASS: \"\"angular integral fully evaluated\"\n"
"From remote kernel:"
"\"PASS: \"\"at most a single angular pole\"\n"
"From remote kernel:"
"\"Angular master \"InputForm[{\"ML\", 1, 1}]\"; memory = \"267611632\n"
"From remote kernel:"
"\"Mixed master \"1\",\"1\"; regular coefficient \"0\n"
"From remote kernel:"
"\"Mixed master \"1\",\"1\"; regular coefficient \"1\n"
"From remote kernel:"
"\"PASS: \"\"angular integral fully evaluated\"\n"
"From remote kernel:"
"\"PASS: \"\"at most a single angular pole\"\n"
"From remote kernel:"
"\"Angular master \"InputForm[{\"ML\", -2, 2}]\"; memory = \"271708288\n"
"From remote kernel:"
"\"PASS: \"\"azimuth integration leaves a polar polynomial\"\n"
"From remote kernel:"
"\"PASS: \"\"angular integral fully evaluated\"\n"
"From remote kernel:"
"\"PASS: \"\"at most a single angular pole\"\n"
"From remote kernel:"
"\"Angular master \"InputForm[{\"ML\", -1, 2}]\"; memory = \"278457840\n"
"From remote kernel:"
"\"PASS: \"\"azimuth integration leaves a polar polynomial\"\n"
"From remote kernel:"
"\"PASS: \"\"angular integral fully evaluated\"\n"
"From remote kernel:"
"\"PASS: \"\"at most a single angular pole\"\n"
"From remote kernel:"
"\"Angular master \"InputForm[{\"ML\", 0, 2}]\"; memory = \"279041184\n"
"From remote kernel:"
"\"PASS: \"\"azimuth integration leaves a polar polynomial\"\n"
"From remote kernel:"
"\"PASS: \"\"angular integral fully evaluated\"\n"
"From remote kernel:"
"\"PASS: \"\"at most a single angular pole\"\n"
"From remote kernel:"
"\"Angular master \"InputForm[{\"ML\", 1, 2}]\"; memory = \"279310880\n"
"From remote kernel:"
"\"Deriving angular integration by parts for \"1\",\"1\n"
"From remote kernel:"
"\"PASS: \"\"polar integration-by-parts boundary terms vanish\"\n"
MONITOR_HEARTBEAT elapsed=91s rss=308.5MiB peak=308.5MiB
MONITOR_HEARTBEAT elapsed=121s rss=308.5MiB peak=308.5MiB
"From remote kernel:"
"\"PASS: \"\"angular integral fully evaluated\"\n"
"From remote kernel:"
"\"PASS: \"\"at most a single angular pole\"\n"
"From remote kernel:"
"\"Angular master \"InputForm[{\"ML\", 1, -5}]\"; memory = \"292422448\n"
"From remote kernel:"
"\"PASS: \"\"azimuth integration leaves a polar polynomial\"\n"
MONITOR_HEARTBEAT elapsed=152s rss=308.5MiB peak=308.5MiB
"From remote kernel:"
"\"PASS: \"\"angular integral fully evaluated\"\n"
"From remote kernel:"
"\"PASS: \"\"at most a single angular pole\"\n"
"From remote kernel:"
"\"Angular master \"InputForm[{\"ML\", 2, -4}]\"; memory = \"290113240\n"
"From remote kernel:"
"\"PASS: \"\"azimuth integration leaves a polar polynomial\"\n"
MONITOR_HEARTBEAT elapsed=183s rss=308.5MiB peak=308.5MiB
MONITOR_HEARTBEAT elapsed=214s rss=308.5MiB peak=308.5MiB
MONITOR_HEARTBEAT elapsed=244s rss=308.6MiB peak=308.6MiB
MONITOR_HEARTBEAT elapsed=275s rss=308.6MiB peak=308.6MiB
MONITOR_HEARTBEAT elapsed=306s rss=308.6MiB peak=308.6MiB
MONITOR_HEARTBEAT elapsed=337s rss=308.6MiB peak=308.6MiB
MONITOR_HEARTBEAT elapsed=368s rss=308.6MiB peak=308.6MiB
MONITOR_HEARTBEAT elapsed=398s rss=308.6MiB peak=308.6MiB
MONITOR_HEARTBEAT elapsed=428s rss=308.6MiB peak=308.6MiB
"From remote kernel:"
"\"PASS: \"\"angular integral fully evaluated\"\n"
"From remote kernel:"
"\"PASS: \"\"at most a single angular pole\"\n"
"From remote kernel:"
"\"Angular master \"InputForm[{\"ML\", 2, -3}]\"; memory = \"412267688\n"
"From remote kernel:"
"\"PASS: \"\"azimuth integration leaves a polar polynomial\"\n"
MONITOR_HEARTBEAT elapsed=459s rss=308.6MiB peak=308.6MiB
MONITOR_HEARTBEAT elapsed=489s rss=308.6MiB peak=308.6MiB
MONITOR_HEARTBEAT elapsed=519s rss=308.6MiB peak=308.6MiB
"From remote kernel:"
"\"PASS: \"\"angular integral fully evaluated\"\n"
"From remote kernel:"
"\"PASS: \"\"at most a single angular pole\"\n"
"From remote kernel:"
"\"Angular master \"InputForm[{\"ML\", 2, -2}]\"; memory = \"466404640\n"
"From remote kernel:"
"\"PASS: \"\"azimuth integration leaves a polar polynomial\"\n"
MONITOR_HEARTBEAT elapsed=550s rss=308.6MiB peak=308.6MiB
MONITOR_HEARTBEAT elapsed=581s rss=308.6MiB peak=308.6MiB
"From remote kernel:"
"\"PASS: \"\"angular integral fully evaluated\"\n"
"From remote kernel:"
"\"PASS: \"\"at most a single angular pole\"\n"
"From remote kernel:"
"\"Angular master \"InputForm[{\"ML\", 2, -1}]\"; memory = \"453128064\n"
"From remote kernel:"
"\"PASS: \"\"azimuth integration leaves a polar polynomial\"\n"
"From remote kernel:"
"\"PASS: \"\"angular integral fully evaluated\"\n"
"From remote kernel:"
"\"PASS: \"\"at most a single angular pole\"\n"
"From remote kernel:"
"\"Angular master \"InputForm[{\"ML\", 2, 0}]\"; memory = \"434793952\n"
"From remote kernel:"
"\"PASS: \"\"azimuth integration leaves a polar polynomial\"\n"
"From remote kernel:"
"\"PASS: \"\"angular integral fully evaluated\"\n"
"From remote kernel:"
"\"PASS: \"\"at most a single angular pole\"\n"
"From remote kernel:"
"\"Angular master \"InputForm[{\"ML\", 2, 1}]\"; memory = \"434275272\n"
"From remote kernel:"
"\"PASS: \"\"angular integral fully evaluated\"\n"
"From remote kernel:"
"\"PASS: \"\"at most a single angular pole\"\n"
"From remote kernel:"
"\"Angular master \"InputForm[{\"ML\", 2, 2}]\"; memory = \"453102560\n"
"From remote kernel:"
"\"Deriving angular integration by parts for \"1\",\"1\n"
"From remote kernel:"
"\"PASS: \"\"polar integration-by-parts boundary terms vanish\"\n"
MONITOR_HEARTBEAT elapsed=611s rss=308.6MiB peak=308.6MiB
MONITOR_HEARTBEAT elapsed=642s rss=308.6MiB peak=308.6MiB
"From remote kernel:"
"\"PASS: \"\"angular integral fully evaluated\"\n"
"From remote kernel:"
"\"PASS: \"\"at most a single angular pole\"\n"
"From remote kernel:"
"\"Angular master \"InputForm[{\"LL\", -4, -1}]\"; memory = \"432251248\n"
"From remote kernel:"
"\"PASS: \"\"contiguous reduction is linear in its seed\"\n"
"From remote kernel:"
"\"PASS: \"\"angular integral fully evaluated\"\n"
"From remote kernel:"
"\"PASS: \"\"at most a single angular pole\"\n"
"From remote kernel:"
"\"Angular master \"InputForm[{\"LL\", -4, 0}]\"; memory = \"432301400\n"
"From remote kernel:"
"\"PASS: \"\"contiguous reduction is linear in its seed\"\n"
"From remote kernel:"
"\"PASS: \"\"angular integral fully evaluated\"\n"
"From remote kernel:"
"\"PASS: \"\"at most a single angular pole\"\n"
"From remote kernel:"
"\"Angular master \"InputForm[{\"LL\", -4, 1}]\"; memory = \"432361944\n"
"From remote kernel:"
"\"PASS: \"\"contiguous reduction is linear in its seed\"\n"
"From remote kernel:"
"\"PASS: \"\"angular integral fully evaluated\"\n"
"From remote kernel:"
"\"PASS: \"\"at most a single angular pole\"\n"
"From remote kernel:"
"\"Angular master \"InputForm[{\"LL\", -3, -2}]\"; memory = \"432132600\n"
"From remote kernel:"
"\"PASS: \"\"contiguous reduction is linear in its seed\"\n"
"From remote kernel:"
"\"PASS: \"\"angular integral fully evaluated\"\n"
"From remote kernel:"
"\"PASS: \"\"at most a single angular pole\"\n"
"From remote kernel:"
"\"Angular master \"InputForm[{\"LL\", -3, -1}]\"; memory = \"432000456\n"
"From remote kernel:"
"\"PASS: \"\"contiguous reduction is linear in its seed\"\n"
"From remote kernel:"
"\"PASS: \"\"angular integral fully evaluated\"\n"
"From remote kernel:"
"\"PASS: \"\"at most a single angular pole\"\n"
"From remote kernel:"
"\"Angular master \"InputForm[{\"LL\", -3, 0}]\"; memory = \"432038416\n"
"From remote kernel:"
"\"PASS: \"\"contiguous reduction is linear in its seed\"\n"
"From remote kernel:"
"\"PASS: \"\"angular integral fully evaluated\"\n"
"From remote kernel:"
"\"PASS: \"\"at most a single angular pole\"\n"
"From remote kernel:"
"\"Angular master \"InputForm[{\"LL\", -3, 1}]\"; memory = \"432168744\n"
"From remote kernel:"
"\"PASS: \"\"contiguous reduction is linear in its seed\"\n"
"From remote kernel:"
"\"PASS: \"\"angular integral fully evaluated\"\n"
"From remote kernel:"
"\"PASS: \"\"at most a single angular pole\"\n"
"From remote kernel:"
"\"Angular master \"InputForm[{\"LL\", -2, -3}]\"; memory = \"432473976\n"
"From remote kernel:"
"\"PASS: \"\"contiguous reduction is linear in its seed\"\n"
"From remote kernel:"
"\"PASS: \"\"angular integral fully evaluated\"\n"
"From remote kernel:"
"\"PASS: \"\"at most a single angular pole\"\n"
"From remote kernel:"
"\"Angular master \"InputForm[{\"LL\", -2, -2}]\"; memory = \"432587024\n"
"From remote kernel:"
"\"PASS: \"\"contiguous reduction is linear in its seed\"\n"
"From remote kernel:"
"\"PASS: \"\"angular integral fully evaluated\"\n"
"From remote kernel:"
"\"PASS: \"\"at most a single angular pole\"\n"
"From remote kernel:"
"\"Angular master \"InputForm[{\"LL\", -2, -1}]\"; memory = \"432615144\n"
"From remote kernel:"
"\"PASS: \"\"contiguous reduction is linear in its seed\"\n"
"From remote kernel:"
"\"PASS: \"\"angular integral fully evaluated\"\n"
"From remote kernel:"
"\"PASS: \"\"at most a single angular pole\"\n"
"From remote kernel:"
"\"Angular master \"InputForm[{\"LL\", -2, 0}]\"; memory = \"432661168\n"
"From remote kernel:"
"\"PASS: \"\"contiguous reduction is linear in its seed\"\n"
"From remote kernel:"
"\"PASS: \"\"angular integral fully evaluated\"\n"
"From remote kernel:"
"\"PASS: \"\"at most a single angular pole\"\n"
"From remote kernel:"
"\"Angular master \"InputForm[{\"LL\", -2, 1}]\"; memory = \"432749392\n"
"From remote kernel:"
"\"PASS: \"\"contiguous reduction is linear in its seed\"\n"
"From remote kernel:"
"\"PASS: \"\"angular integral fully evaluated\"\n"
"From remote kernel:"
"\"PASS: \"\"at most a single angular pole\"\n"
"From remote kernel:"
"\"Angular master \"InputForm[{\"LL\", -1, -4}]\"; memory = \"433155632\n"
"From remote kernel:"
"\"PASS: \"\"contiguous reduction is linear in its seed\"\n"
"From remote kernel:"
"\"PASS: \"\"angular integral fully evaluated\"\n"
"From remote kernel:"
"\"PASS: \"\"at most a single angular pole\"\n"
"From remote kernel:"
"\"Angular master \"InputForm[{\"LL\", -1, -3}]\"; memory = \"433253304\n"
"From remote kernel:"
"\"PASS: \"\"contiguous reduction is linear in its seed\"\n"
"From remote kernel:"
"\"PASS: \"\"angular integral fully evaluated\"\n"
"From remote kernel:"
"\"PASS: \"\"at most a single angular pole\"\n"
"From remote kernel:"
"\"Angular master \"InputForm[{\"LL\", -1, -2}]\"; memory = \"433352904\n"
"From remote kernel:"
"\"PASS: \"\"contiguous reduction is linear in its seed\"\n"
"From remote kernel:"
"\"PASS: \"\"angular integral fully evaluated\"\n"
"From remote kernel:"
"\"PASS: \"\"at most a single angular pole\"\n"
"From remote kernel:"
"\"Angular master \"InputForm[{\"LL\", -1, -1}]\"; memory = \"433454512\n"
"From remote kernel:"
"\"PASS: \"\"contiguous reduction is linear in its seed\"\n"
"From remote kernel:"
"\"PASS: \"\"angular integral fully evaluated\"\n"
"From remote kernel:"
"\"PASS: \"\"at most a single angular pole\"\n"
"From remote kernel:"
"\"Angular master \"InputForm[{\"LL\", -1, 0}]\"; memory = \"433516864\n"
"From remote kernel:"
"\"PASS: \"\"contiguous reduction is linear in its seed\"\n"
"From remote kernel:"
"\"PASS: \"\"angular integral fully evaluated\"\n"
"From remote kernel:"
"\"PASS: \"\"at most a single angular pole\"\n"
"From remote kernel:"
"\"Angular master \"InputForm[{\"LL\", -1, 1}]\"; memory = \"433598752\n"
"From remote kernel:"
"\"PASS: \"\"contiguous reduction is linear in its seed\"\n"
"From remote kernel:"
"\"PASS: \"\"angular integral fully evaluated\"\n"
"From remote kernel:"
"\"PASS: \"\"at most a single angular pole\"\n"
"From remote kernel:"
"\"Angular master \"InputForm[{\"LL\", 0, -5}]\"; memory = \"434081248\n"
"From remote kernel:"
"\"PASS: \"\"contiguous reduction is linear in its seed\"\n"
"From remote kernel:"
"\"PASS: \"\"angular integral fully evaluated\"\n"
"From remote kernel:"
"\"PASS: \"\"at most a single angular pole\"\n"
"From remote kernel:"
"\"Angular master \"InputForm[{\"LL\", 0, -4}]\"; memory = \"434132192\n"
"From remote kernel:"
"\"PASS: \"\"contiguous reduction is linear in its seed\"\n"
"From remote kernel:"
"\"PASS: \"\"angular integral fully evaluated\"\n"
"From remote kernel:"
"\"PASS: \"\"at most a single angular pole\"\n"
"From remote kernel:"
"\"Angular master \"InputForm[{\"LL\", 0, -3}]\"; memory = \"434221872\n"
"From remote kernel:"
"\"PASS: \"\"contiguous reduction is linear in its seed\"\n"
"From remote kernel:"
"\"PASS: \"\"angular integral fully evaluated\"\n"
"From remote kernel:"
"\"PASS: \"\"at most a single angular pole\"\n"
"From remote kernel:"
"\"Angular master \"InputForm[{\"LL\", 0, -2}]\"; memory = \"434319688\n"
"From remote kernel:"
"\"PASS: \"\"contiguous reduction is linear in its seed\"\n"
"From remote kernel:"
"\"PASS: \"\"angular integral fully evaluated\"\n"
"From remote kernel:"
"\"PASS: \"\"at most a single angular pole\"\n"
"From remote kernel:"
"\"Angular master \"InputForm[{\"LL\", 0, -1}]\"; memory = \"434373056\n"
"From remote kernel:"
"\"PASS: \"\"contiguous reduction is linear in its seed\"\n"
"From remote kernel:"
"\"PASS: \"\"angular integral fully evaluated\"\n"
"From remote kernel:"
"\"PASS: \"\"at most a single angular pole\"\n"
"From remote kernel:"
"\"Angular master \"InputForm[{\"LL\", 0, 0}]\"; memory = \"434426728\n"
"From remote kernel:"
"\"PASS: \"\"contiguous reduction is linear in its seed\"\n"
"From remote kernel:"
"\"PASS: \"\"angular integral fully evaluated\"\n"
"From remote kernel:"
"\"PASS: \"\"at most a single angular pole\"\n"
"From remote kernel:"
"\"Angular master \"InputForm[{\"LL\", 0, 1}]\"; memory = \"434530000\n"
"From remote kernel:"
"\"PASS: \"\"contiguous reduction is linear in its seed\"\n"
"From remote kernel:"
"\"PASS: \"\"angular integral fully evaluated\"\n"
"From remote kernel:"
"\"PASS: \"\"at most a single angular pole\"\n"
"From remote kernel:"
"\"Angular master \"InputForm[{\"LL\", 1, -5}]\"; memory = \"435030864\n"
"From remote kernel:"
"\"PASS: \"\"contiguous reduction is linear in its seed\"\n"
"From remote kernel:"
"\"PASS: \"\"angular integral fully evaluated\"\n"
"From remote kernel:"
"\"PASS: \"\"at most a single angular pole\"\n"
"From remote kernel:"
"\"Angular master \"InputForm[{\"LL\", 1, -4}]\"; memory = \"435216152\n"
"From remote kernel:"
"\"PASS: \"\"contiguous reduction is linear in its seed\"\n"
"From remote kernel:"
"\"PASS: \"\"angular integral fully evaluated\"\n"
"From remote kernel:"
"\"PASS: \"\"at most a single angular pole\"\n"
"From remote kernel:"
"\"Angular master \"InputForm[{\"LL\", 1, -3}]\"; memory = \"435770384\n"
"From remote kernel:"
"\"PASS: \"\"contiguous reduction is linear in its seed\"\n"
"From remote kernel:"
"\"PASS: \"\"angular integral fully evaluated\"\n"
"From remote kernel:"
"\"PASS: \"\"at most a single angular pole\"\n"
"From remote kernel:"
"\"Angular master \"InputForm[{\"LL\", 1, -2}]\"; memory = \"436320032\n"
"From remote kernel:"
"\"PASS: \"\"contiguous reduction is linear in its seed\"\n"
"From remote kernel:"
"\"PASS: \"\"angular integral fully evaluated\"\n"
"From remote kernel:"
"\"PASS: \"\"at most a single angular pole\"\n"
"From remote kernel:"
"\"Angular master \"InputForm[{\"LL\", 1, -1}]\"; memory = \"436852080\n"
"From remote kernel:"
"\"PASS: \"\"contiguous reduction is linear in its seed\"\n"
"From remote kernel:"
"\"PASS: \"\"angular integral fully evaluated\"\n"
"From remote kernel:"
"\"PASS: \"\"at most a single angular pole\"\n"
"From remote kernel:"
"\"Angular master \"InputForm[{\"LL\", 1, 0}]\"; memory = \"437776560\n"
"From remote kernel:"
"\"PASS: \"\"contiguous reduction is linear in its seed\"\n"
"From remote kernel:"
"\"PASS: \"\"angular integral fully evaluated\"\n"
"From remote kernel:"
"\"PASS: \"\"at most a single angular pole\"\n"
"From remote kernel:"
"\"Angular master \"InputForm[{\"LL\", 1, 1}]\"; memory = \"438194576\n"
"From remote kernel:"
"\"PASS: \"\"contiguous reduction is linear in its seed\"\n"
"From remote kernel:"
"\"PASS: \"\"angular integral fully evaluated\"\n"
"From remote kernel:"
"\"PASS: \"\"at most a single angular pole\"\n"
"From remote kernel:"
"\"Angular master \"InputForm[{\"LL\", -2, 2}]\"; memory = \"438842824\n"
"From remote kernel:"
"\"PASS: \"\"contiguous reduction is linear in its seed\"\n"
"From remote kernel:"
"\"PASS: \"\"angular integral fully evaluated\"\n"
"From remote kernel:"
"\"PASS: \"\"at most a single angular pole\"\n"
"From remote kernel:"
"\"Angular master \"InputForm[{\"LL\", -1, 2}]\"; memory = \"439124952\n"
"From remote kernel:"
"\"PASS: \"\"contiguous reduction is linear in its seed\"\n"
"From remote kernel:"
"\"PASS: \"\"angular integral fully evaluated\"\n"
"From remote kernel:"
"\"PASS: \"\"at most a single angular pole\"\n"
"From remote kernel:"
"\"Angular master \"InputForm[{\"LL\", 0, 2}]\"; memory = \"439464832\n"
"From remote kernel:"
"\"PASS: \"\"contiguous reduction is linear in its seed\"\n"
"From remote kernel:"
"\"PASS: \"\"angular integral fully evaluated\"\n"
"From remote kernel:"
"\"PASS: \"\"at most a single angular pole\"\n"
"From remote kernel:"
"\"Angular master \"InputForm[{\"ML\", -5, 0}]\"; memory = \"439546912\n"
"From remote kernel:"
"\"PASS: \"\"azimuth integration leaves a polar polynomial\"\n"
"From remote kernel:"
"\"PASS: \"\"angular integral fully evaluated\"\n"
"From remote kernel:"
"\"PASS: \"\"at most a single angular pole\"\n"
"From remote kernel:"
"\"Angular master \"InputForm[{\"ML\", -5, 1}]\"; memory = \"438482040\n"
"From remote kernel:"
"\"PASS: \"\"azimuth integration leaves a polar polynomial\"\n"
"From remote kernel:"
"Series::ztest1: Unable to decide whether numeric quantity PolyGamma[2, 1] - 9 PolyGamma[2, 2] + 8 PolyGamma[2, 3] is equal to zero. Assuming it is."
"From remote kernel:"
"\"PASS: \"\"angular integral fully evaluated\"\n"
"From remote kernel:"
"\"PASS: \"\"at most a single angular pole\"\n"
"From remote kernel:"
"\"Angular master \"InputForm[{\"ML\", 1, -6}]\"; memory = \"440366336\n"
"From remote kernel:"
"\"PASS: \"\"azimuth integration leaves a polar polynomial\"\n"
MONITOR_HEARTBEAT elapsed=672s rss=308.7MiB peak=308.7MiB
MONITOR_HEARTBEAT elapsed=703s rss=308.7MiB peak=308.7MiB
MONITOR_HEARTBEAT elapsed=734s rss=308.7MiB peak=308.7MiB
MONITOR_HEARTBEAT elapsed=765s rss=308.7MiB peak=308.7MiB
MONITOR_HEARTBEAT elapsed=795s rss=308.7MiB peak=308.7MiB
MONITOR_HEARTBEAT elapsed=826s rss=308.7MiB peak=308.7MiB
MONITOR_HEARTBEAT elapsed=857s rss=308.7MiB peak=308.7MiB
MONITOR_HEARTBEAT elapsed=887s rss=308.7MiB peak=308.7MiB
MONITOR_HEARTBEAT elapsed=918s rss=308.7MiB peak=308.7MiB
"From remote kernel:"
"\"PASS: \"\"angular integral fully evaluated\"\n"
"From remote kernel:"
"\"PASS: \"\"at most a single angular pole\"\n"
"From remote kernel:"
"\"Angular master \"InputForm[{\"ML\", 2, -6}]\"; memory = \"523699472\n"
"From remote kernel:"
"\"PASS: \"\"azimuth integration leaves a polar polynomial\"\n"
MONITOR_HEARTBEAT elapsed=949s rss=308.7MiB peak=308.7MiB
MONITOR_HEARTBEAT elapsed=980s rss=308.7MiB peak=308.7MiB
"From remote kernel:"
"\"FAIL: \"\"time limit {\\\"ML\\\", 1, 2}\"\n"
"From remote kernel:"
"\"Angular master \"InputForm[{\"ML\", 2, -5}]\"; memory = \"319356528\n"
"From remote kernel:"
"\"PASS: \"\"azimuth integration leaves a polar polynomial\"\n"
MONITOR_HEARTBEAT elapsed=1010s rss=308.7MiB peak=308.7MiB
MONITOR_HEARTBEAT elapsed=1041s rss=308.7MiB peak=308.7MiB
MONITOR_HEARTBEAT elapsed=1072s rss=308.7MiB peak=308.7MiB
MONITOR_HEARTBEAT elapsed=1102s rss=308.7MiB peak=308.7MiB
MONITOR_HEARTBEAT elapsed=1133s rss=308.7MiB peak=308.7MiB
MONITOR_HEARTBEAT elapsed=1163s rss=308.7MiB peak=308.7MiB
MONITOR_HEARTBEAT elapsed=1193s rss=308.7MiB peak=308.7MiB
MONITOR_HEARTBEAT elapsed=1224s rss=308.7MiB peak=308.7MiB
MONITOR_HEARTBEAT elapsed=1255s rss=308.7MiB peak=308.7MiB
MONITOR_HEARTBEAT elapsed=1285s rss=308.7MiB peak=308.7MiB
MONITOR_HEARTBEAT elapsed=1316s rss=308.7MiB peak=308.7MiB
MONITOR_HEARTBEAT elapsed=1347s rss=308.7MiB peak=308.7MiB
MONITOR_HEARTBEAT elapsed=1378s rss=308.7MiB peak=308.7MiB
MONITOR_HEARTBEAT elapsed=1409s rss=308.7MiB peak=308.7MiB
MONITOR_HEARTBEAT elapsed=1440s rss=308.7MiB peak=308.7MiB
MONITOR_HEARTBEAT elapsed=1470s rss=308.7MiB peak=308.7MiB
MONITOR_HEARTBEAT elapsed=1501s rss=308.7MiB peak=308.7MiB
"From remote kernel:"
"\"FAIL: \"\"time limit {\\\"ML\\\", 2, 2}\"\n"
MONITOR_HEARTBEAT elapsed=1531s rss=308.7MiB peak=308.7MiB
"From remote kernel:"
"\"PASS: \"\"angular integral fully evaluated\"\n"
"From remote kernel:"
"\"PASS: \"\"at most a single angular pole\"\n"
MONITOR_HEARTBEAT elapsed=1561s rss=308.7MiB peak=308.7MiB
"From remote kernel:"
"\"FAIL: \"\"time limit {\\\"ML\\\", 1, -6}\"\n"
MONITOR_HEARTBEAT elapsed=1592s rss=308.7MiB peak=308.7MiB
MONITOR_HEARTBEAT elapsed=1622s rss=308.7MiB peak=308.7MiB
