"PASS: ""compute allocation"
"PASS: ""isolated runtime"
"PASS: ""complete source syntax"
"PASS: ""pinned original mapper"
"PASS: ""unchanged mapping functions"
"PASS: ""accepted real spin input"
"PASS: ""accepted scalar reuse library"
"PASS: ""s02 unchanged scalar input"
"PASS: ""s04 unchanged scalar input"
"PASS: ""accepted geometry and reduction"
"PASS: ""same cut momenta"
"PASS: ""same positive-energy support"
"PASS: ""unique loop-coordinate conversion"
"PASS: ""all scalar products reconstruct"
"PASS: ""coordinate change preserves measured transverse constraint"
"PASS: ""pinned GitHub coefficient assembly"
"PASS: ""unchanged GitHub coefficient loop"
"PASS: ""unique saved reduction targets"
"PASS: ""complete target mapping source syntax"
"PASS: ""pinned unchanged target calculation"
"PASS: ""unchanged complete target calculation and checkpoint contract"
"PASS: ""pinned actual reference target map"
"PASS: ""pinned accepted control tensor"
"PASS: ""control shares exact measured scalar products"
"PASS: ""reference target map exact input identity"
"PASS: ""integer resource limit POLARIZED_SIDIS_TARGET_SECONDS"
"PASS: ""bounded resource limit POLARIZED_SIDIS_TARGET_SECONDS"
"PASS: ""integer resource limit POLARIZED_SIDIS_TARGET_MEMORY_GIB"
"PASS: ""bounded resource limit POLARIZED_SIDIS_TARGET_MEMORY_GIB"
"TARGET_RESOURCE_LIMITS seconds "3600" bytes "4294967296
"PASS: ""complete pair comparison syntax"
"PASS: ""pair comparison channel"
"PASS: ""pinned pair input Hqq/s05_result/s05_cache_manifest.json"
"PASS: ""pinned pair input Hqq/s05_result/s05_payload_0001.txt"
"PASS: ""pinned pair input Hqq/s05_result/s05_payload_0002.txt"
"PASS: ""pinned pair input Hqq/s05_result/s05_payload_0003.txt"
"PASS: ""pinned pair input Hqq/s05_result/s05_payload_manifest.json"
"PASS: ""pinned pair input Hqq/s05_result/s05_result.wl"
"PASS: ""pinned pair input Hqqprime/s05_spin_extraction_result/s05_result.wl"
"PASS: ""pinned pair input cache/s05/Hqq/45a512ffc5e2f23ed6a8fe86d45eb6079e7e75874064fec6fe14095ec120734b/RealDistinct_1_1.wl"
"PASS: ""pinned pair input cache/s05/Hqq/45a512ffc5e2f23ed6a8fe86d45eb6079e7e75874064fec6fe14095ec120734b/RealDistinct_1_2.wl"
"PASS: ""pinned pair input cache/s05/Hqq/45a512ffc5e2f23ed6a8fe86d45eb6079e7e75874064fec6fe14095ec120734b/RealDistinct_1_3.wl"
"PASS: ""pinned pair input cache/s05/Hqq/45a512ffc5e2f23ed6a8fe86d45eb6079e7e75874064fec6fe14095ec120734b/RealDistinct_1_4.wl"
"PASS: ""pinned pair input cache/s05/Hqq/45a512ffc5e2f23ed6a8fe86d45eb6079e7e75874064fec6fe14095ec120734b/RealDistinct_2_2.wl"
"PASS: ""pinned pair input cache/s05/Hqq/45a512ffc5e2f23ed6a8fe86d45eb6079e7e75874064fec6fe14095ec120734b/RealDistinct_2_3.wl"
"PASS: ""pinned pair input cache/s05/Hqq/45a512ffc5e2f23ed6a8fe86d45eb6079e7e75874064fec6fe14095ec120734b/RealDistinct_2_4.wl"
"PASS: ""pinned pair input cache/s05/Hqq/45a512ffc5e2f23ed6a8fe86d45eb6079e7e75874064fec6fe14095ec120734b/RealDistinct_3_3.wl"
"PASS: ""pinned pair input cache/s05/Hqq/45a512ffc5e2f23ed6a8fe86d45eb6079e7e75874064fec6fe14095ec120734b/RealDistinct_3_4.wl"
"PASS: ""pinned pair input cache/s05/Hqq/45a512ffc5e2f23ed6a8fe86d45eb6079e7e75874064fec6fe14095ec120734b/RealDistinct_4_4.wl"
"PASS: ""pinned pair input cache/s08_targets/Hqq/e917d63d1b2f41e5be53493d1fc1f4cc45b1a643b2914ad57b159b7017d2782d/component_0059.wl"
"PASS: ""pinned pair input common/s02_result/s02_result.wl"
"PASS: ""accepted complete spin extraction"
"PASS: ""same accepted spin basis"
"PASS: ""unchanged accepted spin extraction definition"
"PASS: ""own control selects an accepted real sector"
"PASS: ""complete inherited diagram-pair inventory"
"PASS: ""every pair belongs to accepted real tensor"
"PASS: ""inherited incoming and outgoing quark spin axes"
"PASS: ""accepted same-channel target control"
"PASS: ""selected actual components"
"PASS: ""complete pair merge comparison syntax"
"PASS: ""pair merge input schema"
"PASS: ""pinned pair merge input cache/s08_pair_mapping/Hqq/4cde297b60da613fb2f0e5582fed5c381b191d85ec6428ba7d89ca6977203737/component_0059.wl"
"PASS: ""pinned pair merge input cache/s08_pair_mapping/Hqq/4cde297b60da613fb2f0e5582fed5c381b191d85ec6428ba7d89ca6977203737/component_59_pair_1.wl"
"PASS: ""pinned pair merge input cache/s08_pair_mapping/Hqq/4cde297b60da613fb2f0e5582fed5c381b191d85ec6428ba7d89ca6977203737/component_59_pair_10.wl"
"PASS: ""pinned pair merge input cache/s08_pair_mapping/Hqq/4cde297b60da613fb2f0e5582fed5c381b191d85ec6428ba7d89ca6977203737/component_59_pair_2.wl"
"PASS: ""pinned pair merge input cache/s08_pair_mapping/Hqq/4cde297b60da613fb2f0e5582fed5c381b191d85ec6428ba7d89ca6977203737/component_59_pair_3.wl"
"PASS: ""pinned pair merge input cache/s08_pair_mapping/Hqq/4cde297b60da613fb2f0e5582fed5c381b191d85ec6428ba7d89ca6977203737/component_59_pair_4.wl"
"PASS: ""pinned pair merge input cache/s08_pair_mapping/Hqq/4cde297b60da613fb2f0e5582fed5c381b191d85ec6428ba7d89ca6977203737/component_59_pair_5.wl"
"PASS: ""pinned pair merge input cache/s08_pair_mapping/Hqq/4cde297b60da613fb2f0e5582fed5c381b191d85ec6428ba7d89ca6977203737/component_59_pair_6.wl"
"PASS: ""pinned pair merge input cache/s08_pair_mapping/Hqq/4cde297b60da613fb2f0e5582fed5c381b191d85ec6428ba7d89ca6977203737/component_59_pair_7.wl"
"PASS: ""pinned pair merge input cache/s08_pair_mapping/Hqq/4cde297b60da613fb2f0e5582fed5c381b191d85ec6428ba7d89ca6977203737/component_59_pair_8.wl"
"PASS: ""pinned pair merge input cache/s08_pair_mapping/Hqq/4cde297b60da613fb2f0e5582fed5c381b191d85ec6428ba7d89ca6977203737/component_59_pair_9.wl"
"PASS: ""pinned pair merge input cache/s08_pair_mapping/Hqq/4cde297b60da613fb2f0e5582fed5c381b191d85ec6428ba7d89ca6977203737/component_87_pair_1.wl"
"PASS: ""pinned pair merge input cache/s08_pair_mapping/Hqq/4cde297b60da613fb2f0e5582fed5c381b191d85ec6428ba7d89ca6977203737/component_87_pair_10.wl"
"PASS: ""pinned pair merge input cache/s08_pair_mapping/Hqq/4cde297b60da613fb2f0e5582fed5c381b191d85ec6428ba7d89ca6977203737/component_87_pair_2.wl"
"PASS: ""pinned pair merge input cache/s08_pair_mapping/Hqq/4cde297b60da613fb2f0e5582fed5c381b191d85ec6428ba7d89ca6977203737/component_87_pair_3.wl"
"PASS: ""pinned pair merge input cache/s08_pair_mapping/Hqq/4cde297b60da613fb2f0e5582fed5c381b191d85ec6428ba7d89ca6977203737/component_87_pair_4.wl"
"PASS: ""pinned pair merge input cache/s08_pair_mapping/Hqq/4cde297b60da613fb2f0e5582fed5c381b191d85ec6428ba7d89ca6977203737/component_87_pair_5.wl"
"PASS: ""pinned pair merge input cache/s08_pair_mapping/Hqq/4cde297b60da613fb2f0e5582fed5c381b191d85ec6428ba7d89ca6977203737/component_87_pair_6.wl"
"PASS: ""pinned pair merge input cache/s08_pair_mapping/Hqq/4cde297b60da613fb2f0e5582fed5c381b191d85ec6428ba7d89ca6977203737/component_87_pair_7.wl"
"PASS: ""pinned pair merge input cache/s08_pair_mapping/Hqq/4cde297b60da613fb2f0e5582fed5c381b191d85ec6428ba7d89ca6977203737/component_87_pair_8.wl"
"PASS: ""pinned pair merge input cache/s08_pair_mapping/Hqq/4cde297b60da613fb2f0e5582fed5c381b191d85ec6428ba7d89ca6977203737/component_87_pair_9.wl"
"PASS: ""merge workers share allocated node"
"From remote kernel:"
"Style[\"Loading FeynCalc from /u/home/r/rushil/.Mathematica/Applications/FeynCalc/\", \"Text\"]\n"
"From remote kernel:"
"Style[\"Loading FeynCalc from /u/home/r/rushil/.Mathematica/Applications/FeynCalc/\", \"Text\"]\n"
"From remote kernel:"
"Style[\"Loading FeynCalc from /u/home/r/rushil/.Mathematica/Applications/FeynCalc/\", \"Text\"]\n"
"From remote kernel:"
"Style[\"Loading FeynCalc from /u/home/r/rushil/.Mathematica/Applications/FeynCalc/\", \"Text\"]\n"
"From remote kernel:"
"$PrePrint is set to FeynCalcForm. Use FI and FC to change the display format.\n"
"From remote kernel:"
"$PrePrint is set to FeynCalcForm. Use FI and FC to change the display format.\n"
"From remote kernel:"
"$PrePrint is set to FeynCalcForm. Use FI and FC to change the display format.\n"
"From remote kernel:"
"Style[\"FeynCalc \", \"Text\", Bold]Style[\"10.2.1 (stable version). For help, use the \", \"Text\"]Style[DisplayForm[ButtonBox[\"online documentation,\", ButtonData :> {URL[\"https://feyncalc.github.io/referenceDev\"], None}, BaseStyle -> \"Hyperlink\", ButtonNote -> \"https://feyncalc.github.io/referenceDev\"]], \"Text\"]Style[\" visit the \", \"Text\"]Style[DisplayForm[ButtonBox[\"forum\", ButtonData :> {URL[\"https://github.com/FeynCalc/feyncalc/discussions\"], None}, BaseStyle -> \"Hyperlink\", ButtonNote -> \"https://github.com/FeynCalc/feyncalc/discussions/\"]], \"Text\"]Style[\" and have a look at the supplied \", \"Text\"]Style[DisplayForm[ButtonBox[\"examples.\", BaseStyle -> \"Hyperlink\", ButtonFunction :> SystemOpen[FileNameJoin[{$FeynCalcDirectory, \"Examples\"}]], Evaluator -> Automatic, Method -> \"Preemptive\"]], \"Text\"]Style[\" The PDF-version of the manual can be downloaded \", \"Text\"]Style[DisplayForm[ButtonBox[\"here.\", ButtonData :> {URL[\"https://github.com/FeynCalc/feyncalc-manual/releases/download/dev-manual/FeynCalcManual.pdf\"], None}, BaseStyle -> \"Hyperlink\", ButtonNote -> \"https://github.com/FeynCalc/feyncalc-manual/releases/download/dev-manual/FeynCalcManual.pdf\"]], \"Text\"]\n"
"From remote kernel:"
"Style[\"FeynCalc \", \"Text\", Bold]Style[\"10.2.1 (stable version). For help, use the \", \"Text\"]Style[DisplayForm[ButtonBox[\"online documentation,\", ButtonData :> {URL[\"https://feyncalc.github.io/referenceDev\"], None}, BaseStyle -> \"Hyperlink\", ButtonNote -> \"https://feyncalc.github.io/referenceDev\"]], \"Text\"]Style[\" visit the \", \"Text\"]Style[DisplayForm[ButtonBox[\"forum\", ButtonData :> {URL[\"https://github.com/FeynCalc/feyncalc/discussions\"], None}, BaseStyle -> \"Hyperlink\", ButtonNote -> \"https://github.com/FeynCalc/feyncalc/discussions/\"]], \"Text\"]Style[\" and have a look at the supplied \", \"Text\"]Style[DisplayForm[ButtonBox[\"examples.\", BaseStyle -> \"Hyperlink\", ButtonFunction :> SystemOpen[FileNameJoin[{$FeynCalcDirectory, \"Examples\"}]], Evaluator -> Automatic, Method -> \"Preemptive\"]], \"Text\"]Style[\" The PDF-version of the manual can be downloaded \", \"Text\"]Style[DisplayForm[ButtonBox[\"here.\", ButtonData :> {URL[\"https://github.com/FeynCalc/feyncalc-manual/releases/download/dev-manual/FeynCalcManual.pdf\"], None}, BaseStyle -> \"Hyperlink\", ButtonNote -> \"https://github.com/FeynCalc/feyncalc-manual/releases/download/dev-manual/FeynCalcManual.pdf\"]], \"Text\"]\n"
"From remote kernel:"
"Style[\"If you use FeynCalc in your research, please evaluate FeynCalcHowToCite[] to learn how to cite this software.\", \"Text\"]\n"
"From remote kernel:"
"Style[\"If you use FeynCalc in your research, please evaluate FeynCalcHowToCite[] to learn how to cite this software.\", \"Text\"]\n"
"From remote kernel:"
"Style[\"Please keep in mind that the proper academic attribution of our work is crucial to ensure the future development of this package!\", {\"Text\", Italic}]\n"
"From remote kernel:"
"Style[\"Please keep in mind that the proper academic attribution of our work is crucial to ensure the future development of this package!\", {\"Text\", Italic}]\n"
"From remote kernel:"
"Style[\"FeynCalc \", \"Text\", Bold]Style[\"10.2.1 (stable version). For help, use the \", \"Text\"]Style[DisplayForm[ButtonBox[\"online documentation,\", ButtonData :> {URL[\"https://feyncalc.github.io/referenceDev\"], None}, BaseStyle -> \"Hyperlink\", ButtonNote -> \"https://feyncalc.github.io/referenceDev\"]], \"Text\"]Style[\" visit the \", \"Text\"]Style[DisplayForm[ButtonBox[\"forum\", ButtonData :> {URL[\"https://github.com/FeynCalc/feyncalc/discussions\"], None}, BaseStyle -> \"Hyperlink\", ButtonNote -> \"https://github.com/FeynCalc/feyncalc/discussions/\"]], \"Text\"]Style[\" and have a look at the supplied \", \"Text\"]Style[DisplayForm[ButtonBox[\"examples.\", BaseStyle -> \"Hyperlink\", ButtonFunction :> SystemOpen[FileNameJoin[{$FeynCalcDirectory, \"Examples\"}]], Evaluator -> Automatic, Method -> \"Preemptive\"]], \"Text\"]Style[\" The PDF-version of the manual can be downloaded \", \"Text\"]Style[DisplayForm[ButtonBox[\"here.\", ButtonData :> {URL[\"https://github.com/FeynCalc/feyncalc-manual/releases/download/dev-manual/FeynCalcManual.pdf\"], None}, BaseStyle -> \"Hyperlink\", ButtonNote -> \"https://github.com/FeynCalc/feyncalc-manual/releases/download/dev-manual/FeynCalcManual.pdf\"]], \"Text\"]\n"
"From remote kernel:"
"Style[\"If you use FeynCalc in your research, please evaluate FeynCalcHowToCite[] to learn how to cite this software.\", \"Text\"]\n"
"From remote kernel:"
"Style[\"Please keep in mind that the proper academic attribution of our work is crucial to ensure the future development of this package!\", {\"Text\", Italic}]\n"
"From remote kernel:"
"$PrePrint is set to FeynCalcForm. Use FI and FC to change the display format.\n"
"From remote kernel:"
"Style[\"FeynCalc \", \"Text\", Bold]Style[\"10.2.1 (stable version). For help, use the \", \"Text\"]Style[DisplayForm[ButtonBox[\"online documentation,\", ButtonData :> {URL[\"https://feyncalc.github.io/referenceDev\"], None}, BaseStyle -> \"Hyperlink\", ButtonNote -> \"https://feyncalc.github.io/referenceDev\"]], \"Text\"]Style[\" visit the \", \"Text\"]Style[DisplayForm[ButtonBox[\"forum\", ButtonData :> {URL[\"https://github.com/FeynCalc/feyncalc/discussions\"], None}, BaseStyle -> \"Hyperlink\", ButtonNote -> \"https://github.com/FeynCalc/feyncalc/discussions/\"]], \"Text\"]Style[\" and have a look at the supplied \", \"Text\"]Style[DisplayForm[ButtonBox[\"examples.\", BaseStyle -> \"Hyperlink\", ButtonFunction :> SystemOpen[FileNameJoin[{$FeynCalcDirectory, \"Examples\"}]], Evaluator -> Automatic, Method -> \"Preemptive\"]], \"Text\"]Style[\" The PDF-version of the manual can be downloaded \", \"Text\"]Style[DisplayForm[ButtonBox[\"here.\", ButtonData :> {URL[\"https://github.com/FeynCalc/feyncalc-manual/releases/download/dev-manual/FeynCalcManual.pdf\"], None}, BaseStyle -> \"Hyperlink\", ButtonNote -> \"https://github.com/FeynCalc/feyncalc-manual/releases/download/dev-manual/FeynCalcManual.pdf\"]], \"Text\"]\n"
"From remote kernel:"
"Style[\"If you use FeynCalc in your research, please evaluate FeynCalcHowToCite[] to learn how to cite this software.\", \"Text\"]\n"
"From remote kernel:"
"Style[\"Please keep in mind that the proper academic attribution of our work is crucial to ensure the future development of this package!\", {\"Text\", Italic}]\n"
"PASS: ""merge worker native versions agree"
"PASS: ""merge component belongs to inherited sector"
"PASS: ""distinct spin polynomial variables"
"PASS: ""polynomial photon spin dependence"
"PASS: ""complete original spin-pair sum reconstructed 59"
"PASS: ""actual pair input pinned"
"PASS: ""actual complete pair binding"
"PAIR_MERGE_BEGIN "59" integral keys "42
"From remote kernel:"
"\"PASS: \"\"unchanged coefficient merge key\"\n"
"From remote kernel:"
"\"PASS: \"\"complete coefficient sum reconstructed\"\n"
"From remote kernel:"
"\"PASS: \"\"pair merge output file bound\"\n"
"From remote kernel:"
"\"PASS: \"\"unchanged coefficient merge key\"\n"
"From remote kernel:"
"\"PASS: \"\"unchanged coefficient merge key\"\n"
"From remote kernel:"
"\"PASS: \"\"pair merge exact native reload\"\n"
"From remote kernel:"
"\"PASS: \"\"complete coefficient sum reconstructed\"\n"
"From remote kernel:"
"\"PASS: \"\"complete coefficient sum reconstructed\"\n"
"From remote kernel:"
"\"PAIR_MERGE_COEFFICIENT \"59\" \"3\" seconds \"0.004032\n"
"From remote kernel:"
"\"PASS: \"\"pair merge output file bound\"\n"
"From remote kernel:"
"\"PASS: \"\"pair merge output file bound\"\n"
"From remote kernel:"
"\"PASS: \"\"pair merge exact native reload\"\n"
"From remote kernel:"
"\"PASS: \"\"pair merge exact native reload\"\n"
"From remote kernel:"
"\"PAIR_MERGE_COEFFICIENT \"59\" \"1\" seconds \"0.003819\n"
"From remote kernel:"
"\"PAIR_MERGE_COEFFICIENT \"59\" \"2\" seconds \"0.007926\n"
"From remote kernel:"
"\"PASS: \"\"unchanged coefficient merge key\"\n"
"From remote kernel:"
"\"PASS: \"\"unchanged coefficient merge key\"\n"
"From remote kernel:"
"\"PASS: \"\"complete coefficient sum reconstructed\"\n"
"From remote kernel:"
"\"PASS: \"\"complete coefficient sum reconstructed\"\n"
"From remote kernel:"
"\"PASS: \"\"pair merge output file bound\"\n"
"From remote kernel:"
"\"PASS: \"\"pair merge output file bound\"\n"
"From remote kernel:"
"\"PASS: \"\"unchanged coefficient merge key\"\n"
"From remote kernel:"
"\"PASS: \"\"pair merge exact native reload\"\n"
"From remote kernel:"
"\"PASS: \"\"pair merge exact native reload\"\n"
"From remote kernel:"
"\"PASS: \"\"complete coefficient sum reconstructed\"\n"
"From remote kernel:"
"\"PAIR_MERGE_COEFFICIENT \"59\" \"5\" seconds \"0.003369\n"
"From remote kernel:"
"\"PAIR_MERGE_COEFFICIENT \"59\" \"4\" seconds \"0.008867\n"
"From remote kernel:"
"\"PASS: \"\"pair merge output file bound\"\n"
"From remote kernel:"
"\"PASS: \"\"pair merge exact native reload\"\n"
"From remote kernel:"
"\"PAIR_MERGE_COEFFICIENT \"59\" \"6\" seconds \"0.009996\n"
"From remote kernel:"
"\"PASS: \"\"unchanged coefficient merge key\"\n"
"From remote kernel:"
"\"PASS: \"\"complete coefficient sum reconstructed\"\n"
"From remote kernel:"
"\"PASS: \"\"unchanged coefficient merge key\"\n"
"From remote kernel:"
"\"PASS: \"\"unchanged coefficient merge key\"\n"
"From remote kernel:"
"\"PASS: \"\"pair merge output file bound\"\n"
"From remote kernel:"
"\"PASS: \"\"pair merge exact native reload\"\n"
"From remote kernel:"
"\"PASS: \"\"complete coefficient sum reconstructed\"\n"
"From remote kernel:"
"\"PASS: \"\"complete coefficient sum reconstructed\"\n"
"From remote kernel:"
"\"PASS: \"\"unchanged coefficient merge key\"\n"
"From remote kernel:"
"\"PAIR_MERGE_COEFFICIENT \"59\" \"7\" seconds \"0.047758\n"
"From remote kernel:"
"\"PASS: \"\"pair merge output file bound\"\n"
"From remote kernel:"
"\"PASS: \"\"pair merge output file bound\"\n"
"From remote kernel:"
"\"PASS: \"\"complete coefficient sum reconstructed\"\n"
"From remote kernel:"
"\"PASS: \"\"pair merge exact native reload\"\n"
"From remote kernel:"
"\"PASS: \"\"pair merge exact native reload\"\n"
"From remote kernel:"
"\"PASS: \"\"pair merge output file bound\"\n"
"From remote kernel:"
"\"PAIR_MERGE_COEFFICIENT \"59\" \"8\" seconds \"0.016287\n"
"From remote kernel:"
"\"PAIR_MERGE_COEFFICIENT \"59\" \"9\" seconds \"0.019223\n"
"From remote kernel:"
"\"PASS: \"\"pair merge exact native reload\"\n"
"From remote kernel:"
"\"PAIR_MERGE_COEFFICIENT \"59\" \"10\" seconds \"0.020378\n"
"From remote kernel:"
"\"PASS: \"\"unchanged coefficient merge key\"\n"
"From remote kernel:"
"\"PASS: \"\"unchanged coefficient merge key\"\n"
"From remote kernel:"
"\"PASS: \"\"complete coefficient sum reconstructed\"\n"
"From remote kernel:"
"\"PASS: \"\"complete coefficient sum reconstructed\"\n"
"From remote kernel:"
"\"PASS: \"\"pair merge output file bound\"\n"
"From remote kernel:"
"\"PASS: \"\"pair merge output file bound\"\n"
"From remote kernel:"
"\"PASS: \"\"unchanged coefficient merge key\"\n"
"From remote kernel:"
"\"PASS: \"\"unchanged coefficient merge key\"\n"
"From remote kernel:"
"\"PASS: \"\"pair merge exact native reload\"\n"
"From remote kernel:"
"\"PASS: \"\"pair merge exact native reload\"\n"
"From remote kernel:"
"\"PASS: \"\"complete coefficient sum reconstructed\"\n"
"From remote kernel:"
"\"PAIR_MERGE_COEFFICIENT \"59\" \"11\" seconds \"0.027997\n"
"From remote kernel:"
"\"PAIR_MERGE_COEFFICIENT \"59\" \"12\" seconds \"0.015118\n"
"From remote kernel:"
"\"PASS: \"\"complete coefficient sum reconstructed\"\n"
"From remote kernel:"
"\"PASS: \"\"pair merge output file bound\"\n"
"From remote kernel:"
"\"PASS: \"\"pair merge output file bound\"\n"
"From remote kernel:"
"\"PASS: \"\"pair merge exact native reload\"\n"
"From remote kernel:"
"\"PASS: \"\"pair merge exact native reload\"\n"
"From remote kernel:"
"\"PAIR_MERGE_COEFFICIENT \"59\" \"14\" seconds \"0.037116\n"
"From remote kernel:"
"\"PASS: \"\"unchanged coefficient merge key\"\n"
"From remote kernel:"
"\"PAIR_MERGE_COEFFICIENT \"59\" \"13\" seconds \"0.042138\n"
"From remote kernel:"
"\"PASS: \"\"complete coefficient sum reconstructed\"\n"
"From remote kernel:"
"\"PASS: \"\"pair merge output file bound\"\n"
"From remote kernel:"
"\"PASS: \"\"pair merge exact native reload\"\n"
"From remote kernel:"
"\"PASS: \"\"unchanged coefficient merge key\"\n"
"From remote kernel:"
"\"PAIR_MERGE_COEFFICIENT \"59\" \"15\" seconds \"0.010549\n"
"From remote kernel:"
"\"PASS: \"\"unchanged coefficient merge key\"\n"
"From remote kernel:"
"\"PASS: \"\"unchanged coefficient merge key\"\n"
"From remote kernel:"
"\"PASS: \"\"complete coefficient sum reconstructed\"\n"
"From remote kernel:"
"\"PASS: \"\"complete coefficient sum reconstructed\"\n"
"From remote kernel:"
"\"PASS: \"\"complete coefficient sum reconstructed\"\n"
"From remote kernel:"
"\"PASS: \"\"pair merge output file bound\"\n"
"From remote kernel:"
"\"PASS: \"\"pair merge output file bound\"\n"
"From remote kernel:"
"\"PASS: \"\"pair merge output file bound\"\n"
"From remote kernel:"
"\"PASS: \"\"pair merge exact native reload\"\n"
"From remote kernel:"
"\"PASS: \"\"pair merge exact native reload\"\n"
"From remote kernel:"
"\"PASS: \"\"pair merge exact native reload\"\n"
"From remote kernel:"
"\"PAIR_MERGE_COEFFICIENT \"59\" \"17\" seconds \"0.017752\n"
"From remote kernel:"
"\"PAIR_MERGE_COEFFICIENT \"59\" \"16\" seconds \"0.042881\n"
"From remote kernel:"
"\"PAIR_MERGE_COEFFICIENT \"59\" \"18\" seconds \"0.015228\n"
"From remote kernel:"
"\"PASS: \"\"unchanged coefficient merge key\"\n"
"From remote kernel:"
"\"PASS: \"\"complete coefficient sum reconstructed\"\n"
"From remote kernel:"
"\"PASS: \"\"pair merge output file bound\"\n"
"From remote kernel:"
"\"PASS: \"\"unchanged coefficient merge key\"\n"
"From remote kernel:"
"\"PASS: \"\"unchanged coefficient merge key\"\n"
"From remote kernel:"
"\"PASS: \"\"pair merge exact native reload\"\n"
"From remote kernel:"
"\"PASS: \"\"complete coefficient sum reconstructed\"\n"
"From remote kernel:"
"\"PASS: \"\"complete coefficient sum reconstructed\"\n"
"From remote kernel:"
"\"PAIR_MERGE_COEFFICIENT \"59\" \"19\" seconds \"0.024555\n"
"From remote kernel:"
"\"PASS: \"\"pair merge output file bound\"\n"
"From remote kernel:"
"\"PASS: \"\"pair merge output file bound\"\n"
"From remote kernel:"
"\"PASS: \"\"pair merge exact native reload\"\n"
"From remote kernel:"
"\"PASS: \"\"unchanged coefficient merge key\"\n"
"From remote kernel:"
"\"PASS: \"\"pair merge exact native reload\"\n"
"From remote kernel:"
"\"PAIR_MERGE_COEFFICIENT \"59\" \"21\" seconds \"0.016748\n"
"From remote kernel:"
"\"PAIR_MERGE_COEFFICIENT \"59\" \"20\" seconds \"0.027215\n"
"From remote kernel:"
"\"PASS: \"\"complete coefficient sum reconstructed\"\n"
"From remote kernel:"
"\"PASS: \"\"pair merge output file bound\"\n"
"From remote kernel:"
"\"PASS: \"\"unchanged coefficient merge key\"\n"
"From remote kernel:"
"\"PASS: \"\"unchanged coefficient merge key\"\n"
"From remote kernel:"
"\"PASS: \"\"unchanged coefficient merge key\"\n"
"From remote kernel:"
"\"PASS: \"\"pair merge exact native reload\"\n"
"From remote kernel:"
"\"PASS: \"\"complete coefficient sum reconstructed\"\n"
"From remote kernel:"
"\"PASS: \"\"complete coefficient sum reconstructed\"\n"
"From remote kernel:"
"\"PASS: \"\"complete coefficient sum reconstructed\"\n"
"From remote kernel:"
"\"PAIR_MERGE_COEFFICIENT \"59\" \"22\" seconds \"0.053311\n"
"From remote kernel:"
"\"PASS: \"\"pair merge output file bound\"\n"
"From remote kernel:"
"\"PASS: \"\"pair merge output file bound\"\n"
"From remote kernel:"
"\"PASS: \"\"pair merge output file bound\"\n"
"From remote kernel:"
"\"PASS: \"\"pair merge exact native reload\"\n"
"From remote kernel:"
"\"PASS: \"\"pair merge exact native reload\"\n"
"From remote kernel:"
"\"PASS: \"\"pair merge exact native reload\"\n"
"From remote kernel:"
"\"PAIR_MERGE_COEFFICIENT \"59\" \"25\" seconds \"0.002535\n"
"From remote kernel:"
"\"PAIR_MERGE_COEFFICIENT \"59\" \"23\" seconds \"0.021895\n"
"From remote kernel:"
"\"PAIR_MERGE_COEFFICIENT \"59\" \"24\" seconds \"0.002119\n"
"From remote kernel:"
"\"PASS: \"\"unchanged coefficient merge key\"\n"
"From remote kernel:"
"\"PASS: \"\"complete coefficient sum reconstructed\"\n"
"From remote kernel:"
"\"PASS: \"\"pair merge output file bound\"\n"
"From remote kernel:"
"\"PASS: \"\"unchanged coefficient merge key\"\n"
"From remote kernel:"
"\"PASS: \"\"unchanged coefficient merge key\"\n"
"From remote kernel:"
"\"PASS: \"\"unchanged coefficient merge key\"\n"
"From remote kernel:"
"\"PASS: \"\"pair merge exact native reload\"\n"
"From remote kernel:"
"\"PASS: \"\"complete coefficient sum reconstructed\"\n"
"From remote kernel:"
"\"PASS: \"\"complete coefficient sum reconstructed\"\n"
"From remote kernel:"
"\"PASS: \"\"complete coefficient sum reconstructed\"\n"
"From remote kernel:"
"\"PAIR_MERGE_COEFFICIENT \"59\" \"26\" seconds \"0.00385\n"
"From remote kernel:"
"\"PASS: \"\"pair merge output file bound\"\n"
"From remote kernel:"
"\"PASS: \"\"pair merge output file bound\"\n"
"From remote kernel:"
"\"PASS: \"\"pair merge output file bound\"\n"
"From remote kernel:"
"\"PASS: \"\"pair merge exact native reload\"\n"
"From remote kernel:"
"\"PASS: \"\"pair merge exact native reload\"\n"
"From remote kernel:"
"\"PASS: \"\"pair merge exact native reload\"\n"
"From remote kernel:"
"\"PAIR_MERGE_COEFFICIENT \"59\" \"27\" seconds \"0.004907\n"
"From remote kernel:"
"\"PAIR_MERGE_COEFFICIENT \"59\" \"28\" seconds \"0.003839\n"
"From remote kernel:"
"\"PAIR_MERGE_COEFFICIENT \"59\" \"29\" seconds \"0.004209\n"
"From remote kernel:"
"\"PASS: \"\"unchanged coefficient merge key\"\n"
"From remote kernel:"
"\"PASS: \"\"complete coefficient sum reconstructed\"\n"
"From remote kernel:"
"\"PASS: \"\"pair merge output file bound\"\n"
"From remote kernel:"
"\"PASS: \"\"unchanged coefficient merge key\"\n"
"From remote kernel:"
"\"PASS: \"\"unchanged coefficient merge key\"\n"
"From remote kernel:"
"\"PASS: \"\"unchanged coefficient merge key\"\n"
"From remote kernel:"
"\"PASS: \"\"pair merge exact native reload\"\n"
"From remote kernel:"
"\"PASS: \"\"complete coefficient sum reconstructed\"\n"
"From remote kernel:"
"\"PASS: \"\"complete coefficient sum reconstructed\"\n"
"From remote kernel:"
"\"PASS: \"\"complete coefficient sum reconstructed\"\n"
"From remote kernel:"
"\"PAIR_MERGE_COEFFICIENT \"59\" \"30\" seconds \"0.003792\n"
"From remote kernel:"
"\"PASS: \"\"pair merge output file bound\"\n"
"From remote kernel:"
"\"PASS: \"\"pair merge output file bound\"\n"
"From remote kernel:"
"\"PASS: \"\"pair merge output file bound\"\n"
"From remote kernel:"
"\"PASS: \"\"pair merge exact native reload\"\n"
"From remote kernel:"
"\"PASS: \"\"pair merge exact native reload\"\n"
"From remote kernel:"
"\"PASS: \"\"pair merge exact native reload\"\n"
"From remote kernel:"
"\"PAIR_MERGE_COEFFICIENT \"59\" \"31\" seconds \"0.002087\n"
"From remote kernel:"
"\"PAIR_MERGE_COEFFICIENT \"59\" \"32\" seconds \"0.002467\n"
"From remote kernel:"
"\"PAIR_MERGE_COEFFICIENT \"59\" \"33\" seconds \"0.002824\n"
"From remote kernel:"
"\"PASS: \"\"unchanged coefficient merge key\"\n"
"From remote kernel:"
"\"PASS: \"\"complete coefficient sum reconstructed\"\n"
"From remote kernel:"
"\"PASS: \"\"pair merge output file bound\"\n"
"From remote kernel:"
"\"PASS: \"\"unchanged coefficient merge key\"\n"
"From remote kernel:"
"\"PASS: \"\"unchanged coefficient merge key\"\n"
"From remote kernel:"
"\"PASS: \"\"unchanged coefficient merge key\"\n"
"From remote kernel:"
"\"PASS: \"\"pair merge exact native reload\"\n"
"From remote kernel:"
"\"PASS: \"\"complete coefficient sum reconstructed\"\n"
"From remote kernel:"
"\"PASS: \"\"complete coefficient sum reconstructed\"\n"
"From remote kernel:"
"\"PASS: \"\"complete coefficient sum reconstructed\"\n"
"From remote kernel:"
"\"PAIR_MERGE_COEFFICIENT \"59\" \"34\" seconds \"0.003613\n"
"From remote kernel:"
"\"PASS: \"\"pair merge output file bound\"\n"
"From remote kernel:"
"\"PASS: \"\"pair merge output file bound\"\n"
"From remote kernel:"
"\"PASS: \"\"pair merge output file bound\"\n"
"From remote kernel:"
"\"PASS: \"\"pair merge exact native reload\"\n"
"From remote kernel:"
"\"PASS: \"\"pair merge exact native reload\"\n"
"From remote kernel:"
"\"PASS: \"\"pair merge exact native reload\"\n"
"From remote kernel:"
"\"PAIR_MERGE_COEFFICIENT \"59\" \"35\" seconds \"0.003673\n"
"From remote kernel:"
"\"PAIR_MERGE_COEFFICIENT \"59\" \"36\" seconds \"0.002121\n"
"From remote kernel:"
"\"PAIR_MERGE_COEFFICIENT \"59\" \"37\" seconds \"0.002483\n"
"From remote kernel:"
"\"PASS: \"\"unchanged coefficient merge key\"\n"
"From remote kernel:"
"\"PASS: \"\"complete coefficient sum reconstructed\"\n"
"From remote kernel:"
"\"PASS: \"\"pair merge output file bound\"\n"
"From remote kernel:"
"\"PASS: \"\"unchanged coefficient merge key\"\n"
"From remote kernel:"
"\"PASS: \"\"unchanged coefficient merge key\"\n"
"From remote kernel:"
"\"PASS: \"\"unchanged coefficient merge key\"\n"
"From remote kernel:"
"\"PASS: \"\"pair merge exact native reload\"\n"
"From remote kernel:"
"\"PASS: \"\"complete coefficient sum reconstructed\"\n"
"From remote kernel:"
"\"PASS: \"\"complete coefficient sum reconstructed\"\n"
"From remote kernel:"
"\"PASS: \"\"complete coefficient sum reconstructed\"\n"
"From remote kernel:"
"\"PAIR_MERGE_COEFFICIENT \"59\" \"38\" seconds \"0.002088\n"
"From remote kernel:"
"\"PASS: \"\"pair merge output file bound\"\n"
"From remote kernel:"
"\"PASS: \"\"pair merge output file bound\"\n"
"From remote kernel:"
"\"PASS: \"\"pair merge output file bound\"\n"
"From remote kernel:"
"\"PASS: \"\"pair merge exact native reload\"\n"
"From remote kernel:"
"\"PASS: \"\"pair merge exact native reload\"\n"
"From remote kernel:"
"\"PASS: \"\"pair merge exact native reload\"\n"
"From remote kernel:"
"\"PAIR_MERGE_COEFFICIENT \"59\" \"39\" seconds \"0.004392\n"
"From remote kernel:"
"\"PAIR_MERGE_COEFFICIENT \"59\" \"40\" seconds \"0.004614\n"
"From remote kernel:"
"\"PAIR_MERGE_COEFFICIENT \"59\" \"41\" seconds \"0.003823\n"
"From remote kernel:"
"\"PASS: \"\"unchanged coefficient merge key\"\n"
"From remote kernel:"
"\"PASS: \"\"complete coefficient sum reconstructed\"\n"
"From remote kernel:"
"\"PASS: \"\"pair merge output file bound\"\n"
"From remote kernel:"
"\"PASS: \"\"pair merge exact native reload\"\n"
"From remote kernel:"
"\"PAIR_MERGE_COEFFICIENT \"59\" \"42\" seconds \"0.002845\n"
"PASS: ""every coefficient reconstructed 59"
"PASS: ""merge partition covers each original map term once"
"PASS: ""every grouped coefficient list is unchanged"
"PASS: ""native complete map linearity identity"
"PASS: ""formal identity specializes to every original map term"
"PASS: ""formal identity specializes to every complete integral group"
"PASS: ""complete merged key inventory"
"PASS: ""complete pair merge certificate 59"
"PASS: ""merged map retains both physical cuts 59"
"PASS: ""accepted own pair control is pinned"
"PASS: ""own pair control exact identity"
"PASS: ""entire own accepted pair coefficient map identical"
"PAIR_MERGE_COMPONENT_ACCEPTED "59
"PASS: ""complete original spin-pair sum reconstructed 87"
"PAIR_MERGE_BEGIN "87" integral keys "32
"From remote kernel:"
"\"PASS: \"\"unchanged coefficient merge key\"\n"
"From remote kernel:"
"\"PASS: \"\"unchanged coefficient merge key\"\n"
"From remote kernel:"
"\"PASS: \"\"unchanged coefficient merge key\"\n"
"From remote kernel:"
"\"PASS: \"\"unchanged coefficient merge key\"\n"
"From remote kernel:"
"\"PASS: \"\"complete coefficient sum reconstructed\"\n"
"From remote kernel:"
"\"PASS: \"\"complete coefficient sum reconstructed\"\n"
"From remote kernel:"
"\"PASS: \"\"complete coefficient sum reconstructed\"\n"
"From remote kernel:"
"\"PASS: \"\"pair merge output file bound\"\n"
"From remote kernel:"
"\"PASS: \"\"pair merge output file bound\"\n"
"From remote kernel:"
"\"PASS: \"\"pair merge output file bound\"\n"
"From remote kernel:"
"\"PASS: \"\"pair merge exact native reload\"\n"
"From remote kernel:"
"\"PASS: \"\"pair merge exact native reload\"\n"
"From remote kernel:"
"\"PASS: \"\"pair merge exact native reload\"\n"
"From remote kernel:"
"\"PAIR_MERGE_COEFFICIENT \"87\" \"1\" seconds \"0.081442\n"
"From remote kernel:"
"\"PAIR_MERGE_COEFFICIENT \"87\" \"3\" seconds \"0.075792\n"
"From remote kernel:"
"\"PAIR_MERGE_COEFFICIENT \"87\" \"4\" seconds \"0.080255\n"
"From remote kernel:"
"\"PASS: \"\"complete coefficient sum reconstructed\"\n"
"From remote kernel:"
"\"PASS: \"\"pair merge output file bound\"\n"
"From remote kernel:"
"\"PASS: \"\"pair merge exact native reload\"\n"
"From remote kernel:"
"\"PAIR_MERGE_COEFFICIENT \"87\" \"2\" seconds \"0.10958\n"
"From remote kernel:"
"\"PASS: \"\"unchanged coefficient merge key\"\n"
"From remote kernel:"
"\"PASS: \"\"complete coefficient sum reconstructed\"\n"
"From remote kernel:"
"\"PASS: \"\"pair merge output file bound\"\n"
"From remote kernel:"
"\"PASS: \"\"pair merge exact native reload\"\n"
"From remote kernel:"
"\"PAIR_MERGE_COEFFICIENT \"87\" \"7\" seconds \"0.018438\n"
"From remote kernel:"
"\"PASS: \"\"unchanged coefficient merge key\"\n"
"From remote kernel:"
"\"PASS: \"\"unchanged coefficient merge key\"\n"
"From remote kernel:"
"\"PASS: \"\"complete coefficient sum reconstructed\"\n"
"From remote kernel:"
"\"PASS: \"\"pair merge output file bound\"\n"
"From remote kernel:"
"\"PASS: \"\"pair merge exact native reload\"\n"
"From remote kernel:"
"\"PAIR_MERGE_COEFFICIENT \"87\" \"8\" seconds \"0.026944\n"
"From remote kernel:"
"\"PASS: \"\"unchanged coefficient merge key\"\n"
"From remote kernel:"
"\"PASS: \"\"complete coefficient sum reconstructed\"\n"
"From remote kernel:"
"\"PASS: \"\"pair merge output file bound\"\n"
"From remote kernel:"
"\"PASS: \"\"pair merge exact native reload\"\n"
"From remote kernel:"
"\"PAIR_MERGE_COEFFICIENT \"87\" \"5\" seconds \"0.076486\n"
"From remote kernel:"
"\"PASS: \"\"unchanged coefficient merge key\"\n"
"From remote kernel:"
"\"PASS: \"\"complete coefficient sum reconstructed\"\n"
"From remote kernel:"
"\"PASS: \"\"pair merge output file bound\"\n"
"From remote kernel:"
"\"PASS: \"\"complete coefficient sum reconstructed\"\n"
"From remote kernel:"
"\"PASS: \"\"pair merge exact native reload\"\n"
"From remote kernel:"
"\"PASS: \"\"pair merge output file bound\"\n"
"From remote kernel:"
"\"PAIR_MERGE_COEFFICIENT \"87\" \"10\" seconds \"0.02242\n"
"From remote kernel:"
"\"PASS: \"\"pair merge exact native reload\"\n"
"From remote kernel:"
"\"PASS: \"\"unchanged coefficient merge key\"\n"
"From remote kernel:"
"\"PAIR_MERGE_COEFFICIENT \"87\" \"6\" seconds \"0.107015\n"
"From remote kernel:"
"\"PASS: \"\"unchanged coefficient merge key\"\n"
"From remote kernel:"
"\"PASS: \"\"complete coefficient sum reconstructed\"\n"
"From remote kernel:"
"\"PASS: \"\"pair merge output file bound\"\n"
"From remote kernel:"
"\"PASS: \"\"pair merge exact native reload\"\n"
"From remote kernel:"
"\"PAIR_MERGE_COEFFICIENT \"87\" \"13\" seconds \"0.007588\n"
"From remote kernel:"
"\"PASS: \"\"complete coefficient sum reconstructed\"\n"
"From remote kernel:"
"\"PASS: \"\"pair merge output file bound\"\n"
"From remote kernel:"
"\"PASS: \"\"pair merge exact native reload\"\n"
"From remote kernel:"
"\"PAIR_MERGE_COEFFICIENT \"87\" \"9\" seconds \"0.134099\n"
"From remote kernel:"
"\"PASS: \"\"unchanged coefficient merge key\"\n"
"From remote kernel:"
"\"PASS: \"\"complete coefficient sum reconstructed\"\n"
"From remote kernel:"
"\"PASS: \"\"pair merge output file bound\"\n"
"From remote kernel:"
"\"PASS: \"\"unchanged coefficient merge key\"\n"
"From remote kernel:"
"\"PASS: \"\"pair merge exact native reload\"\n"
"From remote kernel:"
"\"PAIR_MERGE_COEFFICIENT \"87\" \"11\" seconds \"0.215141\n"
"From remote kernel:"
"\"PASS: \"\"complete coefficient sum reconstructed\"\n"
"From remote kernel:"
"\"PASS: \"\"pair merge output file bound\"\n"
"From remote kernel:"
"\"PASS: \"\"pair merge exact native reload\"\n"
"From remote kernel:"
"\"PASS: \"\"unchanged coefficient merge key\"\n"
"From remote kernel:"
"\"PAIR_MERGE_COEFFICIENT \"87\" \"14\" seconds \"0.186946\n"
"From remote kernel:"
"\"PASS: \"\"unchanged coefficient merge key\"\n"
"From remote kernel:"
"\"PASS: \"\"complete coefficient sum reconstructed\"\n"
"From remote kernel:"
"\"PASS: \"\"pair merge output file bound\"\n"
"From remote kernel:"
"\"PASS: \"\"pair merge exact native reload\"\n"
"From remote kernel:"
"\"PAIR_MERGE_COEFFICIENT \"87\" \"17\" seconds \"0.017386\n"
"From remote kernel:"
"\"PASS: \"\"unchanged coefficient merge key\"\n"
"From remote kernel:"
"\"PASS: \"\"complete coefficient sum reconstructed\"\n"
"From remote kernel:"
"\"PASS: \"\"pair merge output file bound\"\n"
"From remote kernel:"
"\"PASS: \"\"unchanged coefficient merge key\"\n"
"From remote kernel:"
"\"PASS: \"\"pair merge exact native reload\"\n"
"From remote kernel:"
"\"PASS: \"\"complete coefficient sum reconstructed\"\n"
"From remote kernel:"
"\"PAIR_MERGE_COEFFICIENT \"87\" \"18\" seconds \"0.028469\n"
"From remote kernel:"
"\"PASS: \"\"pair merge output file bound\"\n"
"From remote kernel:"
"\"PASS: \"\"pair merge exact native reload\"\n"
"From remote kernel:"
"\"PAIR_MERGE_COEFFICIENT \"87\" \"12\" seconds \"0.406816\n"
"From remote kernel:"
"\"PASS: \"\"unchanged coefficient merge key\"\n"
"From remote kernel:"
"\"PASS: \"\"complete coefficient sum reconstructed\"\n"
"From remote kernel:"
"\"PASS: \"\"pair merge output file bound\"\n"
"From remote kernel:"
"\"PASS: \"\"pair merge exact native reload\"\n"
"From remote kernel:"
"\"PAIR_MERGE_COEFFICIENT \"87\" \"20\" seconds \"0.021238\n"
"From remote kernel:"
"\"PASS: \"\"complete coefficient sum reconstructed\"\n"
"From remote kernel:"
"\"PASS: \"\"unchanged coefficient merge key\"\n"
"From remote kernel:"
"\"PASS: \"\"pair merge output file bound\"\n"
"From remote kernel:"
"\"PASS: \"\"unchanged coefficient merge key\"\n"
"From remote kernel:"
"\"PASS: \"\"pair merge exact native reload\"\n"
"From remote kernel:"
"\"PAIR_MERGE_COEFFICIENT \"87\" \"15\" seconds \"0.432624\n"
"From remote kernel:"
"\"PASS: \"\"complete coefficient sum reconstructed\"\n"
"From remote kernel:"
"\"PASS: \"\"pair merge output file bound\"\n"
"From remote kernel:"
"\"PASS: \"\"pair merge exact native reload\"\n"
"From remote kernel:"
"\"PAIR_MERGE_COEFFICIENT \"87\" \"19\" seconds \"0.156168\n"
"From remote kernel:"
"\"PASS: \"\"unchanged coefficient merge key\"\n"
"From remote kernel:"
"\"PASS: \"\"complete coefficient sum reconstructed\"\n"
"From remote kernel:"
"\"PASS: \"\"pair merge output file bound\"\n"
"From remote kernel:"
"\"PASS: \"\"pair merge exact native reload\"\n"
"From remote kernel:"
"\"PAIR_MERGE_COEFFICIENT \"87\" \"23\" seconds \"0.007585\n"
"From remote kernel:"
"\"PASS: \"\"unchanged coefficient merge key\"\n"
"From remote kernel:"
"\"PASS: \"\"complete coefficient sum reconstructed\"\n"
"From remote kernel:"
"\"PASS: \"\"pair merge output file bound\"\n"
"From remote kernel:"
"\"PASS: \"\"pair merge exact native reload\"\n"
"From remote kernel:"
"\"PAIR_MERGE_COEFFICIENT \"87\" \"16\" seconds \"0.440531\n"
"From remote kernel:"
"\"PASS: \"\"complete coefficient sum reconstructed\"\n"
"From remote kernel:"
"\"PASS: \"\"pair merge output file bound\"\n"
"From remote kernel:"
"\"PASS: \"\"pair merge exact native reload\"\n"
"From remote kernel:"
"\"PAIR_MERGE_COEFFICIENT \"87\" \"21\" seconds \"0.224849\n"
"From remote kernel:"
"\"PASS: \"\"unchanged coefficient merge key\"\n"
"From remote kernel:"
"\"PASS: \"\"complete coefficient sum reconstructed\"\n"
"From remote kernel:"
"\"PASS: \"\"pair merge output file bound\"\n"
"From remote kernel:"
"\"PASS: \"\"pair merge exact native reload\"\n"
"From remote kernel:"
"\"PASS: \"\"unchanged coefficient merge key\"\n"
"From remote kernel:"
"\"PAIR_MERGE_COEFFICIENT \"87\" \"24\" seconds \"0.194776\n"
"From remote kernel:"
"\"PASS: \"\"unchanged coefficient merge key\"\n"
"From remote kernel:"
"\"PASS: \"\"complete coefficient sum reconstructed\"\n"
"From remote kernel:"
"\"PASS: \"\"pair merge output file bound\"\n"
"From remote kernel:"
"\"PASS: \"\"pair merge exact native reload\"\n"
"From remote kernel:"
"\"PAIR_MERGE_COEFFICIENT \"87\" \"27\" seconds \"0.01516\n"
"From remote kernel:"
"\"PASS: \"\"unchanged coefficient merge key\"\n"
"From remote kernel:"
"\"PASS: \"\"complete coefficient sum reconstructed\"\n"
"From remote kernel:"
"\"PASS: \"\"pair merge output file bound\"\n"
"From remote kernel:"
"\"PASS: \"\"pair merge exact native reload\"\n"
"From remote kernel:"
"\"PAIR_MERGE_COEFFICIENT \"87\" \"28\" seconds \"0.023688\n"
"From remote kernel:"
"\"PASS: \"\"complete coefficient sum reconstructed\"\n"
"From remote kernel:"
"\"PASS: \"\"pair merge output file bound\"\n"
"From remote kernel:"
"\"PASS: \"\"unchanged coefficient merge key\"\n"
"From remote kernel:"
"\"PASS: \"\"pair merge exact native reload\"\n"
"From remote kernel:"
"\"PAIR_MERGE_COEFFICIENT \"87\" \"22\" seconds \"0.432582\n"
"From remote kernel:"
"\"PASS: \"\"unchanged coefficient merge key\"\n"
"From remote kernel:"
"\"PASS: \"\"unchanged coefficient merge key\"\n"
"From remote kernel:"
"\"PASS: \"\"complete coefficient sum reconstructed\"\n"
"From remote kernel:"
"\"PASS: \"\"pair merge output file bound\"\n"
"From remote kernel:"
"\"PASS: \"\"pair merge exact native reload\"\n"
"From remote kernel:"
"\"PASS: \"\"unchanged coefficient merge key\"\n"
"From remote kernel:"
"\"PAIR_MERGE_COEFFICIENT \"87\" \"29\" seconds \"0.057841\n"
"From remote kernel:"
"\"PASS: \"\"complete coefficient sum reconstructed\"\n"
"From remote kernel:"
"\"PASS: \"\"pair merge output file bound\"\n"
"From remote kernel:"
"\"PASS: \"\"pair merge exact native reload\"\n"
"From remote kernel:"
"\"PAIR_MERGE_COEFFICIENT \"87\" \"30\" seconds \"0.017409\n"
"From remote kernel:"
"\"PASS: \"\"unchanged coefficient merge key\"\n"
"From remote kernel:"
"\"PASS: \"\"complete coefficient sum reconstructed\"\n"
"From remote kernel:"
"\"PASS: \"\"pair merge output file bound\"\n"
"From remote kernel:"
"\"PASS: \"\"pair merge exact native reload\"\n"
"From remote kernel:"
"\"PAIR_MERGE_COEFFICIENT \"87\" \"31\" seconds \"0.013204\n"
"From remote kernel:"
"\"PASS: \"\"unchanged coefficient merge key\"\n"
"From remote kernel:"
"\"PASS: \"\"complete coefficient sum reconstructed\"\n"
"From remote kernel:"
"\"PASS: \"\"pair merge output file bound\"\n"
"From remote kernel:"
"\"PASS: \"\"complete coefficient sum reconstructed\"\n"
"From remote kernel:"
"\"PASS: \"\"pair merge exact native reload\"\n"
"From remote kernel:"
"\"PASS: \"\"pair merge output file bound\"\n"
"From remote kernel:"
"\"PAIR_MERGE_COEFFICIENT \"87\" \"32\" seconds \"0.029252\n"
"From remote kernel:"
"\"PASS: \"\"complete coefficient sum reconstructed\"\n"
"From remote kernel:"
"\"PASS: \"\"pair merge output file bound\"\n"
"From remote kernel:"
"\"PASS: \"\"pair merge exact native reload\"\n"
"From remote kernel:"
"\"PAIR_MERGE_COEFFICIENT \"87\" \"26\" seconds \"0.345891\n"
"From remote kernel:"
"\"PASS: \"\"pair merge exact native reload\"\n"
"From remote kernel:"
"\"PAIR_MERGE_COEFFICIENT \"87\" \"25\" seconds \"0.420261\n"
"PASS: ""every coefficient reconstructed 87"
"PASS: ""complete pair merge certificate 87"
"PASS: ""merged map retains both physical cuts 87"
"PAIR_MERGE_COMPONENT_ACCEPTED "87
"PASS: ""all reference merge equations unchanged"
"PASS: ""pair merge output file bound"
"PASS: ""pair merge exact native reload"
"PASS: s08_merge_Hqq_distinct_pairs"
