"PASS: ""compute allocation"
"PASS: ""selected native channel"
"PASS: ""complete term mapper syntax"
"PASS: ""accepted exact native equation"
"PASS: ""complete native equation contract"
"PASS: ""unchanged equation input common/s08_inputs.json"
"PASS: ""unchanged equation input common/s08_result/reference/s03_real_families.wl"
"PASS: ""unchanged equation input common/s08_result/reference/s11_real_master_coefficients.wl"
"PASS: ""unchanged equation input Hgg/s05_result/s05_result.wl"
"PASS: ""unchanged equation input common/s06_result/s06_result.wl"
"PASS: ""unchanged equation input common/s06_result/reference/s02_result.wl"
"PASS: ""unchanged equation input common/s06_result/reference/s04_result.wl"
"PASS: ""original reference mapper identity"
"PASS: ""unique original mapping block"
"PASS: ""original mapping syntax"
"PASS: ""unchanged complete original mapping functions"
"PASS: ""accepted polynomial family execution"
"PASS: ""identical scalar polynomial mapping contract"
"PASS: ""exact executed polynomial and merge definitions installed"
"PASS: ""own Hgg scalar reconstruction comparison"
"PASS: ""accepted exact atom certificates"
"PASS: ""same complete atom mapping contract"
"PASS: ""unique accepted complete family implementation"
"PASS: ""complete original family implementation syntax"
"PASS: ""exact accepted family implementation restored"
"PASS: ""unique family reconstruction substitutions"
"PASS: ""all family coefficient algebra unchanged"
"PASS: ""unique complete original scalar mapping function"
"PASS: ""complete original scalar mapping syntax"
"PASS: ""exact original scalar mapping definition restored"
"PASS: ""unique complete scalar reconstruction substitutions"
"PASS: ""all scalar mapping algebra and cut gates unchanged"
"PASS: ""accepted complete own original-term map"
"PASS: ""identical complete own map inputs"
"PASS: ""accepted exact production group checkpoint"
"PASS: ""accepted original scalar-certificate execution"
"PASS: ""identical accepted mapping and native input contract"
"PASS: ""external-factor variables match actual atom coordinates"
"PASS: ""accepted external-factor comparison receipt"
"PASS: ""identical accepted scalar and external-factor definitions"
"PASS: ""accepted content comparison input Hgg/s08_affine_piece_basis_result/s08_result.wl"
"PASS: ""accepted content comparison input Hgg/s08_slow_group_input_result/s08_result.wl"
"PASS: ""accepted content comparison input Hgg/s08_failed_group_input_result/s08_result.wl"
"PASS: ""accepted content comparison input Hgg/s08_shared_piece_cache_result/s08_result.wl"
"PASS: ""complete accepted affine definitions and input identity"
"PASS: ""both actual inputs retain the complete scalar contract"
"PASS: ""exact accepted slow input source and selection"
"PASS: ""complete content additive input own"
"CONTENT_MAP_START ""own"" "1"/"1
"PASS: ""exact external factor reconstructs the whole input"
"PASS: ""external factor has no loop coordinate"
"PASS: ""content basis round trips the whole actual core"
"PASS: ""content numerator and denominator reconstruct exactly"
"PASS: ""content numerator is a polynomial in the native loop basis"
"CONTENT_FACTOR_START bytes "461672
"PASS: ""bounded native polynomial-content extraction"
"PASS: ""every polynomial-content factor reconstructs the actual numerator"
"PASS: ""complete content factor partition"
"PASS: ""content output has only original loop variables"
"CONTENT_FACTOR_DONE "InputForm[<|"InputHash" -> 28453282985411006248500417748216800260020322206592797154735700685094966983884, "FactorInputForm" -> "1", "InputBytes" -> 654672, "CoreBytes" -> 654672, "NumeratorBytes" -> 461672, "PrimitiveBytes" -> 461672, "Seconds" -> 0.052916|>]
"PASS: ""original explicit rational input reconstructs"
"PASS: ""explicit numerator is a loop polynomial"
"PASS: ""explicit denominator is a loop polynomial"
"PASS: ""every loop-dependent factor is a generated propagator"
"PASS: ""denominator ratio is loop independent"
"PASS: ""complete denominator scale reconstructs"
"PASS: ""atom extraction leaves a polynomial numerator"
"PASS: ""nonzero affine relation for dependent propagators"
"PASS: ""relation constant is independent of loop coordinates"
"PASS: ""every independent denominator set has a family"
"PASS: ""family uses the recorded original loop variables"
"PASS: ""entire actual family input round trips exactly"
"PASS: ""affine family routing equals entire original routing"
"POLYNOMIAL_FAMILY_INPUT ""R04"
"PASS: ""original family numerator polynomial"
"PASS: ""family denominator is a Laurent monomial"
"PASS: ""original numerator coefficients reconstruct"
"PASS: ""loop monomial substitution reconstructs"
"PASS: ""complete polynomial exponent inventory"
"PASS: ""Laurent certificate denominator is loop independent"
"PASS: ""Laurent certificate coefficients are loop independent"
"PASS: ""family coordinates invert to original loop coordinates"
"PASS: ""Laurent integral inventory is one to one"
"PASS: ""each complete family coefficient reconstructs"
"PASS: ""native full Laurent exponent identity"
"PASS: ""family Laurent coefficients reconstruct"
"POLYNOMIAL_FAMILY_INPUT ""R03"
"PASS: ""certificate exact original rational numerator"
"PASS: ""certificate exact actual prefactor"
"PASS: ""native exact atom denominator identity"
"PASS: ""atom identity specializes to the original input"
"PASS: ""atom identity specializes to the actual reconstructed term"
"PASS: ""exact actual atom reconstruction"
"PASS: ""complete spin-independent partial fraction identity"
"PASS: ""every merged group coefficient equals its full input sum"
"PASS: ""merge partition covers each original map term once"
"PASS: ""every grouped coefficient list is unchanged"
"PASS: ""native complete map linearity identity"
"PASS: ""formal identity specializes to every original map term"
"PASS: ""formal identity specializes to every complete integral group"
"PASS: ""complete merged key inventory"
"PASS: ""complete family merge reconstructs coefficient by coefficient"
"PASS: ""complete cut-family map reconstructs the input tensor"
"PASS: ""both physical cuts remain to unit power in every target"
"CONTENT_MAP_DONE ""own"" "1" seconds "1.577432
"PASS: ""every complete content piece accepted own"
"PASS: ""every merged group coefficient equals its full input sum"
"PASS: ""merge partition covers each original map term once"
"PASS: ""every grouped coefficient list is unchanged"
"PASS: ""native complete map linearity identity"
"PASS: ""formal identity specializes to every original map term"
"PASS: ""formal identity specializes to every complete integral group"
"PASS: ""complete merged key inventory"
"PASS: ""complete content group merge reconstructs own"
"PASS: ""content mapper preserves every independently accepted own coefficient"
"PASS: ""actual additive split has its original factor"
"PASS: ""entire unsplit factor inventory preserved"
"PASS: ""entire ordered additive piece inventory preserved"
"PASS: ""native complete additive distributivity identity"
"PASS: ""additive identity specializes to the full original equation"
"PASS: ""additive identity specializes to all actual pieces"
"PASS: ""complete content additive input accepted38"
"CONTENT_MAP_START ""accepted38"" "1"/"2
"PASS: ""exact external factor reconstructs the whole input"
"PASS: ""external factor has no loop coordinate"
"PASS: ""content basis round trips the whole actual core"
"PASS: ""content numerator and denominator reconstruct exactly"
"PASS: ""content numerator is a polynomial in the native loop basis"
"CONTENT_FACTOR_START bytes "1304424
"PASS: ""bounded native polynomial-content extraction"
"PASS: ""every polynomial-content factor reconstructs the actual numerator"
"PASS: ""complete content factor partition"
"PASS: ""content output has only original loop variables"
"CONTENT_FACTOR_DONE "InputForm[<|"InputHash" -> 48337116545719069846496812861676895545890159515873912568986097979865420599490, "FactorInputForm" -> "-1", "InputBytes" -> 1798384, "CoreBytes" -> 1798504, "NumeratorBytes" -> 1304424, "PrimitiveBytes" -> 1304544, "Seconds" -> 0.069971|>]
"PASS: ""original explicit rational input reconstructs"
"PASS: ""explicit numerator is a loop polynomial"
"PASS: ""explicit denominator is a loop polynomial"
"PASS: ""every loop-dependent factor is a generated propagator"
"PASS: ""denominator ratio is loop independent"
"PASS: ""complete denominator scale reconstructs"
"PASS: ""atom extraction leaves a polynomial numerator"
"PASS: ""every independent denominator set has a family"
"PASS: ""family uses the recorded original loop variables"
"PASS: ""entire actual family input round trips exactly"
"PASS: ""affine family routing equals entire original routing"
"POLYNOMIAL_FAMILY_INPUT ""R10"
"PASS: ""original family numerator polynomial"
"PASS: ""family denominator is a Laurent monomial"
"PASS: ""original numerator coefficients reconstruct"
"PASS: ""loop monomial substitution reconstructs"
"PASS: ""complete polynomial exponent inventory"
"PASS: ""Laurent certificate denominator is loop independent"
"PASS: ""Laurent certificate coefficients are loop independent"
"PASS: ""family coordinates invert to original loop coordinates"
"PASS: ""Laurent integral inventory is one to one"
"PASS: ""each complete family coefficient reconstructs"
"PASS: ""native full Laurent exponent identity"
"PASS: ""family Laurent coefficients reconstruct"
"PASS: ""certificate exact original rational numerator"
"PASS: ""certificate exact actual prefactor"
"PASS: ""native exact atom denominator identity"
"PASS: ""atom identity specializes to the original input"
"PASS: ""atom identity specializes to the actual reconstructed term"
"PASS: ""exact actual atom reconstruction"
"PASS: ""complete spin-independent partial fraction identity"
"PASS: ""every merged group coefficient equals its full input sum"
"PASS: ""merge partition covers each original map term once"
"PASS: ""every grouped coefficient list is unchanged"
"PASS: ""native complete map linearity identity"
"PASS: ""formal identity specializes to every original map term"
"PASS: ""formal identity specializes to every complete integral group"
"PASS: ""complete merged key inventory"
"PASS: ""complete family merge reconstructs coefficient by coefficient"
"PASS: ""complete cut-family map reconstructs the input tensor"
"PASS: ""both physical cuts remain to unit power in every target"
"CONTENT_MAP_DONE ""accepted38"" "1" seconds "2.79592
"CONTENT_MAP_START ""accepted38"" "2"/"2
"PASS: ""exact external factor reconstructs the whole input"
"PASS: ""external factor has no loop coordinate"
"PASS: ""content basis round trips the whole actual core"
"PASS: ""content numerator and denominator reconstruct exactly"
"PASS: ""content numerator is a polynomial in the native loop basis"
"CONTENT_FACTOR_START bytes "1354344
"PASS: ""bounded native polynomial-content extraction"
"PASS: ""every polynomial-content factor reconstructs the actual numerator"
"PASS: ""complete content factor partition"
"PASS: ""content output has only original loop variables"
"CONTENT_FACTOR_DONE "InputForm[<|"InputHash" -> 101511235061907181828002424825886735779423329436314478175799840878820129822086, "FactorInputForm" -> "-1", "InputBytes" -> 1851632, "CoreBytes" -> 1852352, "NumeratorBytes" -> 1354344, "PrimitiveBytes" -> 1355064, "Seconds" -> 0.073864|>]
"PASS: ""original explicit rational input reconstructs"
"PASS: ""explicit numerator is a loop polynomial"
"PASS: ""explicit denominator is a loop polynomial"
"PASS: ""every loop-dependent factor is a generated propagator"
"PASS: ""denominator ratio is loop independent"
"PASS: ""complete denominator scale reconstructs"
"PASS: ""atom extraction leaves a polynomial numerator"
"PASS: ""every independent denominator set has a family"
"PASS: ""family uses the recorded original loop variables"
"PASS: ""entire actual family input round trips exactly"
"PASS: ""affine family routing equals entire original routing"
"POLYNOMIAL_FAMILY_INPUT ""R10"
"PASS: ""original family numerator polynomial"
"PASS: ""family denominator is a Laurent monomial"
"PASS: ""original numerator coefficients reconstruct"
"PASS: ""loop monomial substitution reconstructs"
"PASS: ""complete polynomial exponent inventory"
"PASS: ""Laurent certificate denominator is loop independent"
"PASS: ""Laurent certificate coefficients are loop independent"
"PASS: ""family coordinates invert to original loop coordinates"
"PASS: ""Laurent integral inventory is one to one"
"PASS: ""each complete family coefficient reconstructs"
"PASS: ""native full Laurent exponent identity"
"PASS: ""family Laurent coefficients reconstruct"
"PASS: ""certificate exact original rational numerator"
"PASS: ""certificate exact actual prefactor"
"PASS: ""native exact atom denominator identity"
"PASS: ""atom identity specializes to the original input"
"PASS: ""atom identity specializes to the actual reconstructed term"
"PASS: ""exact actual atom reconstruction"
"PASS: ""complete spin-independent partial fraction identity"
"PASS: ""every merged group coefficient equals its full input sum"
"PASS: ""merge partition covers each original map term once"
"PASS: ""every grouped coefficient list is unchanged"
"PASS: ""native complete map linearity identity"
"PASS: ""formal identity specializes to every original map term"
"PASS: ""formal identity specializes to every complete integral group"
"PASS: ""complete merged key inventory"
"PASS: ""complete family merge reconstructs coefficient by coefficient"
"PASS: ""complete cut-family map reconstructs the input tensor"
"PASS: ""both physical cuts remain to unit power in every target"
"CONTENT_MAP_DONE ""accepted38"" "2" seconds "2.883929
"PASS: ""every complete content piece accepted accepted38"
"PASS: ""complete content group merge reconstructs accepted38"
"PASS: ""content mapper preserves every accepted component38 group coefficient"
"PASS: ""complete content additive input actual37"
"CONTENT_MAP_START ""actual37"" "1"/"2
"PASS: ""exact external factor reconstructs the whole input"
"PASS: ""external factor has no loop coordinate"
"PASS: ""content basis round trips the whole actual core"
"PASS: ""content numerator and denominator reconstruct exactly"
"PASS: ""content numerator is a polynomial in the native loop basis"
"CONTENT_FACTOR_START bytes "14261136
"PASS: ""bounded native polynomial-content extraction"
"PASS: ""every polynomial-content factor reconstructs the actual numerator"
"PASS: ""complete content factor partition"
"PASS: ""content output has only original loop variables"
"CONTENT_FACTOR_DONE "InputForm[<|"InputHash" -> 103756382981707862812462818597963770564310481613046290544615805379057734457504, "FactorInputForm" -> "-1", "InputBytes" -> 19173304, "CoreBytes" -> 19173208, "NumeratorBytes" -> 14261136, "PrimitiveBytes" -> 14261040, "Seconds" -> 0.860364|>]
"PASS: ""original explicit rational input reconstructs"
"PASS: ""explicit numerator is a loop polynomial"
"PASS: ""explicit denominator is a loop polynomial"
"PASS: ""every loop-dependent factor is a generated propagator"
"PASS: ""denominator ratio is loop independent"
"PASS: ""complete denominator scale reconstructs"
"PASS: ""atom extraction leaves a polynomial numerator"
"PASS: ""nonzero affine relation for dependent propagators"
"PASS: ""relation constant is independent of loop coordinates"
"PASS: ""every independent denominator set has a family"
"PASS: ""family uses the recorded original loop variables"
"PASS: ""entire actual family input round trips exactly"
"PASS: ""affine family routing equals entire original routing"
"POLYNOMIAL_FAMILY_INPUT ""R12"
"PASS: ""original family numerator polynomial"
"PASS: ""family denominator is a Laurent monomial"
"PASS: ""original numerator coefficients reconstruct"
"PASS: ""loop monomial substitution reconstructs"
"PASS: ""complete polynomial exponent inventory"
"PASS: ""Laurent certificate denominator is loop independent"
"PASS: ""Laurent certificate coefficients are loop independent"
"PASS: ""family coordinates invert to original loop coordinates"
"PASS: ""Laurent integral inventory is one to one"
"PASS: ""each complete family coefficient reconstructs"
"PASS: ""native full Laurent exponent identity"
"PASS: ""family Laurent coefficients reconstruct"
"POLYNOMIAL_FAMILY_INPUT ""R04"
"POLYNOMIAL_FAMILY_INPUT ""R02"
