"PASS: ""authorized local assembly"
"PASS: ""complete source syntax"
"PASS: ""pinned GitHub real assembly"
"PASS: ""accepted real scalar map"
"PASS: ""complete real reduction coverage"
"PASS: ""accepted unchanged scalar library"
"PASS: ""s08 unchanged scalar input"
"PASS: ""s10 unchanged scalar input"
"PASS: ""s15 unchanged scalar input"
"PASS: ""accepted cut values and regions"
"PASS: ""region input identity s08_result.wl"
"PASS: ""region input identity s10_result.wl"
"PASS: ""recorded scalar coordinate conversion"
"PASS: ""every required master has its unchanged value"
"PASS: ""regulated endpoint integral evaluated"
"PASS: ""actual local master-coefficient runtime"
"PASS: ""accepted local master-coefficient receipt"
"PASS: ""complete real-assembly component interface"
"PASS: ""exact real-assembly consumer values retained"
"S12_INPUT_PROJECTION "InputForm[<|"OriginalComponentBytes" -> 1092116496, "ProjectedComponentBytes" -> 1083454464, "ComponentCount" -> 98, "Fields" -> {"Sector", "Kind", "Index", "ReducedCoefficients"}|>]
"PASS: ""pinned executed reference recurrence and receipt"
"PASS: ""accepted reference recurrence with unchanged equations"
"PASS: ""same standalone reference implementation"
"PASS: ""same accepted scalar master s08"
"PASS: ""same accepted scalar master s10"
"PASS: ""same accepted scalar master s15"
"PASS: ""unique executed recurrence predicate"
"PASS: ""native recurrence predicate syntax"
"PASS: ""exact executed recurrence definitions installed"
"PASS: ""unique complete reference product definition"
"PASS: ""single bounded product correction"
"PASS: ""complete product correction syntax and reversible source"
"PASS: ""accepted reference factorization definitions"
"PASS: ""exact reference endpoint factorization installed"
"PASS: ""original ordinary coefficient calculation syntax"
"PASS: ""own nonzero ordinary control available"
"OWN_REFERENCE_SERIES_CONTROL ""Hgg"" component "81" input_bytes "1898280
"PASS: ""ordinary cut coefficient regulator coverage"
"PASS: ""candidate preserves transverse substitution"
"PASS: ""native master retains its regulator remainder"
"PASS: ""coefficient valuation is rational"
"PASS: ""integer coefficient regulator valuation"
"PASS: ""actual coefficient preserves required master depth"
"PASS: ""integer master Laurent support"
"PASS: ""master Laurent coefficients independent of regulator"
"PASS: ""complete master Laurent reconstruction"
"PASS: ""rational coefficient has polynomial regulator support"
"PASS: ""integer rational identity coverage"
"PASS: ""complete truncated rational numerator reconstruction"
"RATIONAL_MASTER_SERIES "{81, CutIntegral["R01", {1, 1, 0, 0}]}" order "0" seconds "0.017114" input bytes "924048" output bytes "505560
"PASS: ""product agrees through requested regulator order"
"PASS: ""native product contains no higher regulator powers"
"RATIONAL_MASTER_SERIES "{81, CutIntegral["R01", {1, 1, 1, 1}]}" order "1" seconds "0.001025" input bytes "32480" output bytes "46376
"RATIONAL_MASTER_SERIES "{81, CutIntegral["R02", {1, 1, 1, 1}]}" order "1" seconds "0.007404" input bytes "356016" output bytes "359456
"FAIL: ""product agrees through requested regulator order"
