MONITOR_START job=14692864 host=n7368 kernel_pid=18042
"PASS: ""accepted real reduction"
"PASS: ""unique positive-energy cut solution"
"PASS: ""both defining cuts vanish"
MONITOR_HEARTBEAT elapsed=31s rss=378.6MiB peak=444.4MiB
MONITOR_HEARTBEAT elapsed=61s rss=401.0MiB peak=444.4MiB
MONITOR_HEARTBEAT elapsed=91s rss=409.9MiB peak=456.7MiB
MONITOR_HEARTBEAT elapsed=121s rss=415.5MiB peak=456.7MiB
"PASS: ""finite nonnegative requested regulator orders"
"PASS: ""unit cut master indices"
"CUT_INPUT "InputForm[CutIntegral["R01", {1, 1, 0, 0}]]" class ""cut_volume"" order "2
"PASS: ""unit cut master indices"
"PASS: ""effective vector reconstructs CutIntegral[\"R01\", {1, 1, 1, 1}]"
"PASS: ""effective vector reconstructs CutIntegral[\"R01\", {1, 1, 1, 1}]"
"PASS: ""pair has a null direction"
"CUT_INPUT "InputForm[CutIntegral["R01", {1, 1, 1, 1}]]" class ""cut_pair_massless"" order "1
"PASS: ""unit cut master indices"
"PASS: ""effective vector reconstructs CutIntegral[\"R02\", {1, 1, 1, 1}]"
"PASS: ""effective vector reconstructs CutIntegral[\"R02\", {1, 1, 1, 1}]"
"PASS: ""pair has a null direction"
"PASS: ""shared class has the same defining tuple"
"CUT_INPUT "InputForm[CutIntegral["R02", {1, 1, 1, 1}]]" class ""cut_pair_massless"" order "1
"PASS: ""unit cut master indices"
"PASS: ""effective vector reconstructs CutIntegral[\"R03\", {1, 1, 0, 1}]"
"CUT_INPUT "InputForm[CutIntegral["R03", {1, 1, 0, 1}]]" class ""cut_single_massive"" order "1
"PASS: ""unit cut master indices"
"PASS: ""effective vector reconstructs CutIntegral[\"R03\", {1, 1, 1, 1}]"
"PASS: ""effective vector reconstructs CutIntegral[\"R03\", {1, 1, 1, 1}]"
"PASS: ""pair has a null direction"
"CUT_INPUT "InputForm[CutIntegral["R03", {1, 1, 1, 1}]]" class ""cut_pair_one_massive"" order "1
"PASS: ""unit cut master indices"
"PASS: ""effective vector reconstructs CutIntegral[\"R04\", {1, 1, 1, 1}]"
"PASS: ""effective vector reconstructs CutIntegral[\"R04\", {1, 1, 1, 1}]"
"PASS: ""pair has a null direction"
"PASS: ""shared class has the same defining tuple"
"CUT_INPUT "InputForm[CutIntegral["R04", {1, 1, 1, 1}]]" class ""cut_pair_one_massive"" order "1
"PASS: ""unit cut master indices"
"PASS: ""effective vector reconstructs CutIntegral[\"R09\", {1, 1, 1, 1}]"
"PASS: ""effective vector reconstructs CutIntegral[\"R09\", {1, 1, 1, 1}]"
"PASS: ""pair has a null direction"
"PASS: ""shared class has the same defining tuple"
"CUT_INPUT "InputForm[CutIntegral["R09", {1, 1, 1, 1}]]" class ""cut_pair_one_massive"" order "1
"PASS: ""unit cut master indices"
"PASS: ""effective vector reconstructs CutIntegral[\"R10\", {1, 1, 1, 1}]"
"PASS: ""effective vector reconstructs CutIntegral[\"R10\", {1, 1, 1, 1}]"
"PASS: ""pair has a null direction"
"PASS: ""shared class has the same defining tuple"
"CUT_INPUT "InputForm[CutIntegral["R10", {1, 1, 1, 1}]]" class ""cut_pair_one_massive"" order "1
"S08_SUCCESS: "8" positive-energy cut masters mapped to "4" Euler classes."
MONITOR_WAKE {"stage": "s08", "source": "s08_cut_master_inputs.wl", "source_sha256": "40ff8ca4843a0701efee5333812147970592bb21325928fa79a3d8ad97d9361e", "job_id": "14692864", "host": "n7368", "exit_code": 0, "success_marker": true, "accepted_execution": true, "guard": null, "peak_rss_bytes": 478920704, "elapsed_seconds": 125.94261261075735, "completed_utc": "2026-09-07T10:25:54.925926+00:00"}
