"PASS: ""compute allocation"
"PASS: ""isolated runtime"
"PASS: ""complete source syntax"
"PASS: ""integer real operation time limit"
"PASS: ""bounded real operation time limit"
"REAL_RESOURCE_LIMIT_SECONDS "1200
"PASS: ""integer real operation memory limit"
"PASS: ""bounded real operation memory limit"
"REAL_RESOURCE_LIMIT_BYTES "4294967296
"PASS: ""known channel"
"PASS: ""pinned input Hqg/s01_result/reference/s01_result/s01_inputs/s04_result.wl"
"PASS: ""pinned input Hqg/s05_result/reference/unpolarized_real.wl"
"PASS: ""accepted spin basis"
"PASS: ""accepted angular moments"
"PASS: ""real longitudinal frame linear"
"PASS: ""real longitudinal frame nonsingular"
"PASS: ""real longitudinal frame reconstructs"
"PASS: ""real energy linear"
"PASS: ""real energy nonsingular"
"PASS: ""real energy reconstructs"
"PASS: ""real transverse coordinate linear"
"PASS: ""real transverse coordinate nonsingular"
"PASS: ""real transverse coordinate reconstructs"
"PASS: ""real frame invariants"
"PASS: ""positive measured transverse momentum"
"PASS: ""unconditional exact algebra"
"PASS: ""transverse rational function"
"PASS: ""rationalized transverse denominator"
"PASS: ""polynomial division reconstruction"
"PASS: ""complete rational reconstruction on shell"
"PASS: ""measured spin axes"
"PASS: ""denominator Bezout reconstruction"
"PASS: ""invertible transverse denominator"
"PASS: ""unresolved physical projections"
"PASS: ""evanescent on-shell norm linear"
"PASS: ""evanescent on-shell norm nonsingular"
"PASS: ""evanescent on-shell norm reconstructs"
"PASS: ""inherited cut radius"
"PASS: ""one remaining physical normal coordinate"
"PASS: ""positive-energy support independent of normal angle"
"PASS: ""compact real dimensional scalar identities"
"PASS: ""incoming photon-basis projection"
"PASS: ""accepted compact calculation source"
"PASS: ""single reviewed real photon interface change"
"PASS: ""unchanged complete scalar and frame routines"
"PASS: ""single accepted pair-completion interface"
"PASS: ""unchanged complete pair contractions"
"PASS: ""pinned input Hqg/s01_result/reference/s01_result/s01_inputs/s04_diagrams.wl"
"PASS: ""pinned input Hqq/s01_result/reference/s01_result/s01_inputs/s02_result.wl"
"PASS: ""reviewed previous source s05_real_spin_response_before_compact_products.wls"
"PASS: ""reviewed previous source s05_real_spin_response_before_coupling_inventory.wls"
"PASS: ""reviewed previous source s05_real_spin_response_before_worker_initialization.wls"
"PASS: ""reviewed previous source s05_real_spin_response_before_coefficient_reduction.wls"
"PASS: ""reviewed previous source s05_real_spin_response_before_projection.wls"
"PASS: ""compact real comparison exists"
"PASS: ""compact real comparison accepted"
"PASS: ""pinned pre-interface real source"
"PASS: ""accepted real coordinate and photon interfaces"
"PASS: ""real interface comparison shares physical inputs"
"PASS: ""executed coordinate conversion code"
"PASS: ""unique reference coordinate conversion"
"PASS: ""all reference scalar products reconstruct"
"PASS: ""accepted spin extraction and linear sum comparison"
"PASS: ""spin extraction comparison source binding"
"PASS: ""spin extraction comparison shares physical inputs"
"PASS: ""executed compact extraction definition"
"PASS: ""executed linear assembly definition"
"PASS: ""pinned accepted reconstruction dispatch source"
"PASS: ""unchanged exact spin reconstruction and checkpoint contract"
"PASS: ""accepted complete spin dispatch comparison"
"PASS: ""accepted complete scalar-restoration comparison"
"PASS: ""scalar-restoration comparison shares physical conventions"
"PASS: ""unchanged scalar-restoration starting definitions"
"PASS: ""exact accepted scalar-restoration definitions installed"
"PASS: ""pinned complete pair-assembly proof"
"PASS: ""pinned pair-assembly baseline"
"PASS: ""accepted complete pair-assembly comparison"
"PASS: ""pair-assembly comparison shares physical conventions"
"PASS: ""exact accepted pair-assembly definitions installed"
"PASS: ""complete polynomial comparison syntax"
"PASS: ""own channel and unchanged scalar interfaces"
"PASS: ""one real comparison sector"
"PASS: ""unchanged native pair initialization syntax"
"PASS: ""Real generated process fields"
"PASS: ""Real generated momentum-field correspondence"
"PASS: ""Real unique coupling degree"
"PASS: ""Real tree coupling reconstruction"
"PASS: ""Real uniform native spinor dimension"
"SCALAR_OPERATION_BEGIN ""restore defining scalar products"
"SCALAR_OPERATION_END ""restore defining scalar products"" seconds "0.000036" bytes "72
"SCALAR_OPERATION_BEGIN ""on-shell reduction of restored coefficient"
"SCALAR_OPERATION_END ""on-shell reduction of restored coefficient"" seconds "0.002152" bytes "72
"PASS: ""all compact scalar products restored"
"PASS: ""fully scalar real contraction"
"PASS: ""denominators independent of normal angle"
"PASS: ""polynomial angular numerator"
"PASS: ""angular numerator reconstruction"
"PASS: ""evaluated angular moment"
"SCALAR_OPERATION_BEGIN ""restore defining scalar products"
"SCALAR_OPERATION_END ""restore defining scalar products"" seconds "0.000016" bytes "72
"SCALAR_OPERATION_BEGIN ""on-shell reduction of restored coefficient"
"SCALAR_OPERATION_END ""on-shell reduction of restored coefficient"" seconds "0.001739" bytes "72
"PASS: ""native physical photon projection interface"
"PASS: ""unchanged original scalar reducer"
"PASS: ""coordinate equation retained"
"PASS: ""scalar restoration and angular equations unchanged"
"PASS: ""pinned trace control"
"PASS: ""pinned accepted projection control"
"PASS: ""same native projection inputs control"
"SAVED_NATIVE_TRACE "InputForm[<|"Pair" -> {1, 7}, "PhotonIndices" -> {1, 1}, "TraceBytes" -> 7855032, "TraceSeconds" -> 469.874819|>]
"PASS: ""scalar spin variables have declared axes"
"PASS: ""distinct spin polynomial variables"
"PASS: ""polynomial photon spin dependence"
"PASS: ""complete scalar spin coefficient inventory"
"PASS: ""exact derivative scalar spin decomposition"
"COMPACT_SCALAR_SPIN input_bytes "7855032" coefficient_bytes "7761696
"SCALAR_OPERATION_BEGIN ""restore defining scalar products"
"SCALAR_OPERATION_END ""restore defining scalar products"" seconds "0.067155" bytes "6793728
"SCALAR_OPERATION_BEGIN ""on-shell reduction of restored coefficient"
"PASS: ""exact rational scalar input"
"PASS: ""slice variables absent from transverse constraint"
"PASS: ""polynomial scalar slice domain"
"POLYNOMIAL_SCALAR_BEGIN "InputForm[<|"InputBytes" -> 6793728, "Variables" -> {D, normalDot}|>]
"PASS: ""exact inverse polynomial coefficient map"
"PASS: ""slice coefficients independent of selected variables"
"POLYNOMIAL_SCALAR_SLICE "1" of "4
"POLYNOMIAL_SCALAR_SLICE "2" of "4
"POLYNOMIAL_SCALAR_SLICE "3" of "4
"POLYNOMIAL_SCALAR_SLICE "4" of "4
"FAIL: ""time bound {\"control\", \"polynomial scalar comparison\"}"
