MONITOR_START job=14692881 host=n6042 kernel_pid=56426
MONITOR_HEARTBEAT elapsed=30s rss=81.5MiB peak=81.5MiB
"PASS: ""accepted virtual scalar maps"
"PASS: ""massless unit standard virtual propagators"
"PASS: ""unit virtual loop routing"
"PASS: ""canonical routing reconstructs VHqqPg01"
"PASS: ""canonical routing reconstructs VHqqPg01"
"PASS: ""canonical routing reconstructs VHqqPg01"
"PASS: ""canonical routing reconstructs VHqqPg01"
"PASS: ""massless unit standard virtual propagators"
"PASS: ""unit virtual loop routing"
"PASS: ""canonical routing reconstructs VHqqPg02"
"PASS: ""canonical routing reconstructs VHqqPg02"
"PASS: ""canonical routing reconstructs VHqqPg02"
"PASS: ""canonical routing reconstructs VHqqPg02"
"PASS: ""massless unit standard virtual propagators"
"PASS: ""unit virtual loop routing"
"PASS: ""canonical routing reconstructs VHqqPg03"
"PASS: ""canonical routing reconstructs VHqqPg03"
"PASS: ""canonical routing reconstructs VHqqPg03"
"PASS: ""canonical routing reconstructs VHqqPg03"
"PASS: ""massless unit standard virtual propagators"
"PASS: ""unit virtual loop routing"
"PASS: ""canonical routing reconstructs VHqqPg04"
"PASS: ""canonical routing reconstructs VHqqPg04"
"PASS: ""canonical routing reconstructs VHqqPg04"
"PASS: ""canonical routing reconstructs VHqqPg04"
"PASS: ""massless unit standard virtual propagators"
"PASS: ""unit virtual loop routing"
"PASS: ""canonical routing reconstructs VHqqPg05"
"PASS: ""canonical routing reconstructs VHqqPg05"
"PASS: ""canonical routing reconstructs VHqqPg05"
"PASS: ""canonical routing reconstructs VHqqPg05"
"PASS: ""massless unit standard virtual propagators"
"PASS: ""unit virtual loop routing"
"PASS: ""canonical routing reconstructs VHqqPg06"
"PASS: ""canonical routing reconstructs VHqqPg06"
"PASS: ""canonical routing reconstructs VHqqPg06"
"PASS: ""canonical routing reconstructs VHqqPg06"
"PASS: ""massless unit standard virtual propagators"
"PASS: ""unit virtual loop routing"
"PASS: ""canonical routing reconstructs VHqqPg07"
"PASS: ""canonical routing reconstructs VHqqPg07"
"PASS: ""canonical routing reconstructs VHqqPg07"
"PASS: ""canonical routing reconstructs VHqqPg07"
"PASS: ""massless unit standard virtual propagators"
"PASS: ""unit virtual loop routing"
"PASS: ""canonical routing reconstructs VHqqPg08"
"PASS: ""canonical routing reconstructs VHqqPg08"
"PASS: ""canonical routing reconstructs VHqqPg08"
"PASS: ""canonical routing reconstructs VHqqPg08"
"PASS: ""massless unit standard virtual propagators"
"PASS: ""unit virtual loop routing"
"PASS: ""canonical routing reconstructs VHqqPg09"
"PASS: ""canonical routing reconstructs VHqqPg09"
"PASS: ""canonical routing reconstructs VHqqPg09"
"PASS: ""canonical routing reconstructs VHqqPg09"
"PASS: ""massless unit standard virtual propagators"
"PASS: ""unit virtual loop routing"
"PASS: ""canonical routing reconstructs VHqqPg10"
"PASS: ""canonical routing reconstructs VHqqPg10"
"PASS: ""canonical routing reconstructs VHqqPg10"
"PASS: ""canonical routing reconstructs VHqqPg10"
"PASS: ""massless unit standard virtual propagators"
"PASS: ""unit virtual loop routing"
"PASS: ""canonical routing reconstructs VHqqPg11"
"PASS: ""canonical routing reconstructs VHqqPg11"
"PASS: ""canonical routing reconstructs VHqqPg11"
"PASS: ""canonical routing reconstructs VHqqPg11"
"PASS: ""massless unit standard virtual propagators"
"PASS: ""unit virtual loop routing"
"PASS: ""canonical routing reconstructs VHqqPg12"
"PASS: ""canonical routing reconstructs VHqqPg12"
"PASS: ""canonical routing reconstructs VHqqPg12"
"PASS: ""canonical routing reconstructs VHqqPg12"
"PASS: ""massless unit standard virtual propagators"
"PASS: ""unit virtual loop routing"
"PASS: ""canonical routing reconstructs VHqqPg13"
"PASS: ""canonical routing reconstructs VHqqPg13"
"PASS: ""canonical routing reconstructs VHqqPg13"
"PASS: ""canonical routing reconstructs VHqqPg13"
"PASS: ""massless unit standard virtual propagators"
"PASS: ""unit virtual loop routing"
"PASS: ""canonical routing reconstructs VHqqPg14"
"PASS: ""canonical routing reconstructs VHqqPg14"
"PASS: ""canonical routing reconstructs VHqqPg14"
"PASS: ""canonical routing reconstructs VHqqPg14"
"PASS: ""massless unit standard virtual propagators"
"PASS: ""unit virtual loop routing"
"PASS: ""canonical routing reconstructs VHqqPg15"
"PASS: ""canonical routing reconstructs VHqqPg15"
"PASS: ""canonical routing reconstructs VHqqPg15"
"PASS: ""canonical routing reconstructs VHqqPg15"
"PASS: ""massless unit standard virtual propagators"
"PASS: ""unit virtual loop routing"
"PASS: ""canonical routing reconstructs VHqqPpp03"
"PASS: ""canonical routing reconstructs VHqqPpp03"
"PASS: ""canonical routing reconstructs VHqqPpp03"
"PASS: ""canonical routing reconstructs VHqqPpp03"
"PASS: ""massless unit standard virtual propagators"
"PASS: ""unit virtual loop routing"
"PASS: ""canonical routing reconstructs VHqqPpp04"
"PASS: ""canonical routing reconstructs VHqqPpp04"
"PASS: ""canonical routing reconstructs VHqqPpp04"
"PASS: ""canonical routing reconstructs VHqqPpp04"
"PASS: ""massless unit standard virtual propagators"
"PASS: ""unit virtual loop routing"
"PASS: ""canonical routing reconstructs VHqqPpp05"
"PASS: ""canonical routing reconstructs VHqqPpp05"
"PASS: ""canonical routing reconstructs VHqqPpp05"
"PASS: ""canonical routing reconstructs VHqqPpp05"
"PASS: ""massless unit standard virtual propagators"
"PASS: ""unit virtual loop routing"
"PASS: ""canonical routing reconstructs VHqqPpp06"
"PASS: ""canonical routing reconstructs VHqqPpp06"
"PASS: ""canonical routing reconstructs VHqqPpp06"
"PASS: ""canonical routing reconstructs VHqqPpp06"
"PASS: ""massless unit standard virtual propagators"
"PASS: ""unit virtual loop routing"
"PASS: ""canonical routing reconstructs VHqqPpp07"
"PASS: ""canonical routing reconstructs VHqqPpp07"
"PASS: ""canonical routing reconstructs VHqqPpp07"
"PASS: ""canonical routing reconstructs VHqqPpp07"
"PASS: ""massless unit standard virtual propagators"
"PASS: ""unit virtual loop routing"
"PASS: ""canonical routing reconstructs VHqqPpp08"
"PASS: ""canonical routing reconstructs VHqqPpp08"
"PASS: ""canonical routing reconstructs VHqqPpp08"
"PASS: ""canonical routing reconstructs VHqqPpp08"
"PASS: ""massless unit standard virtual propagators"
"PASS: ""unit virtual loop routing"
"PASS: ""canonical routing reconstructs VHqqPpp09"
"PASS: ""canonical routing reconstructs VHqqPpp09"
"PASS: ""canonical routing reconstructs VHqqPpp09"
"PASS: ""canonical routing reconstructs VHqqPpp09"
"PASS: ""massless unit standard virtual propagators"
"PASS: ""unit virtual loop routing"
"PASS: ""canonical routing reconstructs VHqqPpp10"
"PASS: ""canonical routing reconstructs VHqqPpp10"
"PASS: ""canonical routing reconstructs VHqqPpp10"
"PASS: ""canonical routing reconstructs VHqqPpp10"
"PASS: ""massless unit standard virtual propagators"
"PASS: ""unit virtual loop routing"
"PASS: ""canonical routing reconstructs VHqqPpp11"
"PASS: ""canonical routing reconstructs VHqqPpp11"
"PASS: ""canonical routing reconstructs VHqqPpp11"
"PASS: ""canonical routing reconstructs VHqqPpp11"
"PASS: ""massless unit standard virtual propagators"
"PASS: ""unit virtual loop routing"
"PASS: ""canonical routing reconstructs VHqqPpp12"
"PASS: ""canonical routing reconstructs VHqqPpp12"
"PASS: ""canonical routing reconstructs VHqqPpp12"
"PASS: ""canonical routing reconstructs VHqqPpp12"
"PASS: ""massless unit standard virtual propagators"
"PASS: ""unit virtual loop routing"
"PASS: ""canonical routing reconstructs VHqqPpp13"
"PASS: ""canonical routing reconstructs VHqqPpp13"
"PASS: ""canonical routing reconstructs VHqqPpp13"
"PASS: ""canonical routing reconstructs VHqqPpp13"
"PASS: ""massless unit standard virtual propagators"
"PASS: ""unit virtual loop routing"
"PASS: ""canonical routing reconstructs VHqqPpp15"
"PASS: ""canonical routing reconstructs VHqqPpp15"
"PASS: ""canonical routing reconstructs VHqqPpp15"
"PASS: ""canonical routing reconstructs VHqqPpp15"
"PASS: ""massless unit standard virtual propagators"
"PASS: ""unit virtual loop routing"
"PASS: ""canonical routing reconstructs VHqgPg01"
"PASS: ""canonical routing reconstructs VHqgPg01"
"PASS: ""canonical routing reconstructs VHqgPg01"
"PASS: ""canonical routing reconstructs VHqgPg01"
"PASS: ""massless unit standard virtual propagators"
"PASS: ""unit virtual loop routing"
"PASS: ""canonical routing reconstructs VHqgPg02"
"PASS: ""canonical routing reconstructs VHqgPg02"
"PASS: ""canonical routing reconstructs VHqgPg02"
"PASS: ""canonical routing reconstructs VHqgPg02"
"PASS: ""massless unit standard virtual propagators"
"PASS: ""unit virtual loop routing"
"PASS: ""canonical routing reconstructs VHqgPg03"
"PASS: ""canonical routing reconstructs VHqgPg03"
"PASS: ""canonical routing reconstructs VHqgPg03"
"PASS: ""canonical routing reconstructs VHqgPg03"
"PASS: ""massless unit standard virtual propagators"
"PASS: ""unit virtual loop routing"
"PASS: ""canonical routing reconstructs VHqgPg04"
"PASS: ""canonical routing reconstructs VHqgPg04"
"PASS: ""canonical routing reconstructs VHqgPg04"
"PASS: ""canonical routing reconstructs VHqgPg04"
"PASS: ""massless unit standard virtual propagators"
"PASS: ""unit virtual loop routing"
"PASS: ""canonical routing reconstructs VHqgPg05"
"PASS: ""canonical routing reconstructs VHqgPg05"
"PASS: ""canonical routing reconstructs VHqgPg05"
"PASS: ""canonical routing reconstructs VHqgPg05"
"PASS: ""massless unit standard virtual propagators"
"PASS: ""unit virtual loop routing"
"PASS: ""canonical routing reconstructs VHqgPg06"
"PASS: ""canonical routing reconstructs VHqgPg06"
"PASS: ""canonical routing reconstructs VHqgPg06"
"PASS: ""canonical routing reconstructs VHqgPg06"
"PASS: ""massless unit standard virtual propagators"
"PASS: ""unit virtual loop routing"
"PASS: ""canonical routing reconstructs VHqgPg07"
"PASS: ""canonical routing reconstructs VHqgPg07"
"PASS: ""canonical routing reconstructs VHqgPg07"
"PASS: ""canonical routing reconstructs VHqgPg07"
"PASS: ""massless unit standard virtual propagators"
"PASS: ""unit virtual loop routing"
"PASS: ""canonical routing reconstructs VHqgPg08"
"PASS: ""canonical routing reconstructs VHqgPg08"
"PASS: ""canonical routing reconstructs VHqgPg08"
"PASS: ""canonical routing reconstructs VHqgPg08"
"PASS: ""massless unit standard virtual propagators"
"PASS: ""unit virtual loop routing"
"PASS: ""canonical routing reconstructs VHqgPg09"
"PASS: ""canonical routing reconstructs VHqgPg09"
"PASS: ""canonical routing reconstructs VHqgPg09"
"PASS: ""canonical routing reconstructs VHqgPg09"
"PASS: ""massless unit standard virtual propagators"
"PASS: ""unit virtual loop routing"
"PASS: ""canonical routing reconstructs VHqgPg10"
"PASS: ""canonical routing reconstructs VHqgPg10"
"PASS: ""canonical routing reconstructs VHqgPg10"
"PASS: ""canonical routing reconstructs VHqgPg10"
"PASS: ""massless unit standard virtual propagators"
"PASS: ""unit virtual loop routing"
"PASS: ""canonical routing reconstructs VHqgPg11"
"PASS: ""canonical routing reconstructs VHqgPg11"
"PASS: ""canonical routing reconstructs VHqgPg11"
"PASS: ""canonical routing reconstructs VHqgPg11"
"PASS: ""massless unit standard virtual propagators"
"PASS: ""unit virtual loop routing"
"PASS: ""canonical routing reconstructs VHqgPg12"
"PASS: ""canonical routing reconstructs VHqgPg12"
"PASS: ""canonical routing reconstructs VHqgPg12"
"PASS: ""canonical routing reconstructs VHqgPg12"
"PASS: ""massless unit standard virtual propagators"
"PASS: ""unit virtual loop routing"
"PASS: ""canonical routing reconstructs VHqgPg13"
"PASS: ""canonical routing reconstructs VHqgPg13"
"PASS: ""canonical routing reconstructs VHqgPg13"
"PASS: ""canonical routing reconstructs VHqgPg13"
"PASS: ""massless unit standard virtual propagators"
"PASS: ""unit virtual loop routing"
"PASS: ""canonical routing reconstructs VHqgPg14"
"PASS: ""canonical routing reconstructs VHqgPg14"
"PASS: ""canonical routing reconstructs VHqgPg14"
"PASS: ""canonical routing reconstructs VHqgPg14"
"PASS: ""massless unit standard virtual propagators"
"PASS: ""unit virtual loop routing"
"PASS: ""canonical routing reconstructs VHqgPg15"
"PASS: ""canonical routing reconstructs VHqgPg15"
"PASS: ""canonical routing reconstructs VHqgPg15"
"PASS: ""canonical routing reconstructs VHqgPg15"
"PASS: ""massless unit standard virtual propagators"
"PASS: ""unit virtual loop routing"
"PASS: ""canonical routing reconstructs VHqgPpp03"
"PASS: ""canonical routing reconstructs VHqgPpp03"
"PASS: ""canonical routing reconstructs VHqgPpp03"
"PASS: ""canonical routing reconstructs VHqgPpp03"
"PASS: ""massless unit standard virtual propagators"
"PASS: ""unit virtual loop routing"
"PASS: ""canonical routing reconstructs VHqgPpp04"
"PASS: ""canonical routing reconstructs VHqgPpp04"
"PASS: ""canonical routing reconstructs VHqgPpp04"
"PASS: ""canonical routing reconstructs VHqgPpp04"
"PASS: ""massless unit standard virtual propagators"
"PASS: ""unit virtual loop routing"
"PASS: ""canonical routing reconstructs VHqgPpp05"
"PASS: ""canonical routing reconstructs VHqgPpp05"
"PASS: ""canonical routing reconstructs VHqgPpp05"
"PASS: ""canonical routing reconstructs VHqgPpp05"
"PASS: ""massless unit standard virtual propagators"
"PASS: ""unit virtual loop routing"
"PASS: ""canonical routing reconstructs VHqgPpp06"
"PASS: ""canonical routing reconstructs VHqgPpp06"
"PASS: ""canonical routing reconstructs VHqgPpp06"
"PASS: ""canonical routing reconstructs VHqgPpp06"
"PASS: ""massless unit standard virtual propagators"
"PASS: ""unit virtual loop routing"
"PASS: ""canonical routing reconstructs VHqgPpp07"
"PASS: ""canonical routing reconstructs VHqgPpp07"
"PASS: ""canonical routing reconstructs VHqgPpp07"
"PASS: ""canonical routing reconstructs VHqgPpp07"
"PASS: ""massless unit standard virtual propagators"
"PASS: ""unit virtual loop routing"
"PASS: ""canonical routing reconstructs VHqgPpp08"
"PASS: ""canonical routing reconstructs VHqgPpp08"
"PASS: ""canonical routing reconstructs VHqgPpp08"
"PASS: ""canonical routing reconstructs VHqgPpp08"
"PASS: ""massless unit standard virtual propagators"
"PASS: ""unit virtual loop routing"
"PASS: ""canonical routing reconstructs VHqgPpp09"
"PASS: ""canonical routing reconstructs VHqgPpp09"
"PASS: ""canonical routing reconstructs VHqgPpp09"
"PASS: ""canonical routing reconstructs VHqgPpp09"
"PASS: ""massless unit standard virtual propagators"
"PASS: ""unit virtual loop routing"
"PASS: ""canonical routing reconstructs VHqgPpp10"
"PASS: ""canonical routing reconstructs VHqgPpp10"
"PASS: ""canonical routing reconstructs VHqgPpp10"
"PASS: ""canonical routing reconstructs VHqgPpp10"
"PASS: ""massless unit standard virtual propagators"
"PASS: ""unit virtual loop routing"
"PASS: ""canonical routing reconstructs VHqgPpp11"
"PASS: ""canonical routing reconstructs VHqgPpp11"
"PASS: ""canonical routing reconstructs VHqgPpp11"
"PASS: ""canonical routing reconstructs VHqgPpp11"
"PASS: ""massless unit standard virtual propagators"
"PASS: ""unit virtual loop routing"
"PASS: ""canonical routing reconstructs VHqgPpp12"
"PASS: ""canonical routing reconstructs VHqgPpp12"
"PASS: ""canonical routing reconstructs VHqgPpp12"
"PASS: ""canonical routing reconstructs VHqgPpp12"
"PASS: ""massless unit standard virtual propagators"
"PASS: ""unit virtual loop routing"
"PASS: ""canonical routing reconstructs VHqgPpp13"
"PASS: ""canonical routing reconstructs VHqgPpp13"
"PASS: ""canonical routing reconstructs VHqgPpp13"
"PASS: ""canonical routing reconstructs VHqgPpp13"
"PASS: ""massless unit standard virtual propagators"
"PASS: ""unit virtual loop routing"
"PASS: ""canonical routing reconstructs VHqgPpp15"
"PASS: ""canonical routing reconstructs VHqgPpp15"
"PASS: ""canonical routing reconstructs VHqgPpp15"
"PASS: ""canonical routing reconstructs VHqgPpp15"
"PASS: ""massless unit standard virtual propagators"
"PASS: ""unit virtual loop routing"
"PASS: ""canonical routing reconstructs VHgqPg01"
"PASS: ""canonical routing reconstructs VHgqPg01"
"PASS: ""canonical routing reconstructs VHgqPg01"
"PASS: ""canonical routing reconstructs VHgqPg01"
"PASS: ""massless unit standard virtual propagators"
"PASS: ""unit virtual loop routing"
"PASS: ""canonical routing reconstructs VHgqPg02"
"PASS: ""canonical routing reconstructs VHgqPg02"
"PASS: ""canonical routing reconstructs VHgqPg02"
"PASS: ""canonical routing reconstructs VHgqPg02"
"PASS: ""massless unit standard virtual propagators"
"PASS: ""unit virtual loop routing"
"PASS: ""canonical routing reconstructs VHgqPg03"
"PASS: ""canonical routing reconstructs VHgqPg03"
"PASS: ""canonical routing reconstructs VHgqPg03"
"PASS: ""canonical routing reconstructs VHgqPg03"
"PASS: ""massless unit standard virtual propagators"
"PASS: ""unit virtual loop routing"
"PASS: ""canonical routing reconstructs VHgqPg04"
"PASS: ""canonical routing reconstructs VHgqPg04"
"PASS: ""canonical routing reconstructs VHgqPg04"
"PASS: ""canonical routing reconstructs VHgqPg04"
"PASS: ""massless unit standard virtual propagators"
"PASS: ""unit virtual loop routing"
"PASS: ""canonical routing reconstructs VHgqPg05"
"PASS: ""canonical routing reconstructs VHgqPg05"
"PASS: ""canonical routing reconstructs VHgqPg05"
"PASS: ""canonical routing reconstructs VHgqPg05"
"PASS: ""massless unit standard virtual propagators"
"PASS: ""unit virtual loop routing"
"PASS: ""canonical routing reconstructs VHgqPg06"
"PASS: ""canonical routing reconstructs VHgqPg06"
"PASS: ""canonical routing reconstructs VHgqPg06"
"PASS: ""canonical routing reconstructs VHgqPg06"
"PASS: ""massless unit standard virtual propagators"
"PASS: ""unit virtual loop routing"
"PASS: ""canonical routing reconstructs VHgqPg07"
"PASS: ""canonical routing reconstructs VHgqPg07"
"PASS: ""canonical routing reconstructs VHgqPg07"
"PASS: ""canonical routing reconstructs VHgqPg07"
"PASS: ""massless unit standard virtual propagators"
"PASS: ""unit virtual loop routing"
"PASS: ""canonical routing reconstructs VHgqPg08"
"PASS: ""canonical routing reconstructs VHgqPg08"
"PASS: ""canonical routing reconstructs VHgqPg08"
"PASS: ""canonical routing reconstructs VHgqPg08"
"PASS: ""massless unit standard virtual propagators"
"PASS: ""unit virtual loop routing"
"PASS: ""canonical routing reconstructs VHgqPg09"
"PASS: ""canonical routing reconstructs VHgqPg09"
"PASS: ""canonical routing reconstructs VHgqPg09"
"PASS: ""canonical routing reconstructs VHgqPg09"
"PASS: ""massless unit standard virtual propagators"
"PASS: ""unit virtual loop routing"
"PASS: ""canonical routing reconstructs VHgqPg10"
"PASS: ""canonical routing reconstructs VHgqPg10"
"PASS: ""canonical routing reconstructs VHgqPg10"
"PASS: ""canonical routing reconstructs VHgqPg10"
"PASS: ""massless unit standard virtual propagators"
"PASS: ""unit virtual loop routing"
"PASS: ""canonical routing reconstructs VHgqPg11"
"PASS: ""canonical routing reconstructs VHgqPg11"
"PASS: ""canonical routing reconstructs VHgqPg11"
"PASS: ""canonical routing reconstructs VHgqPg11"
"PASS: ""massless unit standard virtual propagators"
"PASS: ""unit virtual loop routing"
"PASS: ""canonical routing reconstructs VHgqPg12"
"PASS: ""canonical routing reconstructs VHgqPg12"
"PASS: ""canonical routing reconstructs VHgqPg12"
"PASS: ""canonical routing reconstructs VHgqPg12"
"PASS: ""massless unit standard virtual propagators"
"PASS: ""unit virtual loop routing"
"PASS: ""canonical routing reconstructs VHgqPg13"
"PASS: ""canonical routing reconstructs VHgqPg13"
"PASS: ""canonical routing reconstructs VHgqPg13"
"PASS: ""canonical routing reconstructs VHgqPg13"
"PASS: ""massless unit standard virtual propagators"
"PASS: ""unit virtual loop routing"
"PASS: ""canonical routing reconstructs VHgqPg14"
"PASS: ""canonical routing reconstructs VHgqPg14"
"PASS: ""canonical routing reconstructs VHgqPg14"
"PASS: ""canonical routing reconstructs VHgqPg14"
"PASS: ""massless unit standard virtual propagators"
"PASS: ""unit virtual loop routing"
"PASS: ""canonical routing reconstructs VHgqPg15"
"PASS: ""canonical routing reconstructs VHgqPg15"
"PASS: ""canonical routing reconstructs VHgqPg15"
"PASS: ""canonical routing reconstructs VHgqPg15"
"PASS: ""massless unit standard virtual propagators"
"PASS: ""unit virtual loop routing"
"PASS: ""canonical routing reconstructs VHgqPpp01"
"PASS: ""canonical routing reconstructs VHgqPpp01"
"PASS: ""canonical routing reconstructs VHgqPpp01"
"PASS: ""canonical routing reconstructs VHgqPpp01"
"PASS: ""massless unit standard virtual propagators"
"PASS: ""unit virtual loop routing"
"PASS: ""canonical routing reconstructs VHgqPpp02"
"PASS: ""canonical routing reconstructs VHgqPpp02"
"PASS: ""canonical routing reconstructs VHgqPpp02"
"PASS: ""canonical routing reconstructs VHgqPpp02"
"PASS: ""massless unit standard virtual propagators"
"PASS: ""unit virtual loop routing"
"PASS: ""canonical routing reconstructs VHgqPpp03"
"PASS: ""canonical routing reconstructs VHgqPpp03"
"PASS: ""canonical routing reconstructs VHgqPpp03"
"PASS: ""canonical routing reconstructs VHgqPpp03"
"PASS: ""massless unit standard virtual propagators"
"PASS: ""unit virtual loop routing"
"PASS: ""canonical routing reconstructs VHgqPpp04"
"PASS: ""canonical routing reconstructs VHgqPpp04"
"PASS: ""canonical routing reconstructs VHgqPpp04"
"PASS: ""canonical routing reconstructs VHgqPpp04"
"PASS: ""massless unit standard virtual propagators"
"PASS: ""unit virtual loop routing"
"PASS: ""canonical routing reconstructs VHgqPpp05"
"PASS: ""canonical routing reconstructs VHgqPpp05"
"PASS: ""canonical routing reconstructs VHgqPpp05"
"PASS: ""canonical routing reconstructs VHgqPpp05"
"PASS: ""massless unit standard virtual propagators"
"PASS: ""unit virtual loop routing"
"PASS: ""canonical routing reconstructs VHgqPpp06"
"PASS: ""canonical routing reconstructs VHgqPpp06"
"PASS: ""canonical routing reconstructs VHgqPpp06"
"PASS: ""canonical routing reconstructs VHgqPpp06"
"PASS: ""massless unit standard virtual propagators"
"PASS: ""unit virtual loop routing"
"PASS: ""canonical routing reconstructs VHgqPpp07"
"PASS: ""canonical routing reconstructs VHgqPpp07"
"PASS: ""canonical routing reconstructs VHgqPpp07"
"PASS: ""canonical routing reconstructs VHgqPpp07"
"PASS: ""massless unit standard virtual propagators"
"PASS: ""unit virtual loop routing"
"PASS: ""canonical routing reconstructs VHgqPpp08"
"PASS: ""canonical routing reconstructs VHgqPpp08"
"PASS: ""canonical routing reconstructs VHgqPpp08"
"PASS: ""canonical routing reconstructs VHgqPpp08"
"PASS: ""massless unit standard virtual propagators"
"PASS: ""unit virtual loop routing"
"PASS: ""canonical routing reconstructs VHgqPpp09"
"PASS: ""canonical routing reconstructs VHgqPpp09"
"PASS: ""canonical routing reconstructs VHgqPpp09"
"PASS: ""canonical routing reconstructs VHgqPpp09"
"PASS: ""massless unit standard virtual propagators"
"PASS: ""unit virtual loop routing"
"PASS: ""canonical routing reconstructs VHgqPpp10"
"PASS: ""canonical routing reconstructs VHgqPpp10"
"PASS: ""canonical routing reconstructs VHgqPpp10"
"PASS: ""canonical routing reconstructs VHgqPpp10"
"PASS: ""massless unit standard virtual propagators"
"PASS: ""unit virtual loop routing"
"PASS: ""canonical routing reconstructs VHgqPpp11"
"PASS: ""canonical routing reconstructs VHgqPpp11"
"PASS: ""canonical routing reconstructs VHgqPpp11"
"PASS: ""canonical routing reconstructs VHgqPpp11"
"PASS: ""massless unit standard virtual propagators"
"PASS: ""unit virtual loop routing"
"PASS: ""canonical routing reconstructs VHgqPpp12"
"PASS: ""canonical routing reconstructs VHgqPpp12"
"PASS: ""canonical routing reconstructs VHgqPpp12"
"PASS: ""canonical routing reconstructs VHgqPpp12"
"PASS: ""massless unit standard virtual propagators"
"PASS: ""unit virtual loop routing"
"PASS: ""canonical routing reconstructs VHgqPpp13"
"PASS: ""canonical routing reconstructs VHgqPpp13"
"PASS: ""canonical routing reconstructs VHgqPpp13"
"PASS: ""canonical routing reconstructs VHgqPpp13"
"PASS: ""massless unit standard virtual propagators"
"PASS: ""unit virtual loop routing"
"PASS: ""canonical routing reconstructs VHgqPpp14"
"PASS: ""canonical routing reconstructs VHgqPpp14"
"PASS: ""canonical routing reconstructs VHgqPpp14"
"PASS: ""canonical routing reconstructs VHgqPpp14"
"PASS: ""massless unit standard virtual propagators"
"PASS: ""unit virtual loop routing"
"PASS: ""canonical routing reconstructs VHgqPpp15"
"PASS: ""canonical routing reconstructs VHgqPpp15"
"PASS: ""canonical routing reconstructs VHgqPpp15"
"PASS: ""canonical routing reconstructs VHgqPpp15"
"CANONICAL_VIRTUAL_FAMILIES "11" targets "252
"PASS: ""dedicated Kira and Fermat binaries exist"
"PASS: ""invariant rename is invertible"
"KIRA_START ""/u/scratch/r/rushil/AI_Assisted_SIDIS/SIDIS_20260907/common/s09_kira_virtual/97508e6c486ccc572f5197b4b45f9760b81c82d424ad0f4f35639ba2bbbc1f4c"" target count "252" bounds "InputForm[<|"V01" -> <|"r" -> 5, "s" -> 4, "Sectors" -> {2, 4, 6, 8, 10, 12, 14}, "TopSectors" -> {14}, "TargetCount" -> 15|>, "V02" -> <|"r" -> 5, "s" -> 4, "Sectors" -> {1, 2, 3, 4, 5, 6, 7}, "TopSectors" -> {7}, "TargetCount" -> 15|>, "V03" -> <|"r" -> 5, "s" -> 4, "Sectors" -> {0, 1, 2, 3, 4, 5, 6, 7}, "TopSectors" -> {7}, "TargetCount" -> 31|>, "V04" -> <|"r" -> 5, "s" -> 4, "Sectors" -> {0, 1, 2, 3, 4, 5, 6, 7}, "TopSectors" -> {7}, "TargetCount" -> 31|>, "V05" -> <|"r" -> 5, "s" -> 4, "Sectors" -> {0, 1, 2, 3, 4, 6, 8, 9, 10, 11, 12, 14}, "TopSectors" -> {11, 14}, "TargetCount" -> 44|>, "V06" -> <|"r" -> 5, "s" -> 4, "Sectors" -> {1, 2, 3, 4, 5, 6, 7, 8, 9, 10, 11, 12, 13, 14, 15}, "TopSectors" -> {15}, "TargetCount" -> 34|>, "V07" -> <|"r" -> 5, "s" -> 4, "Sectors" -> {1, 2, 3, 4, 5, 6, 7, 8, 9, 10, 11, 12, 13, 14, 15}, "TopSectors" -> {15}, "TargetCount" -> 34|>, "V08" -> <|"r" -> 5, "s" -> 4, "Sectors" -> {1, 2, 3, 4, 5, 6, 7, 8, 9, 10, 11, 12, 13, 14, 15}, "TopSectors" -> {15}, "TargetCount" -> 33|>, "V09" -> <|"r" -> 5, "s" -> 4, "Sectors" -> {4, 8, 12}, "TopSectors" -> {12}, "TargetCount" -> 5|>, "V10" -> <|"r" -> 5, "s" -> 4, "Sectors" -> {1, 2, 3}, "TopSectors" -> {3}, "TargetCount" -> 5|>, "V11" -> <|"r" -> 5, "s" -> 4, "Sectors" -> {2, 8, 10}, "TopSectors" -> {10}, "TargetCount" -> 5|>|>]
MONITOR_HEARTBEAT elapsed=60s rss=281.5MiB peak=305.3MiB
MONITOR_HEARTBEAT elapsed=90s rss=398.7MiB peak=398.7MiB
MONITOR_HEARTBEAT elapsed=121s rss=415.5MiB peak=424.8MiB
" 95)\nGenerate equations for topology V05, sector 13 (42 of 95)\nGenerate equations for topology V05, sector 7 (43 of 95)\nGenerate equations for topology V05, sector 15 (44 of 95)\nGenerate equations for topology V06, sector 9 (45 of 95)\nGenerate equations for topology V06, sector 5 (46 of 95)\nGenerate equations for topology V06, sector 13 (47 of 95)\nGenerate equations for topology V06, sector 6 (48 of 95)\nGenerate equations for topology V06, sector 14 (49 of 95)\nGenerate equations for topology V06, sector 11 (50 of 95)\nGenerate equations for topology V06, sector 7 (51 of 95)\nGenerate equations for topology V06, sector 15 (52 of 95)\nGenerate equations for topology V07, sector 12 (53 of 95)\nGenerate equations for topology V07, sector 9 (54 of 95)\nGenerate equations for topology V07, sector 13 (55 of 95)\nGenerate equations for topology V07, sector 6 (56 of 95)\nGenerate equations for topology V07, sector 14 (57 of 95)\nGenerate equations for topology V07, sector 11 (58 of 95)\nGenerate equations for topology V07, sector 7 (59 of 95)\nGenerate equations for topology V07, sector 15 (60 of 95)\nGenerate equations for topology V08, sector 12 (61 of 95)\nGenerate equations for topology V08, sector 14 (62 of 95)\nGenerate equations for topology V08, sector 3 (63 of 95)\nGenerate equations for topology V08, sector 11 (64 of 95)\nGenerate equations for topology V08, sector 5 (65 of 95)\nGenerate equations for topology V08, sector 13 (66 of 95)\nGenerate equations for topology V08, sector 7 (67 of 95)\nGenerate equations for topology V08, sector 15 (68 of 95)\nGenerate equations for topology V09, sector 12 (69 of 95)\nGenerate equations for topology V09, sector 9 (70 of 95)\nGenerate equations for topology V09, sector 13 (71 of 95)\nGenerate equations for topology V09, sector 10 (72 of 95)\nGenerate equations for topology V09, sector 14 (73 of 95)\nGenerate equations for topology V09, sector 3 (74 of 95)\nGenerate equations for topology V09, sector 11 (75 of 95)\nGenerate equations for topology V09, sector 7 (76 of 95)\nGenerate equations for topology V09, sector 15 (77 of 95)\nGenerate equations for topology V10, sector 3 (78 of 95)\nGenerate equations for topology V10, sector 6 (79 of 95)\nGenerate equations for topology V10, sector 5 (80 of 95)\nGenerate equations for topology V10, sector 7 (81 of 95)\nGenerate equations for topology V10, sector 11 (82 of 95)\nGenerate equations for topology V10, sector 12 (83 of 95)\nGenerate equations for topology V10, sector 14 (84 of 95)\nGenerate equations for topology V10, sector 13 (85 of 95)\nGenerate equations for topology V10, sector 15 (86 of 95)\nGenerate equations for topology V11, sector 10 (87 of 95)\nGenerate equations for topology V11, sector 11 (88 of 95)\nGenerate equations for topology V11, sector 12 (89 of 95)\nGenerate equations for topology V11, sector 6 (90 of 95)\nGenerate equations for topology V11, sector 14 (91 of 95)\nGenerate equations for topology V11, sector 5 (92 of 95)\nGenerate equations for topology V11, sector 13 (93 of 95)\nGenerate equations for topology V11, sector 7 (94 of 95)\nGenerate equations for topology V11, sector 15 (95 of 95)\n\nNumber of selected equations to reduce: 0 equations\nsolve forward:      0.0\nmax insertions:     0\nsolve backward: 0.0\nprepare content for selector: 0.0\ntotal solve time:   0.0\n     316 equations: 0 zero + 316 independent\nmaster integrals which should be avoided\nRegenerate:\nGenerate equations for topology V01, sector 10 (1 of 95)\nGenerate equations for topology V01, sector 14 (2 of 95)\nGenerate equations for topology V01, sector 9 (3 of 95)\nGenerate equations for topology V01, sector 3 (4 of 95)\nGenerate equations for topology V01, sector 11 (5 of 95)\nGenerate equations for topology V01, sector 13 (6 of 95)\nGenerate equations for topology V01, sector 7 (7 of 95)\nGenerate equations for topology V01, sector 15 (8 of 95)\nGenerate equations for topology V02, sector 3 (9 of 95)\nGenerate equations for topology V02, sector 7 (10 of 95)\nGenerate equations for topology V02, sector 12 (11 of 95)\nGenerate equations for topology V02, sector 10 (12 of 95)\nGenerate equations for topology V02, sector 14 (13 of 95)\nGenerate equations for topology V02, sector 9 (14 of 95)\nGenerate equations for topology V02, sector 13 (15 of 95)\nGenerate equations for topology V02, sector 11 (16 of 95)\nGenerate equations for topology V02, sector 15 (17 of 95)\nGenerate equations for topology V03, sector 6 (18 of 95)\nGenerate equations for topology V03, sector 3 (19 of 95)\nGenerate equations for topology V03, sector 7 (20 of 95)\nGenerate equations for topology V03, sector 10 (21 of 95)\nGenerate equations for topology V03, sector 14 (22 of 95)\nGenerate equations for topology V03, sector 9 (23 of 95)\nGenerate equations for topology V03, sector 13 (24 of 95)\nGenerate equations for topology V03, sector 11 (25 of 95)\nGenerate equations for topology V03, sector 15 (26 of 95)\nGenerate equations for topology V04, sector 5 (27 of 95)\nGenerate equations for topology V04, sector 3 (28 of 95)\nGenerate equations for topology V04, sector 7 (29 of 95)\nGenerate equations for topology V04, sector 9 (30 of 95)\nGenerate equations for topology V04, sector 13 (31 of 95)\nGenerate equations for topology V04, sector 10 (32 of 95)\nGenerate equations for topology V04, sector 14 (33 of 95)\nGenerate equations for topology V04, sector 11 (34 of 95)\nGenerate equations for topology V04, sector 15 (35 of 95)\nGenerate equations for topology V05, sector 9 (36 of 95)\nGenerate equations for topology V05, sector 3 (37 of 95)\nGenerate equations for topology V05, sector 11 (38 of 95)\nGenerate equations for topology V05, sector 12 (39 of 95)\nGenerate equations for topology V05, sector 14 (40 of 95)\nGenerate equations for topology V05, sector 5 (41 of 95)\nGenerate equations for topology V05, sector 13 (42 of 95)\nGenerate equations for topology V05, sector 7 (43 of 95)\nGenerate equations for topology V05, sector 15 (44 of 95)\nGenerate equations for topology V06, sector 9 (45 of 95)\nGenerate equations for topology V06, sector 5 (46 of 95)\nGenerate equations for topology V06, sector 13 (47 of 95)\nGenerate equations for topology V06, sector 6 (48 of 95)\nGenerate equations for topology V06, sector 14 (49 of 95)\nGenerate equations for topology V06, sector 11 (50 of 95)\nGenerate equations for topology V06, sector 7 (51 of 95)\nGenerate equations for topology V06, sector 15 (52 of 95)\nGenerate equations for topology V07, sector 12 (53 of 95)\nGenerate equations for topology V07, sector 9 (54 of 95)\nGenerate equations for topology V07, sector 13 (55 of 95)\nGenerate equations for topology V07, sector 6 (56 of 95)\nGenerate equations for topology V07, sector 14 (57 of 95)\nGenerate equations for topology V07, sector 11 (58 of 95)\nGenerate equations for topology V07, sector 7 (59 of 95)\nGenerate equations for topology V07, sector 15 (60 of 95)\nGenerate equations for topology V08, sector 12 (61 of 95)\nGenerate equations for topology V08, sector 14 (62 of 95)\nGenerate equations for topology V08, sector 3 (63 of 95)\nGenerate equations for topology V08, sector 11 (64 of 95)\nGenerate equations for topology V08, sector 5 (65 of 95)\nGenerate equations for topology V08, sector 13 (66 of 95)\nGenerate equations for topology V08, sector 7 (67 of 95)\nGenerate equations for topology V08, sector 15 (68 of 95)\nGenerate equations for topology V09, sector 12 (69 of 95)\nGenerate equations for topology V09, sector 9 (70 of 95)\nGenerate equations for topology V09, sector 13 (71 of 95)\nGenerate equations for topology V09, sector 10 (72 of 95)\nGenerate equations for topology V09, sector 14 (73 of 95)\nGenerate equations for topology V09, sector 3 (74 of 95)\nGenerate equations for topology V09, sector 11 (75 of 95)\nGenerate equations for topology V09, sector 7 (76 of 95)\nGenerate equations for topology V09, sector 15 (77 of 95)\nGenerate equations for topology V10, sector 3 (78 of 95)\nGenerate equations for topology V10, sector 6 (79 of 95)\nGenerate equations for topology V10, sector 5 (80 of 95)\nGenerate equations for topology V10, sector 7 (81 of 95)\nGenerate equations for topology V10, sector 11 (82 of 95)\nGenerate equations for topology V10, sector 12 (83 of 95)\nGenerate equations for topology V10, sector 14 (84 of 95)\nGenerate equations for topology V10, sector 13 (85 of 95)\nGenerate equations for topology V10, sector 15 (86 of 95)\nGenerate equations for topology V11, sector 10 (87 of 95)\nGenerate equations for topology V11, sector 11 (88 of 95)\nGenerate equations for topology V11, sector 12 (89 of 95)\nGenerate equations for topology V11, sector 6 (90 of 95)\nGenerate equations for topology V11, sector 14 (91 of 95)\nGenerate equations for topology V11, sector 5 (92 of 95)\nGenerate equations for topology V11, sector 13 (93 of 95)\nGenerate equations for topology V11, sector 7 (94 of 95)\nGenerate equations for topology V11, sector 15 (95 of 95)\n\nNumber of selected equations to reduce: 316 equations\n( 0.8 s )\nAlgebraic reconstruction is switched off.\n\n***** Select equations recursively ************************\nlength of mandatory list: 135\n\n***** Bring system in triangular form *********************\n\nIterate the system until it is in triangular form: \niteration: 0; items left: 52; time: ( 0.0 s )\niteration: 1; items left: 33; time: ( 0.0 s )\niteration: 2; items left: 29; time: ( 0.0 s )\niteration: 3; items left: 21; time: ( 0.0 s )\niteration: 4; items left: 17; time: ( 0.0 s )\niteration: 5; items left: 15; time: ( 0.0 s )\niteration: 6; items left: 12; time: ( 0.0 s )\niteration: 7; items left: 9; time: ( 0.0 s )\niteration: 8; items left: 9; time: ( 0.0 s )\niteration: 9; items left: 5; time: ( 0.0 s )\niteration: 10; items left: 3; time: ( 0.0 s )\niteration: 11; items left: 2; time: ( 0.0 s )\niteration: 12; items left: 3; time: ( 0.0 s )\niteration: 13; items left: 3; time: ( 0.0 s )\niteration: 14; items left: 2; time: ( 0.0 s )\niteration: 15; items left: 1; time: ( 0.0 s )\niteration: 16; items left: 1; time: ( 0.0 s )\nredundant: 0; insertions 269\nAll coefficients will be normalized\n\nEquations out of bounds rmax and smax: 69\nEquations in the bounds rmax and smax: 247\n( 0.1 s )\n\nWrite the triangular system to ./tmp/ on hard disk\n(--> ./tmp/V11/VERconfig, ./tmp/V11/VER###) \n\nTriangular form completed after ( 0.6 s )\nAlgebraic reconstruction is switched off.\n\n***** Run the back substitution ***********************\n\nLoad all files from ./tmp/\nTake 6 equations to reduce 3 missing equations\n\nBack substitution: \n  0.0% []\r\n\nEquations reduced: 0 / 6\nKira committed results ( 0.1 s )\n  0.0% []\r  0.0% []\r\n\nEquations reduced: 0 / 6\nKira committed results ( 0.1 s )\n 16.7% []\r 50.0% []\r 83.3% []\r\n\nEquations reduced: 5 / 6\nKira committed results ( 0.1 s )\n\n5 equations were reduced\n\n*****Master integrals***********************************\nV02[1,1,0,0] #  3\nV03[1,1,0,0] #  3\nV01[0,1,0,1] # 10\nV03[0,1,1,0] #  6\nV06[1,1,1,1] # 15\nV07[1,1,1,1] # 15\nV08[1,1,1,1] # 15\n\n*****Master integrals which do not appear on the right**\n*****hand side of the selected integrals****************\nV01[0,1,0,1] # 10\nV03[0,1,1,0] #  6\nV06[1,1,1,1] # 15\nV07[1,1,1,1] # 15\nV08[1,1,1,1] # 15\n\nTotal number of master integrals: 7\n( 0.1 s )\nOne variable is set to 1: {}\nOne variable is set to 1: {}\nThe input directory is set to:\n./results\nsymbol_to_replace_by_one: x in kinematics.yaml is not set. \nMass reconstruction is disabled.\n################################################\nkira2math: Reconstruct results\n################################################\n\nAlgebraic reconstruction is switched off.\nThis requested integral is a master integral: V01[0,1,0,1] # 10\nThis requested integral is a master integral: V02[1,1,0,0] # 3\nThis requested integral is a master integral: V03[0,1,1,0] # 6\nThis requested integral is a master integral: V03[1,1,0,0] # 3\nThis requested integral is a master integral: V06[1,1,1,1] # 15\nThis requested integral is a master integral: V07[1,1,1,1] # 15\nThis requested integral is a master integral: V08[1,1,1,1] # 15\nunreduced integrals: 0.\n\nTotal time:\n( 94.8 s )\n"
"SQLite3: table EQUATION already exists\nSQLite3: table EQUATION already exists\nSQLite3: table EQUATION already exists\nSQLite3: table EQUATION already exists\nSQLite3: table EQUATION already exists\nSQLite3: table EQUATION already exists\nSQLite3: table EQUATION already exists\nSQLite3: table EQUATION already exists\nSQLite3: table EQUATION already exists\nSQLite3: table EQUATION already exists\nSQLite3: table EQUATION already exists\nSQLite3: table EQUATION already exists\nSQLite3: table EQUATION already exists\nSQLite3: table EQUATION already exists\nSQLite3: table EQUATION already exists\nSQLite3: table EQUATION already exists\nSQLite3: table EQUATION already exists\nSQLite3: table EQUATION already exists\nSQLite3: table EQUATION already exists\nSQLite3: table EQUATION already exists\nSQLite3: table EQUATION already exists\n"
"PASS: ""Kira completed"
"PASS: ""Kira exported symbolic rules"
"PASS: ""Kira output consists of rules"
"PASS: ""final Kira master inventory exists"
"PASS: ""nonempty final Kira master inventory"
"PASS: ""targets without explicit rules are declared masters"
"PASS: ""each target has a reduction rule"
"PASS: ""rules have unique targets"
"KIRA_EXPORT_CLOSURE "InputForm[{GLI["V02", {2, 1, 0, -3}]}]
"PASS: ""Kira intermediate-integral export completed"
"PASS: ""Kira exported the needed intermediate rules"
"PASS: ""every intermediate has a non-identity Kira rule"
"PASS: ""every rule ends in Kira's final master inventory"
"PASS: ""final virtual basis consists of scalar unit-index masters"
"PASS: ""rule coefficients are rational in symbolic dimension and invariants"
"S09_SUCCESS: "252" targets reduced to "7" virtual masters."
"MASTERS "InputForm[{GLI["V01", {0, 1, 0, 1}], GLI["V02", {1, 1, 0, 0}], GLI["V03", {0, 1, 1, 0}], GLI["V03", {1, 1, 0, 0}], GLI["V06", {1, 1, 1, 1}], GLI["V07", {1, 1, 1, 1}], GLI["V08", {1, 1, 1, 1}]}]
MONITOR_WAKE {"stage": "s09", "source": "s09_reduce_virtual.wl", "source_sha256": "5e9ddee07997d6584ae3e9f7762a8d2f82986c7cdb124257cc51b09f3257ba26", "job_id": "14692881", "host": "n6042", "exit_code": 0, "success_marker": true, "accepted_execution": true, "guard": null, "peak_rss_bytes": 445472768, "elapsed_seconds": 138.18009361624718, "completed_utc": "2026-09-07T10:52:01.971280+00:00"}
