/home/physics/projects/AI_Assisted_SIDIS/scripts/numerics/s10_validate_precision.py:95: DeprecationWarning: Setting the shape on a NumPy array has been deprecated in NumPy 2.5.
As an alternative, you can create a new view using np.reshape (with copy=False if needed).
  with path.open('rb') as f:estimate,integrator=pickle.load(f)
S10_SCAN q0_p0 0 3157567731166910.5 [1.0, 0.039336660600824344, 0.8801030856121977, 0.91182930104802, 3.4098330706773603, 0.5721448087588982, 2.6895249288516014, 0.004059443166190397, 70.77235796282639, 243.87481155360695]
S10_SCAN q0_p0 8 0.0 [0.0, 0.0, 0.0, 0.0, 0.0, 0.0, 0.0, 0.0, 0.0, 0.0]
S10_SCAN q0_p0 16 9.978840000370176e+16 [1.0, 0.040875939194521274, 0.8626520039444648, 0.9282231710165355, 4.062499733737756, 0.5183618582188795, 2.5207724355446217, 0.0038656203672262596, 135.21455395535605, 262.8967752795911]
S10_SCAN q0_p0 24 0.0 [0.0, 0.0, 0.0, 0.0, 0.0, 0.0, 0.0, 0.0, 0.0, 0.0]
S10_SCAN q1_p0 0 8.246822180781767e+25 [1.0, 0.02970374054211229, 0.9858697303583038, 0.9928143681469676, 6.7999616584338884, 0.40123504431158175, 2.5100060874249577, 0.005996982077595546, 7.499437060127728, 15.149474502918759]
S10_SCAN q1_p0 8 33059.266000094416 [1.0, 0.24002850824627875, 0.14142675654633674, 0.31405148241265385, 6.4934953672430975, 0.4300218036167973, 2.5099735754612635, 0.004943382670263715, 5132.58880486665, 8016.9960234615]
S10_SCAN q1_p0 16 2.095026154390688e+38 [1.0, 0.03148316457683209, 0.981912967674887, 0.9939251495595285, 6.646138540070524, 0.5170048819992714, 2.5154638083475547, 0.004412926335929597, 17.72804738242393, 26.531389709607257]
S10_SCAN q1_p0 24 2.540300773946457e+21 [1.0, 0.021941595428020693, 0.9241042994517792, 0.9515854037546723, 6.651695224830348, 0.5993241404821108, 2.5082550429715478, 0.005787237031466567, 34.187384212488716, 89.84556377386764]
S10_SCAN q2_p0 0 2.2710075001344862e+26 [1.0, 0.08948694653369696, 0.3694514930033717, 0.49634810168701154, 61.18578429939789, 0.47945944008783503, 2.8269229294850273, 0.005747529359641122, 977.3775404245105, 2410.5558950964437]
S10_SCAN q2_p0 8 3.611723258467608e+31 [1.0, 0.0840267541116204, 0.3673667179134728, 0.5108362054844408, 60.58977081288277, 0.5924769683075473, 2.827686116951826, 0.004962209125425229, 1248.738842319223, 2812.8448606484126]
S10_SCAN q2_p0 16 7476576999150.982 [1.0, 0.08352161731081306, 0.3692194617857541, 0.4026417141479219, 37.572747972138906, 0.5899204312362787, 2.8281803545752937, 0.00496486820085594, 367.12874428437584, 2789.842759670556]
S10_SCAN q2_p0 24 545922931283.18665 [1.0, 0.06955657602844119, 0.3373425670068434, 0.3461299934293322, 60.977313399966235, 0.4917221237166347, 2.8248713568162924, 0.0079822140426733, 77.05931232582681, 2011.3689211867718]
S10_SCAN_MAX [
  {
    "bin": "q2_p0",
    "bounds": [
      15.0,
      70.0,
      0.1,
      0.6,
      2.5,
      2.9
    ],
    "unit": [
      0.9082616880459614,
      0.9848977562782838,
      0.8331925586400077,
      0.39669621815131156,
      0.2853711513061018,
      0.37333200252674525
    ],
    "diagnostics": [
      1.0,
      0.08471547308972344,
      0.3677969220344025,
      0.48142322063179066,
      60.77493279095266,
      0.5924488781391419,
      2.8290845413242183,
      0.004920220492316577,
      1058.034980114846,
      2834.0323705280234
    ],
    "components": [
      0.03947334790453085,
      -1983773297759957.5,
      0.0,
      20.20047115741971,
      0.0,
      0.05205963467516414,
      0.0,
      0.8142422886057445,
      3.3957300410216917,
      -2.1867343578307987e+47,
      1.9707140180462641,
      1.8415777778547944,
      0.039809627698813826,
      -2000673381284121.0,
      0.0,
      5.78165992192854,
      0.0,
      0.049591452888429505,
      0.0,
      0.9053684945469844,
      3.6905809849202598,
      -2.3766083117885303e+47,
      1.1394273655894274,
      1.1738249867855934
    ],
    "sampling_jacobian": 1.3481186542058952e-09
  },
  {
    "bin": "q1_p0",
    "bounds": [
      4.5,
      15.0,
      0.1,
      0.6,
      2.5,
      2.8
    ],
    "unit": [
      0.32522906581096794,
      0.6759123195274716,
      0.027232028869571146,
      0.4409380678804974,
      0.0053292936719031925,
      0.8635397389840934
    ],
    "diagnostics": [
      1.0,
      0.021883781857382767,
      0.9797272440590622,
      0.9971842815351021,
      6.656836336807312,
      0.4379561597637358,
      2.5077273428888747,
      0.0075128998418448455,
      15.072528964739904,
      17.454354772916297
    ],
    "components": [
      0.0021407351851185363,
      230174760208.16812,
      0.0,
      0.0002503515195020118,
      0.0,
      1.3839853724809775e-08,
      0.0,
      0.00017507098284592004,
      0.4271355649043593,
      -1.23386208662332e+44,
      0.0012761419538762904,
      0.008363667697022162,
      0.001425225355028733,
      153242169463.8401,
      0.0,
      1.3070265064534232e-08,
      0.0,
      2.1811864433802303e-11,
      0.0,
      2.7215877549009445e-07,
      0.28200490507984805,
      -8.146246513041916e+43,
      0.002005161791349558,
      0.013159141652467536
    ],
    "sampling_jacobian": 3.3086642884290653e-07
  },
  {
    "bin": "q1_p0",
    "bounds": [
      4.5,
      15.0,
      0.1,
      0.6,
      2.5,
      2.8
    ],
    "unit": [
      0.3295706515165091,
      0.7179048356930414,
      0.03249811120164695,
      0.4565269934880369,
      0.005391518061738028,
      0.7840000487782349
    ],
    "diagnostics": [
      1.0,
      0.01875496877147874,
      0.9786721107092158,
      0.9953148360161889,
      6.691723727697923,
      0.45895241784652074,
      2.5092243966967014,
      0.008399705050783768,
      12.917701764190532,
      16.47665938837777
    ],
    "components": [
      0.002775284141369775,
      49279080207.72377,
      0.0,
      0.0011256056289404533,
      0.0,
      -4.283437088305306e-06,
      0.0,
      0.0003450350730104906,
      0.5162197323590615,
      2.442071394941378e+42,
      0.0016292945826174106,
      0.010946919713515035,
      0.0017868197877637562,
      31727502644.063362,
      0.0,
      1.3578837136328571e-06,
      0.0,
      -4.941579817812039e-08,
      0.0,
      3.927559925846328e-06,
      0.32961315136654545,
      1.5592950015107917e+42,
      0.0026026442108063905,
      0.01758088934589064
    ],
    "sampling_jacobian": 7.607549765983789e-07
  }
]
