
file::shdw: Symbol file appears in multiple contexts {FeynCalc`, Global`}; definitions in context FeynCalc` may shadow or be shadowed by other definitions.
"PASS: ""bound entire native writer"
"PASS: ""pinned chunk-writer input misc/s14_result/s14_result_parts/089ff5064d9ebb40698be107c71784b024b44554608da22b13e8fd210c7311b8.wl.tmp"
"PASS: ""pinned chunk-writer input misc/s35_result/s35_execution.json"
"PASS: ""pinned chunk-writer input misc/s35_result/s35_result.wl"
"PASS: ""pinned chunk-writer input misc/s37_result/s37_execution.json"
"PASS: ""pinned chunk-writer input misc/s37_result/s37_result.wl"
"PASS: ""accepted native own and actual inputs"
"PASS: ""native chunk marker is unassigned"
"PASS: ""bounded native chunk"
"PASS: ""exact native chunk reload"
"PASS: ""entire native record exactly reconstructs"
"PASS: ""unique native manifest insertion"
"PASS: ""bounded complete native index"
"PASS: ""exact native index bytes"
"NATIVE_CHUNK_RECORD ""s40_roundtrip.wl"" pieces "20" memory_before "694368088" memory_after "694525176
"PASS: ""actual record exercises bounded pieces"
"PASS: ""one actual failed piece retained"
"PASS: ""actual saved piece native field identity"
"FAIL: ""actual piece exposes raw structural difference"
