"PASS: ""amplitude and Born inputs exist"
"PASS: ""FeynArts Born agrees with the independently constructed current"
"PASS: ""model charge normalization is a positive exact constant"
"Model charge squared = "InputForm[4/9]
"Measured tagged phase-space weight = "1
"Pg"" pair "1","1"; memory = "175958368" bytes."
"PASS: ""reordered contraction equals saved pair"
"PASS: ""pair is a scalar rational expression"
"Pg"" pair "1","2"; memory = "181070624" bytes."
"PASS: ""reordered contraction equals saved pair"
"PASS: ""pair is a scalar rational expression"
"Pg"" pair "1","3"; memory = "199456184" bytes."
"PASS: ""reordered contraction equals saved pair"
"PASS: ""pair is a scalar rational expression"
"Pg"" pair "1","4"; memory = "213682000" bytes."
"PASS: ""reordered contraction equals saved pair"
"PASS: ""pair is a scalar rational expression"
"Pg"" pair "1","5"; memory = "225675296" bytes."
"PASS: ""reordered contraction equals saved pair"
"PASS: ""pair is a scalar rational expression"
"Pg"" pair "1","6"; memory = "241101840" bytes."
"PASS: ""reordered contraction equals saved pair"
"PASS: ""pair is a scalar rational expression"
"Pg"" pair "1","7"; memory = "272617784" bytes."
"PASS: ""reordered contraction equals saved pair"
"PASS: ""pair is a scalar rational expression"
"Pg"" pair "1","8"; memory = "302449872" bytes."
"PASS: ""reordered contraction equals saved pair"
"PASS: ""pair is a scalar rational expression"
"Pg"" pair "2","2"; memory = "308626568" bytes."
"PASS: ""reordered contraction equals saved pair"
"PASS: ""pair is a scalar rational expression"
"Pg"" pair "2","3"; memory = "323859912" bytes."
"PASS: ""reordered contraction equals saved pair"
"PASS: ""pair is a scalar rational expression"
"Pg"" pair "2","4"; memory = "358482416" bytes."
"PASS: ""reordered contraction equals saved pair"
"PASS: ""pair is a scalar rational expression"
"Pg"" pair "2","5"; memory = "362640584" bytes."
"PASS: ""reordered contraction equals saved pair"
"PASS: ""pair is a scalar rational expression"
"Pg"" pair "2","6"; memory = "365529088" bytes."
"PASS: ""pair is a scalar rational expression"
"Pg"" pair "2","7"; memory = "370398200" bytes."
"PASS: ""pair is a scalar rational expression"
"Pg"" pair "2","8"; memory = "381758760" bytes."
"PASS: ""pair is a scalar rational expression"
"Pg"" pair "3","3"; memory = "390348904" bytes."
"PASS: ""pair is a scalar rational expression"
"Pg"" pair "3","4"; memory = "392858672" bytes."
"PASS: ""pair is a scalar rational expression"
"Pg"" pair "3","5"; memory = "395180704" bytes."
"PASS: ""pair is a scalar rational expression"
"Pg"" pair "3","6"; memory = "396827032" bytes."
"PASS: ""pair is a scalar rational expression"
"Pg"" pair "3","7"; memory = "408303560" bytes."
"PASS: ""pair is a scalar rational expression"
"Pg"" pair "3","8"; memory = "414223048" bytes."
"PASS: ""pair is a scalar rational expression"
"Pg"" pair "4","4"; memory = "413824688" bytes."
"PASS: ""pair is a scalar rational expression"
"Pg"" pair "4","5"; memory = "414495448" bytes."
"PASS: ""pair is a scalar rational expression"
"Pg"" pair "4","6"; memory = "414461768" bytes."
"PASS: ""pair is a scalar rational expression"
"Pg"" pair "4","7"; memory = "414874760" bytes."
"PASS: ""pair is a scalar rational expression"
"Pg"" pair "4","8"; memory = "415406568" bytes."
"PASS: ""pair is a scalar rational expression"
"Pg"" pair "5","5"; memory = "414350688" bytes."
"PASS: ""pair is a scalar rational expression"
"Pg"" pair "5","6"; memory = "414130200" bytes."
"PASS: ""pair is a scalar rational expression"
"Pg"" pair "5","7"; memory = "414140192" bytes."
"PASS: ""pair is a scalar rational expression"
"Pg"" pair "5","8"; memory = "414311920" bytes."
"PASS: ""pair is a scalar rational expression"
"Pg"" pair "6","6"; memory = "414625112" bytes."
"PASS: ""pair is a scalar rational expression"
"Pg"" pair "6","7"; memory = "416667176" bytes."
"PASS: ""pair is a scalar rational expression"
"Pg"" pair "6","8"; memory = "419220552" bytes."
"PASS: ""pair is a scalar rational expression"
"Pg"" pair "7","7"; memory = "419429656" bytes."
"PASS: ""pair is a scalar rational expression"
"Pg"" pair "7","8"; memory = "424178248" bytes."
"PASS: ""pair is a scalar rational expression"
"Pg"" pair "8","8"; memory = "424408688" bytes."
"PASS: ""pair is a scalar rational expression"
"Pg"": combining checkpointed pairs."
"Pg"" complete; leaves = "97217
"Ppp"" pair "1","1"; memory = "434620880" bytes."
"PASS: ""pair is a scalar rational expression"
"Ppp"" pair "1","2"; memory = "436766536" bytes."
"PASS: ""pair is a scalar rational expression"
"Ppp"" pair "1","3"; memory = "438235768" bytes."
"PASS: ""pair is a scalar rational expression"
"Ppp"" pair "1","4"; memory = "440384720" bytes."
"PASS: ""pair is a scalar rational expression"
"Ppp"" pair "1","5"; memory = "441803024" bytes."
"PASS: ""pair is a scalar rational expression"
"Ppp"" pair "1","6"; memory = "442681480" bytes."
"PASS: ""pair is a scalar rational expression"
"Ppp"" pair "1","7"; memory = "444210304" bytes."
"PASS: ""pair is a scalar rational expression"
"Ppp"" pair "1","8"; memory = "445572616" bytes."
"PASS: ""pair is a scalar rational expression"
"Ppp"" pair "2","2"; memory = "446409672" bytes."
"PASS: ""pair is a scalar rational expression"
"Ppp"" pair "2","3"; memory = "447238440" bytes."
"PASS: ""pair is a scalar rational expression"
"Ppp"" pair "2","4"; memory = "448754528" bytes."
"PASS: ""pair is a scalar rational expression"
"Ppp"" pair "2","5"; memory = "449805512" bytes."
"PASS: ""pair is a scalar rational expression"
"Ppp"" pair "2","6"; memory = "450487400" bytes."
"PASS: ""pair is a scalar rational expression"
"Ppp"" pair "2","7"; memory = "451624536" bytes."
"PASS: ""pair is a scalar rational expression"
"Ppp"" pair "2","8"; memory = "452421696" bytes."
"PASS: ""pair is a scalar rational expression"
"Ppp"" pair "3","3"; memory = "453161840" bytes."
"PASS: ""pair is a scalar rational expression"
"Ppp"" pair "3","4"; memory = "457158880" bytes."
"PASS: ""pair is a scalar rational expression"
"Ppp"" pair "3","5"; memory = "458488904" bytes."
"PASS: ""pair is a scalar rational expression"
"Ppp"" pair "3","6"; memory = "459263224" bytes."
"PASS: ""pair is a scalar rational expression"
"Ppp"" pair "3","7"; memory = "460630152" bytes."
"PASS: ""pair is a scalar rational expression"
"Ppp"" pair "3","8"; memory = "461989192" bytes."
"PASS: ""pair is a scalar rational expression"
"Ppp"" pair "4","4"; memory = "462961256" bytes."
"PASS: ""pair is a scalar rational expression"
"Ppp"" pair "4","5"; memory = "464149600" bytes."
"PASS: ""pair is a scalar rational expression"
"Ppp"" pair "4","6"; memory = "463380376" bytes."
"PASS: ""pair is a scalar rational expression"
"Ppp"" pair "4","7"; memory = "464457040" bytes."
"PASS: ""pair is a scalar rational expression"
"Ppp"" pair "4","8"; memory = "465041992" bytes."
"PASS: ""pair is a scalar rational expression"
"Ppp"" pair "5","5"; memory = "467462072" bytes."
"PASS: ""pair is a scalar rational expression"
"Ppp"" pair "5","6"; memory = "468281616" bytes."
"PASS: ""pair is a scalar rational expression"
"Ppp"" pair "5","7"; memory = "467264016" bytes."
"PASS: ""pair is a scalar rational expression"
"Ppp"" pair "5","8"; memory = "468165352" bytes."
"PASS: ""pair is a scalar rational expression"
"Ppp"" pair "6","6"; memory = "470862288" bytes."
"PASS: ""pair is a scalar rational expression"
"Ppp"" pair "6","7"; memory = "472179880" bytes."
"PASS: ""pair is a scalar rational expression"
"Ppp"" pair "6","8"; memory = "473082600" bytes."
"PASS: ""pair is a scalar rational expression"
"Ppp"" pair "7","7"; memory = "475162456" bytes."
"PASS: ""pair is a scalar rational expression"
"Ppp"" pair "7","8"; memory = "476513520" bytes."
"PASS: ""pair is a scalar rational expression"
"Ppp"" pair "8","8"; memory = "478167704" bytes."
"PASS: ""pair is a scalar rational expression"
"Ppp"": combining checkpointed pairs."
"Ppp"" complete; leaves = "31793
"PhotonWard"" pair "1","1"; memory = "480715888" bytes."
"PASS: ""pair is a scalar rational expression"
"PhotonWard"" pair "1","2"; memory = "482394944" bytes."
"PASS: ""pair is a scalar rational expression"
"PhotonWard"" pair "1","3"; memory = "506205320" bytes."
"PASS: ""pair is a scalar rational expression"
"PhotonWard"" pair "1","4"; memory = "507211680" bytes."
"PASS: ""pair is a scalar rational expression"
"PhotonWard"" pair "1","5"; memory = "509319088" bytes."
"PASS: ""pair is a scalar rational expression"
"PhotonWard"" pair "1","6"; memory = "511711184" bytes."
"PASS: ""pair is a scalar rational expression"
"PhotonWard"" pair "1","7"; memory = "517802360" bytes."
"PASS: ""pair is a scalar rational expression"
"PhotonWard"" pair "1","8"; memory = "522378080" bytes."
"PASS: ""pair is a scalar rational expression"
"PhotonWard"" pair "2","2"; memory = "523457816" bytes."
"PASS: ""pair is a scalar rational expression"
"PhotonWard"" pair "2","3"; memory = "526103592" bytes."
"PASS: ""pair is a scalar rational expression"
"PhotonWard"" pair "2","4"; memory = "530860920" bytes."
"PASS: ""pair is a scalar rational expression"
"PhotonWard"" pair "2","5"; memory = "530555176" bytes."
"PASS: ""pair is a scalar rational expression"
"PhotonWard"" pair "2","6"; memory = "529911128" bytes."
"PASS: ""pair is a scalar rational expression"
"PhotonWard"" pair "2","7"; memory = "529383728" bytes."
"PASS: ""pair is a scalar rational expression"
"PhotonWard"" pair "2","8"; memory = "534211112" bytes."
"PASS: ""pair is a scalar rational expression"
"PhotonWard"" pair "3","3"; memory = "535984328" bytes."
"PASS: ""pair is a scalar rational expression"
"PhotonWard"" pair "3","4"; memory = "537106848" bytes."
"PASS: ""pair is a scalar rational expression"
"PhotonWard"" pair "3","5"; memory = "538578624" bytes."
"PASS: ""pair is a scalar rational expression"
"PhotonWard"" pair "3","6"; memory = "539562920" bytes."
"PASS: ""pair is a scalar rational expression"
"PhotonWard"" pair "3","7"; memory = "542672632" bytes."
"PASS: ""pair is a scalar rational expression"
"PhotonWard"" pair "3","8"; memory = "545071928" bytes."
"PASS: ""pair is a scalar rational expression"
"PhotonWard"" pair "4","4"; memory = "545947200" bytes."
"PASS: ""pair is a scalar rational expression"
"PhotonWard"" pair "4","5"; memory = "547306032" bytes."
"PASS: ""pair is a scalar rational expression"
"PhotonWard"" pair "4","6"; memory = "547172640" bytes."
"PASS: ""pair is a scalar rational expression"
"PhotonWard"" pair "4","7"; memory = "548218984" bytes."
"PASS: ""pair is a scalar rational expression"
"PhotonWard"" pair "4","8"; memory = "548696304" bytes."
"PASS: ""pair is a scalar rational expression"
"PhotonWard"" pair "5","5"; memory = "548287208" bytes."
"PASS: ""pair is a scalar rational expression"
"PhotonWard"" pair "5","6"; memory = "548858088" bytes."
"PASS: ""pair is a scalar rational expression"
"PhotonWard"" pair "5","7"; memory = "549416384" bytes."
"PASS: ""pair is a scalar rational expression"
"PhotonWard"" pair "5","8"; memory = "550772128" bytes."
"PASS: ""pair is a scalar rational expression"
"PhotonWard"" pair "6","6"; memory = "550673424" bytes."
"PASS: ""pair is a scalar rational expression"
"PhotonWard"" pair "6","7"; memory = "552591048" bytes."
"PASS: ""pair is a scalar rational expression"
"PhotonWard"" pair "6","8"; memory = "553446976" bytes."
"PASS: ""pair is a scalar rational expression"
"PhotonWard"" pair "7","7"; memory = "553080848" bytes."
"PASS: ""pair is a scalar rational expression"
"PhotonWard"" pair "7","8"; memory = "556461528" bytes."
"PASS: ""pair is a scalar rational expression"
"PhotonWard"" pair "8","8"; memory = "560517400" bytes."
"PASS: ""pair is a scalar rational expression"
"PhotonWard"": combining checkpointed pairs."
"PASS: ""PhotonWard"
"PhotonWard"" complete; leaves = "1
"Gluon1Ward"" pair "1","1"; memory = "559794416" bytes."
"PASS: ""pair is a scalar rational expression"
"Gluon1Ward"" pair "1","2"; memory = "560495240" bytes."
"PASS: ""pair is a scalar rational expression"
"Gluon1Ward"" pair "1","3"; memory = "559157728" bytes."
"PASS: ""pair is a scalar rational expression"
"Gluon1Ward"" pair "1","4"; memory = "559985352" bytes."
"PASS: ""pair is a scalar rational expression"
"Gluon1Ward"" pair "1","5"; memory = "560239304" bytes."
"PASS: ""pair is a scalar rational expression"
"Gluon1Ward"" pair "1","6"; memory = "560527360" bytes."
"PASS: ""pair is a scalar rational expression"
"Gluon1Ward"" pair "1","7"; memory = "560097848" bytes."
"PASS: ""pair is a scalar rational expression"
"Gluon1Ward"" pair "1","8"; memory = "559193672" bytes."
"PASS: ""pair is a scalar rational expression"
"Gluon1Ward"" pair "2","2"; memory = "559593928" bytes."
"PASS: ""pair is a scalar rational expression"
"Gluon1Ward"" pair "2","3"; memory = "561536648" bytes."
"PASS: ""pair is a scalar rational expression"
"Gluon1Ward"" pair "2","4"; memory = "562709824" bytes."
"PASS: ""pair is a scalar rational expression"
"Gluon1Ward"" pair "2","5"; memory = "561582424" bytes."
"PASS: ""pair is a scalar rational expression"
"Gluon1Ward"" pair "2","6"; memory = "560642112" bytes."
"PASS: ""pair is a scalar rational expression"
"Gluon1Ward"" pair "2","7"; memory = "559769632" bytes."
"PASS: ""pair is a scalar rational expression"
"Gluon1Ward"" pair "2","8"; memory = "565668248" bytes."
"PASS: ""pair is a scalar rational expression"
"Gluon1Ward"" pair "3","3"; memory = "565539296" bytes."
"PASS: ""pair is a scalar rational expression"
"Gluon1Ward"" pair "3","4"; memory = "566481096" bytes."
"PASS: ""pair is a scalar rational expression"
"Gluon1Ward"" pair "3","5"; memory = "567787808" bytes."
"PASS: ""pair is a scalar rational expression"
"Gluon1Ward"" pair "3","6"; memory = "567856824" bytes."
"PASS: ""pair is a scalar rational expression"
"Gluon1Ward"" pair "3","7"; memory = "569147712" bytes."
"PASS: ""pair is a scalar rational expression"
"Gluon1Ward"" pair "3","8"; memory = "570462200" bytes."
"PASS: ""pair is a scalar rational expression"
"Gluon1Ward"" pair "4","4"; memory = "570994720" bytes."
"PASS: ""pair is a scalar rational expression"
"Gluon1Ward"" pair "4","5"; memory = "571589992" bytes."
"PASS: ""pair is a scalar rational expression"
"Gluon1Ward"" pair "4","6"; memory = "573233008" bytes."
"PASS: ""pair is a scalar rational expression"
"Gluon1Ward"" pair "4","7"; memory = "573380304" bytes."
"PASS: ""pair is a scalar rational expression"
"Gluon1Ward"" pair "4","8"; memory = "574995328" bytes."
"PASS: ""pair is a scalar rational expression"
"Gluon1Ward"" pair "5","5"; memory = "575065896" bytes."
"PASS: ""pair is a scalar rational expression"
"Gluon1Ward"" pair "5","6"; memory = "575463672" bytes."
"PASS: ""pair is a scalar rational expression"
"Gluon1Ward"" pair "5","7"; memory = "574861544" bytes."
"PASS: ""pair is a scalar rational expression"
"Gluon1Ward"" pair "5","8"; memory = "574341968" bytes."
"PASS: ""pair is a scalar rational expression"
"Gluon1Ward"" pair "6","6"; memory = "574610264" bytes."
"PASS: ""pair is a scalar rational expression"
"Gluon1Ward"" pair "6","7"; memory = "574924224" bytes."
"PASS: ""pair is a scalar rational expression"
"Gluon1Ward"" pair "6","8"; memory = "575260256" bytes."
"PASS: ""pair is a scalar rational expression"
"Gluon1Ward"" pair "7","7"; memory = "575545208" bytes."
"PASS: ""pair is a scalar rational expression"
"Gluon1Ward"" pair "7","8"; memory = "576757520" bytes."
"PASS: ""pair is a scalar rational expression"
"Gluon1Ward"" pair "8","8"; memory = "576250520" bytes."
"PASS: ""pair is a scalar rational expression"
"Gluon1Ward"": combining checkpointed pairs."
"PASS: ""Gluon1Ward"
"Gluon1Ward"" complete; leaves = "1
"Gluon3Ward"" pair "1","1"; memory = "578746264" bytes."
"PASS: ""pair is a scalar rational expression"
"Gluon3Ward"" pair "1","2"; memory = "579475000" bytes."
"PASS: ""pair is a scalar rational expression"
"Gluon3Ward"" pair "1","3"; memory = "582284752" bytes."
"PASS: ""pair is a scalar rational expression"
"Gluon3Ward"" pair "1","4"; memory = "582380312" bytes."
"PASS: ""pair is a scalar rational expression"
"Gluon3Ward"" pair "1","5"; memory = "582161496" bytes."
"PASS: ""pair is a scalar rational expression"
"Gluon3Ward"" pair "1","6"; memory = "581425320" bytes."

No more memory available.
Mathematica kernel has shut down.
Try quitting other applications and then retry.
