"Loading FeynCalc and the Package-X interface."
"Loop interface loaded."
"PASS: ""loop backend evaluates the spacelike bubble"
"PASS: ""bubble distinguishes UV from IR"
"Loop backend: "InputForm[I/16/(EpsilonUV*Pi^2) - (I/16*(-2 + EulerGamma - Log[4*Pi] - Log[mu^2/Q2]))/Pi^2]
"PASS: ""accepted Born and real normalization inputs exist"
"Pg"" virtual diagram "1"; contracting; memory = "187650864
"PASS: ""virtual interference has no open spin, color, or polarization objects"
"Pg"" virtual diagram "1"; PV reduction."
"PASS: ""PV reduction eliminates loop momentum"
"Pg"" virtual diagram "1"; analytic loop integrals."
"PASS: ""all loop integrals evaluated"
"Pg"" virtual diagram "2"; contracting; memory = "230174144
"PASS: ""virtual interference has no open spin, color, or polarization objects"
"Pg"" virtual diagram "2"; PV reduction."
"PASS: ""PV reduction eliminates loop momentum"
"Pg"" virtual diagram "2"; analytic loop integrals."
"PASS: ""all loop integrals evaluated"
"Pg"" virtual diagram "3"; contracting; memory = "251198704
"PASS: ""virtual interference has no open spin, color, or polarization objects"
"Pg"" virtual diagram "3"; PV reduction."
"PASS: ""PV reduction eliminates loop momentum"
"Pg"" virtual diagram "3"; analytic loop integrals."
"PASS: ""all loop integrals evaluated"
"Pg"" virtual diagram "4"; contracting; memory = "402945344
"PASS: ""virtual interference has no open spin, color, or polarization objects"
"Pg"" virtual diagram "4"; PV reduction."
"PASS: ""PV reduction eliminates loop momentum"
"Pg"" virtual diagram "4"; analytic loop integrals."
"PASS: ""all loop integrals evaluated"
"Pg"" virtual diagram "5"; contracting; memory = "406725936
"PASS: ""virtual interference has no open spin, color, or polarization objects"
"Pg"" virtual diagram "5"; PV reduction."
"PASS: ""PV reduction eliminates loop momentum"
"Pg"" virtual diagram "5"; analytic loop integrals."
"PASS: ""all loop integrals evaluated"
"Pg"" virtual diagram "6"; contracting; memory = "407666968
"PASS: ""virtual interference has no open spin, color, or polarization objects"
"Pg"" virtual diagram "6"; PV reduction."
"PASS: ""PV reduction eliminates loop momentum"
"Pg"" virtual diagram "6"; analytic loop integrals."
"PASS: ""all loop integrals evaluated"
"Pg"" virtual diagram "7"; contracting; memory = "438749696
"PASS: ""virtual interference has no open spin, color, or polarization objects"
"Pg"" virtual diagram "7"; PV reduction."
"PASS: ""PV reduction eliminates loop momentum"
"Pg"" virtual diagram "7"; analytic loop integrals."
"PASS: ""all loop integrals evaluated"
"Pg"" virtual diagram "8"; contracting; memory = "443917264
"PASS: ""virtual interference has no open spin, color, or polarization objects"
"Pg"" virtual diagram "8"; PV reduction."
"PASS: ""PV reduction eliminates loop momentum"
"Pg"" virtual diagram "8"; analytic loop integrals."
"PASS: ""all loop integrals evaluated"
"Pg"" virtual diagram "9"; contracting; memory = "458924168
"PASS: ""virtual interference has no open spin, color, or polarization objects"
"Pg"" virtual diagram "9"; PV reduction."
"PASS: ""PV reduction eliminates loop momentum"
"Pg"" virtual diagram "9"; analytic loop integrals."
"PASS: ""all loop integrals evaluated"
"Pg"" virtual diagram "10"; contracting; memory = "462687192
"PASS: ""virtual interference has no open spin, color, or polarization objects"
"Pg"" virtual diagram "10"; PV reduction."
"PASS: ""PV reduction eliminates loop momentum"
"Pg"" virtual diagram "10"; analytic loop integrals."
"PASS: ""all loop integrals evaluated"
"Pg"" virtual diagram "11"; contracting; memory = "478674904
"PASS: ""virtual interference has no open spin, color, or polarization objects"
"Pg"" virtual diagram "11"; PV reduction."
"PASS: ""PV reduction eliminates loop momentum"
"Pg"" virtual diagram "11"; analytic loop integrals."
"PASS: ""all loop integrals evaluated"
"Pg"" virtual diagram "12"; contracting; memory = "572442912
"PASS: ""virtual interference has no open spin, color, or polarization objects"
"Pg"" virtual diagram "12"; PV reduction."
"PASS: ""PV reduction eliminates loop momentum"
"Pg"" virtual diagram "12"; analytic loop integrals."
"PASS: ""all loop integrals evaluated"
"Pg"" virtual diagram "13"; contracting; memory = "649847232
"PASS: ""virtual interference has no open spin, color, or polarization objects"
"Pg"" virtual diagram "13"; PV reduction."
"PASS: ""PV reduction eliminates loop momentum"
"Pg"" virtual diagram "13"; analytic loop integrals."
"PASS: ""all loop integrals evaluated"
"Pg"" virtual diagram "14"; contracting; memory = "696730080
"PASS: ""virtual interference has no open spin, color, or polarization objects"
"Pg"" virtual diagram "14"; PV reduction."
"PASS: ""PV reduction eliminates loop momentum"
"Pg"" virtual diagram "14"; analytic loop integrals."
"PASS: ""all loop integrals evaluated"
"Pg"" virtual diagram "15"; contracting; memory = "692099664
"PASS: ""virtual interference has no open spin, color, or polarization objects"
"Pg"" virtual diagram "15"; PV reduction."
"PASS: ""PV reduction eliminates loop momentum"
"Pg"" virtual diagram "15"; analytic loop integrals."
"PASS: ""all loop integrals evaluated"
"Ppp"" virtual diagram "1"; contracting; memory = "684126232
"PASS: ""virtual interference has no open spin, color, or polarization objects"
"Ppp"" virtual diagram "1"; PV reduction."
"PASS: ""PV reduction eliminates loop momentum"
"Ppp"" virtual diagram "1"; analytic loop integrals."
"PASS: ""all loop integrals evaluated"
"Ppp"" virtual diagram "2"; contracting; memory = "684541200
"PASS: ""virtual interference has no open spin, color, or polarization objects"
"Ppp"" virtual diagram "2"; PV reduction."
"PASS: ""PV reduction eliminates loop momentum"
"Ppp"" virtual diagram "2"; analytic loop integrals."
"PASS: ""all loop integrals evaluated"
"Ppp"" virtual diagram "3"; contracting; memory = "684871576
"PASS: ""virtual interference has no open spin, color, or polarization objects"
"Ppp"" virtual diagram "3"; PV reduction."
"PASS: ""PV reduction eliminates loop momentum"
"Ppp"" virtual diagram "3"; analytic loop integrals."
"PASS: ""all loop integrals evaluated"
"Ppp"" virtual diagram "4"; contracting; memory = "713782280
"PASS: ""virtual interference has no open spin, color, or polarization objects"
"Ppp"" virtual diagram "4"; PV reduction."
"PASS: ""PV reduction eliminates loop momentum"
"Ppp"" virtual diagram "4"; analytic loop integrals."
"PASS: ""all loop integrals evaluated"
"Ppp"" virtual diagram "5"; contracting; memory = "711981320
"PASS: ""virtual interference has no open spin, color, or polarization objects"
"Ppp"" virtual diagram "5"; PV reduction."
"PASS: ""PV reduction eliminates loop momentum"
"Ppp"" virtual diagram "5"; analytic loop integrals."
"PASS: ""all loop integrals evaluated"
"Ppp"" virtual diagram "6"; contracting; memory = "710057488
"PASS: ""virtual interference has no open spin, color, or polarization objects"
"Ppp"" virtual diagram "6"; PV reduction."
"PASS: ""PV reduction eliminates loop momentum"
"Ppp"" virtual diagram "6"; analytic loop integrals."
"PASS: ""all loop integrals evaluated"
"Ppp"" virtual diagram "7"; contracting; memory = "709588032
"PASS: ""virtual interference has no open spin, color, or polarization objects"
"Ppp"" virtual diagram "7"; PV reduction."
"PASS: ""PV reduction eliminates loop momentum"
"Ppp"" virtual diagram "7"; analytic loop integrals."
"PASS: ""all loop integrals evaluated"
"Ppp"" virtual diagram "8"; contracting; memory = "712331064
"PASS: ""virtual interference has no open spin, color, or polarization objects"
"Ppp"" virtual diagram "8"; PV reduction."
"PASS: ""PV reduction eliminates loop momentum"
"Ppp"" virtual diagram "8"; analytic loop integrals."
"PASS: ""all loop integrals evaluated"
"Ppp"" virtual diagram "9"; contracting; memory = "712156008
"PASS: ""virtual interference has no open spin, color, or polarization objects"
"Ppp"" virtual diagram "9"; PV reduction."
"PASS: ""PV reduction eliminates loop momentum"
"Ppp"" virtual diagram "9"; analytic loop integrals."
"PASS: ""all loop integrals evaluated"
"Ppp"" virtual diagram "10"; contracting; memory = "713839632
"PASS: ""virtual interference has no open spin, color, or polarization objects"
"Ppp"" virtual diagram "10"; PV reduction."
"PASS: ""PV reduction eliminates loop momentum"
"Ppp"" virtual diagram "10"; analytic loop integrals."
"PASS: ""all loop integrals evaluated"
"Ppp"" virtual diagram "11"; contracting; memory = "705635176
"PASS: ""virtual interference has no open spin, color, or polarization objects"
"Ppp"" virtual diagram "11"; PV reduction."
"PASS: ""PV reduction eliminates loop momentum"
"Ppp"" virtual diagram "11"; analytic loop integrals."
"PASS: ""all loop integrals evaluated"
"Ppp"" virtual diagram "12"; contracting; memory = "738598584
"PASS: ""virtual interference has no open spin, color, or polarization objects"
"Ppp"" virtual diagram "12"; PV reduction."
"PASS: ""PV reduction eliminates loop momentum"
"Ppp"" virtual diagram "12"; analytic loop integrals."
"PASS: ""all loop integrals evaluated"
"Ppp"" virtual diagram "13"; contracting; memory = "786910720
"PASS: ""virtual interference has no open spin, color, or polarization objects"
"Ppp"" virtual diagram "13"; PV reduction."
"PASS: ""PV reduction eliminates loop momentum"
"Ppp"" virtual diagram "13"; analytic loop integrals."
"PASS: ""all loop integrals evaluated"
"Ppp"" virtual diagram "14"; contracting; memory = "850292072
"PASS: ""virtual interference has no open spin, color, or polarization objects"
"Ppp"" virtual diagram "14"; PV reduction."
"PASS: ""PV reduction eliminates loop momentum"
"Ppp"" virtual diagram "14"; analytic loop integrals."
"PASS: ""all loop integrals evaluated"
"Ppp"" virtual diagram "15"; contracting; memory = "850463640
"PASS: ""virtual interference has no open spin, color, or polarization objects"
"Ppp"" virtual diagram "15"; PV reduction."
"PASS: ""PV reduction eliminates loop momentum"
"Ppp"" virtual diagram "15"; analytic loop integrals."
"PASS: ""all loop integrals evaluated"
"Wrote s06_result.wl; peak memory = "862052232" bytes."
