"PASS: ""splitting-function tool evaluated"
"PASS: ""kernel normalization is an exact constant"
"PASS: ""quark-to-gluon kernel agrees with paper Eq. 53"
"Splitting-function normalization: "InputForm[1/2]
"PASS: ""scaled invariants contain no unresolved scalar products"
"PASS: ""unscaled recoil is s23"
"PASS: ""convolution roots lie inside the partonic support"
"PASS: ""projector conversion does not depend on the tensor coefficients"
"PASS: ""plus mapping has a positive endpoint scale"
"PASS: ""auxiliary endpoint pole cancels"
"PASS: ""mapped convolution reconstructs its ordinary part"
"PASS: ""plus mapping has a positive endpoint scale"
"PASS: ""auxiliary endpoint pole cancels"
"PASS: ""mapped convolution reconstructs its ordinary part"
"PASS: ""mapped convolution reconstructs its ordinary part"
"PASS: ""plus mapping has a positive endpoint scale"
"PASS: ""auxiliary endpoint pole cancels"
"PASS: ""mapped convolution reconstructs its ordinary part"
"PASS: ""plus mapping has a positive endpoint scale"
"PASS: ""auxiliary endpoint pole cancels"
"PASS: ""mapped convolution reconstructs its ordinary part"
"PASS: ""mapped convolution reconstructs its ordinary part"
"Wrote s10_result.wl; peak memory = "250569768" bytes."
