"PASS: ""complete evaluated angular masters exist"
"PASS: ""regulated endpoint integral evaluated"
"Pg"" assembling distribution branch "1
"Pg"" branch "1" soft group "{1, -1}
"Pg"" branch "1" soft group "{2, -1}
"Pg"" branch "1" delta coefficient"
"Pg"" branch "1" plus coefficients"
"PASS: ""no higher logarithmic plus distribution survives"
"Pg"" branch "1" regular remainder"
"Pg"" distribution branch "1" saved."
"Pg"" assembling distribution branch "-1
"Pg"" branch "-1" soft group "{1, -1}
"Pg"" branch "-1" soft group "{2, -1}
"Pg"" branch "-1" delta coefficient"
"Pg"" branch "-1" plus coefficients"
"PASS: ""no higher logarithmic plus distribution survives"
"Pg"" branch "-1" regular remainder"
"Pg"" distribution branch "-1" saved."
"Ppp"" real term "1"/"147"; memory = "470946088
"PASS: ""one mixed denominator is massive"
"PASS: ""ordinary real term is fully evaluated"
"PASS: ""massive angular denominator stays separated at the soft endpoint"
"PASS: ""soft expansion is a Laurent series"
"PASS: ""soft coefficients contain no recoil variable"
"PASS: ""massive angular denominator stays separated at the soft endpoint"
"PASS: ""soft expansion is a Laurent series"
"PASS: ""soft coefficients contain no recoil variable"
"Ppp"" real term "2"/"147"; memory = "464808536
"PASS: ""ordinary real term is fully evaluated"
"PASS: ""massive angular denominator stays separated at the soft endpoint"
"PASS: ""soft expansion is a Laurent series"
"PASS: ""soft coefficients contain no recoil variable"
"PASS: ""massive angular denominator stays separated at the soft endpoint"
"PASS: ""soft expansion is a Laurent series"
"PASS: ""soft coefficients contain no recoil variable"
"Ppp"" real term "3"/"147"; memory = "450994376
"PASS: ""ordinary real term is fully evaluated"
"PASS: ""massive angular denominator stays separated at the soft endpoint"
"PASS: ""soft expansion is a Laurent series"
"PASS: ""soft coefficients contain no recoil variable"
"PASS: ""massive angular denominator stays separated at the soft endpoint"
"PASS: ""soft expansion is a Laurent series"
"PASS: ""soft coefficients contain no recoil variable"
"Ppp"" real term "4"/"147"; memory = "453162976
"PASS: ""ordinary real term is fully evaluated"
"PASS: ""massive angular denominator stays separated at the soft endpoint"
"PASS: ""soft expansion is a Laurent series"
"PASS: ""soft coefficients contain no recoil variable"
"PASS: ""massive angular denominator stays separated at the soft endpoint"
"PASS: ""soft expansion is a Laurent series"
"PASS: ""soft coefficients contain no recoil variable"
"Ppp"" real term "5"/"147"; memory = "452876448
"PASS: ""ordinary real term is fully evaluated"
"PASS: ""massive angular denominator stays separated at the soft endpoint"
"PASS: ""soft expansion is a Laurent series"
"PASS: ""soft coefficients contain no recoil variable"
"PASS: ""massive angular denominator stays separated at the soft endpoint"
"PASS: ""soft expansion is a Laurent series"
"PASS: ""soft coefficients contain no recoil variable"
"Ppp"" real term "6"/"147"; memory = "457922088
"PASS: ""ordinary real term is fully evaluated"
"PASS: ""massive angular denominator stays separated at the soft endpoint"
"PASS: ""soft expansion is a Laurent series"
"PASS: ""soft coefficients contain no recoil variable"
"PASS: ""massive angular denominator stays separated at the soft endpoint"
"PASS: ""soft expansion is a Laurent series"
"PASS: ""soft coefficients contain no recoil variable"
"Ppp"" real term "7"/"147"; memory = "465804288
"PASS: ""ordinary real term is fully evaluated"
"PASS: ""massive angular denominator stays separated at the soft endpoint"
"PASS: ""soft expansion is a Laurent series"
"PASS: ""soft coefficients contain no recoil variable"
"PASS: ""massive angular denominator stays separated at the soft endpoint"
"PASS: ""soft expansion is a Laurent series"
"PASS: ""soft coefficients contain no recoil variable"
"Ppp"" real term "8"/"147"; memory = "474127496
"PASS: ""ordinary real term is fully evaluated"
"PASS: ""massive angular denominator stays separated at the soft endpoint"
"PASS: ""soft expansion is a Laurent series"
"PASS: ""soft coefficients contain no recoil variable"
"PASS: ""massive angular denominator stays separated at the soft endpoint"
"PASS: ""soft expansion is a Laurent series"
"PASS: ""soft coefficients contain no recoil variable"
"Ppp"" real term "9"/"147"; memory = "472111104
"PASS: ""ordinary real term is fully evaluated"
"PASS: ""massive angular denominator stays separated at the soft endpoint"
"PASS: ""soft expansion is a Laurent series"
"PASS: ""soft coefficients contain no recoil variable"
"PASS: ""massive angular denominator stays separated at the soft endpoint"
"PASS: ""soft expansion is a Laurent series"
"PASS: ""soft coefficients contain no recoil variable"
"Ppp"" real term "10"/"147"; memory = "470978056
"PASS: ""ordinary real term is fully evaluated"
"PASS: ""massive angular denominator stays separated at the soft endpoint"
"PASS: ""soft expansion is a Laurent series"
"PASS: ""soft coefficients contain no recoil variable"
"PASS: ""massive angular denominator stays separated at the soft endpoint"
"PASS: ""soft expansion is a Laurent series"
"PASS: ""soft coefficients contain no recoil variable"
"Ppp"" real term "11"/"147"; memory = "221691072
"PASS: ""ordinary real term is fully evaluated"
"PASS: ""massive angular denominator stays separated at the soft endpoint"
"PASS: ""soft expansion is a Laurent series"
"PASS: ""soft coefficients contain no recoil variable"
"PASS: ""massive angular denominator stays separated at the soft endpoint"
"PASS: ""soft expansion is a Laurent series"
"PASS: ""soft coefficients contain no recoil variable"
"Ppp"" real term "12"/"147"; memory = "241005688
"PASS: ""ordinary real term is fully evaluated"
"PASS: ""massive angular denominator stays separated at the soft endpoint"
"PASS: ""soft expansion is a Laurent series"
"PASS: ""soft coefficients contain no recoil variable"
"PASS: ""massive angular denominator stays separated at the soft endpoint"
"PASS: ""soft expansion is a Laurent series"
"PASS: ""soft coefficients contain no recoil variable"
"Ppp"" real term "13"/"147"; memory = "254433984
"PASS: ""ordinary real term is fully evaluated"
"PASS: ""massive angular denominator stays separated at the soft endpoint"
"PASS: ""soft expansion is a Laurent series"
"PASS: ""soft coefficients contain no recoil variable"
"PASS: ""massive angular denominator stays separated at the soft endpoint"
"PASS: ""soft expansion is a Laurent series"
"PASS: ""soft coefficients contain no recoil variable"
"Ppp"" real term "14"/"147"; memory = "255608104
"PASS: ""ordinary real term is fully evaluated"
"PASS: ""massive angular denominator stays separated at the soft endpoint"
"PASS: ""soft expansion is a Laurent series"
"PASS: ""soft coefficients contain no recoil variable"
"PASS: ""massive angular denominator stays separated at the soft endpoint"
"PASS: ""soft expansion is a Laurent series"
"PASS: ""soft coefficients contain no recoil variable"
"Ppp"" real term "15"/"147"; memory = "262276312
"PASS: ""ordinary real term is fully evaluated"
"PASS: ""massive angular denominator stays separated at the soft endpoint"
"PASS: ""soft expansion is a Laurent series"
"PASS: ""soft coefficients contain no recoil variable"
"PASS: ""massive angular denominator stays separated at the soft endpoint"
"PASS: ""soft expansion is a Laurent series"
"PASS: ""soft coefficients contain no recoil variable"
"Ppp"" real term "16"/"147"; memory = "274618904
"PASS: ""ordinary real term is fully evaluated"
"PASS: ""massive angular denominator stays separated at the soft endpoint"
"PASS: ""soft expansion is a Laurent series"
"PASS: ""soft coefficients contain no recoil variable"
"PASS: ""massive angular denominator stays separated at the soft endpoint"
"PASS: ""soft expansion is a Laurent series"
"PASS: ""soft coefficients contain no recoil variable"
"Ppp"" real term "17"/"147"; memory = "283113944
"PASS: ""ordinary real term is fully evaluated"
"PASS: ""massive angular denominator stays separated at the soft endpoint"
"PASS: ""soft expansion is a Laurent series"
"PASS: ""soft coefficients contain no recoil variable"
"PASS: ""massive angular denominator stays separated at the soft endpoint"
"PASS: ""soft expansion is a Laurent series"
"PASS: ""soft coefficients contain no recoil variable"
"Ppp"" real term "18"/"147"; memory = "288171856
"PASS: ""ordinary real term is fully evaluated"
"PASS: ""massive angular denominator stays separated at the soft endpoint"
"PASS: ""soft expansion is a Laurent series"
"PASS: ""soft coefficients contain no recoil variable"
"PASS: ""massive angular denominator stays separated at the soft endpoint"
"PASS: ""soft expansion is a Laurent series"
"PASS: ""soft coefficients contain no recoil variable"
"Ppp"" real term "19"/"147"; memory = "290652840
"PASS: ""ordinary real term is fully evaluated"
"PASS: ""massive angular denominator stays separated at the soft endpoint"
"PASS: ""massive angular denominator stays separated at the soft endpoint"
"Ppp"" real term "20"/"147"; memory = "312400416
"PASS: ""ordinary real term is fully evaluated"
"PASS: ""massive angular denominator stays separated at the soft endpoint"
"PASS: ""soft expansion is a Laurent series"
"PASS: ""soft coefficients contain no recoil variable"
"PASS: ""massive angular denominator stays separated at the soft endpoint"
"PASS: ""soft expansion is a Laurent series"
"PASS: ""soft coefficients contain no recoil variable"
"Ppp"" real term "21"/"147"; memory = "223427632
"PASS: ""ordinary real term is fully evaluated"
"PASS: ""massive angular denominator stays separated at the soft endpoint"
"PASS: ""soft expansion is a Laurent series"
"PASS: ""soft coefficients contain no recoil variable"
"PASS: ""massive angular denominator stays separated at the soft endpoint"
"PASS: ""soft expansion is a Laurent series"
"PASS: ""soft coefficients contain no recoil variable"
"Ppp"" real term "22"/"147"; memory = "252974784
"PASS: ""ordinary real term is fully evaluated"
"PASS: ""massive angular denominator stays separated at the soft endpoint"
"PASS: ""soft expansion is a Laurent series"
"PASS: ""soft coefficients contain no recoil variable"
"PASS: ""massive angular denominator stays separated at the soft endpoint"
"PASS: ""soft expansion is a Laurent series"
"PASS: ""soft coefficients contain no recoil variable"
"Ppp"" real term "23"/"147"; memory = "273021160
"PASS: ""ordinary real term is fully evaluated"
"PASS: ""massive angular denominator stays separated at the soft endpoint"
"PASS: ""soft expansion is a Laurent series"
"PASS: ""soft coefficients contain no recoil variable"
"PASS: ""massive angular denominator stays separated at the soft endpoint"
"PASS: ""soft expansion is a Laurent series"
"PASS: ""soft coefficients contain no recoil variable"
"Ppp"" real term "24"/"147"; memory = "288267824
"PASS: ""ordinary real term is fully evaluated"
"PASS: ""massive angular denominator stays separated at the soft endpoint"
"PASS: ""soft expansion is a Laurent series"
"PASS: ""soft coefficients contain no recoil variable"
"PASS: ""massive angular denominator stays separated at the soft endpoint"
"PASS: ""soft expansion is a Laurent series"
"PASS: ""soft coefficients contain no recoil variable"
"Ppp"" real term "25"/"147"; memory = "292286624
"PASS: ""ordinary real term is fully evaluated"
"PASS: ""massive angular denominator stays separated at the soft endpoint"
"PASS: ""soft expansion is a Laurent series"
"Simplified recoil-log coefficients: "InputForm[{0}]
"PASS: ""soft coefficients contain no recoil variable"
"PASS: ""massive angular denominator stays separated at the soft endpoint"
"PASS: ""soft expansion is a Laurent series"
"PASS: ""soft coefficients contain no recoil variable"
"Ppp"" real term "26"/"147"; memory = "310087928
"PASS: ""ordinary real term is fully evaluated"
"PASS: ""massive angular denominator stays separated at the soft endpoint"
"PASS: ""massive angular denominator stays separated at the soft endpoint"
"Ppp"" real term "27"/"147"; memory = "379969456
"PASS: ""ordinary real term is fully evaluated"
"PASS: ""massive angular denominator stays separated at the soft endpoint"
"PASS: ""massive angular denominator stays separated at the soft endpoint"
"Ppp"" real term "28"/"147"; memory = "391424448
"PASS: ""ordinary real term is fully evaluated"
"PASS: ""massive angular denominator stays separated at the soft endpoint"
"PASS: ""massive angular denominator stays separated at the soft endpoint"
"Ppp"" real term "29"/"147"; memory = "386602360
"PASS: ""ordinary real term is fully evaluated"
"PASS: ""massive angular denominator stays separated at the soft endpoint"
"PASS: ""massive angular denominator stays separated at the soft endpoint"
"Ppp"" real term "30"/"147"; memory = "387421784
"PASS: ""ordinary real term is fully evaluated"
"PASS: ""massive angular denominator stays separated at the soft endpoint"
"PASS: ""massive angular denominator stays separated at the soft endpoint"
"Ppp"" real term "31"/"147"; memory = "229610432
"PASS: ""ordinary real term is fully evaluated"
"PASS: ""massive angular denominator stays separated at the soft endpoint"
"PASS: ""massive angular denominator stays separated at the soft endpoint"
"Ppp"" real term "32"/"147"; memory = "233095824
"PASS: ""ordinary real term is fully evaluated"
"PASS: ""massive angular denominator stays separated at the soft endpoint"
"PASS: ""massive angular denominator stays separated at the soft endpoint"
"Ppp"" real term "33"/"147"; memory = "275916552
"PASS: ""ordinary real term is fully evaluated"
"PASS: ""endpoint valuation is rational"
"PASS: ""soft expansion is a Laurent series"
"PASS: ""soft coefficients contain no recoil variable"
"PASS: ""endpoint valuation is rational"
"PASS: ""soft expansion is a Laurent series"
"PASS: ""soft coefficients contain no recoil variable"
"Ppp"" real term "34"/"147"; memory = "276203432
"PASS: ""ordinary real term is fully evaluated"
"PASS: ""endpoint valuation is rational"
"PASS: ""soft expansion is a Laurent series"
"PASS: ""soft coefficients contain no recoil variable"
"PASS: ""endpoint valuation is rational"
"PASS: ""soft expansion is a Laurent series"
"PASS: ""soft coefficients contain no recoil variable"
"Ppp"" real term "35"/"147"; memory = "276758640
"PASS: ""ordinary real term is fully evaluated"
"PASS: ""endpoint valuation is rational"
"PASS: ""soft expansion is a Laurent series"
"PASS: ""soft coefficients contain no recoil variable"
"PASS: ""endpoint valuation is rational"
"PASS: ""soft expansion is a Laurent series"
"PASS: ""soft coefficients contain no recoil variable"
"Ppp"" real term "36"/"147"; memory = "279669880
"PASS: ""ordinary real term is fully evaluated"
"PASS: ""endpoint valuation is rational"
"PASS: ""soft expansion is a Laurent series"
"PASS: ""soft coefficients contain no recoil variable"
"PASS: ""endpoint valuation is rational"
"PASS: ""soft expansion is a Laurent series"
"PASS: ""soft coefficients contain no recoil variable"
"Ppp"" real term "37"/"147"; memory = "280665752
"PASS: ""ordinary real term is fully evaluated"
"PASS: ""endpoint valuation is rational"
"PASS: ""soft expansion is a Laurent series"
"PASS: ""soft coefficients contain no recoil variable"
"PASS: ""endpoint valuation is rational"
"PASS: ""soft expansion is a Laurent series"
"PASS: ""soft coefficients contain no recoil variable"
"Ppp"" real term "38"/"147"; memory = "283375816
"PASS: ""ordinary real term is fully evaluated"
"PASS: ""endpoint valuation is rational"
"PASS: ""soft expansion is a Laurent series"
"PASS: ""soft coefficients contain no recoil variable"
"PASS: ""endpoint valuation is rational"
"PASS: ""soft expansion is a Laurent series"
"PASS: ""soft coefficients contain no recoil variable"
"Ppp"" real term "39"/"147"; memory = "286641112
"PASS: ""ordinary real term is fully evaluated"
"PASS: ""endpoint valuation is rational"
"PASS: ""soft expansion is a Laurent series"
"PASS: ""soft coefficients contain no recoil variable"
"PASS: ""endpoint valuation is rational"
"PASS: ""soft expansion is a Laurent series"
"PASS: ""soft coefficients contain no recoil variable"
"Ppp"" real term "40"/"147"; memory = "290124528
"PASS: ""ordinary real term is fully evaluated"
"PASS: ""endpoint valuation is rational"
"PASS: ""soft expansion is a Laurent series"
"PASS: ""soft coefficients contain no recoil variable"
"PASS: ""endpoint valuation is rational"
"PASS: ""soft expansion is a Laurent series"
"PASS: ""soft coefficients contain no recoil variable"
"Ppp"" real term "41"/"147"; memory = "229922704
"PASS: ""ordinary real term is fully evaluated"
"PASS: ""endpoint valuation is rational"
"PASS: ""soft expansion is a Laurent series"
"PASS: ""soft coefficients contain no recoil variable"
"PASS: ""endpoint valuation is rational"
"PASS: ""soft expansion is a Laurent series"
"PASS: ""soft coefficients contain no recoil variable"
"Ppp"" real term "42"/"147"; memory = "239301584
"PASS: ""ordinary real term is fully evaluated"
"PASS: ""endpoint valuation is rational"
"PASS: ""soft expansion is a Laurent series"
"PASS: ""soft coefficients contain no recoil variable"
"PASS: ""endpoint valuation is rational"
"PASS: ""soft expansion is a Laurent series"
"PASS: ""soft coefficients contain no recoil variable"
"Ppp"" real term "43"/"147"; memory = "250115768
"PASS: ""ordinary real term is fully evaluated"
"PASS: ""endpoint valuation is rational"
"PASS: ""soft expansion is a Laurent series"
"PASS: ""soft coefficients contain no recoil variable"
"PASS: ""endpoint valuation is rational"
"PASS: ""soft expansion is a Laurent series"
"PASS: ""soft coefficients contain no recoil variable"
"Ppp"" real term "44"/"147"; memory = "255198312
"PASS: ""ordinary real term is fully evaluated"
"PASS: ""endpoint valuation is rational"
"PASS: ""soft expansion is a Laurent series"
"PASS: ""soft coefficients contain no recoil variable"
"PASS: ""endpoint valuation is rational"
"PASS: ""soft expansion is a Laurent series"
"PASS: ""soft coefficients contain no recoil variable"
"Ppp"" real term "45"/"147"; memory = "260834632
"PASS: ""ordinary real term is fully evaluated"
"PASS: ""endpoint valuation is rational"
"PASS: ""soft expansion is a Laurent series"
"PASS: ""soft coefficients contain no recoil variable"
"PASS: ""endpoint valuation is rational"
"PASS: ""soft expansion is a Laurent series"
"PASS: ""soft coefficients contain no recoil variable"
"Ppp"" real term "46"/"147"; memory = "262399128
"PASS: ""ordinary real term is fully evaluated"
"PASS: ""endpoint valuation is rational"
"PASS: ""soft expansion is a Laurent series"
"PASS: ""soft coefficients contain no recoil variable"
"PASS: ""endpoint valuation is rational"
"PASS: ""soft expansion is a Laurent series"
"PASS: ""soft coefficients contain no recoil variable"
"Ppp"" real term "47"/"147"; memory = "265679432
"PASS: ""ordinary real term is fully evaluated"
"PASS: ""endpoint valuation is rational"
"PASS: ""soft expansion is a Laurent series"
"PASS: ""soft coefficients contain no recoil variable"
"PASS: ""endpoint valuation is rational"
"PASS: ""soft expansion is a Laurent series"
"PASS: ""soft coefficients contain no recoil variable"
"Ppp"" real term "48"/"147"; memory = "271552016
"PASS: ""ordinary real term is fully evaluated"
"PASS: ""endpoint valuation is rational"
"PASS: ""soft expansion is a Laurent series"
"PASS: ""soft coefficients contain no recoil variable"
"PASS: ""endpoint valuation is rational"
"PASS: ""soft expansion is a Laurent series"
"PASS: ""soft coefficients contain no recoil variable"
"Ppp"" real term "49"/"147"; memory = "275227816
"PASS: ""ordinary real term is fully evaluated"
"PASS: ""endpoint valuation is rational"
"PASS: ""soft expansion is a Laurent series"
"PASS: ""soft coefficients contain no recoil variable"
"PASS: ""endpoint valuation is rational"
"PASS: ""soft expansion is a Laurent series"
"PASS: ""soft coefficients contain no recoil variable"
"Ppp"" real term "50"/"147"; memory = "277244016
"PASS: ""ordinary real term is fully evaluated"
"PASS: ""endpoint valuation is rational"
"PASS: ""soft expansion is a Laurent series"
"PASS: ""soft coefficients contain no recoil variable"
"PASS: ""endpoint valuation is rational"
"PASS: ""soft expansion is a Laurent series"
"PASS: ""soft coefficients contain no recoil variable"
"Ppp"" real term "51"/"147"; memory = "230343312
"PASS: ""ordinary real term is fully evaluated"
"PASS: ""endpoint valuation is rational"
"PASS: ""soft expansion is a Laurent series"
"PASS: ""soft coefficients contain no recoil variable"
"PASS: ""endpoint valuation is rational"
"PASS: ""soft expansion is a Laurent series"
"PASS: ""soft coefficients contain no recoil variable"
"Ppp"" real term "52"/"147"; memory = "238919376
"PASS: ""ordinary real term is fully evaluated"
"PASS: ""endpoint valuation is rational"
"PASS: ""soft expansion is a Laurent series"
"PASS: ""soft coefficients contain no recoil variable"
"PASS: ""endpoint valuation is rational"
"PASS: ""soft expansion is a Laurent series"
"PASS: ""soft coefficients contain no recoil variable"
"Ppp"" real term "53"/"147"; memory = "247389976
"PASS: ""ordinary real term is fully evaluated"
"PASS: ""endpoint valuation is rational"
"PASS: ""soft expansion is a Laurent series"
"PASS: ""soft coefficients contain no recoil variable"
"PASS: ""endpoint valuation is rational"
"PASS: ""soft expansion is a Laurent series"
"PASS: ""soft coefficients contain no recoil variable"
"Ppp"" real term "54"/"147"; memory = "254341136
"PASS: ""ordinary real term is fully evaluated"
"PASS: ""endpoint valuation is rational"
"PASS: ""soft expansion is a Laurent series"
"PASS: ""soft coefficients contain no recoil variable"
"PASS: ""endpoint valuation is rational"
"PASS: ""soft expansion is a Laurent series"
"PASS: ""soft coefficients contain no recoil variable"
"Ppp"" real term "55"/"147"; memory = "258366728
"PASS: ""ordinary real term is fully evaluated"
"PASS: ""endpoint valuation is rational"
"PASS: ""soft expansion is a Laurent series"
"PASS: ""soft coefficients contain no recoil variable"
"PASS: ""endpoint valuation is rational"
"PASS: ""soft expansion is a Laurent series"
"PASS: ""soft coefficients contain no recoil variable"
"Ppp"" real term "56"/"147"; memory = "260390576
"PASS: ""ordinary real term is fully evaluated"
"PASS: ""endpoint valuation is rational"
"PASS: ""massless soft argument is a hypergeometric endpoint"
"PASS: ""endpoint valuation is rational"
"PASS: ""coalescing variable has a positive regular factor"
"PASS: ""soft expansion is a Laurent series"
"PASS: ""soft coefficients contain no recoil variable"
"PASS: ""endpoint valuation is rational"
"PASS: ""massless soft argument is a hypergeometric endpoint"
"PASS: ""endpoint valuation is rational"
"PASS: ""coalescing variable has a positive regular factor"
"PASS: ""soft expansion is a Laurent series"
"PASS: ""soft coefficients contain no recoil variable"
"Ppp"" real term "57"/"147"; memory = "263881200
"PASS: ""one mixed denominator is massive"
"PASS: ""ordinary real term is fully evaluated"
"PASS: ""massive angular denominator stays separated at the soft endpoint"
"PASS: ""massive angular denominator stays separated at the soft endpoint"
"Ppp"" real term "58"/"147"; memory = "301078056
"PASS: ""ordinary real term is fully evaluated"
"PASS: ""massive angular denominator stays separated at the soft endpoint"
"PASS: ""soft expansion is a Laurent series"
"PASS: ""soft coefficients contain no recoil variable"
"PASS: ""massive angular denominator stays separated at the soft endpoint"
"PASS: ""soft expansion is a Laurent series"
"PASS: ""soft coefficients contain no recoil variable"
"Ppp"" real term "59"/"147"; memory = "301254448
"PASS: ""ordinary real term is fully evaluated"
"PASS: ""massive angular denominator stays separated at the soft endpoint"
"PASS: ""soft expansion is a Laurent series"
"PASS: ""soft coefficients contain no recoil variable"
"PASS: ""massive angular denominator stays separated at the soft endpoint"
"PASS: ""soft expansion is a Laurent series"
"PASS: ""soft coefficients contain no recoil variable"
"Ppp"" real term "60"/"147"; memory = "321499896
"PASS: ""ordinary real term is fully evaluated"
"PASS: ""massive angular denominator stays separated at the soft endpoint"
"PASS: ""soft expansion is a Laurent series"
"PASS: ""soft coefficients contain no recoil variable"
"PASS: ""massive angular denominator stays separated at the soft endpoint"
"PASS: ""soft expansion is a Laurent series"
"PASS: ""soft coefficients contain no recoil variable"
"Ppp"" real term "61"/"147"; memory = "230984776
"PASS: ""ordinary real term is fully evaluated"
"PASS: ""massive angular denominator stays separated at the soft endpoint"
"PASS: ""soft expansion is a Laurent series"
"PASS: ""soft coefficients contain no recoil variable"
"PASS: ""massive angular denominator stays separated at the soft endpoint"
"PASS: ""soft expansion is a Laurent series"
"PASS: ""soft coefficients contain no recoil variable"
"Ppp"" real term "62"/"147"; memory = "235654088
"PASS: ""ordinary real term is fully evaluated"
"PASS: ""massive angular denominator stays separated at the soft endpoint"
"PASS: ""soft expansion is a Laurent series"
"PASS: ""soft coefficients contain no recoil variable"
"PASS: ""massive angular denominator stays separated at the soft endpoint"
"PASS: ""soft expansion is a Laurent series"
"PASS: ""soft coefficients contain no recoil variable"
"Ppp"" real term "63"/"147"; memory = "254927488
"PASS: ""ordinary real term is fully evaluated"
"PASS: ""massive angular denominator stays separated at the soft endpoint"
"PASS: ""soft expansion is a Laurent series"
"PASS: ""soft coefficients contain no recoil variable"
"PASS: ""massive angular denominator stays separated at the soft endpoint"
"PASS: ""soft expansion is a Laurent series"
"PASS: ""soft coefficients contain no recoil variable"
"Ppp"" real term "64"/"147"; memory = "258410384
"PASS: ""ordinary real term is fully evaluated"
"PASS: ""massive angular denominator stays separated at the soft endpoint"
"PASS: ""soft expansion is a Laurent series"
"PASS: ""soft coefficients contain no recoil variable"
"PASS: ""massive angular denominator stays separated at the soft endpoint"
"PASS: ""soft expansion is a Laurent series"
"PASS: ""soft coefficients contain no recoil variable"
"Ppp"" real term "65"/"147"; memory = "262023712
"PASS: ""ordinary real term is fully evaluated"
"PASS: ""massive angular denominator stays separated at the soft endpoint"
"PASS: ""soft expansion is a Laurent series"
"PASS: ""soft coefficients contain no recoil variable"
"PASS: ""massive angular denominator stays separated at the soft endpoint"
"PASS: ""soft expansion is a Laurent series"
"PASS: ""soft coefficients contain no recoil variable"
"Ppp"" real term "66"/"147"; memory = "266640288
"PASS: ""ordinary real term is fully evaluated"
"PASS: ""massive angular denominator stays separated at the soft endpoint"
"PASS: ""soft expansion is a Laurent series"
"PASS: ""soft coefficients contain no recoil variable"
"PASS: ""massive angular denominator stays separated at the soft endpoint"
"PASS: ""soft expansion is a Laurent series"
"PASS: ""soft coefficients contain no recoil variable"
"Ppp"" real term "67"/"147"; memory = "281715208
"PASS: ""ordinary real term is fully evaluated"
"PASS: ""massive angular denominator stays separated at the soft endpoint"
"PASS: ""soft expansion is a Laurent series"
"PASS: ""soft coefficients contain no recoil variable"
"PASS: ""massive angular denominator stays separated at the soft endpoint"
"PASS: ""soft expansion is a Laurent series"
"PASS: ""soft coefficients contain no recoil variable"
"Ppp"" real term "68"/"147"; memory = "283629992
"PASS: ""ordinary real term is fully evaluated"
"PASS: ""massive angular denominator stays separated at the soft endpoint"
"PASS: ""soft expansion is a Laurent series"
"PASS: ""soft coefficients contain no recoil variable"
"PASS: ""massive angular denominator stays separated at the soft endpoint"
"PASS: ""soft expansion is a Laurent series"
"PASS: ""soft coefficients contain no recoil variable"
"Ppp"" real term "69"/"147"; memory = "287000328
"PASS: ""ordinary real term is fully evaluated"
"PASS: ""massive angular denominator stays separated at the soft endpoint"
"PASS: ""soft expansion is a Laurent series"
"PASS: ""soft coefficients contain no recoil variable"
"PASS: ""massive angular denominator stays separated at the soft endpoint"
"PASS: ""soft expansion is a Laurent series"
"PASS: ""soft coefficients contain no recoil variable"
"Ppp"" real term "70"/"147"; memory = "291802392
"PASS: ""ordinary real term is fully evaluated"
"PASS: ""massive angular denominator stays separated at the soft endpoint"
"PASS: ""soft expansion is a Laurent series"
"PASS: ""soft coefficients contain no recoil variable"
"PASS: ""massive angular denominator stays separated at the soft endpoint"
"PASS: ""soft expansion is a Laurent series"
"PASS: ""soft coefficients contain no recoil variable"
"Ppp"" real term "71"/"147"; memory = "231422224
"PASS: ""ordinary real term is fully evaluated"
"PASS: ""massive angular denominator stays separated at the soft endpoint"
"PASS: ""soft expansion is a Laurent series"
"PASS: ""soft coefficients contain no recoil variable"
"PASS: ""massive angular denominator stays separated at the soft endpoint"
"PASS: ""soft expansion is a Laurent series"
"PASS: ""soft coefficients contain no recoil variable"
"Ppp"" real term "72"/"147"; memory = "248598208
"PASS: ""ordinary real term is fully evaluated"
"PASS: ""massive angular denominator stays separated at the soft endpoint"
"PASS: ""soft expansion is a Laurent series"
"PASS: ""soft coefficients contain no recoil variable"
"PASS: ""massive angular denominator stays separated at the soft endpoint"
"PASS: ""soft expansion is a Laurent series"
"PASS: ""soft coefficients contain no recoil variable"
"Ppp"" real term "73"/"147"; memory = "251297528
"PASS: ""ordinary real term is fully evaluated"
"PASS: ""massive angular denominator stays separated at the soft endpoint"
"PASS: ""soft expansion is a Laurent series"
"PASS: ""soft coefficients contain no recoil variable"
"PASS: ""massive angular denominator stays separated at the soft endpoint"
"PASS: ""soft expansion is a Laurent series"
"PASS: ""soft coefficients contain no recoil variable"
"Ppp"" real term "74"/"147"; memory = "255337752
"PASS: ""ordinary real term is fully evaluated"
"PASS: ""massive angular denominator stays separated at the soft endpoint"
"PASS: ""soft expansion is a Laurent series"
"PASS: ""soft coefficients contain no recoil variable"
"PASS: ""massive angular denominator stays separated at the soft endpoint"
"PASS: ""soft expansion is a Laurent series"
"PASS: ""soft coefficients contain no recoil variable"
"Ppp"" real term "75"/"147"; memory = "261767440
"PASS: ""ordinary real term is fully evaluated"
"PASS: ""massive angular denominator stays separated at the soft endpoint"
"PASS: ""soft expansion is a Laurent series"
"PASS: ""soft coefficients contain no recoil variable"
"PASS: ""massive angular denominator stays separated at the soft endpoint"
"PASS: ""soft expansion is a Laurent series"
"PASS: ""soft coefficients contain no recoil variable"
"Ppp"" real term "76"/"147"; memory = "265861728
"PASS: ""ordinary real term is fully evaluated"
"PASS: ""massive angular denominator stays separated at the soft endpoint"
"PASS: ""soft expansion is a Laurent series"
"PASS: ""soft coefficients contain no recoil variable"
"PASS: ""massive angular denominator stays separated at the soft endpoint"
"PASS: ""soft expansion is a Laurent series"
"PASS: ""soft coefficients contain no recoil variable"
"Ppp"" real term "77"/"147"; memory = "268609384
"PASS: ""ordinary real term is fully evaluated"
"PASS: ""massive angular denominator stays separated at the soft endpoint"
"PASS: ""soft expansion is a Laurent series"
"PASS: ""soft coefficients contain no recoil variable"
"PASS: ""massive angular denominator stays separated at the soft endpoint"
"PASS: ""soft expansion is a Laurent series"
"PASS: ""soft coefficients contain no recoil variable"
"Ppp"" real term "78"/"147"; memory = "270596480
"PASS: ""ordinary real term is fully evaluated"
"PASS: ""massive angular denominator stays separated at the soft endpoint"
"PASS: ""soft expansion is a Laurent series"
"PASS: ""soft coefficients contain no recoil variable"
"PASS: ""massive angular denominator stays separated at the soft endpoint"
"PASS: ""soft expansion is a Laurent series"
"PASS: ""soft coefficients contain no recoil variable"
"Ppp"" real term "79"/"147"; memory = "279920816
"PASS: ""ordinary real term is fully evaluated"
"PASS: ""massive angular denominator stays separated at the soft endpoint"
"PASS: ""soft expansion is a Laurent series"
"PASS: ""soft coefficients contain no recoil variable"
"PASS: ""massive angular denominator stays separated at the soft endpoint"
"PASS: ""soft expansion is a Laurent series"
"PASS: ""soft coefficients contain no recoil variable"
"Ppp"" real term "80"/"147"; memory = "290962872
"PASS: ""ordinary real term is fully evaluated"
"PASS: ""massive angular denominator stays separated at the soft endpoint"
"PASS: ""soft expansion is a Laurent series"
"PASS: ""soft coefficients contain no recoil variable"
"PASS: ""massive angular denominator stays separated at the soft endpoint"
"PASS: ""soft expansion is a Laurent series"
"PASS: ""soft coefficients contain no recoil variable"
"Ppp"" real term "81"/"147"; memory = "231850928
"PASS: ""ordinary real term is fully evaluated"
"PASS: ""massive angular denominator stays separated at the soft endpoint"
"PASS: ""soft expansion is a Laurent series"
"PASS: ""soft coefficients contain no recoil variable"
"PASS: ""massive angular denominator stays separated at the soft endpoint"
"PASS: ""soft expansion is a Laurent series"
"PASS: ""soft coefficients contain no recoil variable"
"Ppp"" real term "82"/"147"; memory = "235208512
"PASS: ""ordinary real term is fully evaluated"
"PASS: ""massive angular denominator stays separated at the soft endpoint"
"PASS: ""soft expansion is a Laurent series"
"PASS: ""soft coefficients contain no recoil variable"
"PASS: ""massive angular denominator stays separated at the soft endpoint"
"PASS: ""soft expansion is a Laurent series"
"PASS: ""soft coefficients contain no recoil variable"
"Ppp"" real term "83"/"147"; memory = "236509968
"PASS: ""ordinary real term is fully evaluated"
"PASS: ""massive angular denominator stays separated at the soft endpoint"
"PASS: ""soft expansion is a Laurent series"
"Simplified recoil-log coefficients: "InputForm[{0}]
"PASS: ""soft coefficients contain no recoil variable"
"PASS: ""massive angular denominator stays separated at the soft endpoint"
"PASS: ""soft expansion is a Laurent series"
"PASS: ""soft coefficients contain no recoil variable"
"Ppp"" real term "84"/"147"; memory = "269070800
"PASS: ""ordinary real term is fully evaluated"
"PASS: ""massive angular denominator stays separated at the soft endpoint"
"PASS: ""massive angular denominator stays separated at the soft endpoint"
"Ppp"" real term "85"/"147"; memory = "378788448
"PASS: ""ordinary real term is fully evaluated"
"PASS: ""massive angular denominator stays separated at the soft endpoint"
"PASS: ""massive angular denominator stays separated at the soft endpoint"
"Ppp"" real term "86"/"147"; memory = "401032088
"PASS: ""ordinary real term is fully evaluated"
"PASS: ""massive angular denominator stays separated at the soft endpoint"
"PASS: ""massive angular denominator stays separated at the soft endpoint"
"Ppp"" real term "87"/"147"; memory = "396750752
"PASS: ""ordinary real term is fully evaluated"
"PASS: ""massive angular denominator stays separated at the soft endpoint"
"PASS: ""massive angular denominator stays separated at the soft endpoint"
"Ppp"" real term "88"/"147"; memory = "401209136
"PASS: ""ordinary real term is fully evaluated"
"PASS: ""massive angular denominator stays separated at the soft endpoint"
"PASS: ""massive angular denominator stays separated at the soft endpoint"
"Ppp"" real term "89"/"147"; memory = "399590384
"PASS: ""ordinary real term is fully evaluated"
"PASS: ""massive angular denominator stays separated at the soft endpoint"
"PASS: ""massive angular denominator stays separated at the soft endpoint"
"Ppp"" real term "90"/"147"; memory = "399271664
"PASS: ""ordinary real term is fully evaluated"
"PASS: ""massive angular denominator stays separated at the soft endpoint"
"PASS: ""massive angular denominator stays separated at the soft endpoint"
"Ppp"" real term "91"/"147"; memory = "232114544
"PASS: ""ordinary real term is fully evaluated"
"PASS: ""endpoint valuation is rational"
"PASS: ""soft expansion is a Laurent series"
"PASS: ""soft coefficients contain no recoil variable"
"PASS: ""endpoint valuation is rational"
"PASS: ""soft expansion is a Laurent series"
"PASS: ""soft coefficients contain no recoil variable"
"Ppp"" real term "92"/"147"; memory = "235373272
"PASS: ""ordinary real term is fully evaluated"
"PASS: ""endpoint valuation is rational"
"PASS: ""soft expansion is a Laurent series"
"PASS: ""soft coefficients contain no recoil variable"
"PASS: ""endpoint valuation is rational"
"PASS: ""soft expansion is a Laurent series"
"PASS: ""soft coefficients contain no recoil variable"
"Ppp"" real term "93"/"147"; memory = "236813120
"PASS: ""ordinary real term is fully evaluated"
"PASS: ""endpoint valuation is rational"
"PASS: ""soft expansion is a Laurent series"
"PASS: ""soft coefficients contain no recoil variable"
"PASS: ""endpoint valuation is rational"
"PASS: ""soft expansion is a Laurent series"
"PASS: ""soft coefficients contain no recoil variable"
"Ppp"" real term "94"/"147"; memory = "243808312
"PASS: ""ordinary real term is fully evaluated"
"PASS: ""endpoint valuation is rational"
"PASS: ""soft expansion is a Laurent series"
"PASS: ""soft coefficients contain no recoil variable"
"PASS: ""endpoint valuation is rational"
"PASS: ""soft expansion is a Laurent series"
"PASS: ""soft coefficients contain no recoil variable"
"Ppp"" real term "95"/"147"; memory = "247881064
"PASS: ""ordinary real term is fully evaluated"
"PASS: ""endpoint valuation is rational"
"PASS: ""soft expansion is a Laurent series"
"PASS: ""soft coefficients contain no recoil variable"
"PASS: ""endpoint valuation is rational"
"PASS: ""soft expansion is a Laurent series"
"PASS: ""soft coefficients contain no recoil variable"
"Ppp"" real term "96"/"147"; memory = "254215352
"PASS: ""ordinary real term is fully evaluated"
"PASS: ""endpoint valuation is rational"
"PASS: ""soft expansion is a Laurent series"
"PASS: ""soft coefficients contain no recoil variable"
"PASS: ""endpoint valuation is rational"
"PASS: ""soft expansion is a Laurent series"
"PASS: ""soft coefficients contain no recoil variable"
"Ppp"" real term "97"/"147"; memory = "260039320
"PASS: ""ordinary real term is fully evaluated"
"PASS: ""endpoint valuation is rational"
"PASS: ""soft expansion is a Laurent series"
"PASS: ""soft coefficients contain no recoil variable"
"PASS: ""endpoint valuation is rational"
"PASS: ""soft expansion is a Laurent series"
"PASS: ""soft coefficients contain no recoil variable"
"Ppp"" real term "98"/"147"; memory = "273569544
"PASS: ""ordinary real term is fully evaluated"
"PASS: ""endpoint valuation is rational"
"PASS: ""soft expansion is a Laurent series"
"PASS: ""soft coefficients contain no recoil variable"
"PASS: ""endpoint valuation is rational"
"PASS: ""soft expansion is a Laurent series"
"PASS: ""soft coefficients contain no recoil variable"
"Ppp"" real term "99"/"147"; memory = "275268944
"PASS: ""ordinary real term is fully evaluated"
"PASS: ""endpoint valuation is rational"
"PASS: ""soft expansion is a Laurent series"
"PASS: ""soft coefficients contain no recoil variable"
"PASS: ""endpoint valuation is rational"
"PASS: ""soft expansion is a Laurent series"
"PASS: ""soft coefficients contain no recoil variable"
"Ppp"" real term "100"/"147"; memory = "279391152
"PASS: ""ordinary real term is fully evaluated"
"PASS: ""endpoint valuation is rational"
"PASS: ""soft expansion is a Laurent series"
"PASS: ""soft coefficients contain no recoil variable"
"PASS: ""endpoint valuation is rational"
"PASS: ""soft expansion is a Laurent series"
"PASS: ""soft coefficients contain no recoil variable"
"Ppp"" real term "101"/"147"; memory = "232552144
"PASS: ""ordinary real term is fully evaluated"
"PASS: ""endpoint valuation is rational"
"PASS: ""soft expansion is a Laurent series"
"PASS: ""soft coefficients contain no recoil variable"
"PASS: ""endpoint valuation is rational"
"PASS: ""soft expansion is a Laurent series"
"PASS: ""soft coefficients contain no recoil variable"
"Ppp"" real term "102"/"147"; memory = "250348184
"PASS: ""ordinary real term is fully evaluated"
"PASS: ""endpoint valuation is rational"
"PASS: ""soft expansion is a Laurent series"
"PASS: ""soft coefficients contain no recoil variable"
"PASS: ""endpoint valuation is rational"
"PASS: ""soft expansion is a Laurent series"
"PASS: ""soft coefficients contain no recoil variable"
"Ppp"" real term "103"/"147"; memory = "268530592
"PASS: ""ordinary real term is fully evaluated"
"PASS: ""endpoint valuation is rational"
"PASS: ""soft expansion is a Laurent series"
"PASS: ""soft coefficients contain no recoil variable"
"PASS: ""endpoint valuation is rational"
"PASS: ""soft expansion is a Laurent series"
"PASS: ""soft coefficients contain no recoil variable"
"Ppp"" real term "104"/"147"; memory = "270571672
"PASS: ""ordinary real term is fully evaluated"
"PASS: ""endpoint valuation is rational"
"PASS: ""soft expansion is a Laurent series"
"PASS: ""soft coefficients contain no recoil variable"
"PASS: ""endpoint valuation is rational"
"PASS: ""soft expansion is a Laurent series"
"PASS: ""soft coefficients contain no recoil variable"
"Ppp"" real term "105"/"147"; memory = "274841000
"PASS: ""ordinary real term is fully evaluated"
"PASS: ""endpoint valuation is rational"
"PASS: ""soft expansion is a Laurent series"
"PASS: ""soft coefficients contain no recoil variable"
"PASS: ""endpoint valuation is rational"
"PASS: ""soft expansion is a Laurent series"
"PASS: ""soft coefficients contain no recoil variable"
"Ppp"" real term "106"/"147"; memory = "281208040
"PASS: ""ordinary real term is fully evaluated"
"PASS: ""endpoint valuation is rational"
"PASS: ""soft expansion is a Laurent series"
"PASS: ""soft coefficients contain no recoil variable"
"PASS: ""endpoint valuation is rational"
"PASS: ""soft expansion is a Laurent series"
"PASS: ""soft coefficients contain no recoil variable"
"Ppp"" real term "107"/"147"; memory = "290110312
"PASS: ""ordinary real term is fully evaluated"
"PASS: ""endpoint valuation is rational"
"PASS: ""soft expansion is a Laurent series"
"PASS: ""soft coefficients contain no recoil variable"
"PASS: ""endpoint valuation is rational"
"PASS: ""soft expansion is a Laurent series"
"PASS: ""soft coefficients contain no recoil variable"
"Ppp"" real term "108"/"147"; memory = "300124848
"PASS: ""ordinary real term is fully evaluated"
"PASS: ""endpoint valuation is rational"
"PASS: ""soft expansion is a Laurent series"
"PASS: ""soft coefficients contain no recoil variable"
"PASS: ""endpoint valuation is rational"
"PASS: ""soft expansion is a Laurent series"
"PASS: ""soft coefficients contain no recoil variable"
"Ppp"" real term "109"/"147"; memory = "311857328
"PASS: ""ordinary real term is fully evaluated"
"PASS: ""endpoint valuation is rational"
"PASS: ""soft expansion is a Laurent series"
"PASS: ""soft coefficients contain no recoil variable"
"PASS: ""endpoint valuation is rational"
"PASS: ""soft expansion is a Laurent series"
"PASS: ""soft coefficients contain no recoil variable"
"Ppp"" real term "110"/"147"; memory = "316294512
"PASS: ""ordinary real term is fully evaluated"
"PASS: ""endpoint valuation is rational"
"PASS: ""soft expansion is a Laurent series"
"PASS: ""soft coefficients contain no recoil variable"
"PASS: ""endpoint valuation is rational"
"PASS: ""soft expansion is a Laurent series"
"PASS: ""soft coefficients contain no recoil variable"
"Ppp"" real term "111"/"147"; memory = "233400424
"PASS: ""ordinary real term is fully evaluated"
"PASS: ""endpoint valuation is rational"
"PASS: ""soft expansion is a Laurent series"
"PASS: ""soft coefficients contain no recoil variable"
"PASS: ""endpoint valuation is rational"
"PASS: ""soft expansion is a Laurent series"
"PASS: ""soft coefficients contain no recoil variable"
"Ppp"" real term "112"/"147"; memory = "258726152
"PASS: ""ordinary real term is fully evaluated"
"PASS: ""endpoint valuation is rational"
"PASS: ""soft expansion is a Laurent series"
"PASS: ""soft coefficients contain no recoil variable"
"PASS: ""endpoint valuation is rational"
"PASS: ""soft expansion is a Laurent series"
"PASS: ""soft coefficients contain no recoil variable"
"Ppp"" real term "113"/"147"; memory = "280090264
"PASS: ""ordinary real term is fully evaluated"
"PASS: ""endpoint valuation is rational"
"PASS: ""soft expansion is a Laurent series"
"PASS: ""soft coefficients contain no recoil variable"
"PASS: ""endpoint valuation is rational"
"PASS: ""soft expansion is a Laurent series"
"PASS: ""soft coefficients contain no recoil variable"
"Ppp"" real term "114"/"147"; memory = "296178328
"PASS: ""ordinary real term is fully evaluated"
"PASS: ""endpoint valuation is rational"
"PASS: ""massless soft argument is a hypergeometric endpoint"
"PASS: ""endpoint valuation is rational"
"PASS: ""soft expansion is a Laurent series"
"PASS: ""soft coefficients contain no recoil variable"
"PASS: ""endpoint valuation is rational"
"PASS: ""massless soft argument is a hypergeometric endpoint"
"PASS: ""endpoint valuation is rational"
"PASS: ""soft expansion is a Laurent series"
"PASS: ""soft coefficients contain no recoil variable"
"Ppp"" real term "115"/"147"; memory = "300704560
"PASS: ""one mixed denominator is massive"
"PASS: ""ordinary real term is fully evaluated"
"PASS: ""massive angular denominator stays separated at the soft endpoint"
"PASS: ""massive angular denominator stays separated at the soft endpoint"
"Ppp"" real term "116"/"147"; memory = "341738944
"PASS: ""ordinary real term is fully evaluated"
"PASS: ""massive angular denominator stays separated at the soft endpoint"
"PASS: ""soft expansion is a Laurent series"
"PASS: ""soft coefficients contain no recoil variable"
"PASS: ""massive angular denominator stays separated at the soft endpoint"
"PASS: ""soft expansion is a Laurent series"
"PASS: ""soft coefficients contain no recoil variable"
"Ppp"" real term "117"/"147"; memory = "341781848
"PASS: ""ordinary real term is fully evaluated"
"PASS: ""massive angular denominator stays separated at the soft endpoint"
"PASS: ""soft expansion is a Laurent series"
"PASS: ""soft coefficients contain no recoil variable"
"PASS: ""massive angular denominator stays separated at the soft endpoint"
"PASS: ""soft expansion is a Laurent series"
"PASS: ""soft coefficients contain no recoil variable"
"Ppp"" real term "118"/"147"; memory = "351740120
"PASS: ""ordinary real term is fully evaluated"
"PASS: ""massive angular denominator stays separated at the soft endpoint"
"PASS: ""soft expansion is a Laurent series"
"PASS: ""soft coefficients contain no recoil variable"
"PASS: ""massive angular denominator stays separated at the soft endpoint"
"PASS: ""soft expansion is a Laurent series"
"PASS: ""soft coefficients contain no recoil variable"
"Ppp"" real term "119"/"147"; memory = "350548656
"PASS: ""ordinary real term is fully evaluated"
"PASS: ""massive angular denominator stays separated at the soft endpoint"
"PASS: ""soft expansion is a Laurent series"
"PASS: ""soft coefficients contain no recoil variable"
"PASS: ""massive angular denominator stays separated at the soft endpoint"
"PASS: ""soft expansion is a Laurent series"
"PASS: ""soft coefficients contain no recoil variable"
"Ppp"" real term "120"/"147"; memory = "349287256
"PASS: ""ordinary real term is fully evaluated"
"PASS: ""massive angular denominator stays separated at the soft endpoint"
"PASS: ""soft expansion is a Laurent series"
"PASS: ""soft coefficients contain no recoil variable"
"PASS: ""massive angular denominator stays separated at the soft endpoint"
"PASS: ""soft expansion is a Laurent series"
"PASS: ""soft coefficients contain no recoil variable"
"Ppp"" real term "121"/"147"; memory = "234121296
"PASS: ""ordinary real term is fully evaluated"
"PASS: ""massive angular denominator stays separated at the soft endpoint"
"PASS: ""soft expansion is a Laurent series"
"PASS: ""soft coefficients contain no recoil variable"
"PASS: ""massive angular denominator stays separated at the soft endpoint"
"PASS: ""soft expansion is a Laurent series"
"PASS: ""soft coefficients contain no recoil variable"
"Ppp"" real term "122"/"147"; memory = "241800608
"PASS: ""ordinary real term is fully evaluated"
"PASS: ""massive angular denominator stays separated at the soft endpoint"
"PASS: ""soft expansion is a Laurent series"
"PASS: ""soft coefficients contain no recoil variable"
"PASS: ""massive angular denominator stays separated at the soft endpoint"
"PASS: ""soft expansion is a Laurent series"
"PASS: ""soft coefficients contain no recoil variable"
"Ppp"" real term "123"/"147"; memory = "248962584
"PASS: ""ordinary real term is fully evaluated"
"PASS: ""massive angular denominator stays separated at the soft endpoint"
"PASS: ""soft expansion is a Laurent series"
"PASS: ""soft coefficients contain no recoil variable"
"PASS: ""massive angular denominator stays separated at the soft endpoint"
"PASS: ""soft expansion is a Laurent series"
"PASS: ""soft coefficients contain no recoil variable"
"Ppp"" real term "124"/"147"; memory = "257659880
"PASS: ""ordinary real term is fully evaluated"
"PASS: ""massive angular denominator stays separated at the soft endpoint"
"PASS: ""soft expansion is a Laurent series"
"PASS: ""soft coefficients contain no recoil variable"
"PASS: ""massive angular denominator stays separated at the soft endpoint"
"PASS: ""soft expansion is a Laurent series"
"PASS: ""soft coefficients contain no recoil variable"
"Ppp"" real term "125"/"147"; memory = "276205904
"PASS: ""ordinary real term is fully evaluated"
"PASS: ""massive angular denominator stays separated at the soft endpoint"
"PASS: ""soft expansion is a Laurent series"
"PASS: ""soft coefficients contain no recoil variable"
"PASS: ""massive angular denominator stays separated at the soft endpoint"
"PASS: ""soft expansion is a Laurent series"
"PASS: ""soft coefficients contain no recoil variable"
"Ppp"" real term "126"/"147"; memory = "279138424
"PASS: ""ordinary real term is fully evaluated"
"PASS: ""massive angular denominator stays separated at the soft endpoint"
"PASS: ""soft expansion is a Laurent series"
"PASS: ""soft coefficients contain no recoil variable"
"PASS: ""massive angular denominator stays separated at the soft endpoint"
"PASS: ""soft expansion is a Laurent series"
"PASS: ""soft coefficients contain no recoil variable"
"Ppp"" real term "127"/"147"; memory = "282682520
"PASS: ""ordinary real term is fully evaluated"
"PASS: ""massive angular denominator stays separated at the soft endpoint"
"PASS: ""soft expansion is a Laurent series"
"PASS: ""soft coefficients contain no recoil variable"
"PASS: ""massive angular denominator stays separated at the soft endpoint"
"PASS: ""soft expansion is a Laurent series"
"PASS: ""soft coefficients contain no recoil variable"
"Ppp"" real term "128"/"147"; memory = "288020088
"PASS: ""ordinary real term is fully evaluated"
"PASS: ""massive angular denominator stays separated at the soft endpoint"
"PASS: ""soft expansion is a Laurent series"
"PASS: ""soft coefficients contain no recoil variable"
"PASS: ""massive angular denominator stays separated at the soft endpoint"
"PASS: ""soft expansion is a Laurent series"
"PASS: ""soft coefficients contain no recoil variable"
"Ppp"" real term "129"/"147"; memory = "294118496
"PASS: ""ordinary real term is fully evaluated"
"PASS: ""massive angular denominator stays separated at the soft endpoint"
"PASS: ""soft expansion is a Laurent series"
"PASS: ""soft coefficients contain no recoil variable"
"PASS: ""massive angular denominator stays separated at the soft endpoint"
"PASS: ""soft expansion is a Laurent series"
"PASS: ""soft coefficients contain no recoil variable"
"Ppp"" real term "130"/"147"; memory = "307526144
"PASS: ""ordinary real term is fully evaluated"
"PASS: ""massive angular denominator stays separated at the soft endpoint"
"PASS: ""soft expansion is a Laurent series"
"PASS: ""soft coefficients contain no recoil variable"
"PASS: ""massive angular denominator stays separated at the soft endpoint"
"PASS: ""soft expansion is a Laurent series"
"PASS: ""soft coefficients contain no recoil variable"
"Ppp"" real term "131"/"147"; memory = "234701472
"PASS: ""ordinary real term is fully evaluated"
"PASS: ""massive angular denominator stays separated at the soft endpoint"
"PASS: ""soft expansion is a Laurent series"
"PASS: ""soft coefficients contain no recoil variable"
"PASS: ""massive angular denominator stays separated at the soft endpoint"
"PASS: ""soft expansion is a Laurent series"
"PASS: ""soft coefficients contain no recoil variable"
"Ppp"" real term "132"/"147"; memory = "242751688
"PASS: ""ordinary real term is fully evaluated"
"PASS: ""massive angular denominator stays separated at the soft endpoint"
"PASS: ""soft expansion is a Laurent series"
"PASS: ""soft coefficients contain no recoil variable"
"PASS: ""massive angular denominator stays separated at the soft endpoint"
"PASS: ""soft expansion is a Laurent series"
"PASS: ""soft coefficients contain no recoil variable"
"Ppp"" real term "133"/"147"; memory = "253307304
"PASS: ""ordinary real term is fully evaluated"
"PASS: ""massive angular denominator stays separated at the soft endpoint"
"PASS: ""soft expansion is a Laurent series"
"PASS: ""soft coefficients contain no recoil variable"
"PASS: ""massive angular denominator stays separated at the soft endpoint"
"PASS: ""soft expansion is a Laurent series"
"PASS: ""soft coefficients contain no recoil variable"
"Ppp"" real term "134"/"147"; memory = "264226632
"PASS: ""ordinary real term is fully evaluated"
"PASS: ""massive angular denominator stays separated at the soft endpoint"
"PASS: ""soft expansion is a Laurent series"
"PASS: ""soft coefficients contain no recoil variable"
"PASS: ""massive angular denominator stays separated at the soft endpoint"
"PASS: ""soft expansion is a Laurent series"
"PASS: ""soft coefficients contain no recoil variable"
"Ppp"" real term "135"/"147"; memory = "276415448
"PASS: ""ordinary real term is fully evaluated"
"PASS: ""massive angular denominator stays separated at the soft endpoint"
"PASS: ""soft expansion is a Laurent series"
"PASS: ""soft coefficients contain no recoil variable"
"PASS: ""massive angular denominator stays separated at the soft endpoint"
"PASS: ""soft expansion is a Laurent series"
"PASS: ""soft coefficients contain no recoil variable"
"Ppp"" real term "136"/"147"; memory = "287776224
"PASS: ""ordinary real term is fully evaluated"
"PASS: ""massive angular denominator stays separated at the soft endpoint"
"PASS: ""soft expansion is a Laurent series"
"PASS: ""soft coefficients contain no recoil variable"
"PASS: ""massive angular denominator stays separated at the soft endpoint"
"PASS: ""soft expansion is a Laurent series"
"PASS: ""soft coefficients contain no recoil variable"
"Ppp"" real term "137"/"147"; memory = "295401664
"PASS: ""ordinary real term is fully evaluated"
"PASS: ""massive angular denominator stays separated at the soft endpoint"
"PASS: ""soft expansion is a Laurent series"
"PASS: ""soft coefficients contain no recoil variable"
"PASS: ""massive angular denominator stays separated at the soft endpoint"
"PASS: ""soft expansion is a Laurent series"
"PASS: ""soft coefficients contain no recoil variable"
"Ppp"" real term "138"/"147"; memory = "304516272
"PASS: ""ordinary real term is fully evaluated"
"PASS: ""massive angular denominator stays separated at the soft endpoint"
"PASS: ""soft expansion is a Laurent series"
"PASS: ""soft coefficients contain no recoil variable"
"PASS: ""massive angular denominator stays separated at the soft endpoint"
"PASS: ""soft expansion is a Laurent series"
"PASS: ""soft coefficients contain no recoil variable"
"Ppp"" real term "139"/"147"; memory = "314930416
"PASS: ""ordinary real term is fully evaluated"
"PASS: ""massive angular denominator stays separated at the soft endpoint"
"PASS: ""soft expansion is a Laurent series"
"PASS: ""soft coefficients contain no recoil variable"
"PASS: ""massive angular denominator stays separated at the soft endpoint"
"PASS: ""soft expansion is a Laurent series"
"PASS: ""soft coefficients contain no recoil variable"
"Ppp"" real term "140"/"147"; memory = "320890616
"PASS: ""ordinary real term is fully evaluated"
"PASS: ""massive angular denominator stays separated at the soft endpoint"
"PASS: ""soft expansion is a Laurent series"
"PASS: ""soft coefficients contain no recoil variable"
"PASS: ""massive angular denominator stays separated at the soft endpoint"
"PASS: ""soft expansion is a Laurent series"
"PASS: ""soft coefficients contain no recoil variable"
"Ppp"" real term "141"/"147"; memory = "235489696
"PASS: ""ordinary real term is fully evaluated"
"PASS: ""massive angular denominator stays separated at the soft endpoint"
"PASS: ""massive angular denominator stays separated at the soft endpoint"
"Ppp"" real term "142"/"147"; memory = "361747272
"PASS: ""ordinary real term is fully evaluated"
"PASS: ""massive angular denominator stays separated at the soft endpoint"
"PASS: ""massive angular denominator stays separated at the soft endpoint"
"Ppp"" real term "143"/"147"; memory = "396504736
"PASS: ""ordinary real term is fully evaluated"
"PASS: ""massive angular denominator stays separated at the soft endpoint"
"PASS: ""massive angular denominator stays separated at the soft endpoint"
"Ppp"" real term "144"/"147"; memory = "402110360
"PASS: ""ordinary real term is fully evaluated"
"PASS: ""massive angular denominator stays separated at the soft endpoint"
"PASS: ""massive angular denominator stays separated at the soft endpoint"
"Ppp"" real term "145"/"147"; memory = "410567328
"PASS: ""ordinary real term is fully evaluated"
"PASS: ""massive angular denominator stays separated at the soft endpoint"
"PASS: ""massive angular denominator stays separated at the soft endpoint"
"Ppp"" real term "146"/"147"; memory = "413707632
"PASS: ""ordinary real term is fully evaluated"
"PASS: ""massive angular denominator stays separated at the soft endpoint"
"PASS: ""massive angular denominator stays separated at the soft endpoint"
"Ppp"" real term "147"/"147"; memory = "413665240
"PASS: ""ordinary real term is fully evaluated"
"PASS: ""massive angular denominator stays separated at the soft endpoint"
"PASS: ""massive angular denominator stays separated at the soft endpoint"
"Ppp"" assembling distribution branch "1
"Ppp"" branch "1" soft group "{1, -1}
"Ppp"" branch "1" soft group "{2, -1}
"Ppp"" branch "1" delta coefficient"
"Ppp"" branch "1" plus coefficients"
"PASS: ""no higher logarithmic plus distribution survives"
"Ppp"" branch "1" regular remainder"
"Ppp"" distribution branch "1" saved."
"Ppp"" assembling distribution branch "-1
"Ppp"" branch "-1" soft group "{1, -1}
"Ppp"" branch "-1" soft group "{2, -1}
"Ppp"" branch "-1" delta coefficient"
"Ppp"" branch "-1" plus coefficients"
"PASS: ""no higher logarithmic plus distribution survives"
"Ppp"" branch "-1" regular remainder"
"Ppp"" distribution branch "-1" saved."
"Wrote s11_result.wl; peak memory = "533230112" bytes."
