"PASS: ""frozen s12_final_hats.wl"
"PASS: ""frozen s12_result.wl"
"PASS: ""frozen s12_poles.wl"
"PASS: ""frozen s02_result.wl"
"PASS: ""frozen s09_result.wl"
"PASS: ""frozen s10_result.wl"
"PASS: ""frozen s11_result.wl"
"PASS: ""dilogarithm identities are complete and source bound"
"PASS: ""independent result was accepted without authors coefficients"
"PASS: ""comparison is the requested Hqg channel"
"PASS: ""invariant scalar products have a unique solution"
"PASS: ""transverse projection has a unique solution"
"PASS: ""transverse projection is orthogonal"
"PASS: ""physical-variable map has a unique algebraic solution"
"PASS: ""derived variable map equals the authors map"
"PASS: ""derived kinematics reduce to the independent Born definitions"
"PASS: ""authors color specialization is explicit"
"PASS: ""both structure functions have author coefficients"
"PASS: ""coefficient-times-plus action reconstructs exactly"
"PASS: ""plus logarithm scale shift is recoil independent"
"PASS: ""plus logarithm bases reconstruct exactly"
"Compare ""F1_1_Regular""; memory = "263654856
"PASS: ""comparison radical is positive in its physical region"
"PASS: ""radical coordinate has a unique inverse"
"PASS: ""radical coordinate reconstructs its definition"
"PASS: ""radical substitution has an exact round trip"
"PASS: ""comparison reduction is finite"
"Normalize the saved inverse-hyperbolic remainder"
"PASS: ""inverse hyperbolic conversion is evaluated"
"PASS: ""inverse hyperbolic identity holds in the physical domain"
"Normalize "0" radicals"
"Normalize "4" distinct functions"
"PASS: ""function normalization is finite"
"PASS: ""function normalization is finite"
"PASS: ""function normalization is finite"
"PASS: ""function normalization is finite"
"Normalize "0" phase functions"
"PASS: ""normalized function assembly is finite"
"PASS: ""comparison is polynomial in its formal functions"
"Factored formal input leaves = "1
"PASS: ""term factors reconstruct exactly"
"PASS: ""grouping preserves every original factor row"
"PASS: ""each coefficient group has one common monomial"
"PASS: ""scalar coefficient grouping is exactly distributive"
"Reduce "1" algebraic coefficients"
"Reduce coefficient "1"/"1"; leaves = "1
"Factor "1" rational summands"
"Combine rational summands; leaves = "1
"PASS: ""rational coefficient reduction is finite"
"Saved coefficient "1"/"1"; zero = "True
"PASS: ""converted comparison remainder is finite"
"Reduced difference leaves = "1
"Comparison ""F1_1_Regular"": ""equal"
"Compare ""F1_-1_Regular""; memory = "330751912
"PASS: ""comparison radical is positive in its physical region"
"PASS: ""radical coordinate has a unique inverse"
"PASS: ""radical coordinate reconstructs its definition"
"PASS: ""radical substitution has an exact round trip"
"PASS: ""inverse hyperbolic conversion is evaluated"
"PASS: ""inverse hyperbolic identity holds in the physical domain"
"Normalize "16" radicals"
"Normalize "43" distinct functions"
"PASS: ""function normalization is finite"
"PASS: ""function normalization is finite"
"PASS: ""function normalization is finite"
"PASS: ""function normalization is finite"
"PASS: ""function normalization is finite"
"PASS: ""function normalization is finite"
"PASS: ""function normalization is finite"
"PASS: ""function normalization is finite"
"PASS: ""function normalization is finite"
"PASS: ""function normalization is finite"
"Normalized function "10"/"43
"PASS: ""function normalization is finite"
"PASS: ""function normalization is finite"
"PASS: ""function normalization is finite"
"PASS: ""function normalization is finite"
"PASS: ""function normalization is finite"
"PASS: ""function normalization is finite"
"PASS: ""function normalization is finite"
"PASS: ""function normalization is finite"
"PASS: ""function normalization is finite"
"PASS: ""function normalization is finite"
"Normalized function "20"/"43
"PASS: ""function normalization is finite"
"PASS: ""function normalization is finite"
"PASS: ""function normalization is finite"
"PASS: ""function normalization is finite"
"PASS: ""function normalization is finite"
"PASS: ""function normalization is finite"
"PASS: ""function normalization is finite"
"PASS: ""function normalization is finite"
"PASS: ""function normalization is finite"
"PASS: ""function normalization is finite"
"Normalized function "30"/"43
"PASS: ""function normalization is finite"
"PASS: ""function normalization is finite"
"PASS: ""function normalization is finite"
"PASS: ""function normalization is finite"
"PASS: ""function normalization is finite"
"PASS: ""function normalization is finite"
"PASS: ""function normalization is finite"
"PASS: ""function normalization is finite"
"PASS: ""function normalization is finite"
"PASS: ""function normalization is finite"
"Normalized function "40"/"43
"PASS: ""function normalization is finite"
"PASS: ""function normalization is finite"
"PASS: ""function normalization is finite"
"Normalize "2" phase functions"
"PASS: ""function normalization is finite"
"PASS: ""function normalization is finite"
"PASS: ""normalized function assembly is finite"
"PASS: ""comparison is polynomial in its formal functions"
"Factored formal input leaves = "967984
"PASS: ""term factors reconstruct exactly"
"PASS: ""grouping preserves every original factor row"
"PASS: ""each coefficient group has one common monomial"
"PASS: ""scalar coefficient grouping is exactly distributive"
"Reduce "18" algebraic coefficients"
"Reduce coefficient "1"/"18"; leaves = "390916
"Factor "906" rational summands"
"Factored summand "100"/"906
"Factored summand "200"/"906
"Factored summand "300"/"906
"Factored summand "400"/"906
"Factored summand "500"/"906
"Factored summand "600"/"906
"Factored summand "700"/"906
"Factored summand "800"/"906
"Factored summand "900"/"906
"Combine rational summands; leaves = "432942
"PASS: ""rational coefficient reduction is finite"
"Saved coefficient "1"/"18"; zero = "True
"Reduce coefficient "2"/"18"; leaves = "81861
"Factor "251" rational summands"
"Factored summand "100"/"251
"Factored summand "200"/"251
"Combine rational summands; leaves = "90331
"PASS: ""rational coefficient reduction is finite"
"Saved coefficient "2"/"18"; zero = "True
"Reduce coefficient "3"/"18"; leaves = "71137
"Factor "168" rational summands"
"Factored summand "100"/"168
"Combine rational summands; leaves = "76994
"PASS: ""rational coefficient reduction is finite"
"Saved coefficient "3"/"18"; zero = "True
"Reduce coefficient "4"/"18"; leaves = "60944
"Factor "146" rational summands"
"Factored summand "100"/"146
"Combine rational summands; leaves = "60908
"PASS: ""rational coefficient reduction is finite"
"Saved coefficient "4"/"18"; zero = "True
"Reduce coefficient "5"/"18"; leaves = "60944
"Saved coefficient "5"/"18"; zero = "True
"Reduce coefficient "6"/"18"; leaves = "495
"Factor "2" rational summands"
"Combine rational summands; leaves = "1
"PASS: ""rational coefficient reduction is finite"
"Saved coefficient "6"/"18"; zero = "True
"Reduce coefficient "7"/"18"; leaves = "60789
"Factor "150" rational summands"
"Factored summand "100"/"150
"Combine rational summands; leaves = "64504
"PASS: ""rational coefficient reduction is finite"
"Saved coefficient "7"/"18"; zero = "True
"Reduce coefficient "8"/"18"; leaves = "68388
"Factor "209" rational summands"
"Factored summand "100"/"209
"Factored summand "200"/"209
"Combine rational summands; leaves = "76790
"PASS: ""rational coefficient reduction is finite"
"Saved coefficient "8"/"18"; zero = "True
"Reduce coefficient "9"/"18"; leaves = "1482
"Factor "18" rational summands"
"Combine rational summands; leaves = "857
"PASS: ""rational coefficient reduction is finite"
"Saved coefficient "9"/"18"; zero = "True
"Reduce coefficient "10"/"18"; leaves = "3596
"Factor "24" rational summands"
"Combine rational summands; leaves = "2648
"PASS: ""rational coefficient reduction is finite"
"Saved coefficient "10"/"18"; zero = "True
"Reduce coefficient "11"/"18"; leaves = "2270
"Factor "20" rational summands"
"Combine rational summands; leaves = "1910
"PASS: ""rational coefficient reduction is finite"
"Saved coefficient "11"/"18"; zero = "True
"Reduce coefficient "12"/"18"; leaves = "71000
"Factor "145" rational summands"
"Factored summand "100"/"145
"Combine rational summands; leaves = "77333
"PASS: ""rational coefficient reduction is finite"
"Saved coefficient "12"/"18"; zero = "True
"Reduce coefficient "13"/"18"; leaves = "71000
"Factor "145" rational summands"
"Factored summand "100"/"145
"Combine rational summands; leaves = "77335
"PASS: ""rational coefficient reduction is finite"
"Saved coefficient "13"/"18"; zero = "True
"Reduce coefficient "14"/"18"; leaves = "7964
"Factor "30" rational summands"
"Combine rational summands; leaves = "5047
"PASS: ""rational coefficient reduction is finite"
"Saved coefficient "14"/"18"; zero = "True
"Reduce coefficient "15"/"18"; leaves = "5570
"Factor "22" rational summands"
"Combine rational summands; leaves = "3992
"PASS: ""rational coefficient reduction is finite"
"Saved coefficient "15"/"18"; zero = "True
"Reduce coefficient "16"/"18"; leaves = "2796
"Factor "6" rational summands"
"Combine rational summands; leaves = "2391
"PASS: ""rational coefficient reduction is finite"
"Saved coefficient "16"/"18"; zero = "True
"Reduce coefficient "17"/"18"; leaves = "2796
"Saved coefficient "17"/"18"; zero = "True
"Reduce coefficient "18"/"18"; leaves = "1069
"Factor "4" rational summands"
"Combine rational summands; leaves = "318
"PASS: ""rational coefficient reduction is finite"
"Saved coefficient "18"/"18"; zero = "True
"PASS: ""comparison reduction is finite"
"Reduced difference leaves = "1
"Comparison ""F1_-1_Regular"": ""equal"
"Compare ""F2_1_Regular""; memory = "336849080
"PASS: ""comparison radical is positive in its physical region"
"PASS: ""radical coordinate has a unique inverse"
"PASS: ""radical coordinate reconstructs its definition"
"PASS: ""radical substitution has an exact round trip"
"PASS: ""inverse hyperbolic conversion is evaluated"
"PASS: ""inverse hyperbolic identity holds in the physical domain"
"Normalize "16" radicals"
"Normalize "42" distinct functions"
"Normalized function "10"/"42
"Normalized function "20"/"42
"Normalized function "30"/"42
"Normalized function "40"/"42
"Normalize "2" phase functions"
"PASS: ""normalized function assembly is finite"
"PASS: ""comparison is polynomial in its formal functions"
"Factored formal input leaves = "923752
"PASS: ""term factors reconstruct exactly"
"PASS: ""grouping preserves every original factor row"
"PASS: ""each coefficient group has one common monomial"
"PASS: ""scalar coefficient grouping is exactly distributive"
"Reduce "18" algebraic coefficients"
"Reduce coefficient "1"/"18"; leaves = "373190
"Factor "906" rational summands"
"Factored summand "100"/"906
"Factored summand "200"/"906
"Factored summand "300"/"906
"Factored summand "400"/"906
"Factored summand "500"/"906
"Factored summand "600"/"906
"Factored summand "700"/"906
"Factored summand "800"/"906
"Factored summand "900"/"906
"Combine rational summands; leaves = "431701
"PASS: ""rational coefficient reduction is finite"
"Saved coefficient "1"/"18"; zero = "True
"Reduce coefficient "2"/"18"; leaves = "78268
"Factor "249" rational summands"
"Factored summand "100"/"249
"Factored summand "200"/"249
"Combine rational summands; leaves = "89982
"PASS: ""rational coefficient reduction is finite"
"Saved coefficient "2"/"18"; zero = "True
"Reduce coefficient "3"/"18"; leaves = "67879
"Factor "168" rational summands"
"Factored summand "100"/"168
"Combine rational summands; leaves = "76663
"PASS: ""rational coefficient reduction is finite"
"Saved coefficient "3"/"18"; zero = "True
"Reduce coefficient "4"/"18"; leaves = "58259
"Factor "146" rational summands"
"Factored summand "100"/"146
"Combine rational summands; leaves = "60560
"PASS: ""rational coefficient reduction is finite"
"Saved coefficient "4"/"18"; zero = "True
"Reduce coefficient "5"/"18"; leaves = "58259
"Saved coefficient "5"/"18"; zero = "True
"Reduce coefficient "6"/"18"; leaves = "484
"Factor "2" rational summands"
"Combine rational summands; leaves = "1
"PASS: ""rational coefficient reduction is finite"
"Saved coefficient "6"/"18"; zero = "True
"Reduce coefficient "7"/"18"; leaves = "58138
"Factor "150" rational summands"
"Factored summand "100"/"150
"Combine rational summands; leaves = "64178
"PASS: ""rational coefficient reduction is finite"
"Saved coefficient "7"/"18"; zero = "True
"Reduce coefficient "8"/"18"; leaves = "65578
"Factor "209" rational summands"
"Factored summand "100"/"209
"Factored summand "200"/"209
"Combine rational summands; leaves = "76546
"PASS: ""rational coefficient reduction is finite"
"Saved coefficient "8"/"18"; zero = "True
"Reduce coefficient "9"/"18"; leaves = "1410
"Factor "18" rational summands"
"Combine rational summands; leaves = "895
"PASS: ""rational coefficient reduction is finite"
"Saved coefficient "9"/"18"; zero = "True
"Reduce coefficient "10"/"18"; leaves = "3526
"Factor "24" rational summands"
"Combine rational summands; leaves = "2703
"PASS: ""rational coefficient reduction is finite"
"Saved coefficient "10"/"18"; zero = "True
"Reduce coefficient "11"/"18"; leaves = "2206
"Factor "20" rational summands"
"Combine rational summands; leaves = "1967
"PASS: ""rational coefficient reduction is finite"
"Saved coefficient "11"/"18"; zero = "True
"Reduce coefficient "12"/"18"; leaves = "67122
"Factor "145" rational summands"
"Factored summand "100"/"145
"Combine rational summands; leaves = "76985
"PASS: ""rational coefficient reduction is finite"
"Saved coefficient "12"/"18"; zero = "True
"Reduce coefficient "13"/"18"; leaves = "67121
"Factor "145" rational summands"
"Factored summand "100"/"145
"Combine rational summands; leaves = "76985
"PASS: ""rational coefficient reduction is finite"
"Saved coefficient "13"/"18"; zero = "True
"Reduce coefficient "14"/"18"; leaves = "7688
"Factor "30" rational summands"
"Combine rational summands; leaves = "4755
"PASS: ""rational coefficient reduction is finite"
"Saved coefficient "14"/"18"; zero = "True
"Reduce coefficient "15"/"18"; leaves = "5338
"Factor "22" rational summands"
"Combine rational summands; leaves = "4019
"PASS: ""rational coefficient reduction is finite"
"Saved coefficient "15"/"18"; zero = "True
"Reduce coefficient "16"/"18"; leaves = "2646
"Factor "6" rational summands"
"Combine rational summands; leaves = "2388
"PASS: ""rational coefficient reduction is finite"
"Saved coefficient "16"/"18"; zero = "True
"Reduce coefficient "17"/"18"; leaves = "2646
"Saved coefficient "17"/"18"; zero = "True
"Reduce coefficient "18"/"18"; leaves = "1031
"Factor "4" rational summands"
"Combine rational summands; leaves = "1
"PASS: ""rational coefficient reduction is finite"
"Saved coefficient "18"/"18"; zero = "True
"PASS: ""comparison reduction is finite"
"Reduced difference leaves = "1
"Comparison ""F2_1_Regular"": ""equal"
"Compare ""F2_-1_Regular""; memory = "340163104
"PASS: ""comparison radical is positive in its physical region"
"PASS: ""radical coordinate has a unique inverse"
"PASS: ""radical coordinate reconstructs its definition"
"PASS: ""radical substitution has an exact round trip"
"PASS: ""inverse hyperbolic conversion is evaluated"
"PASS: ""inverse hyperbolic identity holds in the physical domain"
"Normalize "16" radicals"
"Normalize "43" distinct functions"
"Normalized function "10"/"43
"Normalized function "20"/"43
"Normalized function "30"/"43
"Normalized function "40"/"43
"Normalize "2" phase functions"
"PASS: ""normalized function assembly is finite"
"PASS: ""comparison is polynomial in its formal functions"
"Factored formal input leaves = "978322
"PASS: ""term factors reconstruct exactly"
"PASS: ""grouping preserves every original factor row"
"PASS: ""each coefficient group has one common monomial"
"PASS: ""scalar coefficient grouping is exactly distributive"
"Reduce "18" algebraic coefficients"
"Reduce coefficient "1"/"18"; leaves = "394818
"Factor "906" rational summands"
"Factored summand "100"/"906
"Factored summand "200"/"906
"Factored summand "300"/"906
"Factored summand "400"/"906
"Factored summand "500"/"906
"Factored summand "600"/"906
"Factored summand "700"/"906
"Factored summand "800"/"906
"Factored summand "900"/"906
"Combine rational summands; leaves = "435831
"PASS: ""rational coefficient reduction is finite"
"Saved coefficient "1"/"18"; zero = "True
"Reduce coefficient "2"/"18"; leaves = "82898
"Factor "251" rational summands"
"Factored summand "100"/"251
"Factored summand "200"/"251
"Combine rational summands; leaves = "90745
"PASS: ""rational coefficient reduction is finite"
"Saved coefficient "2"/"18"; zero = "True
"Reduce coefficient "3"/"18"; leaves = "71904
"Factor "168" rational summands"
"Factored summand "100"/"168
"Combine rational summands; leaves = "77155
"PASS: ""rational coefficient reduction is finite"
"Saved coefficient "3"/"18"; zero = "True
"Reduce coefficient "4"/"18"; leaves = "61605
"Factor "146" rational summands"
"Factored summand "100"/"146
"Combine rational summands; leaves = "61036
"PASS: ""rational coefficient reduction is finite"
"Saved coefficient "4"/"18"; zero = "True
"Reduce coefficient "5"/"18"; leaves = "61605
"Saved coefficient "5"/"18"; zero = "True
"Reduce coefficient "6"/"18"; leaves = "544
"Factor "2" rational summands"
"Combine rational summands; leaves = "1
"PASS: ""rational coefficient reduction is finite"
"Saved coefficient "6"/"18"; zero = "True
"Reduce coefficient "7"/"18"; leaves = "61468
"Factor "150" rational summands"
"Factored summand "100"/"150
"Combine rational summands; leaves = "64660
"PASS: ""rational coefficient reduction is finite"
"Saved coefficient "7"/"18"; zero = "True
"Reduce coefficient "8"/"18"; leaves = "69288
"Factor "209" rational summands"
"Factored summand "100"/"209
"Factored summand "200"/"209
"Combine rational summands; leaves = "77137
"PASS: ""rational coefficient reduction is finite"
"Saved coefficient "8"/"18"; zero = "True
"Reduce coefficient "9"/"18"; leaves = "1545
"Factor "18" rational summands"
"Combine rational summands; leaves = "913
"PASS: ""rational coefficient reduction is finite"
"Saved coefficient "9"/"18"; zero = "True
"Reduce coefficient "10"/"18"; leaves = "3708
"Factor "24" rational summands"
"Combine rational summands; leaves = "2753
"PASS: ""rational coefficient reduction is finite"
"Saved coefficient "10"/"18"; zero = "True
"Reduce coefficient "11"/"18"; leaves = "2356
"Factor "20" rational summands"
"Combine rational summands; leaves = "1994
"PASS: ""rational coefficient reduction is finite"
"Saved coefficient "11"/"18"; zero = "True
"Reduce coefficient "12"/"18"; leaves = "71562
"Factor "145" rational summands"
"Factored summand "100"/"145
"Combine rational summands; leaves = "77533
"PASS: ""rational coefficient reduction is finite"
"Saved coefficient "12"/"18"; zero = "True
"Reduce coefficient "13"/"18"; leaves = "71561
"Factor "145" rational summands"
"Factored summand "100"/"145
"Combine rational summands; leaves = "77533
"PASS: ""rational coefficient reduction is finite"
"Saved coefficient "13"/"18"; zero = "True
"Reduce coefficient "14"/"18"; leaves = "8102
"Factor "30" rational summands"
"Combine rational summands; leaves = "4821
"PASS: ""rational coefficient reduction is finite"
"Saved coefficient "14"/"18"; zero = "True
"Reduce coefficient "15"/"18"; leaves = "5662
"Factor "22" rational summands"
"Combine rational summands; leaves = "4062
"PASS: ""rational coefficient reduction is finite"
"Saved coefficient "15"/"18"; zero = "True
"Reduce coefficient "16"/"18"; leaves = "2820
"Factor "6" rational summands"
"Combine rational summands; leaves = "2412
"PASS: ""rational coefficient reduction is finite"
"Saved coefficient "16"/"18"; zero = "True
"Reduce coefficient "17"/"18"; leaves = "2820
"Saved coefficient "17"/"18"; zero = "True
"Reduce coefficient "18"/"18"; leaves = "1089
"Factor "4" rational summands"
"Combine rational summands; leaves = "1
"PASS: ""rational coefficient reduction is finite"
"Saved coefficient "18"/"18"; zero = "True
"PASS: ""comparison reduction is finite"
"Reduced difference leaves = "1
"Comparison ""F2_-1_Regular"": ""equal"
"PASS: ""frozen s12_final_hats.wl"
"PASS: ""frozen s12_result.wl"
"PASS: ""frozen s12_poles.wl"
"PASS: ""frozen s02_result.wl"
"PASS: ""frozen s09_result.wl"
"PASS: ""frozen s10_result.wl"
"PASS: ""frozen s11_result.wl"
"PASS: ""author comparison input was unchanged during the run"
"PASS: ""delta decision proofs are complete and source bound"
"PASS: ""delta decision uses the accepted comparison checkpoint"
"PASS: ""delta decision uses the accepted comparison checkpoint"
"PASS: ""delta decision uses the accepted comparison checkpoint"
"PASS: ""delta decision uses the accepted comparison checkpoint"
"Wrote s13_result.wl; peak memory = "714819656" bytes."
