"PASS: ""required earlier stages exist"
"PASS: ""Born normalization accepted"
"PASS: ""inputs have no floating-point numbers"
"Assembling ""Pg""."
"PASS: ""physical endpoint term is finite and evaluated"
"PASS: ""physical endpoint term is finite and evaluated"
"PASS: ""physical endpoint term is finite and evaluated"
"PASS: ""physical endpoint term is finite and evaluated"
"PASS: ""physical endpoint term is finite and evaluated"
"PASS: ""physical endpoint term is finite and evaluated"
"PASS: ""physical endpoint term is finite and evaluated"
"PASS: ""physical endpoint term is finite and evaluated"
"PASS: ""physical endpoint term is finite and evaluated"
"PASS: ""physical endpoint term is finite and evaluated"
"PASS: ""physical endpoint term is finite and evaluated"
"PASS: ""physical endpoint term is finite and evaluated"
"PASS: ""physical endpoint term is finite and evaluated"
"PASS: ""physical endpoint term is finite and evaluated"
"PASS: ""physical endpoint term is finite and evaluated"
"PASS: ""physical endpoint term is finite and evaluated"
"PASS: ""physical endpoint term is finite and evaluated"
"PASS: ""physical endpoint term is finite and evaluated"
"PASS: ""physical endpoint term is finite and evaluated"
"PASS: ""physical endpoint term is finite and evaluated"
"PASS: ""physical endpoint term is finite and evaluated"
"PASS: ""physical endpoint term is finite and evaluated"
"PASS: ""physical endpoint term is finite and evaluated"
"PASS: ""physical endpoint term is finite and evaluated"
"PASS: ""physical endpoint term is finite and evaluated"
"PASS: ""physical endpoint term is finite and evaluated"
"PASS: ""physical endpoint term is finite and evaluated"
"PASS: ""physical endpoint term is finite and evaluated"
"PASS: ""physical endpoint term is finite and evaluated"
"PASS: ""physical endpoint term is finite and evaluated"
"PASS: ""physical endpoint term is finite and evaluated"
"PASS: ""physical endpoint term is finite and evaluated"
"PASS: ""physical endpoint term is finite and evaluated"
"PASS: ""physical endpoint term is finite and evaluated"
"PASS: ""physical endpoint term is finite and evaluated"
"PASS: ""physical endpoint term is finite and evaluated"
"PASS: ""physical endpoint term is finite and evaluated"
"PASS: ""physical endpoint term is finite and evaluated"
"PASS: ""physical endpoint term is finite and evaluated"
"PASS: ""physical endpoint term is finite and evaluated"
"PASS: ""physical endpoint term is finite and evaluated"
"PASS: ""physical endpoint term is finite and evaluated"
"PASS: ""physical endpoint term is finite and evaluated"
"PASS: ""physical endpoint term is finite and evaluated"
"PASS: ""physical endpoint term is finite and evaluated"
"PASS: ""physical endpoint term is finite and evaluated"
"PASS: ""physical endpoint term is finite and evaluated"
"PASS: ""physical endpoint term is finite and evaluated"
"PASS: ""physical endpoint term is finite and evaluated"
"PASS: ""physical endpoint term is finite and evaluated"
"PASS: ""physical endpoint term is finite and evaluated"

Infinity::indet: Indeterminate expression 0 (-Infinity) encountered.

Infinity::indet: Indeterminate expression 0 (-Infinity) encountered.
"PASS: ""physical endpoint term is finite and evaluated"
"PASS: ""physical endpoint term is finite and evaluated"
"PASS: ""physical endpoint term is finite and evaluated"
"PASS: ""physical endpoint term is finite and evaluated"
"PASS: ""physical endpoint term is finite and evaluated"
"PASS: ""physical endpoint term is finite and evaluated"
"PASS: ""physical endpoint term is finite and evaluated"
"PASS: ""physical endpoint term is finite and evaluated"
"PASS: ""physical endpoint term is finite and evaluated"
"PASS: ""physical endpoint term is finite and evaluated"
"PASS: ""physical endpoint term is finite and evaluated"
"PASS: ""physical endpoint term is finite and evaluated"
"PASS: ""physical endpoint term is finite and evaluated"
"PASS: ""physical endpoint term is finite and evaluated"
"PASS: ""physical endpoint term is finite and evaluated"
"PASS: ""physical endpoint term is finite and evaluated"
"PASS: ""physical endpoint term is finite and evaluated"
"PASS: ""physical endpoint term is finite and evaluated"
"PASS: ""physical endpoint term is finite and evaluated"
"PASS: ""physical endpoint term is finite and evaluated"
"PASS: ""physical endpoint term is finite and evaluated"
"PASS: ""physical endpoint term is finite and evaluated"
"PASS: ""physical endpoint term is finite and evaluated"
"PASS: ""physical endpoint term is finite and evaluated"
"PASS: ""physical endpoint term is finite and evaluated"
"PASS: ""physical endpoint term is finite and evaluated"
"PASS: ""physical endpoint term is finite and evaluated"
"PASS: ""physical endpoint term is finite and evaluated"
"PASS: ""physical endpoint term is finite and evaluated"
"PASS: ""physical endpoint term is finite and evaluated"
"PASS: ""physical endpoint term is finite and evaluated"
"PASS: ""physical endpoint term is finite and evaluated"
"PASS: ""physical endpoint term is finite and evaluated"
"PASS: ""physical endpoint term is finite and evaluated"
"PASS: ""physical endpoint term is finite and evaluated"
"PASS: ""physical endpoint term is finite and evaluated"
"PASS: ""physical endpoint term is finite and evaluated"
"PASS: ""physical endpoint term is finite and evaluated"
"PASS: ""physical endpoint term is finite and evaluated"
"PASS: ""physical endpoint term is finite and evaluated"
"PASS: ""physical endpoint term is finite and evaluated"
"PASS: ""physical endpoint term is finite and evaluated"
"PASS: ""physical endpoint term is finite and evaluated"
"PASS: ""physical endpoint term is finite and evaluated"
"PASS: ""physical endpoint term is finite and evaluated"
"PASS: ""physical endpoint term is finite and evaluated"
"PASS: ""physical endpoint term is finite and evaluated"
"PASS: ""physical endpoint term is finite and evaluated"
"PASS: ""physical endpoint term is finite and evaluated"
"PASS: ""physical endpoint term is finite and evaluated"
"PASS: ""physical endpoint term is finite and evaluated"
"PASS: ""physical endpoint term is finite and evaluated"
"PASS: ""physical endpoint term is finite and evaluated"
"PASS: ""physical endpoint term is finite and evaluated"
"PASS: ""physical endpoint term is finite and evaluated"
"PASS: ""physical endpoint term is finite and evaluated"
"PASS: ""physical endpoint term is finite and evaluated"
"PASS: ""physical endpoint term is finite and evaluated"
"PASS: ""physical endpoint term is finite and evaluated"
"PASS: ""physical endpoint term is finite and evaluated"
"PASS: ""physical endpoint term is finite and evaluated"
"PASS: ""physical endpoint term is finite and evaluated"
"PASS: ""physical endpoint term is finite and evaluated"
"PASS: ""physical endpoint term is finite and evaluated"
"PASS: ""physical endpoint term is finite and evaluated"
"PASS: ""physical endpoint term is finite and evaluated"
"PASS: ""physical endpoint term is finite and evaluated"
"PASS: ""physical endpoint term is finite and evaluated"
"PASS: ""physical endpoint term is finite and evaluated"
"PASS: ""physical endpoint term is finite and evaluated"
"PASS: ""physical endpoint term is finite and evaluated"
"PASS: ""physical endpoint term is finite and evaluated"
"PASS: ""physical endpoint term is finite and evaluated"
"PASS: ""physical endpoint term is finite and evaluated"
"PASS: ""physical endpoint term is finite and evaluated"
"PASS: ""physical endpoint term is finite and evaluated"
"PASS: ""physical endpoint term is finite and evaluated"
"PASS: ""physical endpoint term is finite and evaluated"
"PASS: ""physical endpoint term is finite and evaluated"
"FAIL: ""Pg exact endpoint exists"
