V4_PIPELINE_STAGE ['/home/physics/miniforge3/bin/python', '-u', 'scripts/numerics/s09_convolve_channels.py', '--mode', 'build']
V4_PIPELINE_STAGE_COMPLETE scripts/numerics/s09_convolve_channels.py
V4_PIPELINE_STAGE ['/home/physics/miniforge3/bin/python', '-u', 'scripts/numerics/s09_convolve_channels.py', '--mode', 'integrate', '--neval', '1000', '--nitn', '8', '--workers', '8', '--refinements', '3', '--reuse-unchanged-from', 'previous_Hgq_v3']
/home/physics/projects/AI_Assisted_SIDIS/scripts/numerics/s09_convolve_channels.py:381: DeprecationWarning: Setting the shape on a NumPy array has been deprecated in NumPy 2.5.
As an alternative, you can create a new view using np.reshape (with copy=False if needed).
  return super().__setstate__(state)
S09_BIN_START q1_p0 seed 3065292240 neval 1000 nitn 8
S09_BIN_START q0_p2 seed 208138457 neval 1000 nitn 8
S09_BIN_START q1_p1 seed 172017397 neval 1000 nitn 8
S09_BIN_START q0_p3 seed 2362081159 neval 1000 nitn 8
S09_BIN_START q0_p4 seed 355473440 neval 1000 nitn 8
S09_BIN_START q0_p1 seed 2690836668 neval 1000 nitn 8
S09_BIN_START q0_p5 seed 3834483868 neval 1000 nitn 8
S09_BIN_START q0_p0 seed 2777838827 neval 1000 nitn 8
S09_WARMUP q0_p2 0 [5.31(24) 6.92(33)]
S09_WARMUP q0_p1 0 [5.92(29) 8.47(44)]
S09_WARMUP q0_p0 0 [3.56(21) 5.23(34)]
S09_WARMUP q0_p5 0 [0.561(24) 0.547(25)]
S09_WARMUP q0_p3 0 [4.98(21) 5.11(22)]
S09_WARMUP q1_p0 0 [5.25(24) 6.99(37)]
S09_WARMUP q1_p1 0 [8.88(38) 10.99(49)]
S09_WARMUP q0_p4 0 [2.53(13) 2.56(13)]
S09_EVALUATIONS 1650442 2233 accepted 1186
S09_EVALUATIONS 1650446 1976 accepted 979
S09_EVALUATIONS 1650443 2121 accepted 1193
S09_EVALUATIONS 1650447 1974 accepted 1031
S09_EVALUATIONS 1650444 2049 accepted 1179
S09_EVALUATIONS 1650441 2178 accepted 1118
S09_EVALUATIONS 1650445 2200 accepted 1212
S09_EVALUATIONS 1650440 2180 accepted 1090
S09_EVALUATIONS 1650443 3900 accepted 2348
S09_EVALUATIONS 1650446 3565 accepted 1975
S09_EVALUATIONS 1650442 4038 accepted 2340
S09_EVALUATIONS 1650447 3611 accepted 2041
S09_EVALUATIONS 1650444 3787 accepted 2334
S09_EVALUATIONS 1650441 3959 accepted 2208
S09_EVALUATIONS 1650445 4053 accepted 2390
S09_EVALUATIONS 1650440 3945 accepted 2171
S09_EVALUATIONS 1650443 5691 accepted 3498
S09_EVALUATIONS 1650442 5800 accepted 3479
S09_EVALUATIONS 1650446 5097 accepted 2937
S09_EVALUATIONS 1650447 5205 accepted 3032
S09_EVALUATIONS 1650444 5529 accepted 3484
S09_EVALUATIONS 1650441 5703 accepted 3295
S09_EVALUATIONS 1650445 5911 accepted 3570
S09_EVALUATIONS 1650440 5655 accepted 3236
S09_EVALUATIONS 1650446 6584 accepted 3883
S09_EVALUATIONS 1650443 7366 accepted 4610
S09_EVALUATIONS 1650442 7530 accepted 4592
S09_EVALUATIONS 1650447 6656 accepted 3982
S09_EVALUATIONS 1650441 7425 accepted 4357
S09_EVALUATIONS 1650444 7268 accepted 4619
S09_EVALUATIONS 1650445 7683 accepted 4711
S09_EVALUATIONS 1650440 7305 accepted 4279
S09_BIN_LEVEL q0_p5 0 [0.3642806219127612, 0.26517604725265775] errors [0.006076878415043718, 0.004539320528444827] checks {'finite_statistics': True, 'requested_precision': True, 'independent_iteration_groups': True, 'iteration_consistency': True, 'channel_sum': True}
S09_BIN_DONE q0_p5 [0.3642806219127612, 0.26517604725265775] errors [0.006076878415043718, 0.004539320528444827]
S09_BIN_START q1_p2 seed 108541502 neval 1000 nitn 8
S09_BIN_LEVEL q0_p2 0 [63.23329706817753, 44.92395297347939] errors [1.2300719740733799, 0.8746130194105755] checks {'finite_statistics': True, 'requested_precision': True, 'independent_iteration_groups': True, 'iteration_consistency': True, 'channel_sum': True}
S09_BIN_DONE q0_p2 [63.23329706817753, 44.92395297347939] errors [1.2300719740733799, 0.8746130194105755]
S09_BIN_START q1_p3 seed 1416229279 neval 1000 nitn 8
S09_BIN_LEVEL q0_p1 0 [119.64657756429996, 85.51773501367835] errors [2.2766402692680057, 1.7822267961718976] checks {'finite_statistics': True, 'requested_precision': True, 'independent_iteration_groups': True, 'iteration_consistency': True, 'channel_sum': True}
S09_BIN_DONE q0_p1 [119.64657756429996, 85.51773501367835] errors [2.2766402692680057, 1.7822267961718976]
S09_BIN_START q1_p4 seed 2310496154 neval 1000 nitn 8
S09_BIN_LEVEL q0_p3 0 [22.473097736618225, 15.141078529496301] errors [0.8309044957932126, 0.7840884806174561] checks {'finite_statistics': True, 'requested_precision': False, 'independent_iteration_groups': True, 'iteration_consistency': True, 'channel_sum': True}
S09_BIN_LEVEL q0_p0 0 [191.40251431560696, 136.35061548699107] errors [1.8081496836536461, 1.4432577885871956] checks {'finite_statistics': True, 'requested_precision': True, 'independent_iteration_groups': True, 'iteration_consistency': True, 'channel_sum': True}
S09_BIN_DONE q0_p0 [191.40251431560696, 136.35061548699107] errors [1.8081496836536461, 1.4432577885871956]
S09_BIN_START q1_p5 seed 656378624 neval 1000 nitn 8
S09_BIN_LEVEL q0_p4 0 [4.8408615470236604, 3.3262450323116166] errors [0.12201239375756703, 0.06743185370954208] checks {'finite_statistics': True, 'requested_precision': True, 'independent_iteration_groups': True, 'iteration_consistency': True, 'channel_sum': True}
S09_BIN_DONE q0_p4 [4.8408615470236604, 3.3262450323116166] errors [0.12201239375756703, 0.06743185370954208]
S09_BIN_START q2_p0 seed 1757831582 neval 1000 nitn 8
S09_EVALUATIONS 1650443 8952 accepted 5644
S09_EVALUATIONS 1650446 7944 accepted 4758
S09_EVALUATIONS 1650447 8126 accepted 4875
S09_WARMUP q1_p2 0 [7.74(33) 8.27(37)]
S09_BIN_LEVEL q1_p1 0 [119.09213329134545, 88.3832521046415] errors [1.9447599866888008, 1.4850108329121223] checks {'finite_statistics': True, 'requested_precision': True, 'independent_iteration_groups': True, 'iteration_consistency': True, 'channel_sum': True}
S09_BIN_DONE q1_p1 [119.09213329134545, 88.3832521046415] errors [1.9447599866888008, 1.4850108329121223]
S09_BIN_START q2_p1 seed 2990984889 neval 1000 nitn 8
S09_WARMUP q1_p3 0 [5.08(26) 5.13(27)]
S09_BIN_LEVEL q1_p0 0 [176.11853163566602, 131.01127757814206] errors [2.96452147062517, 2.231565773089798] checks {'finite_statistics': True, 'requested_precision': True, 'independent_iteration_groups': True, 'iteration_consistency': True, 'channel_sum': True}
S09_BIN_DONE q1_p0 [176.11853163566602, 131.01127757814206] errors [2.96452147062517, 2.231565773089798]
S09_BIN_START q2_p2 seed 1422602293 neval 1000 nitn 8
S09_WARMUP q1_p5 0 [0.789(46) 0.775(48)]
S09_WARMUP q1_p4 0 [3.32(14) 3.35(15)]
S09_EVALUATIONS 1650445 1692 accepted 899
S09_EVALUATIONS 1650442 1675 accepted 938
S09_WARMUP q2_p0 0 [7.32(36) 7.75(40)]
S09_EVALUATIONS 1650441 1707 accepted 966
S09_EVALUATIONS 1650440 1851 accepted 1016
S09_EVALUATIONS 1650444 1549 accepted 737
S09_WARMUP q2_p1 0 [8.52(39) 9.01(43)]
S09_EVALUATIONS 1650443 10335 accepted 6646
S09_WARMUP q2_p2 0 [7.89(38) 8.24(41)]
S09_EVALUATIONS 1650447 1518 accepted 758
S09_EVALUATIONS 1650446 1490 accepted 773
S09_EVALUATIONS 1650445 3100 accepted 1821
S09_WARMUP q0_p3 1 [4.797(90) 4.934(96)]
S09_EVALUATIONS 1650442 3154 accepted 1905
S09_EVALUATIONS 1650441 3161 accepted 1954
S09_EVALUATIONS 1650440 3406 accepted 2058
S09_EVALUATIONS 1650444 2900 accepted 1520
S09_EVALUATIONS 1650443 11824 accepted 7687
S09_EVALUATIONS 1650447 2746 accepted 1565
S09_EVALUATIONS 1650446 2692 accepted 1590
S09_EVALUATIONS 1650445 4464 accepted 2736
S09_EVALUATIONS 1650442 4650 accepted 2867
S09_EVALUATIONS 1650441 4642 accepted 2936
S09_EVALUATIONS 1650440 4950 accepted 3080
S09_EVALUATIONS 1650444 4149 accepted 2286
S09_EVALUATIONS 1650443 13268 accepted 8704
S09_EVALUATIONS 1650447 3984 accepted 2358
S09_EVALUATIONS 1650446 3830 accepted 2365
S09_EVALUATIONS 1650445 5794 accepted 3646
S09_EVALUATIONS 1650442 6155 accepted 3824
S09_EVALUATIONS 1650441 6150 accepted 3916
S09_EVALUATIONS 1650440 6508 accepted 4100
S09_EVALUATIONS 1650444 5384 accepted 3062
S09_EVALUATIONS 1650443 14752 accepted 9713
S09_EVALUATIONS 1650447 5111 accepted 3125
S09_EVALUATIONS 1650446 5010 accepted 3148
S09_EVALUATIONS 1650445 7165 accepted 4526
S09_EVALUATIONS 1650442 7525 accepted 4754
S09_EVALUATIONS 1650441 7577 accepted 4873
S09_EVALUATIONS 1650440 8076 accepted 5109
S09_EVALUATIONS 1650444 6633 accepted 3824
S09_BIN_LEVEL q1_p5 0 [0.48179869883088056, 0.35336077338299915] errors [0.00815470325278728, 0.005650128172480414] checks {'finite_statistics': True, 'requested_precision': True, 'independent_iteration_groups': True, 'iteration_consistency': True, 'channel_sum': True}
S09_BIN_DONE q1_p5 [0.48179869883088056, 0.35336077338299915] errors [0.00815470325278728, 0.005650128172480414]
S09_BIN_START q2_p3 seed 1874185162 neval 1000 nitn 8
S09_BIN_LEVEL q1_p3 0 [23.924341044986768, 16.833979775049958] errors [0.42993501825332575, 0.35337634196752554] checks {'finite_statistics': True, 'requested_precision': True, 'independent_iteration_groups': True, 'iteration_consistency': True, 'channel_sum': True}
S09_BIN_DONE q1_p3 [23.924341044986768, 16.833979775049958] errors [0.42993501825332575, 0.35337634196752554]
S09_BIN_START q2_p4 seed 2667114314 neval 1000 nitn 8
S09_BIN_LEVEL q1_p4 0 [5.630577511318913, 3.9299293817622862] errors [0.1950836128103869, 0.1833285606603779] checks {'finite_statistics': True, 'requested_precision': True, 'independent_iteration_groups': True, 'iteration_consistency': True, 'channel_sum': True}
S09_BIN_DONE q1_p4 [5.630577511318913, 3.9299293817622862] errors [0.1950836128103869, 0.1833285606603779]
S09_EVALUATIONS 1650443 16230 accepted 10714
S09_EVALUATIONS 1650447 6291 accepted 3885
S09_BIN_LEVEL q1_p2 0 [61.09630157361421, 42.40326949365103] errors [2.967927954494177, 3.0549717517100983] checks {'finite_statistics': True, 'requested_precision': False, 'independent_iteration_groups': True, 'iteration_consistency': True, 'channel_sum': True}
S09_EVALUATIONS 1650446 6206 accepted 3951
S09_EVALUATIONS 1650445 8592 accepted 5460
S09_WARMUP q2_p3 0 [4.98(29) 5.13(31)]
S09_WARMUP q2_p4 0 [0.840(38) 0.826(39)]
S09_EVALUATIONS 1650444 7937 accepted 4626
S09_EVALUATIONS 1650440 1636 accepted 866
S09_BIN_LEVEL q2_p0 0 [102.46906695553551, 79.68950816602369] errors [1.5464758119532849, 1.243813302902507] checks {'finite_statistics': True, 'requested_precision': True, 'independent_iteration_groups': True, 'iteration_consistency': True, 'channel_sum': True}
S09_BIN_DONE q2_p0 [102.46906695553551, 79.68950816602369] errors [1.5464758119532849, 1.243813302902507]
S09_EVALUATIONS 1650442 1732 accepted 966
S09_EVALUATIONS 1650443 17790 accepted 11790
S09_EVALUATIONS 1650447 7575 accepted 4714
S09_EVALUATIONS 1650446 7474 accepted 4810
S09_EVALUATIONS 1650445 9941 accepted 6438
S09_BIN_LEVEL q2_p1 0 [67.59525818035065, 52.688716832669414] errors [1.0321231470272547, 0.8281573559687814] checks {'finite_statistics': True, 'requested_precision': True, 'independent_iteration_groups': True, 'iteration_consistency': True, 'channel_sum': True}
S09_BIN_DONE q2_p1 [67.59525818035065, 52.688716832669414] errors [1.0321231470272547, 0.8281573559687814]
S09_EVALUATIONS 1650440 3092 accepted 1825
S09_BIN_LEVEL q2_p2 0 [31.554207419006875, 24.269702205992576] errors [0.582695604665413, 0.39402398458128135] checks {'finite_statistics': True, 'requested_precision': True, 'independent_iteration_groups': True, 'iteration_consistency': True, 'channel_sum': True}
S09_BIN_DONE q2_p2 [31.554207419006875, 24.269702205992576] errors [0.582695604665413, 0.39402398458128135]
S09_EVALUATIONS 1650442 3332 accepted 2022
S09_EVALUATIONS 1650443 19400 accepted 12963
S09_WARMUP q1_p2 1 [7.39(12) 7.77(13)]
S09_EVALUATIONS 1650445 11423 accepted 7528
S09_EVALUATIONS 1650440 4719 accepted 2917
S09_EVALUATIONS 1650442 5124 accepted 3247
S09_EVALUATIONS 1650443 21364 accepted 14294
S09_EVALUATIONS 1650445 13121 accepted 8722
S09_EVALUATIONS 1650440 6447 accepted 4043
S09_EVALUATIONS 1650442 7007 accepted 4491
S09_EVALUATIONS 1650443 23240 accepted 15631
S09_EVALUATIONS 1650445 14838 accepted 9933
S09_BIN_LEVEL q2_p4 0 [0.47205086877150826, 0.3562447868895125] errors [0.008646088162716652, 0.007769728709334314] checks {'finite_statistics': True, 'requested_precision': True, 'independent_iteration_groups': True, 'iteration_consistency': True, 'channel_sum': True}
S09_BIN_DONE q2_p4 [0.47205086877150826, 0.3562447868895125] errors [0.008646088162716652, 0.007769728709334314]
S09_BIN_LEVEL q2_p3 0 [6.694933586951658, 5.03076778330396] errors [0.165636738215799, 0.127121266153507] checks {'finite_statistics': True, 'requested_precision': True, 'independent_iteration_groups': True, 'iteration_consistency': True, 'channel_sum': True}
S09_BIN_DONE q2_p3 [6.694933586951658, 5.03076778330396] errors [0.165636738215799, 0.127121266153507]
S09_BIN_LEVEL q0_p3 1 [22.46352321958017, 15.13216945394082] errors [0.8300256844581648, 0.7829019892914684] checks {'finite_statistics': True, 'requested_precision': False, 'independent_iteration_groups': True, 'iteration_consistency': True, 'channel_sum': True}
S09_EVALUATIONS 1650443 25318 accepted 17031
S09_EVALUATIONS 1650445 16629 accepted 11223
S09_EVALUATIONS 1650443 27354 accepted 18479
S09_EVALUATIONS 1650445 18437 accepted 12522
S09_EVALUATIONS 1650443 29262 accepted 19937
S09_EVALUATIONS 1650445 20242 accepted 13802
S09_WARMUP q0_p3 2 [4.665(61) 4.765(64)]
S09_EVALUATIONS 1650443 31019 accepted 21319
S09_EVALUATIONS 1650445 22036 accepted 15068
S09_EVALUATIONS 1650443 32995 accepted 22708
S09_EVALUATIONS 1650445 23788 accepted 16308
S09_BIN_LEVEL q1_p2 1 [61.20892320652981, 42.5165132370852] errors [2.9662511747760663, 3.0531301164320506] checks {'finite_statistics': True, 'requested_precision': False, 'independent_iteration_groups': True, 'iteration_consistency': True, 'channel_sum': True}
