
SetDelayed::wrsym: Symbol Discard is Protected.
"[s03] --- numerical validation of the case-2 table (D=1.7, C=0.3) ---"
"  I["1","-4"]  resid(eps="0.02")="ScientificForm[-0.5922341361604495, 3]"  resid(eps="0.01")="ScientificForm[-0.2896781963029813, 3]"  ratio="2.044455342924801"  (expect ~4)"
"  I["2","-4"]  resid(eps="0.02")="ScientificForm[12.932269273035615, 3]"  resid(eps="0.01")="ScientificForm[13.124667777756311, 3]"  ratio="0.9853406952481667"  (expect ~4)"
"  I["1","-3"]  resid(eps="0.02")="ScientificForm[-0.357195420812082, 3]"  resid(eps="0.01")="ScientificForm[-0.1747774911465898, 3]"  ratio="2.0437152316856073"  (expect ~4)"
"  I["2","-3"]  resid(eps="0.02")="ScientificForm[2.2811277246915758, 3]"  resid(eps="0.01")="ScientificForm[2.4032461912329444, 3]"  ratio="0.9491860355435671"  (expect ~4)"
"  I["-2","-2"]  resid(eps="0.02")="ScientificForm[-0.06163977071562954, 3]"  resid(eps="0.01")="ScientificForm[-0.015091290574261507, 3]"  ratio="4.084459868578595"  (expect ~4)"
"  I["-1","-2"]  resid(eps="0.02")="ScientificForm[-0.029411156732194854, 3]"  resid(eps="0.01")="ScientificForm[-0.0072012466307338485, 3]"  ratio="4.084175732389503"  (expect ~4)"
"  I["1","-2"]  resid(eps="0.02")="ScientificForm[-0.23009985403498323, 3]"  resid(eps="0.01")="ScientificForm[-0.11263330104016323, 3]"  ratio="2.0429113939662775"  (expect ~4)"
"  I["2","-2"]  resid(eps="0.02")="ScientificForm[-0.16529322538469504, 3]"  resid(eps="0.01")="ScientificForm[-0.0808817659446679, 3]"  ratio="2.043640163566334"  (expect ~4)"
"  I["-2","-1"]  resid(eps="0.02")="ScientificForm[-0.04045956375810178, 3]"  resid(eps="0.01")="ScientificForm[-0.009907158382088, 3]"  ratio="4.083871701420671"  (expect ~4)"
"  I["-1","-1"]  resid(eps="0.02")="ScientificForm[-0.019316548366834496, 3]"  resid(eps="0.01")="ScientificForm[-0.004730390097767767, 3]"  ratio="4.083500085109222"  (expect ~4)"
"  I["-2","0"]  resid(eps="0.02")="ScientificForm[-0.03531131320901082, 3]"  resid(eps="0.01")="ScientificForm[-0.008647022588654352, 3]"  ratio="4.083638367655284"  (expect ~4)"
"  I["-1","0"]  resid(eps="0.02")="ScientificForm[-0.017802358692673437, 3]"  resid(eps="0.01")="ScientificForm[-0.004359761602056977, 3]"  ratio="4.083333062127551"  (expect ~4)"
"  I["1","0"]  resid(eps="0.02")="ScientificForm[-0.0075499942721138635, 3]"  resid(eps="0.01")="ScientificForm[-0.0018487513000279704, 3]"  ratio="4.0838344627531225"  (expect ~4)"
"  I["2","0"]  resid(eps="0.02")="ScientificForm[-0.0066784802986810665, 3]"  resid(eps="0.01")="ScientificForm[-0.0016349632419413729, 3]"  ratio="4.084789264589806"  (expect ~4)"
"  I["1","-1"]  resid(eps="0.02")="ScientificForm[-0.16949455866978758, 3]"  resid(eps="0.01")="ScientificForm[-0.08300199225122595, 3]"  ratio="2.0420541010241124"  (expect ~4)"
"  I["2","-1"]  resid(eps="0.02")="ScientificForm[-0.1337248690930699, 3]"  resid(eps="0.01")="ScientificForm[-0.06544946989396871, 3]"  ratio="2.043177268046794"  (expect ~4)"

NIntegrate::slwcon: Numerical integration converging too slowly; suspect one of the following: singularity, value of the integration is 0, highly oscillatory integrand or WorkingPrecision too small.

                                                                                                                 2        1.04000000000000000000000000000000000000000000000000000000002548947        0.0400000000000000000000000000000000000000000000000000000000254894706
                                  (1.69999999999999999999999999999999999999999999999999999999996813816 - Cos[b1])  Sin[b1]                                                                    Sin[b2]                                                                                                                                                                                             -8            -8
NIntegrate::inumri: The integrand ---------------------------------------------------------------------------------------------------------------------------------------------------------------------------------------------------------------------------------------- has evaluated to Overflow, Indeterminate or Infinity for all sampling points in the region with boundaries {{6.63384 10  , 7.60593 10  }, {0, 0.5}}.
                                                                   1 - 0.300000000000000000000000000000000000000000000000000000000031861838 Cos[b1] - 0.95393920141694564915262158602322654025462342525054575390791749756 Cos[b2] Sin[b1]

NIntegrate::slwcon: Numerical integration converging too slowly; suspect one of the following: singularity, value of the integration is 0, highly oscillatory integrand or WorkingPrecision too small.

                                                                                                                 2        1.04000000000000000000000000000000000000000000000000000000002548947        0.0400000000000000000000000000000000000000000000000000000000254894706
                                  (1.69999999999999999999999999999999999999999999999999999999996813816 - Cos[b1])  Sin[b1]                                                                    Sin[b2]                                                                                                                                                                                             -8            -8
NIntegrate::inumri: The integrand ---------------------------------------------------------------------------------------------------------------------------------------------------------------------------------------------------------------------------------------- has evaluated to Overflow, Indeterminate or Infinity for all sampling points in the region with boundaries {{6.63384 10  , 7.60593 10  }, {0, 0.5}}.
                                                                   1 - 0.300000000000000000000000000000000000000000000000000000000031861838 Cos[b1] - 0.95393920141694564915262158602322654025462342525054575390791749756 Cos[b2] Sin[b1]

NIntegrate::slwcon: Numerical integration converging too slowly; suspect one of the following: singularity, value of the integration is 0, highly oscillatory integrand or WorkingPrecision too small.

General::stop: Further output of NIntegrate::slwcon will be suppressed during this calculation.

                                                                                                                 2        1.04000000000000000000000000000000000000000000000000000000002548947        0.0400000000000000000000000000000000000000000000000000000000254894706
                                  (1.69999999999999999999999999999999999999999999999999999999996813816 - Cos[b1])  Sin[b1]                                                                    Sin[b2]                                                                                                                                                                                             -8            -8
NIntegrate::inumri: The integrand ---------------------------------------------------------------------------------------------------------------------------------------------------------------------------------------------------------------------------------------- has evaluated to Overflow, Indeterminate or Infinity for all sampling points in the region with boundaries {{6.63384 10  , 7.60593 10  }, {0, 0.5}}.
                                                                   1 - 0.300000000000000000000000000000000000000000000000000000000031861838 Cos[b1] - 0.95393920141694564915262158602322654025462342525054575390791749756 Cos[b2] Sin[b1]

General::stop: Further output of NIntegrate::inumri will be suppressed during this calculation.

                                                                                              2.000000000        1.040000000        0.04000000000
                                                           (1.700000000 - 1.000000000 Cos[b1])            Sin[b1]            Sin[b2]
NIntegrate::precw: The precision of the argument function (--------------------------------------------------------------------------------------) is less than WorkingPrecision (MachinePrecision).
                                                                                                                                  1.000000000
                                                               (1.000000000 - 0.3000000000 Cos[b1] - 0.9539392014 Cos[b2] Sin[b1])

                                                                                              2.000000000        1.040000000        0.04000000000
                                                           (1.700000000 - 1.000000000 Cos[b1])            Sin[b1]            Sin[b2]
NIntegrate::precw: The precision of the argument function (--------------------------------------------------------------------------------------) is less than WorkingPrecision (MachinePrecision).
                                                                                                                                  1.000000000
                                                               (1.000000000 - 0.3000000000 Cos[b1] - 0.9539392014 Cos[b2] Sin[b1])

                                                                                              2.000000000        1.040000000        0.04000000000
                                                           (1.700000000 - 1.000000000 Cos[b1])            Sin[b1]            Sin[b2]
NIntegrate::precw: The precision of the argument function (--------------------------------------------------------------------------------------) is less than WorkingPrecision (MachinePrecision).
                                                                                                                                  1.000000000
                                                               (1.000000000 - 0.3000000000 Cos[b1] - 0.9539392014 Cos[b2] Sin[b1])

General::stop: Further output of NIntegrate::precw will be suppressed during this calculation.
"  I["-2","1"]  resid(eps="-0.02")="ScientificForm[316.1730262499303813122`10. - 1.`10.*NIntegrate[(Sin[b1]^1.04`10.*Sin[b2]^0.04`10.*(1.7`10. - 1.`10.*Cos[b1])^2.`10.301029995663981)/(1.`10. - 0.3`10.*Cos[b1] - 0.95393920141694564915262158602322654026`10.*Cos[b2]*Sin[b1])^1.`10., {b1, 0, x0$24914, 3.14159265358979323845859885078191098273`10.}, {b2, 0, 3.14159265358979323845859885078191098273`10.}, PrecisionGoal -> 8.`10., MaxRecursion -> 30.`10., Method -> {"GlobalAdaptive", "SymbolicProcessing" -> 0}], 3]"  resid(eps="-0.01")="ScientificForm[624.2517390278866603453`10. - 1.`10.*NIntegrate[(Sin[b1]^1.02`10.*Sin[b2]^0.02`10.*(1.7`10. - 1.`10.*Cos[b1])^2.`10.301029995663981)/(1.`10. - 0.3`10.*Cos[b1] - 0.95393920141694564915262158602322654026`10.*Cos[b2]*Sin[b1])^1.`10., {b1, 0, x0$24967, 3.14159265358979323845859885078191098273`10.}, {b2, 0, 3.14159265358979323845859885078191098273`10.}, PrecisionGoal -> 8.`10., MaxRecursion -> 30.`10., Method -> {"GlobalAdaptive", "SymbolicProcessing" -> 0}], 3]"  ratio="If[Abs[624.2517390278866603453`10. - 1.`10.*NIntegrate[(Sin[b1]^1.02`10.*Sin[b2]^0.02`10.*(1.7`10. - 1.`10.*Cos[b1])^2.`10.301029995663981)/(1.`10. - 0.3`10.*Cos[b1] - 0.95393920141694564915262158602322654026`10.*Cos[b2]*Sin[b1])^1.`10., {b1, 0, x0$24967, 3.14159265358979323845859885078191098273`10.}, {b2, 0, 3.14159265358979323845859885078191098273`10.}, PrecisionGoal -> 8.`10., MaxRecursion -> 30.`10., Method -> {"GlobalAdaptive", "SymbolicProcessing" -> 0}]] > 0, N[e1$24913/e2$24913, 4], "-"]"  (expect ~4)"
"  I["-1","1"]  resid(eps="-0.02")="ScientificForm[221.7210431197532475978`10. - 1.`10.*NIntegrate[(Sin[b1]^1.04`10.*Sin[b2]^0.04`10.*(1.7`10. - 1.`10.*Cos[b1])^1.`10.)/(1.`10. - 0.3`10.*Cos[b1] - 0.95393920141694564915262158602322654026`10.*Cos[b2]*Sin[b1])^1.`10., {b1, 0, x0$25165, 3.14159265358979323845859885078191098273`10.}, {b2, 0, 3.14159265358979323845859885078191098273`10.}, PrecisionGoal -> 8.`10., MaxRecursion -> 30.`10., Method -> {"GlobalAdaptive", "SymbolicProcessing" -> 0}], 3]"  resid(eps="-0.01")="ScientificForm[441.6702279828818518089`10. - 1.`10.*NIntegrate[(Sin[b1]^1.02`10.*Sin[b2]^0.02`10.*(1.7`10. - 1.`10.*Cos[b1])^1.`10.)/(1.`10. - 0.3`10.*Cos[b1] - 0.95393920141694564915262158602322654026`10.*Cos[b2]*Sin[b1])^1.`10., {b1, 0, x0$25206, 3.14159265358979323845859885078191098273`10.}, {b2, 0, 3.14159265358979323845859885078191098273`10.}, PrecisionGoal -> 8.`10., MaxRecursion -> 30.`10., Method -> {"GlobalAdaptive", "SymbolicProcessing" -> 0}], 3]"  ratio="If[Abs[441.6702279828818518089`10. - 1.`10.*NIntegrate[(Sin[b1]^1.02`10.*Sin[b2]^0.02`10.*(1.7`10. - 1.`10.*Cos[b1])^1.`10.)/(1.`10. - 0.3`10.*Cos[b1] - 0.95393920141694564915262158602322654026`10.*Cos[b2]*Sin[b1])^1.`10., {b1, 0, x0$25206, 3.14159265358979323845859885078191098273`10.}, {b2, 0, 3.14159265358979323845859885078191098273`10.}, PrecisionGoal -> 8.`10., MaxRecursion -> 30.`10., Method -> {"GlobalAdaptive", "SymbolicProcessing" -> 0}]] > 0, N[e1$25164/e2$25164, 4], "-"]"  (expect ~4)"
"  I["1","1"]  resid(eps="-0.02")="ScientificForm[112.2813464308894642987`10. - 1.`10.*NIntegrate[(Sin[b1]^1.04`10.*Sin[b2]^0.04`10.)/((1.7`10. - 1.`10.*Cos[b1])^1.`10.*(1.`10. - 0.3`10.*Cos[b1] - 0.95393920141694564915262158602322654026`10.*Cos[b2]*Sin[b1])^1.`10.), {b1, 0, x0$25398, 3.14159265358979323845859885078191098273`10.}, {b2, 0, 3.14159265358979323845859885078191098273`10.}, PrecisionGoal -> 8.`10., MaxRecursion -> 30.`10., Method -> {"GlobalAdaptive", "SymbolicProcessing" -> 0}], 3]"  resid(eps="-0.01")="ScientificForm[224.4810840590963656725`10. - 1.`10.*NIntegrate[(Sin[b1]^1.02`10.*Sin[b2]^0.02`10.)/((1.7`10. - 1.`10.*Cos[b1])^1.`10.*(1.`10. - 0.3`10.*Cos[b1] - 0.95393920141694564915262158602322654026`10.*Cos[b2]*Sin[b1])^1.`10.), {b1, 0, x0$25439, 3.14159265358979323845859885078191098273`10.}, {b2, 0, 3.14159265358979323845859885078191098273`10.}, PrecisionGoal -> 8.`10., MaxRecursion -> 30.`10., Method -> {"GlobalAdaptive", "SymbolicProcessing" -> 0}], 3]"  ratio="If[Abs[224.4810840590963656725`10. - 1.`10.*NIntegrate[(Sin[b1]^1.02`10.*Sin[b2]^0.02`10.)/((1.7`10. - 1.`10.*Cos[b1])^1.`10.*(1.`10. - 0.3`10.*Cos[b1] - 0.95393920141694564915262158602322654026`10.*Cos[b2]*Sin[b1])^1.`10.), {b1, 0, x0$25439, 3.14159265358979323845859885078191098273`10.}, {b2, 0, 3.14159265358979323845859885078191098273`10.}, PrecisionGoal -> 8.`10., MaxRecursion -> 30.`10., Method -> {"GlobalAdaptive", "SymbolicProcessing" -> 0}]] > 0, N[e1$25397/e2$25397, 4], "-"]"  (expect ~4)"
"  I["2","1"]  resid(eps="-0.02")="ScientificForm[80.1426697344335009812`10. - 1.`10.*NIntegrate[(Sin[b1]^1.04`10.*Sin[b2]^0.04`10.)/((1.7`10. - 1.`10.*Cos[b1])^2.`10.301029995663981*(1.`10. - 0.3`10.*Cos[b1] - 0.95393920141694564915262158602322654026`10.*Cos[b2]*Sin[b1])^1.`10.), {b1, 0, x0$25651, 3.14159265358979323845859885078191098273`10.}, {b2, 0, 3.14159265358979323845859885078191098273`10.}, PrecisionGoal -> 8.`10., MaxRecursion -> 30.`10., Method -> {"GlobalAdaptive", "SymbolicProcessing" -> 0}], 3]"  resid(eps="-0.01")="ScientificForm[160.2853394688670019624`10. - 1.`10.*NIntegrate[(Sin[b1]^1.02`10.*Sin[b2]^0.02`10.)/((1.7`10. - 1.`10.*Cos[b1])^2.`10.301029995663981*(1.`10. - 0.3`10.*Cos[b1] - 0.95393920141694564915262158602322654026`10.*Cos[b2]*Sin[b1])^1.`10.), {b1, 0, x0$25692, 3.14159265358979323845859885078191098273`10.}, {b2, 0, 3.14159265358979323845859885078191098273`10.}, PrecisionGoal -> 8.`10., MaxRecursion -> 30.`10., Method -> {"GlobalAdaptive", "SymbolicProcessing" -> 0}], 3]"  ratio="If[Abs[160.2853394688670019624`10. - 1.`10.*NIntegrate[(Sin[b1]^1.02`10.*Sin[b2]^0.02`10.)/((1.7`10. - 1.`10.*Cos[b1])^2.`10.301029995663981*(1.`10. - 0.3`10.*Cos[b1] - 0.95393920141694564915262158602322654026`10.*Cos[b2]*Sin[b1])^1.`10.), {b1, 0, x0$25692, 3.14159265358979323845859885078191098273`10.}, {b2, 0, 3.14159265358979323845859885078191098273`10.}, PrecisionGoal -> 8.`10., MaxRecursion -> 30.`10., Method -> {"GlobalAdaptive", "SymbolicProcessing" -> 0}]] > 0, N[e1$25650/e2$25650, 4], "-"]"  (expect ~4)"
"  I["-2","2"]  : not numerically testable (non-integrable), skipped"
"  I["-1","2"]  : not numerically testable (non-integrable), skipped"
"  I["1","2"]  : not numerically testable (non-integrable), skipped"
"  I["2","2"]  : not numerically testable (non-integrable), skipped"
"[s03] --- exact relation  d/dD I[j,l] = -j I[j+1,l]  (D=1.7,C=0.3) ---"
"  j="1" l="-4" -> "13.30882394810277967729849145486111987083`20.
"  j="1" l="-3" -> "2.52019726223807876475857868000527380446`20.
"  j="-2" l="-2" -> "0
"  j="-1" l="-2" -> "0

                                                                                                                                               27
                                                                                                                                    347949 Log[--]
                                                                                                          27               13097               7
                                                                                                 1841 Log[--]    100 Pi (-(-----) + --------------)
                                                                                          1871            7                5000         100000
N::meprec: Internal precision limit $MaxExtraPrecision = 50. reached while evaluating Pi (---- - ------------) + ----------------------------------.
                                                                                          1350       1000                       189
"  j="1" l="-2" -> "0
"  j="-2" l="-1" -> "0
"  j="-1" l="-1" -> "0
"  j="-2" l="0" -> "0
"  j="-1" l="0" -> "0
"  j="1" l="0" -> "0

                                                                                                               27
                                                                                                       567 Log[--]
                                                                                                 49            7                        27
                                                                                      -100 Pi (-(--) - -----------)               3 Log[--]
                                                                                                 50       1000              14          7
N::meprec: Internal precision limit $MaxExtraPrecision = 50. reached while evaluating ----------------------------- + Pi (-(--) - ---------).
                                                                                                   189                      27       10
"  j="1" l="-1" -> "0
"  j="-2" l="1" -> "0
"  j="-1" l="1" -> "0
"  j="1" l="1" -> "-0.88940116953246379268510680048857313589`20.
"  j="-2" l="2" -> "0
"  j="-1" l="2" -> "0
"  j="1" l="2" -> "0
"[s03] done"
