=== Wg3 141-150
=== Wg3 151-160
=== Wg3 161-170
"[s07a] ""Wg3"" terms "141"-"150" of "187
"[s07a] batch done in "208" s"
"[s07a] wrote s07part_""Wg3_141_150"".m"
=== Wg3 171-180
"[s07a] ""Wg3"" terms "161"-"170" of "187
--- batch Wg3 161-170 failed, retrying term by term
"[s07a] ""Wg3"" terms "151"-"160" of "187
--- batch Wg3 151-160 failed, retrying term by term
"[s07a] ""Wg3"" terms "151"-"151" of "187
"[s07a] batch done in "12" s"
"[s07a] wrote s07part_""Wg3_151_151"".m"
"[s07a] ""Wg3"" terms "152"-"152" of "187
"[s07a] batch done in "11" s"
"[s07a] wrote s07part_""Wg3_152_152"".m"
"[s07a] ""Wg3"" terms "153"-"153" of "187
"[s07a] batch done in "6" s"
"[s07a] wrote s07part_""Wg3_153_153"".m"
"[s07a] ""Wg3"" terms "171"-"180" of "187
--- batch Wg3 171-180 failed, retrying term by term
"[s07a] ""Wg3"" terms "154"-"154" of "187
"[s07a] batch done in "5" s"
"[s07a] wrote s07part_""Wg3_154_154"".m"
"[s07a] ""Wg3"" terms "155"-"155" of "187
"[s07a] batch done in "5" s"
"[s07a] wrote s07part_""Wg3_155_155"".m"
"[s07a] ""Wg3"" terms "156"-"156" of "187
"[s07a] batch done in "8" s"
"[s07a] wrote s07part_""Wg3_156_156"".m"
"[s07a] ""Wg3"" terms "157"-"157" of "187
"[s07a] batch done in "17" s"
"[s07a] wrote s07part_""Wg3_157_157"".m"
"[s07a] ""Wg3"" terms "158"-"158" of "187
!!! TERM Wg3 158 FAILED
"[s07a] ""Wg3"" terms "161"-"161" of "187
!!! TERM Wg3 161 FAILED
"[s07a] ""Wg3"" terms "171"-"171" of "187
!!! TERM Wg3 171 FAILED
