ISOTime === batch Wg3 1-20 of 187 starting
ISOTime === batch Wg3 41-60 of 187 starting
ISOTime === batch Wg3 21-40 of 187 starting
ISOTime Wg3 term 21 done in 0.02 s
ISOTime Wg3 term 41 done in 1.96 s
ISOTime Wg3 term 22 done in 1.45 s
ISOTime Wg3 term 42 done in 1.61 s
ISOTime Wg3 term 43 done in 0.95 s
ISOTime Wg3 term 23 done in 1.46 s
ISOTime Wg3 term 1 done in 6.3 s
ISOTime Wg3 term 44 done in 1.43 s
ISOTime Wg3 term 45 done in 1.08 s
ISOTime Wg3 term 46 done in 0.71 s
ISOTime Wg3 term 24 done in 3.66 s
ISOTime Wg3 term 47 done in 0.78 s
ISOTime Wg3 term 48 done in 0.84 s
ISOTime Wg3 term 49 done in 2.45 s
ISOTime Wg3 term 25 done in 4.2 s
ISOTime Wg3 term 50 done in 2.15 s
ISOTime Wg3 term 51 done in 2.07 s
ISOTime Wg3 term 26 done in 5.57 s
ISOTime Wg3 term 52 done in 2.16 s
ISOTime Wg3 term 53 done in 2.55 s
ISOTime Wg3 term 27 done in 3.85 s
ISOTime Wg3 term 54 done in 1.77 s
ISOTime Wg3 term 55 done in 0.69 s
ISOTime Wg3 term 56 done in 0.67 s
ISOTime Wg3 term 57 done in 0.3 s
ISOTime Wg3 term 58 done in 0.3 s
ISOTime Wg3 term 59 done in 0.78 s
ISOTime Wg3 term 60 done in 0.63 s
ISOTime Wg3 term 28 done in 4.25 s
ISOTime Wg3 term 29 done in 2.08 s
ISOTime Wg3 term 30 done in 1.45 s
ISOTime Wg3 term 31 done in 1.26 s
ISOTime Wg3 term 32 done in 0.59 s
ISOTime Wg3 term 33 done in 4.12 s
ISOTime Wg3 term 2 done in 31.24 s
ISOTime Wg3 term 3 done in 1.25 s
ISOTime Wg3 term 34 done in 3.86 s
ISOTime Wg3 term 4 done in 1.45 s
ISOTime Wg3 term 35 done in 0.97 s
ISOTime Wg3 term 5 done in 3.93 s
ISOTime Wg3 term 36 done in 3.37 s
ISOTime Wg3 term 37 done in 3.12 s
ISOTime Wg3 term 6 done in 3.59 s
ISOTime Wg3 term 38 done in 0.64 s
ISOTime Wg3 term 39 done in 0.62 s
ISOTime Wg3 term 40 done in 1.78 s
ISOTime === batch Wg3 61-80 of 187 starting
ISOTime Wg3 term 7 done in 3.72 s
ISOTime Wg3 term 61 done in 0.63 s
ISOTime Wg3 term 62 done in 0.93 s
ISOTime Wg3 term 63 done in 1.08 s
ISOTime Wg3 term 8 done in 3.37 s
ISOTime Wg3 term 64 done in 1.52 s
ISOTime Wg3 term 65 done in 1.29 s
ISOTime Wg3 term 66 done in 1.29 s
ISOTime Wg3 term 67 done in 0.91 s
ISOTime Wg3 term 9 done in 4.49 s
ISOTime Wg3 term 68 done in 1.84 s
ISOTime Wg3 term 69 done in 1.55 s
ISOTime Wg3 term 70 done in 0.85 s
ISOTime Wg3 term 10 done in 5.21 s
ISOTime Wg3 term 71 done in 1.92 s
ISOTime Wg3 term 72 done in 2.17 s
ISOTime Wg3 term 73 done in 0.76 s
ISOTime Wg3 term 74 done in 0.45 s
ISOTime Wg3 term 75 done in 0.98 s
ISOTime Wg3 term 76 done in 0.82 s
ISOTime Wg3 term 77 done in 0.68 s
ISOTime Wg3 term 78 done in 0.31 s
ISOTime Wg3 term 79 done in 0.09 s
ISOTime Wg3 term 80 done in 0.17 s
ISOTime Wg3 term 11 done in 7.8 s
ISOTime === batch Wg3 81-100 of 187 starting
ISOTime Wg3 term 81 done in 0.14 s
ISOTime Wg3 term 82 done in 0.26 s
ISOTime Wg3 term 83 done in 0.18 s
ISOTime Wg3 term 84 done in 0.52 s
ISOTime Wg3 term 85 done in 0.63 s
ISOTime Wg3 term 12 done in 9.54 s
ISOTime Wg3 term 86 done in 0.72 s
ISOTime Wg3 term 87 done in 0.35 s
ISOTime Wg3 term 88 done in 0.37 s
ISOTime Wg3 term 89 done in 0.66 s
ISOTime Wg3 term 90 done in 0.58 s
ISOTime Wg3 term 91 done in 0.47 s
ISOTime Wg3 term 92 done in 0.39 s
ISOTime Wg3 term 93 done in 0.59 s
ISOTime Wg3 term 94 done in 0.55 s
ISOTime Wg3 term 95 done in 0.48 s
ISOTime Wg3 term 96 done in 0.43 s
ISOTime Wg3 term 97 done in 0.44 s
ISOTime Wg3 term 13 done in 5.92 s
ISOTime Wg3 term 98 done in 0.63 s
ISOTime Wg3 term 99 done in 0.77 s
ISOTime Wg3 term 100 done in 0.84 s
ISOTime Wg3 term 14 done in 4.17 s
ISOTime Wg3 term 15 done in 3.41 s
ISOTime Wg3 term 16 done in 4.78 s
ISOTime Wg3 term 17 done in 5.25 s
ISOTime === batch Wg3 101-120 of 187 starting
ISOTime Wg3 term 101 done in 0.37 s
ISOTime Wg3 term 102 done in 0.37 s
ISOTime Wg3 term 103 done in 0.33 s
ISOTime Wg3 term 104 done in 0.23 s
ISOTime Wg3 term 105 done in 0.29 s
ISOTime Wg3 term 18 done in 3.78 s
ISOTime Wg3 term 106 done in 0.3 s
ISOTime Wg3 term 107 done in 0.27 s
ISOTime Wg3 term 108 done in 1.35 s
ISOTime Wg3 term 109 done in 1.06 s
ISOTime Wg3 term 19 done in 3.31 s
ISOTime Wg3 term 20 done in 0.01 s
ISOTime === batch Wg3 121-140 of 187 starting
ISOTime Wg3 term 121 done in 7.4 s
ISOTime Wg3 term 110 done in 17.14 s
ISOTime Wg3 term 122 done in 8.14 s
ISOTime === batch Wg3 141-160 of 187 starting
ISOTime Wg3 term 123 done in 7.68 s
ISOTime Wg3 term 111 done in 17.67 s
ISOTime Wg3 term 141 done in 9.45 s
ISOTime Wg3 term 124 done in 9.38 s
ISOTime Wg3 term 125 done in 7.21 s
ISOTime Wg3 term 142 done in 10.47 s
ISOTime Wg3 term 143 done in 5.55 s
ISOTime Wg3 term 126 done in 7.99 s
ISOTime Wg3 term 144 done in 6.39 s
ISOTime Wg3 term 112 done in 25.37 s
ISOTime Wg3 term 145 done in 4.48 s
ISOTime Wg3 term 127 done in 11.05 s
ISOTime Wg3 term 146 done in 4.86 s
ISOTime Wg3 term 128 done in 6.81 s
ISOTime Wg3 term 147 done in 4.17 s
ISOTime Wg3 term 113 done in 13.19 s
ISOTime Wg3 term 148 done in 4.1 s
ISOTime Wg3 term 129 done in 6.26 s
ISOTime Wg3 term 149 done in 8.62 s
ISOTime Wg3 term 130 done in 7.11 s
ISOTime Wg3 term 150 done in 0.5 s
ISOTime Wg3 term 151 done in 0.57 s
ISOTime Wg3 term 152 done in 0.46 s
ISOTime Wg3 term 131 done in 3.41 s
ISOTime Wg3 term 114 done in 14.55 s
ISOTime Wg3 term 132 done in 3.86 s
ISOTime Wg3 term 153 done in 6.48 s
ISOTime Wg3 term 154 done in 5.84 s
ISOTime Wg3 term 115 done in 9.95 s
ISOTime Wg3 term 155 done in 6.68 s
ISOTime Wg3 term 116 done in 6.71 s
ISOTime Wg3 term 133 done in 17.48 s
ISOTime Wg3 term 156 done in 6.28 s
ISOTime Wg3 term 117 done in 6.89 s
ISOTime Wg3 term 157 done in 5.27 s
ISOTime Wg3 term 118 done in 7.3 s
ISOTime Wg3 term 158 done in 3.44 s
ISOTime Wg3 term 159 done in 2.96 s
ISOTime Wg3 term 119 done in 3.74 s
ISOTime Wg3 term 134 done in 16.4 s
ISOTime Wg3 term 120 done in 6.96 s
ISOTime Wg3 term 135 done in 5.27 s
ISOTime Wg3 term 160 done in 11.25 s
ISOTime Wg3 term 136 done in 3.47 s
ISOTime Wg3 term 137 done in 3.19 s
ISOTime Wg3 term 138 done in 11.39 s
ISOTime === batch Wg3 161-180 of 187 starting
ISOTime === batch Wg3 181-187 of 187 starting
ISOTime Wg3 term 161 done in 5.58 s
ISOTime Wg3 term 139 done in 15.03 s
ISOTime Wg3 term 181 done in 8.38 s
ISOTime Wg3 term 182 done in 4.38 s
ISOTime Wg3 term 162 done in 8.82 s
ISOTime Wg3 term 183 done in 1.63 s
ISOTime Wg3 term 140 done in 10.52 s
ISOTime Wg3 term 163 done in 6.66 s
ISOTime Wg3 term 184 done in 14.29 s
ISOTime Wg3 term 185 done in 11. s
ISOTime Wg3 term 186 done in 3.67 s
ISOTime Wg3 term 187 done in 1.05 s
ISOTime Wg3 term 164 done in 26.03 s
ISOTime === batch Wpp3 1-20 of 182 starting
ISOTime Wpp3 term 1 done in 2.67 s
ISOTime Wpp3 term 2 done in 20.47 s
ISOTime === batch Wpp3 21-40 of 182 starting
ISOTime Wpp3 term 21 done in 0.03 s
ISOTime Wpp3 term 3 done in 0.64 s
ISOTime Wpp3 term 4 done in 0.9 s
ISOTime Wpp3 term 22 done in 3.95 s
ISOTime Wpp3 term 5 done in 3.77 s
ISOTime Wpp3 term 23 done in 3.34 s
ISOTime Wpp3 term 6 done in 2.89 s
ISOTime Wpp3 term 24 done in 2.99 s
ISOTime Wpp3 term 7 done in 3.6 s
ISOTime Wpp3 term 25 done in 2.99 s
ISOTime Wpp3 term 8 done in 3.96 s
ISOTime Wpp3 term 26 done in 2.91 s
ISOTime Wg3 term 165 done in 45.87 s
ISOTime Wpp3 term 27 done in 3.46 s
ISOTime Wpp3 term 9 done in 4.11 s
ISOTime Wpp3 term 28 done in 4.09 s
ISOTime Wpp3 term 10 done in 5.86 s
ISOTime Wpp3 term 29 done in 3.49 s
ISOTime Wpp3 term 30 done in 2.42 s
ISOTime Wpp3 term 31 done in 0.96 s
ISOTime Wpp3 term 32 done in 0.24 s
ISOTime Wpp3 term 33 done in 2.74 s
ISOTime Wpp3 term 34 done in 1.69 s
ISOTime Wpp3 term 35 done in 0.5 s
ISOTime Wpp3 term 11 done in 10.55 s
ISOTime Wg3 term 166 done in 20.88 s
ISOTime Wpp3 term 36 done in 3.98 s
ISOTime Wpp3 term 37 done in 1.62 s
ISOTime Wpp3 term 38 done in 1.59 s
ISOTime Wpp3 term 39 done in 1.29 s
ISOTime Wpp3 term 12 done in 11.69 s
ISOTime Wpp3 term 40 done in 3.64 s
ISOTime Wpp3 term 13 done in 2.95 s
ISOTime Wpp3 term 14 done in 3.32 s
ISOTime Wpp3 term 15 done in 9.57 s
ISOTime Wpp3 term 16 done in 6.85 s
ISOTime Wpp3 term 17 done in 3.77 s
ISOTime === batch Wpp3 41-60 of 182 starting
ISOTime Wpp3 term 18 done in 4.26 s
ISOTime Wg3 term 167 done in 42.49 s
ISOTime Wpp3 term 41 done in 3.18 s
ISOTime Wpp3 term 42 done in 2.75 s
ISOTime Wpp3 term 43 done in 0.35 s
ISOTime Wpp3 term 19 done in 6.7 s
ISOTime Wpp3 term 20 done in 0.02 s
ISOTime Wpp3 term 44 done in 3.1 s
ISOTime Wpp3 term 45 done in 1.02 s
ISOTime Wpp3 term 46 done in 0.24 s
ISOTime Wpp3 term 47 done in 1.4 s
ISOTime Wpp3 term 48 done in 1.99 s
ISOTime Wpp3 term 49 done in 6.98 s
ISOTime Wpp3 term 50 done in 4.52 s
ISOTime Wpp3 term 51 done in 3.81 s
ISOTime Wpp3 term 52 done in 3.85 s
ISOTime Wg3 term 168 done in 31.99 s
ISOTime Wpp3 term 53 done in 4.02 s
ISOTime Wpp3 term 54 done in 3.19 s
ISOTime === batch Wpp3 61-80 of 182 starting
ISOTime Wpp3 term 61 done in 1.45 s
ISOTime Wpp3 term 55 done in 1.77 s
ISOTime Wpp3 term 56 done in 1.39 s
ISOTime Wpp3 term 62 done in 1.55 s
ISOTime Wpp3 term 57 done in 0.64 s
ISOTime Wpp3 term 58 done in 0.57 s
ISOTime Wpp3 term 63 done in 1.91 s
ISOTime Wpp3 term 59 done in 1.72 s
ISOTime Wpp3 term 64 done in 2.07 s
ISOTime Wpp3 term 60 done in 1.46 s
ISOTime Wpp3 term 65 done in 2.29 s
ISOTime Wpp3 term 66 done in 1.07 s
ISOTime Wpp3 term 67 done in 0.81 s
ISOTime Wpp3 term 68 done in 0.7 s
ISOTime Wpp3 term 69 done in 0.3 s
ISOTime Wpp3 term 70 done in 2.51 s
ISOTime Wpp3 term 71 done in 2.09 s
ISOTime Wpp3 term 72 done in 0.61 s
ISOTime Wpp3 term 73 done in 2.08 s
ISOTime Wpp3 term 74 done in 1.9 s
ISOTime Wpp3 term 75 done in 0.51 s
ISOTime Wpp3 term 76 done in 0.17 s
ISOTime Wpp3 term 77 done in 0.44 s
ISOTime Wpp3 term 78 done in 0.26 s
ISOTime Wpp3 term 79 done in 0.6 s
ISOTime Wpp3 term 80 done in 0.37 s
ISOTime === batch Wpp3 81-100 of 182 starting
ISOTime Wpp3 term 81 done in 0.67 s
ISOTime Wpp3 term 82 done in 0.54 s
ISOTime Wpp3 term 83 done in 0.24 s
ISOTime Wpp3 term 84 done in 0.42 s
ISOTime Wpp3 term 85 done in 0.52 s
ISOTime Wpp3 term 86 done in 0.46 s
ISOTime Wpp3 term 87 done in 0.8 s
ISOTime Wpp3 term 88 done in 0.95 s
ISOTime Wpp3 term 89 done in 0.59 s
ISOTime Wpp3 term 90 done in 0.76 s
ISOTime Wpp3 term 91 done in 0.79 s
ISOTime Wpp3 term 92 done in 1. s
ISOTime Wpp3 term 93 done in 1.27 s
ISOTime Wpp3 term 94 done in 1.19 s
ISOTime Wpp3 term 95 done in 0.84 s
ISOTime Wg3 term 169 done in 63.41 s
ISOTime Wpp3 term 96 done in 0.44 s
ISOTime Wpp3 term 97 done in 0.32 s
ISOTime Wpp3 term 98 done in 0.36 s
ISOTime Wpp3 term 99 done in 0.27 s
ISOTime === batch Wpp3 101-120 of 182 starting
ISOTime Wpp3 term 100 done in 1.02 s
ISOTime Wpp3 term 101 done in 1.29 s
ISOTime Wpp3 term 102 done in 9.33 s
ISOTime Wpp3 term 103 done in 9.63 s
ISOTime Wpp3 term 104 done in 11.54 s
ISOTime === batch Wpp3 121-140 of 182 starting
ISOTime Wpp3 term 105 done in 16.09 s
ISOTime Wpp3 term 121 done in 19.99 s
ISOTime Wpp3 term 106 done in 13.97 s
ISOTime Wg3 term 170 done in 69.36 s
ISOTime Wpp3 term 107 done in 10.54 s
ISOTime Wpp3 term 122 done in 21.87 s
ISOTime Wpp3 term 108 done in 5.74 s
ISOTime Wpp3 term 123 done in 3.78 s
ISOTime Wpp3 term 109 done in 2.87 s
ISOTime Wpp3 term 124 done in 3.21 s
ISOTime Wpp3 term 110 done in 3.82 s
ISOTime Wpp3 term 125 done in 2.95 s
ISOTime Wpp3 term 126 done in 2.74 s
ISOTime Wpp3 term 111 done in 4.46 s
ISOTime Wpp3 term 112 done in 6.28 s
ISOTime Wpp3 term 113 done in 3.96 s
ISOTime Wpp3 term 114 done in 4.64 s
ISOTime Wpp3 term 127 done in 16.25 s
ISOTime Wpp3 term 128 done in 4.91 s
ISOTime Wpp3 term 115 done in 6.56 s
ISOTime Wpp3 term 129 done in 9.02 s
ISOTime Wpp3 term 130 done in 7.37 s
ISOTime Wpp3 term 116 done in 15.45 s
ISOTime Wpp3 term 131 done in 5.96 s
ISOTime Wpp3 term 117 done in 6.31 s
ISOTime Wpp3 term 118 done in 2.37 s
ISOTime Wpp3 term 119 done in 1.63 s
ISOTime Wpp3 term 132 done in 5.99 s
ISOTime Wpp3 term 120 done in 1.61 s
ISOTime Wg3 term 171 done in 75.55 s
ISOTime Wpp3 term 133 done in 4.91 s
ISOTime Wpp3 term 134 done in 5.48 s
ISOTime Wpp3 term 135 done in 4.43 s
ISOTime Wpp3 term 136 done in 2.79 s
ISOTime Wpp3 term 137 done in 6.43 s
ISOTime Wpp3 term 138 done in 0.13 s
ISOTime Wpp3 term 139 done in 0.25 s
ISOTime Wpp3 term 140 done in 7.8 s
ISOTime === batch Wpp3 141-160 of 182 starting
ISOTime Wpp3 term 141 done in 4.41 s
ISOTime Wpp3 term 142 done in 7.22 s
ISOTime Wpp3 term 143 done in 3.22 s
ISOTime Wpp3 term 144 done in 1.27 s
ISOTime Wpp3 term 145 done in 2.51 s
ISOTime Wpp3 term 146 done in 9.55 s
ISOTime === batch Wpp3 161-180 of 182 starting
ISOTime Wpp3 term 147 done in 4.84 s
ISOTime Wg3 term 172 done in 65.69 s
ISOTime Wpp3 term 148 done in 8.69 s
ISOTime Wpp3 term 149 done in 4.23 s
ISOTime Wpp3 term 161 done in 30.51 s
ISOTime Wpp3 term 150 done in 17.79 s
ISOTime Wg3 term 173 done in 56.78 s
ISOTime Wpp3 term 151 done in 37.02 s
ISOTime Wpp3 term 152 done in 24.23 s
ISOTime Wpp3 term 162 done in 74.51 s
ISOTime Wg3 term 174 done in 70.88 s
ISOTime Wpp3 term 153 done in 39.03 s
ISOTime Wpp3 term 154 done in 24.25 s
ISOTime Wg3 term 175 done in 59.89 s
ISOTime Wpp3 term 163 done in 91.45 s
ISOTime Wpp3 term 155 done in 45.6 s
ISOTime Wg3 term 176 done in 15.14 s
ISOTime Wg3 term 177 done in 12.79 s
ISOTime Wg3 term 178 done in 4.88 s
ISOTime Wg3 term 179 done in 1.53 s
ISOTime Wpp3 term 164 done in 40.23 s
ISOTime Wg3 term 180 done in 13.64 s
ISOTime Wpp3 term 156 done in 68.17 s
ISOTime Wpp3 term 165 done in 55.52 s
ISOTime === batch Wpp3 181-182 of 182 starting
ISOTime Wpp3 term 181 done in 4.84 s
ISOTime Wpp3 term 182 done in 1.11 s
ISOTime Wpp3 term 166 done in 40.54 s
ISOTime Wpp3 term 167 done in 23.58 s
ISOTime Wpp3 term 157 done in 96.99 s
ISOTime Wpp3 term 168 done in 14.56 s
ISOTime Wpp3 term 169 done in 5.45 s
ISOTime Wpp3 term 170 done in 1.6 s
ISOTime Wpp3 term 158 done in 36.82 s
ISOTime Wpp3 term 171 done in 38.56 s
ISOTime Wpp3 term 172 done in 32.7 s
ISOTime Wpp3 term 159 done in 57.92 s
ISOTime Wpp3 term 173 done in 19.98 s
ISOTime Wpp3 term 174 done in 13.91 s
ISOTime Wpp3 term 175 done in 6.52 s
ISOTime Wpp3 term 176 done in 2.11 s
ISOTime Wpp3 term 177 done in 39.28 s
ISOTime Wpp3 term 160 done in 83.85 s
ISOTime Wpp3 term 178 done in 32.92 s
ISOTime Wpp3 term 179 done in 20.22 s
ISOTime Wpp3 term 180 done in 11.93 s
ISOTime === batch Wg3 141-160 of 187 starting
ISOTime Wg3 term 141 done in 10.6 s
ISOTime Wg3 term 142 done in 11.57 s
ISOTime Wg3 term 143 done in 5.88 s
ISOTime Wg3 term 144 done in 6.85 s
ISOTime Wg3 term 145 done in 4.87 s
ISOTime Wg3 term 146 done in 5.19 s
ISOTime Wg3 term 147 done in 4.45 s
ISOTime Wg3 term 148 done in 4.52 s
ISOTime Wg3 term 149 done in 9.52 s
ISOTime Wg3 term 150 done in 0.49 s
ISOTime Wg3 term 151 done in 0.65 s
ISOTime Wg3 term 152 done in 0.71 s
ISOTime Wg3 term 153 done in 8.14 s
ISOTime Wg3 term 154 done in 9.47 s
ISOTime Wg3 term 155 done in 7.63 s
ISOTime Wg3 term 156 done in 6.99 s
ISOTime === batch Wpp3 121-140 of 182 starting
ISOTime Wg3 term 157 done in 5.8 s
ISOTime Wg3 term 158 done in 4.02 s
ISOTime Wg3 term 159 done in 3.46 s
ISOTime Wpp3 term 121 done in 19.28 s
ISOTime Wg3 term 160 done in 11.97 s
ISOTime Wpp3 term 122 done in 20.34 s
ISOTime Wpp3 term 123 done in 3.64 s
ISOTime Wpp3 term 124 done in 3.21 s
ISOTime Wpp3 term 125 done in 2.87 s
ISOTime Wpp3 term 126 done in 2.54 s
ISOTime Wpp3 term 127 done in 15.92 s
ISOTime Wpp3 term 128 done in 4.43 s
ISOTime Wpp3 term 129 done in 8.4 s
ISOTime Wpp3 term 130 done in 6.69 s
ISOTime Wpp3 term 131 done in 5.57 s
ISOTime Wpp3 term 132 done in 5.91 s
ISOTime Wpp3 term 133 done in 4.7 s
ISOTime Wpp3 term 134 done in 4.85 s
ISOTime Wpp3 term 135 done in 3.9 s
ISOTime Wpp3 term 136 done in 2.5 s
ISOTime Wpp3 term 137 done in 6.36 s
ISOTime Wpp3 term 138 done in 0.15 s
ISOTime Wpp3 term 139 done in 0.37 s
ISOTime Wpp3 term 140 done in 8.03 s
ISOTime === batch Wg3 141-160 of 187 starting
ISOTime Wg3 term 141 done in 10.86 s
ISOTime Wg3 term 142 done in 11.97 s
ISOTime Wg3 term 143 done in 5.99 s
ISOTime Wg3 term 144 done in 7.05 s
ISOTime Wg3 term 145 done in 4.91 s
ISOTime Wg3 term 146 done in 5.1 s
ISOTime Wg3 term 147 done in 4.42 s
ISOTime === batch Wg3 141-160 of 187 starting
ISOTime === batch Wpp3 121-140 of 182 starting
ISOTime Wg3 term 141 done in 10.2 s
ISOTime Wg3 term 142 done in 10.96 s
ISOTime Wpp3 term 121 done in 18.77 s
ISOTime Wg3 term 143 done in 5.64 s
ISOTime Wg3 term 144 done in 6.7 s
ISOTime Wg3 term 145 done in 4.88 s
ISOTime Wpp3 term 122 done in 20.17 s
ISOTime Wg3 term 146 done in 5.21 s
ISOTime Wpp3 term 123 done in 3.47 s
ISOTime Wg3 term 147 done in 4.46 s
ISOTime Wpp3 term 124 done in 3.13 s
ISOTime Wpp3 term 125 done in 2.84 s
ISOTime Wpp3 term 126 done in 2.53 s
ISOTime Wg3 term 148 done in 19.16 s
ISOTime Wpp3 term 127 done in 16.18 s
ISOTime Wpp3 term 128 done in 4.7 s
ISOTime Wg3 term 149 done in 9.2 s
ISOTime Wg3 term 150 done in 0.5 s
ISOTime Wg3 term 151 done in 0.69 s
ISOTime Wg3 term 152 done in 0.5 s
ISOTime Wpp3 term 129 done in 8.88 s
ISOTime Wg3 term 153 done in 6.7 s
ISOTime Wg3 term 154 done in 6.01 s
ISOTime Wpp3 term 130 done in 7.26 s
ISOTime Wpp3 term 131 done in 5.83 s
ISOTime Wg3 term 155 done in 7.3 s
ISOTime Wpp3 term 132 done in 5.89 s
ISOTime Wg3 term 156 done in 7.22 s
ISOTime Wpp3 term 133 done in 4.9 s
ISOTime Wg3 term 157 done in 5.74 s
ISOTime Wpp3 term 134 done in 4.74 s
ISOTime Wg3 term 158 done in 3.81 s
ISOTime Wpp3 term 135 done in 3.93 s
ISOTime Wg3 term 159 done in 3.44 s
ISOTime Wg3 term 160 done in 12.55 s
ISOTime Wpp3 term 136 done in 17.82 s
ISOTime Wpp3 term 137 done in 6.48 s
ISOTime Wpp3 term 138 done in 0.16 s
ISOTime Wpp3 term 139 done in 0.27 s
ISOTime Wpp3 term 140 done in 8.22 s
ISOTime === batch Wg3 148-148 of 187 starting
ISOTime Wg3 term 148 done in 22.5 s
ISOTime === batch Wg3 141-160 of 187 starting
ISOTime === batch Wpp3 121-140 of 182 starting
ISOTime Wg3 term 141 done in 11.89 s
ISOTime === batch Wg3 141-160 of 187 starting
ISOTime Wg3 term 141 done in 10.59 s
ISOTime Wg3 term 142 done in 11.9 s
ISOTime Wg3 term 143 done in 6.27 s
ISOTime Wg3 term 144 done in 7.06 s
ISOTime Wg3 term 145 done in 4.95 s
ISOTime Wg3 term 146 done in 5.18 s
ISOTime Wg3 term 147 done in 4.5 s
ISOTime === batch Wpp3 121-140 of 182 starting
ISOTime Wpp3 term 121 done in 20.18 s
ISOTime Wpp3 term 122 done in 21.94 s
ISOTime Wpp3 term 123 done in 3.88 s
ISOTime Wpp3 term 124 done in 3.19 s
ISOTime Wpp3 term 125 done in 2.86 s
ISOTime Wpp3 term 126 done in 2.77 s
ISOTime Wpp3 term 127 done in 16.59 s
ISOTime Wpp3 term 128 done in 5.26 s
ISOTime Wpp3 term 129 done in 11.52 s
ISOTime Wpp3 term 130 done in 8.24 s
ISOTime === batch Wg3 141-160 of 187 starting
ISOTime Wpp3 term 131 done in 6.6 s
ISOTime Wpp3 term 132 done in 6.56 s
ISOTime Wg3 term 141 done in 12.14 s
ISOTime Wpp3 term 133 done in 5.25 s
ISOTime Wpp3 term 134 done in 5.13 s
ISOTime Wpp3 term 135 done in 4.26 s
ISOTime Wg3 term 142 done in 13.2 s
ISOTime Wg3 term 143 done in 7.26 s
ISOTime Wg3 term 144 done in 7.74 s
ISOTime Wg3 term 145 done in 5.38 s
ISOTime Wg3 term 146 done in 5.61 s
ISOTime Wg3 term 147 done in 4.81 s
ISOTime Wg3 term 148 done in 21.22 s
ISOTime Wg3 term 149 done in 9.63 s
ISOTime Wg3 term 150 done in 0.48 s
ISOTime Wg3 term 151 done in 0.66 s
ISOTime Wg3 term 152 done in 0.43 s
ISOTime Wg3 term 153 done in 6.35 s
ISOTime Wg3 term 154 done in 5.61 s
ISOTime Wg3 term 155 done in 6.84 s
ISOTime Wg3 term 156 done in 6.8 s
ISOTime Wg3 term 157 done in 5.34 s
ISOTime Wg3 term 158 done in 3.62 s
ISOTime Wg3 term 159 done in 3.14 s
ISOTime Wg3 term 160 done in 11.22 s
ISOTime === batch Wpp3 121-140 of 182 starting
ISOTime Wpp3 term 121 done in 18.75 s
ISOTime Wpp3 term 122 done in 19.92 s
ISOTime Wpp3 term 123 done in 3.59 s
ISOTime Wpp3 term 124 done in 3.08 s
ISOTime Wpp3 term 125 done in 2.82 s
ISOTime Wpp3 term 126 done in 2.57 s
ISOTime Wpp3 term 127 done in 15.97 s
ISOTime Wpp3 term 128 done in 4.46 s
ISOTime Wpp3 term 129 done in 8.06 s
ISOTime Wpp3 term 130 done in 6.71 s
ISOTime Wpp3 term 131 done in 5.59 s
ISOTime Wpp3 term 132 done in 5.64 s
ISOTime Wpp3 term 133 done in 4.76 s
ISOTime Wpp3 term 134 done in 4.8 s
ISOTime Wpp3 term 135 done in 3.94 s
ISOTime Wpp3 term 136 done in 17.01 s
ISOTime Wpp3 term 137 done in 6.19 s
ISOTime Wpp3 term 138 done in 0.13 s
ISOTime Wpp3 term 139 done in 0.24 s
ISOTime Wpp3 term 140 done in 7.91 s
ISOTime === batch Wg3 148-148 of 187 starting
ISOTime Wg3 term 148 done in 18.05 s
ISOTime === batch Wg3 148-148 of 187 starting
ISOTime Wg3 term 148 done in 18.73 s
ISOTime === batch Wg3 141-160 of 187 starting
ISOTime Wg3 term 141 done in 10.04 s
ISOTime Wg3 term 142 done in 10.87 s
ISOTime Wg3 term 143 done in 5.62 s
ISOTime Wg3 term 144 done in 6.6 s
ISOTime Wg3 term 145 done in 4.79 s
ISOTime Wg3 term 146 done in 5.22 s
ISOTime Wg3 term 147 done in 4.9 s
ISOTime === batch Wpp3 121-140 of 182 starting
ISOTime Wpp3 term 121 done in 22.69 s
ISOTime === batch Wg3 141-160 of 187 starting
ISOTime Wpp3 term 122 done in 28. s
ISOTime Wpp3 term 123 done in 3.7 s
ISOTime Wpp3 term 124 done in 3.15 s
ISOTime Wg3 term 141 done in 10.57 s
ISOTime Wpp3 term 125 done in 2.89 s
ISOTime Wpp3 term 126 done in 2.69 s
ISOTime Wg3 term 142 done in 12.09 s
ISOTime Wg3 term 143 done in 6.14 s
ISOTime Wpp3 term 127 done in 16.75 s
ISOTime Wg3 term 144 done in 7. s
ISOTime Wpp3 term 128 done in 5. s
ISOTime Wg3 term 145 done in 5.06 s
ISOTime Wg3 term 146 done in 5.53 s
ISOTime Wpp3 term 129 done in 9.36 s
ISOTime Wg3 term 147 done in 4.7 s
ISOTime Wpp3 term 130 done in 7.46 s
ISOTime Wpp3 term 131 done in 6.36 s
ISOTime Wpp3 term 132 done in 5.98 s
ISOTime Wg3 term 148 done in 20.55 s
ISOTime Wpp3 term 133 done in 5.14 s
ISOTime Wpp3 term 134 done in 4.96 s
ISOTime Wpp3 term 135 done in 4.21 s
ISOTime Wg3 term 149 done in 10.18 s
ISOTime Wg3 term 150 done in 0.6 s
ISOTime Wg3 term 151 done in 0.75 s
ISOTime Wg3 term 152 done in 0.55 s
ISOTime Wg3 term 153 done in 6.87 s
ISOTime Wg3 term 154 done in 5.96 s
ISOTime Wg3 term 155 done in 7.39 s
ISOTime Wg3 term 156 done in 7.41 s
ISOTime Wg3 term 157 done in 5.93 s
ISOTime Wg3 term 158 done in 3.86 s
ISOTime Wg3 term 159 done in 3.55 s
ISOTime Wg3 term 160 done in 12.76 s
ISOTime === batch Wpp3 121-140 of 182 starting
ISOTime Wpp3 term 121 done in 19.5 s
ISOTime Wpp3 term 122 done in 21.49 s
ISOTime Wpp3 term 123 done in 3.7 s
ISOTime Wpp3 term 124 done in 3.14 s
ISOTime Wpp3 term 125 done in 2.8 s
ISOTime Wpp3 term 126 done in 2.59 s
ISOTime Wpp3 term 127 done in 15.01 s
ISOTime Wpp3 term 128 done in 4.6 s
ISOTime Wpp3 term 129 done in 8.41 s
ISOTime Wpp3 term 130 done in 6.85 s
ISOTime Wpp3 term 131 done in 6.01 s
ISOTime Wpp3 term 132 done in 5.71 s
ISOTime Wpp3 term 133 done in 4.83 s
ISOTime === batch Wpp3 121-140 of 182 starting
ISOTime Wpp3 term 121 done in 15.95 s
ISOTime Wpp3 term 122 done in 16.72 s
ISOTime Wpp3 term 123 done in 3.13 s
ISOTime Wpp3 term 124 done in 2.84 s
ISOTime Wpp3 term 125 done in 2.6 s
ISOTime Wpp3 term 126 done in 2.48 s
ISOTime Wpp3 term 127 done in 13.87 s
ISOTime Wpp3 term 128 done in 4.38 s
ISOTime Wpp3 term 129 done in 8.03 s
ISOTime Wpp3 term 130 done in 6.62 s
ISOTime Wpp3 term 131 done in 5.52 s
ISOTime Wpp3 term 132 done in 5.2 s
ISOTime Wpp3 term 133 done in 4.43 s
ISOTime Wpp3 term 134 done in 4.59 s
ISOTime Wpp3 term 135 done in 3.69 s
ISOTime === batch Wg3 141-160 of 187 starting
ISOTime Wg3 term 141 done in 9.22 s
ISOTime Wg3 term 142 done in 9.97 s
ISOTime Wg3 term 143 done in 5.26 s
ISOTime Wg3 term 144 done in 6.22 s
ISOTime Wg3 term 145 done in 4.48 s
ISOTime Wg3 term 146 done in 4.71 s
ISOTime Wg3 term 147 done in 4.02 s
ISOTime Wg3 term 148 done in 16.2 s
ISOTime Wg3 term 149 done in 7.52 s
ISOTime Wg3 term 150 done in 0.46 s
ISOTime Wg3 term 151 done in 0.57 s
ISOTime Wg3 term 152 done in 0.44 s
ISOTime Wg3 term 153 done in 5.96 s
ISOTime Wg3 term 154 done in 5.16 s
ISOTime Wg3 term 155 done in 5.94 s
ISOTime Wg3 term 156 done in 8.25 s
ISOTime Wg3 term 157 done in 6.66 s
ISOTime Wg3 term 158 done in 3.5 s
ISOTime Wg3 term 159 done in 2.93 s
ISOTime Wg3 term 160 done in 10.79 s
ISOTime === batch Wpp3 121-140 of 182 starting
ISOTime Wpp3 term 121 done in 16.06 s
ISOTime Wpp3 term 122 done in 17.29 s
ISOTime Wpp3 term 123 done in 3.16 s
ISOTime Wpp3 term 124 done in 2.74 s
ISOTime Wpp3 term 125 done in 2.46 s
ISOTime Wpp3 term 126 done in 2.41 s
ISOTime Wpp3 term 127 done in 13.34 s
ISOTime Wpp3 term 128 done in 4.16 s
ISOTime Wpp3 term 129 done in 7.11 s
ISOTime Wpp3 term 130 done in 5.93 s
ISOTime Wpp3 term 131 done in 5.1 s
ISOTime Wpp3 term 132 done in 4.91 s
ISOTime Wpp3 term 133 done in 4.27 s
ISOTime Wpp3 term 134 done in 4.36 s
ISOTime Wpp3 term 135 done in 3.61 s
ISOTime Wpp3 term 136 done in 14.12 s
ISOTime Wpp3 term 137 done in 5.02 s
ISOTime Wpp3 term 138 done in 0.11 s
ISOTime Wpp3 term 139 done in 0.26 s
ISOTime Wpp3 term 140 done in 7.25 s
ISOTime === batch Wg3 1-20 of 187 starting
ISOTime Wg3 term 1 done in 6.2 s
ISOTime Wg3 term 2 done in 22.52 s
ISOTime Wg3 term 3 done in 1.35 s
ISOTime Wg3 term 4 done in 1.76 s
ISOTime Wg3 term 5 done in 3.33 s
ISOTime Wg3 term 6 done in 3.15 s
ISOTime Wg3 term 7 done in 3.41 s
ISOTime Wg3 term 8 done in 2.89 s
ISOTime Wg3 term 9 done in 3.27 s
ISOTime Wg3 term 10 done in 2.67 s
ISOTime Wg3 term 11 done in 6.34 s
ISOTime Wg3 term 12 done in 6.74 s
ISOTime Wg3 term 13 done in 2.83 s
ISOTime Wg3 term 14 done in 3.1 s
ISOTime Wg3 term 15 done in 3.03 s
ISOTime Wg3 term 16 done in 2.43 s
ISOTime Wg3 term 17 done in 3.02 s
ISOTime Wg3 term 18 done in 3.56 s
ISOTime Wg3 term 19 done in 3.32 s
ISOTime Wg3 term 20 done in 0.02 s
ISOTime === batch Wg3 21-40 of 187 starting
ISOTime Wg3 term 21 done in 0.02 s
ISOTime Wg3 term 22 done in 1.67 s
ISOTime Wg3 term 23 done in 1.62 s
ISOTime Wg3 term 24 done in 3.57 s
ISOTime Wg3 term 25 done in 3.1 s
ISOTime Wg3 term 26 done in 3.96 s
ISOTime Wg3 term 27 done in 3.3 s
ISOTime Wg3 term 28 done in 5.18 s
ISOTime Wg3 term 29 done in 2.27 s
ISOTime Wg3 term 30 done in 1.34 s
ISOTime Wg3 term 31 done in 1.27 s
ISOTime Wg3 term 32 done in 0.56 s
ISOTime Wg3 term 33 done in 3.16 s
ISOTime Wg3 term 34 done in 3.59 s
ISOTime Wg3 term 35 done in 0.98 s
ISOTime Wg3 term 36 done in 3.48 s
ISOTime Wg3 term 37 done in 3.02 s
ISOTime Wg3 term 38 done in 0.68 s
ISOTime Wg3 term 39 done in 0.66 s
ISOTime Wg3 term 40 done in 1.77 s
ISOTime === batch Wg3 41-60 of 187 starting
ISOTime Wg3 term 41 done in 1.87 s
ISOTime Wg3 term 42 done in 1.59 s
ISOTime Wg3 term 43 done in 0.93 s
ISOTime Wg3 term 44 done in 1.38 s
ISOTime Wg3 term 45 done in 1.1 s
ISOTime Wg3 term 46 done in 0.48 s
ISOTime Wg3 term 47 done in 0.68 s
ISOTime Wg3 term 48 done in 0.77 s
ISOTime Wg3 term 49 done in 1.61 s
ISOTime Wg3 term 50 done in 1.61 s
ISOTime Wg3 term 51 done in 1.77 s
ISOTime Wg3 term 52 done in 1.84 s
ISOTime Wg3 term 53 done in 2.25 s
ISOTime Wg3 term 54 done in 1.56 s
ISOTime Wg3 term 55 done in 1.06 s
ISOTime Wg3 term 56 done in 0.71 s
ISOTime Wg3 term 57 done in 0.31 s
ISOTime Wg3 term 58 done in 0.31 s
ISOTime Wg3 term 59 done in 0.77 s
ISOTime Wg3 term 60 done in 0.62 s
ISOTime === batch Wg3 61-80 of 187 starting
ISOTime Wg3 term 61 done in 0.63 s
ISOTime Wg3 term 62 done in 0.89 s
ISOTime Wg3 term 63 done in 1.04 s
ISOTime Wg3 term 64 done in 1.13 s
ISOTime Wg3 term 65 done in 1.12 s
ISOTime Wg3 term 66 done in 0.61 s
ISOTime Wg3 term 67 done in 0.39 s
ISOTime Wg3 term 68 done in 0.46 s
ISOTime Wg3 term 69 done in 0.46 s
ISOTime Wg3 term 70 done in 0.29 s
ISOTime Wg3 term 71 done in 0.82 s
ISOTime Wg3 term 72 done in 0.9 s
ISOTime Wg3 term 73 done in 0.75 s
ISOTime Wg3 term 74 done in 0.41 s
ISOTime Wg3 term 75 done in 0.97 s
ISOTime Wg3 term 76 done in 0.81 s
ISOTime Wg3 term 77 done in 0.59 s
ISOTime Wg3 term 78 done in 0.28 s
ISOTime Wg3 term 79 done in 0.09 s
ISOTime Wg3 term 80 done in 0.14 s
ISOTime === batch Wg3 81-100 of 187 starting
ISOTime Wg3 term 81 done in 0.11 s
ISOTime Wg3 term 82 done in 0.24 s
ISOTime Wg3 term 83 done in 0.16 s
ISOTime Wg3 term 84 done in 0.42 s
ISOTime Wg3 term 85 done in 0.36 s
ISOTime Wg3 term 86 done in 0.33 s
ISOTime Wg3 term 87 done in 0.24 s
ISOTime Wg3 term 88 done in 0.29 s
ISOTime Wg3 term 89 done in 0.43 s
ISOTime Wg3 term 90 done in 0.43 s
ISOTime Wg3 term 91 done in 0.41 s
ISOTime Wg3 term 92 done in 0.38 s
ISOTime Wg3 term 93 done in 0.52 s
ISOTime Wg3 term 94 done in 0.48 s
ISOTime Wg3 term 95 done in 0.48 s
ISOTime Wg3 term 96 done in 0.38 s
ISOTime Wg3 term 97 done in 0.38 s
ISOTime Wg3 term 98 done in 0.54 s
ISOTime Wg3 term 99 done in 0.7 s
ISOTime Wg3 term 100 done in 0.72 s
ISOTime === batch Wg3 101-120 of 187 starting
ISOTime Wg3 term 101 done in 0.38 s
ISOTime Wg3 term 102 done in 0.37 s
ISOTime Wg3 term 103 done in 0.36 s
ISOTime Wg3 term 104 done in 0.24 s
ISOTime Wg3 term 105 done in 0.28 s
ISOTime Wg3 term 106 done in 0.31 s
ISOTime Wg3 term 107 done in 0.28 s
ISOTime Wg3 term 108 done in 1.55 s
ISOTime Wg3 term 109 done in 1.26 s
ISOTime Wg3 term 110 done in 17.35 s
ISOTime Wg3 term 111 done in 21.72 s
ISOTime Wg3 term 112 done in 31.48 s
ISOTime Wg3 term 113 done in 14.6 s
ISOTime Wg3 term 114 done in 16.35 s
ISOTime Wg3 term 115 done in 9.9 s
ISOTime Wg3 term 116 done in 6.86 s
ISOTime Wg3 term 117 done in 7.17 s
ISOTime Wg3 term 118 done in 7.94 s
ISOTime Wg3 term 119 done in 4.23 s
ISOTime Wg3 term 120 done in 8.3 s
ISOTime === batch Wg3 121-140 of 187 starting
ISOTime Wg3 term 121 done in 6.92 s
ISOTime Wg3 term 122 done in 8.04 s
ISOTime Wg3 term 123 done in 7.8 s
ISOTime Wg3 term 124 done in 9.41 s
ISOTime Wg3 term 125 done in 7.56 s
ISOTime Wg3 term 126 done in 8.11 s
ISOTime Wg3 term 127 done in 11.92 s
ISOTime Wg3 term 128 done in 7.17 s
ISOTime Wg3 term 129 done in 6.43 s
ISOTime Wg3 term 130 done in 5.82 s
ISOTime Wg3 term 131 done in 3.49 s
ISOTime Wg3 term 132 done in 3.99 s
ISOTime Wg3 term 133 done in 17.54 s
ISOTime Wg3 term 134 done in 16.89 s
ISOTime Wg3 term 135 done in 5.69 s
ISOTime Wg3 term 136 done in 3.51 s
ISOTime Wg3 term 137 done in 2.96 s
ISOTime Wg3 term 138 done in 7.92 s
ISOTime Wg3 term 139 done in 16.63 s
ISOTime Wg3 term 140 done in 11.39 s
ISOTime === batch Wg3 141-160 of 187 starting
ISOTime Wg3 term 141 done in 10.16 s
ISOTime Wg3 term 142 done in 9.66 s
ISOTime Wg3 term 143 done in 5.74 s
ISOTime Wg3 term 144 done in 6.47 s
ISOTime Wg3 term 145 done in 5.21 s
ISOTime Wg3 term 146 done in 4.56 s
ISOTime Wg3 term 147 done in 4.52 s
ISOTime Wg3 term 148 done in 21.23 s
ISOTime Wg3 term 149 done in 8.4 s
ISOTime Wg3 term 150 done in 0.47 s
ISOTime Wg3 term 151 done in 0.6 s
ISOTime Wg3 term 152 done in 0.45 s
ISOTime Wg3 term 153 done in 5.51 s
ISOTime Wg3 term 154 done in 4.68 s
ISOTime Wg3 term 155 done in 6.4 s
ISOTime Wg3 term 156 done in 6.27 s
ISOTime Wg3 term 157 done in 5.1 s
ISOTime Wg3 term 158 done in 3.19 s
ISOTime Wg3 term 159 done in 2.96 s
ISOTime Wg3 term 160 done in 10.65 s
ISOTime === batch Wg3 161-180 of 187 starting
ISOTime Wg3 term 161 done in 5.63 s
ISOTime Wg3 term 162 done in 8.82 s
ISOTime Wg3 term 163 done in 7.05 s
ISOTime Wg3 term 164 done in 20.74 s
ISOTime Wg3 term 165 done in 42.06 s
ISOTime Wg3 term 166 done in 20.41 s
ISOTime Wg3 term 167 done in 37.93 s
ISOTime Wg3 term 168 done in 26.65 s
ISOTime Wg3 term 169 done in 50.51 s
ISOTime Wg3 term 170 done in 54.96 s
ISOTime Wg3 term 171 done in 70.1 s
ISOTime Wg3 term 172 done in 52.59 s
ISOTime Wg3 term 173 done in 53.24 s
ISOTime Wg3 term 174 done in 68.35 s
ISOTime Wg3 term 175 done in 54.09 s
ISOTime Wg3 term 176 done in 13.71 s
ISOTime Wg3 term 177 done in 11.62 s
ISOTime Wg3 term 178 done in 4.72 s
ISOTime Wg3 term 179 done in 1.43 s
ISOTime Wg3 term 180 done in 12.47 s
ISOTime === batch Wg3 181-187 of 187 starting
ISOTime Wg3 term 181 done in 9.79 s
ISOTime Wg3 term 182 done in 5.22 s
ISOTime Wg3 term 183 done in 1.75 s
ISOTime Wg3 term 184 done in 11.73 s
ISOTime Wg3 term 185 done in 9.03 s
ISOTime Wg3 term 186 done in 3.9 s
ISOTime Wg3 term 187 done in 1.12 s
ISOTime === batch Wpp3 1-20 of 182 starting
ISOTime Wpp3 term 1 done in 2.12 s
ISOTime Wpp3 term 2 done in 20.7 s
ISOTime Wpp3 term 3 done in 1.19 s
ISOTime Wpp3 term 4 done in 1.38 s
ISOTime Wpp3 term 5 done in 3.84 s
ISOTime Wpp3 term 6 done in 2.91 s
ISOTime Wpp3 term 7 done in 3.52 s
ISOTime Wpp3 term 8 done in 3.94 s
ISOTime Wpp3 term 9 done in 3.95 s
ISOTime Wpp3 term 10 done in 5.65 s
ISOTime Wpp3 term 11 done in 10.6 s
ISOTime Wpp3 term 12 done in 11.24 s
ISOTime Wpp3 term 13 done in 2.78 s
ISOTime Wpp3 term 14 done in 2.43 s
ISOTime Wpp3 term 15 done in 6.38 s
ISOTime Wpp3 term 16 done in 6.7 s
ISOTime Wpp3 term 17 done in 3.88 s
ISOTime Wpp3 term 18 done in 4.21 s
ISOTime Wpp3 term 19 done in 6.6 s
ISOTime Wpp3 term 20 done in 0.03 s
ISOTime === batch Wpp3 21-40 of 182 starting
ISOTime Wpp3 term 21 done in 0.02 s
ISOTime Wpp3 term 22 done in 3.75 s
ISOTime Wpp3 term 23 done in 3.27 s
ISOTime Wpp3 term 24 done in 2.94 s
ISOTime Wpp3 term 25 done in 3.45 s
ISOTime Wpp3 term 26 done in 3.29 s
ISOTime Wpp3 term 27 done in 3.54 s
ISOTime Wpp3 term 28 done in 4.01 s
ISOTime Wpp3 term 29 done in 3.37 s
ISOTime Wpp3 term 30 done in 2.33 s
ISOTime Wpp3 term 31 done in 0.94 s
ISOTime Wpp3 term 32 done in 0.23 s
ISOTime Wpp3 term 33 done in 2.71 s
ISOTime Wpp3 term 34 done in 1.78 s
ISOTime Wpp3 term 35 done in 0.57 s
ISOTime Wpp3 term 36 done in 4.14 s
ISOTime Wpp3 term 37 done in 1.5 s
ISOTime Wpp3 term 38 done in 1.48 s
ISOTime Wpp3 term 39 done in 1.3 s
ISOTime Wpp3 term 40 done in 3.53 s
ISOTime === batch Wpp3 41-60 of 182 starting
ISOTime Wpp3 term 41 done in 3.09 s
ISOTime Wpp3 term 42 done in 2.6 s
ISOTime Wpp3 term 43 done in 0.34 s
ISOTime Wpp3 term 44 done in 2.88 s
ISOTime Wpp3 term 45 done in 0.86 s
ISOTime Wpp3 term 46 done in 0.18 s
ISOTime Wpp3 term 47 done in 1.38 s
ISOTime Wpp3 term 48 done in 1.32 s
ISOTime Wpp3 term 49 done in 3.17 s
ISOTime Wpp3 term 50 done in 2.98 s
ISOTime Wpp3 term 51 done in 3.32 s
ISOTime Wpp3 term 52 done in 3.17 s
ISOTime Wpp3 term 53 done in 3.45 s
ISOTime Wpp3 term 54 done in 2.83 s
ISOTime Wpp3 term 55 done in 1.37 s
ISOTime Wpp3 term 56 done in 1.22 s
ISOTime Wpp3 term 57 done in 0.51 s
ISOTime Wpp3 term 58 done in 0.5 s
ISOTime Wpp3 term 59 done in 1.47 s
ISOTime Wpp3 term 60 done in 1.26 s
ISOTime === batch Wpp3 61-80 of 182 starting
ISOTime Wpp3 term 61 done in 1.12 s
ISOTime Wpp3 term 62 done in 1.43 s
ISOTime Wpp3 term 63 done in 1.76 s
ISOTime Wpp3 term 64 done in 1.91 s
ISOTime Wpp3 term 65 done in 1.99 s
ISOTime Wpp3 term 66 done in 0.96 s
ISOTime Wpp3 term 67 done in 0.6 s
ISOTime Wpp3 term 68 done in 0.68 s
ISOTime Wpp3 term 69 done in 0.32 s
ISOTime Wpp3 term 70 done in 1.67 s
ISOTime Wpp3 term 71 done in 1.66 s
ISOTime Wpp3 term 72 done in 0.51 s
ISOTime Wpp3 term 73 done in 1.73 s
ISOTime Wpp3 term 74 done in 1.56 s
ISOTime Wpp3 term 75 done in 0.42 s
ISOTime Wpp3 term 76 done in 0.15 s
ISOTime Wpp3 term 77 done in 0.34 s
ISOTime Wpp3 term 78 done in 0.21 s
ISOTime Wpp3 term 79 done in 0.54 s
ISOTime Wpp3 term 80 done in 0.35 s
ISOTime === batch Wpp3 81-100 of 182 starting
ISOTime Wpp3 term 81 done in 0.63 s
ISOTime Wpp3 term 82 done in 0.56 s
ISOTime Wpp3 term 83 done in 0.25 s
ISOTime Wpp3 term 84 done in 0.37 s
ISOTime Wpp3 term 85 done in 0.45 s
ISOTime Wpp3 term 86 done in 0.37 s
ISOTime Wpp3 term 87 done in 0.69 s
ISOTime Wpp3 term 88 done in 0.8 s
ISOTime Wpp3 term 89 done in 0.51 s
ISOTime Wpp3 term 90 done in 0.69 s
ISOTime Wpp3 term 91 done in 0.74 s
ISOTime Wpp3 term 92 done in 0.98 s
ISOTime Wpp3 term 93 done in 1.11 s
ISOTime Wpp3 term 94 done in 1.16 s
ISOTime Wpp3 term 95 done in 0.65 s
ISOTime Wpp3 term 96 done in 0.42 s
ISOTime Wpp3 term 97 done in 0.35 s
ISOTime Wpp3 term 98 done in 0.35 s
ISOTime Wpp3 term 99 done in 0.26 s
ISOTime Wpp3 term 100 done in 0.88 s
ISOTime === batch Wpp3 101-120 of 182 starting
ISOTime Wpp3 term 101 done in 0.71 s
ISOTime Wpp3 term 102 done in 6.64 s
ISOTime Wpp3 term 103 done in 8.23 s
ISOTime Wpp3 term 104 done in 12.59 s
ISOTime Wpp3 term 105 done in 16.03 s
ISOTime Wpp3 term 106 done in 14.98 s
ISOTime Wpp3 term 107 done in 9.3 s
ISOTime Wpp3 term 108 done in 5.32 s
ISOTime Wpp3 term 109 done in 2.56 s
ISOTime Wpp3 term 110 done in 3.5 s
ISOTime Wpp3 term 111 done in 4.08 s
ISOTime Wpp3 term 112 done in 5.74 s
ISOTime Wpp3 term 113 done in 3.82 s
ISOTime Wpp3 term 114 done in 4.19 s
ISOTime Wpp3 term 115 done in 6.13 s
ISOTime Wpp3 term 116 done in 14.29 s
ISOTime Wpp3 term 117 done in 5.21 s
ISOTime Wpp3 term 118 done in 1.98 s
ISOTime Wpp3 term 119 done in 1.51 s
ISOTime Wpp3 term 120 done in 1.55 s
ISOTime === batch Wpp3 121-140 of 182 starting
ISOTime Wpp3 term 121 done in 15.04 s
ISOTime Wpp3 term 122 done in 16.21 s
ISOTime Wpp3 term 123 done in 3.4 s
ISOTime Wpp3 term 124 done in 2.62 s
ISOTime Wpp3 term 125 done in 2.48 s
ISOTime Wpp3 term 126 done in 2.89 s
ISOTime Wpp3 term 127 done in 13.91 s
ISOTime Wpp3 term 128 done in 5.13 s
ISOTime Wpp3 term 129 done in 10.05 s
ISOTime Wpp3 term 130 done in 4.95 s
ISOTime Wpp3 term 131 done in 4.97 s
ISOTime Wpp3 term 132 done in 5.24 s
ISOTime Wpp3 term 133 done in 4.89 s
ISOTime Wpp3 term 134 done in 5.23 s
ISOTime Wpp3 term 135 done in 3.97 s
ISOTime Wpp3 term 136 done in 18.29 s
ISOTime Wpp3 term 137 done in 5.71 s
ISOTime Wpp3 term 138 done in 0.13 s
ISOTime Wpp3 term 139 done in 0.23 s
ISOTime Wpp3 term 140 done in 6.81 s
ISOTime === batch Wpp3 141-160 of 182 starting
ISOTime Wpp3 term 141 done in 3.81 s
ISOTime Wpp3 term 142 done in 5.45 s
ISOTime Wpp3 term 143 done in 3.08 s
ISOTime Wpp3 term 144 done in 2.05 s
ISOTime Wpp3 term 145 done in 2.15 s
ISOTime Wpp3 term 146 done in 7.68 s
ISOTime Wpp3 term 147 done in 4.33 s
ISOTime Wpp3 term 148 done in 7.53 s
ISOTime Wpp3 term 149 done in 3.76 s
ISOTime Wpp3 term 150 done in 15.3 s
ISOTime Wpp3 term 151 done in 32.5 s
ISOTime Wpp3 term 152 done in 20.79 s
ISOTime Wpp3 term 153 done in 35.29 s
ISOTime Wpp3 term 154 done in 20.41 s
ISOTime Wpp3 term 155 done in 37.38 s
ISOTime Wpp3 term 156 done in 54.18 s
ISOTime Wpp3 term 157 done in 80.55 s
ISOTime Wpp3 term 158 done in 31.86 s
ISOTime Wpp3 term 159 done in 51.51 s
ISOTime Wpp3 term 160 done in 74.02 s
ISOTime === batch Wpp3 161-180 of 182 starting
ISOTime Wpp3 term 161 done in 26.87 s
ISOTime Wpp3 term 162 done in 64.89 s
ISOTime Wpp3 term 163 done in 77.69 s
ISOTime Wpp3 term 164 done in 33.34 s
ISOTime Wpp3 term 165 done in 38.54 s
ISOTime Wpp3 term 166 done in 34.25 s
ISOTime Wpp3 term 167 done in 20.63 s
ISOTime Wpp3 term 168 done in 13.27 s
ISOTime Wpp3 term 169 done in 5.39 s
ISOTime Wpp3 term 170 done in 1.36 s
ISOTime Wpp3 term 171 done in 36.71 s
ISOTime Wpp3 term 172 done in 31.05 s
ISOTime Wpp3 term 173 done in 19.24 s
ISOTime Wpp3 term 174 done in 13.09 s
ISOTime Wpp3 term 175 done in 6.17 s
ISOTime Wpp3 term 176 done in 1.95 s
ISOTime Wpp3 term 177 done in 37.33 s
ISOTime Wpp3 term 178 done in 30.53 s
ISOTime Wpp3 term 179 done in 18.7 s
ISOTime Wpp3 term 180 done in 11.17 s
ISOTime === batch Wpp3 181-182 of 182 starting
ISOTime Wpp3 term 181 done in 4.4 s
ISOTime Wpp3 term 182 done in 0.98 s
