=== Wg3 178-187
=== Wg3 158-177
=== Wpp3 61-80
"[s07a] ""Wpp3"" terms "61"-"80" of "182
"[s07a] batch done in "944" s"
"[s07a] wrote s07part_""Wpp3_61_80"".m"
=== Wpp3 81-100
"[s07a] ""Wpp3"" terms "81"-"100" of "182
"[s07a] batch done in "443" s"
"[s07a] wrote s07part_""Wpp3_81_100"".m"
=== Wpp3 101-120
"[s07a] ""Wpp3"" terms "101"-"120" of "182
"[s07a] batch done in "147" s"
"[s07a] wrote s07part_""Wpp3_101_120"".m"
=== Wpp3 121-140
"[s07a] ""Wg3"" terms "158"-"177" of "187
--- batch Wg3 158-177 failed, retrying term by term
"[s07a] ""Wg3"" terms "178"-"187" of "187
--- batch Wg3 178-187 failed, retrying term by term
"[s07a] ""Wg3"" terms "158"-"158" of "187
"[s07a] batch done in "13" s"
"[s07a] wrote s07part_""Wg3_158_158"".m"
"[s07a] ""Wpp3"" terms "121"-"140" of "182
"[s07a] batch done in "272" s"
"[s07a] wrote s07part_""Wpp3_121_140"".m"
=== Wpp3 141-160
"[s07a] ""Wg3"" terms "159"-"159" of "187
"[s07a] batch done in "65" s"
"[s07a] wrote s07part_""Wg3_159_159"".m"
"[s07a] ""Wg3"" terms "160"-"160" of "187
"[s07a] batch done in "15" s"
"[s07a] wrote s07part_""Wg3_160_160"".m"
"[s07a] ""Wg3"" terms "161"-"161" of "187
"[s07a] batch done in "529" s"
"[s07a] wrote s07part_""Wg3_161_161"".m"
"[s07a] ""Wg3"" terms "162"-"162" of "187
"[s07a] batch done in "219" s"
"[s07a] wrote s07part_""Wg3_162_162"".m"
"[s07a] ""Wg3"" terms "163"-"163" of "187
"[s07a] batch done in "396" s"
"[s07a] wrote s07part_""Wg3_163_163"".m"
"[s07a] ""Wg3"" terms "178"-"178" of "187
!!! TERM Wg3 178 FAILED
"[s07a] ""Wg3"" terms "179"-"179" of "187
"[s07a] batch done in "17" s"
"[s07a] wrote s07part_""Wg3_179_179"".m"
"[s07a] ""Wg3"" terms "180"-"180" of "187
"[s07a] batch done in "46" s"
"[s07a] wrote s07part_""Wg3_180_180"".m"
"[s07a] ""Wpp3"" terms "141"-"160" of "182
--- batch Wpp3 141-160 failed, retrying term by term
"[s07a] ""Wpp3"" terms "141"-"141" of "182
"[s07a] batch done in "4" s"
"[s07a] wrote s07part_""Wpp3_141_141"".m"
"[s07a] ""Wpp3"" terms "142"-"142" of "182
"[s07a] batch done in "2" s"
"[s07a] wrote s07part_""Wpp3_142_142"".m"
"[s07a] ""Wpp3"" terms "143"-"143" of "182
"[s07a] batch done in "12" s"
"[s07a] wrote s07part_""Wpp3_143_143"".m"
"[s07a] ""Wg3"" terms "181"-"181" of "187
"[s07a] batch done in "124" s"
"[s07a] wrote s07part_""Wg3_181_181"".m"
"[s07a] ""Wg3"" terms "182"-"182" of "187
"[s07a] batch done in "17" s"
"[s07a] wrote s07part_""Wg3_182_182"".m"
"[s07a] ""Wpp3"" terms "144"-"144" of "182
"[s07a] batch done in "64" s"
"[s07a] wrote s07part_""Wpp3_144_144"".m"
"[s07a] ""Wg3"" terms "183"-"183" of "187
"[s07a] batch done in "47" s"
"[s07a] wrote s07part_""Wg3_183_183"".m"
"[s07a] ""Wpp3"" terms "145"-"145" of "182
"[s07a] batch done in "65" s"
"[s07a] wrote s07part_""Wpp3_145_145"".m"
"[s07a] ""Wg3"" terms "184"-"184" of "187
"[s07a] batch done in "112" s"
"[s07a] wrote s07part_""Wg3_184_184"".m"
"[s07a] ""Wpp3"" terms "146"-"146" of "182
"[s07a] batch done in "15" s"
"[s07a] wrote s07part_""Wpp3_146_146"".m"
"[s07a] ""Wg3"" terms "185"-"185" of "187
"[s07a] batch done in "16" s"
"[s07a] wrote s07part_""Wg3_185_185"".m"
"[s07a] ""Wg3"" terms "186"-"186" of "187
"[s07a] batch done in "45" s"
"[s07a] wrote s07part_""Wg3_186_186"".m"
"[s07a] ""Wpp3"" terms "147"-"147" of "182
"[s07a] batch done in "95" s"
"[s07a] wrote s07part_""Wpp3_147_147"".m"
"[s07a] ""Wpp3"" terms "148"-"148" of "182
"[s07a] batch done in "26" s"
"[s07a] wrote s07part_""Wpp3_148_148"".m"
"[s07a] ""Wg3"" terms "187"-"187" of "187
"[s07a] batch done in "113" s"
"[s07a] wrote s07part_""Wg3_187_187"".m"
=== Wpp3 161-180
"[s07a] ""Wpp3"" terms "149"-"149" of "182
"[s07a] batch done in "108" s"
"[s07a] wrote s07part_""Wpp3_149_149"".m"
"[s07a] ""Wg3"" terms "164"-"164" of "187
!!! TERM Wg3 164 FAILED
"[s07a] ""Wpp3"" terms "150"-"150" of "182
"[s07a] batch done in "1314" s"
"[s07a] wrote s07part_""Wpp3_150_150"".m"
"[s07a] ""Wpp3"" terms "161"-"180" of "182
--- batch Wpp3 161-180 failed, retrying term by term
"[s07a] ""Wg3"" terms "165"-"165" of "187
!!! TERM Wg3 165 FAILED
"[s07a] ""Wg3"" terms "166"-"166" of "187
"[s07a] ""Wpp3"" terms "161"-"161" of "182
"[s07a] ""Wpp3"" terms "151"-"151" of "182
