
SetDelayed::wrsym: Symbol Discard is Protected.
"[s07a] ""Wg3"" terms "1"-"20" of "187
"[s07a] batch done in "86" s"
"[s07a] wrote s07part_""Wg3_1_20"".m"

SetDelayed::wrsym: Symbol Discard is Protected.
"[s07a] ""Wg3"" terms "21"-"40" of "187
"[s07a] batch done in "46" s"
"[s07a] wrote s07part_""Wg3_21_40"".m"

SetDelayed::wrsym: Symbol Discard is Protected.
"[s07a] ""Wg3"" terms "41"-"60" of "187
"[s07a] batch done in "24" s"
"[s07a] wrote s07part_""Wg3_41_60"".m"

SetDelayed::wrsym: Symbol Discard is Protected.
"[s07a] ""Wg3"" terms "61"-"80" of "187
"[s07a] batch done in "13" s"
"[s07a] wrote s07part_""Wg3_61_80"".m"

SetDelayed::wrsym: Symbol Discard is Protected.
"[s07a] ""Wg3"" terms "81"-"100" of "187
"[s07a] batch done in "8" s"
"[s07a] wrote s07part_""Wg3_81_100"".m"

SetDelayed::wrsym: Symbol Discard is Protected.
"[s07a] ""Wg3"" terms "101"-"120" of "187

                                                                      2           2                                                   1                         1                 1 2            3                       2           3               2                      2              1             2              1                                      1                              1 2                        1 2                1 3                1
Series::ztest: Unable to decide whether numeric quantities {EulerGamma  + 4 Log[2]  + 2 EulerGamma Log[4] + 2 EulerGamma PolyGamma[0, -] + Log[16] PolyGamma[0, -] + PolyGamma[0, -] , EulerGamma  + 12 EulerGamma Log[2]  + 8 Log[2]  + 3 EulerGamma  Log[4] + 3 EulerGamma  PolyGamma[0, -] + 12 Log[2]  PolyGamma[0, -] + 3 EulerGamma Log[16] PolyGamma[0, -] + 3 EulerGamma PolyGamma[0, -]  + Log[64] PolyGamma[0, -]  + PolyGamma[0, -]  + PolyGamma[2, -] - 7 PolyGamma[2, 1]} are equal to zero. Assuming they are.
                                                                                                                                      2                         2                 2                                                                                                        2                            2                                      2                              2                          2                  2                  2

                                                                      2           2                                                   1                         1                 1 2            3                       2           3               2                      2              1             2              1                                      1                              1 2                        1 2                1 3                1
Series::ztest: Unable to decide whether numeric quantities {EulerGamma  + 4 Log[2]  + 2 EulerGamma Log[4] + 2 EulerGamma PolyGamma[0, -] + Log[16] PolyGamma[0, -] + PolyGamma[0, -] , EulerGamma  + 12 EulerGamma Log[2]  + 8 Log[2]  + 3 EulerGamma  Log[4] + 3 EulerGamma  PolyGamma[0, -] + 12 Log[2]  PolyGamma[0, -] + 3 EulerGamma Log[16] PolyGamma[0, -] + 3 EulerGamma PolyGamma[0, -]  + Log[64] PolyGamma[0, -]  + PolyGamma[0, -]  + PolyGamma[2, -] - 7 PolyGamma[2, 1]} are equal to zero. Assuming they are.
                                                                                                                                      2                         2                 2                                                                                                        2                            2                                      2                              2                          2                  2                  2

                                                                                             1
Series::ztest1: Unable to decide whether numeric quantity EulerGamma + Log[4] + PolyGamma[0, -] is equal to zero. Assuming it is.
                                                                                             2

                                                                      2           2                                                   1                         1                 1 2            3                       2           3               2                      2              1             2              1                                      1                              1 2                        1 2                1 3                1
Series::ztest: Unable to decide whether numeric quantities {EulerGamma  + 4 Log[2]  + 2 EulerGamma Log[4] + 2 EulerGamma PolyGamma[0, -] + Log[16] PolyGamma[0, -] + PolyGamma[0, -] , EulerGamma  + 12 EulerGamma Log[2]  + 8 Log[2]  + 3 EulerGamma  Log[4] + 3 EulerGamma  PolyGamma[0, -] + 12 Log[2]  PolyGamma[0, -] + 3 EulerGamma Log[16] PolyGamma[0, -] + 3 EulerGamma PolyGamma[0, -]  + Log[64] PolyGamma[0, -]  + PolyGamma[0, -]  + PolyGamma[2, -] - 7 PolyGamma[2, 1]} are equal to zero. Assuming they are.
                                                                                                                                      2                         2                 2                                                                                                        2                            2                                      2                              2                          2                  2                  2

General::stop: Further output of Series::ztest will be suppressed during this calculation.

                                                                                             1
Series::ztest1: Unable to decide whether numeric quantity EulerGamma + Log[4] + PolyGamma[0, -] is equal to zero. Assuming it is.
                                                                                             2

                                                                                             1
Series::ztest1: Unable to decide whether numeric quantity EulerGamma + Log[4] + PolyGamma[0, -] is equal to zero. Assuming it is.
                                                                                             2

General::stop: Further output of Series::ztest1 will be suppressed during this calculation.
"[s07a] batch done in "153" s"
"[s07a] wrote s07part_""Wg3_101_120"".m"

SetDelayed::wrsym: Symbol Discard is Protected.
"[s07a] ""Wg3"" terms "121"-"140" of "187

                                                                      2           2                                                   1                         1                 1 2            3                       2           3               2                      2              1             2              1                                      1                              1 2                        1 2                1 3                1
Series::ztest: Unable to decide whether numeric quantities {EulerGamma  + 4 Log[2]  + 2 EulerGamma Log[4] + 2 EulerGamma PolyGamma[0, -] + Log[16] PolyGamma[0, -] + PolyGamma[0, -] , EulerGamma  + 12 EulerGamma Log[2]  + 8 Log[2]  + 3 EulerGamma  Log[4] + 3 EulerGamma  PolyGamma[0, -] + 12 Log[2]  PolyGamma[0, -] + 3 EulerGamma Log[16] PolyGamma[0, -] + 3 EulerGamma PolyGamma[0, -]  + Log[64] PolyGamma[0, -]  + PolyGamma[0, -]  + PolyGamma[2, -] - 7 PolyGamma[2, 1]} are equal to zero. Assuming they are.
                                                                                                                                      2                         2                 2                                                                                                        2                            2                                      2                              2                          2                  2                  2

                                                                                             1
Series::ztest1: Unable to decide whether numeric quantity EulerGamma + Log[4] + PolyGamma[0, -] is equal to zero. Assuming it is.
                                                                                             2

                                                                      2           2                                                   1                         1                 1 2            3                       2           3               2                      2              1             2              1                                      1                              1 2                        1 2                1 3                1
Series::ztest: Unable to decide whether numeric quantities {EulerGamma  + 4 Log[2]  + 2 EulerGamma Log[4] + 2 EulerGamma PolyGamma[0, -] + Log[16] PolyGamma[0, -] + PolyGamma[0, -] , EulerGamma  + 12 EulerGamma Log[2]  + 8 Log[2]  + 3 EulerGamma  Log[4] + 3 EulerGamma  PolyGamma[0, -] + 12 Log[2]  PolyGamma[0, -] + 3 EulerGamma Log[16] PolyGamma[0, -] + 3 EulerGamma PolyGamma[0, -]  + Log[64] PolyGamma[0, -]  + PolyGamma[0, -]  + PolyGamma[2, -] - 7 PolyGamma[2, 1]} are equal to zero. Assuming they are.
                                                                                                                                      2                         2                 2                                                                                                        2                            2                                      2                              2                          2                  2                  2

                                                                                             1
Series::ztest1: Unable to decide whether numeric quantity EulerGamma + Log[4] + PolyGamma[0, -] is equal to zero. Assuming it is.
                                                                                             2

                                                                      2           2                                                   1                         1                 1 2            3                       2           3               2                      2              1             2              1                                      1                              1 2                        1 2                1 3                1
Series::ztest: Unable to decide whether numeric quantities {EulerGamma  + 4 Log[2]  + 2 EulerGamma Log[4] + 2 EulerGamma PolyGamma[0, -] + Log[16] PolyGamma[0, -] + PolyGamma[0, -] , EulerGamma  + 12 EulerGamma Log[2]  + 8 Log[2]  + 3 EulerGamma  Log[4] + 3 EulerGamma  PolyGamma[0, -] + 12 Log[2]  PolyGamma[0, -] + 3 EulerGamma Log[16] PolyGamma[0, -] + 3 EulerGamma PolyGamma[0, -]  + Log[64] PolyGamma[0, -]  + PolyGamma[0, -]  + PolyGamma[2, -] - 7 PolyGamma[2, 1]} are equal to zero. Assuming they are.
                                                                                                                                      2                         2                 2                                                                                                        2                            2                                      2                              2                          2                  2                  2

General::stop: Further output of Series::ztest will be suppressed during this calculation.

                                                                                             1
Series::ztest1: Unable to decide whether numeric quantity EulerGamma + Log[4] + PolyGamma[0, -] is equal to zero. Assuming it is.
                                                                                             2

General::stop: Further output of Series::ztest1 will be suppressed during this calculation.
"[s07a] batch done in "171" s"
"[s07a] wrote s07part_""Wg3_121_140"".m"

SetDelayed::wrsym: Symbol Discard is Protected.
"[s07a] ""Wg3"" terms "141"-"160" of "187
"[s07a] term "148" endpoint alpha = 2 (delta valuation 1)"

                                 1
Power::infy: Infinite expression - encountered.
                                 0

                                              0 s t (Q2 + s + t) ComplexInfinity
Infinity::indet: Indeterminate expression -(-(----------------------------------)) encountered.
                                                       s t (Q2 + s + t)
"[s07a] batch done in "123" s"
"[s07a] wrote s07part_""Wg3_141_160"".m"

SetDelayed::wrsym: Symbol Discard is Protected.
"[s07a] ""Wg3"" terms "161"-"180" of "187
"[s07a] batch done in "618" s"
"[s07a] wrote s07part_""Wg3_161_180"".m"

SetDelayed::wrsym: Symbol Discard is Protected.
"[s07a] ""Wg3"" terms "181"-"187" of "187
"[s07a] batch done in "43" s"
"[s07a] wrote s07part_""Wg3_181_187"".m"

SetDelayed::wrsym: Symbol Discard is Protected.
"[s07a] ""Wpp3"" terms "1"-"20" of "182
"[s07a] batch done in "105" s"
"[s07a] wrote s07part_""Wpp3_1_20"".m"

SetDelayed::wrsym: Symbol Discard is Protected.
"[s07a] ""Wpp3"" terms "21"-"40" of "182
"[s07a] batch done in "49" s"
"[s07a] wrote s07part_""Wpp3_21_40"".m"

SetDelayed::wrsym: Symbol Discard is Protected.
"[s07a] ""Wpp3"" terms "41"-"60" of "182
"[s07a] batch done in "38" s"
"[s07a] wrote s07part_""Wpp3_41_60"".m"

SetDelayed::wrsym: Symbol Discard is Protected.
"[s07a] ""Wpp3"" terms "61"-"80" of "182
"[s07a] batch done in "20" s"
"[s07a] wrote s07part_""Wpp3_61_80"".m"

SetDelayed::wrsym: Symbol Discard is Protected.
"[s07a] ""Wpp3"" terms "81"-"100" of "182
"[s07a] batch done in "12" s"
"[s07a] wrote s07part_""Wpp3_81_100"".m"

SetDelayed::wrsym: Symbol Discard is Protected.
"[s07a] ""Wpp3"" terms "101"-"120" of "182

                                                                      2           2                                                   1                         1                 1 2            3                       2           3               2                      2              1             2              1                                      1                              1 2                        1 2                1 3                1
Series::ztest: Unable to decide whether numeric quantities {EulerGamma  + 4 Log[2]  + 2 EulerGamma Log[4] + 2 EulerGamma PolyGamma[0, -] + Log[16] PolyGamma[0, -] + PolyGamma[0, -] , EulerGamma  + 12 EulerGamma Log[2]  + 8 Log[2]  + 3 EulerGamma  Log[4] + 3 EulerGamma  PolyGamma[0, -] + 12 Log[2]  PolyGamma[0, -] + 3 EulerGamma Log[16] PolyGamma[0, -] + 3 EulerGamma PolyGamma[0, -]  + Log[64] PolyGamma[0, -]  + PolyGamma[0, -]  + PolyGamma[2, -] - 7 PolyGamma[2, 1]} are equal to zero. Assuming they are.
                                                                                                                                      2                         2                 2                                                                                                        2                            2                                      2                              2                          2                  2                  2

                                                                      2           2                                                   1                         1                 1 2            3                       2           3               2                      2              1             2              1                                      1                              1 2                        1 2                1 3                1
Series::ztest: Unable to decide whether numeric quantities {EulerGamma  + 4 Log[2]  + 2 EulerGamma Log[4] + 2 EulerGamma PolyGamma[0, -] + Log[16] PolyGamma[0, -] + PolyGamma[0, -] , EulerGamma  + 12 EulerGamma Log[2]  + 8 Log[2]  + 3 EulerGamma  Log[4] + 3 EulerGamma  PolyGamma[0, -] + 12 Log[2]  PolyGamma[0, -] + 3 EulerGamma Log[16] PolyGamma[0, -] + 3 EulerGamma PolyGamma[0, -]  + Log[64] PolyGamma[0, -]  + PolyGamma[0, -]  + PolyGamma[2, -] - 7 PolyGamma[2, 1]} are equal to zero. Assuming they are.
                                                                                                                                      2                         2                 2                                                                                                        2                            2                                      2                              2                          2                  2                  2

                                                                                             1
Series::ztest1: Unable to decide whether numeric quantity EulerGamma + Log[4] + PolyGamma[0, -] is equal to zero. Assuming it is.
                                                                                             2

                                                                      2           2                                                   1                         1                 1 2            3                       2           3               2                      2              1             2              1                                      1                              1 2                        1 2                1 3                1
Series::ztest: Unable to decide whether numeric quantities {EulerGamma  + 4 Log[2]  + 2 EulerGamma Log[4] + 2 EulerGamma PolyGamma[0, -] + Log[16] PolyGamma[0, -] + PolyGamma[0, -] , EulerGamma  + 12 EulerGamma Log[2]  + 8 Log[2]  + 3 EulerGamma  Log[4] + 3 EulerGamma  PolyGamma[0, -] + 12 Log[2]  PolyGamma[0, -] + 3 EulerGamma Log[16] PolyGamma[0, -] + 3 EulerGamma PolyGamma[0, -]  + Log[64] PolyGamma[0, -]  + PolyGamma[0, -]  + PolyGamma[2, -] - 7 PolyGamma[2, 1]} are equal to zero. Assuming they are.
                                                                                                                                      2                         2                 2                                                                                                        2                            2                                      2                              2                          2                  2                  2

General::stop: Further output of Series::ztest will be suppressed during this calculation.

                                                                                             1
Series::ztest1: Unable to decide whether numeric quantity EulerGamma + Log[4] + PolyGamma[0, -] is equal to zero. Assuming it is.
                                                                                             2

                                                                                             1
Series::ztest1: Unable to decide whether numeric quantity EulerGamma + Log[4] + PolyGamma[0, -] is equal to zero. Assuming it is.
                                                                                             2

General::stop: Further output of Series::ztest1 will be suppressed during this calculation.
"[s07a] batch done in "130" s"
"[s07a] wrote s07part_""Wpp3_101_120"".m"

SetDelayed::wrsym: Symbol Discard is Protected.
"[s07a] ""Wpp3"" terms "121"-"140" of "182

                                                                      2           2                                                   1                         1                 1 2            3                       2           3               2                      2              1             2              1                                      1                              1 2                        1 2                1 3                1
Series::ztest: Unable to decide whether numeric quantities {EulerGamma  + 4 Log[2]  + 2 EulerGamma Log[4] + 2 EulerGamma PolyGamma[0, -] + Log[16] PolyGamma[0, -] + PolyGamma[0, -] , EulerGamma  + 12 EulerGamma Log[2]  + 8 Log[2]  + 3 EulerGamma  Log[4] + 3 EulerGamma  PolyGamma[0, -] + 12 Log[2]  PolyGamma[0, -] + 3 EulerGamma Log[16] PolyGamma[0, -] + 3 EulerGamma PolyGamma[0, -]  + Log[64] PolyGamma[0, -]  + PolyGamma[0, -]  + PolyGamma[2, -] - 7 PolyGamma[2, 1]} are equal to zero. Assuming they are.
                                                                                                                                      2                         2                 2                                                                                                        2                            2                                      2                              2                          2                  2                  2

                                                                      2           2                                                   1                         1                 1 2            3                       2           3               2                      2              1             2              1                                      1                              1 2                        1 2                1 3                1
Series::ztest: Unable to decide whether numeric quantities {EulerGamma  + 4 Log[2]  + 2 EulerGamma Log[4] + 2 EulerGamma PolyGamma[0, -] + Log[16] PolyGamma[0, -] + PolyGamma[0, -] , EulerGamma  + 12 EulerGamma Log[2]  + 8 Log[2]  + 3 EulerGamma  Log[4] + 3 EulerGamma  PolyGamma[0, -] + 12 Log[2]  PolyGamma[0, -] + 3 EulerGamma Log[16] PolyGamma[0, -] + 3 EulerGamma PolyGamma[0, -]  + Log[64] PolyGamma[0, -]  + PolyGamma[0, -]  + PolyGamma[2, -] - 7 PolyGamma[2, 1]} are equal to zero. Assuming they are.
                                                                                                                                      2                         2                 2                                                                                                        2                            2                                      2                              2                          2                  2                  2

                                                                      2           2                                                   1                         1                 1 2            3                       2           3               2                      2              1             2              1                                      1                              1 2                        1 2                1 3                1
Series::ztest: Unable to decide whether numeric quantities {EulerGamma  + 4 Log[2]  + 2 EulerGamma Log[4] + 2 EulerGamma PolyGamma[0, -] + Log[16] PolyGamma[0, -] + PolyGamma[0, -] , EulerGamma  + 12 EulerGamma Log[2]  + 8 Log[2]  + 3 EulerGamma  Log[4] + 3 EulerGamma  PolyGamma[0, -] + 12 Log[2]  PolyGamma[0, -] + 3 EulerGamma Log[16] PolyGamma[0, -] + 3 EulerGamma PolyGamma[0, -]  + Log[64] PolyGamma[0, -]  + PolyGamma[0, -]  + PolyGamma[2, -] - 7 PolyGamma[2, 1]} are equal to zero. Assuming they are.
                                                                                                                                      2                         2                 2                                                                                                        2                            2                                      2                              2                          2                  2                  2

General::stop: Further output of Series::ztest will be suppressed during this calculation.
"[s07a] term "136" endpoint alpha = 2 (delta valuation 1)"

                                 1
Power::infy: Infinite expression - encountered.
                                 0

                                              0 s t (Q2 + s + t) ComplexInfinity
Infinity::indet: Indeterminate expression -(-(----------------------------------)) encountered.
                                                       s t (Q2 + s + t)
"[s07a] batch done in "134" s"
"[s07a] wrote s07part_""Wpp3_121_140"".m"

SetDelayed::wrsym: Symbol Discard is Protected.
"[s07a] ""Wpp3"" terms "141"-"160" of "182
"[s07a] batch done in "494" s"
"[s07a] wrote s07part_""Wpp3_141_160"".m"

SetDelayed::wrsym: Symbol Discard is Protected.
"[s07a] ""Wpp3"" terms "161"-"180" of "182
"[s07a] batch done in "524" s"
"[s07a] wrote s07part_""Wpp3_161_180"".m"

SetDelayed::wrsym: Symbol Discard is Protected.
"[s07a] ""Wpp3"" terms "181"-"182" of "182
"[s07a] batch done in "5" s"
"[s07a] wrote s07part_""Wpp3_181_182"".m"
