[drv] START Wg3 1-20 avail=10GB
[drv] DONE Wg3 1-20 rc=0
[drv] START Wg3 21-40 avail=10GB
[drv] DONE Wg3 21-40 rc=0
[drv] START Wg3 41-60 avail=10GB
[drv] DONE Wg3 41-60 rc=0
[drv] START Wg3 61-80 avail=12GB
[drv] DONE Wg3 61-80 rc=0
[drv] START Wg3 81-100 avail=11GB
[drv] DONE Wg3 81-100 rc=0
[drv] START Wg3 101-120 avail=11GB
[drv] DONE Wg3 101-120 rc=0
[drv] START Wg3 121-140 avail=11GB
[drv] DONE Wg3 121-140 rc=0
[drv] START Wg3 141-160 avail=10GB
[drv] DONE Wg3 141-160 rc=0
[drv] START Wg3 161-180 avail=10GB
[drv] DONE Wg3 161-180 rc=0
[drv] START Wg3 181-187 avail=11GB
[drv] DONE Wg3 181-187 rc=0
[drv] START Wpp3 1-20 avail=11GB
[drv] DONE Wpp3 1-20 rc=0
[drv] START Wpp3 21-40 avail=11GB
[drv] DONE Wpp3 21-40 rc=0
[drv] START Wpp3 41-60 avail=11GB
[drv] DONE Wpp3 41-60 rc=0
[drv] START Wpp3 61-80 avail=11GB
[drv] DONE Wpp3 61-80 rc=0
[drv] START Wpp3 81-100 avail=11GB
[drv] DONE Wpp3 81-100 rc=0
[drv] START Wpp3 101-120 avail=11GB
[drv] DONE Wpp3 101-120 rc=0
[drv] START Wpp3 121-140 avail=11GB
[drv] DONE Wpp3 121-140 rc=0
[drv] START Wpp3 141-160 avail=12GB
[drv] DONE Wpp3 141-160 rc=0
[drv] START Wpp3 161-180 avail=11GB
[drv] DONE Wpp3 161-180 rc=0
[drv] START Wpp3 181-182 avail=12GB
[drv] DONE Wpp3 181-182 rc=0
[drv] ALL S07A BATCHES COMPLETE
