=== Wg3 1-20
=== Wg3 21-40
=== Wg3 41-60
"[s07a] ""Wg3"" terms "41"-"60" of "187
"[s07a] batch done in "26" s"
"[s07a] wrote s07part_""Wg3_41_60"".m"
=== Wg3 61-80
"[s07a] ""Wg3"" terms "21"-"40" of "187
"[s07a] batch done in "49" s"
"[s07a] wrote s07part_""Wg3_21_40"".m"
=== Wg3 81-100
"[s07a] ""Wg3"" terms "61"-"80" of "187
"[s07a] batch done in "21" s"
"[s07a] wrote s07part_""Wg3_61_80"".m"
=== Wg3 101-120
"[s07a] ""Wg3"" terms "81"-"100" of "187
"[s07a] batch done in "10" s"
"[s07a] wrote s07part_""Wg3_81_100"".m"
=== Wg3 121-140
"[s07a] ""Wg3"" terms "1"-"20" of "187
"[s07a] batch done in "114" s"
"[s07a] wrote s07part_""Wg3_1_20"".m"
=== Wg3 141-160
"[s07a] ""Wg3"" terms "101"-"120" of "187
"[s07a] batch done in "136" s"
"[s07a] wrote s07part_""Wg3_101_120"".m"
=== Wg3 161-180
"[s07a] ""Wg3"" terms "141"-"160" of "187
"[s07a] batch done in "109" s"
"[s07a] wrote s07part_""Wg3_141_160"".m"
=== Wg3 181-187
"[s07a] ""Wg3"" terms "121"-"140" of "187
"[s07a] batch done in "171" s"
"[s07a] wrote s07part_""Wg3_121_140"".m"
=== Wpp3 1-20
"[s07a] ""Wg3"" terms "181"-"187" of "187
"[s07a] batch done in "45" s"
"[s07a] wrote s07part_""Wg3_181_187"".m"
=== Wpp3 21-40
"[s07a] ""Wpp3"" terms "21"-"40" of "182
"[s07a] batch done in "48" s"
"[s07a] wrote s07part_""Wpp3_21_40"".m"
=== Wpp3 41-60
"[s07a] ""Wpp3"" terms "1"-"20" of "182
"[s07a] batch done in "110" s"
"[s07a] wrote s07part_""Wpp3_1_20"".m"
=== Wpp3 61-80
"[s07a] ""Wpp3"" terms "41"-"60" of "182
"[s07a] batch done in "48" s"
"[s07a] wrote s07part_""Wpp3_41_60"".m"
=== Wpp3 81-100
"[s07a] ""Wpp3"" terms "61"-"80" of "182
"[s07a] batch done in "24" s"
"[s07a] wrote s07part_""Wpp3_61_80"".m"
=== Wpp3 101-120
"[s07a] ""Wpp3"" terms "81"-"100" of "182
"[s07a] batch done in "14" s"
"[s07a] wrote s07part_""Wpp3_81_100"".m"
=== Wpp3 121-140
"[s07a] ""Wpp3"" terms "101"-"120" of "182
"[s07a] batch done in "140" s"
"[s07a] wrote s07part_""Wpp3_101_120"".m"
=== Wpp3 141-160
"[s07a] ""Wpp3"" terms "121"-"140" of "182
"[s07a] batch done in "138" s"
"[s07a] wrote s07part_""Wpp3_121_140"".m"
=== Wpp3 161-180
"[s07a] ""Wg3"" terms "161"-"180" of "187
"[s07a] batch done in "698" s"
"[s07a] wrote s07part_""Wg3_161_180"".m"
=== Wpp3 181-182
"[s07a] ""Wpp3"" terms "181"-"182" of "182
"[s07a] batch done in "6" s"
"[s07a] wrote s07part_""Wpp3_181_182"".m"
"[s07a] ""Wpp3"" terms "141"-"160" of "182
"[s07a] batch done in "578" s"
"[s07a] wrote s07part_""Wpp3_141_160"".m"
"[s07a] ""Wpp3"" terms "161"-"180" of "182
"[s07a] batch done in "598" s"
"[s07a] wrote s07part_""Wpp3_161_180"".m"
ALL BATCHES DONE
20
