g realStream start rss=427
   Wg3 s07part_Wg3_101_120.m cumterms=3280 rss=470
   Wg3 s07part_Wg3_1_20.m cumterms=4620 rss=472
   Wg3 s07part_Wg3_121_140.m cumterms=5883 rss=474
   Wg3 s07part_Wg3_141_160.m cumterms=7249 rss=478
   Wg3 s07part_Wg3_161_180.m cumterms=138256 rss=1571
   Wg3 s07part_Wg3_181_187.m cumterms=138273 rss=1570
   Wg3 s07part_Wg3_21_40.m cumterms=139319 rss=1571
   Wg3 s07part_Wg3_41_60.m cumterms=140310 rss=1572
   Wg3 s07part_Wg3_61_80.m cumterms=141611 rss=1576
   Wg3 s07part_Wg3_81_100.m cumterms=142799 rss=1578
g realStream done 683.7s rss=1508
g res stored rss=1605
pp realStream start rss=1605
   Wpp3 s07part_Wpp3_101_120.m cumterms=3534 rss=1587
   Wpp3 s07part_Wpp3_1_20.m cumterms=4282 rss=1587
   Wpp3 s07part_Wpp3_121_140.m cumterms=5021 rss=1587
   Wpp3 s07part_Wpp3_141_160.m cumterms=106501 rss=2073
   Wpp3 s07part_Wpp3_161_180.m cumterms=142787 rss=2165
   Wpp3 s07part_Wpp3_181_182.m cumterms=142794 rss=2164
   Wpp3 s07part_Wpp3_21_40.m cumterms=144268 rss=2164
   Wpp3 s07part_Wpp3_41_60.m cumterms=145215 rss=2165
   Wpp3 s07part_Wpp3_61_80.m cumterms=146435 rss=2165
   Wpp3 s07part_Wpp3_81_100.m cumterms=147552 rss=2166
pp realStream done 1825.7s rss=2168
pp res stored rss=2187
