
SetDelayed::wrsym: Symbol Discard is Protected.
"[s07] scheme: ""MSbar"
"[s07] --- loading real-part partials from s07a ---"
"[s07] stage A: reusing ""s08ck_real.m"
"[s07] virtual: UV/IR labels are mapped to a single eps below; the old 1/EpsilonUV gate was ill-defined and has been removed (see comment)."
"[s07] CT pieces (units as/4Pi/eps): 2dZgs = "(mu2^eps*(-11*Nc + 2*nf)*(4*Pi)^eps)/(3*E^(eps*EulerGamma))"   2dZ2 = "-((mu2^eps*(-1 + Nc)*(1 + Nc)*(4*Pi)^eps)/(E^(eps*EulerGamma)*Nc))"   dZ3 = "(mu2^eps*(5*Nc - 2*nf)*(4*Pi)^eps)/(3*E^(eps*EulerGamma))
"[s07] counterterm phase-space factor pfPS = "InputForm[1 + eps*(Log[16] + Log[Pi] + PolyGamma[0, 1/2]) - (eps^2*(Pi^2 - 32*Log[2]^2 - 2*(Log[Pi] + PolyGamma[0, 1/2])*(Log[256*Pi] + PolyGamma[0, 1/2])))/4]
"[s07] stage B: reusing ""s08ck_virt.m"
"[s07] --- subtractions ---"
"[s07] stage C: reusing ""s08ck_sub.m"
"[s07] --- pole cancellation gate (max |value| over 3 random points) ---"
"[s07]   ""Wg3"": "10" partials covering 1.."187" OK"
"  Gamma=""g""  ""del"" : |1/eps^2| = "ScientificForm[0``32.04058777246282*Abs[eq]^2, 3]"   |1/eps| = "ScientificForm[0``30.9709467672798*Abs[eq]^2, 3]
"  Gamma=""g""  ""reg"" : |1/eps^2| = "ScientificForm[0, 3]"   |1/eps| = "ScientificForm[0``31.658409183401055*Abs[eq]^2, 3]
"  Gamma=""g""  ""p1"" : |1/eps^2| = "ScientificForm[0, 3]"   |1/eps| = "ScientificForm[0``31.667974514332112*Abs[eq]^2, 3]
"  Gamma=""g""  ""p2"" : |1/eps^2| = "ScientificForm[0, 3]"   |1/eps| = "ScientificForm[0, 3]
"[s07]   ""Wpp3"": "10" partials covering 1.."182" OK"
"  Gamma=""pp""  ""del"" : |1/eps^2| = "ScientificForm[0``31.903812930919347*Abs[eq]^2, 3]"   |1/eps| = "ScientificForm[0``30.70662900532351*Abs[eq]^2, 3]
"  Gamma=""pp""  ""reg"" : |1/eps^2| = "ScientificForm[0, 3]"   |1/eps| = "ScientificForm[0``31.60842103130482*Abs[eq]^2, 3]
"  Gamma=""pp""  ""p1"" : |1/eps^2| = "ScientificForm[0, 3]"   |1/eps| = "ScientificForm[0``31.82794491969351*Abs[eq]^2, 3]
"  Gamma=""pp""  ""p2"" : |1/eps^2| = "ScientificForm[0, 3]"   |1/eps| = "ScientificForm[0, 3]
"[s07] MSbar gate (must be True): "False
"[s07] done"
