MONITOR_START job=14689311 host=n6439 kernel_pid=18250
"PASS: ""accepted angular basis exists"
"PASS: ""S05 source identity"
"Required angular masters: "53
"Hypergeometric Gamma factor "1"/"5
"Hypergeometric Gamma factor "2"/"5
"Hypergeometric Gamma factor "3"/"5
"Hypergeometric Gamma factor "4"/"5
"Hypergeometric Gamma factor "5"/"5
"Hypergeometric series coefficients: "InputForm[{0, 0, n^(-2)}]
"PASS: ""generated hypergeometric expansion satisfies its defining equation"
"Parallel budget inputs: "InputForm[{5, 1, Infinity}]
"PASS: ""angular workers share compute node and runtime"
"Angular worker count = "5
"From remote kernel:"
"\"Angular master \"InputForm[{\"LL\", -3, -1}]\"; memory = \"38338568\n"
"From remote kernel:"
"\"Angular master \"InputForm[{\"LL\", -3, 0}]\"; memory = \"38339848\n"
"From remote kernel:"
"\"Angular master \"InputForm[{\"LL\", -3, 1}]\"; memory = \"38338408\n"
"From remote kernel:"
"\"Angular master \"InputForm[{\"LL\", -2, -2}]\"; memory = \"38339944\n"
"From remote kernel:"
"\"Angular master \"InputForm[{\"LL\", -2, -1}]\"; memory = \"38339784\n"
"From remote kernel:"
"\"PASS: \"\"contiguous reduction is linear in its seed\"\n"
"From remote kernel:"
"\"PASS: \"\"contiguous reduction is linear in its seed\"\n"
"From remote kernel:"
"\"PASS: \"\"contiguous reduction is linear in its seed\"\n"
"From remote kernel:"
"\"PASS: \"\"contiguous reduction is linear in its seed\"\n"
"From remote kernel:"
"\"PASS: \"\"contiguous reduction is linear in its seed\"\n"
"From remote kernel:"
"\"PASS: \"\"angular coefficient factoring reconstructs its input\"\n"
"From remote kernel:"
"\"PASS: \"\"angular coefficient factoring reconstructs its input\"\n"
"From remote kernel:"
"\"PASS: \"\"angular coefficient factoring reconstructs its input\"\n"
"From remote kernel:"
"\"PASS: \"\"angular coefficient factoring reconstructs its input\"\n"
"From remote kernel:"
"\"PASS: \"\"angular integral fully evaluated\"\n"
"From remote kernel:"
"\"PASS: \"\"angular coefficient factoring reconstructs its input\"\n"
"From remote kernel:"
"\"PASS: \"\"angular coefficient factoring reconstructs its input\"\n"
"From remote kernel:"
"\"PASS: \"\"angular coefficient factoring reconstructs its input\"\n"
"From remote kernel:"
"\"PASS: \"\"at most a single angular pole\"\n"
"From remote kernel:"
"\"PASS: \"\"angular integral fully evaluated\"\n"
"From remote kernel:"
"\"PASS: \"\"angular coefficient factoring reconstructs its input\"\n"
"From remote kernel:"
"\"PASS: \"\"angular integral fully evaluated\"\n"
"From remote kernel:"
"\"PASS: \"\"at most a single angular pole\"\n"
"From remote kernel:"
"\"PASS: \"\"angular integral fully evaluated\"\n"
"From remote kernel:"
"\"PASS: \"\"at most a single angular pole\"\n"
"From remote kernel:"
"\"PASS: \"\"at most a single angular pole\"\n"
"From remote kernel:"
"\"Angular master \"InputForm[{\"LL\", -2, 0}]\"; memory = \"50609568\n"
"From remote kernel:"
"\"PASS: \"\"contiguous reduction is linear in its seed\"\n"
"From remote kernel:"
"\"Angular master \"InputForm[{\"LL\", -2, 1}]\"; memory = \"50537992\n"
"From remote kernel:"
"\"PASS: \"\"angular coefficient factoring reconstructs its input\"\n"
"From remote kernel:"
"\"PASS: \"\"contiguous reduction is linear in its seed\"\n"
"From remote kernel:"
"\"PASS: \"\"angular coefficient factoring reconstructs its input\"\n"
"From remote kernel:"
"\"PASS: \"\"angular integral fully evaluated\"\n"
"From remote kernel:"
"\"Angular master \"InputForm[{\"LL\", -1, -3}]\"; memory = \"50660216\n"
"From remote kernel:"
"\"Angular master \"InputForm[{\"LL\", -1, -2}]\"; memory = \"50545592\n"
"From remote kernel:"
"\"PASS: \"\"at most a single angular pole\"\n"
"From remote kernel:"
"\"PASS: \"\"contiguous reduction is linear in its seed\"\n"
"From remote kernel:"
"\"PASS: \"\"contiguous reduction is linear in its seed\"\n"
"From remote kernel:"
"\"Angular master \"InputForm[{\"LL\", -1, -1}]\"; memory = \"51509024\n"
"From remote kernel:"
"\"PASS: \"\"contiguous reduction is linear in its seed\"\n"
"From remote kernel:"
"\"PASS: \"\"angular coefficient factoring reconstructs its input\"\n"
"From remote kernel:"
"\"PASS: \"\"angular coefficient factoring reconstructs its input\"\n"
"From remote kernel:"
"\"PASS: \"\"angular coefficient factoring reconstructs its input\"\n"
"From remote kernel:"
"\"PASS: \"\"angular coefficient factoring reconstructs its input\"\n"
"From remote kernel:"
"\"PASS: \"\"angular coefficient factoring reconstructs its input\"\n"
"From remote kernel:"
"\"PASS: \"\"angular integral fully evaluated\"\n"
"From remote kernel:"
"\"PASS: \"\"angular integral fully evaluated\"\n"
"From remote kernel:"
"\"PASS: \"\"angular coefficient factoring reconstructs its input\"\n"
"From remote kernel:"
"\"PASS: \"\"angular coefficient factoring reconstructs its input\"\n"
"From remote kernel:"
"\"PASS: \"\"at most a single angular pole\"\n"
"From remote kernel:"
"\"PASS: \"\"at most a single angular pole\"\n"
"From remote kernel:"
"\"PASS: \"\"angular coefficient factoring reconstructs its input\"\n"
"From remote kernel:"
"\"PASS: \"\"angular integral fully evaluated\"\n"
"From remote kernel:"
"\"PASS: \"\"angular integral fully evaluated\"\n"
"From remote kernel:"
"\"PASS: \"\"at most a single angular pole\"\n"
"From remote kernel:"
"\"PASS: \"\"at most a single angular pole\"\n"
"From remote kernel:"
"\"Angular master \"InputForm[{\"LL\", -1, 0}]\"; memory = \"50845264\n"
"From remote kernel:"
"\"Angular master \"InputForm[{\"LL\", -1, 1}]\"; memory = \"51751184\n"
"From remote kernel:"
"\"Angular master \"InputForm[{\"LL\", 0, -3}]\"; memory = \"50773984\n"
"From remote kernel:"
"\"PASS: \"\"contiguous reduction is linear in its seed\"\n"
"From remote kernel:"
"\"PASS: \"\"contiguous reduction is linear in its seed\"\n"
"From remote kernel:"
"\"PASS: \"\"contiguous reduction is linear in its seed\"\n"
"From remote kernel:"
"\"Angular master \"InputForm[{\"LL\", 0, -2}]\"; memory = \"50895784\n"
"From remote kernel:"
"\"PASS: \"\"contiguous reduction is linear in its seed\"\n"
"From remote kernel:"
"\"PASS: \"\"angular coefficient factoring reconstructs its input\"\n"
"From remote kernel:"
"\"PASS: \"\"angular coefficient factoring reconstructs its input\"\n"
"From remote kernel:"
"\"PASS: \"\"angular coefficient factoring reconstructs its input\"\n"
"From remote kernel:"
"\"PASS: \"\"angular coefficient factoring reconstructs its input\"\n"
"From remote kernel:"
"\"PASS: \"\"angular integral fully evaluated\"\n"
"From remote kernel:"
"\"PASS: \"\"angular integral fully evaluated\"\n"
"From remote kernel:"
"\"PASS: \"\"at most a single angular pole\"\n"
"From remote kernel:"
"\"PASS: \"\"at most a single angular pole\"\n"
"From remote kernel:"
"\"Angular master \"InputForm[{\"LL\", 0, -1}]\"; memory = \"50980552\n"
"From remote kernel:"
"\"PASS: \"\"contiguous reduction is linear in its seed\"\n"
"From remote kernel:"
"\"PASS: \"\"angular coefficient factoring reconstructs its input\"\n"
"From remote kernel:"
"\"PASS: \"\"angular coefficient factoring reconstructs its input\"\n"
"From remote kernel:"
"\"PASS: \"\"angular integral fully evaluated\"\n"
"From remote kernel:"
"\"Angular master \"InputForm[{\"LL\", 0, 0}]\"; memory = \"52788480\n"
"From remote kernel:"
"\"PASS: \"\"at most a single angular pole\"\n"
"From remote kernel:"
"\"PASS: \"\"contiguous reduction is linear in its seed\"\n"
"From remote kernel:"
"\"Angular master \"InputForm[{\"LL\", 0, 1}]\"; memory = \"52836128\n"
"From remote kernel:"
"\"PASS: \"\"contiguous reduction is linear in its seed\"\n"
"From remote kernel:"
"\"PASS: \"\"angular coefficient factoring reconstructs its input\"\n"
"From remote kernel:"
"\"PASS: \"\"angular coefficient factoring reconstructs its input\"\n"
"From remote kernel:"
"\"PASS: \"\"angular integral fully evaluated\"\n"
"From remote kernel:"
"\"PASS: \"\"angular coefficient factoring reconstructs its input\"\n"
"From remote kernel:"
"\"PASS: \"\"at most a single angular pole\"\n"
"From remote kernel:"
"\"PASS: \"\"angular coefficient factoring reconstructs its input\"\n"
"From remote kernel:"
"\"PASS: \"\"angular integral fully evaluated\"\n"
"From remote kernel:"
"\"PASS: \"\"angular coefficient factoring reconstructs its input\"\n"
"From remote kernel:"
"\"PASS: \"\"at most a single angular pole\"\n"
"From remote kernel:"
"\"PASS: \"\"angular coefficient factoring reconstructs its input\"\n"
"From remote kernel:"
"\"Angular master \"InputForm[{\"LL\", 1, -3}]\"; memory = \"52992064\n"
"From remote kernel:"
"\"PASS: \"\"angular integral fully evaluated\"\n"
"From remote kernel:"
"\"PASS: \"\"contiguous reduction is linear in its seed\"\n"
"From remote kernel:"
"\"PASS: \"\"at most a single angular pole\"\n"
"From remote kernel:"
"\"Angular master \"InputForm[{\"LL\", 1, -2}]\"; memory = \"53456760\n"
"From remote kernel:"
"\"PASS: \"\"contiguous reduction is linear in its seed\"\n"
"From remote kernel:"
"\"Angular master \"InputForm[{\"LL\", 1, -1}]\"; memory = \"52916480\n"
"From remote kernel:"
"\"PASS: \"\"contiguous reduction is linear in its seed\"\n"
"From remote kernel:"
"\"PASS: \"\"angular coefficient factoring reconstructs its input\"\n"
"From remote kernel:"
"\"PASS: \"\"angular coefficient factoring reconstructs its input\"\n"
"From remote kernel:"
"\"PASS: \"\"angular integral fully evaluated\"\n"
"From remote kernel:"
"\"PASS: \"\"at most a single angular pole\"\n"
"From remote kernel:"
"\"Angular master \"InputForm[{\"LL\", 1, 0}]\"; memory = \"54365848\n"
"From remote kernel:"
"\"PASS: \"\"contiguous reduction is linear in its seed\"\n"
"From remote kernel:"
"\"PASS: \"\"angular coefficient factoring reconstructs its input\"\n"
"From remote kernel:"
"\"PASS: \"\"angular coefficient factoring reconstructs its input\"\n"
"From remote kernel:"
"\"PASS: \"\"angular integral fully evaluated\"\n"
"From remote kernel:"
"\"PASS: \"\"at most a single angular pole\"\n"
"From remote kernel:"
"\"Angular master \"InputForm[{\"LL\", 1, 1}]\"; memory = \"53841128\n"
"From remote kernel:"
"\"PASS: \"\"contiguous reduction is linear in its seed\"\n"
"From remote kernel:"
"\"PASS: \"\"angular coefficient factoring reconstructs its input\"\n"
"From remote kernel:"
"\"PASS: \"\"angular coefficient factoring reconstructs its input\"\n"
"From remote kernel:"
"\"PASS: \"\"angular integral fully evaluated\"\n"
"From remote kernel:"
"\"PASS: \"\"at most a single angular pole\"\n"
"From remote kernel:"
"\"PASS: \"\"angular coefficient factoring reconstructs its input\"\n"
"From remote kernel:"
"\"PASS: \"\"angular coefficient factoring reconstructs its input\"\n"
"From remote kernel:"
"\"Angular master \"InputForm[{\"LL\", 2, -1}]\"; memory = \"54317920\n"
"From remote kernel:"
"\"PASS: \"\"angular integral fully evaluated\"\n"
"From remote kernel:"
"\"PASS: \"\"contiguous reduction is linear in its seed\"\n"
"From remote kernel:"
"\"PASS: \"\"at most a single angular pole\"\n"
"From remote kernel:"
"\"PASS: \"\"angular coefficient factoring reconstructs its input\"\n"
"From remote kernel:"
"\"PASS: \"\"angular coefficient factoring reconstructs its input\"\n"
"From remote kernel:"
"\"Angular master \"InputForm[{\"LL\", 2, 0}]\"; memory = \"53948208\n"
"From remote kernel:"
"\"PASS: \"\"angular integral fully evaluated\"\n"
"From remote kernel:"
"\"PASS: \"\"contiguous reduction is linear in its seed\"\n"
"From remote kernel:"
"\"PASS: \"\"at most a single angular pole\"\n"
"From remote kernel:"
"\"Angular master \"InputForm[{\"ML\", 1, -2}]\"; memory = \"54107760\n"
"From remote kernel:"
"\"PASS: \"\"angular coefficient factoring reconstructs its input\"\n"
"From remote kernel:"
"\"PASS: \"\"angular coefficient factoring reconstructs its input\"\n"
"From remote kernel:"
"\"PASS: \"\"angular integral fully evaluated\"\n"
"From remote kernel:"
"\"PASS: \"\"at most a single angular pole\"\n"
"From remote kernel:"
"\"Angular master \"InputForm[{\"ML\", 0, -1}]\"; memory = \"55247856\n"
"From remote kernel:"
"\"PASS: \"\"angular coefficient factoring reconstructs its input\"\n"
"From remote kernel:"
"\"PASS: \"\"angular coefficient factoring reconstructs its input\"\n"
"From remote kernel:"
"\"PASS: \"\"angular integral fully evaluated\"\n"
"From remote kernel:"
"\"PASS: \"\"at most a single angular pole\"\n"
"From remote kernel:"
"\"Angular master \"InputForm[{\"ML\", 1, -1}]\"; memory = \"54260752\n"
"From remote kernel:"
"\"PASS: \"\"angular coefficient factoring reconstructs its input\"\n"
"From remote kernel:"
"\"PASS: \"\"angular coefficient factoring reconstructs its input\"\n"
"From remote kernel:"
"\"PASS: \"\"angular coefficient factoring reconstructs its input\"\n"
"From remote kernel:"
"\"PASS: \"\"angular integral fully evaluated\"\n"
"From remote kernel:"
"\"PASS: \"\"angular coefficient factoring reconstructs its input\"\n"
"From remote kernel:"
"\"PASS: \"\"at most a single angular pole\"\n"
"From remote kernel:"
"\"PASS: \"\"angular integral fully evaluated\"\n"
"From remote kernel:"
"\"PASS: \"\"at most a single angular pole\"\n"
"From remote kernel:"
"\"Angular master \"InputForm[{\"ML\", 0, 0}]\"; memory = \"54931360\n"
"From remote kernel:"
"\"Angular master \"InputForm[{\"ML\", 1, 0}]\"; memory = \"55224040\n"
"From remote kernel:"
"\"PASS: \"\"azimuth integration leaves a polar polynomial\"\n"
"From remote kernel:"
"\"PASS: \"\"angular coefficient factoring reconstructs its input\"\n"
"From remote kernel:"
"\"PASS: \"\"angular coefficient factoring reconstructs its input\"\n"
"From remote kernel:"
"\"PASS: \"\"angular integral fully evaluated\"\n"
"From remote kernel:"
"\"PASS: \"\"at most a single angular pole\"\n"
"From remote kernel:"
"\"Angular master \"InputForm[{\"ML\", -1, 1}]\"; memory = \"211382616\n"
"From remote kernel:"
"\"PASS: \"\"azimuth integration leaves a polar polynomial\"\n"
"From remote kernel:"
"\"PASS: \"\"azimuth integration leaves a polar polynomial\"\n"
"From remote kernel:"
"\"PASS: \"\"angular coefficient factoring reconstructs its input\"\n"
"From remote kernel:"
"\"PASS: \"\"polar polynomial division reconstructs its numerator\"\n"
"From remote kernel:"
"\"PASS: \"\"angular coefficient factoring reconstructs its input\"\n"
"From remote kernel:"
"\"Single massive polar integral, coefficient \"0\n"
"From remote kernel:"
"\"PASS: \"\"angular integral fully evaluated\"\n"
"From remote kernel:"
"\"PASS: \"\"polar logarithm splits in its integration domain\"\n"
"From remote kernel:"
"\"PASS: \"\"azimuth integration leaves a polar polynomial\"\n"
"From remote kernel:"
"\"PASS: \"\"at most a single angular pole\"\n"
"From remote kernel:"
"\"PASS: \"\"azimuth integration leaves a polar polynomial\"\n"
"From remote kernel:"
"\"PASS: \"\"polar polynomial division reconstructs its numerator\"\n"
"From remote kernel:"
"\"Single massive polar integral, coefficient \"0\n"
"From remote kernel:"
"\"Angular master \"InputForm[{\"ML\", 0, 1}]\"; memory = \"211136704\n"
"From remote kernel:"
"\"PASS: \"\"polar logarithm splits in its integration domain\"\n"
"From remote kernel:"
"\"PASS: \"\"angular coefficient factoring reconstructs its input\"\n"
"From remote kernel:"
"\"PASS: \"\"azimuth integration leaves a polar polynomial\"\n"
"From remote kernel:"
"\"PASS: \"\"angular coefficient factoring reconstructs its input\"\n"
"From remote kernel:"
"\"PASS: \"\"angular coefficient factoring reconstructs its input\"\n"
"From remote kernel:"
"\"PASS: \"\"angular integral fully evaluated\"\n"
"From remote kernel:"
"\"PASS: \"\"angular coefficient factoring reconstructs its input\"\n"
"From remote kernel:"
"\"PASS: \"\"at most a single angular pole\"\n"
"From remote kernel:"
"\"PASS: \"\"angular integral fully evaluated\"\n"
"From remote kernel:"
"\"PASS: \"\"at most a single angular pole\"\n"
"From remote kernel:"
"\"PASS: \"\"azimuth integration leaves a polar polynomial\"\n"
"From remote kernel:"
"\"Angular master \"InputForm[{\"ML\", 1, 1}]\"; memory = \"211624384\n"
"From remote kernel:"
"\"Angular master \"InputForm[{\"ML\", -1, 2}]\"; memory = \"211166208\n"
"From remote kernel:"
"\"PASS: \"\"polar polynomial division reconstructs its numerator\"\n"
"From remote kernel:"
"\"Single massive polar integral, coefficient \"0\n"
"From remote kernel:"
"\"Mixed master \"1\",\"1\"; regular coefficient \"0\n"
"From remote kernel:"
"\"PASS: \"\"polar logarithm splits in its integration domain\"\n"
"From remote kernel:"
"\"PASS: \"\"azimuth integration leaves a polar polynomial\"\n"
"From remote kernel:"
"\"PASS: \"\"angular coefficient factoring reconstructs its input\"\n"
"From remote kernel:"
"\"PASS: \"\"angular coefficient factoring reconstructs its input\"\n"
"From remote kernel:"
"\"PASS: \"\"angular integral fully evaluated\"\n"
"From remote kernel:"
"\"PASS: \"\"at most a single angular pole\"\n"
"From remote kernel:"
"\"Angular master \"InputForm[{\"ML\", 0, 2}]\"; memory = \"211405240\n"
"From remote kernel:"
"\"PASS: \"\"azimuth integration leaves a polar polynomial\"\n"
"From remote kernel:"
"\"PASS: \"\"angular coefficient factoring reconstructs its input\"\n"
"From remote kernel:"
"\"PASS: \"\"angular coefficient factoring reconstructs its input\"\n"
"From remote kernel:"
"\"PASS: \"\"angular integral fully evaluated\"\n"
"From remote kernel:"
"\"PASS: \"\"at most a single angular pole\"\n"
"From remote kernel:"
"\"Angular master \"InputForm[{\"ML\", 1, 2}]\"; memory = \"211408040\n"
"From remote kernel:"
"\"Deriving angular integration by parts for \"1\",\"1\n"
"From remote kernel:"
"\"Mixed master \"1\",\"1\"; regular coefficient \"1\n"
"From remote kernel:"
"\"PASS: \"\"polar integration-by-parts boundary terms vanish\"\n"
"From remote kernel:"
"\"PASS: \"\"polar coordinate domain evaluated\"\n"
"From remote kernel:"
"\"PASS: \"\"polar coordinate substitutions have no unresolved conditions\"\n"
"From remote kernel:"
"\"PASS: \"\"polar coordinate substitutions reconstruct their definitions\"\n"
"From remote kernel:"
"\"PASS: \"\"polar total derivative reduces to angular monomials\"\n"
"From remote kernel:"
"\"PASS: \"\"integration-by-parts relation reconstructs its defining integrand\"\n"
"From remote kernel:"
"\"PASS: \"\"integration-by-parts solution has no unresolved conditions\"\n"
"From remote kernel:"
"\"PASS: \"\"integration-by-parts relation isolates the requested master\"\n"
"From remote kernel:"
"\"PASS: \"\"azimuth integration leaves a polar polynomial\"\n"
"From remote kernel:"
"\"PASS: \"\"azimuth integration leaves a polar polynomial\"\n"
"From remote kernel:"
"\"Mixed master \"1\",\"1\"; regular coefficient \"0\n"
"From remote kernel:"
"\"Mixed master \"1\",\"1\"; regular coefficient \"1\n"
MONITOR_HEARTBEAT elapsed=31s rss=1861.4MiB peak=1861.4MiB
"From remote kernel:"
"\"Single massive polar integral, coefficient \"1\n"
"From remote kernel:"
"\"PASS: \"\"polar logarithm splits in its integration domain\"\n"
"From remote kernel:"
"\"Single massive polar integral, coefficient \"1\n"
"From remote kernel:"
"\"PASS: \"\"polar logarithm splits in its integration domain\"\n"
"From remote kernel:"
"\"Single massive polar integral, coefficient \"1\n"
"From remote kernel:"
"\"PASS: \"\"polar logarithm splits in its integration domain\"\n"
"From remote kernel:"
"\"PASS: \"\"angular coefficient factoring reconstructs its input\"\n"
"From remote kernel:"
"\"PASS: \"\"angular coefficient factoring reconstructs its input\"\n"
"From remote kernel:"
"\"PASS: \"\"angular integral fully evaluated\"\n"
"From remote kernel:"
"\"PASS: \"\"at most a single angular pole\"\n"
"From remote kernel:"
"\"Angular master \"InputForm[{\"ML\", -1, 0}]\"; memory = \"257211480\n"
"From remote kernel:"
"\"PASS: \"\"azimuth integration leaves a polar polynomial\"\n"
"From remote kernel:"
"\"PASS: \"\"angular coefficient factoring reconstructs its input\"\n"
"From remote kernel:"
"\"PASS: \"\"angular coefficient factoring reconstructs its input\"\n"
"From remote kernel:"
"\"PASS: \"\"angular integral fully evaluated\"\n"
"From remote kernel:"
"\"PASS: \"\"at most a single angular pole\"\n"
"From remote kernel:"
"\"Angular master \"InputForm[{\"ML\", 0, -2}]\"; memory = \"257225120\n"
"From remote kernel:"
"\"PASS: \"\"azimuth integration leaves a polar polynomial\"\n"
"From remote kernel:"
"\"PASS: \"\"angular coefficient factoring reconstructs its input\"\n"
"From remote kernel:"
"\"PASS: \"\"angular coefficient factoring reconstructs its input\"\n"
"From remote kernel:"
"\"PASS: \"\"angular integral fully evaluated\"\n"
"From remote kernel:"
"\"PASS: \"\"at most a single angular pole\"\n"
"From remote kernel:"
"\"Angular master \"InputForm[{\"ML\", 1, -3}]\"; memory = \"257222792\n"
"From remote kernel:"
"\"PASS: \"\"azimuth integration leaves a polar polynomial\"\n"
"From remote kernel:"
"\"PASS: \"\"polar polynomial division reconstructs its numerator\"\n"
"From remote kernel:"
"\"Single massive polar integral, coefficient \"0\n"
"From remote kernel:"
"\"PASS: \"\"polar logarithm splits in its integration domain\"\n"
"From remote kernel:"
"\"PASS: \"\"angular coefficient factoring reconstructs its input\"\n"
"From remote kernel:"
"\"PASS: \"\"angular coefficient factoring reconstructs its input\"\n"
"From remote kernel:"
"\"PASS: \"\"angular integral fully evaluated\"\n"
"From remote kernel:"
"\"PASS: \"\"at most a single angular pole\"\n"
"From remote kernel:"
"\"Angular master \"InputForm[{\"ML\", -1, -1}]\"; memory = \"271749984\n"
"From remote kernel:"
"\"PASS: \"\"azimuth integration leaves a polar polynomial\"\n"
"From remote kernel:"
"\"PASS: \"\"angular coefficient factoring reconstructs its input\"\n"
"From remote kernel:"
"\"PASS: \"\"angular coefficient factoring reconstructs its input\"\n"
"From remote kernel:"
"\"PASS: \"\"angular integral fully evaluated\"\n"
"From remote kernel:"
"\"PASS: \"\"at most a single angular pole\"\n"
"From remote kernel:"
"\"Angular master \"InputForm[{\"ML\", 2, -2}]\"; memory = \"271703296\n"
"From remote kernel:"
"\"PASS: \"\"azimuth integration leaves a polar polynomial\"\n"
"From remote kernel:"
"\"PASS: \"\"polar polynomial division reconstructs its numerator\"\n"
"From remote kernel:"
"\"Single massive polar integral, coefficient \"0\n"
"From remote kernel:"
"\"PASS: \"\"polar logarithm splits in its integration domain\"\n"
MONITOR_HEARTBEAT elapsed=61s rss=1965.7MiB peak=1966.4MiB
"From remote kernel:"
"\"PASS: \"\"log integral maps exactly to the linear template\"\n"
"From remote kernel:"
"\"PASS: \"\"log integral maps exactly to the linear template\"\n"
"From remote kernel:"
"\"PASS: \"\"linear template is used in its real domain\"\n"
"From remote kernel:"
"\"PASS: \"\"linear template is used in its real domain\"\n"
"From remote kernel:"
"\"PASS: \"\"log integral maps exactly to the linear template\"\n"
"From remote kernel:"
"\"PASS: \"\"log integral maps exactly to the linear template\"\n"
"From remote kernel:"
"\"PASS: \"\"linear template is used in its real domain\"\n"
"From remote kernel:"
"\"PASS: \"\"linear template is used in its real domain\"\n"
"From remote kernel:"
"\"PASS: \"\"single polar integral evaluated\"\n"
"From remote kernel:"
"\"PASS: \"\"single polar integral evaluated\"\n"
"From remote kernel:"
"\"PASS: \"\"log integral maps exactly to the linear template\"\n"
"From remote kernel:"
"\"PASS: \"\"linear template is used in its real domain\"\n"
"From remote kernel:"
"\"PASS: \"\"log integral maps exactly to the linear template\"\n"
"From remote kernel:"
"\"PASS: \"\"linear template is used in its real domain\"\n"
"From remote kernel:"
"\"PASS: \"\"single polar integral evaluated\"\n"
"From remote kernel:"
"\"PASS: \"\"angular coefficient factoring reconstructs its input\"\n"
"From remote kernel:"
"\"PASS: \"\"angular coefficient factoring reconstructs its input\"\n"
"From remote kernel:"
"\"PASS: \"\"angular integral fully evaluated\"\n"
"From remote kernel:"
"\"PASS: \"\"at most a single angular pole\"\n"
"From remote kernel:"
"\"Angular master \"InputForm[{\"ML\", 2, -1}]\"; memory = \"253920816\n"
"From remote kernel:"
"\"PASS: \"\"azimuth integration leaves a polar polynomial\"\n"
"From remote kernel:"
"\"PASS: \"\"polar polynomial division reconstructs its numerator\"\n"
"From remote kernel:"
"\"PASS: \"\"angular coefficient factoring reconstructs its input\"\n"
"From remote kernel:"
"\"PASS: \"\"angular coefficient factoring reconstructs its input\"\n"
"From remote kernel:"
"\"PASS: \"\"angular integral fully evaluated\"\n"
"From remote kernel:"
"\"PASS: \"\"at most a single angular pole\"\n"
"From remote kernel:"
"\"Angular master \"InputForm[{\"ML\", 2, 0}]\"; memory = \"254451296\n"
"From remote kernel:"
"\"PASS: \"\"azimuth integration leaves a polar polynomial\"\n"
"From remote kernel:"
"\"PASS: \"\"polar polynomial division reconstructs its numerator\"\n"
"From remote kernel:"
"\"PASS: \"\"angular coefficient factoring reconstructs its input\"\n"
"From remote kernel:"
"\"PASS: \"\"angular coefficient factoring reconstructs its input\"\n"
"From remote kernel:"
"\"PASS: \"\"angular integral fully evaluated\"\n"
"From remote kernel:"
"\"PASS: \"\"at most a single angular pole\"\n"
"From remote kernel:"
"\"Angular master \"InputForm[{\"ML\", 2, 1}]\"; memory = \"254466672\n"
"From remote kernel:"
"\"PASS: \"\"angular coefficient factoring reconstructs its input\"\n"
"From remote kernel:"
"\"PASS: \"\"angular coefficient factoring reconstructs its input\"\n"
"From remote kernel:"
"\"PASS: \"\"angular integral fully evaluated\"\n"
"From remote kernel:"
"\"PASS: \"\"at most a single angular pole\"\n"
"From remote kernel:"
"\"Angular master \"InputForm[{\"ML\", 2, 2}]\"; memory = \"257507064\n"
"From remote kernel:"
"\"PASS: \"\"angular coefficient factoring reconstructs its input\"\n"
"From remote kernel:"
"\"PASS: \"\"angular coefficient factoring reconstructs its input\"\n"
"From remote kernel:"
"\"PASS: \"\"angular integral fully evaluated\"\n"
"From remote kernel:"
"\"PASS: \"\"at most a single angular pole\"\n"
"From remote kernel:"
"\"Angular master \"InputForm[{\"ML\", -2, 1}]\"; memory = \"257159728\n"
"From remote kernel:"
"\"PASS: \"\"azimuth integration leaves a polar polynomial\"\n"
"From remote kernel:"
"\"PASS: \"\"angular coefficient factoring reconstructs its input\"\n"
"From remote kernel:"
"\"PASS: \"\"angular coefficient factoring reconstructs its input\"\n"
"From remote kernel:"
"\"PASS: \"\"angular integral fully evaluated\"\n"
"From remote kernel:"
"\"PASS: \"\"at most a single angular pole\"\n"
"From remote kernel:"
"\"Angular master \"InputForm[{\"ML\", -2, 0}]\"; memory = \"257248576\n"
"From remote kernel:"
"\"PASS: \"\"azimuth integration leaves a polar polynomial\"\n"
"From remote kernel:"
"\"PASS: \"\"angular coefficient factoring reconstructs its input\"\n"
"From remote kernel:"
"\"PASS: \"\"angular coefficient factoring reconstructs its input\"\n"
"From remote kernel:"
"\"PASS: \"\"angular coefficient factoring reconstructs its input\"\n"
"From remote kernel:"
"\"PASS: \"\"angular integral fully evaluated\"\n"
"From remote kernel:"
"\"PASS: \"\"angular coefficient factoring reconstructs its input\"\n"
"From remote kernel:"
"\"PASS: \"\"at most a single angular pole\"\n"
"From remote kernel:"
"\"PASS: \"\"angular integral fully evaluated\"\n"
"From remote kernel:"
"\"PASS: \"\"at most a single angular pole\"\n"
"From remote kernel:"
"\"Angular master \"InputForm[{\"ML\", 2, -4}]\"; memory = \"254275592\n"
"From remote kernel:"
"\"Angular master \"InputForm[{\"ML\", 2, -3}]\"; memory = \"257297840\n"
"From remote kernel:"
"\"PASS: \"\"angular coefficient factoring reconstructs its input\"\n"
"From remote kernel:"
"\"PASS: \"\"angular coefficient factoring reconstructs its input\"\n"
"From remote kernel:"
"\"PASS: \"\"angular integral fully evaluated\"\n"
"From remote kernel:"
"\"PASS: \"\"at most a single angular pole\"\n"
"From remote kernel:"
"\"Angular master \"InputForm[{\"ML\", -2, -1}]\"; memory = \"272691176\n"
"From remote kernel:"
"\"PASS: \"\"azimuth integration leaves a polar polynomial\"\n"
"From remote kernel:"
"\"PASS: \"\"polar polynomial division reconstructs its numerator\"\n"
"From remote kernel:"
"\"PASS: \"\"azimuth integration leaves a polar polynomial\"\n"
"From remote kernel:"
"\"PASS: \"\"angular coefficient factoring reconstructs its input\"\n"
"From remote kernel:"
"\"PASS: \"\"angular coefficient factoring reconstructs its input\"\n"
"From remote kernel:"
"\"PASS: \"\"angular integral fully evaluated\"\n"
"From remote kernel:"
"\"PASS: \"\"at most a single angular pole\"\n"
"From remote kernel:"
"\"Angular master \"InputForm[{\"ML\", -1, -2}]\"; memory = \"272919032\n"
"From remote kernel:"
"\"PASS: \"\"azimuth integration leaves a polar polynomial\"\n"
"From remote kernel:"
"\"PASS: \"\"angular coefficient factoring reconstructs its input\"\n"
"From remote kernel:"
"\"PASS: \"\"angular coefficient factoring reconstructs its input\"\n"
"From remote kernel:"
"\"PASS: \"\"angular integral fully evaluated\"\n"
"From remote kernel:"
"\"PASS: \"\"at most a single angular pole\"\n"
"From remote kernel:"
"\"Angular master \"InputForm[{\"ML\", 0, -3}]\"; memory = \"272963600\n"
"From remote kernel:"
"\"PASS: \"\"azimuth integration leaves a polar polynomial\"\n"
"From remote kernel:"
"\"PASS: \"\"angular coefficient factoring reconstructs its input\"\n"
"From remote kernel:"
"\"PASS: \"\"angular coefficient factoring reconstructs its input\"\n"
"From remote kernel:"
"\"PASS: \"\"angular integral fully evaluated\"\n"
"From remote kernel:"
"\"PASS: \"\"at most a single angular pole\"\n"
"From remote kernel:"
"\"Angular master \"InputForm[{\"ML\", 1, -4}]\"; memory = \"272979984\n"
"From remote kernel:"
"\"PASS: \"\"azimuth integration leaves a polar polynomial\"\n"
"From remote kernel:"
"\"PASS: \"\"polar polynomial division reconstructs its numerator\"\n"
"From remote kernel:"
"\"PASS: \"\"azimuth integration leaves a polar polynomial\"\n"
"From remote kernel:"
"\"PASS: \"\"polar polynomial division reconstructs its numerator\"\n"
"From remote kernel:"
"\"PASS: \"\"angular coefficient factoring reconstructs its input\"\n"
"From remote kernel:"
"\"PASS: \"\"angular coefficient factoring reconstructs its input\"\n"
"From remote kernel:"
"\"PASS: \"\"angular integral fully evaluated\"\n"
"From remote kernel:"
"\"PASS: \"\"at most a single angular pole\"\n"
"From remote kernel:"
"\"Angular master \"InputForm[{\"ML\", -3, 0}]\"; memory = \"259318792\n"
"From remote kernel:"
"\"PASS: \"\"azimuth integration leaves a polar polynomial\"\n"
"From remote kernel:"
"\"PASS: \"\"angular coefficient factoring reconstructs its input\"\n"
"From remote kernel:"
"\"PASS: \"\"angular coefficient factoring reconstructs its input\"\n"
"From remote kernel:"
"\"PASS: \"\"angular integral fully evaluated\"\n"
"From remote kernel:"
"\"PASS: \"\"at most a single angular pole\"\n"
"From remote kernel:"
"\"PASS: \"\"angular coefficient factoring reconstructs its input\"\n"
"From remote kernel:"
"\"PASS: \"\"angular coefficient factoring reconstructs its input\"\n"
"From remote kernel:"
"\"PASS: \"\"angular integral fully evaluated\"\n"
"From remote kernel:"
"\"PASS: \"\"at most a single angular pole\"\n"
"From remote kernel:"
"\"PASS: \"\"angular coefficient factoring reconstructs its input\"\n"
"From remote kernel:"
"\"PASS: \"\"angular coefficient factoring reconstructs its input\"\n"
"From remote kernel:"
"\"PASS: \"\"angular integral fully evaluated\"\n"
"From remote kernel:"
"\"PASS: \"\"at most a single angular pole\"\n"
"From remote kernel:"
"\"Single massive polar integral, coefficient \"1\n"
"From remote kernel:"
"\"PASS: \"\"polar logarithm splits in its integration domain\"\n"
"From remote kernel:"
"\"Single massive polar integral, coefficient \"1\n"
"From remote kernel:"
"\"PASS: \"\"polar logarithm splits in its integration domain\"\n"
MONITOR_HEARTBEAT elapsed=92s rss=2008.8MiB peak=2012.1MiB
"From remote kernel:"
"\"PASS: \"\"log integral maps exactly to the linear template\"\n"
"From remote kernel:"
"\"PASS: \"\"linear template is used in its real domain\"\n"
"From remote kernel:"
"\"PASS: \"\"log integral maps exactly to the linear template\"\n"
"From remote kernel:"
"\"PASS: \"\"linear template is used in its real domain\"\n"
"From remote kernel:"
"\"PASS: \"\"single polar integral evaluated\"\n"
"From remote kernel:"
"\"PASS: \"\"log integral maps exactly to the linear template\"\n"
"From remote kernel:"
"\"PASS: \"\"linear template is used in its real domain\"\n"
"From remote kernel:"
"\"PASS: \"\"log integral maps exactly to the linear template\"\n"
"From remote kernel:"
"\"PASS: \"\"linear template is used in its real domain\"\n"
"From remote kernel:"
"\"PASS: \"\"single polar integral evaluated\"\n"
"From remote kernel:"
"\"PASS: \"\"angular coefficient factoring reconstructs its input\"\n"
"From remote kernel:"
"\"PASS: \"\"angular coefficient factoring reconstructs its input\"\n"
"From remote kernel:"
"\"PASS: \"\"angular integral fully evaluated\"\n"
"From remote kernel:"
"\"PASS: \"\"at most a single angular pole\"\n"
"From remote kernel:"
"\"PASS: \"\"angular coefficient factoring reconstructs its input\"\n"
"From remote kernel:"
"\"PASS: \"\"angular coefficient factoring reconstructs its input\"\n"
"From remote kernel:"
"\"PASS: \"\"angular integral fully evaluated\"\n"
"From remote kernel:"
"\"PASS: \"\"at most a single angular pole\"\n"
"PASS: ""all requested angular masters completed"
"S06_SUCCESS; peak memory = "247321992" bytes."
MONITOR_WAKE {"stage": "s06", "source": "s06_angular_integrals.wl", "source_sha256": "5cdac2d98bcb271c08d6f68ea7392be0e0dfdb5564591649242321833c89aaed", "job_id": "14689311", "host": "n6439", "exit_code": 0, "success_marker": true, "accepted_execution": true, "guard": null, "peak_rss_bytes": 2109812736, "elapsed_seconds": 113.16084476560354, "completed_utc": "2026-09-06T18:28:48.751478+00:00"}
