MONITOR_START job=14688983 host=n7440 kernel_pid=870
"Wolfram: ""13.1.0 for Linux x86 (64-bit) (June 16, 2022)""; FeynCalc: ""10.2.1"
"PASS: ""graph identity removes internal vertex counts"
"Generate ""Born""; memory = "110644016
"PASS: ""Born has nonzero generated amplitudes"
"PASS: ""Born is massless"
"PASS: ""Born coupling order matches the graph identity"
"PASS: ""Born external species identified"
"Born"": graph count = "2"; coupling degrees = "InputForm[{{1, 1}}]
"Generate ""RealQGG""; memory = "114590320
"PASS: ""RealQGG has nonzero generated amplitudes"
"PASS: ""RealQGG is massless"
"PASS: ""RealQGG coupling order matches the graph identity"
"PASS: ""RealQGG external species identified"
"RealQGG"": graph count = "8"; coupling degrees = "InputForm[{{1, 2}}]
"Generate ""RealSame""; memory = "115245272
"PASS: ""RealSame has nonzero generated amplitudes"
"PASS: ""RealSame is massless"
"PASS: ""RealSame coupling order matches the graph identity"
"PASS: ""RealSame external species identified"
"RealSame"": graph count = "8"; coupling degrees = "InputForm[{{1, 2}}]
"Generate ""RealDistinct""; memory = "115617016
"PASS: ""RealDistinct has nonzero generated amplitudes"
"PASS: ""RealDistinct is massless"
"PASS: ""RealDistinct coupling order matches the graph identity"
"PASS: ""RealDistinct external species identified"
"RealDistinct"": graph count = "4"; coupling degrees = "InputForm[{{1, 2}}]
"Generate ""Virtual""; memory = "115814888
"PASS: ""Virtual has nonzero generated amplitudes"
"PASS: ""Virtual is massless"
"PASS: ""Virtual coupling order matches the graph identity"
"PASS: ""Virtual external species identified"
"Virtual"": graph count = "15"; coupling degrees = "InputForm[{{1, 3}}]
"Generate ""AuxHgqBorn""; memory = "118556440
"PASS: ""AuxHgqBorn has nonzero generated amplitudes"
"PASS: ""AuxHgqBorn is massless"
"PASS: ""AuxHgqBorn coupling order matches the graph identity"
"PASS: ""AuxHgqBorn external species identified"
"AuxHgqBorn"": graph count = "2"; coupling degrees = "InputForm[{{1, 1}}]
"Generate ""AuxHqgBorn""; memory = "118658480
"PASS: ""AuxHqgBorn has nonzero generated amplitudes"
"PASS: ""AuxHqgBorn is massless"
"PASS: ""AuxHqgBorn coupling order matches the graph identity"
"PASS: ""AuxHqgBorn external species identified"
"AuxHqgBorn"": graph count = "2"; coupling degrees = "InputForm[{{1, 1}}]
"Generate ""ChargeVertex""; memory = "118730936
"PASS: ""ChargeVertex has nonzero generated amplitudes"
"PASS: ""ChargeVertex is massless"
"PASS: ""ChargeVertex coupling order matches the graph identity"
"PASS: ""ChargeVertex external species identified"
"ChargeVertex"": graph count = "1"; coupling degrees = "InputForm[{{1, 0}}]
"Generate ""OtherChargeVertex""; memory = "118757232
"PASS: ""OtherChargeVertex has nonzero generated amplitudes"
"PASS: ""OtherChargeVertex is massless"
"PASS: ""OtherChargeVertex coupling order matches the graph identity"
"PASS: ""OtherChargeVertex external species identified"
"OtherChargeVertex"": graph count = "1"; coupling degrees = "InputForm[{{1, 0}}]
"S01_SUCCESS; peak kernel memory = "120864080
MONITOR_WAKE {"stage": "s01", "source": "s01_generate_amplitudes.wl", "source_sha256": "a2528dded66aa9b0b38d2e57601497cef9215fa0bc97a40b1024894e2a76572b", "job_id": "14688983", "host": "n7440", "exit_code": 0, "success_marker": true, "accepted_execution": true, "guard": null, "peak_rss_bytes": 187641856, "elapsed_seconds": 18.919157717376947, "completed_utc": "2026-09-06T17:15:23.408547+00:00"}
