MONITOR_START job=14689163 host=n6443 kernel_pid=75378
"Loading FeynCalc and the Package-X interface."
"Loop interface loaded."
"PASS: ""loop backend evaluates the spacelike bubble"
"PASS: ""bubble distinguishes UV from IR"
"Loop backend: "InputForm[I/16/(EpsilonUV*Pi^2) - (I/16*(-2 + EulerGamma - Log[4*Pi] - Log[mu^2/Q2]))/Pi^2]
"PASS: ""generated amplitudes and accepted Born input exist"
"PASS: ""S01 source identity"
"PASS: ""S02 source identity"

Global`$FeynCalcStartupMessages::shdw: Symbol $FeynCalcStartupMessages appears in multiple contexts {Global`, FeynCalc`}; definitions in context Global` may shadow or be shadowed by other definitions.

Global`$LoadAddOns::shdw: Symbol $LoadAddOns appears in multiple contexts {Global`, FeynCalc`}; definitions in context Global` may shadow or be shadowed by other definitions.
"PASS: ""workers share the allocated compute node and runtime"
"PASS: ""every worker reproduces the accepted loop backend"
MONITOR_HEARTBEAT elapsed=30s rss=1516.5MiB peak=1516.5MiB
"Independent-diagram worker count = "8
"From remote kernel:"
"\"Pg\"\" virtual diagram \"13\"; contracting; memory = \"95267408\n"
"From remote kernel:"
"\"PASS: \"\"virtual interference has no open spin, color, or polarization objects\"\n"
"From remote kernel:"
"\"Pg\"\" virtual diagram \"13\"; PV reduction.\"\n"
"From remote kernel:"
"\"PASS: \"\"PV reduction eliminates loop momentum\"\n"
"From remote kernel:"
"\"Pg\"\" virtual diagram \"13\"; analytic loop integrals.\"\n"
"From remote kernel:"
"\"PASS: \"\"all loop integrals evaluated\"\n"
"PASS: ""Pg all virtual diagrams completed"
"From remote kernel:"
"\"Ppp\"\" virtual diagram \"1\"; contracting; memory = \"95267600\n"
"From remote kernel:"
"\"Ppp\"\" virtual diagram \"2\"; contracting; memory = \"95268120\n"
"From remote kernel:"
"\"Ppp\"\" virtual diagram \"3\"; contracting; memory = \"95268144\n"
"From remote kernel:"
"\"Ppp\"\" virtual diagram \"4\"; contracting; memory = \"95267768\n"
"From remote kernel:"
"\"Ppp\"\" virtual diagram \"5\"; contracting; memory = \"95261984\n"
"From remote kernel:"
"\"Ppp\"\" virtual diagram \"6\"; contracting; memory = \"95261912\n"
"From remote kernel:"
"\"Ppp\"\" virtual diagram \"7\"; contracting; memory = \"95267424\n"
"From remote kernel:"
"\"Ppp\"\" virtual diagram \"8\"; contracting; memory = \"322382048\n"
"From remote kernel:"
"\"PASS: \"\"virtual interference has no open spin, color, or polarization objects\"\n"
MONITOR_HEARTBEAT elapsed=61s rss=1770.5MiB peak=1770.5MiB
"From remote kernel:"
"\"Ppp\"\" virtual diagram \"3\"; PV reduction.\"\n"
"From remote kernel:"
"\"PASS: \"\"virtual interference has no open spin, color, or polarization objects\"\n"
"From remote kernel:"
"\"PASS: \"\"virtual interference has no open spin, color, or polarization objects\"\n"
"From remote kernel:"
"\"Ppp\"\" virtual diagram \"2\"; PV reduction.\"\n"
"From remote kernel:"
"\"Ppp\"\" virtual diagram \"4\"; PV reduction.\"\n"
"From remote kernel:"
"\"PASS: \"\"PV reduction eliminates loop momentum\"\n"
"From remote kernel:"
"\"Ppp\"\" virtual diagram \"2\"; analytic loop integrals.\"\n"
"From remote kernel:"
"\"PASS: \"\"virtual interference has no open spin, color, or polarization objects\"\n"
"From remote kernel:"
"\"PASS: \"\"all loop integrals evaluated\"\n"
"From remote kernel:"
"\"Ppp\"\" virtual diagram \"1\"; PV reduction.\"\n"
"From remote kernel:"
"\"PASS: \"\"PV reduction eliminates loop momentum\"\n"
"From remote kernel:"
"\"Ppp\"\" virtual diagram \"1\"; analytic loop integrals.\"\n"
"From remote kernel:"
"\"Ppp\"\" virtual diagram \"9\"; contracting; memory = \"97122824\n"
"From remote kernel:"
"\"PASS: \"\"all loop integrals evaluated\"\n"
"From remote kernel:"
"\"Ppp\"\" virtual diagram \"10\"; contracting; memory = \"97465536\n"
"From remote kernel:"
"\"PASS: \"\"virtual interference has no open spin, color, or polarization objects\"\n"
"From remote kernel:"
"\"Ppp\"\" virtual diagram \"5\"; PV reduction.\"\n"
"From remote kernel:"
"\"PASS: \"\"virtual interference has no open spin, color, or polarization objects\"\n"
"From remote kernel:"
"\"Ppp\"\" virtual diagram \"6\"; PV reduction.\"\n"
"From remote kernel:"
"\"PASS: \"\"virtual interference has no open spin, color, or polarization objects\"\n"
"From remote kernel:"
"\"Ppp\"\" virtual diagram \"7\"; PV reduction.\"\n"
"From remote kernel:"
"\"PASS: \"\"virtual interference has no open spin, color, or polarization objects\"\n"
"From remote kernel:"
"\"Ppp\"\" virtual diagram \"8\"; PV reduction.\"\n"
"From remote kernel:"
"\"PASS: \"\"PV reduction eliminates loop momentum\"\n"
"From remote kernel:"
"\"Ppp\"\" virtual diagram \"3\"; analytic loop integrals.\"\n"
"From remote kernel:"
"\"PASS: \"\"PV reduction eliminates loop momentum\"\n"
"From remote kernel:"
"\"Ppp\"\" virtual diagram \"4\"; analytic loop integrals.\"\n"
"From remote kernel:"
"\"PASS: \"\"all loop integrals evaluated\"\n"
"From remote kernel:"
"\"Ppp\"\" virtual diagram \"11\"; contracting; memory = \"109342056\n"
"From remote kernel:"
"\"PASS: \"\"all loop integrals evaluated\"\n"
"From remote kernel:"
"\"Ppp\"\" virtual diagram \"12\"; contracting; memory = \"260884696\n"
"From remote kernel:"
"\"PASS: \"\"virtual interference has no open spin, color, or polarization objects\"\n"
"From remote kernel:"
"\"Ppp\"\" virtual diagram \"9\"; PV reduction.\"\n"
"From remote kernel:"
"\"PASS: \"\"virtual interference has no open spin, color, or polarization objects\"\n"
"From remote kernel:"
"\"Ppp\"\" virtual diagram \"10\"; PV reduction.\"\n"
"From remote kernel:"
"\"PASS: \"\"PV reduction eliminates loop momentum\"\n"
"From remote kernel:"
"\"Ppp\"\" virtual diagram \"9\"; analytic loop integrals.\"\n"
"From remote kernel:"
"\"PASS: \"\"PV reduction eliminates loop momentum\"\n"
"From remote kernel:"
"\"Ppp\"\" virtual diagram \"8\"; analytic loop integrals.\"\n"
"From remote kernel:"
"\"PASS: \"\"PV reduction eliminates loop momentum\"\n"
"From remote kernel:"
"\"Ppp\"\" virtual diagram \"6\"; analytic loop integrals.\"\n"
"From remote kernel:"
"\"PASS: \"\"PV reduction eliminates loop momentum\"\n"
"From remote kernel:"
"\"Ppp\"\" virtual diagram \"5\"; analytic loop integrals.\"\n"
"From remote kernel:"
"\"PASS: \"\"PV reduction eliminates loop momentum\"\n"
"From remote kernel:"
"\"Ppp\"\" virtual diagram \"7\"; analytic loop integrals.\"\n"
"From remote kernel:"
"\"PASS: \"\"PV reduction eliminates loop momentum\"\n"
"From remote kernel:"
"\"Ppp\"\" virtual diagram \"10\"; analytic loop integrals.\"\n"
"From remote kernel:"
"\"PASS: \"\"all loop integrals evaluated\"\n"
"From remote kernel:"
"\"Ppp\"\" virtual diagram \"13\"; contracting; memory = \"116436640\n"
"From remote kernel:"
"\"PASS: \"\"all loop integrals evaluated\"\n"
"From remote kernel:"
"\"Ppp\"\" virtual diagram \"14\"; contracting; memory = \"112802304\n"
"From remote kernel:"
"\"PASS: \"\"virtual interference has no open spin, color, or polarization objects\"\n"
"From remote kernel:"
"\"Ppp\"\" virtual diagram \"11\"; PV reduction.\"\n"
"From remote kernel:"
"\"PASS: \"\"virtual interference has no open spin, color, or polarization objects\"\n"
"From remote kernel:"
"\"Ppp\"\" virtual diagram \"12\"; PV reduction.\"\n"
"From remote kernel:"
"\"PASS: \"\"virtual interference has no open spin, color, or polarization objects\"\n"
"From remote kernel:"
"\"Ppp\"\" virtual diagram \"14\"; PV reduction.\"\n"
"From remote kernel:"
"\"PASS: \"\"PV reduction eliminates loop momentum\"\n"
"From remote kernel:"
"\"Ppp\"\" virtual diagram \"14\"; analytic loop integrals.\"\n"
"From remote kernel:"
"\"PASS: \"\"all loop integrals evaluated\"\n"
"From remote kernel:"
"\"Ppp\"\" virtual diagram \"15\"; contracting; memory = \"113320648\n"
"From remote kernel:"
"\"PASS: \"\"virtual interference has no open spin, color, or polarization objects\"\n"
"From remote kernel:"
"\"Ppp\"\" virtual diagram \"15\"; PV reduction.\"\n"
"From remote kernel:"
"\"PASS: \"\"PV reduction eliminates loop momentum\"\n"
"From remote kernel:"
"\"Ppp\"\" virtual diagram \"15\"; analytic loop integrals.\"\n"
"From remote kernel:"
"\"PASS: \"\"all loop integrals evaluated\"\n"
"From remote kernel:"
"\"PASS: \"\"all loop integrals evaluated\"\n"
"From remote kernel:"
"\"PASS: \"\"PV reduction eliminates loop momentum\"\n"
"From remote kernel:"
"\"Ppp\"\" virtual diagram \"12\"; analytic loop integrals.\"\n"
"From remote kernel:"
"\"PASS: \"\"all loop integrals evaluated\"\n"
"From remote kernel:"
"\"PASS: \"\"all loop integrals evaluated\"\n"
"From remote kernel:"
"\"PASS: \"\"all loop integrals evaluated\"\n"
"From remote kernel:"
"\"PASS: \"\"PV reduction eliminates loop momentum\"\n"
"From remote kernel:"
"\"Ppp\"\" virtual diagram \"11\"; analytic loop integrals.\"\n"
"From remote kernel:"
"\"PASS: \"\"virtual interference has no open spin, color, or polarization objects\"\n"
"From remote kernel:"
"\"Ppp\"\" virtual diagram \"13\"; PV reduction.\"\n"
"From remote kernel:"
"\"PASS: \"\"all loop integrals evaluated\"\n"
"From remote kernel:"
"\"PASS: \"\"all loop integrals evaluated\"\n"
"From remote kernel:"
"\"PASS: \"\"PV reduction eliminates loop momentum\"\n"
"From remote kernel:"
"\"Ppp\"\" virtual diagram \"13\"; analytic loop integrals.\"\n"
"From remote kernel:"
"\"PASS: \"\"all loop integrals evaluated\"\n"
"PASS: ""Ppp all virtual diagrams completed"
"S04_SUCCESS; peak main-kernel memory = "126772672" bytes."
MONITOR_WAKE {"stage": "s04", "source": "s04_virtual_integrals.wl", "source_sha256": "2015db73f067bfed4515e5ae1d6af5305aba419c50cf4536a9bab35af7b0ba1b", "job_id": "14689163", "host": "n6443", "exit_code": 0, "success_marker": true, "accepted_execution": true, "guard": null, "peak_rss_bytes": 2655924224, "elapsed_seconds": 74.85998740699142, "completed_utc": "2026-09-06T17:32:54.849490+00:00"}
