MONITOR_START job=14689589 host=n6442 kernel_pid=177372
"PASS: ""accepted angular basis exists"
"PASS: ""S05 source identity"
"Required angular masters: "53
"Hypergeometric Gamma factor "1"/"5
"Hypergeometric Gamma factor "2"/"5
"Hypergeometric Gamma factor "3"/"5
"Hypergeometric Gamma factor "4"/"5
"Hypergeometric Gamma factor "5"/"5
"Hypergeometric series coefficients: "InputForm[{0, 0, n^(-2)}]
"PASS: ""generated hypergeometric expansion satisfies its defining equation"
"Parallel budget inputs: "InputForm[{8, 1, Infinity}]
"PASS: ""angular workers share compute node and runtime"
"Angular worker count = "8
"From remote kernel:"
"\"Angular master \"InputForm[{\"LL\", -3, -1}]\"; memory = \"38339784\n"
"From remote kernel:"
"\"Angular master \"InputForm[{\"LL\", -3, 0}]\"; memory = \"38339784\n"
"From remote kernel:"
"\"Angular master \"InputForm[{\"LL\", -3, 1}]\"; memory = \"38338472\n"
"From remote kernel:"
"\"Angular master \"InputForm[{\"LL\", -2, -2}]\"; memory = \"38338488\n"
"From remote kernel:"
"\"Angular master \"InputForm[{\"LL\", -2, -1}]\"; memory = \"38339968\n"
"From remote kernel:"
"\"Angular master \"InputForm[{\"LL\", -2, 0}]\"; memory = \"38338256\n"
"From remote kernel:"
"\"Angular master \"InputForm[{\"LL\", -2, 1}]\"; memory = \"38338408\n"
"From remote kernel:"
"\"Angular master \"InputForm[{\"LL\", -1, -3}]\"; memory = \"38338480\n"
"From remote kernel:"
"\"PASS: \"\"contiguous reduction is linear in its seed\"\n"
"From remote kernel:"
"\"PASS: \"\"contiguous reduction is linear in its seed\"\n"
"From remote kernel:"
"\"PASS: \"\"contiguous reduction is linear in its seed\"\n"
"From remote kernel:"
"\"PASS: \"\"contiguous reduction is linear in its seed\"\n"
"From remote kernel:"
"\"PASS: \"\"contiguous reduction is linear in its seed\"\n"
"From remote kernel:"
"\"PASS: \"\"contiguous reduction is linear in its seed\"\n"
"From remote kernel:"
"\"PASS: \"\"contiguous reduction is linear in its seed\"\n"
"From remote kernel:"
"\"PASS: \"\"contiguous reduction is linear in its seed\"\n"
"From remote kernel:"
"\"PASS: \"\"angular coefficient factoring reconstructs its input\"\n"
"From remote kernel:"
"\"PASS: \"\"angular coefficient factoring reconstructs its input\"\n"
"From remote kernel:"
"\"PASS: \"\"angular coefficient factoring reconstructs its input\"\n"
"From remote kernel:"
"\"PASS: \"\"angular coefficient factoring reconstructs its input\"\n"
"From remote kernel:"
"\"PASS: \"\"angular coefficient factoring reconstructs its input\"\n"
"From remote kernel:"
"\"PASS: \"\"angular coefficient factoring reconstructs its input\"\n"
"From remote kernel:"
"\"PASS: \"\"angular coefficient factoring reconstructs its input\"\n"
"From remote kernel:"
"\"PASS: \"\"angular coefficient factoring reconstructs its input\"\n"
"From remote kernel:"
"\"PASS: \"\"angular coefficient factoring reconstructs its input\"\n"
"From remote kernel:"
"\"PASS: \"\"angular coefficient factoring reconstructs its input\"\n"
"From remote kernel:"
"\"PASS: \"\"angular integral fully evaluated\"\n"
"From remote kernel:"
"\"PASS: \"\"angular integral fully evaluated\"\n"
"From remote kernel:"
"\"PASS: \"\"angular integral fully evaluated\"\n"
"From remote kernel:"
"\"PASS: \"\"angular integral fully evaluated\"\n"
"From remote kernel:"
"\"PASS: \"\"angular integral fully evaluated\"\n"
"From remote kernel:"
"\"PASS: \"\"at most a single angular pole\"\n"
"From remote kernel:"
"\"PASS: \"\"at most a single angular pole\"\n"
"From remote kernel:"
"\"PASS: \"\"at most a single angular pole\"\n"
"From remote kernel:"
"\"PASS: \"\"at most a single angular pole\"\n"
"From remote kernel:"
"\"PASS: \"\"at most a single angular pole\"\n"
"From remote kernel:"
"\"Angular master \"InputForm[{\"LL\", -1, -2}]\"; memory = \"50537840\n"
"From remote kernel:"
"\"Angular master \"InputForm[{\"LL\", -1, -1}]\"; memory = \"50609704\n"
"From remote kernel:"
"\"Angular master \"InputForm[{\"LL\", -1, 0}]\"; memory = \"50537928\n"
"From remote kernel:"
"\"PASS: \"\"contiguous reduction is linear in its seed\"\n"
"From remote kernel:"
"\"PASS: \"\"contiguous reduction is linear in its seed\"\n"
"From remote kernel:"
"\"PASS: \"\"angular coefficient factoring reconstructs its input\"\n"
"From remote kernel:"
"\"PASS: \"\"contiguous reduction is linear in its seed\"\n"
"From remote kernel:"
"\"Angular master \"InputForm[{\"LL\", -1, 1}]\"; memory = \"50660184\n"
"From remote kernel:"
"\"Angular master \"InputForm[{\"LL\", 0, -3}]\"; memory = \"50545776\n"
"From remote kernel:"
"\"PASS: \"\"angular coefficient factoring reconstructs its input\"\n"
"From remote kernel:"
"\"PASS: \"\"contiguous reduction is linear in its seed\"\n"
"From remote kernel:"
"\"PASS: \"\"contiguous reduction is linear in its seed\"\n"
"From remote kernel:"
"\"PASS: \"\"angular integral fully evaluated\"\n"
"From remote kernel:"
"\"PASS: \"\"at most a single angular pole\"\n"
"From remote kernel:"
"\"Angular master \"InputForm[{\"LL\", 0, -2}]\"; memory = \"50609368\n"
"From remote kernel:"
"\"PASS: \"\"angular coefficient factoring reconstructs its input\"\n"
"From remote kernel:"
"\"PASS: \"\"angular coefficient factoring reconstructs its input\"\n"
"From remote kernel:"
"\"PASS: \"\"contiguous reduction is linear in its seed\"\n"
"From remote kernel:"
"\"PASS: \"\"angular coefficient factoring reconstructs its input\"\n"
"From remote kernel:"
"\"PASS: \"\"angular coefficient factoring reconstructs its input\"\n"
"From remote kernel:"
"\"PASS: \"\"angular integral fully evaluated\"\n"
"From remote kernel:"
"\"PASS: \"\"angular integral fully evaluated\"\n"
"From remote kernel:"
"\"PASS: \"\"at most a single angular pole\"\n"
"From remote kernel:"
"\"PASS: \"\"at most a single angular pole\"\n"
"From remote kernel:"
"\"PASS: \"\"angular coefficient factoring reconstructs its input\"\n"
"From remote kernel:"
"\"PASS: \"\"angular coefficient factoring reconstructs its input\"\n"
"From remote kernel:"
"\"PASS: \"\"angular coefficient factoring reconstructs its input\"\n"
"From remote kernel:"
"\"PASS: \"\"angular coefficient factoring reconstructs its input\"\n"
"From remote kernel:"
"\"PASS: \"\"angular integral fully evaluated\"\n"
"From remote kernel:"
"\"Angular master \"InputForm[{\"LL\", 0, -1}]\"; memory = \"50772448\n"
"From remote kernel:"
"\"PASS: \"\"angular integral fully evaluated\"\n"
"From remote kernel:"
"\"PASS: \"\"at most a single angular pole\"\n"
"From remote kernel:"
"\"PASS: \"\"contiguous reduction is linear in its seed\"\n"
"From remote kernel:"
"\"PASS: \"\"at most a single angular pole\"\n"
"From remote kernel:"
"\"PASS: \"\"angular coefficient factoring reconstructs its input\"\n"
"From remote kernel:"
"\"PASS: \"\"angular coefficient factoring reconstructs its input\"\n"
"From remote kernel:"
"\"PASS: \"\"angular coefficient factoring reconstructs its input\"\n"
"From remote kernel:"
"\"PASS: \"\"angular integral fully evaluated\"\n"
"From remote kernel:"
"\"PASS: \"\"angular coefficient factoring reconstructs its input\"\n"
"From remote kernel:"
"\"PASS: \"\"at most a single angular pole\"\n"
"From remote kernel:"
"\"PASS: \"\"angular integral fully evaluated\"\n"
"From remote kernel:"
"\"PASS: \"\"at most a single angular pole\"\n"
"From remote kernel:"
"\"Angular master \"InputForm[{\"LL\", 1, -2}]\"; memory = \"50846928\n"
"From remote kernel:"
"\"PASS: \"\"contiguous reduction is linear in its seed\"\n"
"From remote kernel:"
"\"Angular master \"InputForm[{\"LL\", 1, -1}]\"; memory = \"52509680\n"
"From remote kernel:"
"\"Angular master \"InputForm[{\"LL\", 0, 1}]\"; memory = \"52575160\n"
"From remote kernel:"
"\"Angular master \"InputForm[{\"LL\", 0, 0}]\"; memory = \"52506136\n"
"From remote kernel:"
"\"PASS: \"\"contiguous reduction is linear in its seed\"\n"
"From remote kernel:"
"\"PASS: \"\"contiguous reduction is linear in its seed\"\n"
"From remote kernel:"
"\"PASS: \"\"contiguous reduction is linear in its seed\"\n"
"From remote kernel:"
"\"Angular master \"InputForm[{\"LL\", 1, -3}]\"; memory = \"53211208\n"
"From remote kernel:"
"\"PASS: \"\"contiguous reduction is linear in its seed\"\n"
"From remote kernel:"
"\"PASS: \"\"angular coefficient factoring reconstructs its input\"\n"
"From remote kernel:"
"\"PASS: \"\"angular coefficient factoring reconstructs its input\"\n"
"From remote kernel:"
"\"PASS: \"\"angular coefficient factoring reconstructs its input\"\n"
"From remote kernel:"
"\"PASS: \"\"angular integral fully evaluated\"\n"
"From remote kernel:"
"\"PASS: \"\"angular coefficient factoring reconstructs its input\"\n"
"From remote kernel:"
"\"PASS: \"\"at most a single angular pole\"\n"
"From remote kernel:"
"\"PASS: \"\"angular integral fully evaluated\"\n"
"From remote kernel:"
"\"PASS: \"\"at most a single angular pole\"\n"
"From remote kernel:"
"\"Angular master \"InputForm[{\"LL\", 1, 0}]\"; memory = \"52701088\n"
"From remote kernel:"
"\"PASS: \"\"contiguous reduction is linear in its seed\"\n"
"From remote kernel:"
"\"PASS: \"\"angular coefficient factoring reconstructs its input\"\n"
"From remote kernel:"
"\"Angular master \"InputForm[{\"LL\", 1, 1}]\"; memory = \"52715704\n"
"From remote kernel:"
"\"PASS: \"\"angular coefficient factoring reconstructs its input\"\n"
"From remote kernel:"
"\"PASS: \"\"contiguous reduction is linear in its seed\"\n"
"From remote kernel:"
"\"PASS: \"\"angular integral fully evaluated\"\n"
"From remote kernel:"
"\"PASS: \"\"at most a single angular pole\"\n"
"From remote kernel:"
"\"Angular master \"InputForm[{\"LL\", 2, -1}]\"; memory = \"53268360\n"
"From remote kernel:"
"\"PASS: \"\"contiguous reduction is linear in its seed\"\n"
"From remote kernel:"
"\"PASS: \"\"angular coefficient factoring reconstructs its input\"\n"
"From remote kernel:"
"\"PASS: \"\"angular coefficient factoring reconstructs its input\"\n"
"From remote kernel:"
"\"PASS: \"\"angular coefficient factoring reconstructs its input\"\n"
"From remote kernel:"
"\"PASS: \"\"angular coefficient factoring reconstructs its input\"\n"
"From remote kernel:"
"\"PASS: \"\"angular integral fully evaluated\"\n"
"From remote kernel:"
"\"PASS: \"\"angular integral fully evaluated\"\n"
"From remote kernel:"
"\"PASS: \"\"angular coefficient factoring reconstructs its input\"\n"
"From remote kernel:"
"\"PASS: \"\"at most a single angular pole\"\n"
"From remote kernel:"
"\"PASS: \"\"angular coefficient factoring reconstructs its input\"\n"
"From remote kernel:"
"\"PASS: \"\"at most a single angular pole\"\n"
"From remote kernel:"
"\"PASS: \"\"angular coefficient factoring reconstructs its input\"\n"
"From remote kernel:"
"\"PASS: \"\"angular coefficient factoring reconstructs its input\"\n"
"From remote kernel:"
"\"PASS: \"\"angular integral fully evaluated\"\n"
"From remote kernel:"
"\"Angular master \"InputForm[{\"LL\", 2, 0}]\"; memory = \"53548000\n"
"From remote kernel:"
"\"PASS: \"\"angular integral fully evaluated\"\n"
"From remote kernel:"
"\"Angular master \"InputForm[{\"ML\", 1, -2}]\"; memory = \"53582880\n"
"From remote kernel:"
"\"PASS: \"\"at most a single angular pole\"\n"
"From remote kernel:"
"\"PASS: \"\"contiguous reduction is linear in its seed\"\n"
"From remote kernel:"
"\"PASS: \"\"at most a single angular pole\"\n"
"From remote kernel:"
"\"Angular master \"InputForm[{\"ML\", 0, -1}]\"; memory = \"53442640\n"
"From remote kernel:"
"\"Angular master \"InputForm[{\"ML\", 1, -1}]\"; memory = \"54164336\n"
"From remote kernel:"
"\"PASS: \"\"angular coefficient factoring reconstructs its input\"\n"
"From remote kernel:"
"\"PASS: \"\"angular coefficient factoring reconstructs its input\"\n"
"From remote kernel:"
"\"PASS: \"\"angular coefficient factoring reconstructs its input\"\n"
"From remote kernel:"
"\"PASS: \"\"angular coefficient factoring reconstructs its input\"\n"
"From remote kernel:"
"\"PASS: \"\"angular integral fully evaluated\"\n"
"From remote kernel:"
"\"PASS: \"\"angular integral fully evaluated\"\n"
"From remote kernel:"
"\"PASS: \"\"at most a single angular pole\"\n"
"From remote kernel:"
"\"PASS: \"\"at most a single angular pole\"\n"
"From remote kernel:"
"\"Angular master \"InputForm[{\"ML\", 0, 0}]\"; memory = \"53820640\n"
"From remote kernel:"
"\"Angular master \"InputForm[{\"ML\", 1, 0}]\"; memory = \"53680280\n"
"From remote kernel:"
"\"PASS: \"\"angular coefficient factoring reconstructs its input\"\n"
"From remote kernel:"
"\"PASS: \"\"angular coefficient factoring reconstructs its input\"\n"
"From remote kernel:"
"\"PASS: \"\"angular coefficient factoring reconstructs its input\"\n"
"From remote kernel:"
"\"PASS: \"\"angular coefficient factoring reconstructs its input\"\n"
"From remote kernel:"
"\"PASS: \"\"angular integral fully evaluated\"\n"
"From remote kernel:"
"\"PASS: \"\"angular coefficient factoring reconstructs its input\"\n"
"From remote kernel:"
"\"PASS: \"\"angular integral fully evaluated\"\n"
"From remote kernel:"
"\"PASS: \"\"at most a single angular pole\"\n"
"From remote kernel:"
"\"PASS: \"\"angular coefficient factoring reconstructs its input\"\n"
"From remote kernel:"
"\"PASS: \"\"at most a single angular pole\"\n"
"From remote kernel:"
"\"PASS: \"\"angular integral fully evaluated\"\n"
"From remote kernel:"
"\"PASS: \"\"at most a single angular pole\"\n"
"From remote kernel:"
"\"Angular master \"InputForm[{\"ML\", -1, 1}]\"; memory = \"53698408\n"
"From remote kernel:"
"\"Angular master \"InputForm[{\"ML\", 0, 1}]\"; memory = \"53942320\n"
"From remote kernel:"
"\"Angular master \"InputForm[{\"ML\", 1, 1}]\"; memory = \"54135768\n"
"From remote kernel:"
"\"Mixed master \"1\",\"1\"; regular coefficient \"0\n"
"From remote kernel:"
"\"PASS: \"\"azimuth integration leaves a polar polynomial\"\n"
"From remote kernel:"
"\"PASS: \"\"angular coefficient factoring reconstructs its input\"\n"
"From remote kernel:"
"\"PASS: \"\"azimuth integration leaves a polar polynomial\"\n"
"From remote kernel:"
"\"PASS: \"\"angular coefficient factoring reconstructs its input\"\n"
"From remote kernel:"
"\"PASS: \"\"polar polynomial division reconstructs its numerator\"\n"
"From remote kernel:"
"\"PASS: \"\"angular integral fully evaluated\"\n"
"From remote kernel:"
"\"Single massive polar integral, coefficient \"0\n"
"From remote kernel:"
"\"PASS: \"\"at most a single angular pole\"\n"
"From remote kernel:"
"\"PASS: \"\"polar logarithm splits in its integration domain\"\n"
"From remote kernel:"
"\"PASS: \"\"azimuth integration leaves a polar polynomial\"\n"
"From remote kernel:"
"\"Angular master \"InputForm[{\"ML\", -1, 2}]\"; memory = \"209570576\n"
"From remote kernel:"
"\"PASS: \"\"angular coefficient factoring reconstructs its input\"\n"
"From remote kernel:"
"\"PASS: \"\"angular coefficient factoring reconstructs its input\"\n"
"From remote kernel:"
"\"PASS: \"\"azimuth integration leaves a polar polynomial\"\n"
"From remote kernel:"
"\"PASS: \"\"angular integral fully evaluated\"\n"
"From remote kernel:"
"\"PASS: \"\"polar polynomial division reconstructs its numerator\"\n"
"From remote kernel:"
"\"PASS: \"\"at most a single angular pole\"\n"
"From remote kernel:"
"\"Single massive polar integral, coefficient \"0\n"
"From remote kernel:"
"\"PASS: \"\"polar logarithm splits in its integration domain\"\n"
"From remote kernel:"
"\"Angular master \"InputForm[{\"ML\", 0, 2}]\"; memory = \"209988336\n"
"From remote kernel:"
"\"PASS: \"\"azimuth integration leaves a polar polynomial\"\n"
"From remote kernel:"
"\"PASS: \"\"azimuth integration leaves a polar polynomial\"\n"
"From remote kernel:"
"\"PASS: \"\"angular coefficient factoring reconstructs its input\"\n"
"From remote kernel:"
"\"PASS: \"\"angular coefficient factoring reconstructs its input\"\n"
"From remote kernel:"
"\"PASS: \"\"angular coefficient factoring reconstructs its input\"\n"
"From remote kernel:"
"\"PASS: \"\"angular coefficient factoring reconstructs its input\"\n"
"From remote kernel:"
"\"PASS: \"\"angular integral fully evaluated\"\n"
"From remote kernel:"
"\"PASS: \"\"angular integral fully evaluated\"\n"
"From remote kernel:"
"\"PASS: \"\"at most a single angular pole\"\n"
"From remote kernel:"
"\"PASS: \"\"at most a single angular pole\"\n"
"From remote kernel:"
"\"PASS: \"\"azimuth integration leaves a polar polynomial\"\n"
"From remote kernel:"
"\"PASS: \"\"azimuth integration leaves a polar polynomial\"\n"
"From remote kernel:"
"\"PASS: \"\"azimuth integration leaves a polar polynomial\"\n"
"From remote kernel:"
"\"PASS: \"\"polar polynomial division reconstructs its numerator\"\n"
"From remote kernel:"
"\"Angular master \"InputForm[{\"ML\", 1, 2}]\"; memory = \"210099072\n"
"From remote kernel:"
"\"Angular master \"InputForm[{\"ML\", -1, 0}]\"; memory = \"210031088\n"
"From remote kernel:"
"\"Single massive polar integral, coefficient \"0\n"
"From remote kernel:"
"\"Deriving angular integration by parts for \"1\",\"1\n"
"From remote kernel:"
"\"PASS: \"\"polar logarithm splits in its integration domain\"\n"
"From remote kernel:"
"\"PASS: \"\"angular coefficient factoring reconstructs its input\"\n"
"From remote kernel:"
"\"PASS: \"\"angular coefficient factoring reconstructs its input\"\n"
"From remote kernel:"
"\"PASS: \"\"angular coefficient factoring reconstructs its input\"\n"
"From remote kernel:"
"\"PASS: \"\"angular coefficient factoring reconstructs its input\"\n"
"From remote kernel:"
"\"PASS: \"\"angular integral fully evaluated\"\n"
"From remote kernel:"
"\"PASS: \"\"angular integral fully evaluated\"\n"
"From remote kernel:"
"\"PASS: \"\"at most a single angular pole\"\n"
"From remote kernel:"
"\"PASS: \"\"at most a single angular pole\"\n"
"From remote kernel:"
"\"Angular master \"InputForm[{\"ML\", 0, -2}]\"; memory = \"210170024\n"
"From remote kernel:"
"\"Angular master \"InputForm[{\"ML\", 1, -3}]\"; memory = \"209859560\n"
"From remote kernel:"
"\"PASS: \"\"azimuth integration leaves a polar polynomial\"\n"
"From remote kernel:"
"\"PASS: \"\"angular coefficient factoring reconstructs its input\"\n"
"From remote kernel:"
"\"PASS: \"\"angular coefficient factoring reconstructs its input\"\n"
"From remote kernel:"
"\"PASS: \"\"angular integral fully evaluated\"\n"
"From remote kernel:"
"\"PASS: \"\"at most a single angular pole\"\n"
"From remote kernel:"
"\"Mixed master \"1\",\"1\"; regular coefficient \"1\n"
"From remote kernel:"
"\"Angular master \"InputForm[{\"ML\", -1, -1}]\"; memory = \"210235072\n"
"From remote kernel:"
"\"PASS: \"\"azimuth integration leaves a polar polynomial\"\n"
"From remote kernel:"
"\"PASS: \"\"azimuth integration leaves a polar polynomial\"\n"
"From remote kernel:"
"\"PASS: \"\"angular coefficient factoring reconstructs its input\"\n"
"From remote kernel:"
"\"PASS: \"\"angular coefficient factoring reconstructs its input\"\n"
"From remote kernel:"
"\"PASS: \"\"angular coefficient factoring reconstructs its input\"\n"
"From remote kernel:"
"\"PASS: \"\"angular coefficient factoring reconstructs its input\"\n"
"From remote kernel:"
"\"PASS: \"\"angular integral fully evaluated\"\n"
"From remote kernel:"
"\"PASS: \"\"angular integral fully evaluated\"\n"
"From remote kernel:"
"\"PASS: \"\"at most a single angular pole\"\n"
"From remote kernel:"
"\"PASS: \"\"at most a single angular pole\"\n"
"From remote kernel:"
"\"Angular master \"InputForm[{\"ML\", 2, -2}]\"; memory = \"210289864\n"
"From remote kernel:"
"\"Angular master \"InputForm[{\"ML\", 2, -1}]\"; memory = \"210230696\n"
"From remote kernel:"
"\"PASS: \"\"azimuth integration leaves a polar polynomial\"\n"
"From remote kernel:"
"\"PASS: \"\"polar polynomial division reconstructs its numerator\"\n"
"From remote kernel:"
"\"Single massive polar integral, coefficient \"0\n"
"From remote kernel:"
"\"PASS: \"\"polar logarithm splits in its integration domain\"\n"
"From remote kernel:"
"\"PASS: \"\"azimuth integration leaves a polar polynomial\"\n"
"From remote kernel:"
"\"PASS: \"\"polar polynomial division reconstructs its numerator\"\n"
"From remote kernel:"
"\"PASS: \"\"azimuth integration leaves a polar polynomial\"\n"
"From remote kernel:"
"\"Single massive polar integral, coefficient \"0\n"
"From remote kernel:"
"\"PASS: \"\"polar polynomial division reconstructs its numerator\"\n"
"From remote kernel:"
"\"PASS: \"\"polar logarithm splits in its integration domain\"\n"
"From remote kernel:"
"\"Single massive polar integral, coefficient \"0\n"
"From remote kernel:"
"\"PASS: \"\"polar logarithm splits in its integration domain\"\n"
"From remote kernel:"
"\"PASS: \"\"polar integration-by-parts boundary terms vanish\"\n"
"From remote kernel:"
"\"PASS: \"\"polar coordinate domain evaluated\"\n"
"From remote kernel:"
"\"PASS: \"\"polar coordinate substitutions have no unresolved conditions\"\n"
"From remote kernel:"
"\"PASS: \"\"polar coordinate substitutions reconstruct their definitions\"\n"
"From remote kernel:"
"\"PASS: \"\"polar total derivative reduces to angular monomials\"\n"
"From remote kernel:"
"\"PASS: \"\"integration-by-parts relation reconstructs its defining integrand\"\n"
"From remote kernel:"
"\"PASS: \"\"integration-by-parts solution has no unresolved conditions\"\n"
"From remote kernel:"
"\"PASS: \"\"integration-by-parts relation isolates the requested master\"\n"
"From remote kernel:"
"\"PASS: \"\"azimuth integration leaves a polar polynomial\"\n"
"From remote kernel:"
"\"PASS: \"\"azimuth integration leaves a polar polynomial\"\n"
"From remote kernel:"
"\"Mixed master \"1\",\"1\"; regular coefficient \"0\n"
"From remote kernel:"
"\"Mixed master \"1\",\"1\"; regular coefficient \"1\n"
MONITOR_HEARTBEAT elapsed=30s rss=2804.0MiB peak=2804.0MiB
"From remote kernel:"
"\"Single massive polar integral, coefficient \"1\n"
"From remote kernel:"
"\"PASS: \"\"polar logarithm splits in its integration domain\"\n"
"From remote kernel:"
"\"Single massive polar integral, coefficient \"1\n"
"From remote kernel:"
"\"Single massive polar integral, coefficient \"1\n"
"From remote kernel:"
"\"PASS: \"\"polar logarithm splits in its integration domain\"\n"
"From remote kernel:"
"\"PASS: \"\"polar logarithm splits in its integration domain\"\n"
"From remote kernel:"
"\"Single massive polar integral, coefficient \"1\n"
"From remote kernel:"
"\"PASS: \"\"polar logarithm splits in its integration domain\"\n"
"From remote kernel:"
"\"Single massive polar integral, coefficient \"1\n"
"From remote kernel:"
"\"PASS: \"\"polar logarithm splits in its integration domain\"\n"
"From remote kernel:"
"\"Single massive polar integral, coefficient \"1\n"
"From remote kernel:"
"\"PASS: \"\"polar logarithm splits in its integration domain\"\n"
"From remote kernel:"
"\"PASS: \"\"angular coefficient factoring reconstructs its input\"\n"
"From remote kernel:"
"\"PASS: \"\"angular coefficient factoring reconstructs its input\"\n"
"From remote kernel:"
"\"PASS: \"\"angular integral fully evaluated\"\n"
"From remote kernel:"
"\"PASS: \"\"at most a single angular pole\"\n"
"From remote kernel:"
"\"Angular master \"InputForm[{\"ML\", 2, 0}]\"; memory = \"256349624\n"
"From remote kernel:"
"\"PASS: \"\"azimuth integration leaves a polar polynomial\"\n"
"From remote kernel:"
"\"PASS: \"\"polar polynomial division reconstructs its numerator\"\n"
"From remote kernel:"
"\"Single massive polar integral, coefficient \"0\n"
"From remote kernel:"
"\"PASS: \"\"polar logarithm splits in its integration domain\"\n"
"From remote kernel:"
"\"PASS: \"\"angular coefficient factoring reconstructs its input\"\n"
"From remote kernel:"
"\"PASS: \"\"angular coefficient factoring reconstructs its input\"\n"
"From remote kernel:"
"\"PASS: \"\"angular integral fully evaluated\"\n"
"From remote kernel:"
"\"PASS: \"\"at most a single angular pole\"\n"
"From remote kernel:"
"\"Angular master \"InputForm[{\"ML\", 2, 1}]\"; memory = \"271367328\n"
"From remote kernel:"
"\"PASS: \"\"angular coefficient factoring reconstructs its input\"\n"
"From remote kernel:"
"\"PASS: \"\"angular coefficient factoring reconstructs its input\"\n"
"From remote kernel:"
"\"PASS: \"\"angular integral fully evaluated\"\n"
"From remote kernel:"
"\"PASS: \"\"at most a single angular pole\"\n"
"From remote kernel:"
"\"Angular master \"InputForm[{\"ML\", 2, 2}]\"; memory = \"272347208\n"
"From remote kernel:"
"\"PASS: \"\"angular coefficient factoring reconstructs its input\"\n"
"From remote kernel:"
"\"PASS: \"\"angular coefficient factoring reconstructs its input\"\n"
"From remote kernel:"
"\"PASS: \"\"angular integral fully evaluated\"\n"
"From remote kernel:"
"\"PASS: \"\"at most a single angular pole\"\n"
"From remote kernel:"
"\"Angular master \"InputForm[{\"ML\", -2, 1}]\"; memory = \"284897536\n"
"From remote kernel:"
"\"PASS: \"\"azimuth integration leaves a polar polynomial\"\n"
"From remote kernel:"
"\"PASS: \"\"angular coefficient factoring reconstructs its input\"\n"
"From remote kernel:"
"\"PASS: \"\"angular coefficient factoring reconstructs its input\"\n"
"From remote kernel:"
"\"PASS: \"\"angular integral fully evaluated\"\n"
"From remote kernel:"
"\"PASS: \"\"at most a single angular pole\"\n"
"From remote kernel:"
"\"Angular master \"InputForm[{\"ML\", -2, 0}]\"; memory = \"284997848\n"
"From remote kernel:"
"\"PASS: \"\"azimuth integration leaves a polar polynomial\"\n"
"From remote kernel:"
"\"PASS: \"\"angular coefficient factoring reconstructs its input\"\n"
"From remote kernel:"
"\"PASS: \"\"angular coefficient factoring reconstructs its input\"\n"
"From remote kernel:"
"\"PASS: \"\"angular integral fully evaluated\"\n"
"From remote kernel:"
"\"PASS: \"\"at most a single angular pole\"\n"
"From remote kernel:"
"\"Angular master \"InputForm[{\"ML\", 2, -4}]\"; memory = \"285040200\n"
"From remote kernel:"
"\"PASS: \"\"azimuth integration leaves a polar polynomial\"\n"
"From remote kernel:"
"\"PASS: \"\"polar polynomial division reconstructs its numerator\"\n"
"From remote kernel:"
"\"Single massive polar integral, coefficient \"0\n"
"From remote kernel:"
"\"PASS: \"\"polar logarithm splits in its integration domain\"\n"
MONITOR_HEARTBEAT elapsed=60s rss=2960.1MiB peak=2960.1MiB
"From remote kernel:"
"\"PASS: \"\"log integral maps exactly to the linear template\"\n"
"From remote kernel:"
"\"PASS: \"\"linear template is used in its real domain\"\n"
"From remote kernel:"
"\"PASS: \"\"log integral maps exactly to the linear template\"\n"
"From remote kernel:"
"\"PASS: \"\"linear template is used in its real domain\"\n"
"From remote kernel:"
"\"PASS: \"\"single polar integral evaluated\"\n"
"From remote kernel:"
"\"PASS: \"\"log integral maps exactly to the linear template\"\n"
"From remote kernel:"
"\"PASS: \"\"linear template is used in its real domain\"\n"
"From remote kernel:"
"\"PASS: \"\"log integral maps exactly to the linear template\"\n"
"From remote kernel:"
"\"PASS: \"\"linear template is used in its real domain\"\n"
"From remote kernel:"
"\"PASS: \"\"log integral maps exactly to the linear template\"\n"
"From remote kernel:"
"\"PASS: \"\"single polar integral evaluated\"\n"
"From remote kernel:"
"\"PASS: \"\"linear template is used in its real domain\"\n"
"From remote kernel:"
"\"PASS: \"\"log integral maps exactly to the linear template\"\n"
"From remote kernel:"
"\"PASS: \"\"log integral maps exactly to the linear template\"\n"
"From remote kernel:"
"\"PASS: \"\"linear template is used in its real domain\"\n"
"From remote kernel:"
"\"PASS: \"\"linear template is used in its real domain\"\n"
"From remote kernel:"
"\"PASS: \"\"log integral maps exactly to the linear template\"\n"
"From remote kernel:"
"\"PASS: \"\"single polar integral evaluated\"\n"
"From remote kernel:"
"\"PASS: \"\"linear template is used in its real domain\"\n"
"From remote kernel:"
"\"PASS: \"\"single polar integral evaluated\"\n"
"From remote kernel:"
"\"PASS: \"\"log integral maps exactly to the linear template\"\n"
"From remote kernel:"
"\"PASS: \"\"linear template is used in its real domain\"\n"
"From remote kernel:"
"\"PASS: \"\"log integral maps exactly to the linear template\"\n"
"From remote kernel:"
"\"PASS: \"\"log integral maps exactly to the linear template\"\n"
"From remote kernel:"
"\"PASS: \"\"linear template is used in its real domain\"\n"
"From remote kernel:"
"\"PASS: \"\"linear template is used in its real domain\"\n"
"From remote kernel:"
"\"PASS: \"\"single polar integral evaluated\"\n"
"From remote kernel:"
"\"PASS: \"\"log integral maps exactly to the linear template\"\n"
"From remote kernel:"
"\"PASS: \"\"linear template is used in its real domain\"\n"
"From remote kernel:"
"\"PASS: \"\"single polar integral evaluated\"\n"
"From remote kernel:"
"\"PASS: \"\"angular coefficient factoring reconstructs its input\"\n"
"From remote kernel:"
"\"PASS: \"\"angular coefficient factoring reconstructs its input\"\n"
"From remote kernel:"
"\"PASS: \"\"angular integral fully evaluated\"\n"
"From remote kernel:"
"\"PASS: \"\"at most a single angular pole\"\n"
"From remote kernel:"
"\"Angular master \"InputForm[{\"ML\", 2, -3}]\"; memory = \"253867080\n"
"From remote kernel:"
"\"PASS: \"\"azimuth integration leaves a polar polynomial\"\n"
"From remote kernel:"
"\"PASS: \"\"polar polynomial division reconstructs its numerator\"\n"
"From remote kernel:"
"\"PASS: \"\"angular coefficient factoring reconstructs its input\"\n"
"From remote kernel:"
"\"PASS: \"\"angular coefficient factoring reconstructs its input\"\n"
"From remote kernel:"
"\"PASS: \"\"angular integral fully evaluated\"\n"
"From remote kernel:"
"\"PASS: \"\"at most a single angular pole\"\n"
"From remote kernel:"
"\"Angular master \"InputForm[{\"ML\", -2, -1}]\"; memory = \"254506304\n"
"From remote kernel:"
"\"PASS: \"\"angular coefficient factoring reconstructs its input\"\n"
"From remote kernel:"
"\"PASS: \"\"angular coefficient factoring reconstructs its input\"\n"
"From remote kernel:"
"\"PASS: \"\"angular integral fully evaluated\"\n"
"From remote kernel:"
"\"PASS: \"\"at most a single angular pole\"\n"
"From remote kernel:"
"\"Angular master \"InputForm[{\"ML\", -1, -2}]\"; memory = \"254162728\n"
"From remote kernel:"
"\"PASS: \"\"azimuth integration leaves a polar polynomial\"\n"
"From remote kernel:"
"\"PASS: \"\"angular coefficient factoring reconstructs its input\"\n"
"From remote kernel:"
"\"PASS: \"\"angular coefficient factoring reconstructs its input\"\n"
"From remote kernel:"
"\"PASS: \"\"angular integral fully evaluated\"\n"
"From remote kernel:"
"\"PASS: \"\"at most a single angular pole\"\n"
"From remote kernel:"
"\"PASS: \"\"azimuth integration leaves a polar polynomial\"\n"
"From remote kernel:"
"\"Angular master \"InputForm[{\"ML\", 0, -3}]\"; memory = \"254219952\n"
"From remote kernel:"
"\"PASS: \"\"azimuth integration leaves a polar polynomial\"\n"
"From remote kernel:"
"\"PASS: \"\"angular coefficient factoring reconstructs its input\"\n"
"From remote kernel:"
"\"PASS: \"\"angular coefficient factoring reconstructs its input\"\n"
"From remote kernel:"
"\"PASS: \"\"angular integral fully evaluated\"\n"
"From remote kernel:"
"\"PASS: \"\"at most a single angular pole\"\n"
"From remote kernel:"
"\"PASS: \"\"angular coefficient factoring reconstructs its input\"\n"
"From remote kernel:"
"\"Angular master \"InputForm[{\"ML\", 1, -4}]\"; memory = \"254238864\n"
"From remote kernel:"
"\"PASS: \"\"angular coefficient factoring reconstructs its input\"\n"
"From remote kernel:"
"\"PASS: \"\"angular integral fully evaluated\"\n"
"From remote kernel:"
"\"PASS: \"\"at most a single angular pole\"\n"
"From remote kernel:"
"\"Angular master \"InputForm[{\"ML\", -3, 0}]\"; memory = \"254728696\n"
"From remote kernel:"
"\"PASS: \"\"azimuth integration leaves a polar polynomial\"\n"
"From remote kernel:"
"\"PASS: \"\"angular coefficient factoring reconstructs its input\"\n"
"From remote kernel:"
"\"PASS: \"\"angular coefficient factoring reconstructs its input\"\n"
"From remote kernel:"
"\"PASS: \"\"angular integral fully evaluated\"\n"
"From remote kernel:"
"\"PASS: \"\"at most a single angular pole\"\n"
"From remote kernel:"
"\"PASS: \"\"angular coefficient factoring reconstructs its input\"\n"
"From remote kernel:"
"\"PASS: \"\"angular coefficient factoring reconstructs its input\"\n"
"From remote kernel:"
"\"PASS: \"\"angular coefficient factoring reconstructs its input\"\n"
"From remote kernel:"
"\"PASS: \"\"angular integral fully evaluated\"\n"
"From remote kernel:"
"\"PASS: \"\"angular coefficient factoring reconstructs its input\"\n"
"From remote kernel:"
"\"PASS: \"\"at most a single angular pole\"\n"
"From remote kernel:"
"\"PASS: \"\"angular integral fully evaluated\"\n"
"From remote kernel:"
"\"PASS: \"\"at most a single angular pole\"\n"
"From remote kernel:"
"\"PASS: \"\"azimuth integration leaves a polar polynomial\"\n"
"From remote kernel:"
"\"PASS: \"\"polar polynomial division reconstructs its numerator\"\n"
"From remote kernel:"
"\"PASS: \"\"angular coefficient factoring reconstructs its input\"\n"
"From remote kernel:"
"\"PASS: \"\"angular coefficient factoring reconstructs its input\"\n"
"From remote kernel:"
"\"PASS: \"\"angular coefficient factoring reconstructs its input\"\n"
"From remote kernel:"
"\"PASS: \"\"angular coefficient factoring reconstructs its input\"\n"
"From remote kernel:"
"\"PASS: \"\"angular integral fully evaluated\"\n"
"From remote kernel:"
"\"PASS: \"\"angular integral fully evaluated\"\n"
"From remote kernel:"
"\"PASS: \"\"at most a single angular pole\"\n"
"From remote kernel:"
"\"PASS: \"\"at most a single angular pole\"\n"
"From remote kernel:"
"\"PASS: \"\"angular coefficient factoring reconstructs its input\"\n"
"From remote kernel:"
"\"PASS: \"\"angular coefficient factoring reconstructs its input\"\n"
"From remote kernel:"
"\"PASS: \"\"angular integral fully evaluated\"\n"
"From remote kernel:"
"\"PASS: \"\"at most a single angular pole\"\n"
"From remote kernel:"
"\"Single massive polar integral, coefficient \"1\n"
"From remote kernel:"
"\"PASS: \"\"polar logarithm splits in its integration domain\"\n"
"From remote kernel:"
"\"Single massive polar integral, coefficient \"1\n"
"From remote kernel:"
"\"PASS: \"\"polar logarithm splits in its integration domain\"\n"
MONITOR_HEARTBEAT elapsed=91s rss=2979.2MiB peak=2980.8MiB
"From remote kernel:"
"\"PASS: \"\"log integral maps exactly to the linear template\"\n"
"From remote kernel:"
"\"PASS: \"\"linear template is used in its real domain\"\n"
"From remote kernel:"
"\"PASS: \"\"log integral maps exactly to the linear template\"\n"
"From remote kernel:"
"\"PASS: \"\"linear template is used in its real domain\"\n"
"From remote kernel:"
"\"PASS: \"\"single polar integral evaluated\"\n"
"From remote kernel:"
"\"PASS: \"\"angular coefficient factoring reconstructs its input\"\n"
"From remote kernel:"
"\"PASS: \"\"angular coefficient factoring reconstructs its input\"\n"
"From remote kernel:"
"\"PASS: \"\"angular integral fully evaluated\"\n"
"From remote kernel:"
"\"PASS: \"\"at most a single angular pole\"\n"
"From remote kernel:"
"\"PASS: \"\"log integral maps exactly to the linear template\"\n"
"From remote kernel:"
"\"PASS: \"\"linear template is used in its real domain\"\n"
"From remote kernel:"
"\"PASS: \"\"log integral maps exactly to the linear template\"\n"
"From remote kernel:"
"\"PASS: \"\"linear template is used in its real domain\"\n"
"From remote kernel:"
"\"PASS: \"\"single polar integral evaluated\"\n"
"From remote kernel:"
"\"PASS: \"\"angular coefficient factoring reconstructs its input\"\n"
"From remote kernel:"
"\"PASS: \"\"angular coefficient factoring reconstructs its input\"\n"
"From remote kernel:"
"\"PASS: \"\"angular integral fully evaluated\"\n"
"From remote kernel:"
"\"PASS: \"\"at most a single angular pole\"\n"
"PASS: ""all requested angular masters completed"
"S06_SUCCESS; peak memory = "247340016" bytes."
MONITOR_WAKE {"stage": "s06", "source": "s06_angular_integrals.wl", "source_sha256": "5cdac2d98bcb271c08d6f68ea7392be0e0dfdb5564591649242321833c89aaed", "job_id": "14689589", "host": "n6442", "exit_code": 0, "success_marker": true, "accepted_execution": true, "guard": null, "peak_rss_bytes": 3125624832, "elapsed_seconds": 113.19198738597333, "completed_utc": "2026-09-06T19:39:18.069063+00:00"}
