S07_TRANSLATE Hqq_v2_F1Hat_LODelta_1
S07_CHECKED Hqq_v2_F1Hat_LODelta_1 operations 89 passed True
S07_TRANSLATE Hqq_v2_F1Hat_Delta_1
S07_CHECKED Hqq_v2_F1Hat_Delta_1 operations 1769 passed True
S07_TRANSLATE Hqq_v2_F1Hat_L0_1
S07_CHECKED Hqq_v2_F1Hat_L0_1 operations 177 passed True
S07_TRANSLATE Hqq_v2_F1Hat_L1_1
S07_CHECKED Hqq_v2_F1Hat_L1_1 operations 92 passed True
S07_TRANSLATE Hqq_v2_F1Hat_Regular_1
S07_CHECKED Hqq_v2_F1Hat_Regular_1 operations 425910 passed True
S07_TRANSLATE Hqq_v2_F1Hat_LODelta_m1
S07_CHECKED Hqq_v2_F1Hat_LODelta_m1 operations 89 passed True
S07_TRANSLATE Hqq_v2_F1Hat_Delta_m1
S07_CHECKED Hqq_v2_F1Hat_Delta_m1 operations 1771 passed True
S07_TRANSLATE Hqq_v2_F1Hat_L0_m1
S07_CHECKED Hqq_v2_F1Hat_L0_m1 operations 177 passed True
S07_TRANSLATE Hqq_v2_F1Hat_L1_m1
S07_CHECKED Hqq_v2_F1Hat_L1_m1 operations 92 passed True
S07_TRANSLATE Hqq_v2_F1Hat_Regular_m1
S07_CHECKED Hqq_v2_F1Hat_Regular_m1 operations 425911 passed True
S07_TRANSLATE Hqq_v2_F2Hat_LODelta_1
S07_CHECKED Hqq_v2_F2Hat_LODelta_1 operations 98 passed True
S07_TRANSLATE Hqq_v2_F2Hat_Delta_1
S07_CHECKED Hqq_v2_F2Hat_Delta_1 operations 1827 passed True
S07_TRANSLATE Hqq_v2_F2Hat_L0_1
S07_CHECKED Hqq_v2_F2Hat_L0_1 operations 188 passed True
S07_TRANSLATE Hqq_v2_F2Hat_L1_1
S07_CHECKED Hqq_v2_F2Hat_L1_1 operations 100 passed True
S07_TRANSLATE Hqq_v2_F2Hat_Regular_1
S07_CHECKED Hqq_v2_F2Hat_Regular_1 operations 425911 passed True
S07_TRANSLATE Hqq_v2_F2Hat_LODelta_m1
S07_CHECKED Hqq_v2_F2Hat_LODelta_m1 operations 98 passed True
S07_TRANSLATE Hqq_v2_F2Hat_Delta_m1
S07_CHECKED Hqq_v2_F2Hat_Delta_m1 operations 1828 passed True
S07_TRANSLATE Hqq_v2_F2Hat_L0_m1
S07_CHECKED Hqq_v2_F2Hat_L0_m1 operations 188 passed True
S07_TRANSLATE Hqq_v2_F2Hat_L1_m1
S07_CHECKED Hqq_v2_F2Hat_L1_m1 operations 100 passed True
S07_TRANSLATE Hqq_v2_F2Hat_Regular_m1
S07_CHECKED Hqq_v2_F2Hat_Regular_m1 operations 425913 passed True
S07_TRANSLATE Hgg_F1Hat_Regular_1
S07_CHECKED Hgg_F1Hat_Regular_1 operations 38165 passed True
S07_TRANSLATE Hgg_F1Hat_Regular_m1
S07_CHECKED Hgg_F1Hat_Regular_m1 operations 38165 passed True
S07_TRANSLATE Hgg_F2Hat_Regular_1
S07_CHECKED Hgg_F2Hat_Regular_1 operations 38705 passed True
S07_TRANSLATE Hgg_F2Hat_Regular_m1
S07_CHECKED Hgg_F2Hat_Regular_m1 operations 38705 passed True
S07_TRANSLATE Hqqbar_F1Hat_Regular_1
S07_CHECKED Hqqbar_F1Hat_Regular_1 operations 19676 passed True
S07_TRANSLATE Hqqbar_F1Hat_Regular_m1
S07_CHECKED Hqqbar_F1Hat_Regular_m1 operations 19676 passed True
S07_TRANSLATE Hqqbar_F2Hat_Regular_1
S07_CHECKED Hqqbar_F2Hat_Regular_1 operations 19711 passed True
S07_TRANSLATE Hqqbar_F2Hat_Regular_m1
S07_CHECKED Hqqbar_F2Hat_Regular_m1 operations 19711 passed True
S07_TRANSLATE Hqqprime_F1Hat_IncomingChargeSquared_Regular_1
S07_CHECKED Hqqprime_F1Hat_IncomingChargeSquared_Regular_1 operations 5017 passed True
S07_TRANSLATE Hqqprime_F1Hat_IncomingChargeSquared_Regular_m1
S07_CHECKED Hqqprime_F1Hat_IncomingChargeSquared_Regular_m1 operations 5017 passed True
S07_TRANSLATE Hqqprime_F1Hat_PrimeChargeSquared_Regular_1
S07_CHECKED Hqqprime_F1Hat_PrimeChargeSquared_Regular_1 operations 7897 passed True
S07_TRANSLATE Hqqprime_F1Hat_PrimeChargeSquared_Regular_m1
S07_CHECKED Hqqprime_F1Hat_PrimeChargeSquared_Regular_m1 operations 7897 passed True
S07_TRANSLATE Hqqprime_F1Hat_MixedIncomingPrimeCharge_Regular_1
S07_CHECKED Hqqprime_F1Hat_MixedIncomingPrimeCharge_Regular_1 operations 23517 passed True
S07_TRANSLATE Hqqprime_F1Hat_MixedIncomingPrimeCharge_Regular_m1
S07_CHECKED Hqqprime_F1Hat_MixedIncomingPrimeCharge_Regular_m1 operations 23517 passed True
S07_TRANSLATE Hqqprime_F2Hat_IncomingChargeSquared_Regular_1
S07_CHECKED Hqqprime_F2Hat_IncomingChargeSquared_Regular_1 operations 5057 passed True
S07_TRANSLATE Hqqprime_F2Hat_IncomingChargeSquared_Regular_m1
S07_CHECKED Hqqprime_F2Hat_IncomingChargeSquared_Regular_m1 operations 5057 passed True
S07_TRANSLATE Hqqprime_F2Hat_PrimeChargeSquared_Regular_1
S07_CHECKED Hqqprime_F2Hat_PrimeChargeSquared_Regular_1 operations 7930 passed True
S07_TRANSLATE Hqqprime_F2Hat_PrimeChargeSquared_Regular_m1
S07_CHECKED Hqqprime_F2Hat_PrimeChargeSquared_Regular_m1 operations 7930 passed True
S07_TRANSLATE Hqqprime_F2Hat_MixedIncomingPrimeCharge_Regular_1
S07_CHECKED Hqqprime_F2Hat_MixedIncomingPrimeCharge_Regular_1 operations 23761 passed True
S07_TRANSLATE Hqqprime_F2Hat_MixedIncomingPrimeCharge_Regular_m1
S07_CHECKED Hqqprime_F2Hat_MixedIncomingPrimeCharge_Regular_m1 operations 23761 passed True
S07_TRANSLATE Hgq_v4_F1_LODelta_1
S07_CHECKED Hgq_v4_F1_LODelta_1 operations 74 passed True
S07_TRANSLATE Hgq_v4_F1_Delta_1
S07_CHECKED Hgq_v4_F1_Delta_1 operations 17958 passed True
S07_TRANSLATE Hgq_v4_F1_L0_1
S07_CHECKED Hgq_v4_F1_L0_1 operations 433 passed True
S07_TRANSLATE Hgq_v4_F1_L1_1
S07_CHECKED Hgq_v4_F1_L1_1 operations 142 passed True
S07_TRANSLATE Hgq_v4_F1_Regular_1
S07_CHECKED Hgq_v4_F1_Regular_1 operations 39157 passed True
S07_TRANSLATE Hgq_v4_F1_LODelta_m1
S07_CHECKED Hgq_v4_F1_LODelta_m1 operations 74 passed True
S07_TRANSLATE Hgq_v4_F1_Delta_m1
S07_CHECKED Hgq_v4_F1_Delta_m1 operations 18164 passed True
S07_TRANSLATE Hgq_v4_F1_L0_m1
S07_CHECKED Hgq_v4_F1_L0_m1 operations 435 passed True
S07_TRANSLATE Hgq_v4_F1_L1_m1
S07_CHECKED Hgq_v4_F1_L1_m1 operations 140 passed True
S07_TRANSLATE Hgq_v4_F1_Regular_m1
S07_CHECKED Hgq_v4_F1_Regular_m1 operations 39161 passed True
S07_TRANSLATE Hgq_v4_F1_LODelta_0
S07_CHECKED Hgq_v4_F1_LODelta_0 operations 74 passed True
S07_TRANSLATE Hgq_v4_F1_Delta_0
S07_CHECKED Hgq_v4_F1_Delta_0 operations 334 passed True
S07_TRANSLATE Hgq_v4_F1_L0_0
S07_CHECKED Hgq_v4_F1_L0_0 operations 98 passed True
S07_TRANSLATE Hgq_v4_F1_L1_0
S07_CHECKED Hgq_v4_F1_L1_0 operations 62 passed True
S07_TRANSLATE Hgq_v4_F1_Regular_0
S07_CHECKED Hgq_v4_F1_Regular_0 operations 24787 passed True
S07_TRANSLATE Hgq_v4_F2_LODelta_1
S07_CHECKED Hgq_v4_F2_LODelta_1 operations 100 passed True
S07_TRANSLATE Hgq_v4_F2_Delta_1
S07_CHECKED Hgq_v4_F2_Delta_1 operations 17829 passed True
S07_TRANSLATE Hgq_v4_F2_L0_1
S07_CHECKED Hgq_v4_F2_L0_1 operations 434 passed True
S07_TRANSLATE Hgq_v4_F2_L1_1
S07_CHECKED Hgq_v4_F2_L1_1 operations 143 passed True
S07_TRANSLATE Hgq_v4_F2_Regular_1
S07_CHECKED Hgq_v4_F2_Regular_1 operations 38792 passed True
S07_TRANSLATE Hgq_v4_F2_LODelta_m1
S07_CHECKED Hgq_v4_F2_LODelta_m1 operations 100 passed True
S07_TRANSLATE Hgq_v4_F2_Delta_m1
S07_CHECKED Hgq_v4_F2_Delta_m1 operations 18035 passed True
S07_TRANSLATE Hgq_v4_F2_L0_m1
S07_CHECKED Hgq_v4_F2_L0_m1 operations 432 passed True
S07_TRANSLATE Hgq_v4_F2_L1_m1
S07_CHECKED Hgq_v4_F2_L1_m1 operations 141 passed True
S07_TRANSLATE Hgq_v4_F2_Regular_m1
S07_CHECKED Hgq_v4_F2_Regular_m1 operations 38820 passed True
S07_TRANSLATE Hgq_v4_F2_LODelta_0
S07_CHECKED Hgq_v4_F2_LODelta_0 operations 100 passed True
S07_TRANSLATE Hgq_v4_F2_Delta_0
S07_CHECKED Hgq_v4_F2_Delta_0 operations 327 passed True
S07_TRANSLATE Hgq_v4_F2_L0_0
S07_CHECKED Hgq_v4_F2_L0_0 operations 103 passed True
S07_TRANSLATE Hgq_v4_F2_L1_0
S07_CHECKED Hgq_v4_F2_L1_0 operations 68 passed True
S07_TRANSLATE Hgq_v4_F2_Regular_0
S07_CHECKED Hgq_v4_F2_Regular_0 operations 25057 passed True
S07_TRANSLATE Hqg_v3_F1_LODelta_1
S07_CHECKED Hqg_v3_F1_LODelta_1 operations 89 passed True
S07_TRANSLATE Hqg_v3_F1_Delta_1
S07_CHECKED Hqg_v3_F1_Delta_1 operations 9532 passed True
S07_TRANSLATE Hqg_v3_F1_L0_1
S07_CHECKED Hqg_v3_F1_L0_1 operations 855 passed True
S07_TRANSLATE Hqg_v3_F1_L1_1
S07_CHECKED Hqg_v3_F1_L1_1 operations 92 passed True
S07_TRANSLATE Hqg_v3_F1_Regular_1
S07_CHECKED Hqg_v3_F1_Regular_1 operations 28908 passed True
S07_TRANSLATE Hqg_v3_F1_LODelta_m1
S07_CHECKED Hqg_v3_F1_LODelta_m1 operations 89 passed True
S07_TRANSLATE Hqg_v3_F1_Delta_m1
S07_CHECKED Hqg_v3_F1_Delta_m1 operations 9844 passed True
S07_TRANSLATE Hqg_v3_F1_L0_m1
S07_CHECKED Hqg_v3_F1_L0_m1 operations 944 passed True
S07_TRANSLATE Hqg_v3_F1_L1_m1
S07_CHECKED Hqg_v3_F1_L1_m1 operations 92 passed True
S07_TRANSLATE Hqg_v3_F1_Regular_m1
S07_CHECKED Hqg_v3_F1_Regular_m1 operations 28871 passed True
S07_TRANSLATE Hqg_v3_F2_LODelta_1
S07_CHECKED Hqg_v3_F2_LODelta_1 operations 100 passed True
S07_TRANSLATE Hqg_v3_F2_Delta_1
S07_CHECKED Hqg_v3_F2_Delta_1 operations 9738 passed True
S07_TRANSLATE Hqg_v3_F2_L0_1
S07_CHECKED Hqg_v3_F2_L0_1 operations 883 passed True
S07_TRANSLATE Hqg_v3_F2_L1_1
S07_CHECKED Hqg_v3_F2_L1_1 operations 102 passed True
S07_TRANSLATE Hqg_v3_F2_Regular_1
S07_CHECKED Hqg_v3_F2_Regular_1 operations 28966 passed True
S07_TRANSLATE Hqg_v3_F2_LODelta_m1
S07_CHECKED Hqg_v3_F2_LODelta_m1 operations 100 passed True
S07_TRANSLATE Hqg_v3_F2_Delta_m1
S07_CHECKED Hqg_v3_F2_Delta_m1 operations 10038 passed True
S07_TRANSLATE Hqg_v3_F2_L0_m1
S07_CHECKED Hqg_v3_F2_L0_m1 operations 969 passed True
S07_TRANSLATE Hqg_v3_F2_L1_m1
S07_CHECKED Hqg_v3_F2_L1_m1 operations 102 passed True
S07_TRANSLATE Hqg_v3_F2_Regular_m1
S07_CHECKED Hqg_v3_F2_Regular_m1 operations 28932 passed True
S07_PAIRED Hqq_v2_LODelta_1 operations 110
S07_PAIRED Hqq_v2_Delta_1 operations 2838
S07_PAIRED Hqq_v2_L0_1 operations 262
S07_PAIRED Hqq_v2_L1_1 operations 113
S07_PAIRED Hqq_v2_Regular_1 operations 426401
S07_PAIRED Hqq_v2_LODelta_m1 operations 110
S07_PAIRED Hqq_v2_Delta_m1 operations 2841
S07_PAIRED Hqq_v2_L0_m1 operations 262
S07_PAIRED Hqq_v2_L1_m1 operations 113
S07_PAIRED Hqq_v2_Regular_m1 operations 426402
S07_PAIRED Hgg_Regular_1 operations 62429
S07_PAIRED Hgg_Regular_m1 operations 62429
S07_PAIRED Hqqbar_Regular_1 operations 30382
S07_PAIRED Hqqbar_Regular_m1 operations 30382
S07_PAIRED Hqqprime_IncomingChargeSquared_Regular_1 operations 7006
S07_PAIRED Hqqprime_IncomingChargeSquared_Regular_m1 operations 7006
S07_PAIRED Hqqprime_PrimeChargeSquared_Regular_1 operations 10535
S07_PAIRED Hqqprime_PrimeChargeSquared_Regular_m1 operations 10535
S07_PAIRED Hqqprime_MixedIncomingPrimeCharge_Regular_1 operations 38368
S07_PAIRED Hqqprime_MixedIncomingPrimeCharge_Regular_m1 operations 38368
S07_PAIRED Hgq_v4_LODelta_1 operations 121
S07_PAIRED Hgq_v4_Delta_1 operations 27450
S07_PAIRED Hgq_v4_L0_1 operations 541
S07_PAIRED Hgq_v4_L1_1 operations 175
S07_PAIRED Hgq_v4_Regular_1 operations 44044
S07_PAIRED Hgq_v4_LODelta_m1 operations 121
S07_PAIRED Hgq_v4_Delta_m1 operations 27652
S07_PAIRED Hgq_v4_L0_m1 operations 545
S07_PAIRED Hgq_v4_L1_m1 operations 173
S07_PAIRED Hgq_v4_Regular_m1 operations 67828
S07_PAIRED Hgq_v4_LODelta_0 operations 121
S07_PAIRED Hgq_v4_Delta_0 operations 526
S07_PAIRED Hgq_v4_L0_0 operations 142
S07_PAIRED Hgq_v4_L1_0 operations 79
S07_PAIRED Hgq_v4_Regular_0 operations 37682
S07_PAIRED Hqg_v3_LODelta_1 operations 113
S07_PAIRED Hqg_v3_Delta_1 operations 15796
S07_PAIRED Hqg_v3_L0_1 operations 1255
S07_PAIRED Hqg_v3_L1_1 operations 116
S07_PAIRED Hqg_v3_Regular_1 operations 38917
S07_PAIRED Hqg_v3_LODelta_m1 operations 113
S07_PAIRED Hqg_v3_Delta_m1 operations 16305
S07_PAIRED Hqg_v3_L0_m1 operations 1365
S07_PAIRED Hqg_v3_L1_m1 operations 116
S07_PAIRED Hqg_v3_Regular_m1 operations 38879
S07_SUCCESS all 708
