MONITOR_START job=14692929 host=n7439 kernel_pid=262385
"From remote kernel:"
"\"[SubTropica] FF/SPQR auto-detect aborted; falling back to PolynomialQuotient[].\"\n"
"From remote kernel:"
"\"[SubTropica] FF/SPQR auto-detect aborted; falling back to PolynomialQuotient[].\"\n"
"From remote kernel:"
"\"                                @@@@@@@\\n             ^^              @@@@@@@@@@@@@                 [×] polymake\\n        ^^        ^^       @@@@@@@@@@@@@@@@@\\n                          @@@@@@@@@@@@@@@@@@@           ^^\\n                         @@@@@@@@@@@@@@@@@@@@@\\n ~~~~ ~~~ ~~~~ ~~~~~ ~~  &&&&&&&&&&&&&&&&&&&&& ~~~~~~~ ~~~~~~~ ~~~ ~~~~\\n ~        ~~   ~  ~      ~~~~~~~~~~~~~~~~~~~~~ ~       ~~    ~~ ~  ~~~~\\n  ~ ~~     ~~~    ~  ~~   ~~    ~~~~~   ~~  ~~~    ~    ~~~    ~~  ~~\\n          [-] pySecDec  [-] FIESTA  [-] AMFlow  [-] feyntrop\\n     [-] FiniteFlow  [-] SPQR  [-] LiteRed  [-] FIRE  [-] HyperInt\\n         [-] maple  [-] ginsh  [-] python3  [\[Checkmark]] curl  [-] make\\n        [-] HyperFLINT  [-] HyperFORM  [-] IterInt  [-] msolve\\n                       [-] SOFIA  [-] Effortless\\n       [-] Kira  [-] FireFly  [-] Fermat  [-] NeatIBP  [-] SpaSM\\n   [-] Singular  [-] FORM  [-] PolyLogTools  [-] Libra  [-] DiffExp\\n ~  ~       ~ ~      ~           ~~ ~~~~~~  ~      ~~  ~             ~~\\n       ~             ~        ~      ~      ~~   ~             ~\\n\\nWelcome to SubTropica v1.2.10!\\n\\nby Mathieu Giroux, Sebastian Mizera, Giulio Salvatori\\n\\nNew install \[LongDash] run STBenchmark[] to verify your setup.\"\n"
"From remote kernel:"
"\"  \[WarningSign] \"\"polymake\"\" is REQUIRED: \"\"brew install polymake  |  apt install polymake  |  conda install -c conda-forge polymake\"\"\\n    \"\"If not on $PATH: ConfigureSubTropica[PolymakePath -> \\\"/absolute/path/to/polymake\\\"]\"\n"
"From remote kernel:"
"\"                                @@@@@@@\\n             ^^              @@@@@@@@@@@@@                 [×] polymake\\n        ^^        ^^       @@@@@@@@@@@@@@@@@\\n                          @@@@@@@@@@@@@@@@@@@           ^^\\n                         @@@@@@@@@@@@@@@@@@@@@\\n ~~~~ ~~~ ~~~~ ~~~~~ ~~  &&&&&&&&&&&&&&&&&&&&& ~~~~~~~ ~~~~~~~ ~~~ ~~~~\\n ~        ~~   ~  ~      ~~~~~~~~~~~~~~~~~~~~~ ~       ~~    ~~ ~  ~~~~\\n  ~ ~~     ~~~    ~  ~~   ~~    ~~~~~   ~~  ~~~    ~    ~~~    ~~  ~~\\n          [-] pySecDec  [-] FIESTA  [-] AMFlow  [-] feyntrop\\n     [-] FiniteFlow  [-] SPQR  [-] LiteRed  [-] FIRE  [-] HyperInt\\n         [-] maple  [-] ginsh  [-] python3  [\[Checkmark]] curl  [-] make\\n        [-] HyperFLINT  [-] HyperFORM  [-] IterInt  [-] msolve\\n                       [-] SOFIA  [-] Effortless\\n       [-] Kira  [-] FireFly  [-] Fermat  [-] NeatIBP  [-] SpaSM\\n   [-] Singular  [-] FORM  [-] PolyLogTools  [-] Libra  [-] DiffExp\\n ~  ~       ~ ~      ~           ~~ ~~~~~~  ~      ~~  ~             ~~\\n       ~             ~        ~      ~      ~~   ~             ~\\n\\nWelcome to SubTropica v1.2.10!\\n\\nby Mathieu Giroux, Sebastian Mizera, Giulio Salvatori\\n\\nNew install \[LongDash] run STBenchmark[] to verify your setup.\"\n"
"From remote kernel:"
"\"  \[WarningSign] \"\"polymake\"\" is REQUIRED: \"\"brew install polymake  |  apt install polymake  |  conda install -c conda-forge polymake\"\"\\n    \"\"If not on $PATH: ConfigureSubTropica[PolymakePath -> \\\"/absolute/path/to/polymake\\\"]\"\n"
"From remote kernel:"
"\"\[Checkmark]polymake  -ginsh  -IterInt  -maple  -HyperInt  -HyperFLINT  -HyperLogProcedures  -python3  -pySecDec  -FIESTA  -AMFlow  -LiteRed  -FIRE  -SPQR  -SOFIA  -Effortless  -feyntrop  -FiniteFlow  \[Checkmark]curl  -make  -Kira  -FireFly  -Fermat  -msolve  -NeatIBP  -SpaSM  -Singular  -FORM  -HyperFORM  -PolyLogTools  -Libra  -DiffExp\"\n"
"From remote kernel:"
"\"\[Checkmark]polymake  -ginsh  -IterInt  -maple  -HyperInt  -HyperFLINT  -HyperLogProcedures  -python3  -pySecDec  -FIESTA  -AMFlow  -LiteRed  -FIRE  -SPQR  -SOFIA  -Effortless  -feyntrop  -FiniteFlow  \[Checkmark]curl  -make  -Kira  -FireFly  -Fermat  -msolve  -NeatIBP  -SpaSM  -Singular  -FORM  -HyperFORM  -PolyLogTools  -Libra  -DiffExp\"\n"
"From remote kernel:"
"\"SUBTROPICA_START \"\"P2_0110\"\" order \"1\" kernel \"1\n"
"From remote kernel:"
"\"SUBTROPICA_START \"\"P4_0001001001011010\"\" order \"0\" kernel \"2\n"
"From remote kernel:"
"DistributeDefinitions::subnopar: Parallel programming is not available in subkernels of another parallel computation."
"From remote kernel:"
"DistributeDefinitions::subnopar: Parallel programming is not available in subkernels of another parallel computation."
"From remote kernel:"
"\">> \"\"Problem ID:\"\" \"\"P2_0110\"\n"
"From remote kernel:"
"Dynamic[Module[{SubTropica`Private`dt = AbsoluteTime[] - 3.997746940692187`16.354390288762133*^9}, Which[SubTropica`Private`dt < 60, Row[{\"Time elapsed: \", NumberForm[SubTropica`Private`dt, {4, 1}], \"s\"}], SubTropica`Private`dt < 3600, Row[{\"Time elapsed: \", Floor[SubTropica`Private`dt/60], \"m \", Mod[Round[SubTropica`Private`dt], 60], \"s\"}], True, Row[{\"Time elapsed: \", Floor[SubTropica`Private`dt/3600], \"h \", Floor[Mod[SubTropica`Private`dt, 3600]/60], \"m\"}]]], UpdateInterval -> 1]\n"
"From remote kernel:"
"\">> \"\"Parametric integrand:\"\" \"{I*Pi^(2 - eps)*Gamma[eps], (1 + xx1)^(-2 + 2*eps)/(c12*xx1)^eps, {xx1}, {c12}}\n"
"From remote kernel:"
"\">> \"\"Problem ID:\"\" \"\"P4_0001001001011010\"\n"
"From remote kernel:"
"Dynamic[Module[{SubTropica`Private`dt = AbsoluteTime[] - 3.997746940722995`16.354390288765476*^9}, Which[SubTropica`Private`dt < 60, Row[{\"Time elapsed: \", NumberForm[SubTropica`Private`dt, {4, 1}], \"s\"}], SubTropica`Private`dt < 3600, Row[{\"Time elapsed: \", Floor[SubTropica`Private`dt/60], \"m \", Mod[Round[SubTropica`Private`dt], 60], \"s\"}], True, Row[{\"Time elapsed: \", Floor[SubTropica`Private`dt/3600], \"h \", Floor[Mod[SubTropica`Private`dt, 3600]/60], \"m\"}]]], UpdateInterval -> 1]\n"
"From remote kernel:"
"\">> \"\"Parametric integrand:\"\" \"{I*Pi^(2 - eps)*Gamma[2 + eps], (1 + xx1 + xx2 + xx3)^(2*eps)*(c14*xx1 + c34*xx3 + c23*xx2*xx3)^(-2 - eps), {xx1, xx2, xx3}, {c14, c23, c34}}\n"
"From remote kernel:"
"\">> \"\"Time taken to set up the integrands and directories:\"\" \"\"0.2s\"\n"
"From remote kernel:"
"\"All integrands saved to: \"\"s13_all_integrands.wl\"\n"
"From remote kernel:"
"stDispatchFubini2::nocarrymma: Carry -> True has no effect on the HyperIntica/Mathematica LR engines (no carry tier); proceeding with strict FindRoots semantics."
"From remote kernel:"
"\">> \"\"Time taken to find the linear orderings:\"\" \"\"0.0s\"\n"
"From remote kernel:"
"ParallelEvaluate::subnopar: Parallel programming is not available in subkernels of another parallel computation."
"From remote kernel:"
"\">> \"\"Time taken to set up the kernels:\"\" \"\"< 0.01s\"\n"
"From remote kernel:"
"DistributeDefinitions::subnopar: Parallel programming is not available in subkernels of another parallel computation."
"From remote kernel:"
"ParallelMap::subpar: Parallel computations cannot be nested; proceeding with sequential evaluation."
"From remote kernel:"
"\">> \"\"Time taken to integrate:\"\" \"\"0.1s\"\n"
"From remote kernel:"
"ParallelEvaluate::subnopar: Parallel programming is not available in subkernels of another parallel computation."
"From remote kernel:"
"\">> \"\"Overall timing:\"\" \"\"1.4s\"\n"
"From remote kernel:"
"\"SUBTROPICA_PARENT_ACCEPTED \"\"P2_0110\"\n"
polymake: used package cdd
  cddlib
  Implementation of the double description method of Motzkin et al.
  Copyright by Komei Fukuda.
  http://www-oldurls.inf.ethz.ch/personal/fukudak/cdd_home/

polymake: used package ppl
  The Parma Polyhedra Library ([[wiki:external_software#PPL]]): A C++ library for convex polyhedra
  and other numerical abstractions.
  http://www.cs.unipr.it/ppl/

"From remote kernel:"
"\">> \"\"Time taken to set up the integrands and directories:\"\" \"\"3.3s\"\n"
"From remote kernel:"
"\"All integrands saved to: \"\"s13_all_integrands.wl\"\n"
"From remote kernel:"
"stDispatchFubini2::nocarrymma: Carry -> True has no effect on the HyperIntica/Mathematica LR engines (no carry tier); proceeding with strict FindRoots semantics."
"From remote kernel:"
"\">> \"\"Time taken to find the linear orderings:\"\" \"\"0.4s\"\n"
"From remote kernel:"
"ParallelEvaluate::subnopar: Parallel programming is not available in subkernels of another parallel computation."
"From remote kernel:"
"\">> \"\"Time taken to set up the kernels:\"\" \"\"< 0.01s\"\n"
"From remote kernel:"
"DistributeDefinitions::subnopar: Parallel programming is not available in subkernels of another parallel computation."
"From remote kernel:"
"ParallelMap::subpar: Parallel computations cannot be nested; proceeding with sequential evaluation."
"From remote kernel:"
"\">> \"\"Time taken to integrate:\"\" \"\"0.9s\"\n"
"From remote kernel:"
"ParallelEvaluate::subnopar: Parallel programming is not available in subkernels of another parallel computation."
"From remote kernel:"
"\">> \"\"Overall timing:\"\" \"\"5.2s\"\n"
"From remote kernel:"
"\"SUBTROPICA_PARENT_ACCEPTED \"\"P4_0001001001011010\"\n"
"S13_SUCCESS: "2" virtual master parent integrals evaluated by SubTropica."
MONITOR_WAKE {"stage": "s13", "source": "s13_evaluate_virtual_masters.wl", "source_sha256": "8e3674c9feee48a291a577ce8c0e25c5db2f68084fb032bf7cc05301a666e999", "job_id": "14692929", "host": "n7439", "exit_code": 0, "success_marker": true, "accepted_execution": true, "guard": null, "peak_rss_bytes": 1263591424, "elapsed_seconds": 23.210666693747044, "completed_utc": "2026-09-07T12:15:45.994488+00:00"}
