"PASS: ""authorized local finite assembly"
"PASS: ""complete source syntax"
"PASS: ""known assembly channel"
"PASS: ""pinned original final assembly"
"PASS: ""required input common/s02_result/s02_result.wl"
"PASS: ""required input common/s06_result/s06_result.wl"
"PASS: ""accepted spin basis and scalar library"
"PASS: ""s02 pinned library geometry"
"PASS: ""s08 pinned library geometry"
"PASS: ""required input misc/s11_result/s11_result.wl"
"PASS: ""actual accepted local integrated input"
"PASS: ""required input Hgg/s05_result/s05_result.wl"
"PASS: ""own native-subtraction assembly"
"PASS: ""required input Hgg/s11_native_result/s11_result.wl"
"PASS: ""bound accepted native subtraction"
"PASS: ""accepted integrated real tensor"
"PASS: ""accepted real tensor and subtraction"
"PASS: ""same physical spin and photon bases"
"PASS: ""matching explicit regulator scheme"
"PASS: ""pinned Hgg/s14_result/reference/phase_input.json"
"PASS: ""pinned Hgg/s11_result/reference/github_s09_result_s09_result.wl"
"PASS: ""pinned Hgg/s14_result/reference/unpolarized_F1_hat.wl"
"PASS: ""pinned Hgg/s14_result/reference/unpolarized_F2_hat.wl"
"PASS: ""reference hat symbols match inherited conventions"
"PASS: ""original projectors fully resolved"
"PASS: ""linear original scalar projectors"
"PASS: ""released spin tensor preserves exact frame"
"S14_INPUT_RELEASE "InputForm[<|"TensorBytes" -> 8515568, "MemoryBefore" -> 1005282936, "MemoryAfter" -> 997986056|>]
"PASS: ""incoming vector reconstructed in photon frame"
"PASS: ""original hat weights are independent of recoil and branch"
"PASS: ""small counterterm normalization"
"PASS: ""required input Hgg/s01_result/reference/s01_result/s01_inputs/s01_result/real.wl"
"PASS: ""generated fields match momenta"
"PASS: ""one tagged momentum"
"PASS: ""one small-channel sector"
"PASS: ""spectator weight matches contracted tensor"
"PASS: ""original small-channel phase normalization"
"PASS: ""real and subtraction coupling degrees match"
"PASS: ""no mixed color symbol contexts"
"PASS: ""unique integrated physical components"
"PASS: ""accepted reference phase implementation"
"PASS: ""unique original finite export"
"PASS: ""original finite assembly tail syntax"
"PASS: ""unique finite native export"
"PASS: ""unchanged finite assembly with compact storage"
"PASS: ""complete compact finite assembly syntax"
"PASS: ""unique native Hgg finite export"
"PASS: ""all original final Hgg gates retained"
"PASS: ""genuine accepted original finite control"
"PASS: ""exact original phase capture and native input identity"
"PASS: ""pinned original Laurent implementation"
"PASS: ""unique complete Laurent definition"
"PASS: ""unique regulator expansion change"
"PASS: ""entire original Laurent algorithm retained"
"PASS: ""integer finite Laurent support"
"PASS: ""complete Laurent polynomial"
"PASS: ""regulator-independent Laurent coefficients"
"PASS: ""exact Laurent polynomial reconstruction"
"PASS: ""phase kernel has no truncated input series"
"PASS: ""reference phase product evaluated"
"PASS: ""own phase Laurent monomial equals original series {-1, 0}"
"PASS: ""own phase Laurent monomial equals original series {0, 0}"
"REGULATOR_PHASE_CANDIDATE ""Own"" seconds "2.23863" coefficient_bytes "5014768" original_phase_bytes "50236768" candidate_bytes "5016832
"REGULATOR_PHASE_CANDIDATE ""Actual"" seconds "17.248678" coefficient_bytes "10436656" original_phase_bytes "1257660384" candidate_bytes "10438720
"PASS: ""complete original phase exactly reconstructed Own"
"REGULATOR_PHASE_RECONSTRUCTION ""Own"" seconds "3.093501
"PASS: ""complete original phase exactly reconstructed Actual"
"REGULATOR_PHASE_RECONSTRUCTION ""Actual"" seconds "98.148611
"POLE_ASSEMBLY "{{1, 1, 1}, 1, "Regular"}
"PASS: ""finite symbolic input parts"
"PASS: ""evaluated Laurent polynomial"
"PASS: ""{{1, 1, 1}, 1, \"Regular\"} pole -1"
"PASS: ""finite evaluated tensor"
"PASS: ""complete accepted finite value reconstructed Own"
"REGULATOR_FINITE_ACCEPTED ""Own"" seconds "7.409756" finite_bytes "5022064
"POLE_ASSEMBLY "{{4, 1, 1}, 1, "Regular"}
"PASS: ""{{4, 1, 1}, 1, \"Regular\"} pole -1"
"PASS: ""complete accepted finite value reconstructed Actual"
"REGULATOR_FINITE_ACCEPTED ""Actual"" seconds "191.662074" finite_bytes "10475800
"PASS: ""bounded exact phase proof"
"PASS: ""exact phase proof reload"
"PASS: regulator-only Hgg phase product validated"
