
file::shdw: Symbol file appears in multiple contexts {FeynCalc`, Global`}; definitions in context FeynCalc` may shadow or be shadowed by other definitions.
"PASS: ""accepted input misc/s31_result/s31_result.wl"
"PASS: ""unchanged accepted exact factorization helper"
"PASS: ""accepted input misc/s30_result/s30_result.wl"
"PASS: ""accepted input misc/s23_result/s23_result.wl"
"PASS: ""exact captured coefficient map"
"PASS: ""accepted input misc/s10_result/s10_result.wl"
"PASS: ""accepted exact polynomial backend retained"
"PASS: ""raw scalar ratio exactly reconstructs"
"PASS: ""unassigned algebraic input generators"
"PASS: ""algebraic generators preserve the exact input"
"PASS: ""complete rational polynomial support"
"PASS: ""unassigned polynomial transfer generators"
"PASS: ""complete polynomial transfer text reconstructs"
"PASS: ""complete polynomial transfer text reconstructs"
"PASS: ""exact native polynomial JSON transfer"
"RECOIL_POLYNOMIAL_BACKEND_START input_bytes "537088" transfer_bytes "31119
"EXACT_POLYNOMIAL_SUM recoil_derivative 1 1 0.003\nPASS: exact recoil derivative polynomial sum\n"
""
"PASS: ""exact polynomial normalization completed"
"PASS: ""complete normalization backend identity"
"PASS: ""exact existing cancellation gates passed"
"PASS: ""complete physical scalar reconstruction"
"PASS: ""bounded normalized scalar cache"
"PASS: ""exact normalized scalar reload"
"RECOIL_POLYNOMIAL_ACCEPTED seconds "1.308435`6.5682971462705035" input_bytes "537088" output_bytes "108296" backend_seconds "0.009480510001594666
"PASS: ""entire own reference coefficient reproduced"
"PASS: ""accepted exact polynomial backend retained"
"PASS: ""raw scalar ratio exactly reconstructs"
"PASS: ""unassigned algebraic input generators"
"PASS: ""algebraic generators preserve the exact input"
"PASS: ""complete rational polynomial support"
"PASS: ""unassigned polynomial transfer generators"
"PASS: ""complete polynomial transfer text reconstructs"
"PASS: ""complete polynomial transfer text reconstructs"
"PASS: ""exact native polynomial JSON transfer"
"RECOIL_POLYNOMIAL_BACKEND_START input_bytes "26901064" transfer_bytes "1696088
"EXACT_POLYNOMIAL_SUM recoil_derivative 1 1 0.094\nPASS: exact recoil derivative polynomial sum\n"
""
"PASS: ""exact polynomial normalization completed"
"PASS: ""complete normalization backend identity"
"PASS: ""exact existing cancellation gates passed"
"PASS: ""complete physical scalar reconstruction"
"PASS: ""bounded normalized scalar cache"
"PASS: ""exact normalized scalar reload"
"RECOIL_POLYNOMIAL_ACCEPTED seconds "11.376757`7.507563475438697" input_bytes "26901064" output_bytes "6190832" backend_seconds "0.4083145459953812
"PASS: ""entire actual reference coefficient reproduced"
"PASS: ""derivative helper and cache namespace restored"
"PASS: ""bounded complete coefficient proof"
"PASS: ""exact coefficient proof reload"
"PASS: exact Hgg recoil coefficient factorization validated"
