"PASS: ""compute allocation"
"PASS: ""isolated runtime"

FCSetDiracGammaScheme::shdw: Symbol FCSetDiracGammaScheme appears in multiple contexts {FeynCalc`, Global`}; definitions in context FeynCalc` may shadow or be shadowed by other definitions.

Explicit::shdw: Symbol Explicit appears in multiple contexts {FeynCalc`, Global`}; definitions in context FeynCalc` may shadow or be shadowed by other definitions.

FCI::shdw: Symbol FCI appears in multiple contexts {FeynCalc`, Global`}; definitions in context FeynCalc` may shadow or be shadowed by other definitions.

DiracGamma::shdw: Symbol DiracGamma appears in multiple contexts {FeynCalc`, Global`}; definitions in context FeynCalc` may shadow or be shadowed by other definitions.

Eps::shdw: Symbol Eps appears in multiple contexts {FeynCalc`, Global`}; definitions in context FeynCalc` may shadow or be shadowed by other definitions.

FV::shdw: Symbol FV appears in multiple contexts {FeynCalc`, Global`}; definitions in context FeynCalc` may shadow or be shadowed by other definitions.

LorentzIndex::shdw: Symbol LorentzIndex appears in multiple contexts {FeynCalc`, Global`}; definitions in context FeynCalc` may shadow or be shadowed by other definitions.

Momentum::shdw: Symbol Momentum appears in multiple contexts {FeynCalc`, Global`}; definitions in context FeynCalc` may shadow or be shadowed by other definitions.

Nf::shdw: Symbol Nf appears in multiple contexts {FeynCalc`, Global`}; definitions in context FeynCalc` may shadow or be shadowed by other definitions.

Polarization::shdw: Symbol Polarization appears in multiple contexts {FeynCalc`, Global`}; definitions in context FeynCalc` may shadow or be shadowed by other definitions.

SP::shdw: Symbol SP appears in multiple contexts {FeynCalc`, Global`}; definitions in context FeynCalc` may shadow or be shadowed by other definitions.

Spinor::shdw: Symbol Spinor appears in multiple contexts {FeynCalc`, Global`}; definitions in context FeynCalc` may shadow or be shadowed by other definitions.

SpinorU::shdw: Symbol SpinorU appears in multiple contexts {FeynCalc`, Global`}; definitions in context FeynCalc` may shadow or be shadowed by other definitions.

SpinorUBar::shdw: Symbol SpinorUBar appears in multiple contexts {FeynCalc`, Global`}; definitions in context FeynCalc` may shadow or be shadowed by other definitions.

SpinorV::shdw: Symbol SpinorV appears in multiple contexts {FeynCalc`, Global`}; definitions in context FeynCalc` may shadow or be shadowed by other definitions.

SpinorVBar::shdw: Symbol SpinorVBar appears in multiple contexts {FeynCalc`, Global`}; definitions in context FeynCalc` may shadow or be shadowed by other definitions.

CouplingConstant::shdw: Symbol CouplingConstant appears in multiple contexts {FeynCalc`, Global`}; definitions in context FeynCalc` may shadow or be shadowed by other definitions.

Dimension::shdw: Symbol Dimension appears in multiple contexts {FeynCalc`, Global`}; definitions in context FeynCalc` may shadow or be shadowed by other definitions.

DiracTraceEvaluate::shdw: Symbol DiracTraceEvaluate appears in multiple contexts {FeynCalc`, Global`}; definitions in context FeynCalc` may shadow or be shadowed by other definitions.

DotSimplify::shdw: Symbol DotSimplify appears in multiple contexts {FeynCalc`, Global`}; definitions in context FeynCalc` may shadow or be shadowed by other definitions.

FCTraceFactor::shdw: Symbol FCTraceFactor appears in multiple contexts {FeynCalc`, Global`}; definitions in context FeynCalc` may shadow or be shadowed by other definitions.

ChangeDimension::shdw: Symbol ChangeDimension appears in multiple contexts {FeynCalc`, Global`}; definitions in context FeynCalc` may shadow or be shadowed by other definitions.

Contract::shdw: Symbol Contract appears in multiple contexts {FeynCalc`, Global`}; definitions in context FeynCalc` may shadow or be shadowed by other definitions.

EpsEvaluate::shdw: Symbol EpsEvaluate appears in multiple contexts {FeynCalc`, Global`}; definitions in context FeynCalc` may shadow or be shadowed by other definitions.

ExpandScalarProduct::shdw: Symbol ExpandScalarProduct appears in multiple contexts {FeynCalc`, Global`}; definitions in context FeynCalc` may shadow or be shadowed by other definitions.

FCClearScalarProducts::shdw: Symbol FCClearScalarProducts appears in multiple contexts {FeynCalc`, Global`}; definitions in context FeynCalc` may shadow or be shadowed by other definitions.

FCRenameDummyIndices::shdw: Symbol FCRenameDummyIndices appears in multiple contexts {FeynCalc`, Global`}; definitions in context FeynCalc` may shadow or be shadowed by other definitions.

DiracSimplify::shdw: Symbol DiracSimplify appears in multiple contexts {FeynCalc`, Global`}; definitions in context FeynCalc` may shadow or be shadowed by other definitions.

ComplexConjugate::shdw: Symbol ComplexConjugate appears in multiple contexts {FeynCalc`, Global`}; definitions in context FeynCalc` may shadow or be shadowed by other definitions.

FermionSpinSum::shdw: Symbol FermionSpinSum appears in multiple contexts {FeynCalc`, Global`}; definitions in context FeynCalc` may shadow or be shadowed by other definitions.

GluonVertex::shdw: Symbol GluonVertex appears in multiple contexts {FeynCalc`, Global`}; definitions in context FeynCalc` may shadow or be shadowed by other definitions.

QuarkGluonVertex::shdw: Symbol QuarkGluonVertex appears in multiple contexts {FeynCalc`, Global`}; definitions in context FeynCalc` may shadow or be shadowed by other definitions.

SplittingFunction::shdw: Symbol SplittingFunction appears in multiple contexts {FeynCalc`, Global`}; definitions in context FeynCalc` may shadow or be shadowed by other definitions.
"PASS: ""complete source syntax"
"PASS: ""pinned reference common/s10_result/reference/s08_collinear_subtraction.wl"
"PASS: ""pinned reference common/s10_result/reference/s08_result.wl"
"PASS: ""reference subtraction source identity"
"PASS: ""reference Born identity"
"PASS: ""accepted spin projectors"
"PASS: ""endpoint spin identity"
"PASS: ""reference kernel normalization Pqq"
"PASS: ""reference kernel normalization Pqg"
"PASS: ""reference kernel normalization Pgq"
"PASS: ""reference kernel normalization Pgg"
"PASS: ""native helicity kernels evaluated"
"PASS: ""unique collinear frame"
"PASS: ""collinear frame reconstructs"
"PASS: ""positive parent virtuality"
"PASS: ""unique lightlike parent projection"
"PASS: ""reference lightlike parent"
"PASS: ""daughter transverse axes"

Limit::alimv: Warning: Assumptions that involve the limit variable are ignored.
"PASS: ""spin axes approach the inherited collinear axes"
"PASS: ""native QCD vertices evaluated"
"PASS: ""opposite unresolved transverse directions"
"PASS: ""dimensional daughter mass shells"
"PASS: ""dimensional parent virtuality"
"PASS: ""own channel"
"PASS: ""accepted physical splitting calculation"
"PASS: ""unchanged S10 input common/s10_inputs.json"
"PASS: ""unchanged S10 input common/s10_result/reference/s08_result.wl"
"PASS: ""unchanged S10 input common/s10_result/reference/s08_collinear_subtraction.wl"
"PASS: ""unchanged S10 input common/s02_result/s02_result.wl"
"PASS: ""unchanged S10 input Hqq/s01_result/reference/s01_result/s01_inputs/s02_result.wl"
"PASS: ""unchanged native vertex SplittingFunction.m"
"PASS: ""unchanged native vertex QuarkGluonVertex.m"
"PASS: ""unchanged native vertex GluonVertex.m"
"PASS: ""same accepted native runtime"
"PASS: ""native Gram matrices evaluated"
"PASS: ""p exact projector dual"
"PASS: ""p inherited physical projector normalization"
"PASS: ""p orthogonal dimensional complement"
"PASS: ""k1 exact projector dual"
"PASS: ""k1 inherited physical projector normalization"
"PASS: ""k1 orthogonal dimensional complement"
"PASS: ""normalized full transverse angular measure"
"PASS: ""native second moment agrees with dimensional transverse average"
"PASS: ""complete qg entry syntax"
"PASS: ""complete native quark spin closure"
"PASS: ""exact scalar dimensional qg response"
"PASS: ""complete dimensional qg spin reconstruction"
"QUARK_GLUON_TRANSFER_COMPONENT "1" "1
"PASS: ""inherited qg azimuth-independent denominator"
"PASS: ""polynomial unresolved angular numerator"
"PASS: ""exact unresolved angular reconstruction"

Limit::alimv: Warning: Assumptions that involve the limit variable are ignored.
"QUARK_GLUON_TRANSFER_COMPONENT "1" "2

Limit::alimv: Warning: Assumptions that involve the limit variable are ignored.

General::stop: Further output of Limit::alimv will be suppressed during this calculation.
"QUARK_GLUON_TRANSFER_COMPONENT "1" "3
"QUARK_GLUON_TRANSFER_COMPONENT "1" "4
"QUARK_GLUON_TRANSFER_COMPONENT "2" "1
"QUARK_GLUON_TRANSFER_COMPONENT "2" "2
"QUARK_GLUON_TRANSFER_COMPONENT "2" "3
"QUARK_GLUON_TRANSFER_COMPONENT "2" "4
"QUARK_GLUON_TRANSFER_COMPONENT "3" "1
"QUARK_GLUON_TRANSFER_COMPONENT "3" "2
"QUARK_GLUON_TRANSFER_COMPONENT "3" "3
"QUARK_GLUON_TRANSFER_COMPONENT "3" "4
"QUARK_GLUON_TRANSFER_COMPONENT "4" "1
"QUARK_GLUON_TRANSFER_COMPONENT "4" "2
"QUARK_GLUON_TRANSFER_COMPONENT "4" "3
"QUARK_GLUON_TRANSFER_COMPONENT "4" "4
"QUARK_GLUON_TRANSFER_COMPONENT "5" "1
"QUARK_GLUON_TRANSFER_COMPONENT "5" "2
"QUARK_GLUON_TRANSFER_COMPONENT "5" "3
"QUARK_GLUON_TRANSFER_COMPONENT "5" "4
"PASS: ""evaluated dimensional qg collinear response"
"PASS: ""same reference-derived qg normalization"
"PASS: ""all physical qg spin entries reproduce accepted S10"
"PASS: ""extra gluon response has zero physical limit"
"PASS: ""CDR qg physical limit preserves all spin components"
"PASS: ""native qg MS operator reconstruction"
"PASS: ""qg MS change has zero physical limit"
"PASS: ""qg MS change has no soft endpoint"
"NATIVE_QG_DIMENSIONAL_MATRIX "InputForm[{{((-1 + SUNN)*(1 + SUNN)*(4 - 4*z - 2*z^2 + D*z^2))/((-2 + D)*SUNN*z), 0, 0, 0}, {0, 0, 0, 0}, {0, 0, 0, 0}, {0, 0, 0, ((-1 + SUNN)*(1 + SUNN)*(4 - 6*z + D*z))/((-2 + D)*SUNN)}, {((-4 + D)*(-1 + SUNN)*(1 + SUNN)*(4 - 4*z - 2*z^2 + D*z^2))/(2*(-2 + D)*SUNN*z), 0, 0, 0}}]
"NATIVE_QG_CDR_MATRIX "InputForm[{{((-1 + SUNN)*(1 + SUNN)*(4 - 4*z - 2*z^2 + D*z^2))/(2*SUNN*z), 0, 0, 0}, {0, 0, 0, 0}, {0, 0, 0, 0}, {0, 0, 0, ((-1 + SUNN)*(1 + SUNN)*(4 - 6*z + D*z))/((-2 + D)*SUNN)}}]
"NATIVE_QG_MS_DIFFERENCE "InputForm[{{-1/2*((-4 + D)*(-1 + SUNN)*(1 + SUNN)*(4 - 4*z - 2*z^2 + D*z^2))/((-2 + D)*SUNN*z), 0, 0, 0}, {0, 0, 0, 0}, {0, 0, 0, 0}, {0, 0, 0, 0}}]
"PASS: ""bounded qg native export"
"PASS: ""exact qg native result reload"
"PASS: s10_dimensional_quark_gluon_transfer"
