
$LeviCivitaSign::shdw: Symbol $LeviCivitaSign appears in multiple contexts {FeynCalc`, Global`}; definitions in context FeynCalc` may shadow or be shadowed by other definitions.

FCSetDiracGammaScheme::shdw: Symbol FCSetDiracGammaScheme appears in multiple contexts {FeynCalc`, Global`}; definitions in context FeynCalc` may shadow or be shadowed by other definitions.

FCI::shdw: Symbol FCI appears in multiple contexts {FeynCalc`, Global`}; definitions in context FeynCalc` may shadow or be shadowed by other definitions.

DiracGamma::shdw: Symbol DiracGamma appears in multiple contexts {FeynCalc`, Global`}; definitions in context FeynCalc` may shadow or be shadowed by other definitions.

Eps::shdw: Symbol Eps appears in multiple contexts {FeynCalc`, Global`}; definitions in context FeynCalc` may shadow or be shadowed by other definitions.

FeynAmpDenominator::shdw: Symbol FeynAmpDenominator appears in multiple contexts {FeynCalc`, Global`}; definitions in context FeynCalc` may shadow or be shadowed by other definitions.

LorentzIndex::shdw: Symbol LorentzIndex appears in multiple contexts {FeynCalc`, Global`}; definitions in context FeynCalc` may shadow or be shadowed by other definitions.

Momentum::shdw: Symbol Momentum appears in multiple contexts {FeynCalc`, Global`}; definitions in context FeynCalc` may shadow or be shadowed by other definitions.

Pair::shdw: Symbol Pair appears in multiple contexts {FeynCalc`, Global`}; definitions in context FeynCalc` may shadow or be shadowed by other definitions.

Polarization::shdw: Symbol Polarization appears in multiple contexts {FeynCalc`, Global`}; definitions in context FeynCalc` may shadow or be shadowed by other definitions.

SP::shdw: Symbol SP appears in multiple contexts {FeynCalc`, Global`}; definitions in context FeynCalc` may shadow or be shadowed by other definitions.

SPD::shdw: Symbol SPD appears in multiple contexts {FeynCalc`, Global`}; definitions in context FeynCalc` may shadow or be shadowed by other definitions.

SPE::shdw: Symbol SPE appears in multiple contexts {FeynCalc`, Global`}; definitions in context FeynCalc` may shadow or be shadowed by other definitions.

Spinor::shdw: Symbol Spinor appears in multiple contexts {FeynCalc`, Global`}; definitions in context FeynCalc` may shadow or be shadowed by other definitions.

SUNDelta::shdw: Symbol SUNDelta appears in multiple contexts {FeynCalc`, Global`}; definitions in context FeynCalc` may shadow or be shadowed by other definitions.

SUNFDelta::shdw: Symbol SUNFDelta appears in multiple contexts {FeynCalc`, Global`}; definitions in context FeynCalc` may shadow or be shadowed by other definitions.

SUNF::shdw: Symbol SUNF appears in multiple contexts {FeynCalc`, Global`}; definitions in context FeynCalc` may shadow or be shadowed by other definitions.

SUNN::shdw: Symbol SUNN appears in multiple contexts {FeynCalc`, Global`}; definitions in context FeynCalc` may shadow or be shadowed by other definitions.

SUNTF::shdw: Symbol SUNTF appears in multiple contexts {FeynCalc`, Global`}; definitions in context FeynCalc` may shadow or be shadowed by other definitions.

Contract::shdw: Symbol Contract appears in multiple contexts {FeynCalc`, Global`}; definitions in context FeynCalc` may shadow or be shadowed by other definitions.

EpsEvaluate::shdw: Symbol EpsEvaluate appears in multiple contexts {FeynCalc`, Global`}; definitions in context FeynCalc` may shadow or be shadowed by other definitions.

ExpandScalarProduct::shdw: Symbol ExpandScalarProduct appears in multiple contexts {FeynCalc`, Global`}; definitions in context FeynCalc` may shadow or be shadowed by other definitions.

FCClearScalarProducts::shdw: Symbol FCClearScalarProducts appears in multiple contexts {FeynCalc`, Global`}; definitions in context FeynCalc` may shadow or be shadowed by other definitions.

DiracTrace::shdw: Symbol DiracTrace appears in multiple contexts {FeynCalc`, Global`}; definitions in context FeynCalc` may shadow or be shadowed by other definitions.

SUNTrace::shdw: Symbol SUNTrace appears in multiple contexts {FeynCalc`, Global`}; definitions in context FeynCalc` may shadow or be shadowed by other definitions.

FeynAmpDenominatorExplicit::shdw: Symbol FeynAmpDenominatorExplicit appears in multiple contexts {FeynCalc`, Global`}; definitions in context FeynCalc` may shadow or be shadowed by other definitions.
"PASS: ""compute allocation"
"PASS: ""isolated runtime"
"PASS: ""complete source syntax"
"PASS: ""integer real operation time limit"
"PASS: ""bounded real operation time limit"
"REAL_RESOURCE_LIMIT_SECONDS "1800
"PASS: ""integer real operation memory limit"
"PASS: ""bounded real operation memory limit"
"REAL_RESOURCE_LIMIT_BYTES "4294967296
"PASS: ""known channel"
"PASS: ""pinned input Hqg/s01_result/reference/s01_result/s01_inputs/s04_result.wl"
"PASS: ""pinned input Hqg/s05_result/reference/unpolarized_real.wl"
"PASS: ""accepted spin basis"
"PASS: ""accepted angular moments"
"PASS: ""real longitudinal frame linear"
"PASS: ""real longitudinal frame nonsingular"
"PASS: ""real longitudinal frame reconstructs"
"PASS: ""real energy linear"
"PASS: ""real energy nonsingular"
"PASS: ""real energy reconstructs"
"PASS: ""real transverse coordinate linear"
"PASS: ""real transverse coordinate nonsingular"
"PASS: ""real transverse coordinate reconstructs"
"PASS: ""real frame invariants"
"PASS: ""positive measured transverse momentum"
"PASS: ""unconditional exact algebra"
"PASS: ""transverse rational function"
"PASS: ""rationalized transverse denominator"
"PASS: ""polynomial division reconstruction"
"PASS: ""complete rational reconstruction on shell"
"PASS: ""measured spin axes"
"PASS: ""denominator Bezout reconstruction"
"PASS: ""invertible transverse denominator"
"PASS: ""unresolved physical projections"
"PASS: ""evanescent on-shell norm linear"
"PASS: ""evanescent on-shell norm nonsingular"
"PASS: ""evanescent on-shell norm reconstructs"
"PASS: ""inherited cut radius"
"PASS: ""one remaining physical normal coordinate"
"PASS: ""positive-energy support independent of normal angle"
"PASS: ""compact real dimensional scalar identities"
"PASS: ""incoming photon-basis projection"
"PASS: ""accepted compact calculation source"
"PASS: ""single reviewed real photon interface change"
"PASS: ""unchanged complete scalar and frame routines"
"PASS: ""single accepted pair-completion interface"
"PASS: ""unchanged complete pair contractions"
"PASS: ""pinned input Hqg/s01_result/reference/s01_result/s01_inputs/s04_diagrams.wl"
"PASS: ""pinned input Hqq/s01_result/reference/s01_result/s01_inputs/s02_result.wl"
"PASS: ""reviewed previous source s05_real_spin_response_before_compact_products.wls"
"PASS: ""reviewed previous source s05_real_spin_response_before_coupling_inventory.wls"
"PASS: ""reviewed previous source s05_real_spin_response_before_worker_initialization.wls"
"PASS: ""reviewed previous source s05_real_spin_response_before_coefficient_reduction.wls"
"PASS: ""reviewed previous source s05_real_spin_response_before_projection.wls"
"PASS: ""compact real comparison exists"
"PASS: ""compact real comparison accepted"
"PASS: ""pinned pre-interface real source"
"PASS: ""accepted real coordinate and photon interfaces"
"PASS: ""real interface comparison shares physical inputs"
"PASS: ""executed coordinate conversion code"
"PASS: ""unique reference coordinate conversion"
"PASS: ""all reference scalar products reconstruct"
"PASS: ""accepted spin extraction and linear sum comparison"
"PASS: ""spin extraction comparison source binding"
"PASS: ""spin extraction comparison shares physical inputs"
"PASS: ""executed compact extraction definition"
"PASS: ""executed linear assembly definition"
"PASS: ""pinned accepted reconstruction dispatch source"
"PASS: ""unchanged exact spin reconstruction and checkpoint contract"
"PASS: ""accepted complete spin dispatch comparison"
"PASS: ""accepted complete scalar-restoration comparison"
"PASS: ""scalar-restoration comparison shares physical conventions"
"PASS: ""unchanged scalar-restoration starting definitions"
"PASS: ""exact accepted scalar-restoration definitions installed"
"PASS: ""pinned complete pair-assembly proof"
"PASS: ""pinned pair-assembly baseline"
"PASS: ""accepted complete pair-assembly comparison"
"PASS: ""pair-assembly comparison shares physical conventions"
"PASS: ""exact accepted pair-assembly definitions installed"
"PASS: ""own channel and scalar interfaces"
"PASS: ""one real comparison sector"
"PASS: ""unchanged pair initialization syntax"
"PASS: ""Real generated process fields"
"PASS: ""Real generated momentum-field correspondence"
"PASS: ""Real unique coupling degree"
"PASS: ""Real tree coupling reconstruction"
"PASS: ""Real uniform native spinor dimension"
"SCALAR_OPERATION_BEGIN ""restore defining scalar products"
"SCALAR_OPERATION_END ""restore defining scalar products"" seconds "0.000035" bytes "72
"SCALAR_OPERATION_BEGIN ""on-shell reduction of restored coefficient"
"SCALAR_OPERATION_END ""on-shell reduction of restored coefficient"" seconds "0.001761" bytes "72
"PASS: ""all compact scalar products restored"
"PASS: ""fully scalar real contraction"
"PASS: ""denominators independent of normal angle"
"PASS: ""polynomial angular numerator"
"PASS: ""angular numerator reconstruction"
"PASS: ""evaluated angular moment"
"SCALAR_OPERATION_BEGIN ""restore defining scalar products"
"SCALAR_OPERATION_END ""restore defining scalar products"" seconds "0.000015" bytes "72
"SCALAR_OPERATION_BEGIN ""on-shell reduction of restored coefficient"
"SCALAR_OPERATION_END ""on-shell reduction of restored coefficient"" seconds "0.001675" bytes "72
"PASS: ""native physical photon projection interface"
"PASS: ""one restored scalar evaluation boundary"
"PASS: ""only restored coefficient angular ordering changed"
"PASS: ""original scalar angular coordinate and reduction equations unchanged"
"PASS: ""pinned recorded scalar 058a31743ea87e18a344732def0a7d35a06a0fd819a2e1e31f8ef64c86c64ef3"
"PASS: ""actual recorded input and native conventions"
"RECORDED_ANGULAR_INPUT ""4910bcdf373d6b87e9287aebb768490804815ee148b48b7e6722b0de3948a0f9"
"PASS: ""angular variable independent of transverse constraint"
"PASS: ""restored coefficient polynomial in angular variable"
"PASS: ""all explicit denominators independent of angular variable"
"PASS: ""selective angular expansion reconstructs entire input"
"PASS: ""nonnegative integral angular powers"
"PASS: ""every complete angular term reconstructed"
"PASS: ""angular coefficients independent of angular variable"
"PASS: ""every used moment matches original angular operator"
"PASS: ""early angular average removes angular variable"
"EARLY_ANGULAR_AVERAGE "InputForm[<|"InputHash" -> 26309589345507505303853017704559301371880654736584668053991330217576426152377, "InputBytes" -> 2722472, "ExpandedBytes" -> 2722472, "AveragedBytes" -> 16, "Powers" -> {1, 3}, "TermCount" -> 411, "MomentCount" -> 2, "AveragingSeconds" -> 0.185363, "AverageIsZero" -> True, "ExactReconstruction" -> True|>]
"PASS: ""comparison output file bound"
"PASS: ""comparison exact native reload"
"RECORDED_ANGULAR_REDUCTION "InputForm[<|"ArgumentHash" -> 33048411045813646682876992653751052544725756961320192870120042944347983356153, "RecordHash" -> 2505730457379231010154275421928320746187209391305046018723914002146366213875, "Seconds" -> 0.698342, "OutputBytes" -> 16, "AngularAveraged" -> True|>]
"PASS: ""pinned recorded scalar 5fdddb65179a340670f87a397b7d4d23917e08b33c80469ddfb0d9cd478e5c08"
"RECORDED_ANGULAR_INPUT ""90019a5b7b789436d04aeb3ea3eb52dfb59ab1f0da21041a414634161ede8608"
"EARLY_ANGULAR_AVERAGE "InputForm[<|"InputHash" -> 93985802907062298798423489861289493954989568142245857339365231077510255951959, "InputBytes" -> 16328288, "ExpandedBytes" -> 19276640, "AveragedBytes" -> 22981104, "Powers" -> {2, 4, 0}, "TermCount" -> 2018, "MomentCount" -> 3, "AveragingSeconds" -> 1.750004, "AverageIsZero" -> False, "ExactReconstruction" -> True|>]
"PASS: ""pinned own pre-average scalar control"
"PASS: ""same scalar argument for angular ordering comparison"
"PASS: ""complete own scalar average reproduced"
"RECORDED_ANGULAR_REDUCTION "InputForm[<|"ArgumentHash" -> 65135882378350705950473283785904562193096516246018899484388649524594126784008, "RecordHash" -> 43361708024616508583032396464868644205590043929985760686597978617775148391432, "Seconds" -> 679.722987, "OutputBytes" -> 4475936, "AngularAveraged" -> True|>]
"PASS: ""pinned trace control"
"PASS: ""pinned accepted projection control"
"PASS: ""same native projection inputs control"
"ANGULAR_PROJECTION_BEGIN ""control"
"PASS: ""scalar spin variables have declared axes"
"PASS: ""distinct spin polynomial variables"
"PASS: ""polynomial photon spin dependence"
"PASS: ""complete scalar spin coefficient inventory"
"PASS: ""exact derivative scalar spin decomposition"
"COMPACT_SCALAR_SPIN input_bytes "7855032" coefficient_bytes "7761696
"SCALAR_OPERATION_BEGIN ""restore defining scalar products"
"SCALAR_OPERATION_END ""restore defining scalar products"" seconds "0.065698" bytes "6793728
"SCALAR_OPERATION_BEGIN ""on-shell reduction of restored coefficient"
"EARLY_ANGULAR_AVERAGE "InputForm[<|"InputHash" -> 50311668556193547918400635905529917507667696555808656292732602611787280489837, "InputBytes" -> 6793728, "ExpandedBytes" -> 6793728, "AveragedBytes" -> 7677888, "Powers" -> {2, 0}, "TermCount" -> 912, "MomentCount" -> 2, "AveragingSeconds" -> 0.348258, "AverageIsZero" -> False, "ExactReconstruction" -> True|>]
"SCALAR_OPERATION_END ""on-shell reduction of restored coefficient"" seconds "231.717966" bytes "1943992
"SCALAR_OPERATION_BEGIN ""restore defining scalar products"
"SCALAR_OPERATION_END ""restore defining scalar products"" seconds "0.000054" bytes "16
"SCALAR_OPERATION_BEGIN ""on-shell reduction of restored coefficient"
"SCALAR_OPERATION_END ""on-shell reduction of restored coefficient"" seconds "0.001843" bytes "16
"SCALAR_OPERATION_BEGIN ""restore defining scalar products"
"SCALAR_OPERATION_END ""restore defining scalar products"" seconds "5.*^-6" bytes "16
"SCALAR_OPERATION_BEGIN ""on-shell reduction of restored coefficient"
"SCALAR_OPERATION_END ""on-shell reduction of restored coefficient"" seconds "0.001553" bytes "16
"SCALAR_OPERATION_BEGIN ""restore defining scalar products"
"SCALAR_OPERATION_END ""restore defining scalar products"" seconds "53.409005" bytes "12681952
"SCALAR_OPERATION_BEGIN ""on-shell reduction of restored coefficient"
"EARLY_ANGULAR_AVERAGE "InputForm[<|"InputHash" -> 44213918245047406357120775086570050560201979203704099336392262929463321790158, "InputBytes" -> 12681952, "ExpandedBytes" -> 23605056, "AveragedBytes" -> 16, "Powers" -> {1, 3}, "TermCount" -> 2846, "MomentCount" -> 2, "AveragingSeconds" -> 3.204364, "AverageIsZero" -> True, "ExactReconstruction" -> True|>]
"SCALAR_OPERATION_END ""on-shell reduction of restored coefficient"" seconds "5.813042" bytes "16
"SCALAR_OPERATION_BEGIN ""restore defining scalar products"
"SCALAR_OPERATION_END ""restore defining scalar products"" seconds "0.060871" bytes "6329184
"SCALAR_OPERATION_BEGIN ""on-shell reduction of restored coefficient"
"EARLY_ANGULAR_AVERAGE "InputForm[<|"InputHash" -> 31306304384022604186544356645404773054380539103516641029392281850056020023223, "InputBytes" -> 6329184, "ExpandedBytes" -> 6329184, "AveragedBytes" -> 7213344, "Powers" -> {2, 0}, "TermCount" -> 752, "MomentCount" -> 2, "AveragingSeconds" -> 0.363653, "AverageIsZero" -> False, "ExactReconstruction" -> True|>]
"FAIL: ""time bound {\"control\", \"angular-first projection\"}"
