"PASS: ""authorized local reduction"
"PASS: ""local runtime recorded separately"
"PASS: ""complete source syntax"
"PASS: ""accepted complete real target map"
"PASS: ""accepted unchanged scalar library"
"PASS: ""known real extension configuration"
"PASS: ""mapped physical input common/s08_inputs.json"
"PASS: ""mapped physical input common/s08_result/reference/s03_real_families.wl"
"PASS: ""mapped physical input common/s08_result/reference/s11_real_master_coefficients.wl"
"PASS: ""mapped physical input Hgg/s05_result/s05_result.wl"
"PASS: ""mapped physical input common/s06_result/s06_result.wl"
"PASS: ""mapped physical input common/s06_result/reference/s02_result.wl"
"PASS: ""mapped physical input common/s06_result/reference/s04_result.wl"
"PASS: ""s02 unchanged scalar input"
"PASS: ""s04 unchanged scalar input"
"PASS: ""accepted cut geometry and original reduction"
"PASS: ""original positive-energy support"
"PASS: ""exact executed target-mapping source retained"
"PASS: ""original reduction source binding"
"PASS: ""accepted target-mapping source binding"
"PASS: ""every requested target has an inherited cut family"
"PASS: ""all new spin targets requested"
"PASS: ""accepted complete local map receipt"
"PASS: ""accepted compatible-rule execution"
"PASS: ""same complete compatible-rule library"
"PASS: ""unchanged compatible-rule input common/s08_collect_compatible_reductions.wls"
"PASS: ""unchanged compatible-rule input common/s06_result/s06_result.wl"
"PASS: ""unchanged compatible-rule input common/s06_result/reference/s02_result.wl"
"PASS: ""unchanged compatible-rule input common/s06_result/reference/s04_result.wl"
"PASS: ""unchanged compatible-rule input common/s08_extend_real_reduction.wls"
"PASS: ""unchanged compatible-rule input Hqg/s08_reduction_result/s08_execution.json"
"PASS: ""unchanged compatible-rule input Hqg/s08_reduction_result/s08_reduction.wl"
"PASS: ""unchanged compatible-rule input Hgq/s08_reduction_result/s08_execution.json"
"PASS: ""unchanged compatible-rule input Hgq/s08_reduction_result/s08_reduction.wl"
"PASS: ""unchanged compatible-rule input Hgg/s08_direct_group_component_result/s08_execution.json"
"PASS: ""unchanged compatible-rule input Hgg/s08_direct_group_component_result/s08_result.wl"
"PASS: ""unique accepted reusable rule keys"
"PASS: ""ready reduction is Hgg production"
"PASS: ""authentic completed subset reduction"
"PASS: ""same accepted subset reduction contract"
"PASS: ""unchanged subset reduction input Hgg/s08_direct_group_component_result/s08_result.wl"
"PASS: ""unchanged subset reduction input common/s06_result/s06_result.wl"
"PASS: ""unchanged subset reduction input common/s08_extension_inputs.json"
"PASS: ""unchanged subset reduction input common/s06_result/reference/sources/s04_reduce_real.wl"
"PASS: ""unchanged subset reduction input common/s08_map_real_targets.wls"
"PASS: ""unchanged subset reduction input common/s08_result/reference/s08_map_real_spin_before_known_denominator.wls"
"PASS: ""unchanged subset reduction input common/s06_result/reference/s02_result.wl"
"PASS: ""unchanged subset reduction input common/s06_result/reference/s04_result.wl"
"PASS: ""unchanged subset reduction input common/s08_extend_reused_real_reduction.wls"
"PASS: ""unchanged subset reduction input Hgg/s08_compatible_reductions_result/s08_result.wl"
"PASS: ""unchanged subset reduction input Hgg/s08_compatible_reductions_result/s08_execution.json"
"PASS: ""unchanged subset reduction input common/s08_collect_compatible_reductions.wls"
"PASS: ""unchanged subset reduction input common/s08_extend_Hgg_ready_reduction.wls"
"PASS: ""unchanged subset reduction input Hgg/s08_direct_group_component_result/s08_execution.json"
"PASS: ""complete exact subset rule inventory"
"PASS: ""all accepted subset and reused overlaps agree"
"ACCEPTED_SUBSET_RULES_REUSED "442" overlap "399
"LOCAL_REDUCTION_COVERAGE targets "442" uncovered "0
"PASS: ""unique complete reused reduction keys"
"PASS: ""reused coefficients remain exact"
"PASS: ""unchanged complete original cut-master basis"
"PASS: ""original Kira rule CutIntegral[\"R01\", {1, 1, -3, -1}]"
"PASS: ""original Kira rule CutIntegral[\"R01\", {1, 1, -3, 0}]"
"PASS: ""original Kira rule CutIntegral[\"R01\", {1, 1, -3, 1}]"
"PASS: ""original Kira rule CutIntegral[\"R01\", {1, 1, -2, -1}]"
"PASS: ""original Kira rule CutIntegral[\"R01\", {1, 1, -2, 0}]"
"PASS: ""original Kira rule CutIntegral[\"R01\", {1, 1, -2, 1}]"
"PASS: ""original Kira rule CutIntegral[\"R01\", {1, 1, -1, -2}]"
"PASS: ""original Kira rule CutIntegral[\"R01\", {1, 1, -1, -1}]"
"PASS: ""original Kira rule CutIntegral[\"R01\", {1, 1, -1, 0}]"
"PASS: ""original Kira rule CutIntegral[\"R01\", {1, 1, -1, 1}]"
"PASS: ""original Kira rule CutIntegral[\"R01\", {1, 1, -1, 2}]"
"PASS: ""original Kira rule CutIntegral[\"R01\", {1, 1, 0, -2}]"
"PASS: ""original Kira rule CutIntegral[\"R01\", {1, 1, 0, -1}]"
"PASS: ""original Kira rule CutIntegral[\"R01\", {1, 1, 0, 1}]"
"PASS: ""original Kira rule CutIntegral[\"R01\", {1, 1, 0, 2}]"
"PASS: ""original Kira rule CutIntegral[\"R01\", {1, 1, 1, -2}]"
"PASS: ""original Kira rule CutIntegral[\"R01\", {1, 1, 1, -1}]"
"PASS: ""original Kira rule CutIntegral[\"R01\", {1, 1, 1, 0}]"
"PASS: ""original Kira rule CutIntegral[\"R01\", {1, 1, 2, -1}]"
"PASS: ""original Kira rule CutIntegral[\"R01\", {1, 1, 2, 0}]"
"PASS: ""original Kira rule CutIntegral[\"R02\", {1, 1, -3, -1}]"
"PASS: ""original Kira rule CutIntegral[\"R02\", {1, 1, -3, 0}]"
"PASS: ""original Kira rule CutIntegral[\"R02\", {1, 1, -3, 1}]"
"PASS: ""original Kira rule CutIntegral[\"R02\", {1, 1, -2, -1}]"
"PASS: ""original Kira rule CutIntegral[\"R02\", {1, 1, -2, 0}]"
"PASS: ""original Kira rule CutIntegral[\"R02\", {1, 1, -2, 1}]"
"PASS: ""original Kira rule CutIntegral[\"R02\", {1, 1, -1, -1}]"
"PASS: ""original Kira rule CutIntegral[\"R02\", {1, 1, -1, 0}]"
"PASS: ""original Kira rule CutIntegral[\"R02\", {1, 1, -1, 1}]"
"PASS: ""original Kira rule CutIntegral[\"R02\", {1, 1, -1, 2}]"
"PASS: ""original Kira rule CutIntegral[\"R02\", {1, 1, 0, -2}]"
"PASS: ""original Kira rule CutIntegral[\"R02\", {1, 1, 0, -1}]"
"PASS: ""original Kira rule CutIntegral[\"R02\", {1, 1, 0, 0}]"
"PASS: ""original Kira rule CutIntegral[\"R02\", {1, 1, 0, 1}]"
"PASS: ""original Kira rule CutIntegral[\"R02\", {1, 1, 0, 2}]"
"PASS: ""original Kira rule CutIntegral[\"R02\", {1, 1, 1, -2}]"
"PASS: ""original Kira rule CutIntegral[\"R02\", {1, 1, 1, -1}]"
"PASS: ""original Kira rule CutIntegral[\"R02\", {1, 1, 1, 0}]"
"PASS: ""original Kira rule CutIntegral[\"R03\", {1, 1, -5, 1}]"
"PASS: ""original Kira rule CutIntegral[\"R03\", {1, 1, -4, 0}]"
"PASS: ""original Kira rule CutIntegral[\"R03\", {1, 1, -4, 1}]"
"PASS: ""original Kira rule CutIntegral[\"R03\", {1, 1, -4, 2}]"
"PASS: ""original Kira rule CutIntegral[\"R03\", {1, 1, -3, -1}]"
"PASS: ""original Kira rule CutIntegral[\"R03\", {1, 1, -3, 0}]"
"PASS: ""original Kira rule CutIntegral[\"R03\", {1, 1, -3, 1}]"
"PASS: ""original Kira rule CutIntegral[\"R03\", {1, 1, -3, 2}]"
"PASS: ""original Kira rule CutIntegral[\"R03\", {1, 1, -2, -1}]"
"PASS: ""original Kira rule CutIntegral[\"R03\", {1, 1, -2, 0}]"
"PASS: ""original Kira rule CutIntegral[\"R03\", {1, 1, -2, 1}]"
"PASS: ""original Kira rule CutIntegral[\"R03\", {1, 1, -2, 2}]"
"PASS: ""original Kira rule CutIntegral[\"R03\", {1, 1, -1, -1}]"
"PASS: ""original Kira rule CutIntegral[\"R03\", {1, 1, -1, 0}]"
"PASS: ""original Kira rule CutIntegral[\"R03\", {1, 1, -1, 1}]"
"PASS: ""original Kira rule CutIntegral[\"R03\", {1, 1, -1, 2}]"
"PASS: ""original Kira rule CutIntegral[\"R03\", {1, 1, 0, -2}]"
"PASS: ""original Kira rule CutIntegral[\"R03\", {1, 1, 0, -1}]"
"PASS: ""original Kira rule CutIntegral[\"R03\", {1, 1, 0, 0}]"
"PASS: ""original Kira rule CutIntegral[\"R03\", {1, 1, 0, 2}]"
"PASS: ""original Kira rule CutIntegral[\"R03\", {1, 1, 1, -2}]"
"PASS: ""original Kira rule CutIntegral[\"R03\", {1, 1, 1, -1}]"
"PASS: ""original Kira rule CutIntegral[\"R03\", {1, 1, 1, 0}]"
"PASS: ""original Kira rule CutIntegral[\"R04\", {1, 1, -5, 1}]"
"PASS: ""original Kira rule CutIntegral[\"R04\", {1, 1, -4, 0}]"
"PASS: ""original Kira rule CutIntegral[\"R04\", {1, 1, -4, 1}]"
"PASS: ""original Kira rule CutIntegral[\"R04\", {1, 1, -4, 2}]"
"PASS: ""original Kira rule CutIntegral[\"R04\", {1, 1, -3, -1}]"
"PASS: ""original Kira rule CutIntegral[\"R04\", {1, 1, -3, 0}]"
"PASS: ""original Kira rule CutIntegral[\"R04\", {1, 1, -3, 1}]"
"PASS: ""original Kira rule CutIntegral[\"R04\", {1, 1, -3, 2}]"
"PASS: ""original Kira rule CutIntegral[\"R04\", {1, 1, -2, -1}]"
"PASS: ""original Kira rule CutIntegral[\"R04\", {1, 1, -2, 0}]"
"PASS: ""original Kira rule CutIntegral[\"R04\", {1, 1, -2, 1}]"
"PASS: ""original Kira rule CutIntegral[\"R04\", {1, 1, -2, 2}]"
"PASS: ""original Kira rule CutIntegral[\"R04\", {1, 1, -1, -1}]"
"PASS: ""original Kira rule CutIntegral[\"R04\", {1, 1, -1, 0}]"
"PASS: ""original Kira rule CutIntegral[\"R04\", {1, 1, -1, 1}]"
"PASS: ""original Kira rule CutIntegral[\"R04\", {1, 1, -1, 2}]"
"PASS: ""original Kira rule CutIntegral[\"R04\", {1, 1, 0, -2}]"
"PASS: ""original Kira rule CutIntegral[\"R04\", {1, 1, 0, -1}]"
"PASS: ""original Kira rule CutIntegral[\"R04\", {1, 1, 0, 0}]"
"PASS: ""original Kira rule CutIntegral[\"R04\", {1, 1, 0, 1}]"
"PASS: ""original Kira rule CutIntegral[\"R04\", {1, 1, 0, 2}]"
"PASS: ""original Kira rule CutIntegral[\"R04\", {1, 1, 1, -2}]"
"PASS: ""original Kira rule CutIntegral[\"R04\", {1, 1, 1, -1}]"
"PASS: ""original Kira rule CutIntegral[\"R04\", {1, 1, 1, 0}]"
"PASS: ""original Kira rule CutIntegral[\"R04\", {1, 1, 1, 2}]"
"PASS: ""original Kira rule CutIntegral[\"R04\", {1, 1, 2, -1}]"
"PASS: ""original Kira rule CutIntegral[\"R04\", {1, 1, 2, 0}]"
"PASS: ""original Kira rule CutIntegral[\"R04\", {1, 1, 2, 1}]"
"PASS: ""original Kira rule CutIntegral[\"R04\", {1, 1, 2, 2}]"
"PASS: ""original Kira rule CutIntegral[\"R05\", {1, 1, -3, -1}]"
"PASS: ""original Kira rule CutIntegral[\"R05\", {1, 1, -3, 0}]"
"PASS: ""original Kira rule CutIntegral[\"R05\", {1, 1, -3, 1}]"
"PASS: ""original Kira rule CutIntegral[\"R05\", {1, 1, -2, -1}]"
"PASS: ""original Kira rule CutIntegral[\"R05\", {1, 1, -2, 0}]"
"PASS: ""original Kira rule CutIntegral[\"R05\", {1, 1, -2, 1}]"
"PASS: ""original Kira rule CutIntegral[\"R05\", {1, 1, -1, -2}]"
"PASS: ""original Kira rule CutIntegral[\"R05\", {1, 1, -1, -1}]"
"PASS: ""original Kira rule CutIntegral[\"R05\", {1, 1, -1, 0}]"
"PASS: ""original Kira rule CutIntegral[\"R05\", {1, 1, -1, 1}]"
"PASS: ""original Kira rule CutIntegral[\"R05\", {1, 1, 0, -2}]"
"PASS: ""original Kira rule CutIntegral[\"R05\", {1, 1, 0, -1}]"
"PASS: ""original Kira rule CutIntegral[\"R05\", {1, 1, 0, 0}]"
"PASS: ""original Kira rule CutIntegral[\"R05\", {1, 1, 0, 1}]"
"PASS: ""original Kira rule CutIntegral[\"R05\", {1, 1, 1, -2}]"
"PASS: ""original Kira rule CutIntegral[\"R05\", {1, 1, 1, -1}]"
"PASS: ""original Kira rule CutIntegral[\"R05\", {1, 1, 1, 0}]"
"PASS: ""original Kira rule CutIntegral[\"R05\", {1, 1, 1, 1}]"
"PASS: ""original Kira rule CutIntegral[\"R05\", {1, 1, 2, -2}]"
"PASS: ""original Kira rule CutIntegral[\"R05\", {1, 1, 2, -1}]"
"PASS: ""original Kira rule CutIntegral[\"R05\", {1, 1, 2, 0}]"
"PASS: ""original Kira rule CutIntegral[\"R06\", {1, 1, -4, 1}]"
"PASS: ""original Kira rule CutIntegral[\"R06\", {1, 1, -3, -1}]"
"PASS: ""original Kira rule CutIntegral[\"R06\", {1, 1, -3, 0}]"
"PASS: ""original Kira rule CutIntegral[\"R06\", {1, 1, -3, 1}]"
"PASS: ""original Kira rule CutIntegral[\"R06\", {1, 1, -3, 2}]"
"PASS: ""original Kira rule CutIntegral[\"R06\", {1, 1, -2, -1}]"
"PASS: ""original Kira rule CutIntegral[\"R06\", {1, 1, -2, 0}]"
"PASS: ""original Kira rule CutIntegral[\"R06\", {1, 1, -2, 1}]"
"PASS: ""original Kira rule CutIntegral[\"R06\", {1, 1, -2, 2}]"
"PASS: ""original Kira rule CutIntegral[\"R06\", {1, 1, -1, -1}]"
"PASS: ""original Kira rule CutIntegral[\"R06\", {1, 1, -1, 0}]"
"PASS: ""original Kira rule CutIntegral[\"R06\", {1, 1, -1, 1}]"
"PASS: ""original Kira rule CutIntegral[\"R06\", {1, 1, -1, 2}]"
"PASS: ""original Kira rule CutIntegral[\"R06\", {1, 1, 0, -2}]"
"PASS: ""original Kira rule CutIntegral[\"R06\", {1, 1, 0, -1}]"
"PASS: ""original Kira rule CutIntegral[\"R06\", {1, 1, 0, 0}]"
"PASS: ""original Kira rule CutIntegral[\"R06\", {1, 1, 0, 1}]"
"PASS: ""original Kira rule CutIntegral[\"R06\", {1, 1, 0, 2}]"
"PASS: ""original Kira rule CutIntegral[\"R06\", {1, 1, 1, -2}]"
"PASS: ""original Kira rule CutIntegral[\"R06\", {1, 1, 1, -1}]"
"PASS: ""original Kira rule CutIntegral[\"R06\", {1, 1, 1, 0}]"
"PASS: ""original Kira rule CutIntegral[\"R06\", {1, 1, 1, 1}]"
"PASS: ""original Kira rule CutIntegral[\"R06\", {1, 1, 2, -2}]"
"PASS: ""original Kira rule CutIntegral[\"R06\", {1, 1, 2, -1}]"
"PASS: ""original Kira rule CutIntegral[\"R06\", {1, 1, 2, 0}]"
"PASS: ""original Kira rule CutIntegral[\"R07\", {1, 1, -5, 1}]"
"PASS: ""original Kira rule CutIntegral[\"R07\", {1, 1, -4, 0}]"
"PASS: ""original Kira rule CutIntegral[\"R07\", {1, 1, -4, 1}]"
"PASS: ""original Kira rule CutIntegral[\"R07\", {1, 1, -4, 2}]"
"PASS: ""original Kira rule CutIntegral[\"R07\", {1, 1, -3, -1}]"
"PASS: ""original Kira rule CutIntegral[\"R07\", {1, 1, -3, 0}]"
"PASS: ""original Kira rule CutIntegral[\"R07\", {1, 1, -3, 1}]"
"PASS: ""original Kira rule CutIntegral[\"R07\", {1, 1, -3, 2}]"
"PASS: ""original Kira rule CutIntegral[\"R07\", {1, 1, -2, -1}]"
"PASS: ""original Kira rule CutIntegral[\"R07\", {1, 1, -2, 0}]"
"PASS: ""original Kira rule CutIntegral[\"R07\", {1, 1, -2, 1}]"
"PASS: ""original Kira rule CutIntegral[\"R07\", {1, 1, -2, 2}]"
"PASS: ""original Kira rule CutIntegral[\"R07\", {1, 1, -1, -1}]"
"PASS: ""original Kira rule CutIntegral[\"R07\", {1, 1, -1, 0}]"
"PASS: ""original Kira rule CutIntegral[\"R07\", {1, 1, -1, 1}]"
"PASS: ""original Kira rule CutIntegral[\"R07\", {1, 1, -1, 2}]"
"PASS: ""original Kira rule CutIntegral[\"R07\", {1, 1, 0, -2}]"
"PASS: ""original Kira rule CutIntegral[\"R07\", {1, 1, 0, -1}]"
"PASS: ""original Kira rule CutIntegral[\"R07\", {1, 1, 0, 0}]"
"PASS: ""original Kira rule CutIntegral[\"R07\", {1, 1, 0, 1}]"
"PASS: ""original Kira rule CutIntegral[\"R07\", {1, 1, 0, 2}]"
"PASS: ""original Kira rule CutIntegral[\"R07\", {1, 1, 1, -2}]"
"PASS: ""original Kira rule CutIntegral[\"R07\", {1, 1, 1, -1}]"
"PASS: ""original Kira rule CutIntegral[\"R07\", {1, 1, 1, 0}]"
"PASS: ""original Kira rule CutIntegral[\"R07\", {1, 1, 1, 1}]"
"PASS: ""original Kira rule CutIntegral[\"R07\", {1, 1, 1, 2}]"
"PASS: ""original Kira rule CutIntegral[\"R07\", {1, 1, 2, -2}]"
"PASS: ""original Kira rule CutIntegral[\"R07\", {1, 1, 2, -1}]"
"PASS: ""original Kira rule CutIntegral[\"R07\", {1, 1, 2, 0}]"
"PASS: ""original Kira rule CutIntegral[\"R07\", {1, 1, 2, 1}]"
"PASS: ""original Kira rule CutIntegral[\"R07\", {1, 1, 2, 2}]"
"PASS: ""original Kira rule CutIntegral[\"R08\", {1, 1, -5, 1}]"
"PASS: ""original Kira rule CutIntegral[\"R08\", {1, 1, -4, 0}]"
"PASS: ""original Kira rule CutIntegral[\"R08\", {1, 1, -4, 1}]"
"PASS: ""original Kira rule CutIntegral[\"R08\", {1, 1, -3, -1}]"
"PASS: ""original Kira rule CutIntegral[\"R08\", {1, 1, -3, 0}]"
"PASS: ""original Kira rule CutIntegral[\"R08\", {1, 1, -3, 1}]"
"PASS: ""original Kira rule CutIntegral[\"R08\", {1, 1, -2, -1}]"
"PASS: ""original Kira rule CutIntegral[\"R08\", {1, 1, -2, 0}]"
"PASS: ""original Kira rule CutIntegral[\"R08\", {1, 1, -2, 1}]"
"PASS: ""original Kira rule CutIntegral[\"R08\", {1, 1, -1, -1}]"
"PASS: ""original Kira rule CutIntegral[\"R08\", {1, 1, -1, 0}]"
"PASS: ""original Kira rule CutIntegral[\"R08\", {1, 1, -1, 1}]"
"PASS: ""original Kira rule CutIntegral[\"R08\", {1, 1, 0, -2}]"
"PASS: ""original Kira rule CutIntegral[\"R08\", {1, 1, 0, -1}]"
"PASS: ""original Kira rule CutIntegral[\"R08\", {1, 1, 0, 0}]"
"PASS: ""original Kira rule CutIntegral[\"R08\", {1, 1, 0, 1}]"
"PASS: ""original Kira rule CutIntegral[\"R08\", {1, 1, 1, -2}]"
"PASS: ""original Kira rule CutIntegral[\"R08\", {1, 1, 1, -1}]"
"PASS: ""original Kira rule CutIntegral[\"R08\", {1, 1, 1, 0}]"
"PASS: ""original Kira rule CutIntegral[\"R08\", {1, 1, 1, 1}]"
"PASS: ""original Kira rule CutIntegral[\"R09\", {1, 1, -5, 1}]"
"PASS: ""original Kira rule CutIntegral[\"R09\", {1, 1, -4, 0}]"
"PASS: ""original Kira rule CutIntegral[\"R09\", {1, 1, -4, 1}]"
"PASS: ""original Kira rule CutIntegral[\"R09\", {1, 1, -3, -1}]"
"PASS: ""original Kira rule CutIntegral[\"R09\", {1, 1, -3, 0}]"
"PASS: ""original Kira rule CutIntegral[\"R09\", {1, 1, -3, 1}]"
"PASS: ""original Kira rule CutIntegral[\"R09\", {1, 1, -2, -2}]"
"PASS: ""original Kira rule CutIntegral[\"R09\", {1, 1, -2, -1}]"
"PASS: ""original Kira rule CutIntegral[\"R09\", {1, 1, -2, 0}]"
"PASS: ""original Kira rule CutIntegral[\"R09\", {1, 1, -2, 1}]"
"PASS: ""original Kira rule CutIntegral[\"R09\", {1, 1, -1, -3}]"
"PASS: ""original Kira rule CutIntegral[\"R09\", {1, 1, -1, -2}]"
"PASS: ""original Kira rule CutIntegral[\"R09\", {1, 1, -1, -1}]"
"PASS: ""original Kira rule CutIntegral[\"R09\", {1, 1, -1, 0}]"
"PASS: ""original Kira rule CutIntegral[\"R09\", {1, 1, -1, 1}]"
"PASS: ""original Kira rule CutIntegral[\"R09\", {1, 1, 0, -3}]"
"PASS: ""original Kira rule CutIntegral[\"R09\", {1, 1, 0, -2}]"
"PASS: ""original Kira rule CutIntegral[\"R09\", {1, 1, 0, -1}]"
"PASS: ""original Kira rule CutIntegral[\"R09\", {1, 1, 0, 0}]"
"PASS: ""original Kira rule CutIntegral[\"R09\", {1, 1, 0, 1}]"
"PASS: ""original Kira rule CutIntegral[\"R09\", {1, 1, 1, -3}]"
"PASS: ""original Kira rule CutIntegral[\"R09\", {1, 1, 1, -2}]"
"PASS: ""original Kira rule CutIntegral[\"R09\", {1, 1, 1, -1}]"
"PASS: ""original Kira rule CutIntegral[\"R09\", {1, 1, 1, 0}]"
"PASS: ""original Kira rule CutIntegral[\"R10\", {1, 1, -5, 1}]"
"PASS: ""original Kira rule CutIntegral[\"R10\", {1, 1, -4, 0}]"
"PASS: ""original Kira rule CutIntegral[\"R10\", {1, 1, -4, 1}]"
"PASS: ""original Kira rule CutIntegral[\"R10\", {1, 1, -3, -1}]"
"PASS: ""original Kira rule CutIntegral[\"R10\", {1, 1, -3, 0}]"
"PASS: ""original Kira rule CutIntegral[\"R10\", {1, 1, -3, 1}]"
"PASS: ""original Kira rule CutIntegral[\"R10\", {1, 1, -3, 2}]"
"PASS: ""original Kira rule CutIntegral[\"R10\", {1, 1, -2, -2}]"
"PASS: ""original Kira rule CutIntegral[\"R10\", {1, 1, -2, -1}]"
"PASS: ""original Kira rule CutIntegral[\"R10\", {1, 1, -2, 0}]"
"PASS: ""original Kira rule CutIntegral[\"R10\", {1, 1, -2, 1}]"
"PASS: ""original Kira rule CutIntegral[\"R10\", {1, 1, -2, 2}]"
"PASS: ""original Kira rule CutIntegral[\"R10\", {1, 1, -1, -3}]"
"PASS: ""original Kira rule CutIntegral[\"R10\", {1, 1, -1, -2}]"
"PASS: ""original Kira rule CutIntegral[\"R10\", {1, 1, -1, -1}]"
"PASS: ""original Kira rule CutIntegral[\"R10\", {1, 1, -1, 0}]"
"PASS: ""original Kira rule CutIntegral[\"R10\", {1, 1, -1, 1}]"
"PASS: ""original Kira rule CutIntegral[\"R10\", {1, 1, -1, 2}]"
"PASS: ""original Kira rule CutIntegral[\"R10\", {1, 1, 0, -3}]"
"PASS: ""original Kira rule CutIntegral[\"R10\", {1, 1, 0, -2}]"
"PASS: ""original Kira rule CutIntegral[\"R10\", {1, 1, 0, -1}]"
"PASS: ""original Kira rule CutIntegral[\"R10\", {1, 1, 0, 0}]"
"PASS: ""original Kira rule CutIntegral[\"R10\", {1, 1, 0, 1}]"
"PASS: ""original Kira rule CutIntegral[\"R10\", {1, 1, 0, 2}]"
"PASS: ""original Kira rule CutIntegral[\"R10\", {1, 1, 1, -3}]"
"PASS: ""original Kira rule CutIntegral[\"R10\", {1, 1, 1, -2}]"
"PASS: ""original Kira rule CutIntegral[\"R10\", {1, 1, 1, -1}]"
"PASS: ""original Kira rule CutIntegral[\"R10\", {1, 1, 1, 0}]"
"PASS: ""original Kira rule CutIntegral[\"R10\", {1, 1, 1, 2}]"
"PASS: ""original Kira rule CutIntegral[\"R10\", {1, 1, 2, -1}]"
"PASS: ""original Kira rule CutIntegral[\"R10\", {1, 1, 2, 0}]"
"PASS: ""original Kira rule CutIntegral[\"R10\", {1, 1, 2, 1}]"
"PASS: ""original Kira rule CutIntegral[\"R10\", {1, 1, 2, 2}]"
"PASS: ""original Kira rule CutIntegral[\"R11\", {1, 1, -5, 1}]"
"PASS: ""original Kira rule CutIntegral[\"R11\", {1, 1, -4, 0}]"
"PASS: ""original Kira rule CutIntegral[\"R11\", {1, 1, -4, 1}]"
"PASS: ""original Kira rule CutIntegral[\"R11\", {1, 1, -4, 2}]"
"PASS: ""original Kira rule CutIntegral[\"R11\", {1, 1, -3, -1}]"
"PASS: ""original Kira rule CutIntegral[\"R11\", {1, 1, -3, 0}]"
"PASS: ""original Kira rule CutIntegral[\"R11\", {1, 1, -3, 1}]"
"PASS: ""original Kira rule CutIntegral[\"R11\", {1, 1, -3, 2}]"
"PASS: ""original Kira rule CutIntegral[\"R11\", {1, 1, -2, -2}]"
"PASS: ""original Kira rule CutIntegral[\"R11\", {1, 1, -2, -1}]"
"PASS: ""original Kira rule CutIntegral[\"R11\", {1, 1, -2, 0}]"
"PASS: ""original Kira rule CutIntegral[\"R11\", {1, 1, -2, 1}]"
"PASS: ""original Kira rule CutIntegral[\"R11\", {1, 1, -2, 2}]"
"PASS: ""original Kira rule CutIntegral[\"R11\", {1, 1, -1, -3}]"
"PASS: ""original Kira rule CutIntegral[\"R11\", {1, 1, -1, -2}]"
"PASS: ""original Kira rule CutIntegral[\"R11\", {1, 1, -1, -1}]"
"PASS: ""original Kira rule CutIntegral[\"R11\", {1, 1, -1, 0}]"
"PASS: ""original Kira rule CutIntegral[\"R11\", {1, 1, -1, 1}]"
"PASS: ""original Kira rule CutIntegral[\"R11\", {1, 1, -1, 2}]"
"PASS: ""original Kira rule CutIntegral[\"R11\", {1, 1, 0, -3}]"
"PASS: ""original Kira rule CutIntegral[\"R11\", {1, 1, 0, -2}]"
"PASS: ""original Kira rule CutIntegral[\"R11\", {1, 1, 0, -1}]"
"PASS: ""original Kira rule CutIntegral[\"R11\", {1, 1, 0, 0}]"
"PASS: ""original Kira rule CutIntegral[\"R11\", {1, 1, 0, 1}]"
"PASS: ""original Kira rule CutIntegral[\"R11\", {1, 1, 0, 2}]"
"PASS: ""original Kira rule CutIntegral[\"R11\", {1, 1, 1, -4}]"
"PASS: ""original Kira rule CutIntegral[\"R11\", {1, 1, 1, -3}]"
"PASS: ""original Kira rule CutIntegral[\"R11\", {1, 1, 1, -2}]"
"PASS: ""original Kira rule CutIntegral[\"R11\", {1, 1, 1, -1}]"
"PASS: ""original Kira rule CutIntegral[\"R11\", {1, 1, 1, 0}]"
"PASS: ""original Kira rule CutIntegral[\"R11\", {1, 1, 1, 1}]"
"PASS: ""original Kira rule CutIntegral[\"R11\", {1, 1, 1, 2}]"
"PASS: ""original Kira rule CutIntegral[\"R11\", {1, 1, 2, -3}]"
"PASS: ""original Kira rule CutIntegral[\"R11\", {1, 1, 2, -2}]"
"PASS: ""original Kira rule CutIntegral[\"R11\", {1, 1, 2, -1}]"
"PASS: ""original Kira rule CutIntegral[\"R11\", {1, 1, 2, 0}]"
"PASS: ""original Kira rule CutIntegral[\"R11\", {1, 1, 2, 1}]"
"PASS: ""original Kira rule CutIntegral[\"R11\", {1, 1, 2, 2}]"
"PASS: ""original Kira rule CutIntegral[\"R12\", {1, 1, -5, 1}]"
"PASS: ""original Kira rule CutIntegral[\"R12\", {1, 1, -4, 0}]"
"PASS: ""original Kira rule CutIntegral[\"R12\", {1, 1, -4, 1}]"
"PASS: ""original Kira rule CutIntegral[\"R12\", {1, 1, -3, -1}]"
"PASS: ""original Kira rule CutIntegral[\"R12\", {1, 1, -3, 0}]"
"PASS: ""original Kira rule CutIntegral[\"R12\", {1, 1, -3, 1}]"
"PASS: ""original Kira rule CutIntegral[\"R12\", {1, 1, -2, -2}]"
"PASS: ""original Kira rule CutIntegral[\"R12\", {1, 1, -2, -1}]"
"PASS: ""original Kira rule CutIntegral[\"R12\", {1, 1, -2, 0}]"
"PASS: ""original Kira rule CutIntegral[\"R12\", {1, 1, -2, 1}]"
"PASS: ""original Kira rule CutIntegral[\"R12\", {1, 1, -1, -3}]"
"PASS: ""original Kira rule CutIntegral[\"R12\", {1, 1, -1, -2}]"
"PASS: ""original Kira rule CutIntegral[\"R12\", {1, 1, -1, -1}]"
"PASS: ""original Kira rule CutIntegral[\"R12\", {1, 1, -1, 0}]"
"PASS: ""original Kira rule CutIntegral[\"R12\", {1, 1, -1, 1}]"
"PASS: ""original Kira rule CutIntegral[\"R12\", {1, 1, 0, -3}]"
"PASS: ""original Kira rule CutIntegral[\"R12\", {1, 1, 0, -2}]"
"PASS: ""original Kira rule CutIntegral[\"R12\", {1, 1, 0, -1}]"
"PASS: ""original Kira rule CutIntegral[\"R12\", {1, 1, 0, 0}]"
"PASS: ""original Kira rule CutIntegral[\"R12\", {1, 1, 0, 1}]"
"PASS: ""original Kira rule CutIntegral[\"R12\", {1, 1, 1, -3}]"
"PASS: ""original Kira rule CutIntegral[\"R12\", {1, 1, 1, -2}]"
"PASS: ""original Kira rule CutIntegral[\"R12\", {1, 1, 1, -1}]"
"PASS: ""original Kira rule CutIntegral[\"R12\", {1, 1, 1, 0}]"
"PASS: ""original Kira rule CutIntegral[\"R12\", {1, 1, 1, 1}]"
"PASS: ""original Kira rule CutIntegral[\"R01\", {1, 1, 0, 0}]"
"PASS: ""original Kira rule CutIntegral[\"R01\", {1, 1, 1, 1}]"
"PASS: ""original Kira rule CutIntegral[\"R02\", {1, 1, 1, 1}]"
"PASS: ""original Kira rule CutIntegral[\"R03\", {1, 1, 0, 1}]"
"PASS: ""original Kira rule CutIntegral[\"R03\", {1, 1, 1, 1}]"
"PASS: ""original Kira rule CutIntegral[\"R04\", {1, 1, 1, 1}]"
"PASS: ""original Kira rule CutIntegral[\"R09\", {1, 1, 1, 1}]"
"PASS: ""original Kira rule CutIntegral[\"R10\", {1, 1, 1, 1}]"
"PASS: ""complete actual spin-target coverage"
"PASS: ""bounded reduction output"
"PASS: ""exact native reduction reload"
"PASS: local Hgg complete reused reduction"
