MONITOR_START job=14692913 host=n7439 kernel_pid=256261
"From remote kernel:"
"Style[\"Loading FeynCalc from /u/home/r/rushil/.Mathematica/Applications/FeynCalc/\", \"Text\"]\n"
"From remote kernel:"
"Style[\"Loading FeynCalc from /u/home/r/rushil/.Mathematica/Applications/FeynCalc/\", \"Text\"]\n"
"From remote kernel:"
"Style[\"Loading FeynCalc from /u/home/r/rushil/.Mathematica/Applications/FeynCalc/\", \"Text\"]\n"
"From remote kernel:"
"Style[\"Loading FeynCalc from /u/home/r/rushil/.Mathematica/Applications/FeynCalc/\", \"Text\"]\n"
"From remote kernel:"
"$PrePrint is set to FeynCalcForm. Use FI and FC to change the display format.\n"
"From remote kernel:"
"Style[\"FeynCalc \", \"Text\", Bold]Style[\"10.2.1 (stable version). For help, use the \", \"Text\"]Style[DisplayForm[ButtonBox[\"online documentation,\", ButtonData :> {URL[\"https://feyncalc.github.io/referenceDev\"], None}, BaseStyle -> \"Hyperlink\", ButtonNote -> \"https://feyncalc.github.io/referenceDev\"]], \"Text\"]Style[\" visit the \", \"Text\"]Style[DisplayForm[ButtonBox[\"forum\", ButtonData :> {URL[\"https://github.com/FeynCalc/feyncalc/discussions\"], None}, BaseStyle -> \"Hyperlink\", ButtonNote -> \"https://github.com/FeynCalc/feyncalc/discussions/\"]], \"Text\"]Style[\" and have a look at the supplied \", \"Text\"]Style[DisplayForm[ButtonBox[\"examples.\", BaseStyle -> \"Hyperlink\", ButtonFunction :> SystemOpen[FileNameJoin[{$FeynCalcDirectory, \"Examples\"}]], Evaluator -> Automatic, Method -> \"Preemptive\"]], \"Text\"]Style[\" The PDF-version of the manual can be downloaded \", \"Text\"]Style[DisplayForm[ButtonBox[\"here.\", ButtonData :> {URL[\"https://github.com/FeynCalc/feyncalc-manual/releases/download/dev-manual/FeynCalcManual.pdf\"], None}, BaseStyle -> \"Hyperlink\", ButtonNote -> \"https://github.com/FeynCalc/feyncalc-manual/releases/download/dev-manual/FeynCalcManual.pdf\"]], \"Text\"]\n"
"From remote kernel:"
"Style[\"If you use FeynCalc in your research, please evaluate FeynCalcHowToCite[] to learn how to cite this software.\", \"Text\"]\n"
"From remote kernel:"
"Style[\"Please keep in mind that the proper academic attribution of our work is crucial to ensure the future development of this package!\", {\"Text\", Italic}]\n"
"From remote kernel:"
"$PrePrint is set to FeynCalcForm. Use FI and FC to change the display format.\n"
"From remote kernel:"
"$PrePrint is set to FeynCalcForm. Use FI and FC to change the display format.\n"
"From remote kernel:"
"Style[\"FeynCalc \", \"Text\", Bold]Style[\"10.2.1 (stable version). For help, use the \", \"Text\"]Style[DisplayForm[ButtonBox[\"online documentation,\", ButtonData :> {URL[\"https://feyncalc.github.io/referenceDev\"], None}, BaseStyle -> \"Hyperlink\", ButtonNote -> \"https://feyncalc.github.io/referenceDev\"]], \"Text\"]Style[\" visit the \", \"Text\"]Style[DisplayForm[ButtonBox[\"forum\", ButtonData :> {URL[\"https://github.com/FeynCalc/feyncalc/discussions\"], None}, BaseStyle -> \"Hyperlink\", ButtonNote -> \"https://github.com/FeynCalc/feyncalc/discussions/\"]], \"Text\"]Style[\" and have a look at the supplied \", \"Text\"]Style[DisplayForm[ButtonBox[\"examples.\", BaseStyle -> \"Hyperlink\", ButtonFunction :> SystemOpen[FileNameJoin[{$FeynCalcDirectory, \"Examples\"}]], Evaluator -> Automatic, Method -> \"Preemptive\"]], \"Text\"]Style[\" The PDF-version of the manual can be downloaded \", \"Text\"]Style[DisplayForm[ButtonBox[\"here.\", ButtonData :> {URL[\"https://github.com/FeynCalc/feyncalc-manual/releases/download/dev-manual/FeynCalcManual.pdf\"], None}, BaseStyle -> \"Hyperlink\", ButtonNote -> \"https://github.com/FeynCalc/feyncalc-manual/releases/download/dev-manual/FeynCalcManual.pdf\"]], \"Text\"]\n"
"From remote kernel:"
"Style[\"If you use FeynCalc in your research, please evaluate FeynCalcHowToCite[] to learn how to cite this software.\", \"Text\"]\n"
"From remote kernel:"
"Style[\"FeynCalc \", \"Text\", Bold]Style[\"10.2.1 (stable version). For help, use the \", \"Text\"]Style[DisplayForm[ButtonBox[\"online documentation,\", ButtonData :> {URL[\"https://feyncalc.github.io/referenceDev\"], None}, BaseStyle -> \"Hyperlink\", ButtonNote -> \"https://feyncalc.github.io/referenceDev\"]], \"Text\"]Style[\" visit the \", \"Text\"]Style[DisplayForm[ButtonBox[\"forum\", ButtonData :> {URL[\"https://github.com/FeynCalc/feyncalc/discussions\"], None}, BaseStyle -> \"Hyperlink\", ButtonNote -> \"https://github.com/FeynCalc/feyncalc/discussions/\"]], \"Text\"]Style[\" and have a look at the supplied \", \"Text\"]Style[DisplayForm[ButtonBox[\"examples.\", BaseStyle -> \"Hyperlink\", ButtonFunction :> SystemOpen[FileNameJoin[{$FeynCalcDirectory, \"Examples\"}]], Evaluator -> Automatic, Method -> \"Preemptive\"]], \"Text\"]Style[\" The PDF-version of the manual can be downloaded \", \"Text\"]Style[DisplayForm[ButtonBox[\"here.\", ButtonData :> {URL[\"https://github.com/FeynCalc/feyncalc-manual/releases/download/dev-manual/FeynCalcManual.pdf\"], None}, BaseStyle -> \"Hyperlink\", ButtonNote -> \"https://github.com/FeynCalc/feyncalc-manual/releases/download/dev-manual/FeynCalcManual.pdf\"]], \"Text\"]\n"
"From remote kernel:"
"Style[\"Please keep in mind that the proper academic attribution of our work is crucial to ensure the future development of this package!\", {\"Text\", Italic}]\n"
"From remote kernel:"
"Style[\"If you use FeynCalc in your research, please evaluate FeynCalcHowToCite[] to learn how to cite this software.\", \"Text\"]\n"
"From remote kernel:"
"Style[\"Please keep in mind that the proper academic attribution of our work is crucial to ensure the future development of this package!\", {\"Text\", Italic}]\n"
"From remote kernel:"
"$PrePrint is set to FeynCalcForm. Use FI and FC to change the display format.\n"
"From remote kernel:"
"Style[\"FeynCalc \", \"Text\", Bold]Style[\"10.2.1 (stable version). For help, use the \", \"Text\"]Style[DisplayForm[ButtonBox[\"online documentation,\", ButtonData :> {URL[\"https://feyncalc.github.io/referenceDev\"], None}, BaseStyle -> \"Hyperlink\", ButtonNote -> \"https://feyncalc.github.io/referenceDev\"]], \"Text\"]Style[\" visit the \", \"Text\"]Style[DisplayForm[ButtonBox[\"forum\", ButtonData :> {URL[\"https://github.com/FeynCalc/feyncalc/discussions\"], None}, BaseStyle -> \"Hyperlink\", ButtonNote -> \"https://github.com/FeynCalc/feyncalc/discussions/\"]], \"Text\"]Style[\" and have a look at the supplied \", \"Text\"]Style[DisplayForm[ButtonBox[\"examples.\", BaseStyle -> \"Hyperlink\", ButtonFunction :> SystemOpen[FileNameJoin[{$FeynCalcDirectory, \"Examples\"}]], Evaluator -> Automatic, Method -> \"Preemptive\"]], \"Text\"]Style[\" The PDF-version of the manual can be downloaded \", \"Text\"]Style[DisplayForm[ButtonBox[\"here.\", ButtonData :> {URL[\"https://github.com/FeynCalc/feyncalc-manual/releases/download/dev-manual/FeynCalcManual.pdf\"], None}, BaseStyle -> \"Hyperlink\", ButtonNote -> \"https://github.com/FeynCalc/feyncalc-manual/releases/download/dev-manual/FeynCalcManual.pdf\"]], \"Text\"]\n"
"From remote kernel:"
"Style[\"If you use FeynCalc in your research, please evaluate FeynCalcHowToCite[] to learn how to cite this software.\", \"Text\"]\n"
"From remote kernel:"
"Style[\"Please keep in mind that the proper academic attribution of our work is crucial to ensure the future development of this package!\", {\"Text\", Italic}]\n"
"From remote kernel:"
"\"COLLINEAR_INPUTS \"\"Hqqprime\"\" kernel \"3\n"
"From remote kernel:"
"\"COLLINEAR_INPUTS \"\"Hgg\"\" kernel \"1\n"
"From remote kernel:"
"\"COLLINEAR_INPUTS \"\"Hqqbar\"\" kernel \"2\n"
"From remote kernel:"
"\"PASS: factorization support, Jacobians, and paper projectors\"\n"
"From remote kernel:"
"\"PASS: factorization support, Jacobians, and paper projectors\"\n"
"From remote kernel:"
"\"COLLINEAR_INPUTS_ACCEPTED \"\"Hgg\"\n"
"From remote kernel:"
"\"COLLINEAR_INPUTS_ACCEPTED \"\"Hqqbar\"\n"
"From remote kernel:"
"\"PASS: factorization support, Jacobians, and paper projectors\"\n"
"From remote kernel:"
"\"COLLINEAR_INPUTS_ACCEPTED \"\"Hqqprime\"\n"
"S16_SUCCESS: real-only collinear subtraction and tensor projectors evaluated."
MONITOR_WAKE {"stage": "s16", "source": "s16_collinear_inputs.wl", "source_sha256": "ee121b6a83eec08225a20f7cd3dc13faf404f990bcba89142d206f47f7acf52a", "job_id": "14692913", "host": "n7439", "exit_code": 0, "success_marker": true, "accepted_execution": true, "guard": null, "peak_rss_bytes": 928432128, "elapsed_seconds": 14.763649836182594, "completed_utc": "2026-09-07T11:34:43.069661+00:00"}
