S09_BIN_START q1_p0 seed 730007 neval 1000 nitn 8
S09_BIN_START q2_p0 seed 730013 neval 1000 nitn 8
S09_BIN_START q0_p0 seed 730001 neval 1000 nitn 8
S09_EVALUATIONS 1371740 574 accepted 172
S09_EVALUATIONS 1371738 627 accepted 180
S09_EVALUATIONS 1371739 606 accepted 178
S09_EVALUATIONS 1371740 922 accepted 341
S09_EVALUATIONS 1371738 951 accepted 354
S09_EVALUATIONS 1371739 929 accepted 352
S09_EVALUATIONS 1371740 1169 accepted 502
S09_EVALUATIONS 1371738 1205 accepted 521
S09_EVALUATIONS 1371739 1212 accepted 518
S09_WARMUP q0_p0 0 [60.9(5.5) 50.5(4.0)]
S09_WARMUP q1_p0 0 [57.4(3.6) 54.8(3.2)]
S09_WARMUP q2_p0 0 [61.7(2.9) 55.3(2.6)]
S09_EVALUATIONS 1371740 1402 accepted 668
S09_EVALUATIONS 1371738 1450 accepted 690
S09_EVALUATIONS 1371739 1448 accepted 687
S09_EVALUATIONS 1371740 1634 accepted 829
S09_EVALUATIONS 1371739 1701 accepted 853
S09_EVALUATIONS 1371738 1678 accepted 859
S09_EVALUATIONS 1371740 1885 accepted 995
S09_EVALUATIONS 1371739 1987 accepted 1020
S09_EVALUATIONS 1371738 1917 accepted 1029
S09_EVALUATIONS 1371740 2122 accepted 1158
S09_EVALUATIONS 1371739 2254 accepted 1187
S09_EVALUATIONS 1371738 2181 accepted 1197
S09_EVALUATIONS 1371740 2394 accepted 1321
S09_EVALUATIONS 1371739 2502 accepted 1354
S09_EVALUATIONS 1371738 2417 accepted 1365
S09_EVALUATIONS 1371740 2672 accepted 1486
S09_EVALUATIONS 1371738 2670 accepted 1535
S09_EVALUATIONS 1371739 2761 accepted 1522
S09_EVALUATIONS 1371740 2924 accepted 1649
S09_EVALUATIONS 1371739 3042 accepted 1693
S09_EVALUATIONS 1371738 2923 accepted 1704
S09_EVALUATIONS 1371740 3159 accepted 1811
S09_EVALUATIONS 1371739 3276 accepted 1855
S09_EVALUATIONS 1371738 3149 accepted 1870
S09_EVALUATIONS 1371740 3413 accepted 1973
S09_EVALUATIONS 1371739 3535 accepted 2022
S09_EVALUATIONS 1371738 3389 accepted 2036
S09_EVALUATIONS 1371740 3703 accepted 2135
S09_EVALUATIONS 1371739 3787 accepted 2187
S09_EVALUATIONS 1371738 3624 accepted 2204
S09_EVALUATIONS 1371740 3974 accepted 2299
S09_EVALUATIONS 1371739 4033 accepted 2354
S09_EVALUATIONS 1371738 3858 accepted 2374
S09_EVALUATIONS 1371740 4220 accepted 2467
S09_EVALUATIONS 1371739 4280 accepted 2528
S09_EVALUATIONS 1371738 4089 accepted 2547
S09_EVALUATIONS 1371740 4464 accepted 2638
S09_EVALUATIONS 1371739 4558 accepted 2700
S09_EVALUATIONS 1371738 4355 accepted 2722
S09_EVALUATIONS 1371740 4705 accepted 2802
S09_EVALUATIONS 1371739 4833 accepted 2871
S09_EVALUATIONS 1371738 4611 accepted 2890
S09_EVALUATIONS 1371740 4951 accepted 2967
S09_EVALUATIONS 1371739 5082 accepted 3038
S09_EVALUATIONS 1371738 4858 accepted 3063
S09_EVALUATIONS 1371740 5219 accepted 3131
S09_EVALUATIONS 1371739 5345 accepted 3205
S09_EVALUATIONS 1371738 5102 accepted 3230
S09_EVALUATIONS 1371740 5477 accepted 3290
S09_EVALUATIONS 1371739 5588 accepted 3373
S09_EVALUATIONS 1371738 5337 accepted 3398
S09_EVALUATIONS 1371740 5727 accepted 3454
S09_EVALUATIONS 1371739 5864 accepted 3539
S09_EVALUATIONS 1371738 5567 accepted 3566
S09_EVALUATIONS 1371740 5971 accepted 3615
S09_EVALUATIONS 1371739 6135 accepted 3707
S09_EVALUATIONS 1371738 5805 accepted 3732
S09_EVALUATIONS 1371740 6212 accepted 3780
S09_EVALUATIONS 1371739 6380 accepted 3873
S09_EVALUATIONS 1371738 6066 accepted 3902
S09_EVALUATIONS 1371740 6467 accepted 3945
S09_EVALUATIONS 1371739 6639 accepted 4041
S09_EVALUATIONS 1371738 6301 accepted 4070
S09_EVALUATIONS 1371740 6721 accepted 4102
S09_EVALUATIONS 1371738 6564 accepted 4234
S09_EVALUATIONS 1371739 6880 accepted 4204
S09_EVALUATIONS 1371740 6983 accepted 4265
S09_EVALUATIONS 1371739 7115 accepted 4368
S09_EVALUATIONS 1371738 6788 accepted 4398
S09_EVALUATIONS 1371740 7225 accepted 4429
S09_EVALUATIONS 1371739 7418 accepted 4540
S09_EVALUATIONS 1371738 7012 accepted 4570
S09_EVALUATIONS 1371740 7472 accepted 4598
S09_EVALUATIONS 1371738 7259 accepted 4741
S09_EVALUATIONS 1371739 7675 accepted 4709
S09_EVALUATIONS 1371740 7712 accepted 4762
S09_EVALUATIONS 1371738 7499 accepted 4910
S09_EVALUATIONS 1371739 7940 accepted 4878
S09_EVALUATIONS 1371740 7954 accepted 4925
S09_EVALUATIONS 1371738 7732 accepted 5078
S09_EVALUATIONS 1371739 8187 accepted 5046
S09_BIN_LEVEL q1_p0 0 [233.26080347373292, 209.15708540732606] errors [3.4690134774315418, 2.986110089008818] checks {'finite_statistics': True, 'requested_precision': True, 'independent_iteration_groups': True, 'iteration_consistency': True, 'channel_sum': True}
S09_BIN_DONE q1_p0 [233.26080347373292, 209.15708540732606] errors [3.4690134774315418, 2.986110089008818]
S09_EVALUATIONS 1371740 8228 accepted 5087
S09_EVALUATIONS 1371738 7970 accepted 5244
S09_BIN_LEVEL q2_p0 0 [165.72727972616863, 146.90918772965088] errors [2.187882299847214, 1.9468637207023844] checks {'finite_statistics': True, 'requested_precision': True, 'independent_iteration_groups': True, 'iteration_consistency': True, 'channel_sum': True}
S09_BIN_DONE q2_p0 [165.72727972616863, 146.90918772965088] errors [2.187882299847214, 1.9468637207023844]
S09_EVALUATIONS 1371738 8195 accepted 5403
S09_BIN_LEVEL q0_p0 0 [226.40282800202075, 193.41704761277393] errors [12.740911282987728, 12.445640169436757] checks {'finite_statistics': True, 'requested_precision': False, 'independent_iteration_groups': True, 'iteration_consistency': True, 'channel_sum': True}
S09_EVALUATIONS 1371738 8401 accepted 5544
S09_EVALUATIONS 1371738 8606 accepted 5682
S09_EVALUATIONS 1371738 8816 accepted 5825
S09_EVALUATIONS 1371738 9026 accepted 5972
S09_EVALUATIONS 1371738 9236 accepted 6120
S09_EVALUATIONS 1371738 9448 accepted 6270
S09_EVALUATIONS 1371738 9638 accepted 6423
S09_EVALUATIONS 1371738 9876 accepted 6571
S09_EVALUATIONS 1371738 10073 accepted 6716
S09_EVALUATIONS 1371738 10254 accepted 6856
S09_EVALUATIONS 1371738 10442 accepted 6997
S09_EVALUATIONS 1371738 10640 accepted 7136
S09_EVALUATIONS 1371738 10818 accepted 7273
S09_WARMUP q0_p0 1 [66.9(1.5) 57.9(1.2)]
S09_EVALUATIONS 1371738 11007 accepted 7410
S09_EVALUATIONS 1371738 11166 accepted 7545
S09_EVALUATIONS 1371738 11392 accepted 7682
S09_EVALUATIONS 1371738 11552 accepted 7822
S09_EVALUATIONS 1371738 11747 accepted 7961
S09_EVALUATIONS 1371738 11935 accepted 8100
S09_EVALUATIONS 1371738 12145 accepted 8240
S09_EVALUATIONS 1371738 12345 accepted 8386
S09_EVALUATIONS 1371738 12534 accepted 8534
S09_EVALUATIONS 1371738 12758 accepted 8682
S09_EVALUATIONS 1371738 12961 accepted 8829
S09_EVALUATIONS 1371738 13186 accepted 8976
S09_EVALUATIONS 1371738 13383 accepted 9120
S09_EVALUATIONS 1371738 13583 accepted 9261
S09_EVALUATIONS 1371738 13741 accepted 9399
S09_EVALUATIONS 1371738 13982 accepted 9536
S09_EVALUATIONS 1371738 14144 accepted 9675
S09_EVALUATIONS 1371738 14349 accepted 9813
S09_EVALUATIONS 1371738 14528 accepted 9949
S09_EVALUATIONS 1371738 14715 accepted 10084
S09_EVALUATIONS 1371738 14916 accepted 10221
S09_EVALUATIONS 1371738 15108 accepted 10363
S09_EVALUATIONS 1371738 15311 accepted 10506
S09_EVALUATIONS 1371738 15477 accepted 10648
S09_EVALUATIONS 1371738 15728 accepted 10796
S09_EVALUATIONS 1371738 15903 accepted 10946
S09_EVALUATIONS 1371738 16136 accepted 11094
S09_EVALUATIONS 1371738 16303 accepted 11237
S09_EVALUATIONS 1371738 16512 accepted 11376
S09_EVALUATIONS 1371738 16691 accepted 11516
S09_EVALUATIONS 1371738 16893 accepted 11656
S09_EVALUATIONS 1371738 17085 accepted 11791
S09_EVALUATIONS 1371738 17270 accepted 11927
S09_EVALUATIONS 1371738 17458 accepted 12063
S09_EVALUATIONS 1371738 17617 accepted 12201
S09_EVALUATIONS 1371738 17820 accepted 12339
S09_EVALUATIONS 1371738 18003 accepted 12473
S09_EVALUATIONS 1371738 18187 accepted 12610
S09_EVALUATIONS 1371738 18389 accepted 12753
S09_EVALUATIONS 1371738 18574 accepted 12899
S09_EVALUATIONS 1371738 18788 accepted 13044
S09_EVALUATIONS 1371738 18973 accepted 13191
S09_EVALUATIONS 1371738 19201 accepted 13332
S09_EVALUATIONS 1371738 19365 accepted 13476
S09_EVALUATIONS 1371738 19608 accepted 13618
S09_EVALUATIONS 1371738 19766 accepted 13755
S09_EVALUATIONS 1371738 19975 accepted 13888
S09_EVALUATIONS 1371738 20147 accepted 14025
S09_EVALUATIONS 1371738 20353 accepted 14162
S09_EVALUATIONS 1371738 20534 accepted 14299
S09_EVALUATIONS 1371738 20690 accepted 14433
S09_EVALUATIONS 1371738 20909 accepted 14568
S09_EVALUATIONS 1371738 21064 accepted 14704
S09_EVALUATIONS 1371738 21257 accepted 14842
S09_EVALUATIONS 1371738 21426 accepted 14978
S09_EVALUATIONS 1371738 21604 accepted 15115
S09_EVALUATIONS 1371738 21813 accepted 15256
S09_EVALUATIONS 1371738 21982 accepted 15403
S09_EVALUATIONS 1371738 22218 accepted 15549
S09_EVALUATIONS 1371738 22377 accepted 15686
S09_EVALUATIONS 1371738 22597 accepted 15825
S09_EVALUATIONS 1371738 22762 accepted 15963
S09_EVALUATIONS 1371738 22960 accepted 16101
S09_EVALUATIONS 1371738 23139 accepted 16240
S09_EVALUATIONS 1371738 23320 accepted 16376
S09_EVALUATIONS 1371738 23524 accepted 16517
S09_EVALUATIONS 1371738 23686 accepted 16663
S09_EVALUATIONS 1371738 23925 accepted 16808
S09_EVALUATIONS 1371738 24086 accepted 16950
S09_EVALUATIONS 1371738 24288 accepted 17090
S09_EVALUATIONS 1371738 24486 accepted 17240
S09_EVALUATIONS 1371738 24710 accepted 17393
S09_BIN_LEVEL q0_p0 1 [232.26048136195593, 199.45303261796124] errors [1.9905215989978486, 1.733056687764002] checks {'finite_statistics': True, 'requested_precision': True, 'independent_iteration_groups': True, 'iteration_consistency': True, 'channel_sum': True}
S09_BIN_DONE q0_p0 [232.26048136195593, 199.45303261796124] errors [1.9905215989978486, 1.733056687764002]
