"PASS: ""explicit authorized single local kernel"
"PASS: ""bound complete local source"
"PASS: ""pinned input Hgg/s08_mapping_inputs_result/s08_component_0008.wl"
"PASS: ""pinned input Hgg/s08_mapping_inputs_result/s08_recovery_execution.json"
"PASS: ""pinned input common/s08_inputs.json"
"PASS: ""pinned input common/s08_result/reference/s03_real_families.wl"
"PASS: ""pinned input common/s08_result/reference/s11_real_master_coefficients.wl"
"PASS: ""pinned input Hgg/s05_result/s05_result.wl"
"PASS: ""pinned input common/s06_result/s06_result.wl"
"PASS: ""pinned input common/s06_result/reference/s02_result.wl"
"PASS: ""pinned input common/s06_result/reference/s04_result.wl"
"PASS: ""pinned input common/s08_result/reference/s08_map_real_spin_before_known_denominator.wls"
"PASS: ""pinned input common/s08_resume_Hqg_polynomial_maps.wls"
"PASS: ""pinned input common/s08_map_Hgg_component_inputs.wls"
"PASS: ""pinned input common/s08_map_Hgg_factored_inputs.wls"
"PASS: ""pinned input common/s05_project_Hgg_piecewise_storage.wls"
"PASS: ""pinned input Hgg/s05_result/s05_metadata.wl"
"PASS: ""pinned input Hgg/s05_result/s05_component_manifest.json"
"PASS: ""pinned input Hgg/s05_result/s05_execution.json"
"PASS: ""pinned input Hgq/s08_certified_denominator_result/s08_result.wl"
"PASS: ""pinned input misc/s06_imported_groups.json"
"PASS: ""pinned input Hqg/s08_polynomial_group_result/s08_result.wl"
"PASS: ""pinned input Hqg/s08_polynomial_group_result/s08_execution.json"
"PASS: ""pinned input Hgg/s08_factored_atom_certificate_result/s08_result.wl"
"PASS: ""pinned input Hgg/s08_factored_atom_certificate_result/s08_execution.json"
"PASS: ""pinned input Hgg/s08_scalar_certificate_result/s08_result.wl"
"PASS: ""pinned input Hgg/s08_scalar_certificate_result/s08_execution.json"
"PASS: ""pinned input Hgg/s08_compact_groups_result/s08_result.wl"
"PASS: ""pinned input Hgg/s08_compact_groups_result/s08_execution.json"
"PASS: ""pinned input Hgg/s08_external_factor_result/s08_result.wl"
"PASS: ""pinned input Hgg/s08_external_factor_result/s08_execution.json"
"PASS: ""pinned input Hgg/s08_response_read_result/s08_result.wl"
"PASS: ""pinned input Hgg/s08_response_read_result/s08_execution.json"
"PASS: ""pinned input Hgg/s05_projected_components_result/Photon_4/s05_payload_0018.txt"
"PASS: ""pinned input Hgg/s05_projected_components_result/Photon_4/s05_payload_0022.txt"
"PASS: ""pinned input Hgg/s05_projected_components_result/Photon_4/s05_payload_0019.txt"
"PASS: ""pinned input Hgg/s05_projected_components_result/Photon_4/s05_payload_0015.txt"
"PASS: ""pinned input Hgg/s05_projected_components_result/Photon_4/s05_payload_0008.txt"
"PASS: ""pinned input Hgg/s05_projected_components_result/Photon_4/s05_payload_0014.txt"
"PASS: ""pinned input Hgg/s05_projected_components_result/Photon_4/s05_payload_0005.txt"
"PASS: ""pinned input Hgg/s05_projected_components_result/Photon_4/s05_payload_0023.txt"
"PASS: ""pinned input Hgg/s05_projected_components_result/Photon_4/s05_payload_0010.txt"
"PASS: ""pinned input Hgg/s05_projected_components_result/Photon_4/s05_payload_0006.txt"
"PASS: ""pinned input Hgg/s05_projected_components_result/Photon_4/s05_payload_0027.txt"
"PASS: ""pinned input Hgg/s05_projected_components_result/Photon_4/s05_payload_0004.txt"
"PASS: ""pinned input Hgg/s05_projected_components_result/Photon_4/s05_payload_0011.txt"
"PASS: ""pinned input Hgg/s05_projected_components_result/Photon_4/s05_payload_0001.txt"
"PASS: ""pinned input Hgg/s05_projected_components_result/Photon_4/s05_payload_0012.txt"
"PASS: ""pinned input Hgg/s05_projected_components_result/Photon_4/s05_payload_0003.txt"
"PASS: ""pinned input Hgg/s05_projected_components_result/Photon_4/s05_payload_0028.txt"
"PASS: ""pinned input Hgg/s05_projected_components_result/Photon_4/s05_execution.json"
"PASS: ""pinned input Hgg/s05_projected_components_result/Photon_4/s05_payload_0007.txt"
"PASS: ""pinned input Hgg/s05_projected_components_result/Photon_4/s05_payload_0025.txt"
"PASS: ""pinned input Hgg/s05_projected_components_result/Photon_4/s05_checks.json"
"PASS: ""pinned input Hgg/s05_projected_components_result/Photon_4/s05_result.wl"
"PASS: ""pinned input Hgg/s05_projected_components_result/Photon_4/s05_payload_0009.txt"
"PASS: ""pinned input Hgg/s05_projected_components_result/Photon_4/s05_payload_0016.txt"
"PASS: ""pinned input Hgg/s05_projected_components_result/Photon_4/s05_payload_0013.txt"
"PASS: ""pinned input Hgg/s05_projected_components_result/Photon_4/s05_payload_0026.txt"
"PASS: ""pinned input Hgg/s05_projected_components_result/Photon_4/s05_payload_manifest.json"
"PASS: ""pinned input Hgg/s05_projected_components_result/Photon_4/s05_payload_0017.txt"
"PASS: ""pinned input Hgg/s05_projected_components_result/Photon_4/s05_payload_0002.txt"
"PASS: ""pinned input Hgg/s05_projected_components_result/Photon_4/s05_payload_0021.txt"
"PASS: ""pinned input Hgg/s05_projected_components_result/Photon_4/s05_payload_0024.txt"
"PASS: ""pinned input Hgg/s05_projected_components_result/Photon_4/s05_payload_0020.txt"
"PASS: ""pinned input misc/s06_work/cache/s08_Hgg_grouped/244be3fbf4bd6c97320bdf9194b8d1744e45b97597929aba9717bf70927353ec_numeric_phase/component_38_outer_1_group_0001.wl"
"PASS: ""pinned input misc/s06_work/cache/s08_Hgg_grouped/244be3fbf4bd6c97320bdf9194b8d1744e45b97597929aba9717bf70927353ec_numeric_phase/component_38_outer_1_group_0002.wl"
"PASS: ""pinned input misc/s06_work/cache/s08_Hgg_grouped/244be3fbf4bd6c97320bdf9194b8d1744e45b97597929aba9717bf70927353ec_numeric_phase/component_38_outer_1_group_0003.wl"
"PASS: ""pinned input misc/s06_work/cache/s08_Hgg_grouped/244be3fbf4bd6c97320bdf9194b8d1744e45b97597929aba9717bf70927353ec_numeric_phase/component_38_outer_1_group_0004.wl"
"PASS: ""pinned input misc/s06_work/cache/s08_Hgg_grouped/244be3fbf4bd6c97320bdf9194b8d1744e45b97597929aba9717bf70927353ec_numeric_phase/component_38_outer_1_group_0005.wl"
"PASS: ""pinned input misc/s06_work/cache/s08_Hgg_grouped/244be3fbf4bd6c97320bdf9194b8d1744e45b97597929aba9717bf70927353ec_numeric_phase/component_38_outer_1_group_0006.wl"
"PASS: ""pinned input misc/s06_work/cache/s08_Hgg_grouped/244be3fbf4bd6c97320bdf9194b8d1744e45b97597929aba9717bf70927353ec_numeric_phase/component_38_outer_1_group_0007.wl"
"PASS: ""pinned input misc/s06_work/cache/s08_Hgg_grouped/244be3fbf4bd6c97320bdf9194b8d1744e45b97597929aba9717bf70927353ec_numeric_phase/component_38_outer_1_group_0008.wl"
"PASS: ""pinned input misc/s06_work/cache/s08_Hgg_grouped/244be3fbf4bd6c97320bdf9194b8d1744e45b97597929aba9717bf70927353ec_numeric_phase/component_38_outer_1_group_0009.wl"
"PASS: ""pinned input misc/s06_work/cache/s08_Hgg_grouped/244be3fbf4bd6c97320bdf9194b8d1744e45b97597929aba9717bf70927353ec_numeric_phase/component_38_outer_1_group_0010.wl"
"PASS: ""pinned input misc/s06_work/cache/s08_Hgg_grouped/244be3fbf4bd6c97320bdf9194b8d1744e45b97597929aba9717bf70927353ec_numeric_phase/component_38_outer_1_group_0011.wl"
"PASS: ""pinned input misc/s06_work/cache/s08_Hgg_grouped/244be3fbf4bd6c97320bdf9194b8d1744e45b97597929aba9717bf70927353ec_numeric_phase/component_38_outer_1_group_0012.wl"
"PASS: ""pinned input misc/s06_work/cache/s08_Hgg_grouped/244be3fbf4bd6c97320bdf9194b8d1744e45b97597929aba9717bf70927353ec_numeric_phase/component_38_outer_1_group_0013.wl"
"PASS: ""pinned input misc/s06_work/cache/s08_Hgg_grouped/244be3fbf4bd6c97320bdf9194b8d1744e45b97597929aba9717bf70927353ec_numeric_phase/component_38_outer_1_group_0014.wl"
"PASS: ""pinned input misc/s06_work/cache/s08_Hgg_grouped/244be3fbf4bd6c97320bdf9194b8d1744e45b97597929aba9717bf70927353ec_numeric_phase/component_38_outer_1_group_0015.wl"
"PASS: ""pinned input misc/s06_work/cache/s08_Hgg_grouped/244be3fbf4bd6c97320bdf9194b8d1744e45b97597929aba9717bf70927353ec_numeric_phase/component_38_outer_1_group_0016.wl"
"PASS: ""pinned input misc/s06_work/cache/s08_Hgg_grouped/244be3fbf4bd6c97320bdf9194b8d1744e45b97597929aba9717bf70927353ec_numeric_phase/component_38_outer_1_group_0017.wl"
"PASS: ""pinned input misc/s06_work/cache/s08_Hgg_grouped/244be3fbf4bd6c97320bdf9194b8d1744e45b97597929aba9717bf70927353ec_numeric_phase/component_38_outer_1_group_0018.wl"
"PASS: ""pinned input misc/s06_work/cache/s08_Hgg_grouped/244be3fbf4bd6c97320bdf9194b8d1744e45b97597929aba9717bf70927353ec_numeric_phase/component_38_outer_1_group_0019.wl"
"PASS: ""pinned input misc/s06_work/cache/s08_Hgg_grouped/244be3fbf4bd6c97320bdf9194b8d1744e45b97597929aba9717bf70927353ec_numeric_phase/component_38_outer_1_group_0020.wl"
"PASS: ""pinned input misc/s06_work/cache/s08_Hgg_grouped/244be3fbf4bd6c97320bdf9194b8d1744e45b97597929aba9717bf70927353ec_numeric_phase/component_38_outer_1_group_0021.wl"
"PASS: ""pinned input misc/s06_result/reference/full_response_attempt/s06_map_Hgg_local.wls"
"PASS: ""pinned input misc/s06_result/reference/full_response_attempt/s06_inputs.json"
"PASS: ""pinned input misc/s06_result/reference/full_response_attempt/s06_control.wl"
"PASS: ""pinned input misc/s06_result/reference/full_response_attempt/s06_execution.json"
"PASS: ""pinned input misc/s06_result/reference/full_response_attempt/s06.log"
"PASS: ""accepted receipt Hgg/s08_mapping_inputs_result/s08_component_0008.wl"
"PASS: ""accepted checks Hgg/s08_mapping_inputs_result/s08_component_0008.wl"
"PASS: ""own complete Hgg native input"
"PASS: ""same FeynCalc serialization version"
"PASS: ""unchanged scientific input common/s08_inputs.json"
"PASS: ""unchanged scientific input common/s08_result/reference/s03_real_families.wl"
"PASS: ""unchanged scientific input common/s08_result/reference/s11_real_master_coefficients.wl"
"PASS: ""unchanged scientific input Hgg/s05_result/s05_result.wl"
"PASS: ""unchanged scientific input common/s06_result/s06_result.wl"
"PASS: ""unchanged scientific input common/s06_result/reference/s02_result.wl"
"PASS: ""unchanged scientific input common/s06_result/reference/s04_result.wl"
"PASS: ""unique reviewed source block common/s08_result/reference/s08_map_real_spin_before_known_denominator.wls"
"PASS: ""complete source block syntax common/s08_result/reference/s08_map_real_spin_before_known_denominator.wls"
"PASS: ""exact own original mapping definitions"
"PASS: ""accepted receipt Hqg/s08_polynomial_group_result/s08_result.wl"
"PASS: ""accepted checks Hqg/s08_polynomial_group_result/s08_result.wl"
"PASS: ""accepted reusable polynomial contract"
"PASS: ""unchanged exact native writer"
"PASS: ""accepted receipt Hgg/s08_factored_atom_certificate_result/s08_result.wl"
"PASS: ""accepted checks Hgg/s08_factored_atom_certificate_result/s08_result.wl"
"PASS: ""accepted exact atom implementation"
"PASS: ""accepted receipt Hgg/s08_scalar_certificate_result/s08_result.wl"
"PASS: ""accepted checks Hgg/s08_scalar_certificate_result/s08_result.wl"
"PASS: ""accepted exact scalar certificates"
"PASS: ""accepted receipt Hgg/s08_compact_groups_result/s08_result.wl"
"PASS: ""accepted checks Hgg/s08_compact_groups_result/s08_result.wl"
"PASS: ""accepted compact grouping contract"
"PASS: ""only accepted piece mapper installed"
"PASS: ""accepted receipt Hgg/s08_external_factor_result/s08_result.wl"
"PASS: ""accepted checks Hgg/s08_external_factor_result/s08_result.wl"
"PASS: ""accepted exact external-factor implementation"
"PASS: ""unique reviewed source block common/s08_resume_Hqg_polynomial_maps.wls"
"PASS: ""complete source block syntax common/s08_resume_Hqg_polynomial_maps.wls"
"PASS: ""accepted receipt Hgg/s08_response_read_result/s08_result.wl"
"PASS: ""accepted checks Hgg/s08_response_read_result/s08_result.wl"
"PASS: ""accepted input reader native version"
"PASS: ""unique reviewed source block common/s08_map_Hgg_component_inputs.wls"
"PASS: ""complete source block syntax common/s08_map_Hgg_component_inputs.wls"
"PASS: ""unique accepted payload read"
"PASS: ""complete single-component reader syntax"
"PASS: ""accepted complete metadata"
"PASS: ""Hgg accepted bounded component interface"
"PASS: ""Hgg complete distinct native task inventory"
"PASS: ""Hgg deferred tasks retain exact ordering"
"HGG_COMPONENT_TASKS "98" metadata_bytes "84640
"PASS: ""own native task identity"
"PASS: ""selected components exist"
"PASS: ""accepted original scalar reduction"
"PASS: ""scientific group identity matches imported checkpoints"
"PASS: ""prior run stopped only at whole-response resource bound"
"PASS: ""authentic prior successful control within bounded run"
"PASS: ""unchanged entire accepted mapper setup"
"PASS: ""unchanged complete own coefficient comparison"
"PASS: ""all prior mapping inputs unchanged"
"PASS: ""prior native control preserved byte for byte"
"LOCAL_COMPLETE_OWN_COMPARISON_REUSED unchanged mapper; whole-response resource failure excluded"
"PASS: ""accepted exact local runtime comparison"
"LOCAL_HGG_COMPONENT_START "38" "InputForm[<|"Sector" -> "Real", "Kind" -> "ExtendedResponse", "Index" -> {4, 1, 5}|>]
"PASS: ""selected input exact native identity"
"PASS: ""selected piece belongs to response"
"PASS: ""unique saved response shape"
"PASS: ""accepted exact piecewise serialization"
"PASS: ""complete stored response slot count"
"PASS: ""selected read matches original writer ordering"
"PASS: ""exact selected-reader interfaces"
"PASS: ""all native payload identity checks retained"
"PASS: ""selected response retains original metadata"
"PASS: ""only requested response entry decompressed"
"LOCAL_SELECTED_ENTRY_BYTES "38" "620727744
"LOCAL_HGG_INPUT_BYTES "38" "842864032
"PASS: ""exact nonzero numeric outer factor"
"PASS: ""complete outer phase-term inventory"
"NUMERIC_PHASE_OUTER_TERMS ""component_38"" count "2
"PASS: ""exact nonzero numeric outer factor"
"NUMERIC_PHASE_MAP ""component_38_outer_1"" factor "InputForm[1/2]" additive_terms "62
"PASS: ""complete additive input reconstruction"
"PASS: ""original explicit rational input reconstructs"
"PASS: ""explicit numerator is a loop polynomial"
"PASS: ""explicit denominator is a loop polynomial"
"PASS: ""every loop-dependent factor is a generated propagator"
"PASS: ""denominator ratio is loop independent"
"PASS: ""complete denominator scale reconstructs"
"PASS: ""atom extraction leaves a polynomial numerator"
"PASS: ""certificate original additive inventory"
"PASS: ""certificate exact original rational numerator"
"PASS: ""certificate exact actual prefactor"
"PASS: ""native exact atom denominator identity"
"PASS: ""atom identity specializes to the original input"
"PASS: ""atom identity specializes to the actual reconstructed term"
"PASS: ""every original term reconstructs exactly"
"PASS: ""group partition covers each original term exactly once"
"PASS: ""every grouped numerator is its complete exact sum"
"PASS: ""native complete linear grouping identity"
"PASS: ""formal identity specializes to every original reconstructed term"
"PASS: ""formal identity specializes to every actual group"
"PASS: ""complete denominator-group reconstruction"
"GROUPED_MAP_INPUT ""component_38_outer_1"" groups "36" bytes "414706448
"GROUPED_MAP_PIECE ""component_38_outer_1"" "22"/"36" powers "{0, 2, 1, 0, 1, 0}
"PASS: ""outer additive pieces reconstruct exactly"
"POLYNOMIAL_PIECES "2" bytes "{8967312, 9136392}
"POLYNOMIAL_PIECE_START "1"/"2
"PASS: ""exact external factor reconstructs the whole input"
"PASS: ""external factor has no loop coordinate"
"EXTERNAL_FACTOR_INPUT "InputForm[-1/8*((-4 + D)*eq^2*(-1 + SUNN)*(1 + SUNN)*transverseK)/((-3 + D)*(-1 + D)*Q*(Q^2 + s)*SUNN*(Q^2 + s - s23 + t)^3*(Q^4 + Q^2*s - 2*Q^2*s23 + Q^2*t - s*t)^2*(Q^2*s23 + s*t)^3)]
"PASS: ""original explicit rational input reconstructs"
"PASS: ""explicit numerator is a loop polynomial"
"PASS: ""explicit denominator is a loop polynomial"
"PASS: ""every loop-dependent factor is a generated propagator"
"PASS: ""denominator ratio is loop independent"
"PASS: ""complete denominator scale reconstructs"
"PASS: ""atom extraction leaves a polynomial numerator"
"PASS: ""nonzero affine relation for dependent propagators"
"PASS: ""relation constant is independent of loop coordinates"
"PASS: ""every independent denominator set has a family"
"POLYNOMIAL_FAMILY_INPUT ""R09"
"PASS: ""original family numerator polynomial"
"PASS: ""family denominator is a Laurent monomial"
"PASS: ""original numerator coefficients reconstruct"
"PASS: ""loop monomial substitution reconstructs"
"PASS: ""complete polynomial exponent inventory"
"PASS: ""Laurent certificate denominator is loop independent"
"PASS: ""Laurent certificate coefficients are loop independent"
"PASS: ""family coordinates invert to original loop coordinates"
"PASS: ""Laurent integral inventory is one to one"
"PASS: ""each complete family coefficient reconstructs"
"PASS: ""native full Laurent exponent identity"
"PASS: ""family Laurent coefficients reconstruct"
"POLYNOMIAL_FAMILY_INPUT ""R07"
"POLYNOMIAL_FAMILY_INPUT ""R05"
"POLYNOMIAL_FAMILY_INPUT ""R07"
"POLYNOMIAL_FAMILY_INPUT ""R05"
"PASS: ""certificate exact original rational numerator"
"PASS: ""certificate exact actual prefactor"
"PASS: ""native exact atom denominator identity"
"PASS: ""atom identity specializes to the original input"
"PASS: ""atom identity specializes to the actual reconstructed term"
"PASS: ""exact actual atom reconstruction"
"PASS: ""complete spin-independent partial fraction identity"
"PASS: ""every merged group coefficient equals its full input sum"
"PASS: ""merge partition covers each original map term once"
"PASS: ""every grouped coefficient list is unchanged"
"PASS: ""native complete map linearity identity"
"PASS: ""formal identity specializes to every original map term"
"PASS: ""formal identity specializes to every complete integral group"
"PASS: ""complete merged key inventory"
"PASS: ""complete family merge reconstructs coefficient by coefficient"
"PASS: ""complete cut-family map reconstructs the input tensor"
"PASS: ""both physical cuts remain to unit power in every target"
"PASS: ""external factor preserves the complete cut inventory"
"PASS: ""native file bound"
"PASS: ""exact native export"
"POLYNOMIAL_PIECE_DONE "1" seconds "140.147483
"POLYNOMIAL_PIECE_START "2"/"2
"PASS: ""exact external factor reconstructs the whole input"
"PASS: ""external factor has no loop coordinate"
"EXTERNAL_FACTOR_INPUT "InputForm[-1/4*((-4 + D)*eq^2*(-1 + SUNN)*(1 + SUNN)*transverseK)/((-3 + D)*(-1 + D)*Q*(Q^2 + s)*SUNN*(Q^2 + s - s23 + t)^3*(Q^4 + Q^2*s - 2*Q^2*s23 + Q^2*t - s*t)^2*(Q^2*s23 + s*t)^3)]
"PASS: ""original explicit rational input reconstructs"
"PASS: ""explicit numerator is a loop polynomial"
"PASS: ""explicit denominator is a loop polynomial"
"PASS: ""every loop-dependent factor is a generated propagator"
"PASS: ""denominator ratio is loop independent"
"PASS: ""complete denominator scale reconstructs"
"PASS: ""atom extraction leaves a polynomial numerator"
"PASS: ""every independent denominator set has a family"
"POLYNOMIAL_FAMILY_INPUT ""R09"
"PASS: ""original family numerator polynomial"
"PASS: ""family denominator is a Laurent monomial"
"PASS: ""original numerator coefficients reconstruct"
"PASS: ""loop monomial substitution reconstructs"
"PASS: ""complete polynomial exponent inventory"
"PASS: ""Laurent certificate denominator is loop independent"
"PASS: ""Laurent certificate coefficients are loop independent"
"PASS: ""family coordinates invert to original loop coordinates"
"PASS: ""Laurent integral inventory is one to one"
"PASS: ""each complete family coefficient reconstructs"
"PASS: ""native full Laurent exponent identity"
"PASS: ""family Laurent coefficients reconstruct"
"POLYNOMIAL_FAMILY_INPUT ""R07"
"POLYNOMIAL_FAMILY_INPUT ""R05"
"POLYNOMIAL_FAMILY_INPUT ""R07"
"POLYNOMIAL_FAMILY_INPUT ""R05"
"PASS: ""certificate exact original rational numerator"
"PASS: ""certificate exact actual prefactor"
"PASS: ""native exact atom denominator identity"
"PASS: ""atom identity specializes to the original input"
"PASS: ""atom identity specializes to the actual reconstructed term"
"PASS: ""exact actual atom reconstruction"
"PASS: ""complete spin-independent partial fraction identity"
"PASS: ""every merged group coefficient equals its full input sum"
"PASS: ""merge partition covers each original map term once"
"PASS: ""every grouped coefficient list is unchanged"
"PASS: ""native complete map linearity identity"
"PASS: ""formal identity specializes to every original map term"
"PASS: ""formal identity specializes to every complete integral group"
"PASS: ""complete merged key inventory"
"PASS: ""complete family merge reconstructs coefficient by coefficient"
"PASS: ""complete cut-family map reconstructs the input tensor"
"PASS: ""both physical cuts remain to unit power in every target"
"PASS: ""external factor preserves the complete cut inventory"
"PASS: ""native file bound"
"PASS: ""exact native export"
"POLYNOMIAL_PIECE_DONE "2" seconds "138.209284
"PASS: ""every merged group coefficient equals its full input sum"
"PASS: ""merge partition covers each original map term once"
"PASS: ""every grouped coefficient list is unchanged"
"PASS: ""native complete map linearity identity"
"PASS: ""formal identity specializes to every original map term"
"PASS: ""formal identity specializes to every complete integral group"
"PASS: ""complete merged key inventory"
"PASS: ""complete linear piece map reconstructs"
"PASS: ""native file bound"
"PASS: ""exact native export"
"GROUPED_MAP_PIECE ""component_38_outer_1"" "23"/"36" powers "{1, 0, 1, 1, 0, 1}
"PASS: ""outer additive pieces reconstruct exactly"
"POLYNOMIAL_PIECES "2" bytes "{10718792, 10277696}
"POLYNOMIAL_PIECE_START "1"/"2
"PASS: ""exact external factor reconstructs the whole input"
"PASS: ""external factor has no loop coordinate"
"EXTERNAL_FACTOR_INPUT "InputForm[((-4 + D)*eq^2*transverseK)/(8*(-3 + D)*(-1 + D)*Q*(Q^2 + s)*SUNN*(Q^2 + s - s23 + t)^3*(Q^4 + Q^2*s - 2*Q^2*s23 + Q^2*t - s*t)^2*(Q^2*s23 + s*t)^3)]
"PASS: ""original explicit rational input reconstructs"
"PASS: ""explicit numerator is a loop polynomial"
"PASS: ""explicit denominator is a loop polynomial"
"PASS: ""every loop-dependent factor is a generated propagator"
"PASS: ""denominator ratio is loop independent"
"PASS: ""complete denominator scale reconstructs"
"PASS: ""atom extraction leaves a polynomial numerator"
"PASS: ""nonzero affine relation for dependent propagators"
"PASS: ""relation constant is independent of loop coordinates"
"PASS: ""every independent denominator set has a family"
"POLYNOMIAL_FAMILY_INPUT ""R12"
"PASS: ""original family numerator polynomial"
"PASS: ""family denominator is a Laurent monomial"
"PASS: ""original numerator coefficients reconstruct"
"PASS: ""loop monomial substitution reconstructs"
"PASS: ""complete polynomial exponent inventory"
"PASS: ""Laurent certificate denominator is loop independent"
"PASS: ""Laurent certificate coefficients are loop independent"
"PASS: ""family coordinates invert to original loop coordinates"
"PASS: ""Laurent integral inventory is one to one"
"PASS: ""each complete family coefficient reconstructs"
"PASS: ""native full Laurent exponent identity"
"PASS: ""family Laurent coefficients reconstruct"
"POLYNOMIAL_FAMILY_INPUT ""R10"
"POLYNOMIAL_FAMILY_INPUT ""R04"
"POLYNOMIAL_FAMILY_INPUT ""R02"
"POLYNOMIAL_FAMILY_INPUT ""R01"
"PASS: ""certificate exact original rational numerator"
"PASS: ""certificate exact actual prefactor"
"PASS: ""native exact atom denominator identity"
"PASS: ""atom identity specializes to the original input"
"PASS: ""atom identity specializes to the actual reconstructed term"
"PASS: ""exact actual atom reconstruction"
"PASS: ""complete spin-independent partial fraction identity"
"PASS: ""every merged group coefficient equals its full input sum"
"PASS: ""merge partition covers each original map term once"
"PASS: ""every grouped coefficient list is unchanged"
"PASS: ""native complete map linearity identity"
"PASS: ""formal identity specializes to every original map term"
"PASS: ""formal identity specializes to every complete integral group"
"PASS: ""complete merged key inventory"
"PASS: ""complete family merge reconstructs coefficient by coefficient"
"PASS: ""complete cut-family map reconstructs the input tensor"
"PASS: ""both physical cuts remain to unit power in every target"
"PASS: ""external factor preserves the complete cut inventory"
"PASS: ""native file bound"
"PASS: ""exact native export"
"POLYNOMIAL_PIECE_DONE "1" seconds "143.435483
"POLYNOMIAL_PIECE_START "2"/"2
"PASS: ""exact external factor reconstructs the whole input"
"PASS: ""external factor has no loop coordinate"
"EXTERNAL_FACTOR_INPUT "InputForm[((-4 + D)*eq^2*transverseK)/(8*(-3 + D)*(-1 + D)*Q*(Q^2 + s)*SUNN*(Q^2 + s - s23 + t)^3*(Q^4 + Q^2*s - 2*Q^2*s23 + Q^2*t - s*t)^2*(Q^2*s23 + s*t)^3)]
"PASS: ""original explicit rational input reconstructs"
"PASS: ""explicit numerator is a loop polynomial"
"PASS: ""explicit denominator is a loop polynomial"
"PASS: ""every loop-dependent factor is a generated propagator"
"PASS: ""denominator ratio is loop independent"
"PASS: ""complete denominator scale reconstructs"
"PASS: ""atom extraction leaves a polynomial numerator"
"PASS: ""every independent denominator set has a family"
"POLYNOMIAL_FAMILY_INPUT ""R12"
"PASS: ""original family numerator polynomial"
"PASS: ""family denominator is a Laurent monomial"
"PASS: ""original numerator coefficients reconstruct"
"PASS: ""loop monomial substitution reconstructs"
"PASS: ""complete polynomial exponent inventory"
"PASS: ""Laurent certificate denominator is loop independent"
"PASS: ""Laurent certificate coefficients are loop independent"
"PASS: ""family coordinates invert to original loop coordinates"
"PASS: ""Laurent integral inventory is one to one"
"PASS: ""each complete family coefficient reconstructs"
"PASS: ""native full Laurent exponent identity"
"PASS: ""family Laurent coefficients reconstruct"
"POLYNOMIAL_FAMILY_INPUT ""R10"
"POLYNOMIAL_FAMILY_INPUT ""R04"
"POLYNOMIAL_FAMILY_INPUT ""R02"
"POLYNOMIAL_FAMILY_INPUT ""R01"
"PASS: ""certificate exact original rational numerator"
"PASS: ""certificate exact actual prefactor"
"PASS: ""native exact atom denominator identity"
"PASS: ""atom identity specializes to the original input"
"PASS: ""atom identity specializes to the actual reconstructed term"
"PASS: ""exact actual atom reconstruction"
"PASS: ""complete spin-independent partial fraction identity"
"PASS: ""every merged group coefficient equals its full input sum"
"PASS: ""merge partition covers each original map term once"
"PASS: ""every grouped coefficient list is unchanged"
"PASS: ""native complete map linearity identity"
"PASS: ""formal identity specializes to every original map term"
"PASS: ""formal identity specializes to every complete integral group"
"PASS: ""complete merged key inventory"
"PASS: ""complete family merge reconstructs coefficient by coefficient"
"PASS: ""complete cut-family map reconstructs the input tensor"
"PASS: ""both physical cuts remain to unit power in every target"
"PASS: ""external factor preserves the complete cut inventory"
"PASS: ""native file bound"
"PASS: ""exact native export"
"POLYNOMIAL_PIECE_DONE "2" seconds "130.764712
"PASS: ""every merged group coefficient equals its full input sum"
"PASS: ""merge partition covers each original map term once"
"PASS: ""every grouped coefficient list is unchanged"
"PASS: ""native complete map linearity identity"
"PASS: ""formal identity specializes to every original map term"
"PASS: ""formal identity specializes to every complete integral group"
"PASS: ""complete merged key inventory"
"PASS: ""complete linear piece map reconstructs"
"GROUPED_MAP_PIECE ""component_38_outer_1"" "24"/"36" powers "{0, 0, 1, 1, 1, 1}
"PASS: ""outer additive pieces reconstruct exactly"
"POLYNOMIAL_PIECES "2" bytes "{10751960, 10298608}
"POLYNOMIAL_PIECE_START "1"/"2
"PASS: ""exact external factor reconstructs the whole input"
"PASS: ""external factor has no loop coordinate"
"EXTERNAL_FACTOR_INPUT "InputForm[((-4 + D)*eq^2*transverseK)/(8*(-3 + D)*(-1 + D)*Q*(Q^2 + s)*SUNN*(Q^2 + s - s23 + t)^3*(Q^4 + Q^2*s - 2*Q^2*s23 + Q^2*t - s*t)^2*(Q^2*s23 + s*t)^3)]
"PASS: ""original explicit rational input reconstructs"
"PASS: ""explicit numerator is a loop polynomial"
"PASS: ""explicit denominator is a loop polynomial"
"PASS: ""every loop-dependent factor is a generated propagator"
"PASS: ""denominator ratio is loop independent"
"PASS: ""complete denominator scale reconstructs"
"PASS: ""atom extraction leaves a polynomial numerator"
"PASS: ""nonzero affine relation for dependent propagators"
"PASS: ""relation constant is independent of loop coordinates"
"PASS: ""every independent denominator set has a family"
"POLYNOMIAL_FAMILY_INPUT ""R12"
"PASS: ""original family numerator polynomial"
"PASS: ""family denominator is a Laurent monomial"
"PASS: ""original numerator coefficients reconstruct"
"PASS: ""loop monomial substitution reconstructs"
"PASS: ""complete polynomial exponent inventory"
"PASS: ""Laurent certificate denominator is loop independent"
"PASS: ""Laurent certificate coefficients are loop independent"
"PASS: ""family coordinates invert to original loop coordinates"
"PASS: ""Laurent integral inventory is one to one"
"PASS: ""each complete family coefficient reconstructs"
"PASS: ""native full Laurent exponent identity"
"PASS: ""family Laurent coefficients reconstruct"
"POLYNOMIAL_FAMILY_INPUT ""R10"
"POLYNOMIAL_FAMILY_INPUT ""R11"
"POLYNOMIAL_FAMILY_INPUT ""R09"
"PASS: ""certificate exact original rational numerator"
"PASS: ""certificate exact actual prefactor"
"PASS: ""native exact atom denominator identity"
"PASS: ""atom identity specializes to the original input"
"PASS: ""atom identity specializes to the actual reconstructed term"
"PASS: ""exact actual atom reconstruction"
"PASS: ""complete spin-independent partial fraction identity"
"PASS: ""every merged group coefficient equals its full input sum"
"PASS: ""merge partition covers each original map term once"
"PASS: ""every grouped coefficient list is unchanged"
"PASS: ""native complete map linearity identity"
"PASS: ""formal identity specializes to every original map term"
"PASS: ""formal identity specializes to every complete integral group"
"PASS: ""complete merged key inventory"
"PASS: ""complete family merge reconstructs coefficient by coefficient"
"PASS: ""complete cut-family map reconstructs the input tensor"
"PASS: ""both physical cuts remain to unit power in every target"
"PASS: ""external factor preserves the complete cut inventory"
"PASS: ""native file bound"
"PASS: ""exact native export"
"POLYNOMIAL_PIECE_DONE "1" seconds "132.038508
"POLYNOMIAL_PIECE_START "2"/"2
"PASS: ""exact external factor reconstructs the whole input"
"PASS: ""external factor has no loop coordinate"
"EXTERNAL_FACTOR_INPUT "InputForm[((-4 + D)*eq^2*transverseK)/(8*(-3 + D)*(-1 + D)*Q*(Q^2 + s)*SUNN*(Q^2 + s - s23 + t)^3*(Q^4 + Q^2*s - 2*Q^2*s23 + Q^2*t - s*t)^2*(Q^2*s23 + s*t)^3)]
"PASS: ""original explicit rational input reconstructs"
"PASS: ""explicit numerator is a loop polynomial"
"PASS: ""explicit denominator is a loop polynomial"
"PASS: ""every loop-dependent factor is a generated propagator"
"PASS: ""denominator ratio is loop independent"
"PASS: ""complete denominator scale reconstructs"
"PASS: ""atom extraction leaves a polynomial numerator"
"PASS: ""every independent denominator set has a family"
"POLYNOMIAL_FAMILY_INPUT ""R12"
"PASS: ""original family numerator polynomial"
"PASS: ""family denominator is a Laurent monomial"
"PASS: ""original numerator coefficients reconstruct"
"PASS: ""loop monomial substitution reconstructs"
"PASS: ""complete polynomial exponent inventory"
"PASS: ""Laurent certificate denominator is loop independent"
"PASS: ""Laurent certificate coefficients are loop independent"
"PASS: ""family coordinates invert to original loop coordinates"
"PASS: ""Laurent integral inventory is one to one"
"PASS: ""each complete family coefficient reconstructs"
"PASS: ""native full Laurent exponent identity"
"PASS: ""family Laurent coefficients reconstruct"
"POLYNOMIAL_FAMILY_INPUT ""R10"
"POLYNOMIAL_FAMILY_INPUT ""R11"
"POLYNOMIAL_FAMILY_INPUT ""R09"
"PASS: ""certificate exact original rational numerator"
"PASS: ""certificate exact actual prefactor"
"PASS: ""native exact atom denominator identity"
"PASS: ""atom identity specializes to the original input"
"PASS: ""atom identity specializes to the actual reconstructed term"
"PASS: ""exact actual atom reconstruction"
"PASS: ""complete spin-independent partial fraction identity"
"PASS: ""every merged group coefficient equals its full input sum"
"PASS: ""merge partition covers each original map term once"
"PASS: ""every grouped coefficient list is unchanged"
"PASS: ""native complete map linearity identity"
"PASS: ""formal identity specializes to every original map term"
"PASS: ""formal identity specializes to every complete integral group"
"PASS: ""complete merged key inventory"
"PASS: ""complete family merge reconstructs coefficient by coefficient"
"PASS: ""complete cut-family map reconstructs the input tensor"
"PASS: ""both physical cuts remain to unit power in every target"
"PASS: ""external factor preserves the complete cut inventory"
"PASS: ""native file bound"
"PASS: ""exact native export"
"POLYNOMIAL_PIECE_DONE "2" seconds "125.177716
"PASS: ""every merged group coefficient equals its full input sum"
"PASS: ""merge partition covers each original map term once"
"PASS: ""every grouped coefficient list is unchanged"
"PASS: ""native complete map linearity identity"
"PASS: ""formal identity specializes to every original map term"
"PASS: ""formal identity specializes to every complete integral group"
"PASS: ""complete merged key inventory"
"PASS: ""complete linear piece map reconstructs"
"GROUPED_MAP_PIECE ""component_38_outer_1"" "25"/"36" powers "{0, 1, 1, 1, 1, 0}
"PASS: ""outer additive pieces reconstruct exactly"
"POLYNOMIAL_PIECES "2" bytes "{9931184, 10446576}
"POLYNOMIAL_PIECE_START "1"/"2
"PASS: ""exact external factor reconstructs the whole input"
"PASS: ""external factor has no loop coordinate"
"EXTERNAL_FACTOR_INPUT "InputForm[((-4 + D)*eq^2*transverseK)/(8*(-3 + D)*(-1 + D)*Q*(Q^2 + s)*SUNN*(Q^2 + s - s23 + t)^3*(Q^4 + Q^2*s - 2*Q^2*s23 + Q^2*t - s*t)^2*(Q^2*s23 + s*t)^3)]
"PASS: ""original explicit rational input reconstructs"
"PASS: ""explicit numerator is a loop polynomial"
"PASS: ""explicit denominator is a loop polynomial"
"PASS: ""every loop-dependent factor is a generated propagator"
"PASS: ""denominator ratio is loop independent"
"PASS: ""complete denominator scale reconstructs"
"PASS: ""atom extraction leaves a polynomial numerator"
"PASS: ""nonzero affine relation for dependent propagators"
"PASS: ""relation constant is independent of loop coordinates"
"PASS: ""every independent denominator set has a family"
"POLYNOMIAL_FAMILY_INPUT ""R11"
"PASS: ""original family numerator polynomial"
"PASS: ""family denominator is a Laurent monomial"
"PASS: ""original numerator coefficients reconstruct"
"PASS: ""loop monomial substitution reconstructs"
"PASS: ""complete polynomial exponent inventory"
"PASS: ""Laurent certificate denominator is loop independent"
"PASS: ""Laurent certificate coefficients are loop independent"
"PASS: ""family coordinates invert to original loop coordinates"
"PASS: ""Laurent integral inventory is one to one"
"PASS: ""each complete family coefficient reconstructs"
"PASS: ""native full Laurent exponent identity"
"PASS: ""family Laurent coefficients reconstruct"
"POLYNOMIAL_FAMILY_INPUT ""R09"
"POLYNOMIAL_FAMILY_INPUT ""R07"
"POLYNOMIAL_FAMILY_INPUT ""R06"
"POLYNOMIAL_FAMILY_INPUT ""R05"
"PASS: ""certificate exact original rational numerator"
"PASS: ""certificate exact actual prefactor"
"PASS: ""native exact atom denominator identity"
"PASS: ""atom identity specializes to the original input"
"PASS: ""atom identity specializes to the actual reconstructed term"
"PASS: ""exact actual atom reconstruction"
"PASS: ""complete spin-independent partial fraction identity"
"PASS: ""every merged group coefficient equals its full input sum"
"PASS: ""merge partition covers each original map term once"
"PASS: ""every grouped coefficient list is unchanged"
"PASS: ""native complete map linearity identity"
"PASS: ""formal identity specializes to every original map term"
"PASS: ""formal identity specializes to every complete integral group"
"PASS: ""complete merged key inventory"
"PASS: ""complete family merge reconstructs coefficient by coefficient"
"PASS: ""complete cut-family map reconstructs the input tensor"
"PASS: ""both physical cuts remain to unit power in every target"
"PASS: ""external factor preserves the complete cut inventory"
"PASS: ""native file bound"
"PASS: ""exact native export"
"POLYNOMIAL_PIECE_DONE "1" seconds "140.557406
"POLYNOMIAL_PIECE_START "2"/"2
"PASS: ""exact external factor reconstructs the whole input"
"PASS: ""external factor has no loop coordinate"
"EXTERNAL_FACTOR_INPUT "InputForm[((-4 + D)*eq^2*transverseK)/(8*(-3 + D)*(-1 + D)*Q*(Q^2 + s)*SUNN*(Q^2 + s - s23 + t)^3*(Q^4 + Q^2*s - 2*Q^2*s23 + Q^2*t - s*t)^2*(Q^2*s23 + s*t)^3)]
"PASS: ""original explicit rational input reconstructs"
"PASS: ""explicit numerator is a loop polynomial"
"PASS: ""explicit denominator is a loop polynomial"
"PASS: ""every loop-dependent factor is a generated propagator"
"PASS: ""denominator ratio is loop independent"
"PASS: ""complete denominator scale reconstructs"
"PASS: ""atom extraction leaves a polynomial numerator"
"PASS: ""every independent denominator set has a family"
"POLYNOMIAL_FAMILY_INPUT ""R11"
"PASS: ""original family numerator polynomial"
"PASS: ""family denominator is a Laurent monomial"
"PASS: ""original numerator coefficients reconstruct"
"PASS: ""loop monomial substitution reconstructs"
"PASS: ""complete polynomial exponent inventory"
"PASS: ""Laurent certificate denominator is loop independent"
"PASS: ""Laurent certificate coefficients are loop independent"
"PASS: ""family coordinates invert to original loop coordinates"
"PASS: ""Laurent integral inventory is one to one"
"PASS: ""each complete family coefficient reconstructs"
"PASS: ""native full Laurent exponent identity"
"PASS: ""family Laurent coefficients reconstruct"
"POLYNOMIAL_FAMILY_INPUT ""R09"
"POLYNOMIAL_FAMILY_INPUT ""R07"
