"PASS: ""explicit authorized single local kernel"
"PASS: ""bound complete local source"
"PASS: ""pinned input Hgg/s08_mapping_inputs_result/s08_component_0008.wl"
"PASS: ""pinned input Hgg/s08_mapping_inputs_result/s08_recovery_execution.json"
"PASS: ""pinned input common/s08_inputs.json"
"PASS: ""pinned input common/s08_result/reference/s03_real_families.wl"
"PASS: ""pinned input common/s08_result/reference/s11_real_master_coefficients.wl"
"PASS: ""pinned input Hgg/s05_result/s05_result.wl"
"PASS: ""pinned input common/s06_result/s06_result.wl"
"PASS: ""pinned input common/s06_result/reference/s02_result.wl"
"PASS: ""pinned input common/s06_result/reference/s04_result.wl"
"PASS: ""pinned input common/s08_result/reference/s08_map_real_spin_before_known_denominator.wls"
"PASS: ""pinned input common/s08_resume_Hqg_polynomial_maps.wls"
"PASS: ""pinned input common/s08_map_Hgg_component_inputs.wls"
"PASS: ""pinned input common/s08_map_Hgg_factored_inputs.wls"
"PASS: ""pinned input common/s05_project_Hgg_piecewise_storage.wls"
"PASS: ""pinned input Hgg/s05_result/s05_metadata.wl"
"PASS: ""pinned input Hgg/s05_result/s05_component_manifest.json"
"PASS: ""pinned input Hgg/s05_result/s05_execution.json"
"PASS: ""pinned input Hgq/s08_certified_denominator_result/s08_result.wl"
"PASS: ""pinned input misc/s06_imported_groups.json"
"PASS: ""pinned input Hqg/s08_polynomial_group_result/s08_result.wl"
"PASS: ""pinned input Hqg/s08_polynomial_group_result/s08_execution.json"
"PASS: ""pinned input Hgg/s08_factored_atom_certificate_result/s08_result.wl"
"PASS: ""pinned input Hgg/s08_factored_atom_certificate_result/s08_execution.json"
"PASS: ""pinned input Hgg/s08_scalar_certificate_result/s08_result.wl"
"PASS: ""pinned input Hgg/s08_scalar_certificate_result/s08_execution.json"
"PASS: ""pinned input Hgg/s08_compact_groups_result/s08_result.wl"
"PASS: ""pinned input Hgg/s08_compact_groups_result/s08_execution.json"
"PASS: ""pinned input Hgg/s08_external_factor_result/s08_result.wl"
"PASS: ""pinned input Hgg/s08_external_factor_result/s08_execution.json"
"PASS: ""pinned input Hgg/s08_response_read_result/s08_result.wl"
"PASS: ""pinned input Hgg/s08_response_read_result/s08_execution.json"
"PASS: ""pinned input Hgg/s05_projected_components_result/Photon_4/s05_payload_0018.txt"
"PASS: ""pinned input Hgg/s05_projected_components_result/Photon_4/s05_payload_0022.txt"
"PASS: ""pinned input Hgg/s05_projected_components_result/Photon_4/s05_payload_0019.txt"
"PASS: ""pinned input Hgg/s05_projected_components_result/Photon_4/s05_payload_0015.txt"
"PASS: ""pinned input Hgg/s05_projected_components_result/Photon_4/s05_payload_0008.txt"
"PASS: ""pinned input Hgg/s05_projected_components_result/Photon_4/s05_payload_0014.txt"
"PASS: ""pinned input Hgg/s05_projected_components_result/Photon_4/s05_payload_0005.txt"
"PASS: ""pinned input Hgg/s05_projected_components_result/Photon_4/s05_payload_0023.txt"
"PASS: ""pinned input Hgg/s05_projected_components_result/Photon_4/s05_payload_0010.txt"
"PASS: ""pinned input Hgg/s05_projected_components_result/Photon_4/s05_payload_0006.txt"
"PASS: ""pinned input Hgg/s05_projected_components_result/Photon_4/s05_payload_0027.txt"
"PASS: ""pinned input Hgg/s05_projected_components_result/Photon_4/s05_payload_0004.txt"
"PASS: ""pinned input Hgg/s05_projected_components_result/Photon_4/s05_payload_0011.txt"
"PASS: ""pinned input Hgg/s05_projected_components_result/Photon_4/s05_payload_0001.txt"
"PASS: ""pinned input Hgg/s05_projected_components_result/Photon_4/s05_payload_0012.txt"
"PASS: ""pinned input Hgg/s05_projected_components_result/Photon_4/s05_payload_0003.txt"
"PASS: ""pinned input Hgg/s05_projected_components_result/Photon_4/s05_payload_0028.txt"
"PASS: ""pinned input Hgg/s05_projected_components_result/Photon_4/s05_execution.json"
"PASS: ""pinned input Hgg/s05_projected_components_result/Photon_4/s05_payload_0007.txt"
"PASS: ""pinned input Hgg/s05_projected_components_result/Photon_4/s05_payload_0025.txt"
"PASS: ""pinned input Hgg/s05_projected_components_result/Photon_4/s05_checks.json"
"PASS: ""pinned input Hgg/s05_projected_components_result/Photon_4/s05_result.wl"
"PASS: ""pinned input Hgg/s05_projected_components_result/Photon_4/s05_payload_0009.txt"
"PASS: ""pinned input Hgg/s05_projected_components_result/Photon_4/s05_payload_0016.txt"
"PASS: ""pinned input Hgg/s05_projected_components_result/Photon_4/s05_payload_0013.txt"
"PASS: ""pinned input Hgg/s05_projected_components_result/Photon_4/s05_payload_0026.txt"
"PASS: ""pinned input Hgg/s05_projected_components_result/Photon_4/s05_payload_manifest.json"
"PASS: ""pinned input Hgg/s05_projected_components_result/Photon_4/s05_payload_0017.txt"
"PASS: ""pinned input Hgg/s05_projected_components_result/Photon_4/s05_payload_0002.txt"
"PASS: ""pinned input Hgg/s05_projected_components_result/Photon_4/s05_payload_0021.txt"
"PASS: ""pinned input Hgg/s05_projected_components_result/Photon_4/s05_payload_0024.txt"
"PASS: ""pinned input Hgg/s05_projected_components_result/Photon_4/s05_payload_0020.txt"
"PASS: ""pinned input misc/s06_work/cache/s08_Hgg_grouped/244be3fbf4bd6c97320bdf9194b8d1744e45b97597929aba9717bf70927353ec_numeric_phase/component_38_outer_1_group_0001.wl"
"PASS: ""pinned input misc/s06_work/cache/s08_Hgg_grouped/244be3fbf4bd6c97320bdf9194b8d1744e45b97597929aba9717bf70927353ec_numeric_phase/component_38_outer_1_group_0002.wl"
"PASS: ""pinned input misc/s06_work/cache/s08_Hgg_grouped/244be3fbf4bd6c97320bdf9194b8d1744e45b97597929aba9717bf70927353ec_numeric_phase/component_38_outer_1_group_0003.wl"
"PASS: ""pinned input misc/s06_work/cache/s08_Hgg_grouped/244be3fbf4bd6c97320bdf9194b8d1744e45b97597929aba9717bf70927353ec_numeric_phase/component_38_outer_1_group_0004.wl"
"PASS: ""pinned input misc/s06_work/cache/s08_Hgg_grouped/244be3fbf4bd6c97320bdf9194b8d1744e45b97597929aba9717bf70927353ec_numeric_phase/component_38_outer_1_group_0005.wl"
"PASS: ""pinned input misc/s06_work/cache/s08_Hgg_grouped/244be3fbf4bd6c97320bdf9194b8d1744e45b97597929aba9717bf70927353ec_numeric_phase/component_38_outer_1_group_0006.wl"
"PASS: ""pinned input misc/s06_work/cache/s08_Hgg_grouped/244be3fbf4bd6c97320bdf9194b8d1744e45b97597929aba9717bf70927353ec_numeric_phase/component_38_outer_1_group_0007.wl"
"PASS: ""pinned input misc/s06_work/cache/s08_Hgg_grouped/244be3fbf4bd6c97320bdf9194b8d1744e45b97597929aba9717bf70927353ec_numeric_phase/component_38_outer_1_group_0008.wl"
"PASS: ""pinned input misc/s06_work/cache/s08_Hgg_grouped/244be3fbf4bd6c97320bdf9194b8d1744e45b97597929aba9717bf70927353ec_numeric_phase/component_38_outer_1_group_0009.wl"
"PASS: ""pinned input misc/s06_work/cache/s08_Hgg_grouped/244be3fbf4bd6c97320bdf9194b8d1744e45b97597929aba9717bf70927353ec_numeric_phase/component_38_outer_1_group_0010.wl"
"PASS: ""pinned input misc/s06_work/cache/s08_Hgg_grouped/244be3fbf4bd6c97320bdf9194b8d1744e45b97597929aba9717bf70927353ec_numeric_phase/component_38_outer_1_group_0011.wl"
"PASS: ""pinned input misc/s06_work/cache/s08_Hgg_grouped/244be3fbf4bd6c97320bdf9194b8d1744e45b97597929aba9717bf70927353ec_numeric_phase/component_38_outer_1_group_0012.wl"
"PASS: ""pinned input misc/s06_work/cache/s08_Hgg_grouped/244be3fbf4bd6c97320bdf9194b8d1744e45b97597929aba9717bf70927353ec_numeric_phase/component_38_outer_1_group_0013.wl"
"PASS: ""pinned input misc/s06_work/cache/s08_Hgg_grouped/244be3fbf4bd6c97320bdf9194b8d1744e45b97597929aba9717bf70927353ec_numeric_phase/component_38_outer_1_group_0014.wl"
"PASS: ""pinned input misc/s06_work/cache/s08_Hgg_grouped/244be3fbf4bd6c97320bdf9194b8d1744e45b97597929aba9717bf70927353ec_numeric_phase/component_38_outer_1_group_0015.wl"
"PASS: ""pinned input misc/s06_work/cache/s08_Hgg_grouped/244be3fbf4bd6c97320bdf9194b8d1744e45b97597929aba9717bf70927353ec_numeric_phase/component_38_outer_1_group_0016.wl"
"PASS: ""pinned input misc/s06_work/cache/s08_Hgg_grouped/244be3fbf4bd6c97320bdf9194b8d1744e45b97597929aba9717bf70927353ec_numeric_phase/component_38_outer_1_group_0017.wl"
"PASS: ""pinned input misc/s06_work/cache/s08_Hgg_grouped/244be3fbf4bd6c97320bdf9194b8d1744e45b97597929aba9717bf70927353ec_numeric_phase/component_38_outer_1_group_0018.wl"
"PASS: ""pinned input misc/s06_work/cache/s08_Hgg_grouped/244be3fbf4bd6c97320bdf9194b8d1744e45b97597929aba9717bf70927353ec_numeric_phase/component_38_outer_1_group_0019.wl"
"PASS: ""pinned input misc/s06_work/cache/s08_Hgg_grouped/244be3fbf4bd6c97320bdf9194b8d1744e45b97597929aba9717bf70927353ec_numeric_phase/component_38_outer_1_group_0020.wl"
"PASS: ""pinned input misc/s06_work/cache/s08_Hgg_grouped/244be3fbf4bd6c97320bdf9194b8d1744e45b97597929aba9717bf70927353ec_numeric_phase/component_38_outer_1_group_0021.wl"
"PASS: ""pinned input misc/s06_result/reference/full_response_attempt/s06_map_Hgg_local.wls"
"PASS: ""pinned input misc/s06_result/reference/full_response_attempt/s06_inputs.json"
"PASS: ""pinned input misc/s06_result/reference/full_response_attempt/s06_control.wl"
"PASS: ""pinned input misc/s06_result/reference/full_response_attempt/s06_execution.json"
"PASS: ""pinned input misc/s06_result/reference/full_response_attempt/s06.log"
"PASS: ""accepted receipt Hgg/s08_mapping_inputs_result/s08_component_0008.wl"
"PASS: ""accepted checks Hgg/s08_mapping_inputs_result/s08_component_0008.wl"
"PASS: ""own complete Hgg native input"
"PASS: ""same FeynCalc serialization version"
"PASS: ""unchanged scientific input common/s08_inputs.json"
"PASS: ""unchanged scientific input common/s08_result/reference/s03_real_families.wl"
"PASS: ""unchanged scientific input common/s08_result/reference/s11_real_master_coefficients.wl"
"PASS: ""unchanged scientific input Hgg/s05_result/s05_result.wl"
"PASS: ""unchanged scientific input common/s06_result/s06_result.wl"
"PASS: ""unchanged scientific input common/s06_result/reference/s02_result.wl"
"PASS: ""unchanged scientific input common/s06_result/reference/s04_result.wl"
"PASS: ""unique reviewed source block common/s08_result/reference/s08_map_real_spin_before_known_denominator.wls"
"PASS: ""complete source block syntax common/s08_result/reference/s08_map_real_spin_before_known_denominator.wls"
"PASS: ""exact own original mapping definitions"
"PASS: ""accepted receipt Hqg/s08_polynomial_group_result/s08_result.wl"
"PASS: ""accepted checks Hqg/s08_polynomial_group_result/s08_result.wl"
"PASS: ""accepted reusable polynomial contract"
"PASS: ""unchanged exact native writer"
"PASS: ""accepted receipt Hgg/s08_factored_atom_certificate_result/s08_result.wl"
"PASS: ""accepted checks Hgg/s08_factored_atom_certificate_result/s08_result.wl"
"PASS: ""accepted exact atom implementation"
"PASS: ""accepted receipt Hgg/s08_scalar_certificate_result/s08_result.wl"
"PASS: ""accepted checks Hgg/s08_scalar_certificate_result/s08_result.wl"
"PASS: ""accepted exact scalar certificates"
"PASS: ""accepted receipt Hgg/s08_compact_groups_result/s08_result.wl"
"PASS: ""accepted checks Hgg/s08_compact_groups_result/s08_result.wl"
"PASS: ""accepted compact grouping contract"
"PASS: ""only accepted piece mapper installed"
"PASS: ""accepted receipt Hgg/s08_external_factor_result/s08_result.wl"
"PASS: ""accepted checks Hgg/s08_external_factor_result/s08_result.wl"
"PASS: ""accepted exact external-factor implementation"
"PASS: ""unique reviewed source block common/s08_resume_Hqg_polynomial_maps.wls"
"PASS: ""complete source block syntax common/s08_resume_Hqg_polynomial_maps.wls"
"PASS: ""accepted receipt Hgg/s08_response_read_result/s08_result.wl"
"PASS: ""accepted checks Hgg/s08_response_read_result/s08_result.wl"
"PASS: ""accepted input reader native version"
"PASS: ""unique reviewed source block common/s08_map_Hgg_component_inputs.wls"
"PASS: ""complete source block syntax common/s08_map_Hgg_component_inputs.wls"
"PASS: ""unique accepted payload read"
"PASS: ""complete single-component reader syntax"
"PASS: ""accepted complete metadata"
"PASS: ""Hgg accepted bounded component interface"
"PASS: ""Hgg complete distinct native task inventory"
"PASS: ""Hgg deferred tasks retain exact ordering"
"HGG_COMPONENT_TASKS "98" metadata_bytes "84640
"PASS: ""own native task identity"
"PASS: ""selected components exist"
"PASS: ""accepted original scalar reduction"
"PASS: ""scientific group identity matches imported checkpoints"
"PASS: ""selected input exact native identity"
"PASS: ""selected piece belongs to response"
"PASS: ""unique saved response shape"
"PASS: ""accepted exact piecewise serialization"
"PASS: ""complete stored response slot count"
"PASS: ""selected read matches original writer ordering"
"PASS: ""exact selected-reader interfaces"
"PASS: ""all native payload identity checks retained"
"PASS: ""selected response retains original metadata"
"PASS: ""only requested response entry decompressed"
"LOCAL_SELECTED_ENTRY_BYTES "38" "620727744
"PASS: ""actual selected native artifact read"
"PASS: local Hgg complete interface preflight"
