"PASS: ""accepted input misc/s26_result/s26_result.wl"
"PASS: ""accepted input misc/s23_result/s23_result.wl"
"PASS: ""accepted input Hqqbar/s12_rational_series_result/s12_result.wl"
"PASS: ""accepted input misc/s24_result/s24_result.wl"
"PASS: ""accepted argument comparison retained"
"PASS: ""executed reference product source retained"
"PASS: ""reviewed actual parent source"
"PASS: ""complete executed product adapter boundary"
"PASS: ""complete executed product adapter syntax"
"PASS: ""unique complete reference product definition"
"PASS: ""single bounded product correction"
"PASS: ""complete product correction syntax and reversible source"
"PASS: ""one rational preparation call replaced"
"PASS: ""master product and valuation checks retained"
"PASS: ""native master retains its regulator remainder"
"PASS: ""exact raw regulator ratio retained"
"PASS: ""coefficient valuation is rational"
"PASS: ""integer coefficient regulator valuation"
"PASS: ""actual coefficient preserves required master depth"
"PASS: ""integer master Laurent support"
"PASS: ""master Laurent coefficients independent of regulator"
"PASS: ""complete master Laurent reconstruction"
"PASS: ""accepted exact polynomial backend retained"
"PASS: ""raw scalar ratio exactly reconstructs"
"PASS: ""unassigned algebraic input generators"
"PASS: ""algebraic generators preserve the exact input"
"PASS: ""lifted algebraic atoms independent of regulator"
"PASS: ""complete rational polynomial support"
"PASS: ""unassigned polynomial transfer generators"
"PASS: ""complete polynomial transfer text reconstructs"
"PASS: ""complete polynomial transfer text reconstructs"
"PASS: ""exact native polynomial JSON transfer"
"REGULATOR_POLYNOMIAL_BACKEND_START input_bytes "457656" transfer_bytes "27190
"EXACT_POLYNOMIAL_SUM regulator_recurrence_0 1 1 0.001\nEXACT_POLYNOMIAL_SUM regulator_residual_0 2 2 0.003\nREGULATOR_SERIES_COEFFICIENT 0 1 0.006\nEXACT_POLYNOMIAL_SUM regulator_recurrence_1 2 2 0.003\nEXACT_POLYNOMIAL_SUM regulator_residual_1 3 3 0.006\nREGULATOR_SERIES_COEFFICIENT 1 1 0.019\nPASS: exact regulator recurrence and residual reconstruction\n"
""
"PASS: ""exact polynomial normalization completed"
"PASS: ""complete normalization backend identity"
"PASS: ""complete regulator coefficient coverage"
"PASS: ""complete physical scalar reconstruction"
"PASS: ""bounded normalized scalar cache"
"PASS: ""exact normalized scalar reload"
"REGULATOR_POLYNOMIAL_ACCEPTED seconds "1.758961`6.6968012038047355" input_bytes "457656" output_bytes "195776" backend_seconds "0.018842276000214042
"PASS: ""canonical special-function argument exactly preserved"
"PASS: ""canonical special-function argument exactly preserved"
"PASS: ""canonical special-function argument exactly preserved"
"PASS: ""canonical special-function argument exactly preserved"
"PASS: ""product agrees through requested regulator order"
"PASS: ""native product contains no higher regulator powers"
"PASS: ""canonical special-function argument exactly preserved"
"PASS: ""canonical special-function argument exactly preserved"
"PASS: ""canonical special-function argument exactly preserved"
"PASS: ""entire accepted own master product reproduced"
"PASS: ""captured actual map unchanged"
"PASS: ""pinned scalar master regions"
"PASS: ""native master retains its regulator remainder"
"PASS: ""exact raw regulator ratio retained"
"PASS: ""coefficient valuation is rational"
"PASS: ""integer coefficient regulator valuation"
"PASS: ""actual coefficient preserves required master depth"
"PASS: ""integer master Laurent support"
"PASS: ""master Laurent coefficients independent of regulator"
"PASS: ""complete master Laurent reconstruction"
"PASS: ""accepted exact polynomial backend retained"
"PASS: ""raw scalar ratio exactly reconstructs"
"PASS: ""unassigned algebraic input generators"
"PASS: ""algebraic generators preserve the exact input"
"PASS: ""lifted algebraic atoms independent of regulator"
"PASS: ""complete rational polynomial support"
"PASS: ""unassigned polynomial transfer generators"
"PASS: ""complete polynomial transfer text reconstructs"
"PASS: ""complete polynomial transfer text reconstructs"
"PASS: ""exact native polynomial JSON transfer"
"REGULATOR_POLYNOMIAL_BACKEND_START input_bytes "25431120" transfer_bytes "1623456
"EXACT_POLYNOMIAL_SUM regulator_recurrence_0 1 1 0.012\nEXACT_POLYNOMIAL_SUM regulator_residual_0 2 2 0.034\nREGULATOR_SERIES_COEFFICIENT 0 1 0.103\nEXACT_POLYNOMIAL_SUM regulator_recurrence_1 2 2 0.055\nEXACT_POLYNOMIAL_SUM regulator_residual_1 3 3 0.161\nREGULATOR_SERIES_COEFFICIENT 1 1 0.404\nPASS: exact regulator recurrence and residual reconstruction\n"
""
"PASS: ""exact polynomial normalization completed"
"PASS: ""complete normalization backend identity"
"PASS: ""complete regulator coefficient coverage"
"PASS: ""complete physical scalar reconstruction"
"PASS: ""bounded normalized scalar cache"
"PASS: ""exact normalized scalar reload"
"REGULATOR_POLYNOMIAL_ACCEPTED seconds "11.172425`7.499692441438309" input_bytes "25431120" output_bytes "3274136" backend_seconds "0.4057249950019468
"PASS: ""canonical special-function argument exactly preserved"
"PASS: ""canonical special-function argument exactly preserved"
"PASS: ""product agrees through requested regulator order"
"PASS: ""native product contains no higher regulator powers"
"PASS: ""actual failed master product fully evaluated"
"PASS: ""bounded regulator preparation proof"
"PASS: ""exact regulator preparation proof reload"
"PASS: exact Hgg regulator recurrence validated"
