Style["Loading FeynCalc from /home/physics/.WolframEngine/Applications/FeynCalc/", "Text"]
$PrePrint is set to FeynCalcForm. Use FI and FC to change the display format.
Style["FeynCalc ", "Text", Bold]Style["10.2.1 (stable version). For help, use the ", "Text"]Style[DisplayForm[ButtonBox["online documentation,", ButtonData :> {URL["https://feyncalc.github.io/referenceDev"], None}, BaseStyle -> "Hyperlink", ButtonNote -> "https://feyncalc.github.io/referenceDev"]], "Text"]Style[" visit the ", "Text"]Style[DisplayForm[ButtonBox["forum", ButtonData :> {URL["https://github.com/FeynCalc/feyncalc/discussions"], None}, BaseStyle -> "Hyperlink", ButtonNote -> "https://github.com/FeynCalc/feyncalc/discussions/"]], "Text"]Style[" and have a look at the supplied ", "Text"]Style[DisplayForm[ButtonBox["examples.", BaseStyle -> "Hyperlink", ButtonFunction :> SystemOpen[FileNameJoin[{$FeynCalcDirectory, "Examples"}]], Evaluator -> Automatic, Method -> "Preemptive"]], "Text"]Style[" The PDF-version of the manual can be downloaded ", "Text"]Style[DisplayForm[ButtonBox["here.", ButtonData :> {URL["https://github.com/FeynCalc/feyncalc-manual/releases/download/dev-manual/FeynCalcManual.pdf"], None}, BaseStyle -> "Hyperlink", ButtonNote -> "https://github.com/FeynCalc/feyncalc-manual/releases/download/dev-manual/FeynCalcManual.pdf"]], "Text"]
Style["If you use FeynCalc in your research, please evaluate FeynCalcHowToCite[] to learn how to cite this software.", "Text"]
Style["Please keep in mind that the proper academic attribution of our work is crucial to ensure the future development of this package!", {"Text", Italic}]
Style["Loading FeynArts from /home/physics/.WolframEngine/Applications/FeynCalc/FeynArts", "Text"]

SetDelayed::wrsym: Symbol Discard is Protected.
Style["FeynArts ", "Text", Bold]Style["3.11 (25 Mar 2022) patched for use with FeynCalc, for documentation see the ", "Text"]Style[DisplayForm[ButtonBox["manual", BaseStyle -> "Hyperlink", ButtonFunction :> SystemOpen[First[FileNames[{"*.pdf", "*.PDF"}, FileNameJoin[{$FeynArtsDirectory, "manual"}]]]], Evaluator -> Automatic, Method -> "Preemptive"]], "Text"]Style[" or visit ", "Text"]Style[DisplayForm[ButtonBox["www.feynarts.de.", ButtonData :> {URL["http://www.feynarts.de/"], None}, BaseStyle -> "Hyperlink", ButtonNote -> "www.feynarts.de/"]], "Text"]
Style["If you use FeynArts in your research, please cite", "Text"]
Style[" • T. Hahn, Comput. Phys. Commun., 140, 418-431, 2001, arXiv:hep-ph/0012260", "Text"]
"S09_STAGE: loading validated Hgg s08_result"
"S09_STAGE: deriving the representative electric charge from SMQCD"
"S09_MODEL_CHARGE: representative="InputForm[2/3]" squared="InputForm[4/9]" weight="InputForm[(9*S09HggFlavorChargeSum)/4]
"S09_STAGE: deriving Hgg-specific polynomial masters from S08 B19"
"S09_MASTER_PAIRS="InputForm[{{-3, 0}, {-3, 1}, {-2, -1}, {-2, 0}, {-2, 1}, {-1, -2}, {-1, -1}, {-1, 0}, {-1, 1}, {0, -3}, {0, -2}, {0, -1}, {0, 1}, {1, -4}, {1, -3}, {1, -2}, {1, -1}, {1, 0}, {1, 1}, {2, -4}, {2, -3}, {2, -2}, {2, -1}, {2, 0}, {2, 1}}]
"S09_STAGE: expanding Hgg real angular masters serially"
"S09_STAGE: Appendix-F expansion for Hgg;q_qbar Pg"
"S09_CHECKPOINT: completed Appendix-F expansion for Pg, leafCount=7297378"
"S09_STAGE: Appendix-F expansion for Hgg;q_qbar PPP"
"S09_CHECKPOINT: completed Appendix-F expansion for PPP, leafCount=4878510"
"S09_STAGE: constructing Hgg s23 endpoint distributions"
"S09_STAGE: endpoint limit for Pg"
"S09_CHECKPOINT: endpoint distribution completed for Pg, symbolicPlaceholder=True"
"S09_STAGE: endpoint limit for PPP"
"S09_CHECKPOINT: endpoint distribution completed for PPP, symbolicPlaceholder=True"
"S09_STAGE: writing /home/physics/projects/AI_Assisted_SIDIS/scripts/Hgg/s09_result"
"S09_SUCCESS"
"S09_RESULT_PATH=/home/physics/projects/AI_Assisted_SIDIS/scripts/Hgg/s09_result"
"S09_RESULT_BYTES="94518615
"S09_ENDPOINT_PLACEHOLDER_COUNT="2
"S09_CHECKS="InputForm[<|"CurrentS08SourceBindingVerified" -> True, "SoleHggRealChannelProcessed" -> True, "AllActualMasterPairsImplemented" -> True, "HggSpecificNegativeMastersDerivedFromS08B19" -> True, "AllCase2MastersExpanded" -> True, "B18HypergeometricExpandedWithB27" -> True, "CurrentS01RepresentativeFieldVerified" -> True, "RepresentativeChargeDerivedFromSMQCD" -> True, "RepresentativeChargeNormalizationIdentityVerified" -> True, "PhysicalFlavorChargeSumApplied" -> True, "NoIdenticalParticleHalfFactorApplied" -> True, "DeltaS23TermsConstructed" -> True, "PlusDistributionsConstructed" -> True, "NoTwoBodyOrVirtualBranchIntroduced" -> True, "ExplicitPoleCancellationNotClaimed" -> True, "CollinearFactorizationNotApplied" -> True|>]
