Style["Loading FeynCalc from /home/physics/.WolframEngine/Applications/FeynCalc/", "Text"]
$PrePrint is set to FeynCalcForm. Use FI and FC to change the display format.
Style["FeynCalc ", "Text", Bold]Style["10.2.1 (stable version). For help, use the ", "Text"]Style[DisplayForm[ButtonBox["online documentation,", ButtonData :> {URL["https://feyncalc.github.io/referenceDev"], None}, BaseStyle -> "Hyperlink", ButtonNote -> "https://feyncalc.github.io/referenceDev"]], "Text"]Style[" visit the ", "Text"]Style[DisplayForm[ButtonBox["forum", ButtonData :> {URL["https://github.com/FeynCalc/feyncalc/discussions"], None}, BaseStyle -> "Hyperlink", ButtonNote -> "https://github.com/FeynCalc/feyncalc/discussions/"]], "Text"]Style[" and have a look at the supplied ", "Text"]Style[DisplayForm[ButtonBox["examples.", BaseStyle -> "Hyperlink", ButtonFunction :> SystemOpen[FileNameJoin[{$FeynCalcDirectory, "Examples"}]], Evaluator -> Automatic, Method -> "Preemptive"]], "Text"]Style[" The PDF-version of the manual can be downloaded ", "Text"]Style[DisplayForm[ButtonBox["here.", ButtonData :> {URL["https://github.com/FeynCalc/feyncalc-manual/releases/download/dev-manual/FeynCalcManual.pdf"], None}, BaseStyle -> "Hyperlink", ButtonNote -> "https://github.com/FeynCalc/feyncalc-manual/releases/download/dev-manual/FeynCalcManual.pdf"]], "Text"]
Style["If you use FeynCalc in your research, please evaluate FeynCalcHowToCite[] to learn how to cite this software.", "Text"]
Style["Please keep in mind that the proper academic attribution of our work is crucial to ensure the future development of this package!", {"Text", Italic}]
"S10_STAGE: loading and validating Hgg s09_result"
"S10_CHECKPOINT: validated S09 and released its large result"
"S10_STAGE: resolving Pg endpoint Laurent data and action"
"S10_STAGE: loading S09 Appendix-F cache for Pg"
"S10_STAGE: structural endpoint scan for Pg, terms=113"
"S10_CHECKPOINT: Pg structural alpha=2 source terms {5, 111}"
"S10_CHECKPOINT: Hgg;q_qbar Pg term 5 structurally refactored as alpha=2"
"S10_CHECKPOINT: Hgg;q_qbar Pg term 111 structurally refactored as alpha=2"
"S10_STAGE: resuming Pg endpoint cache at 111/111"
"S10_STAGE: reducing stronger endpoint pole for Pg"
"S10_CHECKPOINT: Pg stronger endpoint pole vanishes through epsilon^1"
"S10_CHECKPOINT: completed symbolic distribution action for Pg"
"S10_MEMORY_STAGE: Pg complete; processing PPP serially"
"S10_STAGE: loading S09 Appendix-F cache for PPP"
"S10_STAGE: structural endpoint scan for PPP, terms=141"
"S10_CHECKPOINT: PPP structural alpha=2 source terms {4, 139}"
"S10_CHECKPOINT: Hgg;q_qbar PPP term 4 structurally refactored as alpha=2"
"S10_CHECKPOINT: Hgg;q_qbar PPP term 139 structurally refactored as alpha=2"
"S10_STAGE: resuming PPP endpoint cache at 139/139"
"S10_STAGE: reducing stronger endpoint pole for PPP"
"S10_CHECKPOINT: PPP stronger endpoint pole vanishes through epsilon^1"
"S10_CHECKPOINT: completed symbolic distribution action for PPP"
"S10_STAGE: writing /home/physics/projects/AI_Assisted_SIDIS/scripts/Hgg/s10_result"
"S10_SUCCESS_SYMBOLIC"
"S10_RESULT_PATH=/home/physics/projects/AI_Assisted_SIDIS/scripts/Hgg/s10_result"
"S10_RESULT_BYTES="31115401
"S10_CHECKS="InputForm[<|"CurrentS09SourceBindingVerified" -> True, "S09ExpansionCachesValidated" -> True, "ExactlyTwoS09EndpointPlaceholdersReceived" -> True, "BothProjectorsProcessed" -> True, "EveryRemainderTermResolved" -> True, "DetectedAlpha2TermMetadataComplete" -> True, "AllDetectedAlpha2TermsHavePhysicalNestedRatio" -> True, "NoSingularEndpointLogDetected" -> True, "StrongerEndpointPoleAbsentThroughFiniteRequirement" -> True, "PhysicalFlavorChargeWeightRetained" -> True, "ModelDerivedFlavorChargeIdentityConsumed" -> True, "EndpointValuesAreS23Independent" -> True, "DiracDeltaActedOnSymbolicTestFunction" -> True, "AllPlusDistributionsActedOnSymbolicTestFunction" -> True, "FinalActionsContainNoDistributionPlaceholders" -> True, "NoVirtualContributionIntroduced" -> True, "CalculationRemainsFullySymbolic" -> True, "CollinearFactorizationNotApplied" -> True|>]
