S12_SUPERVISOR_EPOCH_START=1
Style["Loading FeynCalc from /home/physics/.WolframEngine/Applications/FeynCalc/", "Text"]
$PrePrint is set to FeynCalcForm. Use FI and FC to change the display format.
Style["FeynCalc ", "Text", Bold]Style["10.2.1 (stable version). For help, use the ", "Text"]Style[DisplayForm[ButtonBox["online documentation,", ButtonData :> {URL["https://feyncalc.github.io/referenceDev"], None}, BaseStyle -> "Hyperlink", ButtonNote -> "https://feyncalc.github.io/referenceDev"]], "Text"]Style[" visit the ", "Text"]Style[DisplayForm[ButtonBox["forum", ButtonData :> {URL["https://github.com/FeynCalc/feyncalc/discussions"], None}, BaseStyle -> "Hyperlink", ButtonNote -> "https://github.com/FeynCalc/feyncalc/discussions/"]], "Text"]Style[" and have a look at the supplied ", "Text"]Style[DisplayForm[ButtonBox["examples.", BaseStyle -> "Hyperlink", ButtonFunction :> SystemOpen[FileNameJoin[{$FeynCalcDirectory, "Examples"}]], Evaluator -> Automatic, Method -> "Preemptive"]], "Text"]Style[" The PDF-version of the manual can be downloaded ", "Text"]Style[DisplayForm[ButtonBox["here.", ButtonData :> {URL["https://github.com/FeynCalc/feyncalc-manual/releases/download/dev-manual/FeynCalcManual.pdf"], None}, BaseStyle -> "Hyperlink", ButtonNote -> "https://github.com/FeynCalc/feyncalc-manual/releases/download/dev-manual/FeynCalcManual.pdf"]], "Text"]
Style["If you use FeynCalc in your research, please evaluate FeynCalcHowToCite[] to learn how to cite this software.", "Text"]
Style["Please keep in mind that the proper academic attribution of our work is crucial to ensure the future development of this package!", {"Text", Italic}]
"S12_STAGE: validating S10, S11, and authoritative paper bindings"
"S12_STAGE: loading or constructing mapped Hgg Eq. (46) cache"
"S12_COUNTERTERM_SERIES: ""Pg"" ""IntegrandPhiS"" leafCount="1739
"S12_COUNTERTERM_SERIES: ""PPP"" ""IntegrandPhiS"" leafCount="356
"S12_COUNTERTERM_CHECKPOINT: mapped cache complete"
"S12_STAGE: extracting S10 Laurent coefficients serially with bounded per-term memory"
"S12_S10_STAGE: loading ""Pg"" action only"
"S12_S10_PARTITION: ""Pg"" alpha2=1 regular="111
"S12_TERM_STAGE: ""Pg"" ""Alpha2"" position "1" leafCount="4985" memoryGiB="0.3288839086890220642`3.
"S12_TERM_CHECKPOINT: ""Pg"" ""Alpha2"" position "1
"S12_TERM_STAGE: ""Pg"" ""Regular"" position "1" leafCount="14633" memoryGiB="0.3309982568025588989`3.
"S12_TERM_CHECKPOINT: ""Pg"" ""Regular"" position "1
"S12_TERM_STAGE: ""Pg"" ""Regular"" position "2" leafCount="16635" memoryGiB="0.3315642848610877991`3.
"S12_TERM_CHECKPOINT: ""Pg"" ""Regular"" position "2
"S12_TERM_STAGE: ""Pg"" ""Regular"" position "3" leafCount="12549" memoryGiB="0.3320286870002746582`3.
"S12_TERM_CHECKPOINT: ""Pg"" ""Regular"" position "3
"S12_TERM_STAGE: ""Pg"" ""Regular"" position "4" leafCount="6337" memoryGiB="0.3552662953734397888`3.
"S12_TERM_CHECKPOINT: ""Pg"" ""Regular"" position "4
"S12_TERM_STAGE: ""Pg"" ""Regular"" position "5" leafCount="24063" memoryGiB="0.3554046601057052612`3.
"S12_TERM_CHECKPOINT: ""Pg"" ""Regular"" position "5
"S12_TERM_STAGE: ""Pg"" ""Regular"" position "6" leafCount="26545" memoryGiB="0.3558318987488746643`3.
"S12_TERM_CHECKPOINT: ""Pg"" ""Regular"" position "6
"S12_TERM_STAGE: ""Pg"" ""Regular"" position "7" leafCount="13029" memoryGiB="0.3565399050712585449`3.
"S12_TERM_CHECKPOINT: ""Pg"" ""Regular"" position "7
"S12_TERM_STAGE: ""Pg"" ""Regular"" position "8" leafCount="11979" memoryGiB="0.356752544641494751`3.
"S12_TERM_CHECKPOINT: ""Pg"" ""Regular"" position "8
"S12_TERM_STAGE: ""Pg"" ""Regular"" position "9" leafCount="15329" memoryGiB="0.3569496721029281616`3.
"S12_TERM_CHECKPOINT: ""Pg"" ""Regular"" position "9
"S12_TERM_STAGE: ""Pg"" ""Regular"" position "10" leafCount="4901" memoryGiB="0.3571755737066268921`3.
"S12_TERM_CHECKPOINT: ""Pg"" ""Regular"" position "10
"S12_TERM_STAGE: ""Pg"" ""Regular"" position "11" leafCount="5788" memoryGiB="0.3572593703866004944`3.
"S12_TERM_CHECKPOINT: ""Pg"" ""Regular"" position "11
"S12_TERM_STAGE: ""Pg"" ""Regular"" position "12" leafCount="4896" memoryGiB="0.3573501706123352051`3.
"S12_TERM_CHECKPOINT: ""Pg"" ""Regular"" position "12
"S12_TERM_STAGE: ""Pg"" ""Regular"" position "13" leafCount="5778" memoryGiB="0.3574339672923088074`3.
"S12_TERM_CHECKPOINT: ""Pg"" ""Regular"" position "13
"S12_TERM_STAGE: ""Pg"" ""Regular"" position "14" leafCount="4606" memoryGiB="0.3575247228145599365`3.
"S12_TERM_CHECKPOINT: ""Pg"" ""Regular"" position "14
"S12_TERM_STAGE: ""Pg"" ""Regular"" position "15" leafCount="24634" memoryGiB="0.3575886934995651245`3.
"S12_TERM_CHECKPOINT: ""Pg"" ""Regular"" position "15
"S12_MEMORY_EPOCH_PAUSE: completed "16" new terms in this kernel; restart required before ""Pg"" ""Regular"" position "16
S12_SUPERVISOR_EPOCH_EXIT=1:75
S12_SUPERVISOR_EPOCH_START=2
Style["Loading FeynCalc from /home/physics/.WolframEngine/Applications/FeynCalc/", "Text"]
$PrePrint is set to FeynCalcForm. Use FI and FC to change the display format.
Style["FeynCalc ", "Text", Bold]Style["10.2.1 (stable version). For help, use the ", "Text"]Style[DisplayForm[ButtonBox["online documentation,", ButtonData :> {URL["https://feyncalc.github.io/referenceDev"], None}, BaseStyle -> "Hyperlink", ButtonNote -> "https://feyncalc.github.io/referenceDev"]], "Text"]Style[" visit the ", "Text"]Style[DisplayForm[ButtonBox["forum", ButtonData :> {URL["https://github.com/FeynCalc/feyncalc/discussions"], None}, BaseStyle -> "Hyperlink", ButtonNote -> "https://github.com/FeynCalc/feyncalc/discussions/"]], "Text"]Style[" and have a look at the supplied ", "Text"]Style[DisplayForm[ButtonBox["examples.", BaseStyle -> "Hyperlink", ButtonFunction :> SystemOpen[FileNameJoin[{$FeynCalcDirectory, "Examples"}]], Evaluator -> Automatic, Method -> "Preemptive"]], "Text"]Style[" The PDF-version of the manual can be downloaded ", "Text"]Style[DisplayForm[ButtonBox["here.", ButtonData :> {URL["https://github.com/FeynCalc/feyncalc-manual/releases/download/dev-manual/FeynCalcManual.pdf"], None}, BaseStyle -> "Hyperlink", ButtonNote -> "https://github.com/FeynCalc/feyncalc-manual/releases/download/dev-manual/FeynCalcManual.pdf"]], "Text"]
Style["If you use FeynCalc in your research, please evaluate FeynCalcHowToCite[] to learn how to cite this software.", "Text"]
Style["Please keep in mind that the proper academic attribution of our work is crucial to ensure the future development of this package!", {"Text", Italic}]
"S12_STAGE: validating S10, S11, and authoritative paper bindings"
"S12_STAGE: loading or constructing mapped Hgg Eq. (46) cache"
"S12_COUNTERTERM_RESUME: validated mapped cache"
"S12_STAGE: extracting S10 Laurent coefficients serially with bounded per-term memory"
"S12_S10_STAGE: loading ""Pg"" action only"
"S12_S10_PARTITION: ""Pg"" alpha2=1 regular="111
"S12_TERM_RESUME: ""Pg"" ""Alpha2"" position "1
"S12_TERM_RESUME: ""Pg"" ""Regular"" position "1
"S12_TERM_RESUME: ""Pg"" ""Regular"" position "2
"S12_TERM_RESUME: ""Pg"" ""Regular"" position "3
"S12_TERM_RESUME: ""Pg"" ""Regular"" position "4
"S12_TERM_RESUME: ""Pg"" ""Regular"" position "5
"S12_TERM_RESUME: ""Pg"" ""Regular"" position "6
"S12_TERM_RESUME: ""Pg"" ""Regular"" position "7
"S12_TERM_RESUME: ""Pg"" ""Regular"" position "8
"S12_TERM_RESUME: ""Pg"" ""Regular"" position "9
"S12_TERM_RESUME: ""Pg"" ""Regular"" position "10
"S12_TERM_RESUME: ""Pg"" ""Regular"" position "11
"S12_TERM_RESUME: ""Pg"" ""Regular"" position "12
"S12_TERM_RESUME: ""Pg"" ""Regular"" position "13
"S12_TERM_RESUME: ""Pg"" ""Regular"" position "14
"S12_TERM_RESUME: ""Pg"" ""Regular"" position "15
"S12_TERM_STAGE: ""Pg"" ""Regular"" position "16" leafCount="3004" memoryGiB="0.3286117762327194214`3.
"S12_TERM_CHECKPOINT: ""Pg"" ""Regular"" position "16
"S12_TERM_STAGE: ""Pg"" ""Regular"" position "17" leafCount="20414" memoryGiB="0.3307965472340583801`3.
"S12_TERM_CHECKPOINT: ""Pg"" ""Regular"" position "17
"S12_TERM_STAGE: ""Pg"" ""Regular"" position "18" leafCount="10842" memoryGiB="0.356616586446762085`3.
"S12_TERM_CHECKPOINT: ""Pg"" ""Regular"" position "18
"S12_TERM_STAGE: ""Pg"" ""Regular"" position "19" leafCount="15171" memoryGiB="0.3568179905414581299`3.
"S12_TERM_CHECKPOINT: ""Pg"" ""Regular"" position "19
"S12_TERM_STAGE: ""Pg"" ""Regular"" position "20" leafCount="17161" memoryGiB="0.357335999608039856`3.
"S12_TERM_CHECKPOINT: ""Pg"" ""Regular"" position "20
"S12_TERM_STAGE: ""Pg"" ""Regular"" position "21" leafCount="17659" memoryGiB="0.3575695231556892395`3.
"S12_TERM_CHECKPOINT: ""Pg"" ""Regular"" position "21
"S12_TERM_STAGE: ""Pg"" ""Regular"" position "22" leafCount="15633" memoryGiB="0.3577461987733840942`3.
"S12_TERM_CHECKPOINT: ""Pg"" ""Regular"" position "22
"S12_TERM_STAGE: ""Pg"" ""Regular"" position "23" leafCount="19252" memoryGiB="0.357858315110206604`3.
"S12_TERM_CHECKPOINT: ""Pg"" ""Regular"" position "23
"S12_TERM_STAGE: ""Pg"" ""Regular"" position "24" leafCount="18822" memoryGiB="0.3581446483731269836`3.
"S12_TERM_CHECKPOINT: ""Pg"" ""Regular"" position "24
"S12_TERM_STAGE: ""Pg"" ""Regular"" position "25" leafCount="20734" memoryGiB="0.3584414049983024597`3.
"S12_TERM_CHECKPOINT: ""Pg"" ""Regular"" position "25
"S12_TERM_STAGE: ""Pg"" ""Regular"" position "26" leafCount="23794" memoryGiB="0.3587613627314567566`3.
"S12_TERM_CHECKPOINT: ""Pg"" ""Regular"" position "26
"S12_TERM_STAGE: ""Pg"" ""Regular"" position "27" leafCount="34811" memoryGiB="0.3593880534172058105`3.
"S12_TERM_CHECKPOINT: ""Pg"" ""Regular"" position "27
"S12_TERM_STAGE: ""Pg"" ""Regular"" position "28" leafCount="38839" memoryGiB="0.3601184859871864319`3.
"S12_TERM_CHECKPOINT: ""Pg"" ""Regular"" position "28
"S12_TERM_STAGE: ""Pg"" ""Regular"" position "29" leafCount="48991" memoryGiB="0.3609098121523857117`3.
"S12_TERM_CHECKPOINT: ""Pg"" ""Regular"" position "29
"S12_TERM_STAGE: ""Pg"" ""Regular"" position "30" leafCount="46171" memoryGiB="0.3619071394205093384`3.
"S12_TERM_CHECKPOINT: ""Pg"" ""Regular"" position "30
"S12_TERM_STAGE: ""Pg"" ""Regular"" position "31" leafCount="155841" memoryGiB="0.3628317713737487793`3.
"S12_TERM_CHECKPOINT: ""Pg"" ""Regular"" position "31
"S12_MEMORY_EPOCH_PAUSE: completed "16" new terms in this kernel; restart required before ""Pg"" ""Regular"" position "32
S12_SUPERVISOR_EPOCH_EXIT=2:75
S12_SUPERVISOR_EPOCH_START=3
Style["Loading FeynCalc from /home/physics/.WolframEngine/Applications/FeynCalc/", "Text"]
$PrePrint is set to FeynCalcForm. Use FI and FC to change the display format.
Style["FeynCalc ", "Text", Bold]Style["10.2.1 (stable version). For help, use the ", "Text"]Style[DisplayForm[ButtonBox["online documentation,", ButtonData :> {URL["https://feyncalc.github.io/referenceDev"], None}, BaseStyle -> "Hyperlink", ButtonNote -> "https://feyncalc.github.io/referenceDev"]], "Text"]Style[" visit the ", "Text"]Style[DisplayForm[ButtonBox["forum", ButtonData :> {URL["https://github.com/FeynCalc/feyncalc/discussions"], None}, BaseStyle -> "Hyperlink", ButtonNote -> "https://github.com/FeynCalc/feyncalc/discussions/"]], "Text"]Style[" and have a look at the supplied ", "Text"]Style[DisplayForm[ButtonBox["examples.", BaseStyle -> "Hyperlink", ButtonFunction :> SystemOpen[FileNameJoin[{$FeynCalcDirectory, "Examples"}]], Evaluator -> Automatic, Method -> "Preemptive"]], "Text"]Style[" The PDF-version of the manual can be downloaded ", "Text"]Style[DisplayForm[ButtonBox["here.", ButtonData :> {URL["https://github.com/FeynCalc/feyncalc-manual/releases/download/dev-manual/FeynCalcManual.pdf"], None}, BaseStyle -> "Hyperlink", ButtonNote -> "https://github.com/FeynCalc/feyncalc-manual/releases/download/dev-manual/FeynCalcManual.pdf"]], "Text"]
Style["If you use FeynCalc in your research, please evaluate FeynCalcHowToCite[] to learn how to cite this software.", "Text"]
Style["Please keep in mind that the proper academic attribution of our work is crucial to ensure the future development of this package!", {"Text", Italic}]
"S12_STAGE: validating S10, S11, and authoritative paper bindings"
"S12_STAGE: loading or constructing mapped Hgg Eq. (46) cache"
"S12_COUNTERTERM_RESUME: validated mapped cache"
"S12_STAGE: extracting S10 Laurent coefficients serially with bounded per-term memory"
"S12_S10_STAGE: loading ""Pg"" action only"
"S12_S10_PARTITION: ""Pg"" alpha2=1 regular="111
"S12_TERM_RESUME: ""Pg"" ""Alpha2"" position "1
"S12_TERM_RESUME: ""Pg"" ""Regular"" position "1
"S12_TERM_RESUME: ""Pg"" ""Regular"" position "2
"S12_TERM_RESUME: ""Pg"" ""Regular"" position "3
"S12_TERM_RESUME: ""Pg"" ""Regular"" position "4
"S12_TERM_RESUME: ""Pg"" ""Regular"" position "5
"S12_TERM_RESUME: ""Pg"" ""Regular"" position "6
"S12_TERM_RESUME: ""Pg"" ""Regular"" position "7
"S12_TERM_RESUME: ""Pg"" ""Regular"" position "8
"S12_TERM_RESUME: ""Pg"" ""Regular"" position "9
"S12_TERM_RESUME: ""Pg"" ""Regular"" position "10
"S12_TERM_RESUME: ""Pg"" ""Regular"" position "11
"S12_TERM_RESUME: ""Pg"" ""Regular"" position "12
"S12_TERM_RESUME: ""Pg"" ""Regular"" position "13
"S12_TERM_RESUME: ""Pg"" ""Regular"" position "14
"S12_TERM_RESUME: ""Pg"" ""Regular"" position "15
"S12_TERM_RESUME: ""Pg"" ""Regular"" position "16
"S12_TERM_RESUME: ""Pg"" ""Regular"" position "17
"S12_TERM_RESUME: ""Pg"" ""Regular"" position "18
"S12_TERM_RESUME: ""Pg"" ""Regular"" position "19
"S12_TERM_RESUME: ""Pg"" ""Regular"" position "20
"S12_TERM_RESUME: ""Pg"" ""Regular"" position "21
"S12_TERM_RESUME: ""Pg"" ""Regular"" position "22
"S12_TERM_RESUME: ""Pg"" ""Regular"" position "23
"S12_TERM_RESUME: ""Pg"" ""Regular"" position "24
"S12_TERM_RESUME: ""Pg"" ""Regular"" position "25
"S12_TERM_RESUME: ""Pg"" ""Regular"" position "26
"S12_TERM_RESUME: ""Pg"" ""Regular"" position "27
"S12_TERM_RESUME: ""Pg"" ""Regular"" position "28
"S12_TERM_RESUME: ""Pg"" ""Regular"" position "29
"S12_TERM_RESUME: ""Pg"" ""Regular"" position "30
"S12_TERM_RESUME: ""Pg"" ""Regular"" position "31
"S12_TERM_STAGE: ""Pg"" ""Regular"" position "32" leafCount="187135" memoryGiB="0.3286253586411476135`3.
"S12_TERM_CHECKPOINT: ""Pg"" ""Regular"" position "32
"S12_TERM_STAGE: ""Pg"" ""Regular"" position "33" leafCount="186589" memoryGiB="0.3370743542909622192`3.
"S12_TERM_CHECKPOINT: ""Pg"" ""Regular"" position "33
"S12_TERM_STAGE: ""Pg"" ""Regular"" position "34" leafCount="155263" memoryGiB="0.3415473476052284241`3.
"S12_TERM_CHECKPOINT: ""Pg"" ""Regular"" position "34
"S12_TERM_STAGE: ""Pg"" ""Regular"" position "35" leafCount="129362" memoryGiB="0.3488083928823471069`3.
"S12_TERM_CHECKPOINT: ""Pg"" ""Regular"" position "35
"S12_TERM_STAGE: ""Pg"" ""Regular"" position "36" leafCount="159077" memoryGiB="0.3515439629554748535`3.
"S12_TERM_CHECKPOINT: ""Pg"" ""Regular"" position "36
"S12_TERM_STAGE: ""Pg"" ""Regular"" position "37" leafCount="28398" memoryGiB="0.3548040688037872314`3.
"S12_TERM_CHECKPOINT: ""Pg"" ""Regular"" position "37
"S12_TERM_STAGE: ""Pg"" ""Regular"" position "38" leafCount="33062" memoryGiB="0.3788078278303146362`3.
"S12_TERM_CHECKPOINT: ""Pg"" ""Regular"" position "38
"S12_TERM_STAGE: ""Pg"" ""Regular"" position "39" leafCount="4258" memoryGiB="0.3793899118900299072`3.
"S12_TERM_CHECKPOINT: ""Pg"" ""Regular"" position "39
"S12_TERM_STAGE: ""Pg"" ""Regular"" position "40" leafCount="24518" memoryGiB="0.3794493377208709717`3.
"S12_TERM_CHECKPOINT: ""Pg"" ""Regular"" position "40
"S12_TERM_STAGE: ""Pg"" ""Regular"" position "41" leafCount="22214" memoryGiB="0.3797644227743148804`3.
"S12_TERM_CHECKPOINT: ""Pg"" ""Regular"" position "41
"S12_TERM_STAGE: ""Pg"" ""Regular"" position "42" leafCount="6006" memoryGiB="0.3800653517246246338`3.
"S12_TERM_CHECKPOINT: ""Pg"" ""Regular"" position "42
"S12_TERM_STAGE: ""Pg"" ""Regular"" position "43" leafCount="9249" memoryGiB="0.3801684528589248657`3.
"S12_TERM_CHECKPOINT: ""Pg"" ""Regular"" position "43
"S12_TERM_STAGE: ""Pg"" ""Regular"" position "44" leafCount="21208" memoryGiB="0.3803474977612495422`3.
"S12_TERM_CHECKPOINT: ""Pg"" ""Regular"" position "44
"S12_TERM_STAGE: ""Pg"" ""Regular"" position "45" leafCount="30733" memoryGiB="0.380792960524559021`3.
"S12_TERM_CHECKPOINT: ""Pg"" ""Regular"" position "45
"S12_TERM_STAGE: ""Pg"" ""Regular"" position "46" leafCount="46286" memoryGiB="0.3814394474029541016`3.
"S12_TERM_CHECKPOINT: ""Pg"" ""Regular"" position "46
"S12_TERM_STAGE: ""Pg"" ""Regular"" position "47" leafCount="43075" memoryGiB="0.3824041560292243958`3.
"S12_TERM_CHECKPOINT: ""Pg"" ""Regular"" position "47
"S12_MEMORY_EPOCH_PAUSE: completed "16" new terms in this kernel; restart required before ""Pg"" ""Regular"" position "48
S12_SUPERVISOR_EPOCH_EXIT=3:75
S12_SUPERVISOR_EPOCH_START=4
Style["Loading FeynCalc from /home/physics/.WolframEngine/Applications/FeynCalc/", "Text"]
$PrePrint is set to FeynCalcForm. Use FI and FC to change the display format.
Style["FeynCalc ", "Text", Bold]Style["10.2.1 (stable version). For help, use the ", "Text"]Style[DisplayForm[ButtonBox["online documentation,", ButtonData :> {URL["https://feyncalc.github.io/referenceDev"], None}, BaseStyle -> "Hyperlink", ButtonNote -> "https://feyncalc.github.io/referenceDev"]], "Text"]Style[" visit the ", "Text"]Style[DisplayForm[ButtonBox["forum", ButtonData :> {URL["https://github.com/FeynCalc/feyncalc/discussions"], None}, BaseStyle -> "Hyperlink", ButtonNote -> "https://github.com/FeynCalc/feyncalc/discussions/"]], "Text"]Style[" and have a look at the supplied ", "Text"]Style[DisplayForm[ButtonBox["examples.", BaseStyle -> "Hyperlink", ButtonFunction :> SystemOpen[FileNameJoin[{$FeynCalcDirectory, "Examples"}]], Evaluator -> Automatic, Method -> "Preemptive"]], "Text"]Style[" The PDF-version of the manual can be downloaded ", "Text"]Style[DisplayForm[ButtonBox["here.", ButtonData :> {URL["https://github.com/FeynCalc/feyncalc-manual/releases/download/dev-manual/FeynCalcManual.pdf"], None}, BaseStyle -> "Hyperlink", ButtonNote -> "https://github.com/FeynCalc/feyncalc-manual/releases/download/dev-manual/FeynCalcManual.pdf"]], "Text"]
Style["If you use FeynCalc in your research, please evaluate FeynCalcHowToCite[] to learn how to cite this software.", "Text"]
Style["Please keep in mind that the proper academic attribution of our work is crucial to ensure the future development of this package!", {"Text", Italic}]
"S12_STAGE: validating S10, S11, and authoritative paper bindings"
"S12_STAGE: loading or constructing mapped Hgg Eq. (46) cache"
"S12_COUNTERTERM_RESUME: validated mapped cache"
"S12_STAGE: extracting S10 Laurent coefficients serially with bounded per-term memory"
"S12_S10_STAGE: loading ""Pg"" action only"
"S12_S10_PARTITION: ""Pg"" alpha2=1 regular="111
"S12_TERM_RESUME: ""Pg"" ""Alpha2"" position "1
"S12_TERM_RESUME: ""Pg"" ""Regular"" position "1
"S12_TERM_RESUME: ""Pg"" ""Regular"" position "2
"S12_TERM_RESUME: ""Pg"" ""Regular"" position "3
"S12_TERM_RESUME: ""Pg"" ""Regular"" position "4
"S12_TERM_RESUME: ""Pg"" ""Regular"" position "5
"S12_TERM_RESUME: ""Pg"" ""Regular"" position "6
"S12_TERM_RESUME: ""Pg"" ""Regular"" position "7
"S12_TERM_RESUME: ""Pg"" ""Regular"" position "8
"S12_TERM_RESUME: ""Pg"" ""Regular"" position "9
"S12_TERM_RESUME: ""Pg"" ""Regular"" position "10
"S12_TERM_RESUME: ""Pg"" ""Regular"" position "11
"S12_TERM_RESUME: ""Pg"" ""Regular"" position "12
"S12_TERM_RESUME: ""Pg"" ""Regular"" position "13
"S12_TERM_RESUME: ""Pg"" ""Regular"" position "14
"S12_TERM_RESUME: ""Pg"" ""Regular"" position "15
"S12_TERM_RESUME: ""Pg"" ""Regular"" position "16
"S12_TERM_RESUME: ""Pg"" ""Regular"" position "17
"S12_TERM_RESUME: ""Pg"" ""Regular"" position "18
"S12_TERM_RESUME: ""Pg"" ""Regular"" position "19
"S12_TERM_RESUME: ""Pg"" ""Regular"" position "20
"S12_TERM_RESUME: ""Pg"" ""Regular"" position "21
"S12_TERM_RESUME: ""Pg"" ""Regular"" position "22
"S12_TERM_RESUME: ""Pg"" ""Regular"" position "23
"S12_TERM_RESUME: ""Pg"" ""Regular"" position "24
"S12_TERM_RESUME: ""Pg"" ""Regular"" position "25
"S12_TERM_RESUME: ""Pg"" ""Regular"" position "26
"S12_TERM_RESUME: ""Pg"" ""Regular"" position "27
"S12_TERM_RESUME: ""Pg"" ""Regular"" position "28
"S12_TERM_RESUME: ""Pg"" ""Regular"" position "29
"S12_TERM_RESUME: ""Pg"" ""Regular"" position "30
"S12_TERM_RESUME: ""Pg"" ""Regular"" position "31
"S12_TERM_RESUME: ""Pg"" ""Regular"" position "32
"S12_TERM_RESUME: ""Pg"" ""Regular"" position "33
"S12_TERM_RESUME: ""Pg"" ""Regular"" position "34
"S12_TERM_RESUME: ""Pg"" ""Regular"" position "35
"S12_TERM_RESUME: ""Pg"" ""Regular"" position "36
"S12_TERM_RESUME: ""Pg"" ""Regular"" position "37
"S12_TERM_RESUME: ""Pg"" ""Regular"" position "38
"S12_TERM_RESUME: ""Pg"" ""Regular"" position "39
"S12_TERM_RESUME: ""Pg"" ""Regular"" position "40
"S12_TERM_RESUME: ""Pg"" ""Regular"" position "41
"S12_TERM_RESUME: ""Pg"" ""Regular"" position "42
"S12_TERM_RESUME: ""Pg"" ""Regular"" position "43
"S12_TERM_RESUME: ""Pg"" ""Regular"" position "44
"S12_TERM_RESUME: ""Pg"" ""Regular"" position "45
"S12_TERM_RESUME: ""Pg"" ""Regular"" position "46
"S12_TERM_RESUME: ""Pg"" ""Regular"" position "47
"S12_TERM_STAGE: ""Pg"" ""Regular"" position "48" leafCount="94851" memoryGiB="0.3286406993865966797`3.
"S12_TERM_CHECKPOINT: ""Pg"" ""Regular"" position "48
"S12_TERM_STAGE: ""Pg"" ""Regular"" position "49" leafCount="27350" memoryGiB="0.3582749515771865845`3.
"S12_TERM_CHECKPOINT: ""Pg"" ""Regular"" position "49
"S12_TERM_STAGE: ""Pg"" ""Regular"" position "50" leafCount="208311" memoryGiB="0.3588469475507736206`3.
"S12_TERM_CHECKPOINT: ""Pg"" ""Regular"" position "50
"S12_TERM_STAGE: ""Pg"" ""Regular"" position "51" leafCount="4941" memoryGiB="0.3677485808730125427`3.
"S12_TERM_CHECKPOINT: ""Pg"" ""Regular"" position "51
"S12_TERM_STAGE: ""Pg"" ""Regular"" position "52" leafCount="4929" memoryGiB="0.3678413182497024536`3.
"S12_TERM_CHECKPOINT: ""Pg"" ""Regular"" position "52
"S12_TERM_STAGE: ""Pg"" ""Regular"" position "53" leafCount="4488" memoryGiB="0.3679339140653610229`3.
"S12_TERM_CHECKPOINT: ""Pg"" ""Regular"" position "53
"S12_TERM_STAGE: ""Pg"" ""Regular"" position "54" leafCount="3648" memoryGiB="0.3680017217993736267`3.
"S12_TERM_CHECKPOINT: ""Pg"" ""Regular"" position "54
"S12_TERM_STAGE: ""Pg"" ""Regular"" position "55" leafCount="3168" memoryGiB="0.3680716529488563538`3.
"S12_TERM_CHECKPOINT: ""Pg"" ""Regular"" position "55
"S12_TERM_STAGE: ""Pg"" ""Regular"" position "56" leafCount="5618" memoryGiB="0.3681323528289794922`3.
"S12_TERM_CHECKPOINT: ""Pg"" ""Regular"" position "56
"S12_TERM_STAGE: ""Pg"" ""Regular"" position "57" leafCount="21808" memoryGiB="0.3682222813367843628`3.
"S12_TERM_CHECKPOINT: ""Pg"" ""Regular"" position "57
"S12_TERM_STAGE: ""Pg"" ""Regular"" position "58" leafCount="22184" memoryGiB="0.3691834807395935059`3.
"S12_TERM_CHECKPOINT: ""Pg"" ""Regular"" position "58
"S12_TERM_STAGE: ""Pg"" ""Regular"" position "59" leafCount="3560" memoryGiB="0.3694807589054107666`3.
"S12_TERM_CHECKPOINT: ""Pg"" ""Regular"" position "59
"S12_TERM_STAGE: ""Pg"" ""Regular"" position "60" leafCount="24172" memoryGiB="0.3695212677121162415`3.
"S12_TERM_CHECKPOINT: ""Pg"" ""Regular"" position "60
"S12_TERM_STAGE: ""Pg"" ""Regular"" position "61" leafCount="26464" memoryGiB="0.3698914125561714172`3.
"S12_TERM_CHECKPOINT: ""Pg"" ""Regular"" position "61
"S12_TERM_STAGE: ""Pg"" ""Regular"" position "62" leafCount="6400" memoryGiB="0.3702449426054954529`3.
"S12_TERM_CHECKPOINT: ""Pg"" ""Regular"" position "62
"S12_TERM_STAGE: ""Pg"" ""Regular"" position "63" leafCount="2903" memoryGiB="0.3703463450074195862`3.
"S12_TERM_CHECKPOINT: ""Pg"" ""Regular"" position "63
"S12_MEMORY_EPOCH_PAUSE: completed "16" new terms in this kernel; restart required before ""Pg"" ""Regular"" position "64
S12_SUPERVISOR_EPOCH_EXIT=4:75
S12_SUPERVISOR_EPOCH_START=5
Style["Loading FeynCalc from /home/physics/.WolframEngine/Applications/FeynCalc/", "Text"]
$PrePrint is set to FeynCalcForm. Use FI and FC to change the display format.
Style["FeynCalc ", "Text", Bold]Style["10.2.1 (stable version). For help, use the ", "Text"]Style[DisplayForm[ButtonBox["online documentation,", ButtonData :> {URL["https://feyncalc.github.io/referenceDev"], None}, BaseStyle -> "Hyperlink", ButtonNote -> "https://feyncalc.github.io/referenceDev"]], "Text"]Style[" visit the ", "Text"]Style[DisplayForm[ButtonBox["forum", ButtonData :> {URL["https://github.com/FeynCalc/feyncalc/discussions"], None}, BaseStyle -> "Hyperlink", ButtonNote -> "https://github.com/FeynCalc/feyncalc/discussions/"]], "Text"]Style[" and have a look at the supplied ", "Text"]Style[DisplayForm[ButtonBox["examples.", BaseStyle -> "Hyperlink", ButtonFunction :> SystemOpen[FileNameJoin[{$FeynCalcDirectory, "Examples"}]], Evaluator -> Automatic, Method -> "Preemptive"]], "Text"]Style[" The PDF-version of the manual can be downloaded ", "Text"]Style[DisplayForm[ButtonBox["here.", ButtonData :> {URL["https://github.com/FeynCalc/feyncalc-manual/releases/download/dev-manual/FeynCalcManual.pdf"], None}, BaseStyle -> "Hyperlink", ButtonNote -> "https://github.com/FeynCalc/feyncalc-manual/releases/download/dev-manual/FeynCalcManual.pdf"]], "Text"]
Style["If you use FeynCalc in your research, please evaluate FeynCalcHowToCite[] to learn how to cite this software.", "Text"]
Style["Please keep in mind that the proper academic attribution of our work is crucial to ensure the future development of this package!", {"Text", Italic}]
"S12_STAGE: validating S10, S11, and authoritative paper bindings"
"S12_STAGE: loading or constructing mapped Hgg Eq. (46) cache"
"S12_COUNTERTERM_RESUME: validated mapped cache"
"S12_STAGE: extracting S10 Laurent coefficients serially with bounded per-term memory"
"S12_S10_STAGE: loading ""Pg"" action only"
"S12_S10_PARTITION: ""Pg"" alpha2=1 regular="111
"S12_TERM_RESUME: ""Pg"" ""Alpha2"" position "1
"S12_TERM_RESUME: ""Pg"" ""Regular"" position "1
"S12_TERM_RESUME: ""Pg"" ""Regular"" position "2
"S12_TERM_RESUME: ""Pg"" ""Regular"" position "3
"S12_TERM_RESUME: ""Pg"" ""Regular"" position "4
"S12_TERM_RESUME: ""Pg"" ""Regular"" position "5
"S12_TERM_RESUME: ""Pg"" ""Regular"" position "6
"S12_TERM_RESUME: ""Pg"" ""Regular"" position "7
"S12_TERM_RESUME: ""Pg"" ""Regular"" position "8
"S12_TERM_RESUME: ""Pg"" ""Regular"" position "9
"S12_TERM_RESUME: ""Pg"" ""Regular"" position "10
"S12_TERM_RESUME: ""Pg"" ""Regular"" position "11
"S12_TERM_RESUME: ""Pg"" ""Regular"" position "12
"S12_TERM_RESUME: ""Pg"" ""Regular"" position "13
"S12_TERM_RESUME: ""Pg"" ""Regular"" position "14
"S12_TERM_RESUME: ""Pg"" ""Regular"" position "15
"S12_TERM_RESUME: ""Pg"" ""Regular"" position "16
"S12_TERM_RESUME: ""Pg"" ""Regular"" position "17
"S12_TERM_RESUME: ""Pg"" ""Regular"" position "18
"S12_TERM_RESUME: ""Pg"" ""Regular"" position "19
"S12_TERM_RESUME: ""Pg"" ""Regular"" position "20
"S12_TERM_RESUME: ""Pg"" ""Regular"" position "21
"S12_TERM_RESUME: ""Pg"" ""Regular"" position "22
"S12_TERM_RESUME: ""Pg"" ""Regular"" position "23
"S12_TERM_RESUME: ""Pg"" ""Regular"" position "24
"S12_TERM_RESUME: ""Pg"" ""Regular"" position "25
"S12_TERM_RESUME: ""Pg"" ""Regular"" position "26
"S12_TERM_RESUME: ""Pg"" ""Regular"" position "27
"S12_TERM_RESUME: ""Pg"" ""Regular"" position "28
"S12_TERM_RESUME: ""Pg"" ""Regular"" position "29
"S12_TERM_RESUME: ""Pg"" ""Regular"" position "30
"S12_TERM_RESUME: ""Pg"" ""Regular"" position "31
"S12_TERM_RESUME: ""Pg"" ""Regular"" position "32
"S12_TERM_RESUME: ""Pg"" ""Regular"" position "33
"S12_TERM_RESUME: ""Pg"" ""Regular"" position "34
"S12_TERM_RESUME: ""Pg"" ""Regular"" position "35
"S12_TERM_RESUME: ""Pg"" ""Regular"" position "36
"S12_TERM_RESUME: ""Pg"" ""Regular"" position "37
"S12_TERM_RESUME: ""Pg"" ""Regular"" position "38
"S12_TERM_RESUME: ""Pg"" ""Regular"" position "39
"S12_TERM_RESUME: ""Pg"" ""Regular"" position "40
"S12_TERM_RESUME: ""Pg"" ""Regular"" position "41
"S12_TERM_RESUME: ""Pg"" ""Regular"" position "42
"S12_TERM_RESUME: ""Pg"" ""Regular"" position "43
"S12_TERM_RESUME: ""Pg"" ""Regular"" position "44
"S12_TERM_RESUME: ""Pg"" ""Regular"" position "45
"S12_TERM_RESUME: ""Pg"" ""Regular"" position "46
"S12_TERM_RESUME: ""Pg"" ""Regular"" position "47
"S12_TERM_RESUME: ""Pg"" ""Regular"" position "48
"S12_TERM_RESUME: ""Pg"" ""Regular"" position "49
"S12_TERM_RESUME: ""Pg"" ""Regular"" position "50
"S12_TERM_RESUME: ""Pg"" ""Regular"" position "51
"S12_TERM_RESUME: ""Pg"" ""Regular"" position "52
"S12_TERM_RESUME: ""Pg"" ""Regular"" position "53
"S12_TERM_RESUME: ""Pg"" ""Regular"" position "54
"S12_TERM_RESUME: ""Pg"" ""Regular"" position "55
"S12_TERM_RESUME: ""Pg"" ""Regular"" position "56
"S12_TERM_RESUME: ""Pg"" ""Regular"" position "57
"S12_TERM_RESUME: ""Pg"" ""Regular"" position "58
"S12_TERM_RESUME: ""Pg"" ""Regular"" position "59
"S12_TERM_RESUME: ""Pg"" ""Regular"" position "60
"S12_TERM_RESUME: ""Pg"" ""Regular"" position "61
"S12_TERM_RESUME: ""Pg"" ""Regular"" position "62
"S12_TERM_RESUME: ""Pg"" ""Regular"" position "63
"S12_TERM_STAGE: ""Pg"" ""Regular"" position "64" leafCount="2505" memoryGiB="0.3286553248763084412`3.
"S12_TERM_CHECKPOINT: ""Pg"" ""Regular"" position "64
"S12_TERM_STAGE: ""Pg"" ""Regular"" position "65" leafCount="5693" memoryGiB="0.3307324573397636414`3.
"S12_TERM_CHECKPOINT: ""Pg"" ""Regular"" position "65
"S12_TERM_STAGE: ""Pg"" ""Regular"" position "66" leafCount="5119" memoryGiB="0.3308523669838905334`3.
"S12_TERM_CHECKPOINT: ""Pg"" ""Regular"" position "66
"S12_TERM_STAGE: ""Pg"" ""Regular"" position "67" leafCount="9876" memoryGiB="0.3309610038995742798`3.
"S12_TERM_CHECKPOINT: ""Pg"" ""Regular"" position "67
"S12_TERM_STAGE: ""Pg"" ""Regular"" position "68" leafCount="8756" memoryGiB="0.3312777876853942871`3.
"S12_TERM_CHECKPOINT: ""Pg"" ""Regular"" position "68
"S12_TERM_STAGE: ""Pg"" ""Regular"" position "69" leafCount="33390" memoryGiB="0.3314521685242652893`3.
"S12_TERM_CHECKPOINT: ""Pg"" ""Regular"" position "69
"S12_TERM_STAGE: ""Pg"" ""Regular"" position "70" leafCount="29296" memoryGiB="0.355629265308380127`3.
"S12_TERM_CHECKPOINT: ""Pg"" ""Regular"" position "70
"S12_TERM_STAGE: ""Pg"" ""Regular"" position "71" leafCount="23189" memoryGiB="0.3561420738697052002`3.
"S12_TERM_CHECKPOINT: ""Pg"" ""Regular"" position "71
"S12_TERM_STAGE: ""Pg"" ""Regular"" position "72" leafCount="30485" memoryGiB="0.356866784393787384`3.
"S12_TERM_CHECKPOINT: ""Pg"" ""Regular"" position "72
"S12_TERM_STAGE: ""Pg"" ""Regular"" position "73" leafCount="44368" memoryGiB="0.3594574034214019775`3.
"S12_TERM_CHECKPOINT: ""Pg"" ""Regular"" position "73
"S12_TERM_STAGE: ""Pg"" ""Regular"" position "74" leafCount="28242" memoryGiB="0.3603683710098266602`3.
"S12_TERM_CHECKPOINT: ""Pg"" ""Regular"" position "74
"S12_TERM_STAGE: ""Pg"" ""Regular"" position "75" leafCount="30734" memoryGiB="0.3609505966305732727`3.
"S12_TERM_CHECKPOINT: ""Pg"" ""Regular"" position "75
"S12_TERM_STAGE: ""Pg"" ""Regular"" position "76" leafCount="101587" memoryGiB="0.3616002574563026428`3.
"S12_TERM_CHECKPOINT: ""Pg"" ""Regular"" position "76
"S12_TERM_STAGE: ""Pg"" ""Regular"" position "77" leafCount="11460" memoryGiB="0.3637196943163871765`3.
"S12_TERM_CHECKPOINT: ""Pg"" ""Regular"" position "77
"S12_TERM_STAGE: ""Pg"" ""Regular"" position "78" leafCount="9484" memoryGiB="0.3639311119914054871`3.
"S12_TERM_CHECKPOINT: ""Pg"" ""Regular"" position "78
"S12_TERM_STAGE: ""Pg"" ""Regular"" position "79" leafCount="31910" memoryGiB="0.3641171902418136597`3.
"S12_TERM_CHECKPOINT: ""Pg"" ""Regular"" position "79
"S12_MEMORY_EPOCH_PAUSE: completed "16" new terms in this kernel; restart required before ""Pg"" ""Regular"" position "80
S12_SUPERVISOR_EPOCH_EXIT=5:75
S12_SUPERVISOR_EPOCH_START=6
Style["Loading FeynCalc from /home/physics/.WolframEngine/Applications/FeynCalc/", "Text"]
$PrePrint is set to FeynCalcForm. Use FI and FC to change the display format.
Style["FeynCalc ", "Text", Bold]Style["10.2.1 (stable version). For help, use the ", "Text"]Style[DisplayForm[ButtonBox["online documentation,", ButtonData :> {URL["https://feyncalc.github.io/referenceDev"], None}, BaseStyle -> "Hyperlink", ButtonNote -> "https://feyncalc.github.io/referenceDev"]], "Text"]Style[" visit the ", "Text"]Style[DisplayForm[ButtonBox["forum", ButtonData :> {URL["https://github.com/FeynCalc/feyncalc/discussions"], None}, BaseStyle -> "Hyperlink", ButtonNote -> "https://github.com/FeynCalc/feyncalc/discussions/"]], "Text"]Style[" and have a look at the supplied ", "Text"]Style[DisplayForm[ButtonBox["examples.", BaseStyle -> "Hyperlink", ButtonFunction :> SystemOpen[FileNameJoin[{$FeynCalcDirectory, "Examples"}]], Evaluator -> Automatic, Method -> "Preemptive"]], "Text"]Style[" The PDF-version of the manual can be downloaded ", "Text"]Style[DisplayForm[ButtonBox["here.", ButtonData :> {URL["https://github.com/FeynCalc/feyncalc-manual/releases/download/dev-manual/FeynCalcManual.pdf"], None}, BaseStyle -> "Hyperlink", ButtonNote -> "https://github.com/FeynCalc/feyncalc-manual/releases/download/dev-manual/FeynCalcManual.pdf"]], "Text"]
Style["If you use FeynCalc in your research, please evaluate FeynCalcHowToCite[] to learn how to cite this software.", "Text"]
Style["Please keep in mind that the proper academic attribution of our work is crucial to ensure the future development of this package!", {"Text", Italic}]
"S12_STAGE: validating S10, S11, and authoritative paper bindings"
"S12_STAGE: loading or constructing mapped Hgg Eq. (46) cache"
"S12_COUNTERTERM_RESUME: validated mapped cache"
"S12_STAGE: extracting S10 Laurent coefficients serially with bounded per-term memory"
"S12_S10_STAGE: loading ""Pg"" action only"
"S12_S10_PARTITION: ""Pg"" alpha2=1 regular="111
"S12_TERM_RESUME: ""Pg"" ""Alpha2"" position "1
"S12_TERM_RESUME: ""Pg"" ""Regular"" position "1
"S12_TERM_RESUME: ""Pg"" ""Regular"" position "2
"S12_TERM_RESUME: ""Pg"" ""Regular"" position "3
"S12_TERM_RESUME: ""Pg"" ""Regular"" position "4
"S12_TERM_RESUME: ""Pg"" ""Regular"" position "5
"S12_TERM_RESUME: ""Pg"" ""Regular"" position "6
"S12_TERM_RESUME: ""Pg"" ""Regular"" position "7
"S12_TERM_RESUME: ""Pg"" ""Regular"" position "8
"S12_TERM_RESUME: ""Pg"" ""Regular"" position "9
"S12_TERM_RESUME: ""Pg"" ""Regular"" position "10
"S12_TERM_RESUME: ""Pg"" ""Regular"" position "11
"S12_TERM_RESUME: ""Pg"" ""Regular"" position "12
"S12_TERM_RESUME: ""Pg"" ""Regular"" position "13
"S12_TERM_RESUME: ""Pg"" ""Regular"" position "14
"S12_TERM_RESUME: ""Pg"" ""Regular"" position "15
"S12_TERM_RESUME: ""Pg"" ""Regular"" position "16
"S12_TERM_RESUME: ""Pg"" ""Regular"" position "17
"S12_TERM_RESUME: ""Pg"" ""Regular"" position "18
"S12_TERM_RESUME: ""Pg"" ""Regular"" position "19
"S12_TERM_RESUME: ""Pg"" ""Regular"" position "20
"S12_TERM_RESUME: ""Pg"" ""Regular"" position "21
"S12_TERM_RESUME: ""Pg"" ""Regular"" position "22
"S12_TERM_RESUME: ""Pg"" ""Regular"" position "23
"S12_TERM_RESUME: ""Pg"" ""Regular"" position "24
"S12_TERM_RESUME: ""Pg"" ""Regular"" position "25
"S12_TERM_RESUME: ""Pg"" ""Regular"" position "26
"S12_TERM_RESUME: ""Pg"" ""Regular"" position "27
"S12_TERM_RESUME: ""Pg"" ""Regular"" position "28
"S12_TERM_RESUME: ""Pg"" ""Regular"" position "29
"S12_TERM_RESUME: ""Pg"" ""Regular"" position "30
"S12_TERM_RESUME: ""Pg"" ""Regular"" position "31
"S12_TERM_RESUME: ""Pg"" ""Regular"" position "32
"S12_TERM_RESUME: ""Pg"" ""Regular"" position "33
"S12_TERM_RESUME: ""Pg"" ""Regular"" position "34
"S12_TERM_RESUME: ""Pg"" ""Regular"" position "35
"S12_TERM_RESUME: ""Pg"" ""Regular"" position "36
"S12_TERM_RESUME: ""Pg"" ""Regular"" position "37
"S12_TERM_RESUME: ""Pg"" ""Regular"" position "38
"S12_TERM_RESUME: ""Pg"" ""Regular"" position "39
"S12_TERM_RESUME: ""Pg"" ""Regular"" position "40
"S12_TERM_RESUME: ""Pg"" ""Regular"" position "41
"S12_TERM_RESUME: ""Pg"" ""Regular"" position "42
"S12_TERM_RESUME: ""Pg"" ""Regular"" position "43
"S12_TERM_RESUME: ""Pg"" ""Regular"" position "44
"S12_TERM_RESUME: ""Pg"" ""Regular"" position "45
"S12_TERM_RESUME: ""Pg"" ""Regular"" position "46
"S12_TERM_RESUME: ""Pg"" ""Regular"" position "47
"S12_TERM_RESUME: ""Pg"" ""Regular"" position "48
"S12_TERM_RESUME: ""Pg"" ""Regular"" position "49
"S12_TERM_RESUME: ""Pg"" ""Regular"" position "50
"S12_TERM_RESUME: ""Pg"" ""Regular"" position "51
"S12_TERM_RESUME: ""Pg"" ""Regular"" position "52
"S12_TERM_RESUME: ""Pg"" ""Regular"" position "53
"S12_TERM_RESUME: ""Pg"" ""Regular"" position "54
"S12_TERM_RESUME: ""Pg"" ""Regular"" position "55
"S12_TERM_RESUME: ""Pg"" ""Regular"" position "56
"S12_TERM_RESUME: ""Pg"" ""Regular"" position "57
"S12_TERM_RESUME: ""Pg"" ""Regular"" position "58
"S12_TERM_RESUME: ""Pg"" ""Regular"" position "59
"S12_TERM_RESUME: ""Pg"" ""Regular"" position "60
"S12_TERM_RESUME: ""Pg"" ""Regular"" position "61
"S12_TERM_RESUME: ""Pg"" ""Regular"" position "62
"S12_TERM_RESUME: ""Pg"" ""Regular"" position "63
"S12_TERM_RESUME: ""Pg"" ""Regular"" position "64
"S12_TERM_RESUME: ""Pg"" ""Regular"" position "65
"S12_TERM_RESUME: ""Pg"" ""Regular"" position "66
"S12_TERM_RESUME: ""Pg"" ""Regular"" position "67
"S12_TERM_RESUME: ""Pg"" ""Regular"" position "68
"S12_TERM_RESUME: ""Pg"" ""Regular"" position "69
"S12_TERM_RESUME: ""Pg"" ""Regular"" position "70
"S12_TERM_RESUME: ""Pg"" ""Regular"" position "71
"S12_TERM_RESUME: ""Pg"" ""Regular"" position "72
"S12_TERM_RESUME: ""Pg"" ""Regular"" position "73
"S12_TERM_RESUME: ""Pg"" ""Regular"" position "74
"S12_TERM_RESUME: ""Pg"" ""Regular"" position "75
"S12_TERM_RESUME: ""Pg"" ""Regular"" position "76
"S12_TERM_RESUME: ""Pg"" ""Regular"" position "77
"S12_TERM_RESUME: ""Pg"" ""Regular"" position "78
"S12_TERM_RESUME: ""Pg"" ""Regular"" position "79
"S12_TERM_STAGE: ""Pg"" ""Regular"" position "80" leafCount="52977" memoryGiB="0.3286719024181365967`3.
"S12_TERM_CHECKPOINT: ""Pg"" ""Regular"" position "80
"S12_TERM_STAGE: ""Pg"" ""Regular"" position "81" leafCount="28625" memoryGiB="0.355408400297164917`3.
"S12_TERM_CHECKPOINT: ""Pg"" ""Regular"" position "81
"S12_TERM_STAGE: ""Pg"" ""Regular"" position "82" leafCount="35148" memoryGiB="0.3560551702976226807`3.
"S12_TERM_CHECKPOINT: ""Pg"" ""Regular"" position "82
"S12_TERM_STAGE: ""Pg"" ""Regular"" position "83" leafCount="39520" memoryGiB="0.3570331409573554993`3.
"S12_TERM_CHECKPOINT: ""Pg"" ""Regular"" position "83
"S12_TERM_STAGE: ""Pg"" ""Regular"" position "84" leafCount="169148" memoryGiB="0.3598043918609619141`3.
"S12_TERM_CHECKPOINT: ""Pg"" ""Regular"" position "84
"S12_TERM_STAGE: ""Pg"" ""Regular"" position "85" leafCount="279101" memoryGiB="0.363361753523349762`3.
"S12_TERM_CHECKPOINT: ""Pg"" ""Regular"" position "85
"S12_TERM_STAGE: ""Pg"" ""Regular"" position "86" leafCount="271427" memoryGiB="0.3737412989139556885`3.
"S12_TERM_CHECKPOINT: ""Pg"" ""Regular"" position "86
"S12_TERM_STAGE: ""Pg"" ""Regular"" position "87" leafCount="268705" memoryGiB="0.379555046558380127`3.
"S12_TERM_CHECKPOINT: ""Pg"" ""Regular"" position "87
"S12_TERM_STAGE: ""Pg"" ""Regular"" position "88" leafCount="17829" memoryGiB="0.3851152732968330383`3.
"S12_TERM_CHECKPOINT: ""Pg"" ""Regular"" position "88
"S12_TERM_STAGE: ""Pg"" ""Regular"" position "89" leafCount="39863" memoryGiB="0.3854926750063896179`3.
"S12_TERM_CHECKPOINT: ""Pg"" ""Regular"" position "89
"S12_TERM_STAGE: ""Pg"" ""Regular"" position "90" leafCount="37985" memoryGiB="0.3862238749861717224`3.
"S12_TERM_CHECKPOINT: ""Pg"" ""Regular"" position "90
"S12_TERM_STAGE: ""Pg"" ""Regular"" position "91" leafCount="29920" memoryGiB="0.3869327902793884277`3.
"S12_TERM_CHECKPOINT: ""Pg"" ""Regular"" position "91
"S12_TERM_STAGE: ""Pg"" ""Regular"" position "92" leafCount="36461" memoryGiB="0.3875782564282417297`3.
"S12_TERM_CHECKPOINT: ""Pg"" ""Regular"" position "92
"S12_TERM_STAGE: ""Pg"" ""Regular"" position "93" leafCount="116110" memoryGiB="0.3883652538061141968`3.
"S12_TERM_CHECKPOINT: ""Pg"" ""Regular"" position "93
"S12_TERM_STAGE: ""Pg"" ""Regular"" position "94" leafCount="38777" memoryGiB="0.390794999897480011`3.
"S12_TERM_CHECKPOINT: ""Pg"" ""Regular"" position "94
"S12_TERM_STAGE: ""Pg"" ""Regular"" position "95" leafCount="18471" memoryGiB="0.3916158229112625122`3.
"S12_TERM_CHECKPOINT: ""Pg"" ""Regular"" position "95
"S12_MEMORY_EPOCH_PAUSE: completed "16" new terms in this kernel; restart required before ""Pg"" ""Regular"" position "96
S12_SUPERVISOR_EPOCH_EXIT=6:75
S12_SUPERVISOR_EPOCH_START=7
Style["Loading FeynCalc from /home/physics/.WolframEngine/Applications/FeynCalc/", "Text"]
$PrePrint is set to FeynCalcForm. Use FI and FC to change the display format.
Style["FeynCalc ", "Text", Bold]Style["10.2.1 (stable version). For help, use the ", "Text"]Style[DisplayForm[ButtonBox["online documentation,", ButtonData :> {URL["https://feyncalc.github.io/referenceDev"], None}, BaseStyle -> "Hyperlink", ButtonNote -> "https://feyncalc.github.io/referenceDev"]], "Text"]Style[" visit the ", "Text"]Style[DisplayForm[ButtonBox["forum", ButtonData :> {URL["https://github.com/FeynCalc/feyncalc/discussions"], None}, BaseStyle -> "Hyperlink", ButtonNote -> "https://github.com/FeynCalc/feyncalc/discussions/"]], "Text"]Style[" and have a look at the supplied ", "Text"]Style[DisplayForm[ButtonBox["examples.", BaseStyle -> "Hyperlink", ButtonFunction :> SystemOpen[FileNameJoin[{$FeynCalcDirectory, "Examples"}]], Evaluator -> Automatic, Method -> "Preemptive"]], "Text"]Style[" The PDF-version of the manual can be downloaded ", "Text"]Style[DisplayForm[ButtonBox["here.", ButtonData :> {URL["https://github.com/FeynCalc/feyncalc-manual/releases/download/dev-manual/FeynCalcManual.pdf"], None}, BaseStyle -> "Hyperlink", ButtonNote -> "https://github.com/FeynCalc/feyncalc-manual/releases/download/dev-manual/FeynCalcManual.pdf"]], "Text"]
Style["If you use FeynCalc in your research, please evaluate FeynCalcHowToCite[] to learn how to cite this software.", "Text"]
Style["Please keep in mind that the proper academic attribution of our work is crucial to ensure the future development of this package!", {"Text", Italic}]
"S12_STAGE: validating S10, S11, and authoritative paper bindings"
"S12_STAGE: loading or constructing mapped Hgg Eq. (46) cache"
"S12_COUNTERTERM_RESUME: validated mapped cache"
"S12_STAGE: extracting S10 Laurent coefficients serially with bounded per-term memory"
"S12_S10_STAGE: loading ""Pg"" action only"
"S12_S10_PARTITION: ""Pg"" alpha2=1 regular="111
"S12_TERM_RESUME: ""Pg"" ""Alpha2"" position "1
"S12_TERM_RESUME: ""Pg"" ""Regular"" position "1
"S12_TERM_RESUME: ""Pg"" ""Regular"" position "2
"S12_TERM_RESUME: ""Pg"" ""Regular"" position "3
"S12_TERM_RESUME: ""Pg"" ""Regular"" position "4
"S12_TERM_RESUME: ""Pg"" ""Regular"" position "5
"S12_TERM_RESUME: ""Pg"" ""Regular"" position "6
"S12_TERM_RESUME: ""Pg"" ""Regular"" position "7
"S12_TERM_RESUME: ""Pg"" ""Regular"" position "8
"S12_TERM_RESUME: ""Pg"" ""Regular"" position "9
"S12_TERM_RESUME: ""Pg"" ""Regular"" position "10
"S12_TERM_RESUME: ""Pg"" ""Regular"" position "11
"S12_TERM_RESUME: ""Pg"" ""Regular"" position "12
"S12_TERM_RESUME: ""Pg"" ""Regular"" position "13
"S12_TERM_RESUME: ""Pg"" ""Regular"" position "14
"S12_TERM_RESUME: ""Pg"" ""Regular"" position "15
"S12_TERM_RESUME: ""Pg"" ""Regular"" position "16
"S12_TERM_RESUME: ""Pg"" ""Regular"" position "17
"S12_TERM_RESUME: ""Pg"" ""Regular"" position "18
"S12_TERM_RESUME: ""Pg"" ""Regular"" position "19
"S12_TERM_RESUME: ""Pg"" ""Regular"" position "20
"S12_TERM_RESUME: ""Pg"" ""Regular"" position "21
"S12_TERM_RESUME: ""Pg"" ""Regular"" position "22
"S12_TERM_RESUME: ""Pg"" ""Regular"" position "23
"S12_TERM_RESUME: ""Pg"" ""Regular"" position "24
"S12_TERM_RESUME: ""Pg"" ""Regular"" position "25
"S12_TERM_RESUME: ""Pg"" ""Regular"" position "26
"S12_TERM_RESUME: ""Pg"" ""Regular"" position "27
"S12_TERM_RESUME: ""Pg"" ""Regular"" position "28
"S12_TERM_RESUME: ""Pg"" ""Regular"" position "29
"S12_TERM_RESUME: ""Pg"" ""Regular"" position "30
"S12_TERM_RESUME: ""Pg"" ""Regular"" position "31
"S12_TERM_RESUME: ""Pg"" ""Regular"" position "32
"S12_TERM_RESUME: ""Pg"" ""Regular"" position "33
"S12_TERM_RESUME: ""Pg"" ""Regular"" position "34
"S12_TERM_RESUME: ""Pg"" ""Regular"" position "35
"S12_TERM_RESUME: ""Pg"" ""Regular"" position "36
"S12_TERM_RESUME: ""Pg"" ""Regular"" position "37
"S12_TERM_RESUME: ""Pg"" ""Regular"" position "38
"S12_TERM_RESUME: ""Pg"" ""Regular"" position "39
"S12_TERM_RESUME: ""Pg"" ""Regular"" position "40
"S12_TERM_RESUME: ""Pg"" ""Regular"" position "41
"S12_TERM_RESUME: ""Pg"" ""Regular"" position "42
"S12_TERM_RESUME: ""Pg"" ""Regular"" position "43
"S12_TERM_RESUME: ""Pg"" ""Regular"" position "44
"S12_TERM_RESUME: ""Pg"" ""Regular"" position "45
"S12_TERM_RESUME: ""Pg"" ""Regular"" position "46
"S12_TERM_RESUME: ""Pg"" ""Regular"" position "47
"S12_TERM_RESUME: ""Pg"" ""Regular"" position "48
"S12_TERM_RESUME: ""Pg"" ""Regular"" position "49
"S12_TERM_RESUME: ""Pg"" ""Regular"" position "50
"S12_TERM_RESUME: ""Pg"" ""Regular"" position "51
"S12_TERM_RESUME: ""Pg"" ""Regular"" position "52
"S12_TERM_RESUME: ""Pg"" ""Regular"" position "53
"S12_TERM_RESUME: ""Pg"" ""Regular"" position "54
"S12_TERM_RESUME: ""Pg"" ""Regular"" position "55
"S12_TERM_RESUME: ""Pg"" ""Regular"" position "56
"S12_TERM_RESUME: ""Pg"" ""Regular"" position "57
"S12_TERM_RESUME: ""Pg"" ""Regular"" position "58
"S12_TERM_RESUME: ""Pg"" ""Regular"" position "59
"S12_TERM_RESUME: ""Pg"" ""Regular"" position "60
"S12_TERM_RESUME: ""Pg"" ""Regular"" position "61
"S12_TERM_RESUME: ""Pg"" ""Regular"" position "62
"S12_TERM_RESUME: ""Pg"" ""Regular"" position "63
"S12_TERM_RESUME: ""Pg"" ""Regular"" position "64
"S12_TERM_RESUME: ""Pg"" ""Regular"" position "65
"S12_TERM_RESUME: ""Pg"" ""Regular"" position "66
"S12_TERM_RESUME: ""Pg"" ""Regular"" position "67
"S12_TERM_RESUME: ""Pg"" ""Regular"" position "68
"S12_TERM_RESUME: ""Pg"" ""Regular"" position "69
"S12_TERM_RESUME: ""Pg"" ""Regular"" position "70
"S12_TERM_RESUME: ""Pg"" ""Regular"" position "71
"S12_TERM_RESUME: ""Pg"" ""Regular"" position "72
"S12_TERM_RESUME: ""Pg"" ""Regular"" position "73
"S12_TERM_RESUME: ""Pg"" ""Regular"" position "74
"S12_TERM_RESUME: ""Pg"" ""Regular"" position "75
"S12_TERM_RESUME: ""Pg"" ""Regular"" position "76
"S12_TERM_RESUME: ""Pg"" ""Regular"" position "77
"S12_TERM_RESUME: ""Pg"" ""Regular"" position "78
"S12_TERM_RESUME: ""Pg"" ""Regular"" position "79
"S12_TERM_RESUME: ""Pg"" ""Regular"" position "80
"S12_TERM_RESUME: ""Pg"" ""Regular"" position "81
"S12_TERM_RESUME: ""Pg"" ""Regular"" position "82
"S12_TERM_RESUME: ""Pg"" ""Regular"" position "83
"S12_TERM_RESUME: ""Pg"" ""Regular"" position "84
"S12_TERM_RESUME: ""Pg"" ""Regular"" position "85
"S12_TERM_RESUME: ""Pg"" ""Regular"" position "86
"S12_TERM_RESUME: ""Pg"" ""Regular"" position "87
"S12_TERM_RESUME: ""Pg"" ""Regular"" position "88
"S12_TERM_RESUME: ""Pg"" ""Regular"" position "89
"S12_TERM_RESUME: ""Pg"" ""Regular"" position "90
"S12_TERM_RESUME: ""Pg"" ""Regular"" position "91
"S12_TERM_RESUME: ""Pg"" ""Regular"" position "92
"S12_TERM_RESUME: ""Pg"" ""Regular"" position "93
"S12_TERM_RESUME: ""Pg"" ""Regular"" position "94
"S12_TERM_RESUME: ""Pg"" ""Regular"" position "95
"S12_TERM_STAGE: ""Pg"" ""Regular"" position "96" leafCount="43703" memoryGiB="0.3286874294281005859`3.
"S12_TERM_CHECKPOINT: ""Pg"" ""Regular"" position "96
"S12_TERM_STAGE: ""Pg"" ""Regular"" position "97" leafCount="49697" memoryGiB="0.3548658788204193115`3.
"S12_TERM_CHECKPOINT: ""Pg"" ""Regular"" position "97
"S12_TERM_STAGE: ""Pg"" ""Regular"" position "98" leafCount="30428" memoryGiB="0.3581356853246688843`3.
"S12_TERM_CHECKPOINT: ""Pg"" ""Regular"" position "98
"S12_TERM_STAGE: ""Pg"" ""Regular"" position "99" leafCount="100456" memoryGiB="0.3590161725878715515`3.
"S12_TERM_CHECKPOINT: ""Pg"" ""Regular"" position "99
"S12_TERM_STAGE: ""Pg"" ""Regular"" position "100" leafCount="48944" memoryGiB="0.3611613363027572632`3.
"S12_TERM_CHECKPOINT: ""Pg"" ""Regular"" position "100
"S12_TERM_STAGE: ""Pg"" ""Regular"" position "101" leafCount="84392" memoryGiB="0.3621734827756881714`3.
"S12_TERM_CHECKPOINT: ""Pg"" ""Regular"" position "101
"S12_TERM_STAGE: ""Pg"" ""Regular"" position "102" leafCount="77836" memoryGiB="0.3639490455389022827`3.
"S12_TERM_CHECKPOINT: ""Pg"" ""Regular"" position "102
"S12_TERM_STAGE: ""Pg"" ""Regular"" position "103" leafCount="153939" memoryGiB="0.3655849918723106384`3.
"S12_TERM_CHECKPOINT: ""Pg"" ""Regular"" position "103
"S12_TERM_STAGE: ""Pg"" ""Regular"" position "104" leafCount="455094" memoryGiB="0.373268812894821167`3.
"S12_TERM_CHECKPOINT: ""Pg"" ""Regular"" position "104
"S12_TERM_STAGE: ""Pg"" ""Regular"" position "105" leafCount="103050" memoryGiB="0.3916490301489830017`3.
"S12_TERM_CHECKPOINT: ""Pg"" ""Regular"" position "105
"S12_TERM_STAGE: ""Pg"" ""Regular"" position "106" leafCount="103510" memoryGiB="0.3937354162335395813`3.
"S12_TERM_CHECKPOINT: ""Pg"" ""Regular"" position "106
"S12_TERM_STAGE: ""Pg"" ""Regular"" position "107" leafCount="493070" memoryGiB="0.395842432975769043`3.
"S12_TERM_CHECKPOINT: ""Pg"" ""Regular"" position "107
"S12_TERM_STAGE: ""Pg"" ""Regular"" position "108" leafCount="170027" memoryGiB="0.4060804098844528198`3.
"S12_TERM_CHECKPOINT: ""Pg"" ""Regular"" position "108
"S12_TERM_STAGE: ""Pg"" ""Regular"" position "109" leafCount="409980" memoryGiB="0.4096541553735733032`3.
"S12_TERM_CHECKPOINT: ""Pg"" ""Regular"" position "109
"S12_TERM_STAGE: ""Pg"" ""Regular"" position "110" leafCount="345501" memoryGiB="0.4182190746068954468`3.

No more memory available.
Mathematica kernel has shut down.
Try quitting other applications and then retry.
S12_SUPERVISOR_EPOCH_EXIT=7:1
