"S12_STAGE: validating S10, S11, and authoritative paper bindings"
"S12_STAGE: loading or constructing mapped Hgg Eq. (46) cache"
"S12_COUNTERTERM_SERIES: ""Pg"" ""IntegrandPhiS"" leafCount="1739
"S12_COUNTERTERM_SERIES: ""PPP"" ""IntegrandPhiS"" leafCount="356
"S12_COUNTERTERM_CHECKPOINT: mapped cache complete"
"S12_STAGE: extracting S10 Laurent coefficients serially with bounded per-term memory"
"S12_S10_STAGE: loading ""Pg"" action only"
"S12_S10_PARTITION: ""Pg"" alpha2=1 regular="69
"S12_TERM_STAGE: ""Pg"" ""Alpha2"" position "1" leafCount="14591" memoryGiB="0.170652635395526886`3.
"S12_TERM_CHECKPOINT: ""Pg"" ""Alpha2"" position "1
"S12_TERM_STAGE: ""Pg"" ""Regular"" position "1" leafCount="12235" memoryGiB="0.173138149082660675`3.
"S12_TERM_CHECKPOINT: ""Pg"" ""Regular"" position "1
"S12_TERM_STAGE: ""Pg"" ""Regular"" position "2" leafCount="13597" memoryGiB="0.1971203461289405823`3.
"S12_TERM_CHECKPOINT: ""Pg"" ""Regular"" position "2
"S12_TERM_STAGE: ""Pg"" ""Regular"" position "3" leafCount="7753" memoryGiB="0.1973062902688980103`3.
"S12_TERM_CHECKPOINT: ""Pg"" ""Regular"" position "3
"S12_TERM_STAGE: ""Pg"" ""Regular"" position "4" leafCount="26807" memoryGiB="0.1975143179297447205`3.
"S12_TERM_CHECKPOINT: ""Pg"" ""Regular"" position "4
"S12_TERM_STAGE: ""Pg"" ""Regular"" position "5" leafCount="29289" memoryGiB="0.1986647993326187134`3.
"S12_TERM_CHECKPOINT: ""Pg"" ""Regular"" position "5
"S12_TERM_STAGE: ""Pg"" ""Regular"" position "6" leafCount="14831" memoryGiB="0.19924192875623703`3.
"S12_TERM_CHECKPOINT: ""Pg"" ""Regular"" position "6
"S12_TERM_STAGE: ""Pg"" ""Regular"" position "7" leafCount="13789" memoryGiB="0.199646294116973877`3.
"S12_TERM_CHECKPOINT: ""Pg"" ""Regular"" position "7
"S12_TERM_STAGE: ""Pg"" ""Regular"" position "8" leafCount="17521" memoryGiB="0.1999077349901199341`3.
"S12_TERM_CHECKPOINT: ""Pg"" ""Regular"" position "8
"S12_TERM_STAGE: ""Pg"" ""Regular"" position "9" leafCount="17537" memoryGiB="0.2001927942037582397`3.
"S12_TERM_CHECKPOINT: ""Pg"" ""Regular"" position "9
"S12_TERM_STAGE: ""Pg"" ""Regular"" position "10" leafCount="5785" memoryGiB="0.2004783228039741516`3.
"S12_TERM_CHECKPOINT: ""Pg"" ""Regular"" position "10
"S12_TERM_STAGE: ""Pg"" ""Regular"" position "11" leafCount="6672" memoryGiB="0.200596444308757782`3.
"S12_TERM_CHECKPOINT: ""Pg"" ""Regular"" position "11
"S12_TERM_STAGE: ""Pg"" ""Regular"" position "12" leafCount="5780" memoryGiB="0.2007216587662696838`3.
"S12_TERM_CHECKPOINT: ""Pg"" ""Regular"" position "12
"S12_TERM_STAGE: ""Pg"" ""Regular"" position "13" leafCount="6662" memoryGiB="0.2008397802710533142`3.
"S12_TERM_CHECKPOINT: ""Pg"" ""Regular"" position "13
"S12_TERM_STAGE: ""Pg"" ""Regular"" position "14" leafCount="14895" memoryGiB="0.2009654641151428223`3.
"S12_TERM_CHECKPOINT: ""Pg"" ""Regular"" position "14
"S12_TERM_STAGE: ""Pg"" ""Regular"" position "15" leafCount="14871" memoryGiB="0.2013894319534301758`3.
"S12_TERM_CHECKPOINT: ""Pg"" ""Regular"" position "15
"S12_TERM_STAGE: ""Pg"" ""Regular"" position "16" leafCount="16419" memoryGiB="0.203033052384853363`3.
"S12_TERM_CHECKPOINT: ""Pg"" ""Regular"" position "16
"S12_TERM_STAGE: ""Pg"" ""Regular"" position "17" leafCount="17461" memoryGiB="0.203365817666053772`3.
"S12_TERM_CHECKPOINT: ""Pg"" ""Regular"" position "17
"S12_TERM_STAGE: ""Pg"" ""Regular"" position "18" leafCount="33334" memoryGiB="0.2037121281027793884`3.
"S12_TERM_CHECKPOINT: ""Pg"" ""Regular"" position "18
"S12_TERM_STAGE: ""Pg"" ""Regular"" position "19" leafCount="85613" memoryGiB="0.2045563980937004089`3.
"S12_TERM_CHECKPOINT: ""Pg"" ""Regular"" position "19
"S12_TERM_STAGE: ""Pg"" ""Regular"" position "20" leafCount="60996" memoryGiB="0.2090674117207527161`3.
"S12_TERM_CHECKPOINT: ""Pg"" ""Regular"" position "20
"S12_TERM_STAGE: ""Pg"" ""Regular"" position "21" leafCount="91600" memoryGiB="0.2113316431641578674`3.
"S12_TERM_CHECKPOINT: ""Pg"" ""Regular"" position "21
"S12_TERM_STAGE: ""Pg"" ""Regular"" position "22" leafCount="98738" memoryGiB="0.2136511057615280151`3.
"S12_TERM_CHECKPOINT: ""Pg"" ""Regular"" position "22
"S12_TERM_STAGE: ""Pg"" ""Regular"" position "23" leafCount="36229" memoryGiB="0.2161269411444664001`3.
"S12_TERM_CHECKPOINT: ""Pg"" ""Regular"" position "23
"S12_TERM_STAGE: ""Pg"" ""Regular"" position "24" leafCount="26665" memoryGiB="0.2169114276766777039`3.
"S12_TERM_CHECKPOINT: ""Pg"" ""Regular"" position "24
"S12_TERM_STAGE: ""Pg"" ""Regular"" position "25" leafCount="24381" memoryGiB="0.2174066230654716492`3.
"S12_TERM_CHECKPOINT: ""Pg"" ""Regular"" position "25
"S12_TERM_STAGE: ""Pg"" ""Regular"" position "26" leafCount="24357" memoryGiB="0.2178702875971794128`3.
"S12_TERM_CHECKPOINT: ""Pg"" ""Regular"" position "26
"S12_TERM_STAGE: ""Pg"" ""Regular"" position "27" leafCount="25065" memoryGiB="0.2183321714401245117`3.
"S12_TERM_CHECKPOINT: ""Pg"" ""Regular"" position "27
"S12_TERM_STAGE: ""Pg"" ""Regular"" position "28" leafCount="23497" memoryGiB="0.2190294265747070312`3.
"S12_TERM_CHECKPOINT: ""Pg"" ""Regular"" position "28
"S12_TERM_STAGE: ""Pg"" ""Regular"" position "29" leafCount="41123" memoryGiB="0.2196829766035079956`3.
"S12_TERM_CHECKPOINT: ""Pg"" ""Regular"" position "29
"S12_TERM_STAGE: ""Pg"" ""Regular"" position "30" leafCount="26425" memoryGiB="0.2208110392093658447`3.
"S12_TERM_CHECKPOINT: ""Pg"" ""Regular"" position "30
"S12_TERM_STAGE: ""Pg"" ""Regular"" position "31" leafCount="24857" memoryGiB="0.2225158363580703735`3.
"S12_TERM_CHECKPOINT: ""Pg"" ""Regular"" position "31
"S12_TERM_STAGE: ""Pg"" ""Regular"" position "32" leafCount="49581" memoryGiB="0.2231999039649963379`3.
"S12_TERM_CHECKPOINT: ""Pg"" ""Regular"" position "32
"S12_TERM_STAGE: ""Pg"" ""Regular"" position "33" leafCount="106663" memoryGiB="0.2284725233912467957`3.
"S12_TERM_CHECKPOINT: ""Pg"" ""Regular"" position "33
"S12_TERM_STAGE: ""Pg"" ""Regular"" position "34" leafCount="245995" memoryGiB="0.2313942760229110718`3.
"S12_TERM_CHECKPOINT: ""Pg"" ""Regular"" position "34
"S12_TERM_STAGE: ""Pg"" ""Regular"" position "35" leafCount="25923" memoryGiB="0.2384933605790138245`3.
"S12_TERM_CHECKPOINT: ""Pg"" ""Regular"" position "35
"S12_TERM_STAGE: ""Pg"" ""Regular"" position "36" leafCount="28273" memoryGiB="0.2389977350831031799`3.
"S12_TERM_CHECKPOINT: ""Pg"" ""Regular"" position "36
"S12_TERM_STAGE: ""Pg"" ""Regular"" position "37" leafCount="37813" memoryGiB="0.2395348921418190002`3.
"S12_TERM_CHECKPOINT: ""Pg"" ""Regular"" position "37
"S12_TERM_STAGE: ""Pg"" ""Regular"" position "38" leafCount="8391" memoryGiB="0.2403594702482223511`3.
"S12_TERM_CHECKPOINT: ""Pg"" ""Regular"" position "38
"S12_TERM_STAGE: ""Pg"" ""Regular"" position "39" leafCount="8375" memoryGiB="0.2405962720513343811`3.
"S12_TERM_CHECKPOINT: ""Pg"" ""Regular"" position "39
"S12_TERM_STAGE: ""Pg"" ""Regular"" position "40" leafCount="8001" memoryGiB="0.2408322244882583618`3.
"S12_TERM_CHECKPOINT: ""Pg"" ""Regular"" position "40
"S12_TERM_STAGE: ""Pg"" ""Regular"" position "41" leafCount="7977" memoryGiB="0.2410636469721794128`3.
"S12_TERM_CHECKPOINT: ""Pg"" ""Regular"" position "41
"S12_TERM_STAGE: ""Pg"" ""Regular"" position "42" leafCount="23056" memoryGiB="0.2412951439619064331`3.
"S12_TERM_CHECKPOINT: ""Pg"" ""Regular"" position "42
"S12_TERM_STAGE: ""Pg"" ""Regular"" position "43" leafCount="31250" memoryGiB="0.241914018988609314`3.
"S12_TERM_CHECKPOINT: ""Pg"" ""Regular"" position "43
"S12_TERM_STAGE: ""Pg"" ""Regular"" position "44" leafCount="26031" memoryGiB="0.2427572533488273621`3.
"S12_TERM_CHECKPOINT: ""Pg"" ""Regular"" position "44
"S12_TERM_STAGE: ""Pg"" ""Regular"" position "45" leafCount="24423" memoryGiB="0.2434694766998291016`3.
"S12_TERM_CHECKPOINT: ""Pg"" ""Regular"" position "45
"S12_TERM_STAGE: ""Pg"" ""Regular"" position "46" leafCount="18636" memoryGiB="0.2441370114684104919`3.
"S12_TERM_CHECKPOINT: ""Pg"" ""Regular"" position "46
"S12_TERM_STAGE: ""Pg"" ""Regular"" position "47" leafCount="18588" memoryGiB="0.2446432933211326599`3.
"S12_TERM_CHECKPOINT: ""Pg"" ""Regular"" position "47
"S12_TERM_STAGE: ""Pg"" ""Regular"" position "48" leafCount="40333" memoryGiB="0.2451462671160697937`3.
"S12_TERM_CHECKPOINT: ""Pg"" ""Regular"" position "48
"S12_TERM_STAGE: ""Pg"" ""Regular"" position "49" leafCount="50221" memoryGiB="0.2462244853377342224`3.
"S12_TERM_CHECKPOINT: ""Pg"" ""Regular"" position "49
"S12_TERM_STAGE: ""Pg"" ""Regular"" position "50" leafCount="109951" memoryGiB="0.2475740611553192139`3.
"S12_TERM_CHECKPOINT: ""Pg"" ""Regular"" position "50
"S12_TERM_STAGE: ""Pg"" ""Regular"" position "51" leafCount="32766" memoryGiB="0.2525375336408615112`3.
"S12_TERM_CHECKPOINT: ""Pg"" ""Regular"" position "51
"S12_TERM_STAGE: ""Pg"" ""Regular"" position "52" leafCount="22996" memoryGiB="0.2534241899847984314`3.
"S12_TERM_CHECKPOINT: ""Pg"" ""Regular"" position "52
"S12_TERM_STAGE: ""Pg"" ""Regular"" position "53" leafCount="163316" memoryGiB="0.2540414109826087952`3.
"S12_TERM_CHECKPOINT: ""Pg"" ""Regular"" position "53
"S12_TERM_STAGE: ""Pg"" ""Regular"" position "54" leafCount="215250" memoryGiB="0.2666667550802230835`3.
"S12_TERM_CHECKPOINT: ""Pg"" ""Regular"" position "54
"S12_TERM_STAGE: ""Pg"" ""Regular"" position "55" leafCount="319807" memoryGiB="0.2728368192911148071`3.
"S12_TERM_CHECKPOINT: ""Pg"" ""Regular"" position "55
"S12_TERM_STAGE: ""Pg"" ""Regular"" position "56" leafCount="215130" memoryGiB="0.2818102240562438965`3.
"S12_TERM_CHECKPOINT: ""Pg"" ""Regular"" position "56
"S12_TERM_STAGE: ""Pg"" ""Regular"" position "57" leafCount="45955" memoryGiB="0.2879734188318252563`3.
"S12_TERM_CHECKPOINT: ""Pg"" ""Regular"" position "57
"S12_TERM_STAGE: ""Pg"" ""Regular"" position "58" leafCount="53289" memoryGiB="0.2892301082611083984`3.
"S12_TERM_CHECKPOINT: ""Pg"" ""Regular"" position "58
"S12_TERM_STAGE: ""Pg"" ""Regular"" position "59" leafCount="109204" memoryGiB="0.2906863316893577576`3.
"S12_TERM_CHECKPOINT: ""Pg"" ""Regular"" position "59
"S12_TERM_STAGE: ""Pg"" ""Regular"" position "60" leafCount="112520" memoryGiB="0.2937635108828544617`3.
"S12_TERM_CHECKPOINT: ""Pg"" ""Regular"" position "60
"S12_TERM_STAGE: ""Pg"" ""Regular"" position "61" leafCount="60147" memoryGiB="0.2969470694661140442`3.
"S12_TERM_CHECKPOINT: ""Pg"" ""Regular"" position "61
"S12_TERM_STAGE: ""Pg"" ""Regular"" position "62" leafCount="93047" memoryGiB="0.2985959723591804504`3.
"S12_TERM_CHECKPOINT: ""Pg"" ""Regular"" position "62
"S12_TERM_STAGE: ""Pg"" ""Regular"" position "63" leafCount="93518" memoryGiB="0.3051134124398231506`3.
"S12_TERM_CHECKPOINT: ""Pg"" ""Regular"" position "63
"S12_TERM_STAGE: ""Pg"" ""Regular"" position "64" leafCount="114252" memoryGiB="0.3078093156218528748`3.

No more memory available.
Mathematica kernel has shut down.
Try quitting other applications and then retry.
S12_CORRECTED_RELAUNCH: fresh-kernel epochs after memory-lifecycle correction
S12_KERNEL_EPOCH_LAUNCH
"S12_STAGE: validating S10, S11, and authoritative paper bindings"
"S12_STAGE: loading or constructing mapped Hgg Eq. (46) cache"
"S12_COUNTERTERM_RESUME: validated mapped cache"
"S12_STAGE: extracting S10 Laurent coefficients serially with bounded per-term memory"
"S12_S10_STAGE: loading ""Pg"" action only"
"S12_S10_PARTITION: ""Pg"" alpha2=1 regular="69
"S12_TERM_RESUME: ""Pg"" ""Alpha2"" position "1
"S12_TERM_RESUME: ""Pg"" ""Regular"" position "1
"S12_TERM_RESUME: ""Pg"" ""Regular"" position "2
"S12_TERM_RESUME: ""Pg"" ""Regular"" position "3
"S12_TERM_RESUME: ""Pg"" ""Regular"" position "4
"S12_TERM_RESUME: ""Pg"" ""Regular"" position "5
"S12_TERM_RESUME: ""Pg"" ""Regular"" position "6
"S12_TERM_RESUME: ""Pg"" ""Regular"" position "7
"S12_TERM_RESUME: ""Pg"" ""Regular"" position "8
"S12_TERM_RESUME: ""Pg"" ""Regular"" position "9
"S12_TERM_RESUME: ""Pg"" ""Regular"" position "10
"S12_TERM_RESUME: ""Pg"" ""Regular"" position "11
"S12_TERM_RESUME: ""Pg"" ""Regular"" position "12
"S12_TERM_RESUME: ""Pg"" ""Regular"" position "13
"S12_TERM_RESUME: ""Pg"" ""Regular"" position "14
"S12_TERM_RESUME: ""Pg"" ""Regular"" position "15
"S12_TERM_RESUME: ""Pg"" ""Regular"" position "16
"S12_TERM_RESUME: ""Pg"" ""Regular"" position "17
"S12_TERM_RESUME: ""Pg"" ""Regular"" position "18
"S12_TERM_RESUME: ""Pg"" ""Regular"" position "19
"S12_TERM_RESUME: ""Pg"" ""Regular"" position "20
"S12_TERM_RESUME: ""Pg"" ""Regular"" position "21
"S12_TERM_RESUME: ""Pg"" ""Regular"" position "22
"S12_TERM_RESUME: ""Pg"" ""Regular"" position "23
"S12_TERM_RESUME: ""Pg"" ""Regular"" position "24
"S12_TERM_RESUME: ""Pg"" ""Regular"" position "25
"S12_TERM_RESUME: ""Pg"" ""Regular"" position "26
"S12_TERM_RESUME: ""Pg"" ""Regular"" position "27
"S12_TERM_RESUME: ""Pg"" ""Regular"" position "28
"S12_TERM_RESUME: ""Pg"" ""Regular"" position "29
"S12_TERM_RESUME: ""Pg"" ""Regular"" position "30
"S12_TERM_RESUME: ""Pg"" ""Regular"" position "31
"S12_TERM_RESUME: ""Pg"" ""Regular"" position "32
"S12_TERM_RESUME: ""Pg"" ""Regular"" position "33
"S12_TERM_RESUME: ""Pg"" ""Regular"" position "34
"S12_TERM_RESUME: ""Pg"" ""Regular"" position "35
"S12_TERM_RESUME: ""Pg"" ""Regular"" position "36
"S12_TERM_RESUME: ""Pg"" ""Regular"" position "37
"S12_TERM_RESUME: ""Pg"" ""Regular"" position "38
"S12_TERM_RESUME: ""Pg"" ""Regular"" position "39
"S12_TERM_RESUME: ""Pg"" ""Regular"" position "40
"S12_TERM_RESUME: ""Pg"" ""Regular"" position "41
"S12_TERM_RESUME: ""Pg"" ""Regular"" position "42
"S12_TERM_RESUME: ""Pg"" ""Regular"" position "43
"S12_TERM_RESUME: ""Pg"" ""Regular"" position "44
"S12_TERM_RESUME: ""Pg"" ""Regular"" position "45
"S12_TERM_RESUME: ""Pg"" ""Regular"" position "46
"S12_TERM_RESUME: ""Pg"" ""Regular"" position "47
"S12_TERM_RESUME: ""Pg"" ""Regular"" position "48
"S12_TERM_RESUME: ""Pg"" ""Regular"" position "49
"S12_TERM_RESUME: ""Pg"" ""Regular"" position "50
"S12_TERM_RESUME: ""Pg"" ""Regular"" position "51
"S12_TERM_RESUME: ""Pg"" ""Regular"" position "52
"S12_TERM_RESUME: ""Pg"" ""Regular"" position "53
"S12_TERM_RESUME: ""Pg"" ""Regular"" position "54
"S12_TERM_RESUME: ""Pg"" ""Regular"" position "55
"S12_TERM_RESUME: ""Pg"" ""Regular"" position "56
"S12_TERM_RESUME: ""Pg"" ""Regular"" position "57
"S12_TERM_RESUME: ""Pg"" ""Regular"" position "58
"S12_TERM_RESUME: ""Pg"" ""Regular"" position "59
"S12_TERM_RESUME: ""Pg"" ""Regular"" position "60
"S12_TERM_RESUME: ""Pg"" ""Regular"" position "61
"S12_TERM_RESUME: ""Pg"" ""Regular"" position "62
"S12_TERM_RESUME: ""Pg"" ""Regular"" position "63
"S12_TERM_STAGE: ""Pg"" ""Regular"" position "64" leafCount="114252" memoryGiB="0.1703126430511474609`3.
"S12_TERM_CHECKPOINT: ""Pg"" ""Regular"" position "64
"S12_TERM_STAGE: ""Pg"" ""Regular"" position "65" leafCount="271286" memoryGiB="0.1778798401355743408`3.
"S12_TERM_CHECKPOINT: ""Pg"" ""Regular"" position "65
"S12_TERM_STAGE: ""Pg"" ""Regular"" position "66" leafCount="245083" memoryGiB="0.1882386580109596252`3.
"S12_TERM_CHECKPOINT: ""Pg"" ""Regular"" position "66
"S12_TERM_STAGE: ""Pg"" ""Regular"" position "67" leafCount="417144" memoryGiB="0.2233644053339958191`3.
"S12_TERM_CHECKPOINT: ""Pg"" ""Regular"" position "67
"S12_TERM_STAGE: ""Pg"" ""Regular"" position "68" leafCount="437526" memoryGiB="0.2352629527449607849`3.
"S12_TERM_CHECKPOINT: ""Pg"" ""Regular"" position "68
"S12_TERM_STAGE: ""Pg"" ""Regular"" position "69" leafCount="309475" memoryGiB="0.2574001923203468323`3.
"S12_TERM_CHECKPOINT: ""Pg"" ""Regular"" position "69
"S12_AGGREGATE_STAGE: ""Pg"" epsilon^"-2" parts="70
"S12_AGGREGATE_CHECKPOINT: ""Pg"" epsilon^"-2" leafCount="1
"S12_AGGREGATE_STAGE: ""Pg"" epsilon^"-1" parts="70
"S12_AGGREGATE_CHECKPOINT: ""Pg"" epsilon^"-1" leafCount="267024
"S12_AGGREGATE_STAGE: ""Pg"" epsilon^"0" parts="70
"S12_AGGREGATE_CHECKPOINT: ""Pg"" epsilon^"0" leafCount="910284
"S12_S10_PROJECTOR_COMPLETE: ""Pg"
"S12_S10_STAGE: loading ""PPP"" action only"
"S12_S10_PARTITION: ""PPP"" alpha2=1 regular="93
"S12_TERM_STAGE: ""PPP"" ""Alpha2"" position "1" leafCount="1298" memoryGiB="0.1759984046220779419`3.
"S12_TERM_CHECKPOINT: ""PPP"" ""Alpha2"" position "1
"S12_TERM_STAGE: ""PPP"" ""Regular"" position "1" leafCount="12901" memoryGiB="0.1761380881071090698`3.
"S12_TERM_CHECKPOINT: ""PPP"" ""Regular"" position "1
"S12_TERM_STAGE: ""PPP"" ""Regular"" position "2" leafCount="36822" memoryGiB="0.1765502691268920898`3.
"S12_TERM_CHECKPOINT: ""PPP"" ""Regular"" position "2
"S12_TERM_STAGE: ""PPP"" ""Regular"" position "3" leafCount="36766" memoryGiB="0.1776963621377944946`3.
"S12_TERM_CHECKPOINT: ""PPP"" ""Regular"" position "3
"S12_TERM_STAGE: ""PPP"" ""Regular"" position "4" leafCount="13740" memoryGiB="0.178627505898475647`3.
"S12_TERM_CHECKPOINT: ""PPP"" ""Regular"" position "4
"S12_TERM_STAGE: ""PPP"" ""Regular"" position "5" leafCount="26051" memoryGiB="0.1788715198636054993`3.
"S12_TERM_CHECKPOINT: ""PPP"" ""Regular"" position "5
"S12_TERM_STAGE: ""PPP"" ""Regular"" position "6" leafCount="6688" memoryGiB="0.179337136447429657`3.
"S12_TERM_CHECKPOINT: ""PPP"" ""Regular"" position "6
"S12_TERM_STAGE: ""PPP"" ""Regular"" position "7" leafCount="14965" memoryGiB="0.1794999316334724426`3.
"S12_TERM_CHECKPOINT: ""PPP"" ""Regular"" position "7
"S12_TERM_STAGE: ""PPP"" ""Regular"" position "8" leafCount="18825" memoryGiB="0.1793736070394515991`3.
"S12_TERM_CHECKPOINT: ""PPP"" ""Regular"" position "8
"S12_TERM_STAGE: ""PPP"" ""Regular"" position "9" leafCount="36489" memoryGiB="0.1797520890831947327`3.
"S12_TERM_CHECKPOINT: ""PPP"" ""Regular"" position "9
"S12_MEMORY_EPOCH_PAUSE: completed "16" new terms in this kernel; restart required before ""PPP"" ""Regular"" position "10
S12_KERNEL_EPOCH_EXIT=75
S12_KERNEL_EPOCH_LAUNCH
"S12_STAGE: validating S10, S11, and authoritative paper bindings"
"S12_STAGE: loading or constructing mapped Hgg Eq. (46) cache"
"S12_COUNTERTERM_RESUME: validated mapped cache"
"S12_STAGE: extracting S10 Laurent coefficients serially with bounded per-term memory"
"S12_S10_PROJECTOR_RESUME_COMPLETE: ""Pg"
"S12_S10_STAGE: loading ""PPP"" action only"
"S12_S10_PARTITION: ""PPP"" alpha2=1 regular="93
"S12_TERM_RESUME: ""PPP"" ""Alpha2"" position "1
"S12_TERM_RESUME: ""PPP"" ""Regular"" position "1
"S12_TERM_RESUME: ""PPP"" ""Regular"" position "2
"S12_TERM_RESUME: ""PPP"" ""Regular"" position "3
"S12_TERM_RESUME: ""PPP"" ""Regular"" position "4
"S12_TERM_RESUME: ""PPP"" ""Regular"" position "5
"S12_TERM_RESUME: ""PPP"" ""Regular"" position "6
"S12_TERM_RESUME: ""PPP"" ""Regular"" position "7
"S12_TERM_RESUME: ""PPP"" ""Regular"" position "8
"S12_TERM_RESUME: ""PPP"" ""Regular"" position "9
"S12_TERM_STAGE: ""PPP"" ""Regular"" position "10" leafCount="36435" memoryGiB="0.150334574282169342`3.
"S12_TERM_CHECKPOINT: ""PPP"" ""Regular"" position "10
"S12_TERM_STAGE: ""PPP"" ""Regular"" position "11" leafCount="2935" memoryGiB="0.1767966523766517639`3.
"S12_TERM_CHECKPOINT: ""PPP"" ""Regular"" position "11
"S12_TERM_STAGE: ""PPP"" ""Regular"" position "12" leafCount="2936" memoryGiB="0.17685738205909729`3.
"S12_TERM_CHECKPOINT: ""PPP"" ""Regular"" position "12
"S12_TERM_STAGE: ""PPP"" ""Regular"" position "13" leafCount="14098" memoryGiB="0.1769165843725204468`3.
"S12_TERM_CHECKPOINT: ""PPP"" ""Regular"" position "13
"S12_TERM_STAGE: ""PPP"" ""Regular"" position "14" leafCount="21313" memoryGiB="0.1772515475749969482`3.
"S12_TERM_CHECKPOINT: ""PPP"" ""Regular"" position "14
"S12_TERM_STAGE: ""PPP"" ""Regular"" position "15" leafCount="19751" memoryGiB="0.1784415468573570251`3.
"S12_TERM_CHECKPOINT: ""PPP"" ""Regular"" position "15
"S12_TERM_STAGE: ""PPP"" ""Regular"" position "16" leafCount="31437" memoryGiB="0.1790025830268859863`3.
"S12_TERM_CHECKPOINT: ""PPP"" ""Regular"" position "16
"S12_TERM_STAGE: ""PPP"" ""Regular"" position "17" leafCount="59947" memoryGiB="0.1796885505318641663`3.
"S12_TERM_CHECKPOINT: ""PPP"" ""Regular"" position "17
"S12_TERM_STAGE: ""PPP"" ""Regular"" position "18" leafCount="49130" memoryGiB="0.1821531876921653748`3.
"S12_TERM_CHECKPOINT: ""PPP"" ""Regular"" position "18
"S12_TERM_STAGE: ""PPP"" ""Regular"" position "19" leafCount="86583" memoryGiB="0.1836415305733680725`3.
"S12_TERM_CHECKPOINT: ""PPP"" ""Regular"" position "19
"S12_TERM_STAGE: ""PPP"" ""Regular"" position "20" leafCount="32141" memoryGiB="0.1862002462148666382`3.
"S12_TERM_CHECKPOINT: ""PPP"" ""Regular"" position "20
"S12_TERM_STAGE: ""PPP"" ""Regular"" position "21" leafCount="24261" memoryGiB="0.1869010701775550842`3.
"S12_TERM_CHECKPOINT: ""PPP"" ""Regular"" position "21
"S12_TERM_STAGE: ""PPP"" ""Regular"" position "22" leafCount="9647" memoryGiB="0.1872287169098854065`3.
"S12_TERM_CHECKPOINT: ""PPP"" ""Regular"" position "22
"S12_TERM_STAGE: ""PPP"" ""Regular"" position "23" leafCount="5191" memoryGiB="0.187441609799861908`3.
"S12_TERM_CHECKPOINT: ""PPP"" ""Regular"" position "23
"S12_TERM_STAGE: ""PPP"" ""Regular"" position "24" leafCount="21007" memoryGiB="0.187539421021938324`3.
"S12_TERM_CHECKPOINT: ""PPP"" ""Regular"" position "24
"S12_TERM_STAGE: ""PPP"" ""Regular"" position "25" leafCount="20999" memoryGiB="0.1897181570529937744`3.
"S12_TERM_CHECKPOINT: ""PPP"" ""Regular"" position "25
"S12_MEMORY_EPOCH_PAUSE: completed "16" new terms in this kernel; restart required before ""PPP"" ""Regular"" position "26
S12_KERNEL_EPOCH_EXIT=75
S12_KERNEL_EPOCH_LAUNCH
"S12_STAGE: validating S10, S11, and authoritative paper bindings"
"S12_STAGE: loading or constructing mapped Hgg Eq. (46) cache"
"S12_COUNTERTERM_RESUME: validated mapped cache"
"S12_STAGE: extracting S10 Laurent coefficients serially with bounded per-term memory"
"S12_S10_PROJECTOR_RESUME_COMPLETE: ""Pg"
"S12_S10_STAGE: loading ""PPP"" action only"
"S12_S10_PARTITION: ""PPP"" alpha2=1 regular="93
"S12_TERM_RESUME: ""PPP"" ""Alpha2"" position "1
"S12_TERM_RESUME: ""PPP"" ""Regular"" position "1
"S12_TERM_RESUME: ""PPP"" ""Regular"" position "2
"S12_TERM_RESUME: ""PPP"" ""Regular"" position "3
"S12_TERM_RESUME: ""PPP"" ""Regular"" position "4
"S12_TERM_RESUME: ""PPP"" ""Regular"" position "5
"S12_TERM_RESUME: ""PPP"" ""Regular"" position "6
"S12_TERM_RESUME: ""PPP"" ""Regular"" position "7
"S12_TERM_RESUME: ""PPP"" ""Regular"" position "8
"S12_TERM_RESUME: ""PPP"" ""Regular"" position "9
"S12_TERM_RESUME: ""PPP"" ""Regular"" position "10
"S12_TERM_RESUME: ""PPP"" ""Regular"" position "11
"S12_TERM_RESUME: ""PPP"" ""Regular"" position "12
"S12_TERM_RESUME: ""PPP"" ""Regular"" position "13
"S12_TERM_RESUME: ""PPP"" ""Regular"" position "14
"S12_TERM_RESUME: ""PPP"" ""Regular"" position "15
"S12_TERM_RESUME: ""PPP"" ""Regular"" position "16
"S12_TERM_RESUME: ""PPP"" ""Regular"" position "17
"S12_TERM_RESUME: ""PPP"" ""Regular"" position "18
"S12_TERM_RESUME: ""PPP"" ""Regular"" position "19
"S12_TERM_RESUME: ""PPP"" ""Regular"" position "20
"S12_TERM_RESUME: ""PPP"" ""Regular"" position "21
"S12_TERM_RESUME: ""PPP"" ""Regular"" position "22
"S12_TERM_RESUME: ""PPP"" ""Regular"" position "23
"S12_TERM_RESUME: ""PPP"" ""Regular"" position "24
"S12_TERM_RESUME: ""PPP"" ""Regular"" position "25
"S12_TERM_STAGE: ""PPP"" ""Regular"" position "26" leafCount="4799" memoryGiB="0.150348961353302002`3.
"S12_TERM_CHECKPOINT: ""PPP"" ""Regular"" position "26
"S12_TERM_STAGE: ""PPP"" ""Regular"" position "27" leafCount="4791" memoryGiB="0.1527087092399597168`3.
"S12_TERM_CHECKPOINT: ""PPP"" ""Regular"" position "27
"S12_TERM_STAGE: ""PPP"" ""Regular"" position "28" leafCount="7723" memoryGiB="0.1528051793575286865`3.
"S12_TERM_CHECKPOINT: ""PPP"" ""Regular"" position "28
"S12_TERM_STAGE: ""PPP"" ""Regular"" position "29" leafCount="31661" memoryGiB="0.153043992817401886`3.
"S12_TERM_CHECKPOINT: ""PPP"" ""Regular"" position "29
"S12_TERM_STAGE: ""PPP"" ""Regular"" position "30" leafCount="48444" memoryGiB="0.1774642318487167358`3.
"S12_TERM_CHECKPOINT: ""PPP"" ""Regular"" position "30
"S12_TERM_STAGE: ""PPP"" ""Regular"" position "31" leafCount="25902" memoryGiB="0.17922993004322052`3.
"S12_TERM_CHECKPOINT: ""PPP"" ""Regular"" position "31
"S12_TERM_STAGE: ""PPP"" ""Regular"" position "32" leafCount="47421" memoryGiB="0.1799681633710861206`3.
"S12_TERM_CHECKPOINT: ""PPP"" ""Regular"" position "32
"S12_TERM_STAGE: ""PPP"" ""Regular"" position "33" leafCount="18092" memoryGiB="0.1822363808751106262`3.
"S12_TERM_CHECKPOINT: ""PPP"" ""Regular"" position "33
"S12_TERM_STAGE: ""PPP"" ""Regular"" position "34" leafCount="18056" memoryGiB="0.1829724907875061035`3.
"S12_TERM_CHECKPOINT: ""PPP"" ""Regular"" position "34
"S12_TERM_STAGE: ""PPP"" ""Regular"" position "35" leafCount="52540" memoryGiB="0.1834624037146568298`3.
"S12_TERM_CHECKPOINT: ""PPP"" ""Regular"" position "35
"S12_TERM_STAGE: ""PPP"" ""Regular"" position "36" leafCount="31191" memoryGiB="0.1849311962723731995`3.
"S12_TERM_CHECKPOINT: ""PPP"" ""Regular"" position "36
"S12_TERM_STAGE: ""PPP"" ""Regular"" position "37" leafCount="188111" memoryGiB="0.1856621578335762024`3.
"S12_TERM_CHECKPOINT: ""PPP"" ""Regular"" position "37
"S12_TERM_STAGE: ""PPP"" ""Regular"" position "38" leafCount="4569" memoryGiB="0.1935683414340019226`3.
"S12_TERM_CHECKPOINT: ""PPP"" ""Regular"" position "38
"S12_TERM_STAGE: ""PPP"" ""Regular"" position "39" leafCount="20759" memoryGiB="0.1936538144946098328`3.
"S12_TERM_CHECKPOINT: ""PPP"" ""Regular"" position "39
"S12_TERM_STAGE: ""PPP"" ""Regular"" position "40" leafCount="3708" memoryGiB="0.1942825838923454285`3.
"S12_TERM_CHECKPOINT: ""PPP"" ""Regular"" position "40
"S12_TERM_STAGE: ""PPP"" ""Regular"" position "41" leafCount="3700" memoryGiB="0.1943764835596084595`3.
"S12_TERM_CHECKPOINT: ""PPP"" ""Regular"" position "41
"S12_MEMORY_EPOCH_PAUSE: completed "16" new terms in this kernel; restart required before ""PPP"" ""Regular"" position "42
S12_KERNEL_EPOCH_EXIT=75
S12_KERNEL_EPOCH_LAUNCH
"S12_STAGE: validating S10, S11, and authoritative paper bindings"
"S12_STAGE: loading or constructing mapped Hgg Eq. (46) cache"
"S12_COUNTERTERM_RESUME: validated mapped cache"
"S12_STAGE: extracting S10 Laurent coefficients serially with bounded per-term memory"
"S12_S10_PROJECTOR_RESUME_COMPLETE: ""Pg"
"S12_S10_STAGE: loading ""PPP"" action only"
"S12_S10_PARTITION: ""PPP"" alpha2=1 regular="93
"S12_TERM_RESUME: ""PPP"" ""Alpha2"" position "1
"S12_TERM_RESUME: ""PPP"" ""Regular"" position "1
"S12_TERM_RESUME: ""PPP"" ""Regular"" position "2
"S12_TERM_RESUME: ""PPP"" ""Regular"" position "3
"S12_TERM_RESUME: ""PPP"" ""Regular"" position "4
"S12_TERM_RESUME: ""PPP"" ""Regular"" position "5
"S12_TERM_RESUME: ""PPP"" ""Regular"" position "6
"S12_TERM_RESUME: ""PPP"" ""Regular"" position "7
"S12_TERM_RESUME: ""PPP"" ""Regular"" position "8
"S12_TERM_RESUME: ""PPP"" ""Regular"" position "9
"S12_TERM_RESUME: ""PPP"" ""Regular"" position "10
"S12_TERM_RESUME: ""PPP"" ""Regular"" position "11
"S12_TERM_RESUME: ""PPP"" ""Regular"" position "12
"S12_TERM_RESUME: ""PPP"" ""Regular"" position "13
"S12_TERM_RESUME: ""PPP"" ""Regular"" position "14
"S12_TERM_RESUME: ""PPP"" ""Regular"" position "15
"S12_TERM_RESUME: ""PPP"" ""Regular"" position "16
"S12_TERM_RESUME: ""PPP"" ""Regular"" position "17
"S12_TERM_RESUME: ""PPP"" ""Regular"" position "18
"S12_TERM_RESUME: ""PPP"" ""Regular"" position "19
"S12_TERM_RESUME: ""PPP"" ""Regular"" position "20
"S12_TERM_RESUME: ""PPP"" ""Regular"" position "21
"S12_TERM_RESUME: ""PPP"" ""Regular"" position "22
"S12_TERM_RESUME: ""PPP"" ""Regular"" position "23
"S12_TERM_RESUME: ""PPP"" ""Regular"" position "24
"S12_TERM_RESUME: ""PPP"" ""Regular"" position "25
"S12_TERM_RESUME: ""PPP"" ""Regular"" position "26
"S12_TERM_RESUME: ""PPP"" ""Regular"" position "27
"S12_TERM_RESUME: ""PPP"" ""Regular"" position "28
"S12_TERM_RESUME: ""PPP"" ""Regular"" position "29
"S12_TERM_RESUME: ""PPP"" ""Regular"" position "30
"S12_TERM_RESUME: ""PPP"" ""Regular"" position "31
"S12_TERM_RESUME: ""PPP"" ""Regular"" position "32
"S12_TERM_RESUME: ""PPP"" ""Regular"" position "33
"S12_TERM_RESUME: ""PPP"" ""Regular"" position "34
"S12_TERM_RESUME: ""PPP"" ""Regular"" position "35
"S12_TERM_RESUME: ""PPP"" ""Regular"" position "36
"S12_TERM_RESUME: ""PPP"" ""Regular"" position "37
"S12_TERM_RESUME: ""PPP"" ""Regular"" position "38
"S12_TERM_RESUME: ""PPP"" ""Regular"" position "39
"S12_TERM_RESUME: ""PPP"" ""Regular"" position "40
"S12_TERM_RESUME: ""PPP"" ""Regular"" position "41
"S12_TERM_STAGE: ""PPP"" ""Regular"" position "42" leafCount="4975" memoryGiB="0.1503650322556495667`3.
"S12_TERM_CHECKPOINT: ""PPP"" ""Regular"" position "42
"S12_TERM_STAGE: ""PPP"" ""Regular"" position "43" leafCount="9423" memoryGiB="0.1527177765965461731`3.
"S12_TERM_CHECKPOINT: ""PPP"" ""Regular"" position "43
"S12_TERM_STAGE: ""PPP"" ""Regular"" position "44" leafCount="3489" memoryGiB="0.1529243066906929016`3.
"S12_TERM_CHECKPOINT: ""PPP"" ""Regular"" position "44
"S12_TERM_STAGE: ""PPP"" ""Regular"" position "45" leafCount="24081" memoryGiB="0.1530647873878479004`3.
"S12_TERM_CHECKPOINT: ""PPP"" ""Regular"" position "45
"S12_TERM_STAGE: ""PPP"" ""Regular"" position "46" leafCount="34093" memoryGiB="0.1771202906966209412`3.
"S12_TERM_CHECKPOINT: ""PPP"" ""Regular"" position "46
"S12_TERM_STAGE: ""PPP"" ""Regular"" position "47" leafCount="3037" memoryGiB="0.1782322898507118225`3.
"S12_TERM_CHECKPOINT: ""PPP"" ""Regular"" position "47
"S12_TERM_STAGE: ""PPP"" ""Regular"" position "48" leafCount="10381" memoryGiB="0.1783153489232063293`3.
"S12_TERM_CHECKPOINT: ""PPP"" ""Regular"" position "48
"S12_TERM_STAGE: ""PPP"" ""Regular"" position "49" leafCount="2963" memoryGiB="0.1785902753472328186`3.
"S12_TERM_CHECKPOINT: ""PPP"" ""Regular"" position "49
"S12_TERM_STAGE: ""PPP"" ""Regular"" position "50" leafCount="2955" memoryGiB="0.1786737218499183655`3.
"S12_TERM_CHECKPOINT: ""PPP"" ""Regular"" position "50
"S12_TERM_STAGE: ""PPP"" ""Regular"" position "51" leafCount="8350" memoryGiB="0.1787561625242233276`3.
"S12_TERM_CHECKPOINT: ""PPP"" ""Regular"" position "51
"S12_TERM_STAGE: ""PPP"" ""Regular"" position "52" leafCount="7824" memoryGiB="0.179072551429271698`3.
"S12_TERM_CHECKPOINT: ""PPP"" ""Regular"" position "52
"S12_TERM_STAGE: ""PPP"" ""Regular"" position "53" leafCount="36366" memoryGiB="0.1792607009410858154`3.
"S12_TERM_CHECKPOINT: ""PPP"" ""Regular"" position "53
"S12_TERM_STAGE: ""PPP"" ""Regular"" position "54" leafCount="17756" memoryGiB="0.1801734641194343567`3.
"S12_TERM_CHECKPOINT: ""PPP"" ""Regular"" position "54
"S12_TERM_STAGE: ""PPP"" ""Regular"" position "55" leafCount="28718" memoryGiB="0.1806752234697341919`3.
"S12_TERM_CHECKPOINT: ""PPP"" ""Regular"" position "55
"S12_TERM_STAGE: ""PPP"" ""Regular"" position "56" leafCount="32437" memoryGiB="0.1822369173169136047`3.
"S12_TERM_CHECKPOINT: ""PPP"" ""Regular"" position "56
"S12_TERM_STAGE: ""PPP"" ""Regular"" position "57" leafCount="20473" memoryGiB="0.1828900128602981567`3.
"S12_TERM_CHECKPOINT: ""PPP"" ""Regular"" position "57
"S12_MEMORY_EPOCH_PAUSE: completed "16" new terms in this kernel; restart required before ""PPP"" ""Regular"" position "58
S12_KERNEL_EPOCH_EXIT=75
S12_KERNEL_EPOCH_LAUNCH
"S12_STAGE: validating S10, S11, and authoritative paper bindings"
"S12_STAGE: loading or constructing mapped Hgg Eq. (46) cache"
"S12_COUNTERTERM_RESUME: validated mapped cache"
"S12_STAGE: extracting S10 Laurent coefficients serially with bounded per-term memory"
"S12_S10_PROJECTOR_RESUME_COMPLETE: ""Pg"
"S12_S10_STAGE: loading ""PPP"" action only"
"S12_S10_PARTITION: ""PPP"" alpha2=1 regular="93
"S12_TERM_RESUME: ""PPP"" ""Alpha2"" position "1
"S12_TERM_RESUME: ""PPP"" ""Regular"" position "1
"S12_TERM_RESUME: ""PPP"" ""Regular"" position "2
"S12_TERM_RESUME: ""PPP"" ""Regular"" position "3
"S12_TERM_RESUME: ""PPP"" ""Regular"" position "4
"S12_TERM_RESUME: ""PPP"" ""Regular"" position "5
"S12_TERM_RESUME: ""PPP"" ""Regular"" position "6
"S12_TERM_RESUME: ""PPP"" ""Regular"" position "7
"S12_TERM_RESUME: ""PPP"" ""Regular"" position "8
"S12_TERM_RESUME: ""PPP"" ""Regular"" position "9
"S12_TERM_RESUME: ""PPP"" ""Regular"" position "10
"S12_TERM_RESUME: ""PPP"" ""Regular"" position "11
"S12_TERM_RESUME: ""PPP"" ""Regular"" position "12
"S12_TERM_RESUME: ""PPP"" ""Regular"" position "13
"S12_TERM_RESUME: ""PPP"" ""Regular"" position "14
"S12_TERM_RESUME: ""PPP"" ""Regular"" position "15
"S12_TERM_RESUME: ""PPP"" ""Regular"" position "16
"S12_TERM_RESUME: ""PPP"" ""Regular"" position "17
"S12_TERM_RESUME: ""PPP"" ""Regular"" position "18
"S12_TERM_RESUME: ""PPP"" ""Regular"" position "19
"S12_TERM_RESUME: ""PPP"" ""Regular"" position "20
"S12_TERM_RESUME: ""PPP"" ""Regular"" position "21
"S12_TERM_RESUME: ""PPP"" ""Regular"" position "22
"S12_TERM_RESUME: ""PPP"" ""Regular"" position "23
"S12_TERM_RESUME: ""PPP"" ""Regular"" position "24
"S12_TERM_RESUME: ""PPP"" ""Regular"" position "25
"S12_TERM_RESUME: ""PPP"" ""Regular"" position "26
"S12_TERM_RESUME: ""PPP"" ""Regular"" position "27
"S12_TERM_RESUME: ""PPP"" ""Regular"" position "28
"S12_TERM_RESUME: ""PPP"" ""Regular"" position "29
"S12_TERM_RESUME: ""PPP"" ""Regular"" position "30
"S12_TERM_RESUME: ""PPP"" ""Regular"" position "31
"S12_TERM_RESUME: ""PPP"" ""Regular"" position "32
"S12_TERM_RESUME: ""PPP"" ""Regular"" position "33
"S12_TERM_RESUME: ""PPP"" ""Regular"" position "34
"S12_TERM_RESUME: ""PPP"" ""Regular"" position "35
"S12_TERM_RESUME: ""PPP"" ""Regular"" position "36
"S12_TERM_RESUME: ""PPP"" ""Regular"" position "37
"S12_TERM_RESUME: ""PPP"" ""Regular"" position "38
"S12_TERM_RESUME: ""PPP"" ""Regular"" position "39
"S12_TERM_RESUME: ""PPP"" ""Regular"" position "40
"S12_TERM_RESUME: ""PPP"" ""Regular"" position "41
"S12_TERM_RESUME: ""PPP"" ""Regular"" position "42
"S12_TERM_RESUME: ""PPP"" ""Regular"" position "43
"S12_TERM_RESUME: ""PPP"" ""Regular"" position "44
"S12_TERM_RESUME: ""PPP"" ""Regular"" position "45
"S12_TERM_RESUME: ""PPP"" ""Regular"" position "46
"S12_TERM_RESUME: ""PPP"" ""Regular"" position "47
"S12_TERM_RESUME: ""PPP"" ""Regular"" position "48
"S12_TERM_RESUME: ""PPP"" ""Regular"" position "49
"S12_TERM_RESUME: ""PPP"" ""Regular"" position "50
"S12_TERM_RESUME: ""PPP"" ""Regular"" position "51
"S12_TERM_RESUME: ""PPP"" ""Regular"" position "52
"S12_TERM_RESUME: ""PPP"" ""Regular"" position "53
"S12_TERM_RESUME: ""PPP"" ""Regular"" position "54
"S12_TERM_RESUME: ""PPP"" ""Regular"" position "55
"S12_TERM_RESUME: ""PPP"" ""Regular"" position "56
"S12_TERM_RESUME: ""PPP"" ""Regular"" position "57
"S12_TERM_STAGE: ""PPP"" ""Regular"" position "58" leafCount="33503" memoryGiB="0.1503789573907852173`3.
"S12_TERM_CHECKPOINT: ""PPP"" ""Regular"" position "58
"S12_TERM_STAGE: ""PPP"" ""Regular"" position "59" leafCount="45422" memoryGiB="0.1772086471319198608`3.
"S12_TERM_CHECKPOINT: ""PPP"" ""Regular"" position "59
"S12_TERM_STAGE: ""PPP"" ""Regular"" position "60" leafCount="16262" memoryGiB="0.1789934039115905762`3.
"S12_TERM_CHECKPOINT: ""PPP"" ""Regular"" position "60
"S12_TERM_STAGE: ""PPP"" ""Regular"" position "61" leafCount="18479" memoryGiB="0.1794221550226211548`3.
"S12_TERM_CHECKPOINT: ""PPP"" ""Regular"" position "61
"S12_TERM_STAGE: ""PPP"" ""Regular"" position "62" leafCount="27019" memoryGiB="0.1799496933817863464`3.
"S12_TERM_CHECKPOINT: ""PPP"" ""Regular"" position "62
"S12_TERM_STAGE: ""PPP"" ""Regular"" position "63" leafCount="27051" memoryGiB="0.1807083040475845337`3.
"S12_TERM_CHECKPOINT: ""PPP"" ""Regular"" position "63
"S12_TERM_STAGE: ""PPP"" ""Regular"" position "64" leafCount="18475" memoryGiB="0.1826896443963050842`3.
"S12_TERM_CHECKPOINT: ""PPP"" ""Regular"" position "64
"S12_TERM_STAGE: ""PPP"" ""Regular"" position "65" leafCount="16222" memoryGiB="0.1832164376974105835`3.
"S12_TERM_CHECKPOINT: ""PPP"" ""Regular"" position "65
"S12_TERM_STAGE: ""PPP"" ""Regular"" position "66" leafCount="148427" memoryGiB="0.1836427077651023865`3.
"S12_TERM_CHECKPOINT: ""PPP"" ""Regular"" position "66
"S12_TERM_STAGE: ""PPP"" ""Regular"" position "67" leafCount="128308" memoryGiB="0.1904408484697341919`3.
"S12_TERM_CHECKPOINT: ""PPP"" ""Regular"" position "67
"S12_TERM_STAGE: ""PPP"" ""Regular"" position "68" leafCount="123626" memoryGiB="0.1939158886671066284`3.
"S12_TERM_CHECKPOINT: ""PPP"" ""Regular"" position "68
"S12_TERM_STAGE: ""PPP"" ""Regular"" position "69" leafCount="123618" memoryGiB="0.1974884644150733948`3.
"S12_TERM_CHECKPOINT: ""PPP"" ""Regular"" position "69
"S12_TERM_STAGE: ""PPP"" ""Regular"" position "70" leafCount="17127" memoryGiB="0.202023923397064209`3.
"S12_TERM_CHECKPOINT: ""PPP"" ""Regular"" position "70
"S12_TERM_STAGE: ""PPP"" ""Regular"" position "71" leafCount="37483" memoryGiB="0.2025086730718612671`3.
"S12_TERM_CHECKPOINT: ""PPP"" ""Regular"" position "71
"S12_TERM_STAGE: ""PPP"" ""Regular"" position "72" leafCount="33238" memoryGiB="0.2034440785646438599`3.
"S12_TERM_CHECKPOINT: ""PPP"" ""Regular"" position "72
"S12_TERM_STAGE: ""PPP"" ""Regular"" position "73" leafCount="21461" memoryGiB="0.2041676491498947144`3.
"S12_TERM_CHECKPOINT: ""PPP"" ""Regular"" position "73
"S12_MEMORY_EPOCH_PAUSE: completed "16" new terms in this kernel; restart required before ""PPP"" ""Regular"" position "74
S12_KERNEL_EPOCH_EXIT=75
S12_KERNEL_EPOCH_LAUNCH
"S12_STAGE: validating S10, S11, and authoritative paper bindings"
"S12_STAGE: loading or constructing mapped Hgg Eq. (46) cache"
"S12_COUNTERTERM_RESUME: validated mapped cache"
"S12_STAGE: extracting S10 Laurent coefficients serially with bounded per-term memory"
"S12_S10_PROJECTOR_RESUME_COMPLETE: ""Pg"
"S12_S10_STAGE: loading ""PPP"" action only"
"S12_S10_PARTITION: ""PPP"" alpha2=1 regular="93
"S12_TERM_RESUME: ""PPP"" ""Alpha2"" position "1
"S12_TERM_RESUME: ""PPP"" ""Regular"" position "1
"S12_TERM_RESUME: ""PPP"" ""Regular"" position "2
"S12_TERM_RESUME: ""PPP"" ""Regular"" position "3
"S12_TERM_RESUME: ""PPP"" ""Regular"" position "4
"S12_TERM_RESUME: ""PPP"" ""Regular"" position "5
"S12_TERM_RESUME: ""PPP"" ""Regular"" position "6
"S12_TERM_RESUME: ""PPP"" ""Regular"" position "7
"S12_TERM_RESUME: ""PPP"" ""Regular"" position "8
"S12_TERM_RESUME: ""PPP"" ""Regular"" position "9
"S12_TERM_RESUME: ""PPP"" ""Regular"" position "10
"S12_TERM_RESUME: ""PPP"" ""Regular"" position "11
"S12_TERM_RESUME: ""PPP"" ""Regular"" position "12
"S12_TERM_RESUME: ""PPP"" ""Regular"" position "13
"S12_TERM_RESUME: ""PPP"" ""Regular"" position "14
"S12_TERM_RESUME: ""PPP"" ""Regular"" position "15
"S12_TERM_RESUME: ""PPP"" ""Regular"" position "16
"S12_TERM_RESUME: ""PPP"" ""Regular"" position "17
"S12_TERM_RESUME: ""PPP"" ""Regular"" position "18
"S12_TERM_RESUME: ""PPP"" ""Regular"" position "19
"S12_TERM_RESUME: ""PPP"" ""Regular"" position "20
"S12_TERM_RESUME: ""PPP"" ""Regular"" position "21
"S12_TERM_RESUME: ""PPP"" ""Regular"" position "22
"S12_TERM_RESUME: ""PPP"" ""Regular"" position "23
"S12_TERM_RESUME: ""PPP"" ""Regular"" position "24
"S12_TERM_RESUME: ""PPP"" ""Regular"" position "25
"S12_TERM_RESUME: ""PPP"" ""Regular"" position "26
"S12_TERM_RESUME: ""PPP"" ""Regular"" position "27
"S12_TERM_RESUME: ""PPP"" ""Regular"" position "28
"S12_TERM_RESUME: ""PPP"" ""Regular"" position "29
"S12_TERM_RESUME: ""PPP"" ""Regular"" position "30
"S12_TERM_RESUME: ""PPP"" ""Regular"" position "31
"S12_TERM_RESUME: ""PPP"" ""Regular"" position "32
"S12_TERM_RESUME: ""PPP"" ""Regular"" position "33
"S12_TERM_RESUME: ""PPP"" ""Regular"" position "34
"S12_TERM_RESUME: ""PPP"" ""Regular"" position "35
"S12_TERM_RESUME: ""PPP"" ""Regular"" position "36
"S12_TERM_RESUME: ""PPP"" ""Regular"" position "37
"S12_TERM_RESUME: ""PPP"" ""Regular"" position "38
"S12_TERM_RESUME: ""PPP"" ""Regular"" position "39
"S12_TERM_RESUME: ""PPP"" ""Regular"" position "40
"S12_TERM_RESUME: ""PPP"" ""Regular"" position "41
"S12_TERM_RESUME: ""PPP"" ""Regular"" position "42
"S12_TERM_RESUME: ""PPP"" ""Regular"" position "43
"S12_TERM_RESUME: ""PPP"" ""Regular"" position "44
"S12_TERM_RESUME: ""PPP"" ""Regular"" position "45
"S12_TERM_RESUME: ""PPP"" ""Regular"" position "46
"S12_TERM_RESUME: ""PPP"" ""Regular"" position "47
"S12_TERM_RESUME: ""PPP"" ""Regular"" position "48
"S12_TERM_RESUME: ""PPP"" ""Regular"" position "49
"S12_TERM_RESUME: ""PPP"" ""Regular"" position "50
"S12_TERM_RESUME: ""PPP"" ""Regular"" position "51
"S12_TERM_RESUME: ""PPP"" ""Regular"" position "52
"S12_TERM_RESUME: ""PPP"" ""Regular"" position "53
"S12_TERM_RESUME: ""PPP"" ""Regular"" position "54
"S12_TERM_RESUME: ""PPP"" ""Regular"" position "55
"S12_TERM_RESUME: ""PPP"" ""Regular"" position "56
"S12_TERM_RESUME: ""PPP"" ""Regular"" position "57
"S12_TERM_RESUME: ""PPP"" ""Regular"" position "58
"S12_TERM_RESUME: ""PPP"" ""Regular"" position "59
"S12_TERM_RESUME: ""PPP"" ""Regular"" position "60
"S12_TERM_RESUME: ""PPP"" ""Regular"" position "61
"S12_TERM_RESUME: ""PPP"" ""Regular"" position "62
"S12_TERM_RESUME: ""PPP"" ""Regular"" position "63
"S12_TERM_RESUME: ""PPP"" ""Regular"" position "64
"S12_TERM_RESUME: ""PPP"" ""Regular"" position "65
"S12_TERM_RESUME: ""PPP"" ""Regular"" position "66
"S12_TERM_RESUME: ""PPP"" ""Regular"" position "67
"S12_TERM_RESUME: ""PPP"" ""Regular"" position "68
"S12_TERM_RESUME: ""PPP"" ""Regular"" position "69
"S12_TERM_RESUME: ""PPP"" ""Regular"" position "70
"S12_TERM_RESUME: ""PPP"" ""Regular"" position "71
"S12_TERM_RESUME: ""PPP"" ""Regular"" position "72
"S12_TERM_RESUME: ""PPP"" ""Regular"" position "73
"S12_TERM_STAGE: ""PPP"" ""Regular"" position "74" leafCount="27686" memoryGiB="0.1503962278366088867`3.
"S12_TERM_CHECKPOINT: ""PPP"" ""Regular"" position "74
"S12_TERM_STAGE: ""PPP"" ""Regular"" position "75" leafCount="66752" memoryGiB="0.153746187686920166`3.
"S12_TERM_CHECKPOINT: ""PPP"" ""Regular"" position "75
"S12_TERM_STAGE: ""PPP"" ""Regular"" position "76" leafCount="19757" memoryGiB="0.1562461629509925842`3.
"S12_TERM_CHECKPOINT: ""PPP"" ""Regular"" position "76
"S12_TERM_STAGE: ""PPP"" ""Regular"" position "77" leafCount="35921" memoryGiB="0.1568124145269393921`3.
"S12_TERM_CHECKPOINT: ""PPP"" ""Regular"" position "77
"S12_TERM_STAGE: ""PPP"" ""Regular"" position "78" leafCount="67054" memoryGiB="0.1590275764465332031`3.
"S12_TERM_CHECKPOINT: ""PPP"" ""Regular"" position "78
"S12_TERM_STAGE: ""PPP"" ""Regular"" position "79" leafCount="21122" memoryGiB="0.1841720938682556152`3.
"S12_TERM_CHECKPOINT: ""PPP"" ""Regular"" position "79
"S12_TERM_STAGE: ""PPP"" ""Regular"" position "80" leafCount="33359" memoryGiB="0.1847686991095542908`3.
"S12_TERM_CHECKPOINT: ""PPP"" ""Regular"" position "80
"S12_TERM_STAGE: ""PPP"" ""Regular"" position "81" leafCount="32041" memoryGiB="0.1855031102895736694`3.
"S12_TERM_CHECKPOINT: ""PPP"" ""Regular"" position "81
"S12_TERM_STAGE: ""PPP"" ""Regular"" position "82" leafCount="68719" memoryGiB="0.1863849014043807983`3.
"S12_TERM_CHECKPOINT: ""PPP"" ""Regular"" position "82
"S12_TERM_STAGE: ""PPP"" ""Regular"" position "83" leafCount="72434" memoryGiB="0.1908238455653190613`3.
"S12_TERM_CHECKPOINT: ""PPP"" ""Regular"" position "83
"S12_TERM_STAGE: ""PPP"" ""Regular"" position "84" leafCount="58688" memoryGiB="0.1928305327892303467`3.
"S12_TERM_CHECKPOINT: ""PPP"" ""Regular"" position "84
"S12_TERM_STAGE: ""PPP"" ""Regular"" position "85" leafCount="110087" memoryGiB="0.1944383680820465088`3.
"S12_TERM_CHECKPOINT: ""PPP"" ""Regular"" position "85
"S12_TERM_STAGE: ""PPP"" ""Regular"" position "86" leafCount="257621" memoryGiB="0.1976161152124404907`3.
"S12_TERM_CHECKPOINT: ""PPP"" ""Regular"" position "86
"S12_TERM_STAGE: ""PPP"" ""Regular"" position "87" leafCount="66889" memoryGiB="0.2097994759678840637`3.
"S12_TERM_CHECKPOINT: ""PPP"" ""Regular"" position "87
"S12_TERM_STAGE: ""PPP"" ""Regular"" position "88" leafCount="111673" memoryGiB="0.211610846221446991`3.
"S12_TERM_CHECKPOINT: ""PPP"" ""Regular"" position "88
"S12_TERM_STAGE: ""PPP"" ""Regular"" position "89" leafCount="105284" memoryGiB="0.2146296203136444092`3.
"S12_TERM_CHECKPOINT: ""PPP"" ""Regular"" position "89
"S12_MEMORY_EPOCH_PAUSE: completed "16" new terms in this kernel; restart required before ""PPP"" ""Regular"" position "90
S12_KERNEL_EPOCH_EXIT=75
S12_KERNEL_EPOCH_LAUNCH
"S12_STAGE: validating S10, S11, and authoritative paper bindings"
"S12_STAGE: loading or constructing mapped Hgg Eq. (46) cache"
"S12_COUNTERTERM_RESUME: validated mapped cache"
"S12_STAGE: extracting S10 Laurent coefficients serially with bounded per-term memory"
"S12_S10_PROJECTOR_RESUME_COMPLETE: ""Pg"
"S12_S10_STAGE: loading ""PPP"" action only"
"S12_S10_PARTITION: ""PPP"" alpha2=1 regular="93
"S12_TERM_RESUME: ""PPP"" ""Alpha2"" position "1
"S12_TERM_RESUME: ""PPP"" ""Regular"" position "1
"S12_TERM_RESUME: ""PPP"" ""Regular"" position "2
"S12_TERM_RESUME: ""PPP"" ""Regular"" position "3
"S12_TERM_RESUME: ""PPP"" ""Regular"" position "4
"S12_TERM_RESUME: ""PPP"" ""Regular"" position "5
"S12_TERM_RESUME: ""PPP"" ""Regular"" position "6
"S12_TERM_RESUME: ""PPP"" ""Regular"" position "7
"S12_TERM_RESUME: ""PPP"" ""Regular"" position "8
"S12_TERM_RESUME: ""PPP"" ""Regular"" position "9
"S12_TERM_RESUME: ""PPP"" ""Regular"" position "10
"S12_TERM_RESUME: ""PPP"" ""Regular"" position "11
"S12_TERM_RESUME: ""PPP"" ""Regular"" position "12
"S12_TERM_RESUME: ""PPP"" ""Regular"" position "13
"S12_TERM_RESUME: ""PPP"" ""Regular"" position "14
"S12_TERM_RESUME: ""PPP"" ""Regular"" position "15
"S12_TERM_RESUME: ""PPP"" ""Regular"" position "16
"S12_TERM_RESUME: ""PPP"" ""Regular"" position "17
"S12_TERM_RESUME: ""PPP"" ""Regular"" position "18
"S12_TERM_RESUME: ""PPP"" ""Regular"" position "19
"S12_TERM_RESUME: ""PPP"" ""Regular"" position "20
"S12_TERM_RESUME: ""PPP"" ""Regular"" position "21
"S12_TERM_RESUME: ""PPP"" ""Regular"" position "22
"S12_TERM_RESUME: ""PPP"" ""Regular"" position "23
"S12_TERM_RESUME: ""PPP"" ""Regular"" position "24
"S12_TERM_RESUME: ""PPP"" ""Regular"" position "25
"S12_TERM_RESUME: ""PPP"" ""Regular"" position "26
"S12_TERM_RESUME: ""PPP"" ""Regular"" position "27
"S12_TERM_RESUME: ""PPP"" ""Regular"" position "28
"S12_TERM_RESUME: ""PPP"" ""Regular"" position "29
"S12_TERM_RESUME: ""PPP"" ""Regular"" position "30
"S12_TERM_RESUME: ""PPP"" ""Regular"" position "31
"S12_TERM_RESUME: ""PPP"" ""Regular"" position "32
"S12_TERM_RESUME: ""PPP"" ""Regular"" position "33
"S12_TERM_RESUME: ""PPP"" ""Regular"" position "34
"S12_TERM_RESUME: ""PPP"" ""Regular"" position "35
"S12_TERM_RESUME: ""PPP"" ""Regular"" position "36
"S12_TERM_RESUME: ""PPP"" ""Regular"" position "37
"S12_TERM_RESUME: ""PPP"" ""Regular"" position "38
"S12_TERM_RESUME: ""PPP"" ""Regular"" position "39
"S12_TERM_RESUME: ""PPP"" ""Regular"" position "40
"S12_TERM_RESUME: ""PPP"" ""Regular"" position "41
"S12_TERM_RESUME: ""PPP"" ""Regular"" position "42
"S12_TERM_RESUME: ""PPP"" ""Regular"" position "43
"S12_TERM_RESUME: ""PPP"" ""Regular"" position "44
"S12_TERM_RESUME: ""PPP"" ""Regular"" position "45
"S12_TERM_RESUME: ""PPP"" ""Regular"" position "46
"S12_TERM_RESUME: ""PPP"" ""Regular"" position "47
"S12_TERM_RESUME: ""PPP"" ""Regular"" position "48
"S12_TERM_RESUME: ""PPP"" ""Regular"" position "49
"S12_TERM_RESUME: ""PPP"" ""Regular"" position "50
"S12_TERM_RESUME: ""PPP"" ""Regular"" position "51
"S12_TERM_RESUME: ""PPP"" ""Regular"" position "52
"S12_TERM_RESUME: ""PPP"" ""Regular"" position "53
"S12_TERM_RESUME: ""PPP"" ""Regular"" position "54
"S12_TERM_RESUME: ""PPP"" ""Regular"" position "55
"S12_TERM_RESUME: ""PPP"" ""Regular"" position "56
"S12_TERM_RESUME: ""PPP"" ""Regular"" position "57
"S12_TERM_RESUME: ""PPP"" ""Regular"" position "58
"S12_TERM_RESUME: ""PPP"" ""Regular"" position "59
"S12_TERM_RESUME: ""PPP"" ""Regular"" position "60
"S12_TERM_RESUME: ""PPP"" ""Regular"" position "61
"S12_TERM_RESUME: ""PPP"" ""Regular"" position "62
"S12_TERM_RESUME: ""PPP"" ""Regular"" position "63
"S12_TERM_RESUME: ""PPP"" ""Regular"" position "64
"S12_TERM_RESUME: ""PPP"" ""Regular"" position "65
"S12_TERM_RESUME: ""PPP"" ""Regular"" position "66
"S12_TERM_RESUME: ""PPP"" ""Regular"" position "67
"S12_TERM_RESUME: ""PPP"" ""Regular"" position "68
"S12_TERM_RESUME: ""PPP"" ""Regular"" position "69
"S12_TERM_RESUME: ""PPP"" ""Regular"" position "70
"S12_TERM_RESUME: ""PPP"" ""Regular"" position "71
"S12_TERM_RESUME: ""PPP"" ""Regular"" position "72
"S12_TERM_RESUME: ""PPP"" ""Regular"" position "73
"S12_TERM_RESUME: ""PPP"" ""Regular"" position "74
"S12_TERM_RESUME: ""PPP"" ""Regular"" position "75
"S12_TERM_RESUME: ""PPP"" ""Regular"" position "76
"S12_TERM_RESUME: ""PPP"" ""Regular"" position "77
"S12_TERM_RESUME: ""PPP"" ""Regular"" position "78
"S12_TERM_RESUME: ""PPP"" ""Regular"" position "79
"S12_TERM_RESUME: ""PPP"" ""Regular"" position "80
"S12_TERM_RESUME: ""PPP"" ""Regular"" position "81
"S12_TERM_RESUME: ""PPP"" ""Regular"" position "82
"S12_TERM_RESUME: ""PPP"" ""Regular"" position "83
"S12_TERM_RESUME: ""PPP"" ""Regular"" position "84
"S12_TERM_RESUME: ""PPP"" ""Regular"" position "85
"S12_TERM_RESUME: ""PPP"" ""Regular"" position "86
"S12_TERM_RESUME: ""PPP"" ""Regular"" position "87
"S12_TERM_RESUME: ""PPP"" ""Regular"" position "88
"S12_TERM_RESUME: ""PPP"" ""Regular"" position "89
"S12_TERM_STAGE: ""PPP"" ""Regular"" position "90" leafCount="118864" memoryGiB="0.1504095569252967834`3.
"S12_TERM_CHECKPOINT: ""PPP"" ""Regular"" position "90
"S12_TERM_STAGE: ""PPP"" ""Regular"" position "91" leafCount="174679" memoryGiB="0.18099946528673172`3.
"S12_TERM_CHECKPOINT: ""PPP"" ""Regular"" position "91
"S12_TERM_STAGE: ""PPP"" ""Regular"" position "92" leafCount="220459" memoryGiB="0.1885766983032226562`3.
"S12_TERM_CHECKPOINT: ""PPP"" ""Regular"" position "92
"S12_TERM_STAGE: ""PPP"" ""Regular"" position "93" leafCount="290459" memoryGiB="0.1948834434151649475`3.
"S12_TERM_CHECKPOINT: ""PPP"" ""Regular"" position "93
"S12_AGGREGATE_STAGE: ""PPP"" epsilon^"-2" parts="94
"S12_AGGREGATE_CHECKPOINT: ""PPP"" epsilon^"-2" leafCount="1
"S12_AGGREGATE_STAGE: ""PPP"" epsilon^"-1" parts="94
"S12_AGGREGATE_CHECKPOINT: ""PPP"" epsilon^"-1" leafCount="399889
"S12_AGGREGATE_STAGE: ""PPP"" epsilon^"0" parts="94
"S12_AGGREGATE_CHECKPOINT: ""PPP"" epsilon^"0" leafCount="1457966
"S12_S10_PROJECTOR_COMPLETE: ""PPP"
"S12_MEMORY_EPOCH_PAUSE: completed projector checkpoint work; restarting before pole reduction"
S12_KERNEL_EPOCH_EXIT=75
S12_KERNEL_EPOCH_LAUNCH
"S12_STAGE: validating S10, S11, and authoritative paper bindings"
"S12_STAGE: loading or constructing mapped Hgg Eq. (46) cache"
"S12_COUNTERTERM_RESUME: validated mapped cache"
"S12_STAGE: extracting S10 Laurent coefficients serially with bounded per-term memory"
"S12_S10_PROJECTOR_RESUME_COMPLETE: ""Pg"
"S12_S10_PROJECTOR_RESUME_COMPLETE: ""PPP"
"S12_STAGE: adding Eq. (46) and checking every pole component"
"S12_POLE_STAGE: projector=""Pg"" order=""Minus2"" field=""Endpoint"
"S12_POLE_STAGE: projector=""Pg"" order=""Minus2"" field=""IntegrandPhiS"
"S12_POLE_STAGE: projector=""Pg"" order=""Minus2"" field=""IntegrandPhi0"
"S12_POLE_STAGE: projector=""Pg"" order=""Minus1"" field=""Endpoint"
"S12_POLE_STAGE: projector=""Pg"" order=""Minus1"" field=""IntegrandPhiS"
"S12_POLE_REDUCTION_STAGE: ""Pg epsilon^-1 IntegrandPhiS"" leafCount="268011
"S12_FATAL: Nonzero or unreduced residual: Pg epsilon^-1 IntegrandPhiS. Exact diagnostic was written to /home/physics/projects/AI_Assisted_SIDIS/scripts/Hgg/s12_last_nonzero_residual."
S12_KERNEL_EPOCH_EXIT=1
