MONITOR_START job=14687539 host=n6442 kernel_pid=228251
"PASS: ""accepted S03 input exists"
"PASS: ""S03 source identity"
"PASS: ""all real Ward identities passed"
"PASS: ""physical rest-frame transverse square"
"PASS: ""rest-frame conditions resolved in the physical region"
"PASS: ""angular rules contain no unresolved conditions"
"PASS: ""rest frame reproduces all invariant scalar products"
"Parallel budget inputs: "InputForm[{2, 1, Infinity}]
"PASS: ""angular workers share compute node and runtime"
"Angular worker count = "2
"From remote kernel:"
"\"Pg\"\": factoring angular denominators.\"\n"
"From remote kernel:"
"\"Ppp\"\": factoring angular denominators.\"\n"
"From remote kernel:"
"\"PASS: \"\"angular scale sign determined\"\n"
"From remote kernel:"
"\"Angular norm and gap: \"InputForm[{(s - s23)^2/4, 0}]\n"
"From remote kernel:"
"\"PASS: \"\"paper angular case applies\"\n"
"From remote kernel:"
"\"PASS: \"\"angular scale sign determined\"\n"
"From remote kernel:"
"\"Angular norm and gap: \"InputForm[{(s - s23)^2/4, 0}]\n"
"From remote kernel:"
"\"PASS: \"\"paper angular case applies\"\n"
"From remote kernel:"
"\"PASS: \"\"angular scale sign determined\"\n"
"From remote kernel:"
"\"PASS: \"\"angular scale sign determined\"\n"
"From remote kernel:"
"\"Angular norm and gap: \"InputForm[{(s^2 + 4*Q2*s23 + 2*s*t + t^2)/4, Q2*(Q2 + s - s23 + t)}]\n"
"From remote kernel:"
"\"PASS: \"\"paper angular case applies\"\n"
"From remote kernel:"
"\"PASS: \"\"angular scale sign determined\"\n"
"From remote kernel:"
"\"Angular norm and gap: \"InputForm[{(s23 - t)^2/4, 0}]\n"
"From remote kernel:"
"\"PASS: \"\"paper angular case applies\"\n"
"From remote kernel:"
"\"PASS: \"\"angular scale sign determined\"\n"
"From remote kernel:"
"\"Angular norm and gap: \"InputForm[{(s23 - t)^2/4, 0}]\n"
"From remote kernel:"
"\"PASS: \"\"paper angular case applies\"\n"
"From remote kernel:"
"\"Angular norm and gap: \"InputForm[{(s^2 + 4*Q2*s23 + 2*s*t + t^2)/4, Q2*(Q2 + s - s23 + t)}]\n"
"From remote kernel:"
"\"PASS: \"\"paper angular case applies\"\n"
"From remote kernel:"
"\"PASS: \"\"angular scale sign determined\"\n"
"From remote kernel:"
"\"Angular norm and gap: \"InputForm[{(s23 - t)^2/4, 0}]\n"
"From remote kernel:"
"\"PASS: \"\"paper angular case applies\"\n"
"From remote kernel:"
"\"PASS: \"\"angular scale sign determined\"\n"
"From remote kernel:"
"\"Angular norm and gap: \"InputForm[{(s23 - t)^2/4, 0}]\n"
"From remote kernel:"
"\"PASS: \"\"paper angular case applies\"\n"
"From remote kernel:"
"\"PASS: \"\"angular partial-fraction unity relation\"\n"
"From remote kernel:"
"\"PASS: \"\"angular partial-fraction unity relation\"\n"
"From remote kernel:"
"\"PASS: \"\"angular partial-fraction unity relation\"\n"
"From remote kernel:"
"\"PASS: \"\"angular partial-fraction unity relation\"\n"
"From remote kernel:"
"\"PASS: \"\"angular partial-fraction unity relation\"\n"
"From remote kernel:"
"\"PASS: \"\"angular partial-fraction unity relation\"\n"
"From remote kernel:"
"\"PASS: \"\"angular partial-fraction unity relation\"\n"
"From remote kernel:"
"\"PASS: \"\"angular partial-fraction unity relation\"\n"
"From remote kernel:"
"\"Pg\"\": reducing \"11\" denominator terms.\"\n"
"From remote kernel:"
"\"PASS: \"\"angular partial-fraction unity relation\"\n"
"From remote kernel:"
"\"PASS: \"\"angular partial-fraction unity relation\"\n"
"From remote kernel:"
"\"PASS: \"\"angular partial-fraction unity relation\"\n"
"From remote kernel:"
"\"PASS: \"\"angular partial-fraction unity relation\"\n"
"From remote kernel:"
"\"PASS: \"\"angular partial-fraction unity relation\"\n"
"From remote kernel:"
"\"PASS: \"\"angular partial-fraction unity relation\"\n"
"From remote kernel:"
"\"PASS: \"\"angular partial-fraction unity relation\"\n"
"From remote kernel:"
"\"PASS: \"\"angular partial-fraction unity relation\"\n"
"From remote kernel:"
"\"PASS: \"\"denominator substitution conditions resolved\"\n"
"From remote kernel:"
"\"Ppp\"\": reducing \"11\" denominator terms.\"\n"
"From remote kernel:"
"\"PASS: \"\"denominator substitution conditions resolved\"\n"
"From remote kernel:"
"\"PASS: \"\"coefficients contain no angular variables\"\n"
"From remote kernel:"
"\"PASS: \"\"coefficients contain no angular variables\"\n"
"From remote kernel:"
"\"PASS: \"\"denominator substitution conditions resolved\"\n"
"From remote kernel:"
"\"PASS: \"\"denominator substitution conditions resolved\"\n"
"From remote kernel:"
"\"PASS: \"\"coefficients contain no angular variables\"\n"
"From remote kernel:"
"\"PASS: \"\"denominator substitution conditions resolved\"\n"
"From remote kernel:"
"\"PASS: \"\"coefficients contain no angular variables\"\n"
"From remote kernel:"
"\"PASS: \"\"coefficients contain no angular variables\"\n"
"From remote kernel:"
"\"PASS: \"\"denominator substitution conditions resolved\"\n"
"From remote kernel:"
"\"PASS: \"\"denominator substitution conditions resolved\"\n"
"From remote kernel:"
"\"PASS: \"\"coefficients contain no angular variables\"\n"
"From remote kernel:"
"\"PASS: \"\"denominator substitution conditions resolved\"\n"
"From remote kernel:"
"\"PASS: \"\"coefficients contain no angular variables\"\n"
"From remote kernel:"
"\"PASS: \"\"denominator substitution conditions resolved\"\n"
"From remote kernel:"
"\"PASS: \"\"coefficients contain no angular variables\"\n"
"From remote kernel:"
"\"PASS: \"\"coefficients contain no angular variables\"\n"
"From remote kernel:"
"\"PASS: \"\"denominator substitution conditions resolved\"\n"
"From remote kernel:"
"\"PASS: \"\"denominator substitution conditions resolved\"\n"
"From remote kernel:"
"\"PASS: \"\"coefficients contain no angular variables\"\n"
"From remote kernel:"
"\"PASS: \"\"denominator substitution conditions resolved\"\n"
"From remote kernel:"
"\"PASS: \"\"coefficients contain no angular variables\"\n"
"From remote kernel:"
"\"PASS: \"\"denominator substitution conditions resolved\"\n"
"From remote kernel:"
"\"PASS: \"\"coefficients contain no angular variables\"\n"
"From remote kernel:"
"\"PASS: \"\"denominator substitution conditions resolved\"\n"
"From remote kernel:"
"\"PASS: \"\"coefficients contain no angular variables\"\n"
MONITOR_HEARTBEAT elapsed=31s rss=281.3MiB peak=281.3MiB
"From remote kernel:"
"\"PASS: \"\"coefficients contain no angular variables\"\n"
"From remote kernel:"
"\"PASS: \"\"denominator substitution conditions resolved\"\n"
"From remote kernel:"
"\"PASS: \"\"coefficients contain no angular variables\"\n"
"From remote kernel:"
"\"PASS: \"\"denominator substitution conditions resolved\"\n"
"From remote kernel:"
"\"PASS: \"\"denominator substitution conditions resolved\"\n"
"From remote kernel:"
"\"PASS: \"\"coefficients contain no angular variables\"\n"
"From remote kernel:"
"\"PASS: \"\"coefficients contain no angular variables\"\n"
"From remote kernel:"
"\"PASS: \"\"denominator substitution conditions resolved\"\n"
"From remote kernel:"
"\"PASS: \"\"denominator substitution conditions resolved\"\n"
"From remote kernel:"
"\"PASS: \"\"coefficients contain no angular variables\"\n"
"From remote kernel:"
"\"PASS: \"\"denominator substitution conditions resolved\"\n"
"From remote kernel:"
"\"PASS: \"\"coefficients contain no angular variables\"\n"
"From remote kernel:"
"\"PASS: \"\"denominator substitution conditions resolved\"\n"
"From remote kernel:"
"\"PASS: \"\"coefficients contain no angular variables\"\n"
"From remote kernel:"
"\"PASS: \"\"denominator substitution conditions resolved\"\n"
"From remote kernel:"
"\"PASS: \"\"coefficients contain no angular variables\"\n"
"From remote kernel:"
"\"PASS: \"\"coefficients contain no angular variables\"\n"
MONITOR_HEARTBEAT elapsed=61s rss=281.3MiB peak=281.3MiB
MONITOR_HEARTBEAT elapsed=92s rss=281.3MiB peak=281.3MiB
"From remote kernel:"
"\"PASS: \"\"Pg exact angular reconstruction\"\n"
"From remote kernel:"
"\"Pg\"\": \"187\" angular monomials accepted.\"\n"
MONITOR_HEARTBEAT elapsed=122s rss=288.5MiB peak=288.5MiB
"From remote kernel:"
"\"PASS: \"\"Ppp exact angular reconstruction\"\n"
"From remote kernel:"
"\"Ppp\"\": \"182\" angular monomials accepted.\"\n"
"PASS: ""both angular bases completed"
"S05_SUCCESS; peak memory = "241166744" bytes."
MONITOR_WAKE {"stage": "s05", "source": "s05_real_angular_basis.wl", "source_sha256": "b736588b9233349d5c70b181d55a20ac4ffe4faaebc01ad7721aab5af0bf9290", "job_id": "14687539", "host": "n6442", "exit_code": 0, "success_marker": true, "accepted_execution": true, "guard": null, "peak_rss_bytes": 309682176, "elapsed_seconds": 138.66179748810828, "completed_utc": "2026-09-06T08:40:45.294186+00:00"}
