"BEGIN POLYNOMIAL "3.997652303411589`16.354380007737383*^9
"NORMALIZE PHI "6" "3.997652303415416`16.354380007737795*^9
"PASS ""normalized azimuth moment is rational"" "3.997652303697434`16.354380007768437*^9
"PASS ""azimuth moment normalization reconstructs its defining integral"" "3.997652303723111`16.354380007771226*^9
"NORMALIZE PHI "5" "3.99765230372321`16.354380007771233*^9
"PASS ""normalized azimuth moment is rational"" "3.997652303849184`16.354380007784922*^9
"PASS ""azimuth moment normalization reconstructs its defining integral"" "3.997652303849304`16.354380007784936*^9
"NORMALIZE PHI "4" "3.997652303849376`16.35438000778494*^9
"PASS ""normalized azimuth moment is rational"" "3.997652303991995`16.354380007800433*^9
"PASS ""azimuth moment normalization reconstructs its defining integral"" "3.997652304008891`16.354380007802266*^9
"NORMALIZE PHI "3" "3.997652304008986`16.354380007802284*^9
"PASS ""normalized azimuth moment is rational"" "3.997652304124514`16.35438000781483*^9
"PASS ""azimuth moment normalization reconstructs its defining integral"" "3.997652304124636`16.354380007814846*^9
"NORMALIZE PHI "2" "3.99765230412471`16.35438000781485*^9
"PASS ""normalized azimuth moment is rational"" "3.997652304249293`16.354380007828382*^9
"PASS ""azimuth moment normalization reconstructs its defining integral"" "3.99765230426429`16.354380007830013*^9
"NORMALIZE PHI "1" "3.997652304264386`16.354380007830027*^9
"PASS ""normalized azimuth moment is rational"" "3.997652304365087`16.35438000784097*^9
"PASS ""azimuth moment normalization reconstructs its defining integral"" "3.997652304365245`16.354380007840987*^9
"NORMALIZE PHI "0" "3.997652304365328`16.354380007840994*^9
"PASS ""normalized azimuth moment is rational"" "3.99765230436558`16.35438000784102*^9
"PASS ""azimuth moment normalization reconstructs its defining integral"" "3.9976523043657`16.35438000784103*^9
"PASS ""azimuth integration leaves a polar polynomial"" "3.99765230436771`16.35438000784125*^9
"PASS ""polar polynomial division reconstructs its numerator"" "3.997652304373667`16.354380007841897*^9
"Single massive polar integral, coefficient "0
"PASS ""polar logarithm splits in its integration domain"" "3.997652304410684`16.354380007845922*^9
"Single massive polar integral, coefficient "1
"PASS ""polar logarithm splits in its integration domain"" "3.997652331344561`16.354380010771944*^9
"PASS ""log integral maps exactly to the linear template"" "3.99765235460058`16.354380013298417*^9
"PASS ""linear template is used in its real domain"" "3.997652354603024`16.354380013298684*^9
"PASS ""log integral maps exactly to the linear template"" "3.997652354603731`16.35438001329876*^9
"PASS ""linear template is used in its real domain"" "3.99765235460499`16.354380013298897*^9
"PASS ""single polar integral evaluated"" "3.997652354605175`16.354380013298915*^9
"BEGIN FINAL SIMPLIFICATION "3.997652355878898`16.35438001343729*^9
"CHECK_TIMEOUT"
