"BEGIN POLYNOMIAL "3.997652176719773`16.35437999397391*^9
"NORMALIZE PHI "6" "3.997652176724178`16.35437999397439*^9
"PASS ""normalized azimuth moment is rational"" "3.9976521770172`16.354379994006223*^9
"PASS ""azimuth moment normalization reconstructs its defining integral"" "3.997652177047747`16.35437999400954*^9
"NORMALIZE PHI "5" "3.997652177047875`16.35437999400956*^9
"PASS ""normalized azimuth moment is rational"" "3.997652177175007`16.35437999402337*^9
"PASS ""azimuth moment normalization reconstructs its defining integral"" "3.997652177175465`16.354379994023414*^9
"NORMALIZE PHI "4" "3.997652177175551`16.354379994023432*^9
"PASS ""normalized azimuth moment is rational"" "3.997652177313875`16.354379994038453*^9
"PASS ""azimuth moment normalization reconstructs its defining integral"" "3.997652177330221`16.354379994040233*^9
"NORMALIZE PHI "3" "3.997652177330326`16.35437999404024*^9
"PASS ""normalized azimuth moment is rational"" "3.997652177442516`16.35437999405243*^9
"PASS ""azimuth moment normalization reconstructs its defining integral"" "3.997652177442636`16.35437999405244*^9
"NORMALIZE PHI "2" "3.997652177442712`16.35437999405245*^9
"PASS ""normalized azimuth moment is rational"" "3.997652177563837`16.35437999406561*^9
"PASS ""azimuth moment normalization reconstructs its defining integral"" "3.997652177578192`16.354379994067173*^9
"NORMALIZE PHI "1" "3.997652177578296`16.35437999406718*^9
"PASS ""normalized azimuth moment is rational"" "3.997652177674075`16.35437999407759*^9
"PASS ""azimuth moment normalization reconstructs its defining integral"" "3.997652177674195`16.3543799940776*^9
"NORMALIZE PHI "0" "3.997652177674275`16.35437999407761*^9
"PASS ""normalized azimuth moment is rational"" "3.997652177674493`16.35437999407763*^9
"PASS ""azimuth moment normalization reconstructs its defining integral"" "3.997652177674607`16.354379994077647*^9
"PASS ""azimuth integration leaves a polar polynomial"" "3.99765217767645`16.354379994077846*^9
"PASS ""polar polynomial division reconstructs its numerator"" "3.997652177682035`16.354379994078453*^9
"Single massive polar integral, coefficient "0
"PASS ""polar logarithm splits in its integration domain"" "3.997652177716995`16.354379994082247*^9
OMP: Error #34: System unable to allocate necessary resources for OMP thread:
OMP: System error #11: Resource temporarily unavailable
OMP: Hint Try decreasing the value of OMP_NUM_THREADS.
