MONITOR_START job=14691664 host=n7440 kernel_pid=90915
"PASS: ""frozen s10_result.wl"
"PASS: ""frozen s10_final_hats.wl"
"PASS: ""frozen s10_F1_hat.wl"
"PASS: ""frozen s10_F2_hat.wl"
"PASS: ""frozen s02_result.wl"
"PASS: ""frozen s02_born_and_projectors.wl"
"PASS: ""S01 source"
"PASS: ""S01 result"
"PASS: ""reference sidis.py"
"PASS: ""reference LO.py"
"PASS: ""reference NLO/Pg/fchn2A.py"
"PASS: ""reference NLO/Pg/fchn2B.py"
"PASS: ""reference NLO/Pg/fchn2C.py"
"PASS: ""reference NLO/Ppp/fchn2A.py"
"PASS: ""reference NLO/Ppp/fchn2B.py"
"PASS: ""reference NLO/Ppp/fchn2C.py"
"PASS: ""accepted independent final hats"
"PASS: ""same NLO coupling at endpoint and interior"
"PASS: ""authors projectors equal current-channel Eq. 9"
"PASS: ""authors Hqq Born tensors equal current generated Born"
"PASS: ""ordinary distribution conversion"
"PASS: ""plus transport preserves defining test-function action"
"PASS: ""physical benchmark exists"
"PASS: ""physical benchmark exists"
"PASS: ""physical benchmark exists"
"PASS: ""physical benchmark exists"
"PASS: ""physical benchmark exists"
"PASS: ""physical benchmark exists"
"Selected benchmarks: "InputForm[{<|"ID" -> "q1_positive", "Branch" -> 1, "Input" -> <|"Q" -> 2, "s" -> 16, "t" -> -26/17, "s23" -> 2, "mu" -> 2, "B" -> 8, "nf" -> 4, "SUNN" -> 3, "alphaS" -> 1/5, "xh" -> 1/5, "qT2" -> 1|>|>, <|"ID" -> "q1_negative", "Branch" -> -1, "Input" -> <|"Q" -> 2, "s" -> 6, "t" -> -151/22, "s23" -> 3/4, "mu" -> 2, "B" -> 3, "nf" -> 4, "SUNN" -> 3, "alphaS" -> 1/5, "xh" -> 2/5, "qT2" -> 16|>|>, <|"ID" -> "q2_positive", "Branch" -> 1, "Input" -> <|"Q" -> 5, "s" -> 100, "t" -> -25, "s23" -> 25/2, "mu" -> 5, "B" -> 50, "nf" -> 4, "SUNN" -> 3, "alphaS" -> 1/5, "xh" -> 1/5, "qT2" -> 25|>|>, <|"ID" -> "q2_negative", "Branch" -> -1, "Input" -> <|"Q" -> 5, "s" -> 75/2, "t" -> -3775/88, "s23" -> 75/16, "mu" -> 5, "B" -> 75/4, "nf" -> 4, "SUNN" -> 3, "alphaS" -> 1/5, "xh" -> 2/5, "qT2" -> 100|>|>, <|"ID" -> "q3_positive", "Branch" -> 1, "Input" -> <|"Q" -> 10, "s" -> 400, "t" -> -925/4, "s23" -> 50, "mu" -> 10, "B" -> 200, "nf" -> 4, "SUNN" -> 3, "alphaS" -> 1/5, "xh" -> 1/5, "qT2" -> 400|>|>, <|"ID" -> "q3_negative", "Branch" -> -1, "Input" -> <|"Q" -> 10, "s" -> 150, "t" -> -3775/22, "s23" -> 75/4, "mu" -> 10, "B" -> 75, "nf" -> 4, "SUNN" -> 3, "alphaS" -> 1/5, "xh" -> 2/5, "qT2" -> 400|>|>}]
MONITOR_HEARTBEAT elapsed=31s rss=1023.6MiB peak=1023.6MiB
MONITOR_HEARTBEAT elapsed=61s rss=1023.6MiB peak=1023.6MiB
MONITOR_HEARTBEAT elapsed=91s rss=1023.6MiB peak=1023.6MiB
"Independent benchmark workers: "5
"From remote kernel:"
"\"Point start \"\"q1_positive\"\" memory=\"183276712\n"
"From remote kernel:"
"\"Point start \"\"q1_negative\"\" memory=\"183276752\n"
"From remote kernel:"
"\"Point start \"\"q2_positive\"\" memory=\"183278296\n"
"From remote kernel:"
"\"Point start \"\"q2_negative\"\" memory=\"183276720\n"
"From remote kernel:"
"\"Point start \"\"q3_positive\"\" memory=\"183278160\n"
"From remote kernel:"
"\"PASS: \"\"q3_positive PgA regular finite and real\"\n"
"From remote kernel:"
"\"PASS: \"\"q3_positive PgA plus1B finite and real\"\n"
"From remote kernel:"
"\"PASS: \"\"q3_positive PgA plus2B finite and real\"\n"
"From remote kernel:"
"\"PASS: \"\"q1_positive PgA regular finite and real\"\n"
"From remote kernel:"
"\"PASS: \"\"q1_negative PgA regular finite and real\"\n"
"From remote kernel:"
"\"PASS: \"\"q2_negative PgA regular finite and real\"\n"
"From remote kernel:"
"\"PASS: \"\"q1_positive PgA plus1B finite and real\"\n"
"From remote kernel:"
"\"PASS: \"\"q1_negative PgA plus1B finite and real\"\n"
"From remote kernel:"
"                                 1\nPower::infy: Infinite expression - encountered.\n                                 0"
"From remote kernel:"
"\"PASS: \"\"q1_positive PgA plus2B finite and real\"\n"
"From remote kernel:"
"\"PASS: \"\"q1_negative PgA plus2B finite and real\"\n"
"From remote kernel:"
"\"PASS: \"\"q2_negative PgA plus1B finite and real\"\n"
"From remote kernel:"
"                                 1\nPower::infy: Infinite expression - encountered.\n                                 0"
"From remote kernel:"
"\"PASS: \"\"q2_negative PgA plus2B finite and real\"\n"
"From remote kernel:"
"                                 1\nPower::infy: Infinite expression - encountered.\n                                 0"

LinkObject::linkd: Unable to communicate with closed link LinkObject[/u/local/apps/mathematica/13.1/Executables/WolframKernel -noinit -subkernel -wstp, 277, 4].

KernelObject::rdead: Subkernel connected through KernelObject[3, Local (/u/local/apps/mathematica/13.1/Executables/WolframKernel)] appears dead.

Parallel`Developer`QueueRun::req: Requeueing evaluations {3} assigned to KernelObject[0, Local (/u/local/apps/mathematica/13.1/Executables/WolframKernel), <defunct>].
"From remote kernel:"
"\"Endpoint limit \"\"q2_negative PgA delta endpoint\"\n"
"From remote kernel:"
"\"Endpoint limit \"\"q3_positive PgA delta endpoint\"\n"

LaunchKernels::final: Cloning kernel KernelObject[0, Local (/u/local/apps/mathematica/13.1/Executables/WolframKernel), <defunct>] failed.
"From remote kernel:"
"\"Endpoint limit \"\"q1_positive PgA delta endpoint\"\n"
"From remote kernel:"
"\"Endpoint limit \"\"q1_negative PgA delta endpoint\"\n"
"From remote kernel:"
"\"Point start \"\"q2_positive\"\" memory=\"183276920\n"
"From remote kernel:"
"                                 1\nPower::infy: Infinite expression - encountered.\n                                 0"
"From remote kernel:"
"                                 1\nPower::infy: Infinite expression - encountered.\n                                 0"
"From remote kernel:"
"                                 1\nPower::infy: Infinite expression - encountered.\n                                 0"

LinkObject::linkd: Unable to communicate with closed link LinkObject[/u/local/apps/mathematica/13.1/Executables/WolframKernel -noinit -subkernel -wstp, 284, 4].

KernelObject::rdead: Subkernel connected through KernelObject[6, Local (/u/local/apps/mathematica/13.1/Executables/WolframKernel)] appears dead.

Parallel`Developer`QueueRun::req: Requeueing evaluations {3} assigned to KernelObject[0, Local (/u/local/apps/mathematica/13.1/Executables/WolframKernel), <defunct>].

LaunchKernels::final: Cloning kernel KernelObject[0, Local (/u/local/apps/mathematica/13.1/Executables/WolframKernel), <defunct>] failed.
"From remote kernel:"
"\"Point start \"\"q2_positive\"\" memory=\"183277304\n"
"From remote kernel:"
"                                 1\nPower::infy: Infinite expression - encountered.\n                                 0"
"From remote kernel:"
"                                 1\nPower::infy: Infinite expression - encountered.\n                                 0"
"From remote kernel:"
"                                 1\nPower::infy: Infinite expression - encountered.\n                                 0"

LinkObject::linkd: Unable to communicate with closed link LinkObject[/u/local/apps/mathematica/13.1/Executables/WolframKernel -noinit -subkernel -wstp, 290, 4].

General::stop: Further output of LinkObject::linkd will be suppressed during this calculation.

KernelObject::rdead: Subkernel connected through KernelObject[7, Local (/u/local/apps/mathematica/13.1/Executables/WolframKernel)] appears dead.

General::stop: Further output of KernelObject::rdead will be suppressed during this calculation.

Parallel`Developer`QueueRun::req: Requeueing evaluations {3} assigned to KernelObject[0, Local (/u/local/apps/mathematica/13.1/Executables/WolframKernel), <defunct>].

General::stop: Further output of Parallel`Developer`QueueRun::req will be suppressed during this calculation.

LaunchKernels::final: Cloning kernel KernelObject[0, Local (/u/local/apps/mathematica/13.1/Executables/WolframKernel), <defunct>] failed.

General::stop: Further output of LaunchKernels::final will be suppressed during this calculation.
"From remote kernel:"
"\"Point start \"\"q2_positive\"\" memory=\"183277072\n"
"From remote kernel:"
"                                 1\nPower::infy: Infinite expression - encountered.\n                                 0"
"From remote kernel:"
"                                 1\nPower::infy: Infinite expression - encountered.\n                                 0"
"From remote kernel:"
"                                 1\nPower::infy: Infinite expression - encountered.\n                                 0"
MONITOR_HEARTBEAT elapsed=122s rss=2259.1MiB peak=2413.5MiB
"From remote kernel:"
"\"Point start \"\"q2_positive\"\" memory=\"183277152\n"
"From remote kernel:"
"                                 1\nPower::infy: Infinite expression - encountered.\n                                 0"
"From remote kernel:"
"                                 1\nPower::infy: Infinite expression - encountered.\n                                 0"
"From remote kernel:"
"                                 1\nPower::infy: Infinite expression - encountered.\n                                 0"
"From remote kernel:"
"\"Point start \"\"q2_positive\"\" memory=\"183276920\n"
"From remote kernel:"
"                                 1\nPower::infy: Infinite expression - encountered.\n                                 0"
"From remote kernel:"
"                                 1\nPower::infy: Infinite expression - encountered.\n                                 0"
"From remote kernel:"
"                                 1\nPower::infy: Infinite expression - encountered.\n                                 0"
"From remote kernel:"
"\"Point start \"\"q2_positive\"\" memory=\"183277072\n"
"From remote kernel:"
"                                 1\nPower::infy: Infinite expression - encountered.\n                                 0"
"From remote kernel:"
"                                 1\nPower::infy: Infinite expression - encountered.\n                                 0"
"From remote kernel:"
"                                 1\nPower::infy: Infinite expression - encountered.\n                                 0"
"From remote kernel:"
"\"PASS: \"\"q1_negative PgA delta endpoint finite and real\"\n"
"From remote kernel:"
"\"PASS: \"\"q1_negative PgA plus1B endpoint finite and real\"\n"
"From remote kernel:"
"\"PASS: \"\"q1_negative PgA plus2B endpoint finite and real\"\n"
"From remote kernel:"
"\"PASS: \"\"q1_negative PgC regular finite and real\"\n"
"From remote kernel:"
"\"PASS: \"\"q2_negative PgA delta endpoint finite and real\"\n"
"From remote kernel:"
"\"PASS: \"\"q1_negative PgC plus1B finite and real\"\n"
"From remote kernel:"
"\"PASS: \"\"q2_negative PgA plus1B endpoint finite and real\"\n"
"From remote kernel:"
"\"PASS: \"\"q1_negative PgC plus2B finite and real\"\n"
"From remote kernel:"
"\"PASS: \"\"q2_negative PgA plus2B endpoint finite and real\"\n"
"From remote kernel:"
"\"PASS: \"\"q1_negative PgC delta endpoint finite and real\"\n"
"From remote kernel:"
"\"PASS: \"\"q2_negative PgC regular finite and real\"\n"
"From remote kernel:"
"\"PASS: \"\"q1_negative PgC plus1B endpoint finite and real\"\n"
"From remote kernel:"
"\"PASS: \"\"q2_negative PgC plus1B finite and real\"\n"
"From remote kernel:"
"\"Point start \"\"q2_positive\"\" memory=\"183277000\n"
"From remote kernel:"
"\"PASS: \"\"q1_negative PgC plus2B endpoint finite and real\"\n"
"From remote kernel:"
"\"PASS: \"\"q2_negative PgC plus2B finite and real\"\n"
"From remote kernel:"
"\"PASS: \"\"q1_negative PppA regular finite and real\"\n"
"From remote kernel:"
"\"PASS: \"\"q2_negative PgC delta endpoint finite and real\"\n"
"From remote kernel:"
"\"PASS: \"\"q1_negative PppA plus1B finite and real\"\n"
"From remote kernel:"
"\"PASS: \"\"q2_negative PgC plus1B endpoint finite and real\"\n"
"From remote kernel:"
"\"PASS: \"\"q1_negative PppA plus2B finite and real\"\n"
"From remote kernel:"
"\"PASS: \"\"q2_negative PgC plus2B endpoint finite and real\"\n"
"From remote kernel:"
"\"PASS: \"\"q1_negative PppA delta endpoint finite and real\"\n"
"From remote kernel:"
"\"PASS: \"\"q2_negative PppA regular finite and real\"\n"
"From remote kernel:"
"\"PASS: \"\"q1_negative PppA plus1B endpoint finite and real\"\n"
"From remote kernel:"
"\"PASS: \"\"q2_negative PppA plus1B finite and real\"\n"
"From remote kernel:"
"\"PASS: \"\"q1_negative PppA plus2B endpoint finite and real\"\n"
"From remote kernel:"
"\"PASS: \"\"q2_negative PppA plus2B finite and real\"\n"
"From remote kernel:"
"\"PASS: \"\"q1_negative PppC regular finite and real\"\n"
"From remote kernel:"
"\"PASS: \"\"q2_negative PppA delta endpoint finite and real\"\n"
"From remote kernel:"
"\"PASS: \"\"q1_negative PppC plus1B finite and real\"\n"
"From remote kernel:"
"\"PASS: \"\"q2_negative PppA plus1B endpoint finite and real\"\n"
"From remote kernel:"
"                                 1\nPower::infy: Infinite expression - encountered.\n                                 0"
"From remote kernel:"
"\"PASS: \"\"q1_negative PppC plus2B finite and real\"\n"
"From remote kernel:"
"\"PASS: \"\"q2_negative PppA plus2B endpoint finite and real\"\n"
"From remote kernel:"
"\"PASS: \"\"q1_negative PppC delta endpoint finite and real\"\n"
"From remote kernel:"
"\"PASS: \"\"q2_negative PppC regular finite and real\"\n"
"From remote kernel:"
"                                 1\nPower::infy: Infinite expression - encountered.\n                                 0"
"From remote kernel:"
"\"PASS: \"\"q1_negative PppC plus1B endpoint finite and real\"\n"
"From remote kernel:"
"\"PASS: \"\"q2_negative PppC plus1B finite and real\"\n"
"From remote kernel:"
"\"PASS: \"\"q1_negative PppC plus2B endpoint finite and real\"\n"
"From remote kernel:"
"\"PASS: \"\"q2_negative PppC plus2B finite and real\"\n"
"From remote kernel:"
"                                 1\nPower::infy: Infinite expression - encountered.\n                                 0"
"From remote kernel:"
"\"PASS: \"\"active flavor count agrees\"\n"
"From remote kernel:"
"\"PASS: \"\"q2_negative PppC delta endpoint finite and real\"\n"
"From remote kernel:"
"\"PASS: \"\"q1_positive PgA delta endpoint finite and real\"\n"
"From remote kernel:"
"\"PASS: \"\"driver primary charge weight\"\n"
"From remote kernel:"
"\"PASS: \"\"q2_negative PppC plus1B endpoint finite and real\"\n"
"From remote kernel:"
"\"PASS: \"\"q3_positive PgA delta endpoint finite and real\"\n"
"From remote kernel:"
"\"PASS: \"\"q1_positive PgA plus1B endpoint finite and real\"\n"
"From remote kernel:"
"\"PASS: \"\"driver secondary charge weight equals saved flavor sum\"\n"
"From remote kernel:"
"\"PASS: \"\"q2_negative PppC plus2B endpoint finite and real\"\n"
"From remote kernel:"
"\"PASS: \"\"q3_positive PgA plus1B endpoint finite and real\"\n"
"From remote kernel:"
"\"PASS: \"\"q1_positive PgA plus2B endpoint finite and real\"\n"
"From remote kernel:"
"\"PASS: \"\"physical mixed-charge luminosity vanishes\"\n"
"From remote kernel:"
"\"PASS: \"\"active flavor count agrees\"\n"
"From remote kernel:"
"\"PASS: \"\"q3_positive PgA plus2B endpoint finite and real\"\n"
"From remote kernel:"
"\"PASS: \"\"q1_positive PgC regular finite and real\"\n"
"From remote kernel:"
"\"PASS: \"\"saved endpoint coefficients do not depend on recoil\"\n"
"From remote kernel:"
"\"PASS: \"\"driver primary charge weight\"\n"
"From remote kernel:"
"\"PASS: \"\"q3_positive PgC regular finite and real\"\n"
"From remote kernel:"
"\"PASS: \"\"q1_positive PgC plus1B finite and real\"\n"
"From remote kernel:"
"\"PASS: \"\"q1_negative local up F1 LODelta finite and real\"\n"
"From remote kernel:"
"\"PASS: \"\"driver secondary charge weight equals saved flavor sum\"\n"
"From remote kernel:"
"\"PASS: \"\"q3_positive PgC plus1B finite and real\"\n"
"From remote kernel:"
"\"PASS: \"\"q1_positive PgC plus2B finite and real\"\n"
"From remote kernel:"
"\"PASS: \"\"q1_negative reference up F1 LODelta finite and real\"\n"
"From remote kernel:"
"\"PASS: \"\"physical mixed-charge luminosity vanishes\"\n"
"From remote kernel:"
"\"PASS: \"\"q3_positive PgC plus2B finite and real\"\n"
"From remote kernel:"
"\"Point start \"\"q2_positive\"\" memory=\"183276920\n"
"From remote kernel:"
"\"PASS: \"\"q1_positive PgC delta endpoint finite and real\"\n"
"From remote kernel:"
"\"PASS: \"\"q1_negative local up F1 Delta finite and real\"\n"
"From remote kernel:"
"\"PASS: \"\"saved endpoint coefficients do not depend on recoil\"\n"
"From remote kernel:"
"\"PASS: \"\"q3_positive PgC delta endpoint finite and real\"\n"
"From remote kernel:"
"\"PASS: \"\"q1_positive PgC plus1B endpoint finite and real\"\n"
"From remote kernel:"
"\"PASS: \"\"q1_negative reference up F1 Delta finite and real\"\n"
"From remote kernel:"
"\"PASS: \"\"q2_negative local up F1 LODelta finite and real\"\n"
"From remote kernel:"
"\"PASS: \"\"q3_positive PgC plus1B endpoint finite and real\"\n"
"From remote kernel:"
"\"PASS: \"\"q1_positive PgC plus2B endpoint finite and real\"\n"
"From remote kernel:"
"\"PASS: \"\"q1_negative local up F1 L0 finite and real\"\n"
"From remote kernel:"
"\"PASS: \"\"q2_negative reference up F1 LODelta finite and real\"\n"
"From remote kernel:"
"\"PASS: \"\"q3_positive PgC plus2B endpoint finite and real\"\n"
"From remote kernel:"
"\"PASS: \"\"q1_positive PppA regular finite and real\"\n"
"From remote kernel:"
"\"PASS: \"\"q1_negative reference up F1 L0 finite and real\"\n"
"From remote kernel:"
"\"PASS: \"\"q2_negative local up F1 Delta finite and real\"\n"
"From remote kernel:"
"\"PASS: \"\"q3_positive PppA regular finite and real\"\n"
"From remote kernel:"
"\"PASS: \"\"q1_positive PppA plus1B finite and real\"\n"
"From remote kernel:"
"\"PASS: \"\"q1_negative local up F1 L1 finite and real\"\n"
"From remote kernel:"
"\"PASS: \"\"q2_negative reference up F1 Delta finite and real\"\n"
"From remote kernel:"
"\"PASS: \"\"q3_positive PppA plus1B finite and real\"\n"
"From remote kernel:"
"\"PASS: \"\"q1_positive PppA plus2B finite and real\"\n"
"From remote kernel:"
"\"PASS: \"\"q1_negative reference up F1 L1 finite and real\"\n"
"From remote kernel:"
"\"PASS: \"\"q2_negative local up F1 L0 finite and real\"\n"
"From remote kernel:"
"\"PASS: \"\"q3_positive PppA plus2B finite and real\"\n"
"From remote kernel:"
"\"Endpoint limit \"\"q1_positive PppA delta endpoint\"\n"
"From remote kernel:"
"\"PASS: \"\"q1_negative local up F1 Regular finite and real\"\n"
"From remote kernel:"
"\"PASS: \"\"q2_negative reference up F1 L0 finite and real\"\n"
"From remote kernel:"
"\"Endpoint limit \"\"q3_positive PppA delta endpoint\"\n"
"From remote kernel:"
"                                 1\nPower::infy: Infinite expression - encountered.\n                                 0"
"From remote kernel:"
"\"PASS: \"\"q1_negative reference up F1 Regular finite and real\"\n"
"From remote kernel:"
"\"PASS: \"\"q2_negative local up F1 L1 finite and real\"\n"
"From remote kernel:"
"\"PASS: \"\"q1_negative final expression up F1 finite and real\"\n"
"From remote kernel:"
"\"PASS: \"\"q2_negative reference up F1 L1 finite and real\"\n"
"From remote kernel:"
"                                 1\nPower::infy: Infinite expression - encountered.\n                                 0"
"From remote kernel:"
"\"PASS: \"\"ordinary local coefficient reconstruction finite and real\"\n"
"From remote kernel:"
"\"PASS: \"\"q2_negative local up F1 Regular finite and real\"\n"
"From remote kernel:"
"\"PASS: \"\"final expression equals ordinary coefficient assembly\"\n"
"From remote kernel:"
"\"PASS: \"\"q2_negative reference up F1 Regular finite and real\"\n"
"From remote kernel:"
"                                 1\nPower::infy: Infinite expression - encountered.\n                                 0"
"From remote kernel:"
"\"PASS: \"\"q1_negative ordinary reference up F1 finite and real\"\n"
"From remote kernel:"
"\"PASS: \"\"q2_negative final expression up F1 finite and real\"\n"
"From remote kernel:"
"\"PASS: \"\"saved endpoint coefficients do not depend on recoil\"\n"
"From remote kernel:"
"\"PASS: \"\"ordinary local coefficient reconstruction finite and real\"\n"
"From remote kernel:"
"\"PASS: \"\"q1_negative local up F2 LODelta finite and real\"\n"
"From remote kernel:"
"\"PASS: \"\"final expression equals ordinary coefficient assembly\"\n"
"From remote kernel:"
"\"PASS: \"\"q1_negative reference up F2 LODelta finite and real\"\n"
"From remote kernel:"
"\"PASS: \"\"q2_negative ordinary reference up F1 finite and real\"\n"
"From remote kernel:"
"\"PASS: \"\"q1_negative local up F2 Delta finite and real\"\n"
"From remote kernel:"
"\"PASS: \"\"saved endpoint coefficients do not depend on recoil\"\n"
"From remote kernel:"
"\"PASS: \"\"q1_negative reference up F2 Delta finite and real\"\n"
"From remote kernel:"
"\"PASS: \"\"q2_negative local up F2 LODelta finite and real\"\n"
"From remote kernel:"
"\"PASS: \"\"q1_negative local up F2 L0 finite and real\"\n"
"From remote kernel:"
"\"PASS: \"\"q2_negative reference up F2 LODelta finite and real\"\n"
"From remote kernel:"
"\"PASS: \"\"q1_negative reference up F2 L0 finite and real\"\n"
"From remote kernel:"
"\"PASS: \"\"q2_negative local up F2 Delta finite and real\"\n"
"From remote kernel:"
"\"Point start \"\"q2_positive\"\" memory=\"183277072\n"
"From remote kernel:"
"\"PASS: \"\"q1_negative local up F2 L1 finite and real\"\n"
"From remote kernel:"
"\"PASS: \"\"q2_negative reference up F2 Delta finite and real\"\n"
"From remote kernel:"
"\"PASS: \"\"q1_negative reference up F2 L1 finite and real\"\n"
"From remote kernel:"
"\"PASS: \"\"q2_negative local up F2 L0 finite and real\"\n"
"From remote kernel:"
"\"PASS: \"\"q1_negative local up F2 Regular finite and real\"\n"
"From remote kernel:"
"\"PASS: \"\"q2_negative reference up F2 L0 finite and real\"\n"
"From remote kernel:"
"\"PASS: \"\"q1_negative reference up F2 Regular finite and real\"\n"
"From remote kernel:"
"\"PASS: \"\"q2_negative local up F2 L1 finite and real\"\n"
"From remote kernel:"
"\"PASS: \"\"q1_negative final expression up F2 finite and real\"\n"
"From remote kernel:"
"\"PASS: \"\"q2_negative reference up F2 L1 finite and real\"\n"
"From remote kernel:"
"\"PASS: \"\"ordinary local coefficient reconstruction finite and real\"\n"
"From remote kernel:"
"\"PASS: \"\"q2_negative local up F2 Regular finite and real\"\n"
"From remote kernel:"
"                                 1\nPower::infy: Infinite expression - encountered.\n                                 0"
"From remote kernel:"
"\"PASS: \"\"final expression equals ordinary coefficient assembly\"\n"
"From remote kernel:"
"\"PASS: \"\"q2_negative reference up F2 Regular finite and real\"\n"
"From remote kernel:"
"\"PASS: \"\"q1_negative ordinary reference up F2 finite and real\"\n"
"From remote kernel:"
"\"PASS: \"\"q2_negative final expression up F2 finite and real\"\n"
"From remote kernel:"
"                                 1\nPower::infy: Infinite expression - encountered.\n                                 0"
"From remote kernel:"
"\"PASS: \"\"active flavor count agrees\"\n"
"From remote kernel:"
"\"PASS: \"\"ordinary local coefficient reconstruction finite and real\"\n"
"From remote kernel:"
"\"PASS: \"\"driver primary charge weight\"\n"
"From remote kernel:"
"\"PASS: \"\"final expression equals ordinary coefficient assembly\"\n"
"From remote kernel:"
"                                 1\nPower::infy: Infinite expression - encountered.\n                                 0"
"From remote kernel:"
"\"PASS: \"\"driver secondary charge weight equals saved flavor sum\"\n"
"From remote kernel:"
"\"PASS: \"\"q2_negative ordinary reference up F2 finite and real\"\n"
"From remote kernel:"
"\"PASS: \"\"physical mixed-charge luminosity vanishes\"\n"
"From remote kernel:"
"\"PASS: \"\"active flavor count agrees\"\n"
"From remote kernel:"
"General::stop: Further output of Power::infy will be suppressed during this calculation."
"From remote kernel:"
"\"PASS: \"\"saved endpoint coefficients do not depend on recoil\"\n"
"From remote kernel:"
"\"PASS: \"\"driver primary charge weight\"\n"
"From remote kernel:"
"\"PASS: \"\"q1_negative local down F1 LODelta finite and real\"\n"
"From remote kernel:"
"\"PASS: \"\"driver secondary charge weight equals saved flavor sum\"\n"
"From remote kernel:"
"\"PASS: \"\"q1_negative reference down F1 LODelta finite and real\"\n"
"From remote kernel:"
"\"PASS: \"\"physical mixed-charge luminosity vanishes\"\n"
"From remote kernel:"
"\"PASS: \"\"q1_negative local down F1 Delta finite and real\"\n"
"From remote kernel:"
"\"PASS: \"\"saved endpoint coefficients do not depend on recoil\"\n"
"From remote kernel:"
"\"PASS: \"\"q1_negative reference down F1 Delta finite and real\"\n"
"From remote kernel:"
"\"PASS: \"\"q2_negative local down F1 LODelta finite and real\"\n"
"From remote kernel:"
"\"PASS: \"\"q1_negative local down F1 L0 finite and real\"\n"
"From remote kernel:"
"\"PASS: \"\"q2_negative reference down F1 LODelta finite and real\"\n"
"From remote kernel:"
"\"PASS: \"\"q1_negative reference down F1 L0 finite and real\"\n"
"From remote kernel:"
"\"PASS: \"\"q2_negative local down F1 Delta finite and real\"\n"
"From remote kernel:"
"\"PASS: \"\"q1_negative local down F1 L1 finite and real\"\n"
"From remote kernel:"
"\"PASS: \"\"q2_negative reference down F1 Delta finite and real\"\n"
"From remote kernel:"
"\"PASS: \"\"q1_negative reference down F1 L1 finite and real\"\n"
"From remote kernel:"
"\"PASS: \"\"q2_negative local down F1 L0 finite and real\"\n"
"From remote kernel:"
"\"PASS: \"\"q1_negative local down F1 Regular finite and real\"\n"
"From remote kernel:"
"\"PASS: \"\"q2_negative reference down F1 L0 finite and real\"\n"
"From remote kernel:"
"\"Point start \"\"q2_positive\"\" memory=\"183277072\n"
"From remote kernel:"
"\"PASS: \"\"q1_negative reference down F1 Regular finite and real\"\n"
"From remote kernel:"
"\"PASS: \"\"q2_negative local down F1 L1 finite and real\"\n"
"From remote kernel:"
"\"PASS: \"\"q1_negative final expression down F1 finite and real\"\n"
"From remote kernel:"
"\"PASS: \"\"q2_negative reference down F1 L1 finite and real\"\n"
"From remote kernel:"
"\"PASS: \"\"ordinary local coefficient reconstruction finite and real\"\n"
"From remote kernel:"
"\"PASS: \"\"q2_negative local down F1 Regular finite and real\"\n"
"From remote kernel:"
"\"PASS: \"\"final expression equals ordinary coefficient assembly\"\n"
"From remote kernel:"
"\"PASS: \"\"q2_negative reference down F1 Regular finite and real\"\n"
"From remote kernel:"
"\"PASS: \"\"q1_negative ordinary reference down F1 finite and real\"\n"
"From remote kernel:"
"\"PASS: \"\"q2_negative final expression down F1 finite and real\"\n"
"From remote kernel:"
"\"PASS: \"\"saved endpoint coefficients do not depend on recoil\"\n"
"From remote kernel:"
"\"PASS: \"\"ordinary local coefficient reconstruction finite and real\"\n"
"From remote kernel:"
"\"PASS: \"\"q1_negative local down F2 LODelta finite and real\"\n"
"From remote kernel:"
"\"PASS: \"\"final expression equals ordinary coefficient assembly\"\n"
"From remote kernel:"
"\"PASS: \"\"q1_negative reference down F2 LODelta finite and real\"\n"
"From remote kernel:"
"\"PASS: \"\"q2_negative ordinary reference down F1 finite and real\"\n"
"From remote kernel:"
"\"PASS: \"\"q1_negative local down F2 Delta finite and real\"\n"
"From remote kernel:"
"\"PASS: \"\"saved endpoint coefficients do not depend on recoil\"\n"
"From remote kernel:"
"                                 1\nPower::infy: Infinite expression - encountered.\n                                 0"
"From remote kernel:"
"\"PASS: \"\"q1_negative reference down F2 Delta finite and real\"\n"
"From remote kernel:"
"\"PASS: \"\"q2_negative local down F2 LODelta finite and real\"\n"
"From remote kernel:"
"\"PASS: \"\"q1_negative local down F2 L0 finite and real\"\n"
"From remote kernel:"
"\"PASS: \"\"q2_negative reference down F2 LODelta finite and real\"\n"
"From remote kernel:"
"                                 1\nPower::infy: Infinite expression - encountered.\n                                 0"
"From remote kernel:"
"\"PASS: \"\"q1_negative reference down F2 L0 finite and real\"\n"
"From remote kernel:"
"\"PASS: \"\"q2_negative local down F2 Delta finite and real\"\n"
"From remote kernel:"
"\"PASS: \"\"q1_negative local down F2 L1 finite and real\"\n"
"From remote kernel:"
"\"PASS: \"\"q2_negative reference down F2 Delta finite and real\"\n"
"From remote kernel:"
"                                 1\nPower::infy: Infinite expression - encountered.\n                                 0"
"From remote kernel:"
"\"PASS: \"\"q1_negative reference down F2 L1 finite and real\"\n"
"From remote kernel:"
"\"PASS: \"\"q2_negative local down F2 L0 finite and real\"\n"
"From remote kernel:"
"\"PASS: \"\"q1_negative local down F2 Regular finite and real\"\n"
"From remote kernel:"
"\"PASS: \"\"q2_negative reference down F2 L0 finite and real\"\n"
"From remote kernel:"
"General::stop: Further output of Power::infy will be suppressed during this calculation."
"From remote kernel:"
"\"PASS: \"\"q1_negative reference down F2 Regular finite and real\"\n"
"From remote kernel:"
"\"PASS: \"\"q2_negative local down F2 L1 finite and real\"\n"
"From remote kernel:"
"\"PASS: \"\"q1_negative final expression down F2 finite and real\"\n"
"From remote kernel:"
"\"PASS: \"\"q2_negative reference down F2 L1 finite and real\"\n"
"From remote kernel:"
"\"PASS: \"\"ordinary local coefficient reconstruction finite and real\"\n"
"From remote kernel:"
"\"PASS: \"\"q2_negative local down F2 Regular finite and real\"\n"
"From remote kernel:"
"\"PASS: \"\"final expression equals ordinary coefficient assembly\"\n"
MONITOR_HEARTBEAT elapsed=153s rss=2593.5MiB peak=2593.5MiB
"From remote kernel:"
"\"PASS: \"\"q2_negative reference down F2 Regular finite and real\"\n"
"From remote kernel:"
"\"PASS: \"\"q1_negative ordinary reference down F2 finite and real\"\n"
"From remote kernel:"
"\"PASS: \"\"q2_negative final expression down F2 finite and real\"\n"
"From remote kernel:"
"\"Point complete \"\"q1_negative\"\" memory=\"412053000\n"
"From remote kernel:"
"\"PASS: \"\"ordinary local coefficient reconstruction finite and real\"\n"
"From remote kernel:"
"\"PASS: \"\"final expression equals ordinary coefficient assembly\"\n"
"From remote kernel:"
"\"PASS: \"\"q2_negative ordinary reference down F2 finite and real\"\n"
"From remote kernel:"
"\"Point start \"\"q3_negative\"\" memory=\"403486304\n"
"From remote kernel:"
"\"Point complete \"\"q2_negative\"\" memory=\"414240472\n"
"From remote kernel:"
"\"PASS: \"\"q3_negative PgA regular finite and real\"\n"
"From remote kernel:"
"\"Point start \"\"q2_positive\"\" memory=\"183276984\n"
"From remote kernel:"
"\"PASS: \"\"q3_negative PgA plus1B finite and real\"\n"
"From remote kernel:"
"\"PASS: \"\"q3_negative PgA plus2B finite and real\"\n"
"From remote kernel:"
"\"Endpoint limit \"\"q3_negative PgA delta endpoint\"\n"
"From remote kernel:"
"                                 1\nPower::infy: Infinite expression - encountered.\n                                 0"
"From remote kernel:"
"                                 1\nPower::infy: Infinite expression - encountered.\n                                 0"
"From remote kernel:"
"                                 1\nPower::infy: Infinite expression - encountered.\n                                 0"
"From remote kernel:"
"General::stop: Further output of Power::infy will be suppressed during this calculation."
"From remote kernel:"
"\"Point start \"\"q2_positive\"\" memory=\"405677408\n"
"From remote kernel:"
"                                 1\nPower::infy: Infinite expression - encountered.\n                                 0"
"From remote kernel:"
"                                 1\nPower::infy: Infinite expression - encountered.\n                                 0"
"From remote kernel:"
"                                 1\nPower::infy: Infinite expression - encountered.\n                                 0"
"From remote kernel:"
"General::stop: Further output of Power::infy will be suppressed during this calculation."
"From remote kernel:"
"\"PASS: \"\"q1_positive PppA delta endpoint finite and real\"\n"
"From remote kernel:"
"\"PASS: \"\"q3_positive PppA delta endpoint finite and real\"\n"
"From remote kernel:"
"\"PASS: \"\"q1_positive PppA plus1B endpoint finite and real\"\n"
"From remote kernel:"
"\"PASS: \"\"q3_positive PppA plus1B endpoint finite and real\"\n"
"From remote kernel:"
"\"PASS: \"\"q1_positive PppA plus2B endpoint finite and real\"\n"
"From remote kernel:"
"\"PASS: \"\"q3_positive PppA plus2B endpoint finite and real\"\n"
"From remote kernel:"
"\"PASS: \"\"q1_positive PppC regular finite and real\"\n"
"From remote kernel:"
"\"PASS: \"\"q3_positive PppC regular finite and real\"\n"
"From remote kernel:"
"\"PASS: \"\"q1_positive PppC plus1B finite and real\"\n"
"From remote kernel:"
"\"PASS: \"\"q3_positive PppC plus1B finite and real\"\n"
"From remote kernel:"
"\"PASS: \"\"q1_positive PppC plus2B finite and real\"\n"
"From remote kernel:"
"\"PASS: \"\"q3_positive PppC plus2B finite and real\"\n"
"From remote kernel:"
"\"PASS: \"\"q1_positive PppC delta endpoint finite and real\"\n"
"From remote kernel:"
"\"PASS: \"\"q3_positive PppC delta endpoint finite and real\"\n"
"From remote kernel:"
"\"PASS: \"\"q1_positive PppC plus1B endpoint finite and real\"\n"
"From remote kernel:"
"\"PASS: \"\"q3_positive PppC plus1B endpoint finite and real\"\n"
"From remote kernel:"
"\"PASS: \"\"q1_positive PppC plus2B endpoint finite and real\"\n"
"From remote kernel:"
"\"PASS: \"\"q3_positive PppC plus2B endpoint finite and real\"\n"
"From remote kernel:"
"\"PASS: \"\"active flavor count agrees\"\n"
"From remote kernel:"
"\"PASS: \"\"active flavor count agrees\"\n"
"From remote kernel:"
"\"PASS: \"\"driver primary charge weight\"\n"
"From remote kernel:"
"\"PASS: \"\"driver primary charge weight\"\n"
"From remote kernel:"
"\"PASS: \"\"driver secondary charge weight equals saved flavor sum\"\n"
"From remote kernel:"
"\"PASS: \"\"driver secondary charge weight equals saved flavor sum\"\n"
MONITOR_HEARTBEAT elapsed=183s rss=2167.6MiB peak=2597.5MiB
"From remote kernel:"
"\"PASS: \"\"physical mixed-charge luminosity vanishes\"\n"
"From remote kernel:"
"\"PASS: \"\"q3_negative PgA delta endpoint finite and real\"\n"
"From remote kernel:"
"\"PASS: \"\"physical mixed-charge luminosity vanishes\"\n"
"From remote kernel:"
"\"PASS: \"\"saved endpoint coefficients do not depend on recoil\"\n"
"From remote kernel:"
"\"PASS: \"\"q3_negative PgA plus1B endpoint finite and real\"\n"
"From remote kernel:"
"\"PASS: \"\"saved endpoint coefficients do not depend on recoil\"\n"
"From remote kernel:"
"\"PASS: \"\"q1_positive local up F1 LODelta finite and real\"\n"
"From remote kernel:"
"\"PASS: \"\"q3_negative PgA plus2B endpoint finite and real\"\n"
"From remote kernel:"
"\"PASS: \"\"q3_positive local up F1 LODelta finite and real\"\n"
"From remote kernel:"
"\"PASS: \"\"q1_positive reference up F1 LODelta finite and real\"\n"
"From remote kernel:"
"\"PASS: \"\"q3_negative PgC regular finite and real\"\n"
"From remote kernel:"
"\"PASS: \"\"q3_positive reference up F1 LODelta finite and real\"\n"
"From remote kernel:"
"\"PASS: \"\"q1_positive local up F1 Delta finite and real\"\n"
"From remote kernel:"
"\"PASS: \"\"q3_negative PgC plus1B finite and real\"\n"
"From remote kernel:"
"\"PASS: \"\"q3_positive local up F1 Delta finite and real\"\n"
"From remote kernel:"
"\"PASS: \"\"q1_positive reference up F1 Delta finite and real\"\n"
"From remote kernel:"
"\"PASS: \"\"q3_negative PgC plus2B finite and real\"\n"
"From remote kernel:"
"\"PASS: \"\"q3_positive reference up F1 Delta finite and real\"\n"
"From remote kernel:"
"\"PASS: \"\"q1_positive local up F1 L0 finite and real\"\n"
"From remote kernel:"
"\"PASS: \"\"q3_negative PgC delta endpoint finite and real\"\n"
"From remote kernel:"
"\"PASS: \"\"q3_positive local up F1 L0 finite and real\"\n"
"From remote kernel:"
"\"PASS: \"\"q1_positive reference up F1 L0 finite and real\"\n"
"From remote kernel:"
"\"PASS: \"\"q3_negative PgC plus1B endpoint finite and real\"\n"
"From remote kernel:"
"\"PASS: \"\"q3_positive reference up F1 L0 finite and real\"\n"
"From remote kernel:"
"\"PASS: \"\"q1_positive local up F1 L1 finite and real\"\n"
"From remote kernel:"
"\"PASS: \"\"q3_negative PgC plus2B endpoint finite and real\"\n"
"From remote kernel:"
"\"PASS: \"\"q3_positive local up F1 L1 finite and real\"\n"
"From remote kernel:"
"\"PASS: \"\"q1_positive reference up F1 L1 finite and real\"\n"
"From remote kernel:"
"\"PASS: \"\"q3_negative PppA regular finite and real\"\n"
"From remote kernel:"
"\"PASS: \"\"q3_positive reference up F1 L1 finite and real\"\n"
"From remote kernel:"
"\"PASS: \"\"q1_positive local up F1 Regular finite and real\"\n"
"From remote kernel:"
"\"PASS: \"\"q3_negative PppA plus1B finite and real\"\n"
"From remote kernel:"
"\"PASS: \"\"q3_positive local up F1 Regular finite and real\"\n"
"From remote kernel:"
"\"PASS: \"\"q1_positive reference up F1 Regular finite and real\"\n"
"From remote kernel:"
"\"PASS: \"\"q3_negative PppA plus2B finite and real\"\n"
"From remote kernel:"
"\"PASS: \"\"q3_positive reference up F1 Regular finite and real\"\n"
"From remote kernel:"
"\"PASS: \"\"q1_positive final expression up F1 finite and real\"\n"
"From remote kernel:"
"\"PASS: \"\"q3_negative PppA delta endpoint finite and real\"\n"
"From remote kernel:"
"\"PASS: \"\"q3_positive final expression up F1 finite and real\"\n"
"From remote kernel:"
"\"PASS: \"\"ordinary local coefficient reconstruction finite and real\"\n"
"From remote kernel:"
"\"PASS: \"\"q3_negative PppA plus1B endpoint finite and real\"\n"
"From remote kernel:"
"\"PASS: \"\"ordinary local coefficient reconstruction finite and real\"\n"
"From remote kernel:"
"\"PASS: \"\"final expression equals ordinary coefficient assembly\"\n"
"From remote kernel:"
"\"PASS: \"\"q3_negative PppA plus2B endpoint finite and real\"\n"
"From remote kernel:"
"\"PASS: \"\"final expression equals ordinary coefficient assembly\"\n"
"From remote kernel:"
"\"PASS: \"\"q1_positive ordinary reference up F1 finite and real\"\n"
"From remote kernel:"
"\"PASS: \"\"q3_negative PppC regular finite and real\"\n"
"From remote kernel:"
"\"PASS: \"\"q3_positive ordinary reference up F1 finite and real\"\n"
"From remote kernel:"
"\"PASS: \"\"saved endpoint coefficients do not depend on recoil\"\n"
"From remote kernel:"
"\"PASS: \"\"q3_negative PppC plus1B finite and real\"\n"
"From remote kernel:"
"\"PASS: \"\"saved endpoint coefficients do not depend on recoil\"\n"
"From remote kernel:"
"\"PASS: \"\"q1_positive local up F2 LODelta finite and real\"\n"
"From remote kernel:"
"\"PASS: \"\"q3_negative PppC plus2B finite and real\"\n"
"From remote kernel:"
"\"PASS: \"\"q3_positive local up F2 LODelta finite and real\"\n"
MONITOR_HEARTBEAT elapsed=214s rss=2095.4MiB peak=2597.5MiB
"From remote kernel:"
"\"PASS: \"\"q1_positive reference up F2 LODelta finite and real\"\n"
"From remote kernel:"
"\"PASS: \"\"q3_negative PppC delta endpoint finite and real\"\n"
"From remote kernel:"
"\"PASS: \"\"q3_positive reference up F2 LODelta finite and real\"\n"
"From remote kernel:"
"\"PASS: \"\"q1_positive local up F2 Delta finite and real\"\n"
"From remote kernel:"
"\"PASS: \"\"q3_negative PppC plus1B endpoint finite and real\"\n"
"From remote kernel:"
"\"PASS: \"\"q3_positive local up F2 Delta finite and real\"\n"
"From remote kernel:"
"\"PASS: \"\"q1_positive reference up F2 Delta finite and real\"\n"
"From remote kernel:"
"\"PASS: \"\"q3_negative PppC plus2B endpoint finite and real\"\n"
"From remote kernel:"
"\"PASS: \"\"q3_positive reference up F2 Delta finite and real\"\n"
"From remote kernel:"
"\"PASS: \"\"q1_positive local up F2 L0 finite and real\"\n"
"From remote kernel:"
"\"PASS: \"\"active flavor count agrees\"\n"
"From remote kernel:"
"\"PASS: \"\"q3_positive local up F2 L0 finite and real\"\n"
"From remote kernel:"
"\"PASS: \"\"q1_positive reference up F2 L0 finite and real\"\n"
"From remote kernel:"
"\"PASS: \"\"driver primary charge weight\"\n"
"From remote kernel:"
"\"PASS: \"\"q3_positive reference up F2 L0 finite and real\"\n"
"From remote kernel:"
"\"PASS: \"\"q1_positive local up F2 L1 finite and real\"\n"
"From remote kernel:"
"\"PASS: \"\"driver secondary charge weight equals saved flavor sum\"\n"
"From remote kernel:"
"\"PASS: \"\"q3_positive local up F2 L1 finite and real\"\n"
"From remote kernel:"
"\"PASS: \"\"q1_positive reference up F2 L1 finite and real\"\n"
"From remote kernel:"
"\"PASS: \"\"physical mixed-charge luminosity vanishes\"\n"
"From remote kernel:"
"\"PASS: \"\"q3_positive reference up F2 L1 finite and real\"\n"
"From remote kernel:"
"\"PASS: \"\"q1_positive local up F2 Regular finite and real\"\n"
"From remote kernel:"
"\"PASS: \"\"saved endpoint coefficients do not depend on recoil\"\n"
"From remote kernel:"
"\"PASS: \"\"q3_positive local up F2 Regular finite and real\"\n"
"From remote kernel:"
"\"PASS: \"\"q1_positive reference up F2 Regular finite and real\"\n"
"From remote kernel:"
"\"PASS: \"\"q3_negative local up F1 LODelta finite and real\"\n"
"From remote kernel:"
"\"PASS: \"\"q3_positive reference up F2 Regular finite and real\"\n"
"From remote kernel:"
"\"PASS: \"\"q1_positive final expression up F2 finite and real\"\n"
"From remote kernel:"
"\"PASS: \"\"q3_negative reference up F1 LODelta finite and real\"\n"
"From remote kernel:"
"\"PASS: \"\"q3_positive final expression up F2 finite and real\"\n"
"From remote kernel:"
"\"PASS: \"\"ordinary local coefficient reconstruction finite and real\"\n"
"From remote kernel:"
"\"PASS: \"\"q3_negative local up F1 Delta finite and real\"\n"
"From remote kernel:"
"\"PASS: \"\"ordinary local coefficient reconstruction finite and real\"\n"
"From remote kernel:"
"\"PASS: \"\"final expression equals ordinary coefficient assembly\"\n"
"From remote kernel:"
"\"PASS: \"\"q3_negative reference up F1 Delta finite and real\"\n"
"From remote kernel:"
"\"PASS: \"\"final expression equals ordinary coefficient assembly\"\n"
"From remote kernel:"
"\"PASS: \"\"q1_positive ordinary reference up F2 finite and real\"\n"
"From remote kernel:"
"\"PASS: \"\"q3_negative local up F1 L0 finite and real\"\n"
"From remote kernel:"
"\"PASS: \"\"q3_positive ordinary reference up F2 finite and real\"\n"
"From remote kernel:"
"\"PASS: \"\"active flavor count agrees\"\n"
"From remote kernel:"
"\"PASS: \"\"q3_negative reference up F1 L0 finite and real\"\n"
"From remote kernel:"
"\"PASS: \"\"active flavor count agrees\"\n"
"From remote kernel:"
"\"PASS: \"\"driver primary charge weight\"\n"
"From remote kernel:"
"\"PASS: \"\"q3_negative local up F1 L1 finite and real\"\n"
"From remote kernel:"
"\"PASS: \"\"driver primary charge weight\"\n"
"From remote kernel:"
"\"PASS: \"\"driver secondary charge weight equals saved flavor sum\"\n"
"From remote kernel:"
"\"PASS: \"\"q3_negative reference up F1 L1 finite and real\"\n"
"From remote kernel:"
"\"PASS: \"\"driver secondary charge weight equals saved flavor sum\"\n"
"From remote kernel:"
"\"PASS: \"\"physical mixed-charge luminosity vanishes\"\n"
MONITOR_HEARTBEAT elapsed=245s rss=2202.7MiB peak=2597.5MiB
"From remote kernel:"
"\"PASS: \"\"q3_negative local up F1 Regular finite and real\"\n"
"From remote kernel:"
"\"PASS: \"\"physical mixed-charge luminosity vanishes\"\n"
"From remote kernel:"
"\"PASS: \"\"saved endpoint coefficients do not depend on recoil\"\n"
"From remote kernel:"
"\"PASS: \"\"q3_negative reference up F1 Regular finite and real\"\n"
"From remote kernel:"
"\"PASS: \"\"saved endpoint coefficients do not depend on recoil\"\n"
"From remote kernel:"
"\"PASS: \"\"q1_positive local down F1 LODelta finite and real\"\n"
"From remote kernel:"
"\"PASS: \"\"q3_negative final expression up F1 finite and real\"\n"
"From remote kernel:"
"\"PASS: \"\"q3_positive local down F1 LODelta finite and real\"\n"
"From remote kernel:"
"\"PASS: \"\"q1_positive reference down F1 LODelta finite and real\"\n"
"From remote kernel:"
"\"PASS: \"\"ordinary local coefficient reconstruction finite and real\"\n"
"From remote kernel:"
"\"PASS: \"\"q3_positive reference down F1 LODelta finite and real\"\n"
"From remote kernel:"
"\"PASS: \"\"q1_positive local down F1 Delta finite and real\"\n"
"From remote kernel:"
"\"PASS: \"\"final expression equals ordinary coefficient assembly\"\n"
"From remote kernel:"
"\"PASS: \"\"q3_positive local down F1 Delta finite and real\"\n"
"From remote kernel:"
"\"PASS: \"\"q1_positive reference down F1 Delta finite and real\"\n"
"From remote kernel:"
"\"PASS: \"\"q3_negative ordinary reference up F1 finite and real\"\n"
"From remote kernel:"
"\"PASS: \"\"q3_positive reference down F1 Delta finite and real\"\n"
"From remote kernel:"
"\"PASS: \"\"q1_positive local down F1 L0 finite and real\"\n"
"From remote kernel:"
"\"PASS: \"\"saved endpoint coefficients do not depend on recoil\"\n"
"From remote kernel:"
"\"PASS: \"\"q3_positive local down F1 L0 finite and real\"\n"
"From remote kernel:"
"\"PASS: \"\"q1_positive reference down F1 L0 finite and real\"\n"
"From remote kernel:"
"\"PASS: \"\"q3_negative local up F2 LODelta finite and real\"\n"
"From remote kernel:"
"\"PASS: \"\"q3_positive reference down F1 L0 finite and real\"\n"
"From remote kernel:"
"\"PASS: \"\"q1_positive local down F1 L1 finite and real\"\n"
"From remote kernel:"
"\"PASS: \"\"q3_negative reference up F2 LODelta finite and real\"\n"
"From remote kernel:"
"\"PASS: \"\"q3_positive local down F1 L1 finite and real\"\n"
"From remote kernel:"
"\"PASS: \"\"q1_positive reference down F1 L1 finite and real\"\n"
"From remote kernel:"
"\"PASS: \"\"q3_negative local up F2 Delta finite and real\"\n"
"From remote kernel:"
"\"PASS: \"\"q3_positive reference down F1 L1 finite and real\"\n"
"From remote kernel:"
"\"PASS: \"\"q1_positive local down F1 Regular finite and real\"\n"
"From remote kernel:"
"\"PASS: \"\"q3_negative reference up F2 Delta finite and real\"\n"
"From remote kernel:"
"\"PASS: \"\"q3_positive local down F1 Regular finite and real\"\n"
"From remote kernel:"
"\"PASS: \"\"q1_positive reference down F1 Regular finite and real\"\n"
"From remote kernel:"
"\"PASS: \"\"q3_negative local up F2 L0 finite and real\"\n"
"From remote kernel:"
"\"PASS: \"\"q3_positive reference down F1 Regular finite and real\"\n"
"From remote kernel:"
"\"PASS: \"\"q1_positive final expression down F1 finite and real\"\n"
"From remote kernel:"
"\"PASS: \"\"q3_negative reference up F2 L0 finite and real\"\n"
"From remote kernel:"
"\"PASS: \"\"q3_positive final expression down F1 finite and real\"\n"
"From remote kernel:"
"\"PASS: \"\"ordinary local coefficient reconstruction finite and real\"\n"
"From remote kernel:"
"\"PASS: \"\"q3_negative local up F2 L1 finite and real\"\n"
"From remote kernel:"
"\"PASS: \"\"ordinary local coefficient reconstruction finite and real\"\n"
"From remote kernel:"
"\"PASS: \"\"final expression equals ordinary coefficient assembly\"\n"
"From remote kernel:"
"\"PASS: \"\"q3_negative reference up F2 L1 finite and real\"\n"
"From remote kernel:"
"\"PASS: \"\"final expression equals ordinary coefficient assembly\"\n"
"From remote kernel:"
"\"PASS: \"\"q1_positive ordinary reference down F1 finite and real\"\n"
"From remote kernel:"
"\"PASS: \"\"q3_negative local up F2 Regular finite and real\"\n"
"From remote kernel:"
"\"PASS: \"\"q3_positive ordinary reference down F1 finite and real\"\n"
"From remote kernel:"
"\"PASS: \"\"saved endpoint coefficients do not depend on recoil\"\n"
"From remote kernel:"
"\"PASS: \"\"q3_negative reference up F2 Regular finite and real\"\n"
"From remote kernel:"
"\"PASS: \"\"saved endpoint coefficients do not depend on recoil\"\n"
"From remote kernel:"
"\"PASS: \"\"q1_positive local down F2 LODelta finite and real\"\n"
"From remote kernel:"
"\"PASS: \"\"q3_negative final expression up F2 finite and real\"\n"
"From remote kernel:"
"\"PASS: \"\"q3_positive local down F2 LODelta finite and real\"\n"
MONITOR_HEARTBEAT elapsed=275s rss=2081.9MiB peak=2597.5MiB
"From remote kernel:"
"\"PASS: \"\"q1_positive reference down F2 LODelta finite and real\"\n"
"From remote kernel:"
"\"PASS: \"\"ordinary local coefficient reconstruction finite and real\"\n"
"From remote kernel:"
"\"PASS: \"\"q3_positive reference down F2 LODelta finite and real\"\n"
"From remote kernel:"
"\"PASS: \"\"q1_positive local down F2 Delta finite and real\"\n"
"From remote kernel:"
"\"PASS: \"\"final expression equals ordinary coefficient assembly\"\n"
"From remote kernel:"
"\"PASS: \"\"q3_positive local down F2 Delta finite and real\"\n"
"From remote kernel:"
"\"PASS: \"\"q1_positive reference down F2 Delta finite and real\"\n"
"From remote kernel:"
"\"PASS: \"\"q3_negative ordinary reference up F2 finite and real\"\n"
"From remote kernel:"
"\"PASS: \"\"q3_positive reference down F2 Delta finite and real\"\n"
"From remote kernel:"
"\"PASS: \"\"q1_positive local down F2 L0 finite and real\"\n"
"From remote kernel:"
"\"PASS: \"\"active flavor count agrees\"\n"
"From remote kernel:"
"\"PASS: \"\"q3_positive local down F2 L0 finite and real\"\n"
"From remote kernel:"
"\"PASS: \"\"q1_positive reference down F2 L0 finite and real\"\n"
"From remote kernel:"
"\"PASS: \"\"driver primary charge weight\"\n"
"From remote kernel:"
"\"PASS: \"\"q3_positive reference down F2 L0 finite and real\"\n"
"From remote kernel:"
"\"PASS: \"\"q1_positive local down F2 L1 finite and real\"\n"
"From remote kernel:"
"\"PASS: \"\"driver secondary charge weight equals saved flavor sum\"\n"
"From remote kernel:"
"\"PASS: \"\"q3_positive local down F2 L1 finite and real\"\n"
"From remote kernel:"
"\"PASS: \"\"q1_positive reference down F2 L1 finite and real\"\n"
"From remote kernel:"
"\"PASS: \"\"physical mixed-charge luminosity vanishes\"\n"
"From remote kernel:"
"\"PASS: \"\"q3_positive reference down F2 L1 finite and real\"\n"
"From remote kernel:"
"\"PASS: \"\"q1_positive local down F2 Regular finite and real\"\n"
"From remote kernel:"
"\"PASS: \"\"saved endpoint coefficients do not depend on recoil\"\n"
"From remote kernel:"
"\"PASS: \"\"q3_positive local down F2 Regular finite and real\"\n"
"From remote kernel:"
"\"PASS: \"\"q1_positive reference down F2 Regular finite and real\"\n"
"From remote kernel:"
"\"PASS: \"\"q3_negative local down F1 LODelta finite and real\"\n"
"From remote kernel:"
"\"PASS: \"\"q3_positive reference down F2 Regular finite and real\"\n"
"From remote kernel:"
"\"PASS: \"\"q1_positive final expression down F2 finite and real\"\n"
"From remote kernel:"
"\"PASS: \"\"q3_negative reference down F1 LODelta finite and real\"\n"
"From remote kernel:"
"\"PASS: \"\"q3_positive final expression down F2 finite and real\"\n"
"From remote kernel:"
"\"PASS: \"\"ordinary local coefficient reconstruction finite and real\"\n"
"From remote kernel:"
"\"PASS: \"\"q3_negative local down F1 Delta finite and real\"\n"
"From remote kernel:"
"\"PASS: \"\"ordinary local coefficient reconstruction finite and real\"\n"
"From remote kernel:"
"\"PASS: \"\"final expression equals ordinary coefficient assembly\"\n"
"From remote kernel:"
"\"PASS: \"\"q3_negative reference down F1 Delta finite and real\"\n"
"From remote kernel:"
"\"PASS: \"\"final expression equals ordinary coefficient assembly\"\n"
"From remote kernel:"
"\"PASS: \"\"q1_positive ordinary reference down F2 finite and real\"\n"
"From remote kernel:"
"\"PASS: \"\"q3_negative local down F1 L0 finite and real\"\n"
"From remote kernel:"
"\"PASS: \"\"q3_positive ordinary reference down F2 finite and real\"\n"
"From remote kernel:"
"\"Point complete \"\"q1_positive\"\" memory=\"425012936\n"
"From remote kernel:"
"\"PASS: \"\"q3_negative reference down F1 L0 finite and real\"\n"
"From remote kernel:"
"\"Point complete \"\"q3_positive\"\" memory=\"431529408\n"
"From remote kernel:"
"\"PASS: \"\"q3_negative local down F1 L1 finite and real\"\n"
"From remote kernel:"
"\"PASS: \"\"q3_negative reference down F1 L1 finite and real\"\n"
MONITOR_HEARTBEAT elapsed=306s rss=2145.8MiB peak=2597.5MiB
"From remote kernel:"
"\"PASS: \"\"q3_negative local down F1 Regular finite and real\"\n"
"From remote kernel:"
"\"PASS: \"\"q3_negative reference down F1 Regular finite and real\"\n"
"From remote kernel:"
"\"PASS: \"\"q3_negative final expression down F1 finite and real\"\n"
"From remote kernel:"
"\"PASS: \"\"ordinary local coefficient reconstruction finite and real\"\n"
"From remote kernel:"
"\"PASS: \"\"final expression equals ordinary coefficient assembly\"\n"
"From remote kernel:"
"\"PASS: \"\"q3_negative ordinary reference down F1 finite and real\"\n"
"From remote kernel:"
"\"PASS: \"\"saved endpoint coefficients do not depend on recoil\"\n"
"From remote kernel:"
"\"PASS: \"\"q3_negative local down F2 LODelta finite and real\"\n"
"From remote kernel:"
"\"PASS: \"\"q3_negative reference down F2 LODelta finite and real\"\n"
"From remote kernel:"
"\"PASS: \"\"q3_negative local down F2 Delta finite and real\"\n"
"From remote kernel:"
"\"PASS: \"\"q3_negative reference down F2 Delta finite and real\"\n"
"From remote kernel:"
"\"PASS: \"\"q3_negative local down F2 L0 finite and real\"\n"
"From remote kernel:"
"\"PASS: \"\"q3_negative reference down F2 L0 finite and real\"\n"
"From remote kernel:"
"\"PASS: \"\"q3_negative local down F2 L1 finite and real\"\n"
"From remote kernel:"
"\"PASS: \"\"q3_negative reference down F2 L1 finite and real\"\n"
"From remote kernel:"
"\"PASS: \"\"q3_negative local down F2 Regular finite and real\"\n"
MONITOR_HEARTBEAT elapsed=336s rss=2161.4MiB peak=2597.5MiB
"From remote kernel:"
"\"PASS: \"\"q3_negative reference down F2 Regular finite and real\"\n"
"From remote kernel:"
"\"PASS: \"\"q3_negative final expression down F2 finite and real\"\n"
"From remote kernel:"
"\"PASS: \"\"ordinary local coefficient reconstruction finite and real\"\n"
"From remote kernel:"
"\"PASS: \"\"final expression equals ordinary coefficient assembly\"\n"
"From remote kernel:"
"\"PASS: \"\"q3_negative ordinary reference down F2 finite and real\"\n"
"From remote kernel:"
"\"Point complete \"\"q3_negative\"\" memory=\"432291808\n"
