"PASS: ""accepted exact derivative capture"
"PASS: ""executed captured equations retained"
"PASS: ""exact captured defining derivative Own"
"PASS: ""exact captured defining derivative Actual"
"PASS: ""unique corrected facts interface"
"PASS: ""corrected actual facts interface"
"ACTUAL_DERIVATIVE_FACTS "InputForm[<|"Label" -> {"Actual", 36, CutIntegral["R01", {1, 1, 0, 0}]}, "FactorSeconds" -> 13.174423, "OriginalBytes" -> 22602464, "RationalBytes" -> 6190856, "DerivativeBytes" -> 49110992, "TopHead" -> Times, "DistributionCount" -> 2016, "SelectedTermCount" -> 2, "SelectedTermBytes" -> 98221976|>]
"PASS: ""accepted exact polynomial backend retained"
"PASS: ""exact native recoil factors retained"
"PASS: ""native product rule exactly derived"
"PASS: ""each factor derivative exactly reconstructed"
"RECOIL_FACTOR_TERMS count "12" rational_bytes "108320" terms_bytes "179224
"PASS: ""raw scalar ratio exactly reconstructs"
"PASS: ""unassigned algebraic input generators"
"PASS: ""algebraic generators preserve the exact input"
"PASS: ""complete rational polynomial support"
"PASS: ""unassigned polynomial transfer generators"
"PASS: ""complete polynomial transfer text reconstructs"
"PASS: ""complete polynomial transfer text reconstructs"
"PASS: ""complete polynomial transfer text reconstructs"
"PASS: ""complete polynomial transfer text reconstructs"
"PASS: ""complete polynomial transfer text reconstructs"
"PASS: ""complete polynomial transfer text reconstructs"
"PASS: ""complete polynomial transfer text reconstructs"
"PASS: ""complete polynomial transfer text reconstructs"
"PASS: ""complete polynomial transfer text reconstructs"
"PASS: ""complete polynomial transfer text reconstructs"
"PASS: ""complete polynomial transfer text reconstructs"
"PASS: ""complete polynomial transfer text reconstructs"
"PASS: ""complete polynomial transfer text reconstructs"
"PASS: ""complete polynomial transfer text reconstructs"
"PASS: ""complete polynomial transfer text reconstructs"
"PASS: ""complete polynomial transfer text reconstructs"
"PASS: ""complete polynomial transfer text reconstructs"
"PASS: ""complete polynomial transfer text reconstructs"
"PASS: ""complete polynomial transfer text reconstructs"
"PASS: ""complete polynomial transfer text reconstructs"
"PASS: ""complete polynomial transfer text reconstructs"
"PASS: ""complete polynomial transfer text reconstructs"
"PASS: ""complete polynomial transfer text reconstructs"
"PASS: ""complete polynomial transfer text reconstructs"
"PASS: ""exact native polynomial JSON transfer"
"RECOIL_POLYNOMIAL_BACKEND_START input_bytes "108320" transfer_bytes "25064
"EXACT_POLYNOMIAL_SUM recoil_derivative 12 12 0.003\nPASS: exact recoil derivative polynomial sum\n"
""
"PASS: ""exact polynomial normalization completed"
"PASS: ""complete normalization backend identity"
"PASS: ""exact existing cancellation gates passed"
"PASS: ""complete physical scalar reconstruction"
"PASS: ""bounded normalized scalar cache"
"PASS: ""exact normalized scalar reload"
"RECOIL_POLYNOMIAL_ACCEPTED seconds "1.496242`6.62654683486189" input_bytes "108320" output_bytes "406968" backend_seconds "0.032151823994354345
"PASS: ""complete own accepted derivative reproduced"
"PASS: ""accepted exact polynomial backend retained"
"PASS: ""exact native recoil factors retained"
"PASS: ""native product rule exactly derived"
"PASS: ""each factor derivative exactly reconstructed"
"RECOIL_FACTOR_TERMS count "17" rational_bytes "6190856" terms_bytes "11960552
"PASS: ""raw scalar ratio exactly reconstructs"
"PASS: ""unassigned algebraic input generators"
"PASS: ""algebraic generators preserve the exact input"
"PASS: ""complete rational polynomial support"
"PASS: ""unassigned polynomial transfer generators"
"PASS: ""complete polynomial transfer text reconstructs"
"PASS: ""complete polynomial transfer text reconstructs"
"PASS: ""complete polynomial transfer text reconstructs"
"PASS: ""complete polynomial transfer text reconstructs"
"PASS: ""complete polynomial transfer text reconstructs"
"PASS: ""complete polynomial transfer text reconstructs"
"PASS: ""complete polynomial transfer text reconstructs"
"PASS: ""complete polynomial transfer text reconstructs"
"PASS: ""complete polynomial transfer text reconstructs"
"PASS: ""complete polynomial transfer text reconstructs"
"PASS: ""complete polynomial transfer text reconstructs"
"PASS: ""complete polynomial transfer text reconstructs"
"PASS: ""complete polynomial transfer text reconstructs"
"PASS: ""complete polynomial transfer text reconstructs"
"PASS: ""complete polynomial transfer text reconstructs"
"PASS: ""complete polynomial transfer text reconstructs"
"PASS: ""complete polynomial transfer text reconstructs"
"PASS: ""complete polynomial transfer text reconstructs"
"PASS: ""complete polynomial transfer text reconstructs"
"PASS: ""complete polynomial transfer text reconstructs"
"PASS: ""complete polynomial transfer text reconstructs"
"PASS: ""complete polynomial transfer text reconstructs"
"PASS: ""complete polynomial transfer text reconstructs"
"PASS: ""complete polynomial transfer text reconstructs"
"PASS: ""complete polynomial transfer text reconstructs"
"PASS: ""complete polynomial transfer text reconstructs"
"PASS: ""complete polynomial transfer text reconstructs"
"PASS: ""complete polynomial transfer text reconstructs"
"PASS: ""complete polynomial transfer text reconstructs"
"PASS: ""complete polynomial transfer text reconstructs"
"PASS: ""complete polynomial transfer text reconstructs"
"PASS: ""complete polynomial transfer text reconstructs"
"PASS: ""complete polynomial transfer text reconstructs"
"PASS: ""complete polynomial transfer text reconstructs"
"PASS: ""exact native polynomial JSON transfer"
"RECOIL_POLYNOMIAL_BACKEND_START input_bytes "6190856" transfer_bytes "1588991
"EXACT_POLYNOMIAL_SUM recoil_derivative 16 17 0.146\nEXACT_POLYNOMIAL_SUM recoil_derivative 17 17 0.156\nPASS: exact recoil derivative polynomial sum\n"
""
"PASS: ""exact polynomial normalization completed"
"PASS: ""complete normalization backend identity"
"PASS: ""exact existing cancellation gates passed"
"PASS: ""complete physical scalar reconstruction"
"PASS: ""bounded normalized scalar cache"
"PASS: ""exact normalized scalar reload"
"RECOIL_POLYNOMIAL_ACCEPTED seconds "11.002602`7.493040396891536" input_bytes "6190856" output_bytes "19221448" backend_seconds "1.2440079099978902
"PASS: ""exact reference assumptions source"
"PASS: ""native reference assumptions syntax"
"PASS: ""original endpoint returns unconditional integer"
"PASS: ""bounded exact recoil proof"
"PASS: ""exact recoil proof reload"
"PASS: exact Hgg recoil derivative sum validated"
