"PASS: ""accepted exact final comparison capture"
"PASS: ""accepted comparison runtime and complete input"
"PASS: ""accepted nonzero scalar control"
"PASS: ""actual logarithmic control factor"
"PASS: ""accepted grouped actual polynomial backend"
"PASS: ""unique accepted native backend path"
"PASS: ""entire native polynomial transfer retained"
"PASS: ""unassigned exact functional generators"
"PASS: ""exact full functional-atom restoration"
"PASS: ""accepted exact polynomial backend retained"
"PASS: ""unassigned denominator generators"
"PASS: ""exact denominator-generator restoration"
"PASS: ""exact repeated opaque coefficient"
"PASS: ""unassigned opaque polynomial generators"
"PASS: ""exact full opaque-coefficient restoration"
"PASS: ""exact native distributive reconstruction"
"FACTORED_REFERENCE_TERMS count "5" input_bytes "179112" skeleton_bytes "528" terms_bytes "179096
"PASS: ""raw scalar ratio exactly reconstructs"
"PASS: ""unassigned algebraic input generators"
"PASS: ""algebraic generators preserve the exact input"
"PASS: ""complete rational polynomial support"
"PASS: ""unassigned polynomial transfer generators"
"PASS: ""complete polynomial transfer text reconstructs"
"PASS: ""exact native polynomial JSON transfer"
"RECOIL_POLYNOMIAL_BACKEND_START input_bytes "179112" transfer_bytes "24767
"EXACT_DENOMINATOR_GROUPS 5 5 0.004\nEXACT_GROUP_PREPARATION 5 5 5 0.009\nEXACT_POLYNOMIAL_SUM recoil_derivative 5 5 0.004\nPASS: exact grouped denominator polynomial sum\n"
""
"PASS: ""exact polynomial normalization completed"
"PASS: ""complete normalization backend identity"
"PASS: ""exact existing cancellation gates passed"
"PASS: ""complete physical scalar reconstruction"
"PASS: ""bounded normalized scalar cache"
"PASS: ""exact normalized scalar reload"
"RECOIL_POLYNOMIAL_ACCEPTED seconds "0.528403`6.174510268145779" input_bytes "179112" output_bytes "406976" backend_seconds "0.05524616099864943
"PASS: ""all physical functional generators restored"
"REFERENCE_PRECOMPRESSION input_bytes "179160" output_bytes "407024
"FACTORED_REFERENCE_TERMS count "1160" input_bytes "124472288" skeleton_bytes "196344" terms_bytes "124472288
"RECOIL_POLYNOMIAL_BACKEND_START input_bytes "124472288" transfer_bytes "16763582
"EXACT_DENOMINATOR_GROUPS 1160 2 0.013\nEXACT_GROUP_PREPARATION 2 2 2 0.028\nEXACT_POLYNOMIAL_SUM recoil_derivative 2 2 0.016\nPASS: exact grouped denominator polynomial sum\n"
""
"RECOIL_POLYNOMIAL_ACCEPTED seconds "27.217234`7.886388980653704" input_bytes "124472288" output_bytes "406976" backend_seconds "0.08768279400101164
"PASS: ""complete accepted nonzero functional control"
"REFERENCE_SUM_CONTROL seconds "42.211165" bytes "407024
"FACTORED_REFERENCE_TERMS count "61419" input_bytes "274667768" skeleton_bytes "11694144" terms_bytes "276295992
"RECOIL_POLYNOMIAL_BACKEND_START input_bytes "274667768" transfer_bytes "40149058
"EXACT_DENOMINATOR_GROUPS 61419 395 1.571\nEXACT_GROUP_PREPARATION 16 395 16 1.644\nEXACT_GROUP_PREPARATION 32 395 32 1.735\nEXACT_GROUP_PREPARATION 48 395 48 1.806\nEXACT_GROUP_PREPARATION 64 395 64 1.856\nEXACT_GROUP_PREPARATION 80 395 80 1.893\nEXACT_GROUP_PREPARATION 96 395 96 1.919\nEXACT_GROUP_PREPARATION 112 395 112 1.969\nEXACT_GROUP_PREPARATION 128 395 128 2.072\nEXACT_GROUP_PREPARATION 144 395 144 2.203\nEXACT_GROUP_PREPARATION 160 395 160 2.268\nEXACT_GROUP_PREPARATION 176 395 176 2.338\nEXACT_GROUP_PREPARATION 192 395 192 2.4\nEXACT_GROUP_PREPARATION 208 395 208 2.478\nEXACT_GROUP_PREPARATION 224 395 224 2.542\nEXACT_GROUP_PREPARATION 240 395 240 2.586\nEXACT_GROUP_PREPARATION 256 395 256 2.614\nEXACT_GROUP_PREPARATION 272 395 272 2.656\nEXACT_GROUP_PREPARATION 288 395 288 2.682\nEXACT_GROUP_PREPARATION 304 395 304 2.72\nEXACT_GROUP_PREPARATION 320 395 320 2.735\nEXACT_GROUP_PREPARATION 336 395 336 2.824\nEXACT_GROUP_PREPARATION 352 395 352 2.968\nEXACT_GROUP_PREPARATION 368 395 368 3.039\nEXACT_GROUP_PREPARATION 384 395 384 3.069\nEXACT_GROUP_PREPARATION 395 395 395 3.094\nEXACT_POLYNOMIAL_SUM recoil_derivative 16 395 1.078\nEXACT_POLYNOMIAL_SUM recoil_derivative 32 395 1.205\nEXACT_POLYNOMIAL_SUM recoil_derivative 48 395 1.311\nEXACT_POLYNOMIAL_SUM recoil_derivative 64 395 1.396\nEXACT_POLYNOMIAL_SUM recoil_derivative 80 395 1.479\nEXACT_POLYNOMIAL_SUM recoil_derivative 96 395 1.569\nEXACT_POLYNOMIAL_SUM recoil_derivative 112 395 1.671\nEXACT_POLYNOMIAL_SUM recoil_derivative 128 395 1.756\nEXACT_POLYNOMIAL_SUM recoil_derivative 144 395 1.836\nEXACT_POLYNOMIAL_SUM recoil_derivative 160 395 1.944\nEXACT_POLYNOMIAL_SUM recoil_derivative 176 395 2.06\nEXACT_POLYNOMIAL_SUM recoil_derivative 192 395 2.18\nEXACT_POLYNOMIAL_SUM recoil_derivative 208 395 2.293\nEXACT_POLYNOMIAL_SUM recoil_derivative 224 395 2.408\nEXACT_POLYNOMIAL_SUM recoil_derivative 240 395 2.491\nEXACT_POLYNOMIAL_SUM recoil_derivative 256 395 2.607\nEXACT_POLYNOMIAL_SUM recoil_derivative 272 395 2.711\nEXACT_POLYNOMIAL_SUM recoil_derivative 288 395 2.81\nEXACT_POLYNOMIAL_SUM recoil_derivative 304 395 2.934\nEXACT_POLYNOMIAL_SUM recoil_derivative 320 395 3.099\nEXACT_POLYNOMIAL_SUM recoil_derivative 336 395 3.283\nEXACT_POLYNOMIAL_SUM recoil_derivative 352 395 3.423\nEXACT_POLYNOMIAL_SUM recoil_derivative 368 395 3.586\nEXACT_POLYNOMIAL_SUM recoil_derivative 384 395 3.698\nEXACT_POLYNOMIAL_SUM recoil_derivative 395 395 3.875\nPASS: exact grouped denominator polynomial sum\n"
""
"RECOIL_POLYNOMIAL_ACCEPTED seconds "190.825509`8.73218142297013" input_bytes "274667768" output_bytes "14479360" backend_seconds "9.59431129800214
"REFERENCE_PRECOMPRESSION input_bytes "305972088" output_bytes "100114160
"FACTORED_REFERENCE_TERMS count "12408" input_bytes "40448616" skeleton_bytes "2716752" terms_bytes "40448616
"RECOIL_POLYNOMIAL_BACKEND_START input_bytes "40448616" transfer_bytes "5651778
"EXACT_DENOMINATOR_GROUPS 12408 18 0.333\nEXACT_GROUP_PREPARATION 16 18 6 0.372\nEXACT_GROUP_PREPARATION 18 18 6 0.373\nEXACT_POLYNOMIAL_SUM recoil_derivative 6 6 0.093\nPASS: exact grouped denominator polynomial sum\n"
""
"RECOIL_POLYNOMIAL_ACCEPTED seconds "29.297283`7.918372339692383" input_bytes "40448616" output_bytes "96320" backend_seconds "0.500116193004942
"REFERENCE_SUM_ACTUAL seconds "246.66962" input_bytes "305972088" output_bytes "100472
"PASS: ""exact reference sum proof reload"
"PASS: ""actual original final F1 comparison"
"PASS: exact Hgg final reference comparison"
