MONITOR_START job=14687775 host=n6442 kernel_pid=12015
"PASS: ""complete evaluated angular masters exist"
"PASS: ""S05 source identity"
"PASS: ""S06 source identity"
"PASS: ""regulated endpoint integral evaluated"
"Parallel budget inputs: "InputForm[{4, 1, Infinity}]
"PASS: ""angular workers share compute node and runtime"
"Angular worker count = "4
"From remote kernel:"
"\"Pg\"\" real term \"4\"/\"187\"; memory = \"53266120\n"
"From remote kernel:"
"\"Pg\"\" real term \"1\"/\"187\"; memory = \"53266128\n"
"From remote kernel:"
"\"Pg\"\" real term \"2\"/\"187\"; memory = \"53264792\n"
"From remote kernel:"
"\"Pg\"\" real term \"3\"/\"187\"; memory = \"53264792\n"
"From remote kernel:"
"\"PASS: \"\"one mixed denominator is massive\"\n"
"From remote kernel:"
"\"PASS: \"\"one mixed denominator is massive\"\n"
"From remote kernel:"
"\"PASS: \"\"one mixed denominator is massive\"\n"
"From remote kernel:"
"\"PASS: \"\"ordinary real term is fully evaluated\"\n"
"From remote kernel:"
"\"PASS: \"\"one mixed denominator is massive\"\n"
"From remote kernel:"
"\"PASS: \"\"ordinary real term is fully evaluated\"\n"
"From remote kernel:"
"\"PASS: \"\"ordinary real term is fully evaluated\"\n"
"From remote kernel:"
"\"PASS: \"\"ordinary real term is fully evaluated\"\n"
"From remote kernel:"
"\"PASS: \"\"massive angular denominator stays separated at the soft endpoint\"\n"
"From remote kernel:"
"\"PASS: \"\"soft expansion is a Laurent series\"\n"
"From remote kernel:"
"\"PASS: \"\"massive angular denominator stays separated at the soft endpoint\"\n"
"From remote kernel:"
"\"PASS: \"\"massive angular denominator stays separated at the soft endpoint\"\n"
"From remote kernel:"
"\"PASS: \"\"soft coefficients contain no recoil variable\"\n"
"From remote kernel:"
"\"PASS: \"\"soft expansion is a Laurent series\"\n"
"From remote kernel:"
"\"PASS: \"\"soft expansion is a Laurent series\"\n"
"From remote kernel:"
"\"PASS: \"\"massive angular denominator stays separated at the soft endpoint\"\n"
"From remote kernel:"
"\"PASS: \"\"massive angular denominator stays separated at the soft endpoint\"\n"
"From remote kernel:"
"\"PASS: \"\"soft coefficients contain no recoil variable\"\n"
"From remote kernel:"
"\"PASS: \"\"soft expansion is a Laurent series\"\n"
"From remote kernel:"
"\"PASS: \"\"soft coefficients contain no recoil variable\"\n"
"From remote kernel:"
"\"PASS: \"\"soft expansion is a Laurent series\"\n"
"From remote kernel:"
"\"PASS: \"\"soft coefficients contain no recoil variable\"\n"
"From remote kernel:"
"\"Pg\"\" real term \"5\"/\"187\"; memory = \"219309424\n"
"From remote kernel:"
"\"PASS: \"\"massive angular denominator stays separated at the soft endpoint\"\n"
"From remote kernel:"
"\"PASS: \"\"massive angular denominator stays separated at the soft endpoint\"\n"
"From remote kernel:"
"\"PASS: \"\"soft expansion is a Laurent series\"\n"
"From remote kernel:"
"\"PASS: \"\"soft coefficients contain no recoil variable\"\n"
"From remote kernel:"
"\"PASS: \"\"soft expansion is a Laurent series\"\n"
"From remote kernel:"
"\"PASS: \"\"ordinary real term is fully evaluated\"\n"
"From remote kernel:"
"\"PASS: \"\"massive angular denominator stays separated at the soft endpoint\"\n"
"From remote kernel:"
"\"PASS: \"\"soft coefficients contain no recoil variable\"\n"
"From remote kernel:"
"\"PASS: \"\"soft coefficients contain no recoil variable\"\n"
"From remote kernel:"
"\"PASS: \"\"soft expansion is a Laurent series\"\n"
"From remote kernel:"
"\"PASS: \"\"massive angular denominator stays separated at the soft endpoint\"\n"
"From remote kernel:"
"\"Pg\"\" real term \"6\"/\"187\"; memory = \"220792288\n"
"From remote kernel:"
"\"Pg\"\" real term \"7\"/\"187\"; memory = \"219500888\n"
"From remote kernel:"
"\"PASS: \"\"ordinary real term is fully evaluated\"\n"
"From remote kernel:"
"\"PASS: \"\"soft expansion is a Laurent series\"\n"
"From remote kernel:"
"\"PASS: \"\"soft coefficients contain no recoil variable\"\n"
"From remote kernel:"
"\"PASS: \"\"massive angular denominator stays separated at the soft endpoint\"\n"
"From remote kernel:"
"\"PASS: \"\"massive angular denominator stays separated at the soft endpoint\"\n"
"From remote kernel:"
"\"PASS: \"\"soft expansion is a Laurent series\"\n"
"From remote kernel:"
"\"PASS: \"\"soft expansion is a Laurent series\"\n"
"From remote kernel:"
"\"PASS: \"\"soft coefficients contain no recoil variable\"\n"
"From remote kernel:"
"\"PASS: \"\"soft coefficients contain no recoil variable\"\n"
"From remote kernel:"
"\"PASS: \"\"soft coefficients contain no recoil variable\"\n"
"From remote kernel:"
"\"PASS: \"\"massive angular denominator stays separated at the soft endpoint\"\n"
"From remote kernel:"
"\"Pg\"\" real term \"8\"/\"187\"; memory = \"220577840\n"
"From remote kernel:"
"\"Pg\"\" real term \"9\"/\"187\"; memory = \"221947232\n"
"From remote kernel:"
"\"PASS: \"\"soft expansion is a Laurent series\"\n"
"From remote kernel:"
"\"PASS: \"\"ordinary real term is fully evaluated\"\n"
"From remote kernel:"
"\"PASS: \"\"massive angular denominator stays separated at the soft endpoint\"\n"
"From remote kernel:"
"\"PASS: \"\"ordinary real term is fully evaluated\"\n"
"From remote kernel:"
"\"PASS: \"\"massive angular denominator stays separated at the soft endpoint\"\n"
"From remote kernel:"
"\"PASS: \"\"soft expansion is a Laurent series\"\n"
"From remote kernel:"
"\"PASS: \"\"soft coefficients contain no recoil variable\"\n"
"From remote kernel:"
"\"Pg\"\" real term \"10\"/\"187\"; memory = \"223725216\n"
"From remote kernel:"
"\"PASS: \"\"soft expansion is a Laurent series\"\n"
"From remote kernel:"
"\"PASS: \"\"ordinary real term is fully evaluated\"\n"
"From remote kernel:"
"\"PASS: \"\"massive angular denominator stays separated at the soft endpoint\"\n"
"From remote kernel:"
"\"PASS: \"\"soft coefficients contain no recoil variable\"\n"
"From remote kernel:"
"\"PASS: \"\"soft coefficients contain no recoil variable\"\n"
"From remote kernel:"
"\"PASS: \"\"ordinary real term is fully evaluated\"\n"
"From remote kernel:"
"\"PASS: \"\"massive angular denominator stays separated at the soft endpoint\"\n"
"From remote kernel:"
"\"PASS: \"\"massive angular denominator stays separated at the soft endpoint\"\n"
"From remote kernel:"
"\"PASS: \"\"massive angular denominator stays separated at the soft endpoint\"\n"
"From remote kernel:"
"\"PASS: \"\"soft expansion is a Laurent series\"\n"
"From remote kernel:"
"\"PASS: \"\"soft expansion is a Laurent series\"\n"
"From remote kernel:"
"\"PASS: \"\"soft expansion is a Laurent series\"\n"
"From remote kernel:"
"\"PASS: \"\"soft expansion is a Laurent series\"\n"
"From remote kernel:"
"\"PASS: \"\"soft coefficients contain no recoil variable\"\n"
"From remote kernel:"
"\"PASS: \"\"soft coefficients contain no recoil variable\"\n"
"From remote kernel:"
"\"PASS: \"\"massive angular denominator stays separated at the soft endpoint\"\n"
"From remote kernel:"
"\"Pg\"\" real term \"11\"/\"187\"; memory = \"225294008\n"
"From remote kernel:"
"\"PASS: \"\"soft coefficients contain no recoil variable\"\n"
"From remote kernel:"
"\"PASS: \"\"soft coefficients contain no recoil variable\"\n"
"From remote kernel:"
"\"Pg\"\" real term \"12\"/\"187\"; memory = \"222917240\n"
"From remote kernel:"
"\"PASS: \"\"massive angular denominator stays separated at the soft endpoint\"\n"
"From remote kernel:"
"\"PASS: \"\"soft expansion is a Laurent series\"\n"
"From remote kernel:"
"\"PASS: \"\"ordinary real term is fully evaluated\"\n"
"From remote kernel:"
"\"PASS: \"\"soft expansion is a Laurent series\"\n"
"From remote kernel:"
"\"PASS: \"\"massive angular denominator stays separated at the soft endpoint\"\n"
"From remote kernel:"
"\"PASS: \"\"soft coefficients contain no recoil variable\"\n"
"From remote kernel:"
"\"Pg\"\" real term \"13\"/\"187\"; memory = \"225005944\n"
"From remote kernel:"
"\"PASS: \"\"ordinary real term is fully evaluated\"\n"
"From remote kernel:"
"\"PASS: \"\"soft coefficients contain no recoil variable\"\n"
"From remote kernel:"
"\"PASS: \"\"massive angular denominator stays separated at the soft endpoint\"\n"
"From remote kernel:"
"\"PASS: \"\"soft expansion is a Laurent series\"\n"
"From remote kernel:"
"\"PASS: \"\"soft expansion is a Laurent series\"\n"
"From remote kernel:"
"\"Pg\"\" real term \"14\"/\"187\"; memory = \"217325816\n"
"From remote kernel:"
"\"PASS: \"\"soft coefficients contain no recoil variable\"\n"
"From remote kernel:"
"\"PASS: \"\"massive angular denominator stays separated at the soft endpoint\"\n"
"From remote kernel:"
"\"PASS: \"\"ordinary real term is fully evaluated\"\n"
"From remote kernel:"
"\"PASS: \"\"soft coefficients contain no recoil variable\"\n"
"From remote kernel:"
"\"PASS: \"\"massive angular denominator stays separated at the soft endpoint\"\n"
"From remote kernel:"
"\"PASS: \"\"soft expansion is a Laurent series\"\n"
"From remote kernel:"
"\"PASS: \"\"massive angular denominator stays separated at the soft endpoint\"\n"
"From remote kernel:"
"\"PASS: \"\"soft expansion is a Laurent series\"\n"
"From remote kernel:"
"\"PASS: \"\"soft coefficients contain no recoil variable\"\n"
"From remote kernel:"
"\"Pg\"\" real term \"15\"/\"187\"; memory = \"226587336\n"
"From remote kernel:"
"\"PASS: \"\"soft coefficients contain no recoil variable\"\n"
"From remote kernel:"
"\"PASS: \"\"soft expansion is a Laurent series\"\n"
"From remote kernel:"
"\"PASS: \"\"massive angular denominator stays separated at the soft endpoint\"\n"
"From remote kernel:"
"\"PASS: \"\"ordinary real term is fully evaluated\"\n"
"From remote kernel:"
"\"PASS: \"\"soft expansion is a Laurent series\"\n"
"From remote kernel:"
"\"PASS: \"\"ordinary real term is fully evaluated\"\n"
"From remote kernel:"
"\"PASS: \"\"massive angular denominator stays separated at the soft endpoint\"\n"
"From remote kernel:"
"\"PASS: \"\"massive angular denominator stays separated at the soft endpoint\"\n"
"From remote kernel:"
"\"PASS: \"\"soft coefficients contain no recoil variable\"\n"
"From remote kernel:"
"\"PASS: \"\"soft coefficients contain no recoil variable\"\n"
"From remote kernel:"
"\"Pg\"\" real term \"16\"/\"187\"; memory = \"232501424\n"
"From remote kernel:"
"\"Pg\"\" real term \"17\"/\"187\"; memory = \"220581976\n"
"From remote kernel:"
"\"PASS: \"\"soft expansion is a Laurent series\"\n"
"From remote kernel:"
"\"PASS: \"\"soft expansion is a Laurent series\"\n"
"From remote kernel:"
"\"PASS: \"\"soft coefficients contain no recoil variable\"\n"
"From remote kernel:"
"\"PASS: \"\"ordinary real term is fully evaluated\"\n"
"From remote kernel:"
"\"PASS: \"\"soft coefficients contain no recoil variable\"\n"
"From remote kernel:"
"\"PASS: \"\"massive angular denominator stays separated at the soft endpoint\"\n"
"From remote kernel:"
"\"PASS: \"\"massive angular denominator stays separated at the soft endpoint\"\n"
"From remote kernel:"
"\"PASS: \"\"ordinary real term is fully evaluated\"\n"
"From remote kernel:"
"\"PASS: \"\"massive angular denominator stays separated at the soft endpoint\"\n"
"From remote kernel:"
"\"PASS: \"\"soft expansion is a Laurent series\"\n"
"From remote kernel:"
"\"PASS: \"\"soft expansion is a Laurent series\"\n"
"From remote kernel:"
"\"PASS: \"\"massive angular denominator stays separated at the soft endpoint\"\n"
"From remote kernel:"
"\"PASS: \"\"soft coefficients contain no recoil variable\"\n"
"From remote kernel:"
"\"PASS: \"\"soft coefficients contain no recoil variable\"\n"
"From remote kernel:"
"\"Pg\"\" real term \"18\"/\"187\"; memory = \"233109608\n"
"From remote kernel:"
"\"PASS: \"\"soft expansion is a Laurent series\"\n"
"From remote kernel:"
"\"Pg\"\" real term \"19\"/\"187\"; memory = \"232797208\n"
"From remote kernel:"
"\"PASS: \"\"ordinary real term is fully evaluated\"\n"
"From remote kernel:"
"\"PASS: \"\"massive angular denominator stays separated at the soft endpoint\"\n"
"From remote kernel:"
"\"PASS: \"\"soft expansion is a Laurent series\"\n"
"From remote kernel:"
"\"PASS: \"\"soft coefficients contain no recoil variable\"\n"
"From remote kernel:"
"\"PASS: \"\"soft coefficients contain no recoil variable\"\n"
"From remote kernel:"
"\"PASS: \"\"massive angular denominator stays separated at the soft endpoint\"\n"
"From remote kernel:"
"\"PASS: \"\"soft expansion is a Laurent series\"\n"
"From remote kernel:"
"\"PASS: \"\"soft coefficients contain no recoil variable\"\n"
"From remote kernel:"
"\"Pg\"\" real term \"20\"/\"187\"; memory = \"233097960\n"
"From remote kernel:"
"\"PASS: \"\"soft expansion is a Laurent series\"\n"
"From remote kernel:"
"\"PASS: \"\"massive angular denominator stays separated at the soft endpoint\"\n"
"From remote kernel:"
"\"PASS: \"\"ordinary real term is fully evaluated\"\n"
"From remote kernel:"
"\"PASS: \"\"massive angular denominator stays separated at the soft endpoint\"\n"
"From remote kernel:"
"\"PASS: \"\"soft coefficients contain no recoil variable\"\n"
"From remote kernel:"
"\"PASS: \"\"soft expansion is a Laurent series\"\n"
"From remote kernel:"
"\"PASS: \"\"ordinary real term is fully evaluated\"\n"
"From remote kernel:"
"\"PASS: \"\"soft coefficients contain no recoil variable\"\n"
"From remote kernel:"
"\"PASS: \"\"massive angular denominator stays separated at the soft endpoint\"\n"
"From remote kernel:"
"\"PASS: \"\"soft expansion is a Laurent series\"\n"
"From remote kernel:"
"\"PASS: \"\"massive angular denominator stays separated at the soft endpoint\"\n"
"From remote kernel:"
"\"PASS: \"\"soft expansion is a Laurent series\"\n"
"From remote kernel:"
"\"PASS: \"\"massive angular denominator stays separated at the soft endpoint\"\n"
"From remote kernel:"
"\"PASS: \"\"soft coefficients contain no recoil variable\"\n"
"From remote kernel:"
"\"PASS: \"\"soft coefficients contain no recoil variable\"\n"
"From remote kernel:"
"\"Pg\"\" real term \"21\"/\"187\"; memory = \"242891560\n"
"From remote kernel:"
"\"Pg\"\" real term \"22\"/\"187\"; memory = \"217340944\n"
"From remote kernel:"
"\"PASS: \"\"soft expansion is a Laurent series\"\n"
"From remote kernel:"
"\"PASS: \"\"ordinary real term is fully evaluated\"\n"
"From remote kernel:"
"\"PASS: \"\"massive angular denominator stays separated at the soft endpoint\"\n"
"From remote kernel:"
"\"PASS: \"\"soft expansion is a Laurent series\"\n"
"From remote kernel:"
"\"PASS: \"\"soft coefficients contain no recoil variable\"\n"
"From remote kernel:"
"\"PASS: \"\"ordinary real term is fully evaluated\"\n"
"From remote kernel:"
"\"PASS: \"\"soft expansion is a Laurent series\"\n"
"From remote kernel:"
"\"PASS: \"\"massive angular denominator stays separated at the soft endpoint\"\n"
"From remote kernel:"
"\"PASS: \"\"soft coefficients contain no recoil variable\"\n"
"From remote kernel:"
"\"PASS: \"\"massive angular denominator stays separated at the soft endpoint\"\n"
"From remote kernel:"
"\"Pg\"\" real term \"23\"/\"187\"; memory = \"236162704\n"
"From remote kernel:"
"\"PASS: \"\"soft coefficients contain no recoil variable\"\n"
"From remote kernel:"
"\"PASS: \"\"massive angular denominator stays separated at the soft endpoint\"\n"
"From remote kernel:"
"\"PASS: \"\"soft expansion is a Laurent series\"\n"
"From remote kernel:"
"\"PASS: \"\"soft expansion is a Laurent series\"\n"
"From remote kernel:"
"\"PASS: \"\"soft expansion is a Laurent series\"\n"
"From remote kernel:"
"\"PASS: \"\"ordinary real term is fully evaluated\"\n"
"From remote kernel:"
"\"PASS: \"\"soft coefficients contain no recoil variable\"\n"
"From remote kernel:"
"\"PASS: \"\"soft coefficients contain no recoil variable\"\n"
"From remote kernel:"
"\"PASS: \"\"soft coefficients contain no recoil variable\"\n"
"From remote kernel:"
"\"Pg\"\" real term \"24\"/\"187\"; memory = \"242737896\n"
"From remote kernel:"
"\"Pg\"\" real term \"25\"/\"187\"; memory = \"248307248\n"
"From remote kernel:"
"\"PASS: \"\"massive angular denominator stays separated at the soft endpoint\"\n"
"From remote kernel:"
"\"PASS: \"\"massive angular denominator stays separated at the soft endpoint\"\n"
"From remote kernel:"
"\"PASS: \"\"soft expansion is a Laurent series\"\n"
"From remote kernel:"
"\"PASS: \"\"ordinary real term is fully evaluated\"\n"
"From remote kernel:"
"\"PASS: \"\"soft expansion is a Laurent series\"\n"
"From remote kernel:"
"\"PASS: \"\"soft coefficients contain no recoil variable\"\n"
"From remote kernel:"
"\"PASS: \"\"ordinary real term is fully evaluated\"\n"
"From remote kernel:"
"\"Pg\"\" real term \"26\"/\"187\"; memory = \"229614232\n"
"From remote kernel:"
"\"PASS: \"\"massive angular denominator stays separated at the soft endpoint\"\n"
"From remote kernel:"
"\"PASS: \"\"soft coefficients contain no recoil variable\"\n"
"From remote kernel:"
"\"PASS: \"\"massive angular denominator stays separated at the soft endpoint\"\n"
"From remote kernel:"
"\"PASS: \"\"massive angular denominator stays separated at the soft endpoint\"\n"
"From remote kernel:"
"\"PASS: \"\"soft expansion is a Laurent series\"\n"
"From remote kernel:"
"\"PASS: \"\"soft expansion is a Laurent series\"\n"
"From remote kernel:"
"\"PASS: \"\"soft coefficients contain no recoil variable\"\n"
"From remote kernel:"
"\"PASS: \"\"soft coefficients contain no recoil variable\"\n"
"From remote kernel:"
"\"Pg\"\" real term \"27\"/\"187\"; memory = \"254508856\n"
"From remote kernel:"
"\"PASS: \"\"soft expansion is a Laurent series\"\n"
"From remote kernel:"
"\"PASS: \"\"massive angular denominator stays separated at the soft endpoint\"\n"
"From remote kernel:"
"\"PASS: \"\"soft coefficients contain no recoil variable\"\n"
"From remote kernel:"
"\"PASS: \"\"massive angular denominator stays separated at the soft endpoint\"\n"
"From remote kernel:"
"\"PASS: \"\"soft expansion is a Laurent series\"\n"
"From remote kernel:"
"\"PASS: \"\"soft coefficients contain no recoil variable\"\n"
"From remote kernel:"
"\"Pg\"\" real term \"28\"/\"187\"; memory = \"266225248\n"
"From remote kernel:"
"\"PASS: \"\"soft expansion is a Laurent series\"\n"
"From remote kernel:"
"\"PASS: \"\"soft coefficients contain no recoil variable\"\n"
"From remote kernel:"
"\"Pg\"\" real term \"29\"/\"187\"; memory = \"267845312\n"
"From remote kernel:"
"\"PASS: \"\"ordinary real term is fully evaluated\"\n"
"From remote kernel:"
"\"PASS: \"\"massive angular denominator stays separated at the soft endpoint\"\n"
"From remote kernel:"
"\"PASS: \"\"ordinary real term is fully evaluated\"\n"
"From remote kernel:"
"\"PASS: \"\"massive angular denominator stays separated at the soft endpoint\"\n"
"From remote kernel:"
"\"PASS: \"\"ordinary real term is fully evaluated\"\n"
"From remote kernel:"
"\"PASS: \"\"massive angular denominator stays separated at the soft endpoint\"\n"
"From remote kernel:"
"\"PASS: \"\"ordinary real term is fully evaluated\"\n"
MONITOR_HEARTBEAT elapsed=30s rss=1663.5MiB peak=1663.5MiB
"From remote kernel:"
"\"PASS: \"\"massive angular denominator stays separated at the soft endpoint\"\n"
"From remote kernel:"
"\"PASS: \"\"massive angular denominator stays separated at the soft endpoint\"\n"
"From remote kernel:"
"\"PASS: \"\"massive angular denominator stays separated at the soft endpoint\"\n"
"From remote kernel:"
"\"PASS: \"\"massive angular denominator stays separated at the soft endpoint\"\n"
"From remote kernel:"
"\"PASS: \"\"massive angular denominator stays separated at the soft endpoint\"\n"
"From remote kernel:"
"\"Pg\"\" real term \"30\"/\"187\"; memory = \"292388720\n"
"From remote kernel:"
"\"Pg\"\" real term \"31\"/\"187\"; memory = \"283282040\n"
"From remote kernel:"
"\"PASS: \"\"one mixed denominator is massive\"\n"
"From remote kernel:"
"\"PASS: \"\"ordinary real term is fully evaluated\"\n"
"From remote kernel:"
"\"PASS: \"\"ordinary real term is fully evaluated\"\n"
"From remote kernel:"
"\"PASS: \"\"massive angular denominator stays separated at the soft endpoint\"\n"
"From remote kernel:"
"\"PASS: \"\"soft expansion is a Laurent series\"\n"
"From remote kernel:"
"\"PASS: \"\"massive angular denominator stays separated at the soft endpoint\"\n"
"From remote kernel:"
"\"PASS: \"\"soft coefficients contain no recoil variable\"\n"
"From remote kernel:"
"\"PASS: \"\"massive angular denominator stays separated at the soft endpoint\"\n"
"From remote kernel:"
"\"PASS: \"\"soft expansion is a Laurent series\"\n"
"From remote kernel:"
"\"PASS: \"\"soft coefficients contain no recoil variable\"\n"
"From remote kernel:"
"\"Pg\"\" real term \"32\"/\"187\"; memory = \"282295848\n"
"From remote kernel:"
"\"PASS: \"\"ordinary real term is fully evaluated\"\n"
"From remote kernel:"
"\"PASS: \"\"massive angular denominator stays separated at the soft endpoint\"\n"
"From remote kernel:"
"\"PASS: \"\"soft expansion is a Laurent series\"\n"
"From remote kernel:"
"\"PASS: \"\"soft coefficients contain no recoil variable\"\n"
"From remote kernel:"
"\"PASS: \"\"massive angular denominator stays separated at the soft endpoint\"\n"
"From remote kernel:"
"\"PASS: \"\"soft expansion is a Laurent series\"\n"
"From remote kernel:"
"\"PASS: \"\"soft coefficients contain no recoil variable\"\n"
"From remote kernel:"
"\"Pg\"\" real term \"33\"/\"187\"; memory = \"282093640\n"
"From remote kernel:"
"\"PASS: \"\"ordinary real term is fully evaluated\"\n"
"From remote kernel:"
"\"PASS: \"\"massive angular denominator stays separated at the soft endpoint\"\n"
"From remote kernel:"
"\"PASS: \"\"soft expansion is a Laurent series\"\n"
"From remote kernel:"
"\"PASS: \"\"soft coefficients contain no recoil variable\"\n"
"From remote kernel:"
"\"PASS: \"\"massive angular denominator stays separated at the soft endpoint\"\n"
"From remote kernel:"
"\"PASS: \"\"soft expansion is a Laurent series\"\n"
"From remote kernel:"
"\"PASS: \"\"soft coefficients contain no recoil variable\"\n"
"From remote kernel:"
"\"Pg\"\" real term \"34\"/\"187\"; memory = \"281675304\n"
"From remote kernel:"
"\"PASS: \"\"ordinary real term is fully evaluated\"\n"
"From remote kernel:"
"\"PASS: \"\"massive angular denominator stays separated at the soft endpoint\"\n"
"From remote kernel:"
"\"PASS: \"\"soft expansion is a Laurent series\"\n"
"From remote kernel:"
"\"PASS: \"\"soft coefficients contain no recoil variable\"\n"
"From remote kernel:"
"\"PASS: \"\"massive angular denominator stays separated at the soft endpoint\"\n"
"From remote kernel:"
"\"PASS: \"\"soft expansion is a Laurent series\"\n"
"From remote kernel:"
"\"PASS: \"\"soft coefficients contain no recoil variable\"\n"
"From remote kernel:"
"\"Pg\"\" real term \"35\"/\"187\"; memory = \"281114480\n"
"From remote kernel:"
"\"PASS: \"\"ordinary real term is fully evaluated\"\n"
"From remote kernel:"
"\"PASS: \"\"massive angular denominator stays separated at the soft endpoint\"\n"
"From remote kernel:"
"\"PASS: \"\"soft expansion is a Laurent series\"\n"
"From remote kernel:"
"\"PASS: \"\"soft coefficients contain no recoil variable\"\n"
"From remote kernel:"
"\"PASS: \"\"massive angular denominator stays separated at the soft endpoint\"\n"
"From remote kernel:"
"\"PASS: \"\"soft expansion is a Laurent series\"\n"
"From remote kernel:"
"\"PASS: \"\"soft coefficients contain no recoil variable\"\n"
"From remote kernel:"
"\"Pg\"\" real term \"36\"/\"187\"; memory = \"280581808\n"
"From remote kernel:"
"\"PASS: \"\"ordinary real term is fully evaluated\"\n"
"From remote kernel:"
"\"PASS: \"\"massive angular denominator stays separated at the soft endpoint\"\n"
"From remote kernel:"
"\"PASS: \"\"soft expansion is a Laurent series\"\n"
"From remote kernel:"
"\"PASS: \"\"soft coefficients contain no recoil variable\"\n"
"From remote kernel:"
"\"PASS: \"\"massive angular denominator stays separated at the soft endpoint\"\n"
"From remote kernel:"
"\"PASS: \"\"soft expansion is a Laurent series\"\n"
"From remote kernel:"
"\"PASS: \"\"soft coefficients contain no recoil variable\"\n"
"From remote kernel:"
"\"Pg\"\" real term \"37\"/\"187\"; memory = \"279543064\n"
"From remote kernel:"
"\"PASS: \"\"ordinary real term is fully evaluated\"\n"
"From remote kernel:"
"\"PASS: \"\"massive angular denominator stays separated at the soft endpoint\"\n"
"From remote kernel:"
"\"PASS: \"\"soft expansion is a Laurent series\"\n"
"From remote kernel:"
"\"PASS: \"\"soft coefficients contain no recoil variable\"\n"
"From remote kernel:"
"\"PASS: \"\"massive angular denominator stays separated at the soft endpoint\"\n"
"From remote kernel:"
"\"PASS: \"\"soft expansion is a Laurent series\"\n"
"From remote kernel:"
"\"PASS: \"\"soft coefficients contain no recoil variable\"\n"
"From remote kernel:"
"\"Pg\"\" real term \"38\"/\"187\"; memory = \"280279888\n"
"From remote kernel:"
"\"PASS: \"\"ordinary real term is fully evaluated\"\n"
"From remote kernel:"
"\"PASS: \"\"massive angular denominator stays separated at the soft endpoint\"\n"
"From remote kernel:"
"\"PASS: \"\"soft expansion is a Laurent series\"\n"
"From remote kernel:"
"\"Pg\"\" real term \"39\"/\"187\"; memory = \"283850400\n"
"From remote kernel:"
"\"PASS: \"\"soft coefficients contain no recoil variable\"\n"
"From remote kernel:"
"\"PASS: \"\"massive angular denominator stays separated at the soft endpoint\"\n"
"From remote kernel:"
"\"PASS: \"\"one mixed denominator is massive\"\n"
"From remote kernel:"
"\"PASS: \"\"soft expansion is a Laurent series\"\n"
"From remote kernel:"
"\"PASS: \"\"ordinary real term is fully evaluated\"\n"
"From remote kernel:"
"\"PASS: \"\"soft coefficients contain no recoil variable\"\n"
"From remote kernel:"
"\"Pg\"\" real term \"40\"/\"187\"; memory = \"281889648\n"
"From remote kernel:"
"\"PASS: \"\"massive angular denominator stays separated at the soft endpoint\"\n"
"From remote kernel:"
"\"PASS: \"\"soft expansion is a Laurent series\"\n"
"From remote kernel:"
"\"PASS: \"\"soft coefficients contain no recoil variable\"\n"
"From remote kernel:"
"\"PASS: \"\"ordinary real term is fully evaluated\"\n"
"From remote kernel:"
"\"PASS: \"\"massive angular denominator stays separated at the soft endpoint\"\n"
"From remote kernel:"
"\"PASS: \"\"massive angular denominator stays separated at the soft endpoint\"\n"
"From remote kernel:"
"\"PASS: \"\"soft expansion is a Laurent series\"\n"
"From remote kernel:"
"\"PASS: \"\"soft coefficients contain no recoil variable\"\n"
"From remote kernel:"
"\"PASS: \"\"massive angular denominator stays separated at the soft endpoint\"\n"
"From remote kernel:"
"\"PASS: \"\"soft expansion is a Laurent series\"\n"
"From remote kernel:"
"\"PASS: \"\"soft expansion is a Laurent series\"\n"
"From remote kernel:"
"\"PASS: \"\"soft coefficients contain no recoil variable\"\n"
"From remote kernel:"
"\"Pg\"\" real term \"41\"/\"187\"; memory = \"294751080\n"
"From remote kernel:"
"\"PASS: \"\"soft coefficients contain no recoil variable\"\n"
"From remote kernel:"
"\"PASS: \"\"ordinary real term is fully evaluated\"\n"
"From remote kernel:"
"\"PASS: \"\"massive angular denominator stays separated at the soft endpoint\"\n"
"From remote kernel:"
"\"PASS: \"\"soft expansion is a Laurent series\"\n"
"From remote kernel:"
"\"PASS: \"\"soft coefficients contain no recoil variable\"\n"
"From remote kernel:"
"\"PASS: \"\"massive angular denominator stays separated at the soft endpoint\"\n"
"From remote kernel:"
"\"PASS: \"\"soft expansion is a Laurent series\"\n"
"From remote kernel:"
"\"Pg\"\" real term \"42\"/\"187\"; memory = \"220592656\n"
"From remote kernel:"
"\"PASS: \"\"soft coefficients contain no recoil variable\"\n"
"From remote kernel:"
"\"Pg\"\" real term \"43\"/\"187\"; memory = \"295603248\n"
"From remote kernel:"
"\"PASS: \"\"ordinary real term is fully evaluated\"\n"
"From remote kernel:"
"\"PASS: \"\"massive angular denominator stays separated at the soft endpoint\"\n"
"From remote kernel:"
"\"PASS: \"\"ordinary real term is fully evaluated\"\n"
"From remote kernel:"
"\"PASS: \"\"soft expansion is a Laurent series\"\n"
"From remote kernel:"
"\"PASS: \"\"massive angular denominator stays separated at the soft endpoint\"\n"
"From remote kernel:"
"\"PASS: \"\"soft coefficients contain no recoil variable\"\n"
"From remote kernel:"
"\"PASS: \"\"massive angular denominator stays separated at the soft endpoint\"\n"
"From remote kernel:"
"\"PASS: \"\"soft expansion is a Laurent series\"\n"
"From remote kernel:"
"\"PASS: \"\"soft expansion is a Laurent series\"\n"
"From remote kernel:"
"\"PASS: \"\"soft coefficients contain no recoil variable\"\n"
"From remote kernel:"
"\"Pg\"\" real term \"44\"/\"187\"; memory = \"229318656\n"
"From remote kernel:"
"\"PASS: \"\"soft coefficients contain no recoil variable\"\n"
"From remote kernel:"
"\"PASS: \"\"massive angular denominator stays separated at the soft endpoint\"\n"
"From remote kernel:"
"\"PASS: \"\"ordinary real term is fully evaluated\"\n"
"From remote kernel:"
"\"PASS: \"\"soft expansion is a Laurent series\"\n"
"From remote kernel:"
"\"PASS: \"\"massive angular denominator stays separated at the soft endpoint\"\n"
"From remote kernel:"
"\"PASS: \"\"soft coefficients contain no recoil variable\"\n"
"From remote kernel:"
"\"Pg\"\" real term \"45\"/\"187\"; memory = \"300324544\n"
"From remote kernel:"
"\"PASS: \"\"ordinary real term is fully evaluated\"\n"
"From remote kernel:"
"\"PASS: \"\"soft expansion is a Laurent series\"\n"
"From remote kernel:"
"\"PASS: \"\"massive angular denominator stays separated at the soft endpoint\"\n"
"From remote kernel:"
"\"PASS: \"\"soft coefficients contain no recoil variable\"\n"
"From remote kernel:"
"\"PASS: \"\"massive angular denominator stays separated at the soft endpoint\"\n"
"From remote kernel:"
"\"PASS: \"\"soft expansion is a Laurent series\"\n"
"From remote kernel:"
"\"PASS: \"\"soft coefficients contain no recoil variable\"\n"
"From remote kernel:"
"\"PASS: \"\"massive angular denominator stays separated at the soft endpoint\"\n"
"From remote kernel:"
"\"PASS: \"\"soft expansion is a Laurent series\"\n"
"From remote kernel:"
"\"PASS: \"\"soft expansion is a Laurent series\"\n"
"From remote kernel:"
"\"PASS: \"\"soft coefficients contain no recoil variable\"\n"
"From remote kernel:"
"\"Pg\"\" real term \"46\"/\"187\"; memory = \"248518640\n"
"From remote kernel:"
"\"PASS: \"\"soft coefficients contain no recoil variable\"\n"
"From remote kernel:"
"\"Pg\"\" real term \"47\"/\"187\"; memory = \"305676776\n"
"From remote kernel:"
"\"PASS: \"\"ordinary real term is fully evaluated\"\n"
"From remote kernel:"
"\"PASS: \"\"ordinary real term is fully evaluated\"\n"
"From remote kernel:"
"\"PASS: \"\"massive angular denominator stays separated at the soft endpoint\"\n"
"From remote kernel:"
"\"PASS: \"\"massive angular denominator stays separated at the soft endpoint\"\n"
"From remote kernel:"
"\"PASS: \"\"soft expansion is a Laurent series\"\n"
"From remote kernel:"
"\"PASS: \"\"soft coefficients contain no recoil variable\"\n"
"From remote kernel:"
"\"PASS: \"\"soft expansion is a Laurent series\"\n"
"From remote kernel:"
"\"PASS: \"\"massive angular denominator stays separated at the soft endpoint\"\n"
"From remote kernel:"
"\"PASS: \"\"soft expansion is a Laurent series\"\n"
"From remote kernel:"
"\"PASS: \"\"soft coefficients contain no recoil variable\"\n"
"From remote kernel:"
"\"Pg\"\" real term \"48\"/\"187\"; memory = \"305308544\n"
"From remote kernel:"
"\"PASS: \"\"soft coefficients contain no recoil variable\"\n"
"From remote kernel:"
"\"PASS: \"\"massive angular denominator stays separated at the soft endpoint\"\n"
"From remote kernel:"
"\"PASS: \"\"ordinary real term is fully evaluated\"\n"
"From remote kernel:"
"\"PASS: \"\"massive angular denominator stays separated at the soft endpoint\"\n"
"From remote kernel:"
"\"PASS: \"\"soft expansion is a Laurent series\"\n"
"From remote kernel:"
"\"Pg\"\" real term \"49\"/\"187\"; memory = \"267354616\n"
"From remote kernel:"
"\"PASS: \"\"soft expansion is a Laurent series\"\n"
"From remote kernel:"
"\"PASS: \"\"soft coefficients contain no recoil variable\"\n"
"From remote kernel:"
"\"Pg\"\" real term \"50\"/\"187\"; memory = \"251702400\n"
"From remote kernel:"
"\"PASS: \"\"soft coefficients contain no recoil variable\"\n"
"From remote kernel:"
"\"PASS: \"\"massive angular denominator stays separated at the soft endpoint\"\n"
"From remote kernel:"
"\"PASS: \"\"soft expansion is a Laurent series\"\n"
"From remote kernel:"
"\"PASS: \"\"one mixed denominator is massive\"\n"
"From remote kernel:"
"\"PASS: \"\"soft coefficients contain no recoil variable\"\n"
"From remote kernel:"
"\"Pg\"\" real term \"51\"/\"187\"; memory = \"305015184\n"
"From remote kernel:"
"\"PASS: \"\"ordinary real term is fully evaluated\"\n"
"From remote kernel:"
"\"PASS: \"\"ordinary real term is fully evaluated\"\n"
"From remote kernel:"
"\"PASS: \"\"massive angular denominator stays separated at the soft endpoint\"\n"
"From remote kernel:"
"\"PASS: \"\"ordinary real term is fully evaluated\"\n"
"From remote kernel:"
"\"PASS: \"\"massive angular denominator stays separated at the soft endpoint\"\n"
"From remote kernel:"
"\"PASS: \"\"massive angular denominator stays separated at the soft endpoint\"\n"
"From remote kernel:"
"\"PASS: \"\"soft expansion is a Laurent series\"\n"
"From remote kernel:"
"\"PASS: \"\"soft expansion is a Laurent series\"\n"
"From remote kernel:"
"\"PASS: \"\"soft coefficients contain no recoil variable\"\n"
"From remote kernel:"
"\"PASS: \"\"soft expansion is a Laurent series\"\n"
"From remote kernel:"
"\"PASS: \"\"soft coefficients contain no recoil variable\"\n"
"From remote kernel:"
"\"PASS: \"\"massive angular denominator stays separated at the soft endpoint\"\n"
"From remote kernel:"
"\"PASS: \"\"massive angular denominator stays separated at the soft endpoint\"\n"
"From remote kernel:"
"\"PASS: \"\"soft coefficients contain no recoil variable\"\n"
"From remote kernel:"
"\"PASS: \"\"massive angular denominator stays separated at the soft endpoint\"\n"
"From remote kernel:"
"\"PASS: \"\"soft expansion is a Laurent series\"\n"
"From remote kernel:"
"\"PASS: \"\"soft coefficients contain no recoil variable\"\n"
"From remote kernel:"
"\"Pg\"\" real term \"52\"/\"187\"; memory = \"278288920\n"
"From remote kernel:"
"\"PASS: \"\"soft expansion is a Laurent series\"\n"
"From remote kernel:"
"\"PASS: \"\"soft expansion is a Laurent series\"\n"
"From remote kernel:"
"\"PASS: \"\"ordinary real term is fully evaluated\"\n"
"From remote kernel:"
"\"PASS: \"\"soft coefficients contain no recoil variable\"\n"
"From remote kernel:"
"\"PASS: \"\"soft coefficients contain no recoil variable\"\n"
"From remote kernel:"
"\"Pg\"\" real term \"53\"/\"187\"; memory = \"310927888\n"
"From remote kernel:"
"\"PASS: \"\"massive angular denominator stays separated at the soft endpoint\"\n"
"From remote kernel:"
"\"PASS: \"\"ordinary real term is fully evaluated\"\n"
"From remote kernel:"
"\"PASS: \"\"massive angular denominator stays separated at the soft endpoint\"\n"
"From remote kernel:"
"\"PASS: \"\"soft expansion is a Laurent series\"\n"
"From remote kernel:"
"\"Pg\"\" real term \"54\"/\"187\"; memory = \"220750144\n"
"From remote kernel:"
"\"PASS: \"\"soft coefficients contain no recoil variable\"\n"
"From remote kernel:"
"\"PASS: \"\"massive angular denominator stays separated at the soft endpoint\"\n"
"From remote kernel:"
"\"PASS: \"\"soft expansion is a Laurent series\"\n"
"From remote kernel:"
"\"PASS: \"\"soft expansion is a Laurent series\"\n"
"From remote kernel:"
"\"PASS: \"\"soft coefficients contain no recoil variable\"\n"
"From remote kernel:"
"\"PASS: \"\"soft coefficients contain no recoil variable\"\n"
"From remote kernel:"
"\"PASS: \"\"massive angular denominator stays separated at the soft endpoint\"\n"
"From remote kernel:"
"\"Pg\"\" real term \"55\"/\"187\"; memory = \"309544896\n"
"From remote kernel:"
"\"PASS: \"\"soft expansion is a Laurent series\"\n"
"From remote kernel:"
"\"PASS: \"\"soft coefficients contain no recoil variable\"\n"
"From remote kernel:"
"\"Pg\"\" real term \"56\"/\"187\"; memory = \"286794768\n"
"From remote kernel:"
"\"Unreduced soft series for \"InputForm[{\"Pg\", 30}]\": \"InputForm[((-4*I)*eps*Pi^2*Floor[-1/2*Arg[-((omega + Q2)/Q2) + (1 + (omega + 2*Q2)/Sqrt[omega^2 + 4*Q2*s23])/(-1 + (omega + 2*Q2)/Sqrt[omega^2 + 4*Q2*s23])]/Pi]*Log[(omega + Q2)/Q2] - (4*I)*eps*Pi^2*Floor[(Pi + Arg[-((omega + Q2)/Q2) + (1 + (omega + 2*Q2)/Sqrt[omega^2 + 4*Q2*s23])/(-1 + (omega + 2*Q2)/Sqrt[omega^2 + 4*Q2*s23])])/(2*Pi)]*Log[(omega + Q2)/Q2] + SeriesData[s23, 0, {}, 0, 0, 1])*SeriesData[s23, 0, {-((2^(-2 + 2*eps)*mu^(2*eps)*Pi^(-2 + eps)*(omega^3*Q2 - 2*eps*omega^3*Q2 + eps^2*omega^3*Q2 - 3*eps*omega^2*Q2^2 + eps^3*omega^2*Q2^2 + omega*Q2^3 - 2*eps*omega*Q2^3 + eps^2*omega*Q2^3 - omega^2*Q2*s + 3*eps*omega^2*Q2*s - 3*eps^2*omega^2*Q2*s + eps^3*omega^2*Q2*s + 4*eps*omega*Q2^2*s + 2*eps^2*omega*Q2^2*s - 2*eps^3*omega*Q2^2*s - Q2^3*s + 2*eps*Q2^3*s - eps^2*Q2^3*s - 2*eps*omega*Q2*s^2 + 4*eps^2*omega*Q2*s^2 - 2*eps^3*omega*Q2*s^2 - eps*Q2^2*s^2 - 2*eps^2*Q2^2*s^2 + eps^3*Q2^2*s^2 + eps*Q2*s^3 - 2*eps^2*Q2*s^3 + eps^3*Q2*s^3 + omega^2*Q2^2*SUNN^2 - 2*eps*omega^2*Q2^2*SUNN^2 + eps^2*omega^2*Q2^2*SUNN^2 - 3*eps*omega*Q2^3*SUNN^2 + eps^3*omega*Q2^3*SUNN^2 + Q2^4*SUNN^2 - 2*eps*Q2^4*SUNN^2 + eps^2*Q2^4*SUNN^2 + omega^2*Q2*s*SUNN^2 - 2*eps*omega^2*Q2*s*SUNN^2 + eps^2*omega^2*Q2*s*SUNN^2 - 2*eps*omega*Q2^2*s*SUNN^2 - 2*eps^2*omega*Q2^2*s*SUNN^2 + 2*eps^3*omega*Q2^2*s*SUNN^2 + Q2^3*s*SUNN^2 - eps*Q2^3*s*SUNN^2 + 3*eps^2*Q2^3*s*SUNN^2 - eps^3*Q2^3*s*SUNN^2 + eps*omega*Q2*s^2*SUNN^2 - 2*eps^2*omega*Q2*s^2*SUNN^2 + eps^3*omega*Q2*s^2*SUNN^2 + 4*eps^2*Q2^2*s^2*SUNN^2 - 2*eps^3*Q2^2*s^2*SUNN^2 - eps*Q2*s^3*SUNN^2 + 2*eps^2*Q2*s^3*SUNN^2 - eps^3*Q2*s^3*SUNN^2)*Gamma[1 - eps])/((-1 + eps)*omega*(omega + Q2)*(omega - s)*(Q2 + s)*SUNN*Gamma[1 - 2*eps]))}, -1, 0, 1]]\n"
"From remote kernel:"
"\"FAIL: \"\"soft expansion is a Laurent series\"\n"
MONITOR_WAKE {"stage": "s09", "source": "s09_real_phase_space.wl", "source_sha256": "ec60392274b3560e5c8c6cd385ca5588575489be53c1fafdadb9af8369c098d9", "job_id": "14687775", "host": "n6442", "exit_code": -9, "success_marker": false, "accepted_execution": false, "guard": "stage gate failure", "peak_rss_bytes": 1821900800, "elapsed_seconds": 63.636456777341664, "completed_utc": "2026-09-06T10:15:11.725120+00:00"}
