
$LeviCivitaSign::shdw: Symbol $LeviCivitaSign appears in multiple contexts {FeynCalc`, Global`}; definitions in context FeynCalc` may shadow or be shadowed by other definitions.

FCSetDiracGammaScheme::shdw: Symbol FCSetDiracGammaScheme appears in multiple contexts {FeynCalc`, Global`}; definitions in context FeynCalc` may shadow or be shadowed by other definitions.

Explicit::shdw: Symbol Explicit appears in multiple contexts {FeynCalc`, Global`}; definitions in context FeynCalc` may shadow or be shadowed by other definitions.

FCI::shdw: Symbol FCI appears in multiple contexts {FeynCalc`, Global`}; definitions in context FeynCalc` may shadow or be shadowed by other definitions.

DiracGamma::shdw: Symbol DiracGamma appears in multiple contexts {FeynCalc`, Global`}; definitions in context FeynCalc` may shadow or be shadowed by other definitions.

Eps::shdw: Symbol Eps appears in multiple contexts {FeynCalc`, Global`}; definitions in context FeynCalc` may shadow or be shadowed by other definitions.

FeynAmpDenominator::shdw: Symbol FeynAmpDenominator appears in multiple contexts {FeynCalc`, Global`}; definitions in context FeynCalc` may shadow or be shadowed by other definitions.

FV::shdw: Symbol FV appears in multiple contexts {FeynCalc`, Global`}; definitions in context FeynCalc` may shadow or be shadowed by other definitions.

FVD::shdw: Symbol FVD appears in multiple contexts {FeynCalc`, Global`}; definitions in context FeynCalc` may shadow or be shadowed by other definitions.

GAD::shdw: Symbol GAD appears in multiple contexts {FeynCalc`, Global`}; definitions in context FeynCalc` may shadow or be shadowed by other definitions.

LorentzIndex::shdw: Symbol LorentzIndex appears in multiple contexts {FeynCalc`, Global`}; definitions in context FeynCalc` may shadow or be shadowed by other definitions.

Momentum::shdw: Symbol Momentum appears in multiple contexts {FeynCalc`, Global`}; definitions in context FeynCalc` may shadow or be shadowed by other definitions.

MTD::shdw: Symbol MTD appears in multiple contexts {FeynCalc`, Global`}; definitions in context FeynCalc` may shadow or be shadowed by other definitions.

Pair::shdw: Symbol Pair appears in multiple contexts {FeynCalc`, Global`}; definitions in context FeynCalc` may shadow or be shadowed by other definitions.

Polarization::shdw: Symbol Polarization appears in multiple contexts {FeynCalc`, Global`}; definitions in context FeynCalc` may shadow or be shadowed by other definitions.

SP::shdw: Symbol SP appears in multiple contexts {FeynCalc`, Global`}; definitions in context FeynCalc` may shadow or be shadowed by other definitions.

SPD::shdw: Symbol SPD appears in multiple contexts {FeynCalc`, Global`}; definitions in context FeynCalc` may shadow or be shadowed by other definitions.

SPE::shdw: Symbol SPE appears in multiple contexts {FeynCalc`, Global`}; definitions in context FeynCalc` may shadow or be shadowed by other definitions.

Spinor::shdw: Symbol Spinor appears in multiple contexts {FeynCalc`, Global`}; definitions in context FeynCalc` may shadow or be shadowed by other definitions.

SUNDelta::shdw: Symbol SUNDelta appears in multiple contexts {FeynCalc`, Global`}; definitions in context FeynCalc` may shadow or be shadowed by other definitions.

SUNFDelta::shdw: Symbol SUNFDelta appears in multiple contexts {FeynCalc`, Global`}; definitions in context FeynCalc` may shadow or be shadowed by other definitions.

SUNF::shdw: Symbol SUNF appears in multiple contexts {FeynCalc`, Global`}; definitions in context FeynCalc` may shadow or be shadowed by other definitions.

SUNN::shdw: Symbol SUNN appears in multiple contexts {FeynCalc`, Global`}; definitions in context FeynCalc` may shadow or be shadowed by other definitions.

SUNTF::shdw: Symbol SUNTF appears in multiple contexts {FeynCalc`, Global`}; definitions in context FeynCalc` may shadow or be shadowed by other definitions.

DiracTraceEvaluate::shdw: Symbol DiracTraceEvaluate appears in multiple contexts {FeynCalc`, Global`}; definitions in context FeynCalc` may shadow or be shadowed by other definitions.

SUNNToCACF::shdw: Symbol SUNNToCACF appears in multiple contexts {FeynCalc`, Global`}; definitions in context FeynCalc` may shadow or be shadowed by other definitions.

DotSimplify::shdw: Symbol DotSimplify appears in multiple contexts {FeynCalc`, Global`}; definitions in context FeynCalc` may shadow or be shadowed by other definitions.

FCTraceFactor::shdw: Symbol FCTraceFactor appears in multiple contexts {FeynCalc`, Global`}; definitions in context FeynCalc` may shadow or be shadowed by other definitions.

ChangeDimension::shdw: Symbol ChangeDimension appears in multiple contexts {FeynCalc`, Global`}; definitions in context FeynCalc` may shadow or be shadowed by other definitions.

Contract::shdw: Symbol Contract appears in multiple contexts {FeynCalc`, Global`}; definitions in context FeynCalc` may shadow or be shadowed by other definitions.

EpsEvaluate::shdw: Symbol EpsEvaluate appears in multiple contexts {FeynCalc`, Global`}; definitions in context FeynCalc` may shadow or be shadowed by other definitions.

ExpandScalarProduct::shdw: Symbol ExpandScalarProduct appears in multiple contexts {FeynCalc`, Global`}; definitions in context FeynCalc` may shadow or be shadowed by other definitions.

FCClearScalarProducts::shdw: Symbol FCClearScalarProducts appears in multiple contexts {FeynCalc`, Global`}; definitions in context FeynCalc` may shadow or be shadowed by other definitions.

FCRenameDummyIndices::shdw: Symbol FCRenameDummyIndices appears in multiple contexts {FeynCalc`, Global`}; definitions in context FeynCalc` may shadow or be shadowed by other definitions.

DiracSimplify::shdw: Symbol DiracSimplify appears in multiple contexts {FeynCalc`, Global`}; definitions in context FeynCalc` may shadow or be shadowed by other definitions.

DiracTrace::shdw: Symbol DiracTrace appears in multiple contexts {FeynCalc`, Global`}; definitions in context FeynCalc` may shadow or be shadowed by other definitions.

SUNSimplify::shdw: Symbol SUNSimplify appears in multiple contexts {FeynCalc`, Global`}; definitions in context FeynCalc` may shadow or be shadowed by other definitions.

SUNTrace::shdw: Symbol SUNTrace appears in multiple contexts {FeynCalc`, Global`}; definitions in context FeynCalc` may shadow or be shadowed by other definitions.

FeynAmpDenominatorExplicit::shdw: Symbol FeynAmpDenominatorExplicit appears in multiple contexts {FeynCalc`, Global`}; definitions in context FeynCalc` may shadow or be shadowed by other definitions.

ComplexConjugate::shdw: Symbol ComplexConjugate appears in multiple contexts {FeynCalc`, Global`}; definitions in context FeynCalc` may shadow or be shadowed by other definitions.

DoPolarizationSums::shdw: Symbol DoPolarizationSums appears in multiple contexts {FeynCalc`, Global`}; definitions in context FeynCalc` may shadow or be shadowed by other definitions.

FermionSpinSum::shdw: Symbol FermionSpinSum appears in multiple contexts {FeynCalc`, Global`}; definitions in context FeynCalc` may shadow or be shadowed by other definitions.

SMP::shdw: Symbol SMP appears in multiple contexts {FeynCalc`, Global`}; definitions in context FeynCalc` may shadow or be shadowed by other definitions.

V::shdw: Symbol V appears in multiple contexts {FeynArts`, Global`}; definitions in context FeynArts` may shadow or be shadowed by other definitions.
"PASS: ""compute allocation"
"PASS: ""isolated runtime"
"PASS: ""complete source syntax"
"PASS: ""pinned complete own checkpoint storage proof"
"PASS: ""accepted native checkpoint representation"
"PASS: ""complete checkpoint dispatch syntax"
"PASS: ""integer real operation time limit"
"PASS: ""bounded real operation time limit"
"REAL_RESOURCE_LIMIT_SECONDS "10800
"PASS: ""integer real operation memory limit"
"PASS: ""bounded real operation memory limit"
"REAL_RESOURCE_LIMIT_BYTES "4294967296
"PASS: ""known channel"
"PASS: ""pinned input Hgg/s01_result/reference/s01_result/s01_inputs/s01_result/real.wl"
"PASS: ""pinned input Hgg/s05_result/reference/unpolarized_real.wl"
"PASS: ""accepted spin basis"
"PASS: ""accepted angular moments"
"PASS: ""real longitudinal frame linear"
"PASS: ""real longitudinal frame nonsingular"
"PASS: ""real longitudinal frame reconstructs"
"PASS: ""real energy linear"
"PASS: ""real energy nonsingular"
"PASS: ""real energy reconstructs"
"PASS: ""real transverse coordinate linear"
"PASS: ""real transverse coordinate nonsingular"
"PASS: ""real transverse coordinate reconstructs"
"PASS: ""real frame invariants"
"PASS: ""positive measured transverse momentum"
"PASS: ""unconditional exact algebra"
"PASS: ""transverse rational function"
"PASS: ""rationalized transverse denominator"
"PASS: ""polynomial division reconstruction"
"PASS: ""complete rational reconstruction on shell"
"PASS: ""measured spin axes"
"PASS: ""denominator Bezout reconstruction"
"PASS: ""invertible transverse denominator"
"PASS: ""unresolved physical projections"
"PASS: ""evanescent on-shell norm linear"
"PASS: ""evanescent on-shell norm nonsingular"
"PASS: ""evanescent on-shell norm reconstructs"
"PASS: ""inherited cut radius"
"PASS: ""one remaining physical normal coordinate"
"PASS: ""positive-energy support independent of normal angle"
"PASS: ""compact real dimensional scalar identities"
"PASS: ""incoming photon-basis projection"
"PASS: ""accepted compact calculation source"
"PASS: ""single reviewed real photon interface change"
"PASS: ""unchanged complete scalar and frame routines"
"PASS: ""single accepted pair-completion interface"
"PASS: ""unchanged complete pair contractions"
"PASS: ""pinned input Hgg/s01_result/reference/s01_result/s01_inputs/s02_result/kinematics.wl"
"PASS: ""pinned input Hqq/s01_result/reference/s01_result/s01_inputs/s02_result.wl"
"PASS: ""reviewed previous source s05_real_spin_response_before_compact_products.wls"
"PASS: ""reviewed previous source s05_real_spin_response_before_coupling_inventory.wls"
"PASS: ""reviewed previous source s05_real_spin_response_before_worker_initialization.wls"
"PASS: ""reviewed previous source s05_real_spin_response_before_coefficient_reduction.wls"
"PASS: ""reviewed previous source s05_real_spin_response_before_projection.wls"
"PASS: ""pinned own complete-amplitude Ward proof"
"PASS: ""accepted complete-sector photon Ward proof"
"PASS: ""complete sector dispatch syntax"
"PASS: ""production complete-sector Ward mode"
"PASS: ""compact real comparison exists"
"PASS: ""compact real comparison accepted"
"PASS: ""pinned pre-interface real source"
"PASS: ""accepted real coordinate and photon interfaces"
"PASS: ""real interface comparison shares physical inputs"
"PASS: ""executed coordinate conversion code"
"PASS: ""unique reference coordinate conversion"
"PASS: ""all reference scalar products reconstruct"
"PASS: ""accepted spin extraction and linear sum comparison"
"PASS: ""spin extraction comparison source binding"
"PASS: ""spin extraction comparison shares physical inputs"
"PASS: ""executed compact extraction definition"
"PASS: ""executed linear assembly definition"
"PASS: ""pinned accepted reconstruction dispatch source"
"PASS: ""unchanged exact spin reconstruction and checkpoint contract"
"PASS: ""accepted complete spin dispatch comparison"
"PASS: ""pinned complete spin polynomial comparison"
"PASS: ""accepted complete spin polynomial comparison"
"PASS: ""spin polynomial comparison shares physical conventions"
"PASS: ""spin polynomial comparison starts from original exact predicate"
"PASS: ""exact accepted spin polynomial definition installed"
"PASS: ""accepted complete scalar-restoration comparison"
"PASS: ""scalar-restoration comparison shares physical conventions"
"PASS: ""unchanged scalar-restoration starting definitions"
"PASS: ""exact accepted scalar-restoration definitions installed"
"PASS: ""pinned complete pair-assembly proof"
"PASS: ""pinned pair-assembly baseline"
"PASS: ""accepted complete pair-assembly comparison"
"PASS: ""pair-assembly comparison shares physical conventions"
"PASS: ""exact accepted pair-assembly definitions installed"
"PASS: ""pinned accepted scalar coefficient checkpoints"
"PASS: ""complete scalar checkpoint comparison accepted"
"PASS: ""same executed scalar equations"
"PASS: ""scalar checkpoint physical convention common/s02_result/s02_result.wl"
"PASS: ""scalar checkpoint physical convention common/s04_result/s04_result.wl"
"PASS: ""exact executed coefficient key definition"
"PASS: ""exact executed scalar checkpoint definition installed"
"PASS: ""pinned own angular-zero proof and receipt"
"PASS: ""own complete angular comparison accepted"
"PASS: ""own angular proof source inputs and native conventions"
"PASS: ""original own scalar and angular equations"
"PASS: ""unique own zero-angular installation interfaces"
"PASS: ""unchanged complete Hgg real calculation"
"PASS: ""actual complete own zero-angular provenance"
"PASS: ""accepted own early-power scalar comparison"
"PASS: ""unchanged native scalar reducer"
"PASS: ""exact executed early-power algorithm installed"
"PASS: ""unique early-power production interfaces"
"PASS: ""unchanged complete real assembly"
"PASS: ""unique lossless pair-transfer interfaces"
"PASS: ""unchanged complete contractions and assembly"
"PASS: ""accepted complete own component calculation"
"PASS: ""accepted component equations and scalar parents"
"PASS: ""same own accepted component control"
"PASS: ""unique component contraction interfaces"
"PASS: ""original full production assembly preserved"
"PASS: ""completed-pair assembly manifest"
"PASS: ""unique complete-pair assembly boundaries"
"PASS: ""unique assembly provenance boundary"
"PASS: ""all other original contractions and tensor gates unchanged"
"PASS: ""unchanged original assembly caller"
"PASS: ""Real generated process fields"
"PASS: ""Real generated momentum-field correspondence"
"PASS: ""Real unique coupling degree"
"PASS: ""Real tree coupling reconstruction"
"PASS: ""Real uniform native spinor dimension"
"REUSED_SCALAR_COEFFICIENT ""11323ba67f28279df1cd9a75bd90a614a28e8ab1001fffac0bc71a45350f9ecd"
"PASS: ""all compact scalar products restored"
"PASS: ""fully scalar real contraction"
"PASS: ""denominators independent of normal angle"
"PASS: ""polynomial angular numerator"
"PASS: ""angular numerator reconstruction"
"PASS: ""evaluated angular moment"
"REUSED_SCALAR_COEFFICIENT ""11323ba67f28279df1cd9a75bd90a614a28e8ab1001fffac0bc71a45350f9ecd"
"PASS: ""native physical photon projection interface"
"PASS: ""same complete generated amplitude inventory"
"PASS: ""unchanged complete-sector contraction definitions"
"PASS: ""unchanged equations at angular shortcut installation"
"PASS: ""executed own zero-angular definitions installed"
"PASS: ""unchanged own zero-angular checkpoint before early powers"
"PASS: ""single nonzero scalar reduction boundary"
"PASS: ""all other checkpoint operations retained"
"PASS: ""complete early-power checkpoint installed"
"PASS: ""same native spin polynomial variables"
"PASS: ""same original angular equations"
"PASS: ""exact accepted angular equations installed"
"PASS: ""unchanged complete accepted scalar methods"
"PASS: ""exact saved component implementation installed"
"PASS: ""same executed component algorithm"
"Independent-pair worker count = "0
"PASS: ""bounded complete Hgg export setup"
"PASS: ""reviewed complete photon projection source"
"PASS: ""complete original photon inverse"
"PASS: ""original momentum projector in saved photon basis"
"PASS: ""accepted component file Hgg/s05_projected_components_result/Photon_1/s05_result.wl"
"PASS: ""component native conventions Hgg/s05_projected_components_result/Photon_1/s05_result.wl"
"PASS: ""complete photon component 1"
"PASS: ""all native photon acceptance predicates 1"
"PASS: ""complete native photon support 1"
"PASS: ""accepted assembled parent Hgg/s05_component_sums_result/Photon_1_1/s05_result.wl"
"PASS: ""exact original weighted CDR coefficient 1"
"HGG_WEIGHTED_CDR "InputForm[<|"Component" -> 1, "Weight" -> (Q^2 + s)^2/(4*Q^2), "OriginalBytes" -> 526154656, "RetainedBytes" -> 526154656, "ExactEquality" -> True|>]
"PASS: ""accepted component file Hgg/s05_projected_components_result/Photon_2/s05_result.wl"
"PASS: ""component native conventions Hgg/s05_projected_components_result/Photon_2/s05_result.wl"
"PASS: ""complete photon component 2"
"PASS: ""all native photon acceptance predicates 2"
"PASS: ""complete native photon support 2"
"PASS: ""accepted assembled parent Hgg/s05_component_sums_result/Photon_2_2/s05_result.wl"
"PASS: ""exact original weighted CDR coefficient 2"
"HGG_WEIGHTED_CDR "InputForm[<|"Component" -> 2, "Weight" -> 0, "OriginalBytes" -> 893054392, "RetainedBytes" -> 16, "ExactEquality" -> True|>]
"PASS: ""accepted component file Hgg/s05_projected_components_result/Photon_3/s05_result.wl"
"PASS: ""component native conventions Hgg/s05_projected_components_result/Photon_3/s05_result.wl"
"PASS: ""complete photon component 3"
"PASS: ""all native photon acceptance predicates 3"
"PASS: ""complete native photon support 3"
"PASS: ""accepted assembled parent Hgg/s05_component_sums_result/Photon_3_3/s05_result.wl"
"PASS: ""exact original weighted CDR coefficient 3"
"HGG_WEIGHTED_CDR "InputForm[<|"Component" -> 3, "Weight" -> 0, "OriginalBytes" -> 647359288, "RetainedBytes" -> 16, "ExactEquality" -> True|>]
"PASS: ""accepted component file Hgg/s05_projected_components_result/Photon_4/s05_result.wl"
"PASS: ""component native conventions Hgg/s05_projected_components_result/Photon_4/s05_result.wl"
"PASS: ""complete photon component 4"
"PASS: ""all native photon acceptance predicates 4"
"PASS: ""complete native photon support 4"
"PASS: ""accepted assembled parent Hgg/s05_component_sums_result/Photon_1_2/s05_result.wl"
"PASS: ""accepted assembled parent Hgg/s05_component_sums_result/Photon_2_1/s05_result.wl"
"PASS: ""exact original weighted CDR coefficient 4"
"HGG_WEIGHTED_CDR "InputForm[<|"Component" -> 4, "Weight" -> 0, "OriginalBytes" -> 2366329696, "RetainedBytes" -> 16, "ExactEquality" -> True|>]
"PASS: ""accepted component file Hgg/s05_projected_components_result/Photon_5/s05_result.wl"
"PASS: ""component native conventions Hgg/s05_projected_components_result/Photon_5/s05_result.wl"
"PASS: ""complete photon component 5"
"PASS: ""all native photon acceptance predicates 5"
"PASS: ""complete native photon support 5"
"PASS: ""accepted assembled parent Hgg/s05_component_sums_result/Photon_1_3/s05_result.wl"
"PASS: ""accepted assembled parent Hgg/s05_component_sums_result/Photon_3_1/s05_result.wl"
"PASS: ""exact original weighted CDR coefficient 5"
"HGG_WEIGHTED_CDR "InputForm[<|"Component" -> 5, "Weight" -> 0, "OriginalBytes" -> 16, "RetainedBytes" -> 16, "ExactEquality" -> True|>]
"PASS: ""accepted component file Hgg/s05_projected_components_result/Photon_6/s05_result.wl"
"PASS: ""component native conventions Hgg/s05_projected_components_result/Photon_6/s05_result.wl"
"PASS: ""complete photon component 6"
"PASS: ""all native photon acceptance predicates 6"
"PASS: ""complete native photon support 6"
"PASS: ""accepted assembled parent Hgg/s05_component_sums_result/Photon_2_3/s05_result.wl"
"PASS: ""accepted assembled parent Hgg/s05_component_sums_result/Photon_3_2/s05_result.wl"
"PASS: ""exact original weighted CDR coefficient 6"
"HGG_WEIGHTED_CDR "InputForm[<|"Component" -> 6, "Weight" -> 0, "OriginalBytes" -> 16, "RetainedBytes" -> 16, "ExactEquality" -> True|>]
"PASS: ""accepted component file Hgg/s05_projected_components_result/Photon_7/s05_result.wl"
"PASS: ""component native conventions Hgg/s05_projected_components_result/Photon_7/s05_result.wl"
"PASS: ""complete photon component 7"
"PASS: ""all native photon acceptance predicates 7"
"PASS: ""complete native photon support 7"
"PASS: ""same reused assembled parent Hgg/s05_component_sums_result/Photon_1_2/s05_result.wl"
"PASS: ""same reused assembled parent Hgg/s05_component_sums_result/Photon_2_1/s05_result.wl"
"PASS: ""exact original weighted CDR coefficient 7"
"HGG_WEIGHTED_CDR "InputForm[<|"Component" -> 7, "Weight" -> 0, "OriginalBytes" -> 2366329776, "RetainedBytes" -> 16, "ExactEquality" -> True|>]
"PASS: ""accepted component file Hgg/s05_projected_components_result/Photon_8/s05_result.wl"
"PASS: ""component native conventions Hgg/s05_projected_components_result/Photon_8/s05_result.wl"
"PASS: ""complete photon component 8"
"PASS: ""all native photon acceptance predicates 8"
"PASS: ""complete native photon support 8"
"PASS: ""same reused assembled parent Hgg/s05_component_sums_result/Photon_1_3/s05_result.wl"
"PASS: ""same reused assembled parent Hgg/s05_component_sums_result/Photon_3_1/s05_result.wl"
"PASS: ""exact original weighted CDR coefficient 8"
"HGG_WEIGHTED_CDR "InputForm[<|"Component" -> 8, "Weight" -> 0, "OriginalBytes" -> 16, "RetainedBytes" -> 16, "ExactEquality" -> True|>]
"PASS: ""accepted component file Hgg/s05_projected_components_result/Photon_9/s05_result.wl"
"PASS: ""component native conventions Hgg/s05_projected_components_result/Photon_9/s05_result.wl"
"PASS: ""complete photon component 9"
"PASS: ""all native photon acceptance predicates 9"
"PASS: ""complete native photon support 9"
"PASS: ""same reused assembled parent Hgg/s05_component_sums_result/Photon_2_3/s05_result.wl"
"PASS: ""same reused assembled parent Hgg/s05_component_sums_result/Photon_3_2/s05_result.wl"
"PASS: ""exact original weighted CDR coefficient 9"
"HGG_WEIGHTED_CDR "InputForm[<|"Component" -> 9, "Weight" -> 0, "OriginalBytes" -> 16, "RetainedBytes" -> 16, "ExactEquality" -> True|>]
"PASS: ""all matrix entries covered by native Hermiticity checks"
"PASS: ""accepted component file Hgg/s05_component_sums_result/Scalar_PgD/s05_result.wl"
"PASS: ""component native conventions Hgg/s05_component_sums_result/Scalar_PgD/s05_result.wl"
"PASS: ""complete scalar input Scalar_PgD"
"PASS: ""accepted component file Hgg/s05_component_sums_result/Scalar_GluonWard_p/s05_result.wl"
"PASS: ""component native conventions Hgg/s05_component_sums_result/Scalar_GluonWard_p/s05_result.wl"
"PASS: ""complete scalar input Scalar_GluonWard_p"
"PASS: ""scalar mode is an original Ward projection"
"PASS: ""complete Scalar_GluonWard_p"
"PASS: ""accepted component file Hgg/s05_component_sums_result/Scalar_GluonWard_k1/s05_result.wl"
"PASS: ""component native conventions Hgg/s05_component_sums_result/Scalar_GluonWard_k1/s05_result.wl"
"PASS: ""complete scalar input Scalar_GluonWard_k1"
"PASS: ""complete Scalar_GluonWard_k1"
"PASS: ""complete accepted pair metadata"
"PASS: ""dimensional photon metric present"
"PASS: ""Real GluonWard_p"
"PASS: ""Real GluonWard_k1"
"PASS: ""Real PhotonWard"
"PASS: ""Real reference Pg"
"PASS: ""Real reference Ppp"
"PASS: ""executed complete real photon definition"
"PASS: ""compressed checkpoint below file bound"
"PASS: ""compressed checkpoint exact native reload"
"PASS: ""native component reader syntax"
"PASS: ""exact complete metadata interface"
"PASS: ""exact accepted response through loader 1"
"PASS: ""exact accepted response through loader 2"
"PASS: ""exact accepted response through loader 3"
"PASS: ""exact accepted response through loader 4"
"PASS: ""exact accepted response through loader 5"
"PASS: ""exact accepted response through loader 6"
