Hgg R5 PP: exact compact Laurent sweep; atomic 25-term checkpoints; 15 workers.
selftest large cancelling sum zero=True
selftest nonzero rejected=True
selftest factored linearization exposed=True zero=True
selftest reduced form equals input=True (zero=False)
selftest log/radical cancellation zero=True
selftest radical preserved exactly=True
R5RED_SELFTEST PASS
HGGQRED selftest duplicate-symbol/SU(Nc) zero=True
HGGQRED selftest invariant discriminant=True
R5_PROVENANCE Hgg PP 7
R5_INPUT_SHA256 6cce1f2300e1a1aa29cddfc51a70e26b010b0d48206dd575650dd2c02f266e12
R5_CURRENT_PROVENANCE_SHA256 26f57c970b689212c398f5d64bd29be381e411e19c47aa7493b325831d70d002
R5_REUSE_COMPLETED_SWEEP 6cce1f2300e1a1aa29cddfc51a70e26b010b0d48206dd575650dd2c02f266e12 gate_only_code_change=True
R5_SOURCE PP real total 18319 resumed 18319 pending 0
R5_SOURCE PP endpoint total 0 (algebraic zero)
R5_GATE_START PP Hgg eps^-2
R5_GATE_DONE PP Hgg eps^-2 zero True (parallel)
R5_GATE_START PP Hgg eps^-1
HGGQRED terms=594 symbols=10 discriminant=4*Q2*s23 + s**2 + 2*s*t1 + t1**2
HGGQRED split A=364 B=1
R5RED balanced level=1 input=364 surviving=181
R5RED balanced level=2 input=181 surviving=90
R5RED balanced level=3 input=90 surviving=45
R5RED balanced level=4 input=45 surviving=23
R5RED balanced level=5 input=23 surviving=12
R5RED balanced level=6 input=12 surviving=6
R5RED balanced level=7 input=6 surviving=3
R5RED balanced level=8 input=3 surviving=2
R5RED balanced level=9 input=2 surviving=0
HGGQRED zero A=True B=True
R5_GATE_DONE PP Hgg eps^-1 zero True (quadratic-balanced)
R5_POLES_RECORDED Hgg PP reduced=True
HGG_R5_EXACT_DONE PP elapsed 320.77534675598145
