Hgg R5 g: exact compact Laurent sweep; atomic 25-term checkpoints; 15 workers.
selftest large cancelling sum zero=True
selftest nonzero rejected=True
selftest factored linearization exposed=True zero=True
selftest reduced form equals input=True (zero=False)
selftest log/radical cancellation zero=True
selftest radical preserved exactly=True
R5RED_SELFTEST PASS
HGGQRED selftest duplicate-symbol/SU(Nc) zero=True
HGGQRED selftest invariant discriminant=True
R5_PROVENANCE Hgg g 7
R5_INPUT_SHA256 6735d379311ca918aa9098da100f85ea94bfe29c2681d21911363e2dff99fee6
R5_CURRENT_PROVENANCE_SHA256 ecce71f0cc9a4859bb29175353861f803775a95f9ba0e8b38c145f75c7778234
R5_REUSE_COMPLETED_SWEEP 6735d379311ca918aa9098da100f85ea94bfe29c2681d21911363e2dff99fee6 gate_only_code_change=True
R5_SOURCE g real total 33339 resumed 33339 pending 0
R5_SOURCE g endpoint total 0 (algebraic zero)
R5_GATE_START g Hgg eps^-2
R5_GATE_DONE g Hgg eps^-2 zero True (parallel)
R5_GATE_START g Hgg eps^-1
HGGQRED terms=4885 symbols=10 discriminant=4*Q2*s23 + s**2 + 2*s*t1 + t1**2
HGGQRED split A=4030 B=1
R5RED balanced level=1 input=4030 surviving=1966
R5RED balanced level=2 input=1966 surviving=981
R5RED balanced level=3 input=981 surviving=490
R5RED balanced level=4 input=490 surviving=245
R5RED balanced level=5 input=245 surviving=123
R5RED balanced level=6 input=123 surviving=62
R5RED balanced level=7 input=62 surviving=31
R5RED balanced level=8 input=31 surviving=16
R5RED balanced level=9 input=16 surviving=8
R5RED balanced level=10 input=8 surviving=4
R5RED balanced level=11 input=4 surviving=2
R5RED balanced level=12 input=2 surviving=0
HGGQRED zero A=True B=True
R5_GATE_DONE g Hgg eps^-1 zero True (quadratic-balanced)
R5_POLES_RECORDED Hgg g reduced=True
HGG_R5_EXACT_DONE g elapsed 4043.7199680805206
