MONITOR_START job=14687634 host=n6442 kernel_pid=232803
"PASS: ""accepted angular basis exists"
"PASS: ""S05 source identity"
"Required angular masters: "83
"Hypergeometric Gamma factor "1"/"5
"Hypergeometric Gamma factor "2"/"5
"Hypergeometric Gamma factor "3"/"5
"Hypergeometric Gamma factor "4"/"5
"Hypergeometric Gamma factor "5"/"5
"Hypergeometric series coefficients: "InputForm[{0, 0, n^(-2)}]
"PASS: ""generated hypergeometric expansion satisfies its defining equation"
"Parallel budget inputs: "InputForm[{8, 1, Infinity}]
"PASS: ""angular workers share compute node and runtime"
"Angular worker count = "8
"From remote kernel:"
"\"Angular master \"InputForm[{\"ML\", -4, -1}]\"; memory = \"38335624\n"
"From remote kernel:"
"\"Angular master \"InputForm[{\"ML\", -4, 0}]\"; memory = \"38335712\n"
"From remote kernel:"
"\"Angular master \"InputForm[{\"ML\", -4, 1}]\"; memory = \"38337152\n"
"From remote kernel:"
"\"Angular master \"InputForm[{\"ML\", -3, -2}]\"; memory = \"38335472\n"
"From remote kernel:"
"\"Angular master \"InputForm[{\"ML\", -3, -1}]\"; memory = \"38337000\n"
"From remote kernel:"
"\"Angular master \"InputForm[{\"ML\", -3, 0}]\"; memory = \"38337064\n"
"From remote kernel:"
"\"Angular master \"InputForm[{\"ML\", -3, 1}]\"; memory = \"38337296\n"
"From remote kernel:"
"\"Angular master \"InputForm[{\"ML\", -2, -3}]\"; memory = \"38337000\n"
"From remote kernel:"
"\"PASS: \"\"azimuth integration leaves a polar polynomial\"\n"
"From remote kernel:"
"\"PASS: \"\"azimuth integration leaves a polar polynomial\"\n"
"From remote kernel:"
"\"PASS: \"\"azimuth integration leaves a polar polynomial\"\n"
"From remote kernel:"
"\"PASS: \"\"azimuth integration leaves a polar polynomial\"\n"
"From remote kernel:"
"\"PASS: \"\"azimuth integration leaves a polar polynomial\"\n"
"From remote kernel:"
"\"PASS: \"\"azimuth integration leaves a polar polynomial\"\n"
"From remote kernel:"
"\"PASS: \"\"angular integral fully evaluated\"\n"
"From remote kernel:"
"\"PASS: \"\"at most a single angular pole\"\n"
"From remote kernel:"
"\"Angular master \"InputForm[{\"ML\", -2, -2}]\"; memory = \"208590136\n"
"From remote kernel:"
"\"PASS: \"\"azimuth integration leaves a polar polynomial\"\n"
"From remote kernel:"
"\"PASS: \"\"angular integral fully evaluated\"\n"
"From remote kernel:"
"\"PASS: \"\"at most a single angular pole\"\n"
"From remote kernel:"
"\"Angular master \"InputForm[{\"ML\", -2, -1}]\"; memory = \"208947728\n"
"From remote kernel:"
"\"PASS: \"\"azimuth integration leaves a polar polynomial\"\n"
"From remote kernel:"
"\"PASS: \"\"angular integral fully evaluated\"\n"
"From remote kernel:"
"\"PASS: \"\"at most a single angular pole\"\n"
"From remote kernel:"
"\"Angular master \"InputForm[{\"ML\", -2, 0}]\"; memory = \"208552216\n"
"From remote kernel:"
"\"PASS: \"\"angular integral fully evaluated\"\n"
"From remote kernel:"
"\"PASS: \"\"azimuth integration leaves a polar polynomial\"\n"
"From remote kernel:"
"\"PASS: \"\"angular integral fully evaluated\"\n"
"From remote kernel:"
"\"PASS: \"\"at most a single angular pole\"\n"
"From remote kernel:"
"\"PASS: \"\"at most a single angular pole\"\n"
"From remote kernel:"
"\"PASS: \"\"azimuth integration leaves a polar polynomial\"\n"
"From remote kernel:"
"\"Angular master \"InputForm[{\"ML\", -2, 1}]\"; memory = \"209218752\n"
"From remote kernel:"
"\"Angular master \"InputForm[{\"ML\", -1, -4}]\"; memory = \"208993096\n"
"From remote kernel:"
"\"PASS: \"\"azimuth integration leaves a polar polynomial\"\n"
"From remote kernel:"
"\"PASS: \"\"azimuth integration leaves a polar polynomial\"\n"
"From remote kernel:"
"\"PASS: \"\"azimuth integration leaves a polar polynomial\"\n"
"From remote kernel:"
"\"PASS: \"\"angular integral fully evaluated\"\n"
"From remote kernel:"
"\"PASS: \"\"at most a single angular pole\"\n"
"From remote kernel:"
"\"PASS: \"\"angular integral fully evaluated\"\n"
"From remote kernel:"
"\"PASS: \"\"at most a single angular pole\"\n"
"From remote kernel:"
"\"Angular master \"InputForm[{\"ML\", -1, -3}]\"; memory = \"208675224\n"
"From remote kernel:"
"\"PASS: \"\"azimuth integration leaves a polar polynomial\"\n"
"From remote kernel:"
"\"Angular master \"InputForm[{\"ML\", -1, -2}]\"; memory = \"209150048\n"
"From remote kernel:"
"\"PASS: \"\"azimuth integration leaves a polar polynomial\"\n"
"From remote kernel:"
"\"PASS: \"\"angular integral fully evaluated\"\n"
"From remote kernel:"
"\"PASS: \"\"angular integral fully evaluated\"\n"
"From remote kernel:"
"\"PASS: \"\"at most a single angular pole\"\n"
"From remote kernel:"
"\"PASS: \"\"at most a single angular pole\"\n"
"From remote kernel:"
"\"PASS: \"\"angular integral fully evaluated\"\n"
"From remote kernel:"
"\"PASS: \"\"at most a single angular pole\"\n"
"From remote kernel:"
"\"Angular master \"InputForm[{\"ML\", -1, -1}]\"; memory = \"209219352\n"
"From remote kernel:"
"\"Angular master \"InputForm[{\"ML\", -1, 0}]\"; memory = \"209145728\n"
"From remote kernel:"
"\"PASS: \"\"azimuth integration leaves a polar polynomial\"\n"
"From remote kernel:"
"\"PASS: \"\"azimuth integration leaves a polar polynomial\"\n"
"From remote kernel:"
"\"Angular master \"InputForm[{\"ML\", -1, 1}]\"; memory = \"208836440\n"
"From remote kernel:"
"\"PASS: \"\"angular integral fully evaluated\"\n"
"From remote kernel:"
"\"PASS: \"\"azimuth integration leaves a polar polynomial\"\n"
"From remote kernel:"
"\"PASS: \"\"at most a single angular pole\"\n"
"From remote kernel:"
"\"PASS: \"\"angular integral fully evaluated\"\n"
"From remote kernel:"
"\"PASS: \"\"at most a single angular pole\"\n"
"From remote kernel:"
"\"Angular master \"InputForm[{\"ML\", 0, -5}]\"; memory = \"209186112\n"
"From remote kernel:"
"\"PASS: \"\"angular integral fully evaluated\"\n"
"From remote kernel:"
"\"PASS: \"\"angular integral fully evaluated\"\n"
"From remote kernel:"
"\"PASS: \"\"azimuth integration leaves a polar polynomial\"\n"
"From remote kernel:"
"\"PASS: \"\"at most a single angular pole\"\n"
"From remote kernel:"
"\"PASS: \"\"at most a single angular pole\"\n"
"From remote kernel:"
"\"PASS: \"\"angular integral fully evaluated\"\n"
"From remote kernel:"
"\"PASS: \"\"angular integral fully evaluated\"\n"
"From remote kernel:"
"\"Angular master \"InputForm[{\"ML\", 0, -4}]\"; memory = \"209360296\n"
"From remote kernel:"
"\"PASS: \"\"at most a single angular pole\"\n"
"From remote kernel:"
"\"PASS: \"\"at most a single angular pole\"\n"
"From remote kernel:"
"\"Angular master \"InputForm[{\"ML\", 0, -3}]\"; memory = \"208971640\n"
"From remote kernel:"
"\"PASS: \"\"azimuth integration leaves a polar polynomial\"\n"
"From remote kernel:"
"\"Angular master \"InputForm[{\"ML\", 0, -2}]\"; memory = \"209310792\n"
"From remote kernel:"
"\"PASS: \"\"angular integral fully evaluated\"\n"
"From remote kernel:"
"\"PASS: \"\"azimuth integration leaves a polar polynomial\"\n"
"From remote kernel:"
"\"PASS: \"\"angular integral fully evaluated\"\n"
"From remote kernel:"
"\"PASS: \"\"azimuth integration leaves a polar polynomial\"\n"
"From remote kernel:"
"\"PASS: \"\"at most a single angular pole\"\n"
"From remote kernel:"
"\"PASS: \"\"angular integral fully evaluated\"\n"
"From remote kernel:"
"\"PASS: \"\"at most a single angular pole\"\n"
"From remote kernel:"
"\"PASS: \"\"angular integral fully evaluated\"\n"
"From remote kernel:"
"\"Angular master \"InputForm[{\"ML\", 0, -1}]\"; memory = \"209246152\n"
"From remote kernel:"
"\"Angular master \"InputForm[{\"ML\", 0, 0}]\"; memory = \"209034232\n"
"From remote kernel:"
"\"PASS: \"\"at most a single angular pole\"\n"
"From remote kernel:"
"\"PASS: \"\"at most a single angular pole\"\n"
"From remote kernel:"
"\"PASS: \"\"azimuth integration leaves a polar polynomial\"\n"
"From remote kernel:"
"\"PASS: \"\"azimuth integration leaves a polar polynomial\"\n"
"From remote kernel:"
"\"Angular master \"InputForm[{\"ML\", 0, 1}]\"; memory = \"209727736\n"
"From remote kernel:"
"\"Angular master \"InputForm[{\"ML\", 1, -4}]\"; memory = \"209430392\n"
"From remote kernel:"
"\"PASS: \"\"angular integral fully evaluated\"\n"
"From remote kernel:"
"\"PASS: \"\"azimuth integration leaves a polar polynomial\"\n"
"From remote kernel:"
"\"Angular master \"InputForm[{\"ML\", 1, -3}]\"; memory = \"208983840\n"
"From remote kernel:"
"\"PASS: \"\"at most a single angular pole\"\n"
"From remote kernel:"
"\"PASS: \"\"angular integral fully evaluated\"\n"
"From remote kernel:"
"\"PASS: \"\"angular integral fully evaluated\"\n"
"From remote kernel:"
"\"PASS: \"\"azimuth integration leaves a polar polynomial\"\n"
"From remote kernel:"
"\"Angular master \"InputForm[{\"ML\", 1, -2}]\"; memory = \"209321720\n"
"From remote kernel:"
"\"PASS: \"\"at most a single angular pole\"\n"
"From remote kernel:"
"\"PASS: \"\"at most a single angular pole\"\n"
"From remote kernel:"
"\"FAIL: \"\"polar polynomial division reconstructs its numerator\"\n"
"From remote kernel:"
"\"PASS: \"\"azimuth integration leaves a polar polynomial\"\n"
"From remote kernel:"
"\"FAIL: \"\"polar polynomial division reconstructs its numerator\"\n"
"From remote kernel:"
"\"Angular master \"InputForm[{\"ML\", 1, -1}]\"; memory = \"209274016\n"
"From remote kernel:"
"\"Angular master \"InputForm[{\"ML\", 1, 0}]\"; memory = \"209084232\n"
"From remote kernel:"
"\"Angular master \"InputForm[{\"ML\", 1, 1}]\"; memory = \"209733328\n"
"From remote kernel:"
"\"Angular master \"InputForm[{\"ML\", -2, 2}]\"; memory = \"209003816\n"
"From remote kernel:"
"\"PASS: \"\"azimuth integration leaves a polar polynomial\"\n"
MONITOR_WAKE {"stage": "s06", "source": "s06_angular_integrals.wl", "source_sha256": "ff38ee95357bc376d90ab2240e45dbcfeb314df7a7175cf60ac5abd1069d1082", "job_id": "14687634", "host": "n6442", "exit_code": -9, "success_marker": false, "accepted_execution": false, "guard": "stage gate failure", "peak_rss_bytes": 2588585984, "elapsed_seconds": 19.216936198063195, "completed_utc": "2026-09-06T09:18:58.534711+00:00"}
