MONITOR_START job=14693217 host=n7439 kernel_pid=2239
"From remote kernel:"
"\"POLE_ASSEMBLY \"\"Hgg_g_Regular\"\n"
"From remote kernel:"
"\"POLE_ASSEMBLY \"\"Hqqbar_g_Regular\"\n"
"From remote kernel:"
"\"POLE_ASSEMBLY \"\"Hqqprime_g_Regular\"\n"
"From remote kernel:"
"\"POLE_ASSEMBLY \"\"Hqq_Pg_1_L1\"\n"
"From remote kernel:"
"\"POLE_ASSEMBLY \"\"Hqq_Pg_1_L0\"\n"
"From remote kernel:"
"\"POLE_ASSEMBLY \"\"Hgg_pp_Regular\"\n"
"From remote kernel:"
"\"POLE_ASSEMBLY \"\"Hqq_Pg_1_Regular\"\n"
"From remote kernel:"
"\"FINAL_HATS_ACCEPTED \"\"Hgg\"\n"
"From remote kernel:"
"\"POLE_ASSEMBLY \"\"Hqg_Pg_1_L1\"\n"
"From remote kernel:"
"\"POLE_ASSEMBLY \"\"Hqg_Pg_1_L0\"\n"
"From remote kernel:"
"\"POLE_ASSEMBLY \"\"Hqg_Pg_1_Regular\"\n"
"From remote kernel:"
"\"POLE_ASSEMBLY \"\"Hqqprime_pp_Regular\"\n"
"From remote kernel:"
"\"POLE_ASSEMBLY \"\"Hqqbar_pp_Regular\"\n"
"From remote kernel:"
"\"FINAL_HATS_ACCEPTED \"\"Hqqprime\"\n"
"From remote kernel:"
"\"POLE_ASSEMBLY \"\"Hgq_Pg_1_L1\"\n"
"From remote kernel:"
"\"POLE_ASSEMBLY \"\"Hgq_Pg_1_L0\"\n"
"From remote kernel:"
"\"POLE_ASSEMBLY \"\"Hgq_Pg_1_Regular\"\n"
"From remote kernel:"
"\"FINAL_HATS_ACCEPTED \"\"Hqqbar\"\n"
"From remote kernel:"
"\"POLE_ASSEMBLY \"\"Hqg_Pg_1_Delta\"\n"
"From remote kernel:"
"\"FAIL: \"\"Hqg_Pg_1_Delta pole -2\"\n"
MONITOR_WAKE {"stage": "s20", "source": "s20_final_hats.wl", "source_sha256": "61f8117232a2e386490c1e17a7d31edb04e0cdfedeeac458a799c794ee4f878f", "job_id": "14693217", "host": "n7439", "exit_code": 1, "success_marker": false, "accepted_execution": false, "guard": "stage gate failure", "peak_rss_bytes": 1074917376, "elapsed_seconds": 35.202483743429184, "completed_utc": "2026-09-07T13:01:33.934357+00:00"}
