MONITOR_START job=14692755 host=n6441 kernel_pid=81936

Global`$FeynCalcStartupMessages::shdw: Symbol $FeynCalcStartupMessages appears in multiple contexts {Global`, FeynCalc`}; definitions in context Global` may shadow or be shadowed by other definitions.
MONITOR_HEARTBEAT elapsed=30s rss=893.4MiB peak=893.4MiB
MONITOR_HEARTBEAT elapsed=61s rss=894.7MiB peak=894.7MiB
MONITOR_HEARTBEAT elapsed=91s rss=895.0MiB peak=895.0MiB
MONITOR_HEARTBEAT elapsed=122s rss=895.5MiB peak=895.5MiB
MONITOR_HEARTBEAT elapsed=152s rss=895.7MiB peak=895.7MiB
MONITOR_HEARTBEAT elapsed=183s rss=895.8MiB peak=895.8MiB
MONITOR_HEARTBEAT elapsed=213s rss=896.2MiB peak=896.2MiB
MONITOR_HEARTBEAT elapsed=244s rss=896.4MiB peak=896.5MiB
MONITOR_HEARTBEAT elapsed=274s rss=896.3MiB peak=896.5MiB
MONITOR_HEARTBEAT elapsed=305s rss=896.4MiB peak=896.5MiB
MONITOR_HEARTBEAT elapsed=335s rss=875.8MiB peak=901.1MiB
MONITOR_HEARTBEAT elapsed=366s rss=878.4MiB peak=901.1MiB
MONITOR_HEARTBEAT elapsed=396s rss=879.5MiB peak=901.1MiB
"PAIR_SUMS_ACCEPTED ""Hqq"" mapping tasks "164
"From remote kernel:"
"\"MAP \"\"Hqq\"\" \"\"RealDistinct_Charge1__Pg\"\" \"\"RealDistinct_Pg_1_3_Value\"\" kernel \"3\n"
"From remote kernel:"
"\"MAP \"\"Hqq\"\" \"\"RealDistinct_Charge0__Pg\"\" \"\"RealDistinct_Pg_1_1_Value\"\" kernel \"1\n"
"From remote kernel:"
"\"MAP \"\"Hqq\"\" \"\"RealDistinct_Charge0__Pg\"\" \"\"RealDistinct_Pg_1_2_Value\"\" kernel \"2\n"
"From remote kernel:"
"\"MAP \"\"Hqq\"\" \"\"RealDistinct_Charge1__Pg\"\" \"\"RealDistinct_Pg_1_4_Value\"\" kernel \"4\n"
"From remote kernel:"
"\"MAP \"\"Hqq\"\" \"\"RealDistinct_Charge0__Pg\"\" \"\"RealDistinct_Pg_2_2_Value\"\" kernel \"1\n"
"From remote kernel:"
"\"MAP \"\"Hqq\"\" \"\"RealDistinct_Charge1__Pg\"\" \"\"RealDistinct_Pg_2_3_Value\"\" kernel \"2\n"
"From remote kernel:"
"\"MAP \"\"Hqq\"\" \"\"RealDistinct_Charge1__Pg\"\" \"\"RealDistinct_Pg_2_4_Value\"\" kernel \"3\n"
"From remote kernel:"
"\"MAP \"\"Hqq\"\" \"\"RealDistinct_Charge2__Pg\"\" \"\"RealDistinct_Pg_3_3_Value\"\" kernel \"1\n"
"From remote kernel:"
"\"MAP \"\"Hqq\"\" \"\"RealDistinct_Charge2__Pg\"\" \"\"RealDistinct_Pg_3_4_Value\"\" kernel \"4\n"
"From remote kernel:"
"\"MAP \"\"Hqq\"\" \"\"RealDistinct_Charge2__Pg\"\" \"\"RealDistinct_Pg_4_4_Value\"\" kernel \"2\n"
"From remote kernel:"
"\"MAP \"\"Hqq\"\" \"\"RealDistinct_Charge0__Ppp\"\" \"\"RealDistinct_Ppp_1_1_Value\"\" kernel \"3\n"
"From remote kernel:"
"\"MAP \"\"Hqq\"\" \"\"RealDistinct_Charge0__Ppp\"\" \"\"RealDistinct_Ppp_1_2_Value\"\" kernel \"1\n"
"From remote kernel:"
"\"MAP \"\"Hqq\"\" \"\"RealDistinct_Charge1__Ppp\"\" \"\"RealDistinct_Ppp_1_3_Value\"\" kernel \"3\n"
"From remote kernel:"
"\"MAP \"\"Hqq\"\" \"\"RealDistinct_Charge1__Ppp\"\" \"\"RealDistinct_Ppp_1_4_Value\"\" kernel \"1\n"
"From remote kernel:"
"\"MAP \"\"Hqq\"\" \"\"RealDistinct_Charge0__Ppp\"\" \"\"RealDistinct_Ppp_2_2_Value\"\" kernel \"2\n"
"From remote kernel:"
"\"MAP \"\"Hqq\"\" \"\"RealDistinct_Charge1__Ppp\"\" \"\"RealDistinct_Ppp_2_3_Value\"\" kernel \"3\n"
"From remote kernel:"
"\"MAP \"\"Hqq\"\" \"\"RealDistinct_Charge1__Ppp\"\" \"\"RealDistinct_Ppp_2_4_Value\"\" kernel \"1\n"
"From remote kernel:"
"\"MAP \"\"Hqq\"\" \"\"RealDistinct_Charge2__Ppp\"\" \"\"RealDistinct_Ppp_3_3_Value\"\" kernel \"2\n"
"From remote kernel:"
"\"MAP \"\"Hqq\"\" \"\"RealDistinct_Charge2__Ppp\"\" \"\"RealDistinct_Ppp_3_4_Value\"\" kernel \"4\n"
"From remote kernel:"
"\"MAP \"\"Hqq\"\" \"\"RealDistinct_Charge2__Ppp\"\" \"\"RealDistinct_Ppp_4_4_Value\"\" kernel \"3\n"
"From remote kernel:"
"\"MAP \"\"Hqq\"\" \"\"RealQGG_Charge0__Pg\"\" \"\"RealQGG_Pg_1_1_Value\"\" kernel \"1\n"
"From remote kernel:"
"\"MAP \"\"Hqq\"\" \"\"RealQGG_Charge0__Pg\"\" \"\"RealQGG_Pg_1_2_Value\"\" kernel \"2\n"
"From remote kernel:"
"\"MAP \"\"Hqq\"\" \"\"RealQGG_Charge0__Pg\"\" \"\"RealQGG_Pg_1_3_Value\"\" kernel \"3\n"
"From remote kernel:"
"\"MAP \"\"Hqq\"\" \"\"RealQGG_Charge0__Pg\"\" \"\"RealQGG_Pg_1_4_Value\"\" kernel \"4\n"
"From remote kernel:"
"\"MAP \"\"Hqq\"\" \"\"RealQGG_Charge0__Pg\"\" \"\"RealQGG_Pg_1_5_Value\"\" kernel \"1\n"
"From remote kernel:"
"\"MAP \"\"Hqq\"\" \"\"RealQGG_Charge0__Pg\"\" \"\"RealQGG_Pg_1_6_Value\"\" kernel \"4\n"
"From remote kernel:"
"\"MAP \"\"Hqq\"\" \"\"RealQGG_Charge0__Pg\"\" \"\"RealQGG_Pg_1_7_Value\"\" kernel \"3\n"
"From remote kernel:"
"\"MAP \"\"Hqq\"\" \"\"RealQGG_Charge0__Pg\"\" \"\"RealQGG_Pg_1_8_Value\"\" kernel \"1\n"
"From remote kernel:"
"\"MAP \"\"Hqq\"\" \"\"RealQGG_Charge0__Pg\"\" \"\"RealQGG_Pg_2_2_Value\"\" kernel \"1\n"
"From remote kernel:"
"\"MAP \"\"Hqq\"\" \"\"RealQGG_Charge0__Pg\"\" \"\"RealQGG_Pg_2_3_Value\"\" kernel \"2\n"
"From remote kernel:"
"\"MAP \"\"Hqq\"\" \"\"RealQGG_Charge0__Pg\"\" \"\"RealQGG_Pg_2_4_Value\"\" kernel \"4\n"
"From remote kernel:"
"\"MAP \"\"Hqq\"\" \"\"RealQGG_Charge0__Pg\"\" \"\"RealQGG_Pg_2_5_Value\"\" kernel \"3\n"
"From remote kernel:"
"\"MAP \"\"Hqq\"\" \"\"RealQGG_Charge0__Pg\"\" \"\"RealQGG_Pg_2_6_Value\"\" kernel \"1\n"
"From remote kernel:"
"\"MAP \"\"Hqq\"\" \"\"RealQGG_Charge0__Pg\"\" \"\"RealQGG_Pg_2_7_Value\"\" kernel \"3\n"
"From remote kernel:"
"\"MAP \"\"Hqq\"\" \"\"RealQGG_Charge0__Pg\"\" \"\"RealQGG_Pg_2_8_Value\"\" kernel \"4\n"
"From remote kernel:"
"\"MAP \"\"Hqq\"\" \"\"RealQGG_Charge0__Pg\"\" \"\"RealQGG_Pg_3_3_Value\"\" kernel \"2\n"
"From remote kernel:"
"\"MAP \"\"Hqq\"\" \"\"RealQGG_Charge0__Pg\"\" \"\"RealQGG_Pg_3_4_Value\"\" kernel \"3\n"
"From remote kernel:"
"\"MAP \"\"Hqq\"\" \"\"RealQGG_Charge0__Pg\"\" \"\"RealQGG_Pg_3_5_Value\"\" kernel \"1\n"
"From remote kernel:"
"\"MAP \"\"Hqq\"\" \"\"RealQGG_Charge0__Pg\"\" \"\"RealQGG_Pg_3_6_Value\"\" kernel \"3\n"
"From remote kernel:"
"\"MAP \"\"Hqq\"\" \"\"RealQGG_Charge0__Pg\"\" \"\"RealQGG_Pg_3_7_Value\"\" kernel \"4\n"
"From remote kernel:"
"\"MAP \"\"Hqq\"\" \"\"RealQGG_Charge0__Pg\"\" \"\"RealQGG_Pg_3_8_Value\"\" kernel \"2\n"
"From remote kernel:"
"\"MAP \"\"Hqq\"\" \"\"RealQGG_Charge0__Pg\"\" \"\"RealQGG_Pg_4_4_Value\"\" kernel \"1\n"
"From remote kernel:"
"\"MAP \"\"Hqq\"\" \"\"RealQGG_Charge0__Pg\"\" \"\"RealQGG_Pg_4_5_Value\"\" kernel \"1\n"
"From remote kernel:"
"\"MAP \"\"Hqq\"\" \"\"RealQGG_Charge0__Pg\"\" \"\"RealQGG_Pg_4_6_Value\"\" kernel \"4\n"
"From remote kernel:"
"\"MAP \"\"Hqq\"\" \"\"RealQGG_Charge0__Pg\"\" \"\"RealQGG_Pg_4_7_Value\"\" kernel \"2\n"
"From remote kernel:"
"\"MAP \"\"Hqq\"\" \"\"RealQGG_Charge0__Pg\"\" \"\"RealQGG_Pg_4_8_Value\"\" kernel \"1\n"
"From remote kernel:"
"\"MAP \"\"Hqq\"\" \"\"RealQGG_Charge0__Pg\"\" \"\"RealQGG_Pg_5_5_Value\"\" kernel \"3\n"
"From remote kernel:"
"\"MAP \"\"Hqq\"\" \"\"RealQGG_Charge0__Pg\"\" \"\"RealQGG_Pg_5_6_Value\"\" kernel \"4\n"
"From remote kernel:"
"\"MAP \"\"Hqq\"\" \"\"RealQGG_Charge0__Pg\"\" \"\"RealQGG_Pg_5_7_Value\"\" kernel \"2\n"
"From remote kernel:"
"\"MAP \"\"Hqq\"\" \"\"RealQGG_Charge0__Pg\"\" \"\"RealQGG_Pg_5_8_Value\"\" kernel \"1\n"
"From remote kernel:"
"\"MAP \"\"Hqq\"\" \"\"RealQGG_Charge0__Pg\"\" \"\"RealQGG_Pg_6_6_Value\"\" kernel \"3\n"
"From remote kernel:"
"\"MAP \"\"Hqq\"\" \"\"RealQGG_Charge0__Pg\"\" \"\"RealQGG_Pg_6_7_Value\"\" kernel \"4\n"
"From remote kernel:"
"\"MAP \"\"Hqq\"\" \"\"RealQGG_Charge0__Pg\"\" \"\"RealQGG_Pg_6_8_Value\"\" kernel \"2\n"
"From remote kernel:"
"\"MAP \"\"Hqq\"\" \"\"RealQGG_Charge0__Pg\"\" \"\"RealQGG_Pg_7_7_Value\"\" kernel \"1\n"
"From remote kernel:"
"\"MAP \"\"Hqq\"\" \"\"RealQGG_Charge0__Pg\"\" \"\"RealQGG_Pg_7_8_Value\"\" kernel \"3\n"
"From remote kernel:"
"\"MAP \"\"Hqq\"\" \"\"RealQGG_Charge0__Pg\"\" \"\"RealQGG_Pg_8_8_Value\"\" kernel \"1\n"
"From remote kernel:"
"\"MAP \"\"Hqq\"\" \"\"RealQGG_Charge0__Ppp\"\" \"\"RealQGG_Ppp_1_1_Value\"\" kernel \"1\n"
"From remote kernel:"
"\"MAP \"\"Hqq\"\" \"\"RealQGG_Charge0__Ppp\"\" \"\"RealQGG_Ppp_1_2_Value\"\" kernel \"1\n"
"From remote kernel:"
"\"MAP \"\"Hqq\"\" \"\"RealQGG_Charge0__Ppp\"\" \"\"RealQGG_Ppp_1_3_Value\"\" kernel \"1\n"
"From remote kernel:"
"\"MAP \"\"Hqq\"\" \"\"RealQGG_Charge0__Ppp\"\" \"\"RealQGG_Ppp_1_4_Value\"\" kernel \"1\n"
"From remote kernel:"
"\"MAP \"\"Hqq\"\" \"\"RealQGG_Charge0__Ppp\"\" \"\"RealQGG_Ppp_1_5_Value\"\" kernel \"1\n"
"From remote kernel:"
"\"MAP \"\"Hqq\"\" \"\"RealQGG_Charge0__Ppp\"\" \"\"RealQGG_Ppp_1_6_Value\"\" kernel \"3\n"
"From remote kernel:"
"\"MAP \"\"Hqq\"\" \"\"RealQGG_Charge0__Ppp\"\" \"\"RealQGG_Ppp_1_7_Value\"\" kernel \"1\n"
"From remote kernel:"
"\"MAP \"\"Hqq\"\" \"\"RealQGG_Charge0__Ppp\"\" \"\"RealQGG_Ppp_1_8_Value\"\" kernel \"3\n"
"From remote kernel:"
"\"MAP \"\"Hqq\"\" \"\"RealQGG_Charge0__Ppp\"\" \"\"RealQGG_Ppp_2_2_Value\"\" kernel \"1\n"
"From remote kernel:"
"\"MAP \"\"Hqq\"\" \"\"RealQGG_Charge0__Ppp\"\" \"\"RealQGG_Ppp_2_3_Value\"\" kernel \"3\n"
"From remote kernel:"
"\"MAP \"\"Hqq\"\" \"\"RealQGG_Charge0__Ppp\"\" \"\"RealQGG_Ppp_2_5_Value\"\" kernel \"1\n"
"From remote kernel:"
"\"MAP \"\"Hqq\"\" \"\"RealQGG_Charge0__Ppp\"\" \"\"RealQGG_Ppp_2_4_Value\"\" kernel \"4\n"
"From remote kernel:"
"\"MAP \"\"Hqq\"\" \"\"RealQGG_Charge0__Ppp\"\" \"\"RealQGG_Ppp_2_6_Value\"\" kernel \"3\n"
"From remote kernel:"
"\"MAP \"\"Hqq\"\" \"\"RealQGG_Charge0__Ppp\"\" \"\"RealQGG_Ppp_2_7_Value\"\" kernel \"1\n"
"From remote kernel:"
"\"MAP \"\"Hqq\"\" \"\"RealQGG_Charge0__Ppp\"\" \"\"RealQGG_Ppp_2_8_Value\"\" kernel \"2\n"
"From remote kernel:"
"\"MAP \"\"Hqq\"\" \"\"RealQGG_Charge0__Ppp\"\" \"\"RealQGG_Ppp_3_3_Value\"\" kernel \"4\n"
"From remote kernel:"
"\"MAP \"\"Hqq\"\" \"\"RealQGG_Charge0__Ppp\"\" \"\"RealQGG_Ppp_3_4_Value\"\" kernel \"3\n"
"From remote kernel:"
"\"MAP \"\"Hqq\"\" \"\"RealQGG_Charge0__Ppp\"\" \"\"RealQGG_Ppp_3_5_Value\"\" kernel \"1\n"
"From remote kernel:"
"\"MAP \"\"Hqq\"\" \"\"RealQGG_Charge0__Ppp\"\" \"\"RealQGG_Ppp_3_6_Value\"\" kernel \"2\n"
"From remote kernel:"
"\"MAP \"\"Hqq\"\" \"\"RealQGG_Charge0__Ppp\"\" \"\"RealQGG_Ppp_3_7_Value\"\" kernel \"3\n"
"From remote kernel:"
"\"MAP \"\"Hqq\"\" \"\"RealQGG_Charge0__Ppp\"\" \"\"RealQGG_Ppp_3_8_Value\"\" kernel \"4\n"
"From remote kernel:"
"\"MAP \"\"Hqq\"\" \"\"RealQGG_Charge0__Ppp\"\" \"\"RealQGG_Ppp_4_4_Value\"\" kernel \"1\n"
"From remote kernel:"
"\"MAP \"\"Hqq\"\" \"\"RealQGG_Charge0__Ppp\"\" \"\"RealQGG_Ppp_4_5_Value\"\" kernel \"2\n"
"From remote kernel:"
"\"MAP \"\"Hqq\"\" \"\"RealQGG_Charge0__Ppp\"\" \"\"RealQGG_Ppp_4_6_Value\"\" kernel \"3\n"
"From remote kernel:"
"\"MAP \"\"Hqq\"\" \"\"RealQGG_Charge0__Ppp\"\" \"\"RealQGG_Ppp_4_7_Value\"\" kernel \"4\n"
"From remote kernel:"
"\"MAP \"\"Hqq\"\" \"\"RealQGG_Charge0__Ppp\"\" \"\"RealQGG_Ppp_4_8_Value\"\" kernel \"3\n"
"From remote kernel:"
"\"MAP \"\"Hqq\"\" \"\"RealQGG_Charge0__Ppp\"\" \"\"RealQGG_Ppp_5_5_Value\"\" kernel \"2\n"
"From remote kernel:"
"\"MAP \"\"Hqq\"\" \"\"RealQGG_Charge0__Ppp\"\" \"\"RealQGG_Ppp_5_6_Value\"\" kernel \"1\n"
"From remote kernel:"
"\"MAP \"\"Hqq\"\" \"\"RealQGG_Charge0__Ppp\"\" \"\"RealQGG_Ppp_5_7_Value\"\" kernel \"1\n"
"From remote kernel:"
"\"MAP \"\"Hqq\"\" \"\"RealQGG_Charge0__Ppp\"\" \"\"RealQGG_Ppp_5_8_Value\"\" kernel \"2\n"
"From remote kernel:"
"\"MAP \"\"Hqq\"\" \"\"RealQGG_Charge0__Ppp\"\" \"\"RealQGG_Ppp_6_6_Value\"\" kernel \"3\n"
"From remote kernel:"
"\"MAP \"\"Hqq\"\" \"\"RealQGG_Charge0__Ppp\"\" \"\"RealQGG_Ppp_6_7_Value\"\" kernel \"4\n"
"From remote kernel:"
"\"MAP \"\"Hqq\"\" \"\"RealQGG_Charge0__Ppp\"\" \"\"RealQGG_Ppp_6_8_Value\"\" kernel \"3\n"
"From remote kernel:"
"\"MAP \"\"Hqq\"\" \"\"RealQGG_Charge0__Ppp\"\" \"\"RealQGG_Ppp_7_7_Value\"\" kernel \"1\n"
"From remote kernel:"
"\"MAP \"\"Hqq\"\" \"\"RealQGG_Charge0__Ppp\"\" \"\"RealQGG_Ppp_7_8_Value\"\" kernel \"1\n"
"From remote kernel:"
"\"MAP \"\"Hqq\"\" \"\"RealQGG_Charge0__Ppp\"\" \"\"RealQGG_Ppp_8_8_Value\"\" kernel \"2\n"
"From remote kernel:"
"\"MAP \"\"Hqq\"\" \"\"RealSame_Charge0__Pg\"\" \"\"RealSame_Pg_1_1_Value\"\" kernel \"2\n"
"From remote kernel:"
"\"MAP \"\"Hqq\"\" \"\"RealSame_Charge0__Pg\"\" \"\"RealSame_Pg_1_2_Value\"\" kernel \"2\n"
"From remote kernel:"
"\"MAP \"\"Hqq\"\" \"\"RealSame_Charge0__Pg\"\" \"\"RealSame_Pg_1_3_Value\"\" kernel \"4\n"
"From remote kernel:"
"\"MAP \"\"Hqq\"\" \"\"RealSame_Charge0__Pg\"\" \"\"RealSame_Pg_1_4_Value\"\" kernel \"3\n"
"From remote kernel:"
"\"MAP \"\"Hqq\"\" \"\"RealSame_Charge0__Pg\"\" \"\"RealSame_Pg_1_5_Value\"\" kernel \"2\n"
"From remote kernel:"
"\"MAP \"\"Hqq\"\" \"\"RealSame_Charge0__Pg\"\" \"\"RealSame_Pg_1_6_Value\"\" kernel \"4\n"
"From remote kernel:"
"\"MAP \"\"Hqq\"\" \"\"RealSame_Charge0__Pg\"\" \"\"RealSame_Pg_1_7_Value\"\" kernel \"3\n"
"From remote kernel:"
"\"MAP \"\"Hqq\"\" \"\"RealSame_Charge0__Pg\"\" \"\"RealSame_Pg_1_8_Value\"\" kernel \"1\n"
"From remote kernel:"
"\"MAP \"\"Hqq\"\" \"\"RealSame_Charge0__Pg\"\" \"\"RealSame_Pg_2_2_Value\"\" kernel \"3\n"
"From remote kernel:"
"\"MAP \"\"Hqq\"\" \"\"RealSame_Charge0__Pg\"\" \"\"RealSame_Pg_2_3_Value\"\" kernel \"2\n"
"From remote kernel:"
"\"MAP \"\"Hqq\"\" \"\"RealSame_Charge0__Pg\"\" \"\"RealSame_Pg_2_4_Value\"\" kernel \"4\n"
"From remote kernel:"
"\"MAP \"\"Hqq\"\" \"\"RealSame_Charge0__Pg\"\" \"\"RealSame_Pg_2_5_Value\"\" kernel \"3\n"
"From remote kernel:"
"\"MAP \"\"Hqq\"\" \"\"RealSame_Charge0__Pg\"\" \"\"RealSame_Pg_2_6_Value\"\" kernel \"4\n"
"From remote kernel:"
"\"MAP \"\"Hqq\"\" \"\"RealSame_Charge0__Pg\"\" \"\"RealSame_Pg_2_7_Value\"\" kernel \"2\n"
"From remote kernel:"
"\"MAP \"\"Hqq\"\" \"\"RealSame_Charge0__Pg\"\" \"\"RealSame_Pg_2_8_Value\"\" kernel \"3\n"
"From remote kernel:"
"\"MAP \"\"Hqq\"\" \"\"RealSame_Charge0__Pg\"\" \"\"RealSame_Pg_3_3_Value\"\" kernel \"1\n"
"From remote kernel:"
"\"MAP \"\"Hqq\"\" \"\"RealSame_Charge0__Pg\"\" \"\"RealSame_Pg_3_4_Value\"\" kernel \"4\n"
"From remote kernel:"
"\"MAP \"\"Hqq\"\" \"\"RealSame_Charge0__Pg\"\" \"\"RealSame_Pg_3_5_Value\"\" kernel \"1\n"
"From remote kernel:"
"\"MAP \"\"Hqq\"\" \"\"RealSame_Charge0__Pg\"\" \"\"RealSame_Pg_3_6_Value\"\" kernel \"2\n"
"From remote kernel:"
"\"MAP \"\"Hqq\"\" \"\"RealSame_Charge0__Pg\"\" \"\"RealSame_Pg_3_7_Value\"\" kernel \"4\n"
"From remote kernel:"
"\"MAP \"\"Hqq\"\" \"\"RealSame_Charge0__Pg\"\" \"\"RealSame_Pg_3_8_Value\"\" kernel \"3\n"
"From remote kernel:"
"\"MAP \"\"Hqq\"\" \"\"RealSame_Charge0__Pg\"\" \"\"RealSame_Pg_4_4_Value\"\" kernel \"3\n"
"From remote kernel:"
"\"MAP \"\"Hqq\"\" \"\"RealSame_Charge0__Pg\"\" \"\"RealSame_Pg_4_5_Value\"\" kernel \"1\n"
"From remote kernel:"
"\"MAP \"\"Hqq\"\" \"\"RealSame_Charge0__Pg\"\" \"\"RealSame_Pg_4_6_Value\"\" kernel \"2\n"
"From remote kernel:"
"\"MAP \"\"Hqq\"\" \"\"RealSame_Charge0__Pg\"\" \"\"RealSame_Pg_4_7_Value\"\" kernel \"3\n"
"From remote kernel:"
"\"MAP \"\"Hqq\"\" \"\"RealSame_Charge0__Pg\"\" \"\"RealSame_Pg_4_8_Value\"\" kernel \"1\n"
"From remote kernel:"
"\"MAP \"\"Hqq\"\" \"\"RealSame_Charge0__Pg\"\" \"\"RealSame_Pg_5_5_Value\"\" kernel \"2\n"
"From remote kernel:"
"\"MAP \"\"Hqq\"\" \"\"RealSame_Charge0__Pg\"\" \"\"RealSame_Pg_5_6_Value\"\" kernel \"3\n"
"From remote kernel:"
"\"MAP \"\"Hqq\"\" \"\"RealSame_Charge0__Pg\"\" \"\"RealSame_Pg_5_7_Value\"\" kernel \"1\n"
"From remote kernel:"
"\"MAP \"\"Hqq\"\" \"\"RealSame_Charge0__Pg\"\" \"\"RealSame_Pg_5_8_Value\"\" kernel \"2\n"
"From remote kernel:"
"\"MAP \"\"Hqq\"\" \"\"RealSame_Charge0__Pg\"\" \"\"RealSame_Pg_6_6_Value\"\" kernel \"4\n"
"From remote kernel:"
"\"MAP \"\"Hqq\"\" \"\"RealSame_Charge0__Pg\"\" \"\"RealSame_Pg_6_7_Value\"\" kernel \"1\n"
"From remote kernel:"
"\"MAP \"\"Hqq\"\" \"\"RealSame_Charge0__Pg\"\" \"\"RealSame_Pg_6_8_Value\"\" kernel \"4\n"
"From remote kernel:"
"\"MAP \"\"Hqq\"\" \"\"RealSame_Charge0__Pg\"\" \"\"RealSame_Pg_7_7_Value\"\" kernel \"3\n"
"From remote kernel:"
"\"MAP \"\"Hqq\"\" \"\"RealSame_Charge0__Pg\"\" \"\"RealSame_Pg_7_8_Value\"\" kernel \"4\n"
"From remote kernel:"
"\"MAP \"\"Hqq\"\" \"\"RealSame_Charge0__Pg\"\" \"\"RealSame_Pg_8_8_Value\"\" kernel \"3\n"
"From remote kernel:"
"\"MAP \"\"Hqq\"\" \"\"RealSame_Charge0__Ppp\"\" \"\"RealSame_Ppp_1_1_Value\"\" kernel \"2\n"
"From remote kernel:"
"\"MAP \"\"Hqq\"\" \"\"RealSame_Charge0__Ppp\"\" \"\"RealSame_Ppp_1_2_Value\"\" kernel \"3\n"
"From remote kernel:"
"\"MAP \"\"Hqq\"\" \"\"RealSame_Charge0__Ppp\"\" \"\"RealSame_Ppp_1_3_Value\"\" kernel \"2\n"
"From remote kernel:"
"\"MAP \"\"Hqq\"\" \"\"RealSame_Charge0__Ppp\"\" \"\"RealSame_Ppp_1_4_Value\"\" kernel \"3\n"
"From remote kernel:"
"\"MAP \"\"Hqq\"\" \"\"RealSame_Charge0__Ppp\"\" \"\"RealSame_Ppp_1_5_Value\"\" kernel \"2\n"
"From remote kernel:"
"\"MAP \"\"Hqq\"\" \"\"RealSame_Charge0__Ppp\"\" \"\"RealSame_Ppp_1_6_Value\"\" kernel \"3\n"
"From remote kernel:"
"\"MAP \"\"Hqq\"\" \"\"RealSame_Charge0__Ppp\"\" \"\"RealSame_Ppp_1_7_Value\"\" kernel \"2\n"
"From remote kernel:"
"\"MAP \"\"Hqq\"\" \"\"RealSame_Charge0__Ppp\"\" \"\"RealSame_Ppp_1_8_Value\"\" kernel \"1\n"
"From remote kernel:"
"\"MAP \"\"Hqq\"\" \"\"RealSame_Charge0__Ppp\"\" \"\"RealSame_Ppp_2_2_Value\"\" kernel \"3\n"
"From remote kernel:"
"\"MAP \"\"Hqq\"\" \"\"RealSame_Charge0__Ppp\"\" \"\"RealSame_Ppp_2_4_Value\"\" kernel \"1\n"
"From remote kernel:"
"\"MAP \"\"Hqq\"\" \"\"RealSame_Charge0__Ppp\"\" \"\"RealSame_Ppp_2_3_Value\"\" kernel \"2\n"
"From remote kernel:"
"\"MAP \"\"Hqq\"\" \"\"RealSame_Charge0__Ppp\"\" \"\"RealSame_Ppp_2_6_Value\"\" kernel \"2\n"
"From remote kernel:"
"\"MAP \"\"Hqq\"\" \"\"RealSame_Charge0__Ppp\"\" \"\"RealSame_Ppp_2_5_Value\"\" kernel \"3\n"
"From remote kernel:"
"\"MAP \"\"Hqq\"\" \"\"RealSame_Charge0__Ppp\"\" \"\"RealSame_Ppp_2_7_Value\"\" kernel \"1\n"
"From remote kernel:"
"\"MAP \"\"Hqq\"\" \"\"RealSame_Charge0__Ppp\"\" \"\"RealSame_Ppp_2_8_Value\"\" kernel \"2\n"
"From remote kernel:"
"\"MAP \"\"Hqq\"\" \"\"RealSame_Charge0__Ppp\"\" \"\"RealSame_Ppp_3_3_Value\"\" kernel \"3\n"
"From remote kernel:"
"\"MAP \"\"Hqq\"\" \"\"RealSame_Charge0__Ppp\"\" \"\"RealSame_Ppp_3_4_Value\"\" kernel \"1\n"
"From remote kernel:"
"\"MAP \"\"Hqq\"\" \"\"RealSame_Charge0__Ppp\"\" \"\"RealSame_Ppp_3_5_Value\"\" kernel \"2\n"
"From remote kernel:"
"\"MAP \"\"Hqq\"\" \"\"RealSame_Charge0__Ppp\"\" \"\"RealSame_Ppp_3_6_Value\"\" kernel \"3\n"
"From remote kernel:"
"\"MAP \"\"Hqq\"\" \"\"RealSame_Charge0__Ppp\"\" \"\"RealSame_Ppp_3_7_Value\"\" kernel \"1\n"
"From remote kernel:"
"\"MAP \"\"Hqq\"\" \"\"RealSame_Charge0__Ppp\"\" \"\"RealSame_Ppp_3_8_Value\"\" kernel \"2\n"
"From remote kernel:"
"\"MAP \"\"Hqq\"\" \"\"RealSame_Charge0__Ppp\"\" \"\"RealSame_Ppp_4_4_Value\"\" kernel \"3\n"
"From remote kernel:"
"\"MAP \"\"Hqq\"\" \"\"RealSame_Charge0__Ppp\"\" \"\"RealSame_Ppp_4_5_Value\"\" kernel \"3\n"
"From remote kernel:"
"\"MAP \"\"Hqq\"\" \"\"RealSame_Charge0__Ppp\"\" \"\"RealSame_Ppp_4_6_Value\"\" kernel \"2\n"
"From remote kernel:"
"\"MAP \"\"Hqq\"\" \"\"RealSame_Charge0__Ppp\"\" \"\"RealSame_Ppp_4_7_Value\"\" kernel \"3\n"
"From remote kernel:"
"\"MAP \"\"Hqq\"\" \"\"RealSame_Charge0__Ppp\"\" \"\"RealSame_Ppp_4_8_Value\"\" kernel \"2\n"
"From remote kernel:"
"\"MAP \"\"Hqq\"\" \"\"RealSame_Charge0__Ppp\"\" \"\"RealSame_Ppp_5_5_Value\"\" kernel \"1\n"
"From remote kernel:"
"\"MAP \"\"Hqq\"\" \"\"RealSame_Charge0__Ppp\"\" \"\"RealSame_Ppp_5_6_Value\"\" kernel \"3\n"
"From remote kernel:"
"\"MAP \"\"Hqq\"\" \"\"RealSame_Charge0__Ppp\"\" \"\"RealSame_Ppp_5_7_Value\"\" kernel \"2\n"
"From remote kernel:"
"\"MAP \"\"Hqq\"\" \"\"RealSame_Charge0__Ppp\"\" \"\"RealSame_Ppp_5_8_Value\"\" kernel \"1\n"
"From remote kernel:"
"\"MAP \"\"Hqq\"\" \"\"RealSame_Charge0__Ppp\"\" \"\"RealSame_Ppp_6_6_Value\"\" kernel \"2\n"
"From remote kernel:"
"\"MAP \"\"Hqq\"\" \"\"RealSame_Charge0__Ppp\"\" \"\"RealSame_Ppp_6_7_Value\"\" kernel \"2\n"
"From remote kernel:"
"\"MAP \"\"Hqq\"\" \"\"RealSame_Charge0__Ppp\"\" \"\"RealSame_Ppp_6_8_Value\"\" kernel \"3\n"
"From remote kernel:"
"\"MAP \"\"Hqq\"\" \"\"RealSame_Charge0__Ppp\"\" \"\"RealSame_Ppp_7_7_Value\"\" kernel \"4\n"
"From remote kernel:"
"\"MAP \"\"Hqq\"\" \"\"RealSame_Charge0__Ppp\"\" \"\"RealSame_Ppp_7_8_Value\"\" kernel \"4\n"
"From remote kernel:"
"\"MAP \"\"Hqq\"\" \"\"RealSame_Charge0__Ppp\"\" \"\"RealSame_Ppp_8_8_Value\"\" kernel \"3\n"
"CHANNEL_MAPPED ""Hqq"" targets "141
"PAIR_SUMS_ACCEPTED ""Hqg"" mapping tasks "72
"From remote kernel:"
"\"MAP \"\"Hqg\"\" \"\"Pg\"\" \"\"Pg_01_01_Value\"\" kernel \"1\n"
"From remote kernel:"
"\"MAP \"\"Hqg\"\" \"\"Pg\"\" \"\"Pg_01_02_Value\"\" kernel \"2\n"
"From remote kernel:"
"\"MAP \"\"Hqg\"\" \"\"Pg\"\" \"\"Pg_01_03_Value\"\" kernel \"3\n"
"From remote kernel:"
"\"MAP \"\"Hqg\"\" \"\"Pg\"\" \"\"Pg_01_04_Value\"\" kernel \"4\n"
"From remote kernel:"
"\"MAP \"\"Hqg\"\" \"\"Pg\"\" \"\"Pg_01_05_Value\"\" kernel \"1\n"
"From remote kernel:"
"\"MAP \"\"Hqg\"\" \"\"Pg\"\" \"\"Pg_01_06_Value\"\" kernel \"3\n"
"From remote kernel:"
"\"MAP \"\"Hqg\"\" \"\"Pg\"\" \"\"Pg_01_07_Value\"\" kernel \"1\n"
"From remote kernel:"
"\"MAP \"\"Hqg\"\" \"\"Pg\"\" \"\"Pg_01_08_Value\"\" kernel \"4\n"
"From remote kernel:"
"\"MAP \"\"Hqg\"\" \"\"Pg\"\" \"\"Pg_02_02_Value\"\" kernel \"4\n"
"From remote kernel:"
"\"MAP \"\"Hqg\"\" \"\"Pg\"\" \"\"Pg_02_03_Value\"\" kernel \"2\n"
"From remote kernel:"
"\"MAP \"\"Hqg\"\" \"\"Pg\"\" \"\"Pg_02_04_Value\"\" kernel \"3\n"
"From remote kernel:"
"\"MAP \"\"Hqg\"\" \"\"Pg\"\" \"\"Pg_02_05_Value\"\" kernel \"4\n"
"From remote kernel:"
"\"MAP \"\"Hqg\"\" \"\"Pg\"\" \"\"Pg_02_06_Value\"\" kernel \"4\n"
"From remote kernel:"
"\"MAP \"\"Hqg\"\" \"\"Pg\"\" \"\"Pg_02_07_Value\"\" kernel \"2\n"
"From remote kernel:"
"\"MAP \"\"Hqg\"\" \"\"Pg\"\" \"\"Pg_02_08_Value\"\" kernel \"3\n"
"From remote kernel:"
"\"MAP \"\"Hqg\"\" \"\"Pg\"\" \"\"Pg_03_03_Value\"\" kernel \"4\n"
"From remote kernel:"
"\"MAP \"\"Hqg\"\" \"\"Pg\"\" \"\"Pg_03_04_Value\"\" kernel \"3\n"
"From remote kernel:"
"\"MAP \"\"Hqg\"\" \"\"Pg\"\" \"\"Pg_03_05_Value\"\" kernel \"4\n"
"From remote kernel:"
"\"MAP \"\"Hqg\"\" \"\"Pg\"\" \"\"Pg_03_06_Value\"\" kernel \"4\n"
"From remote kernel:"
"\"MAP \"\"Hqg\"\" \"\"Pg\"\" \"\"Pg_03_07_Value\"\" kernel \"3\n"
"From remote kernel:"
"\"MAP \"\"Hqg\"\" \"\"Pg\"\" \"\"Pg_03_08_Value\"\" kernel \"4\n"
"From remote kernel:"
"\"MAP \"\"Hqg\"\" \"\"Pg\"\" \"\"Pg_04_04_Value\"\" kernel \"4\n"
"From remote kernel:"
"\"MAP \"\"Hqg\"\" \"\"Pg\"\" \"\"Pg_04_05_Value\"\" kernel \"4\n"
"From remote kernel:"
"\"MAP \"\"Hqg\"\" \"\"Pg\"\" \"\"Pg_04_06_Value\"\" kernel \"4\n"
"From remote kernel:"
"\"MAP \"\"Hqg\"\" \"\"Pg\"\" \"\"Pg_04_07_Value\"\" kernel \"4\n"
"From remote kernel:"
"\"MAP \"\"Hqg\"\" \"\"Pg\"\" \"\"Pg_04_08_Value\"\" kernel \"1\n"
"From remote kernel:"
"\"MAP \"\"Hqg\"\" \"\"Pg\"\" \"\"Pg_05_05_Value\"\" kernel \"2\n"
"From remote kernel:"
"\"MAP \"\"Hqg\"\" \"\"Pg\"\" \"\"Pg_05_06_Value\"\" kernel \"2\n"
"From remote kernel:"
"\"MAP \"\"Hqg\"\" \"\"Pg\"\" \"\"Pg_05_07_Value\"\" kernel \"1\n"
"From remote kernel:"
"\"MAP \"\"Hqg\"\" \"\"Pg\"\" \"\"Pg_05_08_Value\"\" kernel \"2\n"
"From remote kernel:"
"\"MAP \"\"Hqg\"\" \"\"Pg\"\" \"\"Pg_06_06_Value\"\" kernel \"2\n"
"From remote kernel:"
"\"MAP \"\"Hqg\"\" \"\"Pg\"\" \"\"Pg_06_07_Value\"\" kernel \"3\n"
"From remote kernel:"
"\"MAP \"\"Hqg\"\" \"\"Pg\"\" \"\"Pg_06_08_Value\"\" kernel \"2\n"
"From remote kernel:"
"\"MAP \"\"Hqg\"\" \"\"Pg\"\" \"\"Pg_07_07_Value\"\" kernel \"4\n"
"From remote kernel:"
"\"MAP \"\"Hqg\"\" \"\"Pg\"\" \"\"Pg_07_08_Value\"\" kernel \"1\n"
"From remote kernel:"
"\"MAP \"\"Hqg\"\" \"\"Pg\"\" \"\"Pg_08_08_Value\"\" kernel \"2\n"
"From remote kernel:"
"\"MAP \"\"Hqg\"\" \"\"Ppp\"\" \"\"Ppp_01_01_Value\"\" kernel \"2\n"
"From remote kernel:"
"\"MAP \"\"Hqg\"\" \"\"Ppp\"\" \"\"Ppp_01_02_Value\"\" kernel \"2\n"
"From remote kernel:"
"\"MAP \"\"Hqg\"\" \"\"Ppp\"\" \"\"Ppp_01_03_Value\"\" kernel \"2\n"
"From remote kernel:"
"\"MAP \"\"Hqg\"\" \"\"Ppp\"\" \"\"Ppp_01_04_Value\"\" kernel \"2\n"
"From remote kernel:"
"\"MAP \"\"Hqg\"\" \"\"Ppp\"\" \"\"Ppp_01_05_Value\"\" kernel \"2\n"
"From remote kernel:"
"\"MAP \"\"Hqg\"\" \"\"Ppp\"\" \"\"Ppp_01_06_Value\"\" kernel \"2\n"
"From remote kernel:"
"\"MAP \"\"Hqg\"\" \"\"Ppp\"\" \"\"Ppp_01_07_Value\"\" kernel \"2\n"
"From remote kernel:"
"\"MAP \"\"Hqg\"\" \"\"Ppp\"\" \"\"Ppp_01_08_Value\"\" kernel \"2\n"
"From remote kernel:"
"\"MAP \"\"Hqg\"\" \"\"Ppp\"\" \"\"Ppp_02_02_Value\"\" kernel \"2\n"
"From remote kernel:"
"\"MAP \"\"Hqg\"\" \"\"Ppp\"\" \"\"Ppp_02_03_Value\"\" kernel \"2\n"
"From remote kernel:"
"\"MAP \"\"Hqg\"\" \"\"Ppp\"\" \"\"Ppp_02_04_Value\"\" kernel \"2\n"
"From remote kernel:"
"\"MAP \"\"Hqg\"\" \"\"Ppp\"\" \"\"Ppp_02_05_Value\"\" kernel \"2\n"
"From remote kernel:"
"\"MAP \"\"Hqg\"\" \"\"Ppp\"\" \"\"Ppp_02_06_Value\"\" kernel \"2\n"
"From remote kernel:"
"\"MAP \"\"Hqg\"\" \"\"Ppp\"\" \"\"Ppp_02_07_Value\"\" kernel \"2\n"
"From remote kernel:"
"\"MAP \"\"Hqg\"\" \"\"Ppp\"\" \"\"Ppp_02_08_Value\"\" kernel \"2\n"
"From remote kernel:"
"\"MAP \"\"Hqg\"\" \"\"Ppp\"\" \"\"Ppp_03_03_Value\"\" kernel \"2\n"
"From remote kernel:"
"\"MAP \"\"Hqg\"\" \"\"Ppp\"\" \"\"Ppp_03_04_Value\"\" kernel \"2\n"
"From remote kernel:"
"\"MAP \"\"Hqg\"\" \"\"Ppp\"\" \"\"Ppp_03_05_Value\"\" kernel \"3\n"
"From remote kernel:"
"\"MAP \"\"Hqg\"\" \"\"Ppp\"\" \"\"Ppp_03_06_Value\"\" kernel \"2\n"
"From remote kernel:"
"\"MAP \"\"Hqg\"\" \"\"Ppp\"\" \"\"Ppp_03_07_Value\"\" kernel \"3\n"
"From remote kernel:"
"\"MAP \"\"Hqg\"\" \"\"Ppp\"\" \"\"Ppp_03_08_Value\"\" kernel \"2\n"
"From remote kernel:"
"\"MAP \"\"Hqg\"\" \"\"Ppp\"\" \"\"Ppp_04_04_Value\"\" kernel \"3\n"
"From remote kernel:"
"\"MAP \"\"Hqg\"\" \"\"Ppp\"\" \"\"Ppp_04_05_Value\"\" kernel \"2\n"
"From remote kernel:"
"\"MAP \"\"Hqg\"\" \"\"Ppp\"\" \"\"Ppp_04_06_Value\"\" kernel \"3\n"
"From remote kernel:"
"\"MAP \"\"Hqg\"\" \"\"Ppp\"\" \"\"Ppp_04_07_Value\"\" kernel \"2\n"
"From remote kernel:"
"\"MAP \"\"Hqg\"\" \"\"Ppp\"\" \"\"Ppp_04_08_Value\"\" kernel \"3\n"
"From remote kernel:"
"\"MAP \"\"Hqg\"\" \"\"Ppp\"\" \"\"Ppp_05_05_Value\"\" kernel \"2\n"
"From remote kernel:"
"\"MAP \"\"Hqg\"\" \"\"Ppp\"\" \"\"Ppp_05_06_Value\"\" kernel \"2\n"
"From remote kernel:"
"\"MAP \"\"Hqg\"\" \"\"Ppp\"\" \"\"Ppp_05_07_Value\"\" kernel \"2\n"
"From remote kernel:"
"\"MAP \"\"Hqg\"\" \"\"Ppp\"\" \"\"Ppp_05_08_Value\"\" kernel \"3\n"
"From remote kernel:"
"\"MAP \"\"Hqg\"\" \"\"Ppp\"\" \"\"Ppp_06_06_Value\"\" kernel \"3\n"
"From remote kernel:"
"\"MAP \"\"Hqg\"\" \"\"Ppp\"\" \"\"Ppp_06_07_Value\"\" kernel \"3\n"
"From remote kernel:"
"\"MAP \"\"Hqg\"\" \"\"Ppp\"\" \"\"Ppp_06_08_Value\"\" kernel \"1\n"
"From remote kernel:"
"\"MAP \"\"Hqg\"\" \"\"Ppp\"\" \"\"Ppp_07_07_Value\"\" kernel \"3\n"
"From remote kernel:"
"\"MAP \"\"Hqg\"\" \"\"Ppp\"\" \"\"Ppp_07_08_Value\"\" kernel \"2\n"
"From remote kernel:"
"\"MAP \"\"Hqg\"\" \"\"Ppp\"\" \"\"Ppp_08_08_Value\"\" kernel \"1\n"
MONITOR_HEARTBEAT elapsed=426s rss=1115.5MiB peak=1115.5MiB
"CHANNEL_MAPPED ""Hqg"" targets "110
"PAIR_SUMS_ACCEPTED ""Hgq"" mapping tasks "72
"From remote kernel:"
"\"MAP \"\"Hgq\"\" \"\"Pg\"\" \"\"Pg_01_01_Value\"\" kernel \"1\n"
"From remote kernel:"
"\"MAP \"\"Hgq\"\" \"\"Pg\"\" \"\"Pg_01_02_Value\"\" kernel \"2\n"
"From remote kernel:"
"\"MAP \"\"Hgq\"\" \"\"Pg\"\" \"\"Pg_01_03_Value\"\" kernel \"3\n"
"From remote kernel:"
"\"MAP \"\"Hgq\"\" \"\"Pg\"\" \"\"Pg_01_04_Value\"\" kernel \"4\n"
"From remote kernel:"
"\"MAP \"\"Hgq\"\" \"\"Pg\"\" \"\"Pg_01_05_Value\"\" kernel \"1\n"
"From remote kernel:"
"\"MAP \"\"Hgq\"\" \"\"Pg\"\" \"\"Pg_01_06_Value\"\" kernel \"3\n"
"From remote kernel:"
"\"MAP \"\"Hgq\"\" \"\"Pg\"\" \"\"Pg_01_07_Value\"\" kernel \"2\n"
"From remote kernel:"
"\"MAP \"\"Hgq\"\" \"\"Pg\"\" \"\"Pg_01_08_Value\"\" kernel \"4\n"
"From remote kernel:"
"\"MAP \"\"Hgq\"\" \"\"Pg\"\" \"\"Pg_02_02_Value\"\" kernel \"1\n"
"From remote kernel:"
"\"MAP \"\"Hgq\"\" \"\"Pg\"\" \"\"Pg_02_03_Value\"\" kernel \"1\n"
"From remote kernel:"
"\"MAP \"\"Hgq\"\" \"\"Pg\"\" \"\"Pg_02_04_Value\"\" kernel \"1\n"
"From remote kernel:"
"\"MAP \"\"Hgq\"\" \"\"Pg\"\" \"\"Pg_02_05_Value\"\" kernel \"1\n"
"From remote kernel:"
"\"MAP \"\"Hgq\"\" \"\"Pg\"\" \"\"Pg_02_06_Value\"\" kernel \"1\n"
"From remote kernel:"
"\"MAP \"\"Hgq\"\" \"\"Pg\"\" \"\"Pg_02_07_Value\"\" kernel \"4\n"
"From remote kernel:"
"\"MAP \"\"Hgq\"\" \"\"Pg\"\" \"\"Pg_02_08_Value\"\" kernel \"1\n"
"From remote kernel:"
"\"MAP \"\"Hgq\"\" \"\"Pg\"\" \"\"Pg_03_03_Value\"\" kernel \"3\n"
"From remote kernel:"
"\"MAP \"\"Hgq\"\" \"\"Pg\"\" \"\"Pg_03_04_Value\"\" kernel \"3\n"
"From remote kernel:"
"\"MAP \"\"Hgq\"\" \"\"Pg\"\" \"\"Pg_03_05_Value\"\" kernel \"3\n"
"From remote kernel:"
"\"MAP \"\"Hgq\"\" \"\"Pg\"\" \"\"Pg_03_06_Value\"\" kernel \"3\n"
"From remote kernel:"
"\"MAP \"\"Hgq\"\" \"\"Pg\"\" \"\"Pg_03_07_Value\"\" kernel \"1\n"
"From remote kernel:"
"\"MAP \"\"Hgq\"\" \"\"Pg\"\" \"\"Pg_03_08_Value\"\" kernel \"3\n"
"From remote kernel:"
"\"MAP \"\"Hgq\"\" \"\"Pg\"\" \"\"Pg_04_04_Value\"\" kernel \"4\n"
"From remote kernel:"
"\"MAP \"\"Hgq\"\" \"\"Pg\"\" \"\"Pg_04_05_Value\"\" kernel \"4\n"
"From remote kernel:"
"\"MAP \"\"Hgq\"\" \"\"Pg\"\" \"\"Pg_04_06_Value\"\" kernel \"4\n"
"From remote kernel:"
"\"MAP \"\"Hgq\"\" \"\"Pg\"\" \"\"Pg_04_07_Value\"\" kernel \"4\n"
"From remote kernel:"
"\"MAP \"\"Hgq\"\" \"\"Pg\"\" \"\"Pg_04_08_Value\"\" kernel \"3\n"
"From remote kernel:"
"\"MAP \"\"Hgq\"\" \"\"Pg\"\" \"\"Pg_05_05_Value\"\" kernel \"4\n"
"From remote kernel:"
"\"MAP \"\"Hgq\"\" \"\"Pg\"\" \"\"Pg_05_06_Value\"\" kernel \"4\n"
"From remote kernel:"
"\"MAP \"\"Hgq\"\" \"\"Pg\"\" \"\"Pg_05_07_Value\"\" kernel \"4\n"
"From remote kernel:"
"\"MAP \"\"Hgq\"\" \"\"Pg\"\" \"\"Pg_05_08_Value\"\" kernel \"1\n"
"From remote kernel:"
"\"MAP \"\"Hgq\"\" \"\"Pg\"\" \"\"Pg_06_06_Value\"\" kernel \"1\n"
"From remote kernel:"
"\"MAP \"\"Hgq\"\" \"\"Pg\"\" \"\"Pg_06_07_Value\"\" kernel \"1\n"
"From remote kernel:"
"\"MAP \"\"Hgq\"\" \"\"Pg\"\" \"\"Pg_06_08_Value\"\" kernel \"4\n"
"From remote kernel:"
"\"MAP \"\"Hgq\"\" \"\"Pg\"\" \"\"Pg_07_07_Value\"\" kernel \"3\n"
"From remote kernel:"
"\"MAP \"\"Hgq\"\" \"\"Pg\"\" \"\"Pg_07_08_Value\"\" kernel \"3\n"
"From remote kernel:"
"\"MAP \"\"Hgq\"\" \"\"Pg\"\" \"\"Pg_08_08_Value\"\" kernel \"1\n"
"From remote kernel:"
"\"MAP \"\"Hgq\"\" \"\"Ppp\"\" \"\"Ppp_01_01_Value\"\" kernel \"1\n"
"From remote kernel:"
"\"MAP \"\"Hgq\"\" \"\"Ppp\"\" \"\"Ppp_01_02_Value\"\" kernel \"2\n"
"From remote kernel:"
"\"MAP \"\"Hgq\"\" \"\"Ppp\"\" \"\"Ppp_01_03_Value\"\" kernel \"1\n"
"From remote kernel:"
"\"MAP \"\"Hgq\"\" \"\"Ppp\"\" \"\"Ppp_01_04_Value\"\" kernel \"2\n"
"From remote kernel:"
"\"MAP \"\"Hgq\"\" \"\"Ppp\"\" \"\"Ppp_01_05_Value\"\" kernel \"1\n"
"From remote kernel:"
"\"MAP \"\"Hgq\"\" \"\"Ppp\"\" \"\"Ppp_01_06_Value\"\" kernel \"2\n"
"From remote kernel:"
"\"MAP \"\"Hgq\"\" \"\"Ppp\"\" \"\"Ppp_01_07_Value\"\" kernel \"1\n"
"From remote kernel:"
"\"MAP \"\"Hgq\"\" \"\"Ppp\"\" \"\"Ppp_01_08_Value\"\" kernel \"2\n"
"From remote kernel:"
"\"MAP \"\"Hgq\"\" \"\"Ppp\"\" \"\"Ppp_02_02_Value\"\" kernel \"2\n"
"From remote kernel:"
"\"MAP \"\"Hgq\"\" \"\"Ppp\"\" \"\"Ppp_02_03_Value\"\" kernel \"3\n"
"From remote kernel:"
"\"MAP \"\"Hgq\"\" \"\"Ppp\"\" \"\"Ppp_02_04_Value\"\" kernel \"2\n"
"From remote kernel:"
"\"MAP \"\"Hgq\"\" \"\"Ppp\"\" \"\"Ppp_02_05_Value\"\" kernel \"3\n"
"From remote kernel:"
"\"MAP \"\"Hgq\"\" \"\"Ppp\"\" \"\"Ppp_02_06_Value\"\" kernel \"2\n"
"From remote kernel:"
"\"MAP \"\"Hgq\"\" \"\"Ppp\"\" \"\"Ppp_02_07_Value\"\" kernel \"3\n"
"From remote kernel:"
"\"MAP \"\"Hgq\"\" \"\"Ppp\"\" \"\"Ppp_02_08_Value\"\" kernel \"3\n"
"From remote kernel:"
"\"MAP \"\"Hgq\"\" \"\"Ppp\"\" \"\"Ppp_03_03_Value\"\" kernel \"2\n"
"From remote kernel:"
"\"MAP \"\"Hgq\"\" \"\"Ppp\"\" \"\"Ppp_03_04_Value\"\" kernel \"2\n"
"From remote kernel:"
"\"MAP \"\"Hgq\"\" \"\"Ppp\"\" \"\"Ppp_03_05_Value\"\" kernel \"3\n"
"From remote kernel:"
"\"MAP \"\"Hgq\"\" \"\"Ppp\"\" \"\"Ppp_03_06_Value\"\" kernel \"3\n"
"From remote kernel:"
"\"MAP \"\"Hgq\"\" \"\"Ppp\"\" \"\"Ppp_03_07_Value\"\" kernel \"2\n"
"From remote kernel:"
"\"MAP \"\"Hgq\"\" \"\"Ppp\"\" \"\"Ppp_03_08_Value\"\" kernel \"3\n"
"From remote kernel:"
"\"MAP \"\"Hgq\"\" \"\"Ppp\"\" \"\"Ppp_04_04_Value\"\" kernel \"3\n"
"From remote kernel:"
"\"MAP \"\"Hgq\"\" \"\"Ppp\"\" \"\"Ppp_04_05_Value\"\" kernel \"4\n"
"From remote kernel:"
"\"MAP \"\"Hgq\"\" \"\"Ppp\"\" \"\"Ppp_04_06_Value\"\" kernel \"3\n"
"From remote kernel:"
"\"MAP \"\"Hgq\"\" \"\"Ppp\"\" \"\"Ppp_04_07_Value\"\" kernel \"4\n"
"From remote kernel:"
"\"MAP \"\"Hgq\"\" \"\"Ppp\"\" \"\"Ppp_04_08_Value\"\" kernel \"4\n"
"From remote kernel:"
"\"MAP \"\"Hgq\"\" \"\"Ppp\"\" \"\"Ppp_05_05_Value\"\" kernel \"3\n"
"From remote kernel:"
"\"MAP \"\"Hgq\"\" \"\"Ppp\"\" \"\"Ppp_05_06_Value\"\" kernel \"3\n"
"From remote kernel:"
"\"MAP \"\"Hgq\"\" \"\"Ppp\"\" \"\"Ppp_05_07_Value\"\" kernel \"3\n"
"From remote kernel:"
"\"MAP \"\"Hgq\"\" \"\"Ppp\"\" \"\"Ppp_05_08_Value\"\" kernel \"3\n"
"From remote kernel:"
"\"MAP \"\"Hgq\"\" \"\"Ppp\"\" \"\"Ppp_06_06_Value\"\" kernel \"3\n"
"From remote kernel:"
"\"MAP \"\"Hgq\"\" \"\"Ppp\"\" \"\"Ppp_06_07_Value\"\" kernel \"4\n"
"From remote kernel:"
"\"MAP \"\"Hgq\"\" \"\"Ppp\"\" \"\"Ppp_06_08_Value\"\" kernel \"4\n"
"From remote kernel:"
"\"MAP \"\"Hgq\"\" \"\"Ppp\"\" \"\"Ppp_07_07_Value\"\" kernel \"3\n"
"From remote kernel:"
"\"MAP \"\"Hgq\"\" \"\"Ppp\"\" \"\"Ppp_07_08_Value\"\" kernel \"3\n"
"From remote kernel:"
"\"MAP \"\"Hgq\"\" \"\"Ppp\"\" \"\"Ppp_08_08_Value\"\" kernel \"2\n"
"CHANNEL_MAPPED ""Hgq"" targets "133
MONITOR_HEARTBEAT elapsed=457s rss=1225.2MiB peak=1225.2MiB
"PAIR_SUMS_ACCEPTED ""Hgg"" mapping tasks "72
"From remote kernel:"
"\"MAP \"\"Hgg\"\" \"\"g\"\" \"\"real_0101_g\"\" kernel \"1\n"
"From remote kernel:"
"\"MAP \"\"Hgg\"\" \"\"pp\"\" \"\"real_0101_pp\"\" kernel \"2\n"
"From remote kernel:"
"\"MAP \"\"Hgg\"\" \"\"g\"\" \"\"real_0102_g\"\" kernel \"3\n"
"From remote kernel:"
"\"MAP \"\"Hgg\"\" \"\"pp\"\" \"\"real_0102_pp\"\" kernel \"4\n"
"From remote kernel:"
"\"MAP \"\"Hgg\"\" \"\"g\"\" \"\"real_0103_g\"\" kernel \"1\n"
"From remote kernel:"
"\"MAP \"\"Hgg\"\" \"\"pp\"\" \"\"real_0103_pp\"\" kernel \"2\n"
"From remote kernel:"
"\"MAP \"\"Hgg\"\" \"\"g\"\" \"\"real_0104_g\"\" kernel \"4\n"
"From remote kernel:"
"\"MAP \"\"Hgg\"\" \"\"pp\"\" \"\"real_0104_pp\"\" kernel \"2\n"
"From remote kernel:"
"\"MAP \"\"Hgg\"\" \"\"g\"\" \"\"real_0105_g\"\" kernel \"3\n"
"From remote kernel:"
"\"MAP \"\"Hgg\"\" \"\"pp\"\" \"\"real_0105_pp\"\" kernel \"1\n"
"From remote kernel:"
"\"MAP \"\"Hgg\"\" \"\"g\"\" \"\"real_0106_g\"\" kernel \"2\n"
"From remote kernel:"
"\"MAP \"\"Hgg\"\" \"\"pp\"\" \"\"real_0106_pp\"\" kernel \"4\n"
"From remote kernel:"
"\"MAP \"\"Hgg\"\" \"\"g\"\" \"\"real_0107_g\"\" kernel \"4\n"
"From remote kernel:"
"\"MAP \"\"Hgg\"\" \"\"pp\"\" \"\"real_0107_pp\"\" kernel \"1\n"
"From remote kernel:"
"\"MAP \"\"Hgg\"\" \"\"g\"\" \"\"real_0108_g\"\" kernel \"3\n"
"From remote kernel:"
"\"MAP \"\"Hgg\"\" \"\"pp\"\" \"\"real_0108_pp\"\" kernel \"1\n"
"From remote kernel:"
"\"MAP \"\"Hgg\"\" \"\"g\"\" \"\"real_0202_g\"\" kernel \"1\n"
"From remote kernel:"
"\"MAP \"\"Hgg\"\" \"\"pp\"\" \"\"real_0202_pp\"\" kernel \"1\n"
"From remote kernel:"
"\"MAP \"\"Hgg\"\" \"\"g\"\" \"\"real_0203_g\"\" kernel \"1\n"
"From remote kernel:"
"\"MAP \"\"Hgg\"\" \"\"pp\"\" \"\"real_0203_pp\"\" kernel \"4\n"
"From remote kernel:"
"\"MAP \"\"Hgg\"\" \"\"g\"\" \"\"real_0204_g\"\" kernel \"2\n"
"From remote kernel:"
"\"MAP \"\"Hgg\"\" \"\"pp\"\" \"\"real_0204_pp\"\" kernel \"4\n"
"From remote kernel:"
"\"MAP \"\"Hgg\"\" \"\"g\"\" \"\"real_0205_g\"\" kernel \"3\n"
"From remote kernel:"
"\"MAP \"\"Hgg\"\" \"\"pp\"\" \"\"real_0205_pp\"\" kernel \"4\n"
"From remote kernel:"
"\"MAP \"\"Hgg\"\" \"\"g\"\" \"\"real_0206_g\"\" kernel \"3\n"
"From remote kernel:"
"\"MAP \"\"Hgg\"\" \"\"pp\"\" \"\"real_0206_pp\"\" kernel \"1\n"
"From remote kernel:"
"\"MAP \"\"Hgg\"\" \"\"g\"\" \"\"real_0207_g\"\" kernel \"4\n"
"From remote kernel:"
"\"MAP \"\"Hgg\"\" \"\"pp\"\" \"\"real_0207_pp\"\" kernel \"2\n"
"From remote kernel:"
"\"MAP \"\"Hgg\"\" \"\"g\"\" \"\"real_0208_g\"\" kernel \"4\n"
"From remote kernel:"
"\"MAP \"\"Hgg\"\" \"\"pp\"\" \"\"real_0208_pp\"\" kernel \"1\n"
"From remote kernel:"
"\"MAP \"\"Hgg\"\" \"\"g\"\" \"\"real_0303_g\"\" kernel \"2\n"
"From remote kernel:"
"\"MAP \"\"Hgg\"\" \"\"pp\"\" \"\"real_0303_pp\"\" kernel \"1\n"
"From remote kernel:"
"\"MAP \"\"Hgg\"\" \"\"g\"\" \"\"real_0304_g\"\" kernel \"2\n"
"From remote kernel:"
"\"MAP \"\"Hgg\"\" \"\"pp\"\" \"\"real_0304_pp\"\" kernel \"3\n"
"From remote kernel:"
"\"MAP \"\"Hgg\"\" \"\"g\"\" \"\"real_0305_g\"\" kernel \"3\n"
"From remote kernel:"
"\"MAP \"\"Hgg\"\" \"\"pp\"\" \"\"real_0305_pp\"\" kernel \"1\n"
"From remote kernel:"
"\"MAP \"\"Hgg\"\" \"\"g\"\" \"\"real_0306_g\"\" kernel \"4\n"
"From remote kernel:"
"\"MAP \"\"Hgg\"\" \"\"pp\"\" \"\"real_0306_pp\"\" kernel \"2\n"
"From remote kernel:"
"\"MAP \"\"Hgg\"\" \"\"g\"\" \"\"real_0307_g\"\" kernel \"2\n"
"From remote kernel:"
"\"MAP \"\"Hgg\"\" \"\"pp\"\" \"\"real_0307_pp\"\" kernel \"1\n"
"From remote kernel:"
"\"MAP \"\"Hgg\"\" \"\"g\"\" \"\"real_0308_g\"\" kernel \"3\n"
"From remote kernel:"
"\"MAP \"\"Hgg\"\" \"\"pp\"\" \"\"real_0308_pp\"\" kernel \"4\n"
"From remote kernel:"
"\"MAP \"\"Hgg\"\" \"\"g\"\" \"\"real_0404_g\"\" kernel \"3\n"
"From remote kernel:"
"\"MAP \"\"Hgg\"\" \"\"pp\"\" \"\"real_0404_pp\"\" kernel \"3\n"
"From remote kernel:"
"\"MAP \"\"Hgg\"\" \"\"g\"\" \"\"real_0405_g\"\" kernel \"3\n"
"From remote kernel:"
"\"MAP \"\"Hgg\"\" \"\"pp\"\" \"\"real_0405_pp\"\" kernel \"4\n"
"From remote kernel:"
"\"MAP \"\"Hgg\"\" \"\"g\"\" \"\"real_0406_g\"\" kernel \"2\n"
"From remote kernel:"
"\"MAP \"\"Hgg\"\" \"\"pp\"\" \"\"real_0406_pp\"\" kernel \"2\n"
"From remote kernel:"
"\"MAP \"\"Hgg\"\" \"\"g\"\" \"\"real_0407_g\"\" kernel \"2\n"
"From remote kernel:"
"\"MAP \"\"Hgg\"\" \"\"pp\"\" \"\"real_0407_pp\"\" kernel \"1\n"
"From remote kernel:"
"\"MAP \"\"Hgg\"\" \"\"g\"\" \"\"real_0408_g\"\" kernel \"3\n"
"From remote kernel:"
"\"MAP \"\"Hgg\"\" \"\"pp\"\" \"\"real_0408_pp\"\" kernel \"2\n"
"From remote kernel:"
"\"MAP \"\"Hgg\"\" \"\"g\"\" \"\"real_0505_g\"\" kernel \"4\n"
"From remote kernel:"
"\"MAP \"\"Hgg\"\" \"\"pp\"\" \"\"real_0505_pp\"\" kernel \"2\n"
"From remote kernel:"
"\"MAP \"\"Hgg\"\" \"\"g\"\" \"\"real_0506_g\"\" kernel \"4\n"
"From remote kernel:"
"\"MAP \"\"Hgg\"\" \"\"pp\"\" \"\"real_0506_pp\"\" kernel \"2\n"
"From remote kernel:"
"\"MAP \"\"Hgg\"\" \"\"g\"\" \"\"real_0507_g\"\" kernel \"1\n"
"From remote kernel:"
"\"MAP \"\"Hgg\"\" \"\"pp\"\" \"\"real_0507_pp\"\" kernel \"2\n"
"From remote kernel:"
"\"MAP \"\"Hgg\"\" \"\"g\"\" \"\"real_0508_g\"\" kernel \"4\n"
"From remote kernel:"
"\"MAP \"\"Hgg\"\" \"\"pp\"\" \"\"real_0508_pp\"\" kernel \"2\n"
"From remote kernel:"
"\"MAP \"\"Hgg\"\" \"\"g\"\" \"\"real_0606_g\"\" kernel \"3\n"
"From remote kernel:"
"\"MAP \"\"Hgg\"\" \"\"pp\"\" \"\"real_0606_pp\"\" kernel \"3\n"
"From remote kernel:"
"\"MAP \"\"Hgg\"\" \"\"g\"\" \"\"real_0607_g\"\" kernel \"3\n"
"From remote kernel:"
"\"MAP \"\"Hgg\"\" \"\"pp\"\" \"\"real_0607_pp\"\" kernel \"2\n"
"From remote kernel:"
"\"MAP \"\"Hgg\"\" \"\"g\"\" \"\"real_0608_g\"\" kernel \"1\n"
"From remote kernel:"
"\"MAP \"\"Hgg\"\" \"\"pp\"\" \"\"real_0608_pp\"\" kernel \"2\n"
"From remote kernel:"
"\"MAP \"\"Hgg\"\" \"\"g\"\" \"\"real_0707_g\"\" kernel \"2\n"
"From remote kernel:"
"\"MAP \"\"Hgg\"\" \"\"pp\"\" \"\"real_0707_pp\"\" kernel \"2\n"
"From remote kernel:"
"\"MAP \"\"Hgg\"\" \"\"g\"\" \"\"real_0708_g\"\" kernel \"2\n"
"From remote kernel:"
"\"MAP \"\"Hgg\"\" \"\"pp\"\" \"\"real_0708_pp\"\" kernel \"1\n"
"From remote kernel:"
"\"MAP \"\"Hgg\"\" \"\"g\"\" \"\"real_0808_g\"\" kernel \"4\n"
"From remote kernel:"
"\"MAP \"\"Hgg\"\" \"\"pp\"\" \"\"real_0808_pp\"\" kernel \"1\n"
MONITOR_HEARTBEAT elapsed=487s rss=1320.3MiB peak=1320.3MiB
"CHANNEL_MAPPED ""Hgg"" targets "275
MONITOR_HEARTBEAT elapsed=518s rss=1317.0MiB peak=1328.7MiB
"PAIR_SUMS_ACCEPTED ""Hqqbar"" mapping tasks "72
"From remote kernel:"
"\"MAP \"\"Hqqbar\"\" \"\"g\"\" \"\"real_0101_g\"\" kernel \"1\n"
"From remote kernel:"
"\"MAP \"\"Hqqbar\"\" \"\"pp\"\" \"\"real_0101_pp\"\" kernel \"2\n"
"From remote kernel:"
"\"MAP \"\"Hqqbar\"\" \"\"g\"\" \"\"real_0102_g\"\" kernel \"3\n"
"From remote kernel:"
"\"MAP \"\"Hqqbar\"\" \"\"pp\"\" \"\"real_0102_pp\"\" kernel \"4\n"
"From remote kernel:"
"\"MAP \"\"Hqqbar\"\" \"\"g\"\" \"\"real_0103_g\"\" kernel \"2\n"
"From remote kernel:"
"\"MAP \"\"Hqqbar\"\" \"\"pp\"\" \"\"real_0103_pp\"\" kernel \"4\n"
"From remote kernel:"
"\"MAP \"\"Hqqbar\"\" \"\"g\"\" \"\"real_0104_g\"\" kernel \"4\n"
"From remote kernel:"
"\"MAP \"\"Hqqbar\"\" \"\"pp\"\" \"\"real_0104_pp\"\" kernel \"1\n"
"From remote kernel:"
"\"MAP \"\"Hqqbar\"\" \"\"g\"\" \"\"real_0105_g\"\" kernel \"1\n"
"From remote kernel:"
"\"MAP \"\"Hqqbar\"\" \"\"pp\"\" \"\"real_0105_pp\"\" kernel \"4\n"
"From remote kernel:"
"\"MAP \"\"Hqqbar\"\" \"\"g\"\" \"\"real_0106_g\"\" kernel \"2\n"
"From remote kernel:"
"\"MAP \"\"Hqqbar\"\" \"\"pp\"\" \"\"real_0106_pp\"\" kernel \"3\n"
"From remote kernel:"
"\"MAP \"\"Hqqbar\"\" \"\"g\"\" \"\"real_0107_g\"\" kernel \"4\n"
"From remote kernel:"
"\"MAP \"\"Hqqbar\"\" \"\"pp\"\" \"\"real_0107_pp\"\" kernel \"3\n"
"From remote kernel:"
"\"MAP \"\"Hqqbar\"\" \"\"g\"\" \"\"real_0108_g\"\" kernel \"3\n"
"From remote kernel:"
"\"MAP \"\"Hqqbar\"\" \"\"pp\"\" \"\"real_0108_pp\"\" kernel \"3\n"
"From remote kernel:"
"\"MAP \"\"Hqqbar\"\" \"\"g\"\" \"\"real_0202_g\"\" kernel \"3\n"
"From remote kernel:"
"\"MAP \"\"Hqqbar\"\" \"\"pp\"\" \"\"real_0202_pp\"\" kernel \"1\n"
"From remote kernel:"
"\"MAP \"\"Hqqbar\"\" \"\"g\"\" \"\"real_0203_g\"\" kernel \"3\n"
"From remote kernel:"
"\"MAP \"\"Hqqbar\"\" \"\"pp\"\" \"\"real_0203_pp\"\" kernel \"1\n"
"From remote kernel:"
"\"MAP \"\"Hqqbar\"\" \"\"g\"\" \"\"real_0204_g\"\" kernel \"1\n"
"From remote kernel:"
"\"MAP \"\"Hqqbar\"\" \"\"pp\"\" \"\"real_0204_pp\"\" kernel \"3\n"
"From remote kernel:"
"\"MAP \"\"Hqqbar\"\" \"\"g\"\" \"\"real_0205_g\"\" kernel \"2\n"
"From remote kernel:"
"\"MAP \"\"Hqqbar\"\" \"\"pp\"\" \"\"real_0205_pp\"\" kernel \"3\n"
"From remote kernel:"
"\"MAP \"\"Hqqbar\"\" \"\"g\"\" \"\"real_0206_g\"\" kernel \"3\n"
"From remote kernel:"
"\"MAP \"\"Hqqbar\"\" \"\"pp\"\" \"\"real_0206_pp\"\" kernel \"1\n"
"From remote kernel:"
"\"MAP \"\"Hqqbar\"\" \"\"g\"\" \"\"real_0207_g\"\" kernel \"1\n"
"From remote kernel:"
"\"MAP \"\"Hqqbar\"\" \"\"pp\"\" \"\"real_0207_pp\"\" kernel \"3\n"
"From remote kernel:"
"\"MAP \"\"Hqqbar\"\" \"\"g\"\" \"\"real_0208_g\"\" kernel \"4\n"
"From remote kernel:"
"\"MAP \"\"Hqqbar\"\" \"\"pp\"\" \"\"real_0208_pp\"\" kernel \"3\n"
"From remote kernel:"
"\"MAP \"\"Hqqbar\"\" \"\"g\"\" \"\"real_0303_g\"\" kernel \"3\n"
"From remote kernel:"
"\"MAP \"\"Hqqbar\"\" \"\"pp\"\" \"\"real_0303_pp\"\" kernel \"3\n"
"From remote kernel:"
"\"MAP \"\"Hqqbar\"\" \"\"g\"\" \"\"real_0304_g\"\" kernel \"3\n"
"From remote kernel:"
"\"MAP \"\"Hqqbar\"\" \"\"pp\"\" \"\"real_0304_pp\"\" kernel \"1\n"
"From remote kernel:"
"\"MAP \"\"Hqqbar\"\" \"\"g\"\" \"\"real_0305_g\"\" kernel \"3\n"
"From remote kernel:"
"\"MAP \"\"Hqqbar\"\" \"\"pp\"\" \"\"real_0305_pp\"\" kernel \"2\n"
"From remote kernel:"
"\"MAP \"\"Hqqbar\"\" \"\"g\"\" \"\"real_0306_g\"\" kernel \"4\n"
"From remote kernel:"
"\"MAP \"\"Hqqbar\"\" \"\"pp\"\" \"\"real_0306_pp\"\" kernel \"1\n"
"From remote kernel:"
"\"MAP \"\"Hqqbar\"\" \"\"g\"\" \"\"real_0307_g\"\" kernel \"3\n"
"From remote kernel:"
"\"MAP \"\"Hqqbar\"\" \"\"pp\"\" \"\"real_0307_pp\"\" kernel \"4\n"
"From remote kernel:"
"\"MAP \"\"Hqqbar\"\" \"\"g\"\" \"\"real_0308_g\"\" kernel \"1\n"
"From remote kernel:"
"\"MAP \"\"Hqqbar\"\" \"\"pp\"\" \"\"real_0308_pp\"\" kernel \"2\n"
"From remote kernel:"
"\"MAP \"\"Hqqbar\"\" \"\"g\"\" \"\"real_0404_g\"\" kernel \"3\n"
"From remote kernel:"
"\"MAP \"\"Hqqbar\"\" \"\"pp\"\" \"\"real_0404_pp\"\" kernel \"3\n"
"From remote kernel:"
"\"MAP \"\"Hqqbar\"\" \"\"g\"\" \"\"real_0405_g\"\" kernel \"4\n"
"From remote kernel:"
"\"MAP \"\"Hqqbar\"\" \"\"pp\"\" \"\"real_0405_pp\"\" kernel \"3\n"
"From remote kernel:"
"\"MAP \"\"Hqqbar\"\" \"\"g\"\" \"\"real_0406_g\"\" kernel \"4\n"
"From remote kernel:"
"\"MAP \"\"Hqqbar\"\" \"\"pp\"\" \"\"real_0406_pp\"\" kernel \"3\n"
"From remote kernel:"
"\"MAP \"\"Hqqbar\"\" \"\"g\"\" \"\"real_0407_g\"\" kernel \"1\n"
"From remote kernel:"
"\"MAP \"\"Hqqbar\"\" \"\"pp\"\" \"\"real_0407_pp\"\" kernel \"2\n"
"From remote kernel:"
"\"MAP \"\"Hqqbar\"\" \"\"g\"\" \"\"real_0408_g\"\" kernel \"4\n"
"From remote kernel:"
"\"MAP \"\"Hqqbar\"\" \"\"pp\"\" \"\"real_0408_pp\"\" kernel \"3\n"
"From remote kernel:"
"\"MAP \"\"Hqqbar\"\" \"\"g\"\" \"\"real_0505_g\"\" kernel \"2\n"
"From remote kernel:"
"\"MAP \"\"Hqqbar\"\" \"\"pp\"\" \"\"real_0505_pp\"\" kernel \"1\n"
"From remote kernel:"
"\"MAP \"\"Hqqbar\"\" \"\"g\"\" \"\"real_0506_g\"\" kernel \"2\n"
"From remote kernel:"
"\"MAP \"\"Hqqbar\"\" \"\"pp\"\" \"\"real_0506_pp\"\" kernel \"1\n"
"From remote kernel:"
"\"MAP \"\"Hqqbar\"\" \"\"g\"\" \"\"real_0507_g\"\" kernel \"4\n"
"From remote kernel:"
"\"MAP \"\"Hqqbar\"\" \"\"pp\"\" \"\"real_0507_pp\"\" kernel \"1\n"
"From remote kernel:"
"\"MAP \"\"Hqqbar\"\" \"\"g\"\" \"\"real_0508_g\"\" kernel \"3\n"
"From remote kernel:"
"\"MAP \"\"Hqqbar\"\" \"\"pp\"\" \"\"real_0508_pp\"\" kernel \"2\n"
"From remote kernel:"
"\"MAP \"\"Hqqbar\"\" \"\"g\"\" \"\"real_0606_g\"\" kernel \"3\n"
"From remote kernel:"
"\"MAP \"\"Hqqbar\"\" \"\"pp\"\" \"\"real_0606_pp\"\" kernel \"4\n"
"From remote kernel:"
"\"MAP \"\"Hqqbar\"\" \"\"g\"\" \"\"real_0607_g\"\" kernel \"3\n"
"From remote kernel:"
"\"MAP \"\"Hqqbar\"\" \"\"pp\"\" \"\"real_0607_pp\"\" kernel \"1\n"
"From remote kernel:"
"\"MAP \"\"Hqqbar\"\" \"\"g\"\" \"\"real_0608_g\"\" kernel \"4\n"
"From remote kernel:"
"\"MAP \"\"Hqqbar\"\" \"\"pp\"\" \"\"real_0608_pp\"\" kernel \"3\n"
"From remote kernel:"
"\"MAP \"\"Hqqbar\"\" \"\"g\"\" \"\"real_0707_g\"\" kernel \"2\n"
"From remote kernel:"
"\"MAP \"\"Hqqbar\"\" \"\"pp\"\" \"\"real_0707_pp\"\" kernel \"2\n"
"From remote kernel:"
"\"MAP \"\"Hqqbar\"\" \"\"g\"\" \"\"real_0708_g\"\" kernel \"4\n"
"From remote kernel:"
"\"MAP \"\"Hqqbar\"\" \"\"pp\"\" \"\"real_0708_pp\"\" kernel \"2\n"
"From remote kernel:"
"\"MAP \"\"Hqqbar\"\" \"\"g\"\" \"\"real_0808_g\"\" kernel \"1\n"
"From remote kernel:"
"\"MAP \"\"Hqqbar\"\" \"\"pp\"\" \"\"real_0808_pp\"\" kernel \"2\n"
"CHANNEL_MAPPED ""Hqqbar"" targets "176
"PAIR_SUMS_ACCEPTED ""Hqqprime"" mapping tasks "20
"From remote kernel:"
"\"MAP \"\"Hqqprime\"\" \"\"g\"\" \"\"real_0101_g\"\" kernel \"1\n"
"From remote kernel:"
"\"MAP \"\"Hqqprime\"\" \"\"pp\"\" \"\"real_0101_pp\"\" kernel \"2\n"
"From remote kernel:"
"\"MAP \"\"Hqqprime\"\" \"\"g\"\" \"\"real_0102_g\"\" kernel \"3\n"
"From remote kernel:"
"\"MAP \"\"Hqqprime\"\" \"\"pp\"\" \"\"real_0102_pp\"\" kernel \"4\n"
"From remote kernel:"
"\"MAP \"\"Hqqprime\"\" \"\"g\"\" \"\"real_0103_g\"\" kernel \"2\n"
"From remote kernel:"
"\"MAP \"\"Hqqprime\"\" \"\"pp\"\" \"\"real_0103_pp\"\" kernel \"4\n"
"From remote kernel:"
"\"MAP \"\"Hqqprime\"\" \"\"g\"\" \"\"real_0104_g\"\" kernel \"4\n"
"From remote kernel:"
"\"MAP \"\"Hqqprime\"\" \"\"pp\"\" \"\"real_0104_pp\"\" kernel \"1\n"
"From remote kernel:"
"\"MAP \"\"Hqqprime\"\" \"\"g\"\" \"\"real_0202_g\"\" kernel \"1\n"
"From remote kernel:"
"\"MAP \"\"Hqqprime\"\" \"\"pp\"\" \"\"real_0202_pp\"\" kernel \"3\n"
"From remote kernel:"
"\"MAP \"\"Hqqprime\"\" \"\"g\"\" \"\"real_0203_g\"\" kernel \"2\n"
"From remote kernel:"
"\"MAP \"\"Hqqprime\"\" \"\"pp\"\" \"\"real_0203_pp\"\" kernel \"3\n"
"From remote kernel:"
"\"MAP \"\"Hqqprime\"\" \"\"g\"\" \"\"real_0204_g\"\" kernel \"1\n"
"From remote kernel:"
"\"MAP \"\"Hqqprime\"\" \"\"pp\"\" \"\"real_0204_pp\"\" kernel \"1\n"
"From remote kernel:"
"\"MAP \"\"Hqqprime\"\" \"\"g\"\" \"\"real_0303_g\"\" kernel \"1\n"
"From remote kernel:"
"\"MAP \"\"Hqqprime\"\" \"\"pp\"\" \"\"real_0303_pp\"\" kernel \"4\n"
"From remote kernel:"
"\"MAP \"\"Hqqprime\"\" \"\"g\"\" \"\"real_0304_g\"\" kernel \"4\n"
"From remote kernel:"
"\"MAP \"\"Hqqprime\"\" \"\"pp\"\" \"\"real_0304_pp\"\" kernel \"1\n"
"From remote kernel:"
"\"MAP \"\"Hqqprime\"\" \"\"g\"\" \"\"real_0404_g\"\" kernel \"3\n"
"From remote kernel:"
"\"MAP \"\"Hqqprime\"\" \"\"pp\"\" \"\"real_0404_pp\"\" kernel \"2\n"
"CHANNEL_MAPPED ""Hqqprime"" targets "82
"S03_SUCCESS: "315" unique real Kira targets."
MONITOR_WAKE {"stage": "s03", "source": "s03_real_families.wl", "source_sha256": "3f605ff73e1e7d7926ddf9d9a7d369cd0fec0537aba2e2df464c8ef78e3d0b60", "job_id": "14692755", "host": "n6441", "exit_code": 0, "success_marker": true, "accepted_execution": true, "guard": null, "peak_rss_bytes": 1393197056, "elapsed_seconds": 539.0572013389319, "completed_utc": "2026-09-07T09:22:16.362844+00:00"}
