MONITOR_START job=14693226 host=n6383 kernel_pid=16855
"From remote kernel:"
"Style[\"Loading FeynCalc from /u/home/r/rushil/.Mathematica/Applications/FeynCalc/\", \"Text\"]\n"
"From remote kernel:"
"Style[\"Loading FeynCalc from /u/home/r/rushil/.Mathematica/Applications/FeynCalc/\", \"Text\"]\n"
"From remote kernel:"
"Style[\"Loading FeynCalc from /u/home/r/rushil/.Mathematica/Applications/FeynCalc/\", \"Text\"]\n"
"From remote kernel:"
"Style[\"Loading FeynCalc from /u/home/r/rushil/.Mathematica/Applications/FeynCalc/\", \"Text\"]\n"
"From remote kernel:"
"$PrePrint is set to FeynCalcForm. Use FI and FC to change the display format.\n"
"From remote kernel:"
"$PrePrint is set to FeynCalcForm. Use FI and FC to change the display format.\n"
"From remote kernel:"
"$PrePrint is set to FeynCalcForm. Use FI and FC to change the display format.\n"
"From remote kernel:"
"$PrePrint is set to FeynCalcForm. Use FI and FC to change the display format.\n"
"From remote kernel:"
"Style[\"FeynCalc \", \"Text\", Bold]Style[\"10.2.1 (stable version). For help, use the \", \"Text\"]Style[DisplayForm[ButtonBox[\"online documentation,\", ButtonData :> {URL[\"https://feyncalc.github.io/referenceDev\"], None}, BaseStyle -> \"Hyperlink\", ButtonNote -> \"https://feyncalc.github.io/referenceDev\"]], \"Text\"]Style[\" visit the \", \"Text\"]Style[DisplayForm[ButtonBox[\"forum\", ButtonData :> {URL[\"https://github.com/FeynCalc/feyncalc/discussions\"], None}, BaseStyle -> \"Hyperlink\", ButtonNote -> \"https://github.com/FeynCalc/feyncalc/discussions/\"]], \"Text\"]Style[\" and have a look at the supplied \", \"Text\"]Style[DisplayForm[ButtonBox[\"examples.\", BaseStyle -> \"Hyperlink\", ButtonFunction :> SystemOpen[FileNameJoin[{$FeynCalcDirectory, \"Examples\"}]], Evaluator -> Automatic, Method -> \"Preemptive\"]], \"Text\"]Style[\" The PDF-version of the manual can be downloaded \", \"Text\"]Style[DisplayForm[ButtonBox[\"here.\", ButtonData :> {URL[\"https://github.com/FeynCalc/feyncalc-manual/releases/download/dev-manual/FeynCalcManual.pdf\"], None}, BaseStyle -> \"Hyperlink\", ButtonNote -> \"https://github.com/FeynCalc/feyncalc-manual/releases/download/dev-manual/FeynCalcManual.pdf\"]], \"Text\"]\n"
"From remote kernel:"
"Style[\"FeynCalc \", \"Text\", Bold]Style[\"10.2.1 (stable version). For help, use the \", \"Text\"]Style[DisplayForm[ButtonBox[\"online documentation,\", ButtonData :> {URL[\"https://feyncalc.github.io/referenceDev\"], None}, BaseStyle -> \"Hyperlink\", ButtonNote -> \"https://feyncalc.github.io/referenceDev\"]], \"Text\"]Style[\" visit the \", \"Text\"]Style[DisplayForm[ButtonBox[\"forum\", ButtonData :> {URL[\"https://github.com/FeynCalc/feyncalc/discussions\"], None}, BaseStyle -> \"Hyperlink\", ButtonNote -> \"https://github.com/FeynCalc/feyncalc/discussions/\"]], \"Text\"]Style[\" and have a look at the supplied \", \"Text\"]Style[DisplayForm[ButtonBox[\"examples.\", BaseStyle -> \"Hyperlink\", ButtonFunction :> SystemOpen[FileNameJoin[{$FeynCalcDirectory, \"Examples\"}]], Evaluator -> Automatic, Method -> \"Preemptive\"]], \"Text\"]Style[\" The PDF-version of the manual can be downloaded \", \"Text\"]Style[DisplayForm[ButtonBox[\"here.\", ButtonData :> {URL[\"https://github.com/FeynCalc/feyncalc-manual/releases/download/dev-manual/FeynCalcManual.pdf\"], None}, BaseStyle -> \"Hyperlink\", ButtonNote -> \"https://github.com/FeynCalc/feyncalc-manual/releases/download/dev-manual/FeynCalcManual.pdf\"]], \"Text\"]\n"
"From remote kernel:"
"Style[\"FeynCalc \", \"Text\", Bold]Style[\"10.2.1 (stable version). For help, use the \", \"Text\"]Style[DisplayForm[ButtonBox[\"online documentation,\", ButtonData :> {URL[\"https://feyncalc.github.io/referenceDev\"], None}, BaseStyle -> \"Hyperlink\", ButtonNote -> \"https://feyncalc.github.io/referenceDev\"]], \"Text\"]Style[\" visit the \", \"Text\"]Style[DisplayForm[ButtonBox[\"forum\", ButtonData :> {URL[\"https://github.com/FeynCalc/feyncalc/discussions\"], None}, BaseStyle -> \"Hyperlink\", ButtonNote -> \"https://github.com/FeynCalc/feyncalc/discussions/\"]], \"Text\"]Style[\" and have a look at the supplied \", \"Text\"]Style[DisplayForm[ButtonBox[\"examples.\", BaseStyle -> \"Hyperlink\", ButtonFunction :> SystemOpen[FileNameJoin[{$FeynCalcDirectory, \"Examples\"}]], Evaluator -> Automatic, Method -> \"Preemptive\"]], \"Text\"]Style[\" The PDF-version of the manual can be downloaded \", \"Text\"]Style[DisplayForm[ButtonBox[\"here.\", ButtonData :> {URL[\"https://github.com/FeynCalc/feyncalc-manual/releases/download/dev-manual/FeynCalcManual.pdf\"], None}, BaseStyle -> \"Hyperlink\", ButtonNote -> \"https://github.com/FeynCalc/feyncalc-manual/releases/download/dev-manual/FeynCalcManual.pdf\"]], \"Text\"]\n"
"From remote kernel:"
"Style[\"FeynCalc \", \"Text\", Bold]Style[\"10.2.1 (stable version). For help, use the \", \"Text\"]Style[DisplayForm[ButtonBox[\"online documentation,\", ButtonData :> {URL[\"https://feyncalc.github.io/referenceDev\"], None}, BaseStyle -> \"Hyperlink\", ButtonNote -> \"https://feyncalc.github.io/referenceDev\"]], \"Text\"]Style[\" visit the \", \"Text\"]Style[DisplayForm[ButtonBox[\"forum\", ButtonData :> {URL[\"https://github.com/FeynCalc/feyncalc/discussions\"], None}, BaseStyle -> \"Hyperlink\", ButtonNote -> \"https://github.com/FeynCalc/feyncalc/discussions/\"]], \"Text\"]Style[\" and have a look at the supplied \", \"Text\"]Style[DisplayForm[ButtonBox[\"examples.\", BaseStyle -> \"Hyperlink\", ButtonFunction :> SystemOpen[FileNameJoin[{$FeynCalcDirectory, \"Examples\"}]], Evaluator -> Automatic, Method -> \"Preemptive\"]], \"Text\"]Style[\" The PDF-version of the manual can be downloaded \", \"Text\"]Style[DisplayForm[ButtonBox[\"here.\", ButtonData :> {URL[\"https://github.com/FeynCalc/feyncalc-manual/releases/download/dev-manual/FeynCalcManual.pdf\"], None}, BaseStyle -> \"Hyperlink\", ButtonNote -> \"https://github.com/FeynCalc/feyncalc-manual/releases/download/dev-manual/FeynCalcManual.pdf\"]], \"Text\"]\n"
"From remote kernel:"
"Style[\"If you use FeynCalc in your research, please evaluate FeynCalcHowToCite[] to learn how to cite this software.\", \"Text\"]\n"
"From remote kernel:"
"Style[\"If you use FeynCalc in your research, please evaluate FeynCalcHowToCite[] to learn how to cite this software.\", \"Text\"]\n"
"From remote kernel:"
"Style[\"If you use FeynCalc in your research, please evaluate FeynCalcHowToCite[] to learn how to cite this software.\", \"Text\"]\n"
"From remote kernel:"
"Style[\"If you use FeynCalc in your research, please evaluate FeynCalcHowToCite[] to learn how to cite this software.\", \"Text\"]\n"
"From remote kernel:"
"Style[\"Please keep in mind that the proper academic attribution of our work is crucial to ensure the future development of this package!\", {\"Text\", Italic}]\n"
"From remote kernel:"
"Style[\"Please keep in mind that the proper academic attribution of our work is crucial to ensure the future development of this package!\", {\"Text\", Italic}]\n"
"From remote kernel:"
"Style[\"Please keep in mind that the proper academic attribution of our work is crucial to ensure the future development of this package!\", {\"Text\", Italic}]\n"
"From remote kernel:"
"Style[\"Please keep in mind that the proper academic attribution of our work is crucial to ensure the future development of this package!\", {\"Text\", Italic}]\n"
"From remote kernel:"
"Global`SUNN::shdw: Symbol SUNN appears in multiple contexts {Global`, FeynCalc`}; definitions in context Global` may shadow or be shadowed by other definitions."
"From remote kernel:"
"Global`Nf::shdw: Symbol Nf appears in multiple contexts {Global`, FeynCalc`}; definitions in context Global` may shadow or be shadowed by other definitions."
"From remote kernel:"
"Global`SUNN::shdw: Symbol SUNN appears in multiple contexts {Global`, FeynCalc`}; definitions in context Global` may shadow or be shadowed by other definitions."
"From remote kernel:"
"Global`Nf::shdw: Symbol Nf appears in multiple contexts {Global`, FeynCalc`}; definitions in context Global` may shadow or be shadowed by other definitions."
"From remote kernel:"
"Global`SUNN::shdw: Symbol SUNN appears in multiple contexts {Global`, FeynCalc`}; definitions in context Global` may shadow or be shadowed by other definitions."
"From remote kernel:"
"Global`Nf::shdw: Symbol Nf appears in multiple contexts {Global`, FeynCalc`}; definitions in context Global` may shadow or be shadowed by other definitions."
"From remote kernel:"
"Global`SUNN::shdw: Symbol SUNN appears in multiple contexts {Global`, FeynCalc`}; definitions in context Global` may shadow or be shadowed by other definitions."
"From remote kernel:"
"Global`Nf::shdw: Symbol Nf appears in multiple contexts {Global`, FeynCalc`}; definitions in context Global` may shadow or be shadowed by other definitions."
MONITOR_HEARTBEAT elapsed=30s rss=775.7MiB peak=775.7MiB
"From remote kernel:"
"\"POLE_ASSEMBLY \"\"Hqqprime_g_Regular\"\n"
"From remote kernel:"
"\"POLE_ASSEMBLY \"\"Hqqbar_g_Regular\"\n"
"From remote kernel:"
"\"POLE_ASSEMBLY \"\"Hgg_g_Regular\"\n"
"From remote kernel:"
"\"POLE_ASSEMBLY \"\"Hqq_Pg_1_L1\"\n"
"From remote kernel:"
"\"POLE_ASSEMBLY \"\"Hqq_Pg_1_L0\"\n"
"From remote kernel:"
"\"POLE_ASSEMBLY \"\"Hqq_Pg_1_Regular\"\n"
"From remote kernel:"
"\"POLE_ASSEMBLY \"\"Hgg_pp_Regular\"\n"
"From remote kernel:"
"\"FINAL_HATS_ACCEPTED \"\"Hgg\"\n"
"From remote kernel:"
"\"POLE_ASSEMBLY \"\"Hqg_Pg_1_L1\"\n"
"From remote kernel:"
"\"POLE_ASSEMBLY \"\"Hqg_Pg_1_L0\"\n"
"From remote kernel:"
"\"POLE_ASSEMBLY \"\"Hqg_Pg_1_Regular\"\n"
"From remote kernel:"
"\"POLE_ASSEMBLY \"\"Hqqprime_pp_Regular\"\n"
"From remote kernel:"
"\"POLE_ASSEMBLY \"\"Hqqbar_pp_Regular\"\n"
"From remote kernel:"
"\"FINAL_HATS_ACCEPTED \"\"Hqqprime\"\n"
"From remote kernel:"
"\"POLE_ASSEMBLY \"\"Hgq_Pg_1_L1\"\n"
"From remote kernel:"
"\"POLE_ASSEMBLY \"\"Hgq_Pg_1_L0\"\n"
"From remote kernel:"
"\"POLE_ASSEMBLY \"\"Hgq_Pg_1_Regular\"\n"
"From remote kernel:"
"\"FINAL_HATS_ACCEPTED \"\"Hqqbar\"\n"
"From remote kernel:"
"\"POLE_ASSEMBLY \"\"Hqg_Pg_1_Delta\"\n"
"From remote kernel:"
"\"POLE_ASSEMBLY \"\"Hqg_Pg_-1_L1\"\n"
"From remote kernel:"
"\"POLE_ASSEMBLY \"\"Hqg_Pg_-1_L0\"\n"
"From remote kernel:"
"\"POLE_ASSEMBLY \"\"Hqg_Pg_-1_Regular\"\n"
"From remote kernel:"
"\"POLE_ASSEMBLY \"\"Hgq_Pg_1_Delta\"\n"
"From remote kernel:"
"\"POLE_ASSEMBLY \"\"Hgq_Pg_-1_L1\"\n"
"From remote kernel:"
"\"POLE_ASSEMBLY \"\"Hgq_Pg_-1_L0\"\n"
"From remote kernel:"
"\"POLE_ASSEMBLY \"\"Hgq_Pg_-1_Regular\"\n"
"From remote kernel:"
"\"POLE_ASSEMBLY \"\"Hqg_Pg_-1_Delta\"\n"
"From remote kernel:"
"\"POLE_ASSEMBLY \"\"Hqg_Ppp_1_L1\"\n"
"From remote kernel:"
"\"POLE_ASSEMBLY \"\"Hqg_Ppp_1_L0\"\n"
"From remote kernel:"
"\"POLE_ASSEMBLY \"\"Hqg_Ppp_1_Regular\"\n"
"From remote kernel:"
"\"POLE_ASSEMBLY \"\"Hqq_Pg_1_Delta\"\n"
"From remote kernel:"
"\"POLE_ASSEMBLY \"\"Hqq_Pg_-1_L1\"\n"
"From remote kernel:"
"\"POLE_ASSEMBLY \"\"Hqq_Pg_-1_L0\"\n"
"From remote kernel:"
"\"POLE_ASSEMBLY \"\"Hqq_Pg_-1_Regular\"\n"
"From remote kernel:"
"\"POLE_ASSEMBLY \"\"Hgq_Pg_-1_Delta\"\n"
"From remote kernel:"
"\"POLE_ASSEMBLY \"\"Hqg_Ppp_1_Delta\"\n"
"From remote kernel:"
"\"POLE_ASSEMBLY \"\"Hqg_Ppp_-1_L1\"\n"
"From remote kernel:"
"\"POLE_ASSEMBLY \"\"Hgq_Ppp_1_L1\"\n"
"From remote kernel:"
"\"POLE_ASSEMBLY \"\"Hqg_Ppp_-1_L0\"\n"
"From remote kernel:"
"\"POLE_ASSEMBLY \"\"Hgq_Ppp_1_L0\"\n"
"From remote kernel:"
"\"POLE_ASSEMBLY \"\"Hqg_Ppp_-1_Regular\"\n"
"From remote kernel:"
"\"POLE_ASSEMBLY \"\"Hgq_Ppp_1_Regular\"\n"
"From remote kernel:"
"\"POLE_ASSEMBLY \"\"Hqg_Ppp_-1_Delta\"\n"
"From remote kernel:"
"\"VIRTUAL_BOUNDARY \"\"Hqg\"\" \"\"Pg\"\n"
"From remote kernel:"
"\"POLE_ASSEMBLY \"\"Hgq_Ppp_1_Delta\"\n"
"From remote kernel:"
"\"POLE_ASSEMBLY \"\"Hgq_Ppp_-1_L1\"\n"
"From remote kernel:"
"\"POLE_ASSEMBLY \"\"Hgq_Ppp_-1_L0\"\n"
"From remote kernel:"
"\"POLE_ASSEMBLY \"\"Hgq_Ppp_-1_Regular\"\n"
"From remote kernel:"
"\"POLE_ASSEMBLY \"\"Hgq_Ppp_-1_Delta\"\n"
"From remote kernel:"
"\"VIRTUAL_BOUNDARY \"\"Hgq\"\" \"\"Pg\"\n"
MONITOR_HEARTBEAT elapsed=61s rss=1829.2MiB peak=1829.2MiB
"From remote kernel:"
"\"POLE_ASSEMBLY \"\"Hqg_Pg_0_Delta\"\n"
"From remote kernel:"
"\"POLE_ASSEMBLY \"\"Hqg_Pg_0_L0\"\n"
"From remote kernel:"
"\"POLE_ASSEMBLY \"\"Hqg_Pg_0_L1\"\n"
"From remote kernel:"
"\"POLE_ASSEMBLY \"\"Hqg_Pg_0_Regular\"\n"
"From remote kernel:"
"\"VIRTUAL_BOUNDARY \"\"Hqg\"\" \"\"Ppp\"\n"
"From remote kernel:"
"\"POLE_ASSEMBLY \"\"Hqg_Ppp_0_Delta\"\n"
"From remote kernel:"
"\"POLE_ASSEMBLY \"\"Hqg_Ppp_0_L0\"\n"
"From remote kernel:"
"\"POLE_ASSEMBLY \"\"Hqg_Ppp_0_L1\"\n"
"From remote kernel:"
"\"POLE_ASSEMBLY \"\"Hqq_Pg_-1_Delta\"\n"
"From remote kernel:"
"\"POLE_ASSEMBLY \"\"Hqq_Ppp_1_L1\"\n"
"From remote kernel:"
"\"POLE_ASSEMBLY \"\"Hqq_Ppp_1_L0\"\n"
"From remote kernel:"
"\"POLE_ASSEMBLY \"\"Hqg_Ppp_0_Regular\"\n"
"From remote kernel:"
"\"POLE_ASSEMBLY \"\"Hqq_Ppp_1_Regular\"\n"
"From remote kernel:"
"\"FINAL_HATS_ACCEPTED \"\"Hqg\"\n"
"From remote kernel:"
"\"POLE_ASSEMBLY \"\"Hgq_Pg_0_Delta\"\n"
"From remote kernel:"
"\"POLE_ASSEMBLY \"\"Hgq_Pg_0_L0\"\n"
"From remote kernel:"
"\"POLE_ASSEMBLY \"\"Hgq_Pg_0_L1\"\n"
"From remote kernel:"
"\"POLE_ASSEMBLY \"\"Hgq_Pg_0_Regular\"\n"
"From remote kernel:"
"\"VIRTUAL_BOUNDARY \"\"Hgq\"\" \"\"Ppp\"\n"
"From remote kernel:"
"\"POLE_ASSEMBLY \"\"Hqq_Ppp_1_Delta\"\n"
"From remote kernel:"
"\"POLE_ASSEMBLY \"\"Hqq_Ppp_-1_L1\"\n"
"From remote kernel:"
"\"POLE_ASSEMBLY \"\"Hqq_Ppp_-1_L0\"\n"
"From remote kernel:"
"\"POLE_ASSEMBLY \"\"Hqq_Ppp_-1_Regular\"\n"
"From remote kernel:"
"\"POLE_ASSEMBLY \"\"Hgq_Ppp_0_Delta\"\n"
"From remote kernel:"
"\"POLE_ASSEMBLY \"\"Hgq_Ppp_0_L0\"\n"
"From remote kernel:"
"\"POLE_ASSEMBLY \"\"Hgq_Ppp_0_L1\"\n"
"From remote kernel:"
"\"POLE_ASSEMBLY \"\"Hgq_Ppp_0_Regular\"\n"
"From remote kernel:"
"\"FINAL_HATS_ACCEPTED \"\"Hgq\"\n"
"From remote kernel:"
"\"POLE_ASSEMBLY \"\"Hqq_Ppp_-1_Delta\"\n"
"From remote kernel:"
"\"VIRTUAL_BOUNDARY \"\"Hqq\"\" \"\"Pg\"\n"
MONITOR_HEARTBEAT elapsed=91s rss=1978.2MiB peak=2008.9MiB
"From remote kernel:"
"\"POLE_ASSEMBLY \"\"Hqq_Pg_0_Delta\"\n"
"From remote kernel:"
"\"POLE_ASSEMBLY \"\"Hqq_Pg_0_L0\"\n"
"From remote kernel:"
"\"POLE_ASSEMBLY \"\"Hqq_Pg_0_L1\"\n"
"From remote kernel:"
"\"POLE_ASSEMBLY \"\"Hqq_Pg_0_Regular\"\n"
"From remote kernel:"
"\"VIRTUAL_BOUNDARY \"\"Hqq\"\" \"\"Ppp\"\n"
"From remote kernel:"
"\"POLE_ASSEMBLY \"\"Hqq_Ppp_0_Delta\"\n"
"From remote kernel:"
"\"POLE_ASSEMBLY \"\"Hqq_Ppp_0_L0\"\n"
"From remote kernel:"
"\"POLE_ASSEMBLY \"\"Hqq_Ppp_0_L1\"\n"
"From remote kernel:"
"\"POLE_ASSEMBLY \"\"Hqq_Ppp_0_Regular\"\n"
"From remote kernel:"
"\"FINAL_HATS_ACCEPTED \"\"Hqq\"\n"
"S20_SUCCESS: all six channels' symbolic F hats passed their pole gates."
MONITOR_WAKE {"stage": "s20", "source": "s20_final_hats.wl", "source_sha256": "c56f0f20deca9c2100218304eadbfdecb139826c6d36dd2e06bf31b6895a36fa", "job_id": "14693226", "host": "n6383", "exit_code": 0, "success_marker": true, "accepted_execution": true, "guard": null, "peak_rss_bytes": 2106523648, "elapsed_seconds": 120.6927874609828, "completed_utc": "2026-09-07T13:12:31.404156+00:00"}
