COUPLINGS    9.2677064023538064E-02    1.2177157847767197E+00    2.0530251149624587E-01
CURRENT   1   0    2.4955845326389472E+00
CURRENT   1   1    9.4558522733368189E-01
CURRENT   1   2    2.6417352083886376E+00
CURRENT   1   3    2.1217939105647234E+00
CURRENT   1   4    2.4621588121544644E+02
CURRENT   1   5    3.5557882833654420E-30
CURRENT   2   0    5.1243327279216833E-01
CURRENT   2   1    4.0755610950784449E-01
CURRENT   2   2    3.1107527902660281E-01
CURRENT   2   3    3.8563511657136079E-01
CURRENT   2   4    5.0556977002586962E+01
CURRENT   2   5    6.5516926824813121E-31
CURRENT   3   0    1.6458521322038397E+00
CURRENT   3   1    9.8659241316871904E-01
CURRENT   3   2    3.3290339261387492E-01
CURRENT   3   3    1.1069241633779692E+00
CURRENT   3   4    1.6650928078089441E+02
CURRENT   3   5    2.0427888353130741E-31
CURRENT   4   0    4.4759872146556821E-02
CURRENT   4   1    6.0962041906777328E-02
CURRENT   4   2    6.3316957678583335E-02
CURRENT   4   3    4.1356357114836484E-02
CURRENT   4   4    4.5283133114688052E+00
CURRENT   4   5    1.6090821816240330E-31
CURRENT   5   0    3.6481838302727845E-02
CURRENT   5   1    7.4901329342809034E-02
CURRENT   5   2    6.2864716246901056E-02
CURRENT   5   3    2.1470345688961386E-02
CURRENT   5   4    3.5993202588762419E+00
CURRENT   5   5    7.2194787980422055E-32
CURRENT   6   0    6.1074704098580318E-02
CURRENT   6   1    9.8080160654772680E-02
CURRENT   6   2    1.0326812965048884E-01
CURRENT   6   3    5.4217171798422760E-02
CURRENT   6   4    1.0259060440027536E+01
CURRENT   6   5    1.1835620036508510E-31
