"PASS: ""authorized local assembly"
"PASS: ""complete source syntax"
"PASS: ""pinned GitHub real assembly"
"PASS: ""accepted real scalar map"
"PASS: ""complete real reduction coverage"
"PASS: ""accepted unchanged scalar library"
"PASS: ""s08 unchanged scalar input"
"PASS: ""s10 unchanged scalar input"
"PASS: ""s15 unchanged scalar input"
"PASS: ""accepted cut values and regions"
"PASS: ""region input identity s08_result.wl"
"PASS: ""region input identity s10_result.wl"
"PASS: ""recorded scalar coordinate conversion"
"PASS: ""every required master has its unchanged value"
"PASS: ""regulated endpoint integral evaluated"
"PASS: ""actual local master-coefficient runtime"
"PASS: ""accepted local master-coefficient receipt"
"PASS: ""complete real-assembly component interface"
"PASS: ""exact real-assembly consumer values retained"
"S12_INPUT_PROJECTION "InputForm[<|"OriginalComponentBytes" -> 1092116496, "ProjectedComponentBytes" -> 1083454464, "ComponentCount" -> 98, "Fields" -> {"Sector", "Kind", "Index", "ReducedCoefficients"}|>]
"PASS: ""reviewed source edit coverage"
"PASS: ""complete reviewed source reconstruction"
"PASS: ""complete previous calculation identity retained"
"PASS: ""pinned accepted component cache"
"PASS: ""cached component index in actual map"
"PASS: ""accepted component and unchanged actual input"
"PASS: ""entire cached payload preserved"
"PASS: ""bounded compressed assembly file"
"PASS: ""exact native assembly reload"
"ACCEPTED_COMPONENTS_REUSED "35" "{1, 2, 3, 4, 5, 6, 7, 8, 9, 10, 11, 12, 13, 14, 15, 16, 17, 18, 19, 20, 21, 22, 23, 24, 25, 26, 27, 28, 29, 30, 31, 32, 33, 34, 81}
"PASS: ""pinned executed reference recurrence and receipt"
"PASS: ""accepted reference recurrence with unchanged equations"
"PASS: ""same standalone reference implementation"
"PASS: ""same accepted scalar master s08"
"PASS: ""same accepted scalar master s10"
"PASS: ""same accepted scalar master s15"
"PASS: ""unique executed recurrence predicate"
"PASS: ""native recurrence predicate syntax"
"PASS: ""accepted exact argument comparison receipt"
"PASS: ""exact executed argument normalization installed"
"PASS: ""exact executed recurrence definitions installed"
"PASS: ""unique complete reference product definition"
"PASS: ""single bounded product correction"
"PASS: ""complete product correction syntax and reversible source"
"PASS: ""accepted exact regulator recurrence receipt"
"PASS: ""same complete input recurrence and master product"
"PASS: ""exact executed polynomial recurrence helper"
"PASS: ""validated recurrence and master product installed"
"PASS: ""accepted reference factorization definitions"
"PASS: ""exact reference endpoint factorization installed"
"PASS: ""original ordinary coefficient calculation syntax"
"PASS: ""own nonzero ordinary control available"
"OWN_REFERENCE_SERIES_CONTROL ""Hgg"" component "81" input_bytes "1898280
"PASS: ""exact saved original ordinary reused"
"PASS: ""candidate preserves transverse substitution"
"PASS: ""native master retains its regulator remainder"
"PASS: ""exact raw regulator ratio retained"
"PASS: ""coefficient valuation is rational"
"PASS: ""integer coefficient regulator valuation"
"PASS: ""actual coefficient preserves required master depth"
"PASS: ""integer master Laurent support"
"PASS: ""master Laurent coefficients independent of regulator"
"PASS: ""complete master Laurent reconstruction"
"PASS: ""accepted exact polynomial backend retained"
"PASS: ""raw scalar ratio exactly reconstructs"
"PASS: ""unassigned algebraic input generators"
"PASS: ""algebraic generators preserve the exact input"
"PASS: ""lifted algebraic atoms independent of regulator"
"PASS: ""complete rational polynomial support"
"PASS: ""unassigned polynomial transfer generators"
"PASS: ""complete polynomial transfer text reconstructs"
"PASS: ""exact native polynomial JSON transfer"
"REGULATOR_POLYNOMIAL_BACKEND_START input_bytes "1184736" transfer_bytes "71157
"EXACT_POLYNOMIAL_SUM regulator_recurrence_0 1 1 0.002\nEXACT_POLYNOMIAL_SUM regulator_residual_0 2 2 0.004\nREGULATOR_SERIES_COEFFICIENT 0 1 0.01\nEXACT_POLYNOMIAL_SUM regulator_recurrence_1 2 2 0.004\nEXACT_POLYNOMIAL_SUM regulator_residual_1 3 3 0.008\nREGULATOR_SERIES_COEFFICIENT 1 1 0.027\nPASS: exact regulator recurrence and residual reconstruction\n"
""
"PASS: ""exact polynomial normalization completed"
"PASS: ""complete normalization backend identity"
"PASS: ""complete regulator coefficient coverage"
"PASS: ""complete physical scalar reconstruction"
"PASS: ""bounded normalized scalar cache"
"PASS: ""exact normalized scalar reload"
"REGULATOR_POLYNOMIAL_ACCEPTED seconds "2.413432`6.834180060296507" input_bytes "1184736" output_bytes "138912" backend_seconds "0.027413154999521794
"PASS: ""canonical special-function argument exactly preserved"
"PASS: ""product agrees through requested regulator order"
"PASS: ""native product contains no higher regulator powers"
"REGULATOR_POLYNOMIAL_BACKEND_START input_bytes "50616" transfer_bytes "3588
"EXACT_POLYNOMIAL_SUM regulator_recurrence_0 1 1 0.0\nEXACT_POLYNOMIAL_SUM regulator_residual_0 2 2 0.0\nREGULATOR_SERIES_COEFFICIENT 0 1 0.001\nEXACT_POLYNOMIAL_SUM regulator_recurrence_1 2 2 0.0\nEXACT_POLYNOMIAL_SUM regulator_residual_1 3 3 0.001\nREGULATOR_SERIES_COEFFICIENT 1 1 0.003\nPASS: exact regulator recurrence and residual reconstruction\n"
""
"REGULATOR_POLYNOMIAL_ACCEPTED seconds "1.286738`6.5610351202467525" input_bytes "50616" output_bytes "32640" backend_seconds "0.003290651999122929
"REGULATOR_POLYNOMIAL_BACKEND_START input_bytes "1594696" transfer_bytes "95053
"EXACT_POLYNOMIAL_SUM regulator_recurrence_0 1 1 0.001\nEXACT_POLYNOMIAL_SUM regulator_residual_0 2 2 0.003\nREGULATOR_SERIES_COEFFICIENT 0 0 0.008\nPASS: exact regulator recurrence and residual reconstruction\n"
""
"REGULATOR_POLYNOMIAL_ACCEPTED seconds "2.370891`6.826456581558228" input_bytes "1594696" output_bytes "42688" backend_seconds "0.008143645998643478
"REGULATOR_POLYNOMIAL_BACKEND_START input_bytes "568024" transfer_bytes "35545
"EXACT_POLYNOMIAL_SUM regulator_recurrence_0 1 1 0.001\nEXACT_POLYNOMIAL_SUM regulator_residual_0 2 2 0.005\nREGULATOR_SERIES_COEFFICIENT 0 1 0.01\nEXACT_POLYNOMIAL_SUM regulator_recurrence_1 2 2 0.005\nEXACT_POLYNOMIAL_SUM regulator_residual_1 3 3 0.011\nREGULATOR_SERIES_COEFFICIENT 1 1 0.033\nPASS: exact regulator recurrence and residual reconstruction\n"
""
"REGULATOR_POLYNOMIAL_ACCEPTED seconds "2.027978`6.758608232850353" input_bytes "568024" output_bytes "324624" backend_seconds "0.03311346099872026
"REGULATOR_POLYNOMIAL_BACKEND_START input_bytes "303448" transfer_bytes "17568
"EXACT_POLYNOMIAL_SUM regulator_recurrence_0 1 1 0.0\nEXACT_POLYNOMIAL_SUM regulator_residual_0 2 2 0.001\nREGULATOR_SERIES_COEFFICIENT 0 1 0.003\nEXACT_POLYNOMIAL_SUM regulator_recurrence_1 2 2 0.002\nEXACT_POLYNOMIAL_SUM regulator_residual_1 3 3 0.003\nREGULATOR_SERIES_COEFFICIENT 1 1 0.01\nPASS: exact regulator recurrence and residual reconstruction\n"
""
"REGULATOR_POLYNOMIAL_ACCEPTED seconds "1.555159`6.643319791548546" input_bytes "303448" output_bytes "122808" backend_seconds "0.010412409999844385
"REGULATOR_POLYNOMIAL_BACKEND_START input_bytes "533424" transfer_bytes "33701
"EXACT_POLYNOMIAL_SUM regulator_recurrence_0 1 1 0.001\nEXACT_POLYNOMIAL_SUM regulator_residual_0 2 2 0.003\nREGULATOR_SERIES_COEFFICIENT 0 1 0.007\nEXACT_POLYNOMIAL_SUM regulator_recurrence_1 2 2 0.008\nEXACT_POLYNOMIAL_SUM regulator_residual_1 3 3 0.014\nREGULATOR_SERIES_COEFFICIENT 1 1 0.035\nPASS: exact regulator recurrence and residual reconstruction\n"
""
"REGULATOR_POLYNOMIAL_ACCEPTED seconds "1.923672`6.7356760171574175" input_bytes "533424" output_bytes "266520" backend_seconds "0.035626710003271
"REGULATOR_POLYNOMIAL_BACKEND_START input_bytes "535240" transfer_bytes "29610
"EXACT_POLYNOMIAL_SUM regulator_recurrence_0 1 1 0.001\nEXACT_POLYNOMIAL_SUM regulator_residual_0 2 2 0.002\nREGULATOR_SERIES_COEFFICIENT 0 1 0.005\nEXACT_POLYNOMIAL_SUM regulator_recurrence_1 2 2 0.002\nEXACT_POLYNOMIAL_SUM regulator_residual_1 3 3 0.004\nREGULATOR_SERIES_COEFFICIENT 1 1 0.013\nPASS: exact regulator recurrence and residual reconstruction\n"
""
"REGULATOR_POLYNOMIAL_ACCEPTED seconds "1.446552`6.611879043583086" input_bytes "535240" output_bytes "153824" backend_seconds "0.012922042998980032
"PASS: ""own complete original ordinary contribution reproduced"
"PASS: ""bounded own recurrence comparison output"
"PASS: ""exact own recurrence comparison reload"
"PASS: ""own reference recurrence comparison accepted"
"OWN_REFERENCE_SERIES_ACCEPTED ""Hgg"" "InputForm[<|"ControlIndex" -> 81, "OriginalSeconds" -> 0, "CandidateSeconds" -> 27.575347|>]
"PASS: ""only general recoil definition retained"
"PASS: ""accepted own complete original control"
"REAL_ASSEMBLY ""Hgg"" "81" ""Real"" ""ExtendedResponse"" "{7, 4, 3}
"PASS: ""physical transverse coordinate inserted"
"PASS: ""reused own ordinary coefficient exact task"
"PASS: ""ordinary cut contraction is symbolic and evaluated"
"REAL_ENDPOINT ""Hgg"" "81" branch "1
"PASS: ""regulated soft power is affine with integer recoil degree"
"PASS: ""exact factored recoil coefficient"
"PASS: ""exact reduced logarithmic derivative"
"PASS: ""factored recoil valuation is an unconditional integer"
"RECOIL_FACTORIZATION branch "1" factor_seconds "0.554979" original_bytes "943600" factored_bytes "235232" derivative_bytes "1592608" reduced_bytes "1240544" valuation "InputForm[0]
"PASS: ""spin coefficient has integer recoil valuation"
"PASS: ""unique physical soft-region parameter"
"PASS: ""region recoil valuation is a positive integer"
"PASS: ""region expansion remains on its positive physical side"
"RECOIL_FACTORIZATION branch "1" factor_seconds "0.044176" original_bytes "65912" factored_bytes "7872" derivative_bytes "54800" reduced_bytes "65392" valuation "InputForm[1]
"RECOIL_FACTORIZATION branch "1" factor_seconds "0.302007" original_bytes "515048" factored_bytes "116016" derivative_bytes "659168" reduced_bytes "424224" valuation "InputForm[0]
"RECOIL_FACTORIZATION branch "1" factor_seconds "0.493963" original_bytes "896792" factored_bytes "230368" derivative_bytes "1330808" reduced_bytes "953560" valuation "InputForm[0]
"RECOIL_FACTORIZATION branch "1" factor_seconds "0.445274" original_bytes "757632" factored_bytes "31568" derivative_bytes "241688" reduced_bytes "448088" valuation "InputForm[0]
"RECOIL_FACTORIZATION branch "1" factor_seconds "0.029601" original_bytes "104104" factored_bytes "71568" derivative_bytes "329784" reduced_bytes "236992" valuation "InputForm[0]
"RECOIL_FACTORIZATION branch "1" factor_seconds "0.356883" original_bytes "649800" factored_bytes "20104" derivative_bytes "155992" reduced_bytes "226256" valuation "InputForm[0]
"RECOIL_FACTORIZATION branch "1" factor_seconds "0.298363" original_bytes "477328" factored_bytes "116712" derivative_bytes "549904" reduced_bytes "457384" valuation "InputForm[0]
"PASS: ""endpoint regulator has the defining convergence orientation"
"PASS: ""no higher logarithmic plus distribution survives"
"REAL_ENDPOINT ""Hgg"" "81" branch "-1
"RECOIL_FACTORIZATION branch "-1" factor_seconds "0.534" original_bytes "1006048" factored_bytes "235136" derivative_bytes "1592032" reduced_bytes "1240352" valuation "InputForm[0]
"RECOIL_FACTORIZATION branch "-1" factor_seconds "0.04625" original_bytes "70400" factored_bytes "7800" derivative_bytes "54416" reduced_bytes "65200" valuation "InputForm[1]
"RECOIL_FACTORIZATION branch "-1" factor_seconds "0.320033" original_bytes "550232" factored_bytes "115920" derivative_bytes "658688" reduced_bytes "424080" valuation "InputForm[0]
"RECOIL_FACTORIZATION branch "-1" factor_seconds "0.508562" original_bytes "955808" factored_bytes "230392" derivative_bytes "1331144" reduced_bytes "953512" valuation "InputForm[0]
"RECOIL_FACTORIZATION branch "-1" factor_seconds "0.441635" original_bytes "808656" factored_bytes "31328" derivative_bytes "239912" reduced_bytes "447728" valuation "InputForm[0]
"RECOIL_FACTORIZATION branch "-1" factor_seconds "0.027659" original_bytes "104152" factored_bytes "71424" derivative_bytes "329088" reduced_bytes "236776" valuation "InputForm[0]
"RECOIL_FACTORIZATION branch "-1" factor_seconds "0.367837" original_bytes "693768" factored_bytes "20176" derivative_bytes "156592" reduced_bytes "226208" valuation "InputForm[0]
"RECOIL_FACTORIZATION branch "-1" factor_seconds "0.284621" original_bytes "509320" factored_bytes "116712" derivative_bytes "550072" reduced_bytes "457360" valuation "InputForm[0]
"PASS: ""bounded compressed assembly file"
"PASS: ""exact native assembly reload"
"REAL_ASSEMBLY_ACCEPTED ""Hgg"" "81
"PASS: ""component recoil definitions restored"
"COMPONENT_MEMORY "81" temporary_memo_bytes "19363144" memory_before "1371406800" memory_after "1222740800
"PASS: ""own factored full component accepted"
"PASS: ""own complete ordinary unchanged"
"PASS: ""own complete branch assumptions unchanged"
"PASS: ""own complete branch {1, Delta}"
"PASS: ""own complete branch {1, L0}"
"PASS: ""own complete branch {1, L1}"
"PASS: ""own complete branch {1, Regular}"
"PASS: ""own soft support unchanged"
"PASS: ""own soft coefficients unchanged"
"PASS: ""own complete branch {-1, Delta}"
"PASS: ""own complete branch {-1, L0}"
"PASS: ""own complete branch {-1, L1}"
"PASS: ""own complete branch {-1, Regular}"
"PASS: ""bounded factored comparison output"
"PASS: ""exact factored comparison reload"
"PASS: ""complete own factored-input comparison accepted"
"OWN_FACTORED_INPUTS_ACCEPTED ""Hgg"" "InputForm[<|"ControlIndex" -> 81, "OriginalSeconds" -> 0, "ControlSeconds" -> 39.698258|>]
"PASS: ""unique unchanged integration worker and output interfaces"
"PASS: ""complete original integration tail retained"
"PASS: ""unique local assembly export"
"PASS: ""unchanged complete integration tail after provenance"
"PASS: ""complete worker task-call coverage"
"PASS: ""only task memory scope changed"
"PASS: ""bounded local assembly workers"
"PASS: ""local assembly worker runtime"
"PASS: ""workers share compute allocation"
"kernel 1 (localhost):"
"Style[\"Loading FeynCalc from /home/physics/.WolframEngine/Applications/FeynCalc/\", \"Text\"]\n"
"kernel 2 (localhost):"
"Style[\"Loading FeynCalc from /home/physics/.WolframEngine/Applications/FeynCalc/\", \"Text\"]\n"
"kernel 1 (localhost):"
"$PrePrint is set to FeynCalcForm. Use FI and FC to change the display format.\n"
"kernel 2 (localhost):"
"$PrePrint is set to FeynCalcForm. Use FI and FC to change the display format.\n"
"kernel 1 (localhost):"
"Style[\"FeynCalc \", \"Text\", Bold]Style[\"10.2.1 (stable version). For help, use the \", \"Text\"]Style[DisplayForm[ButtonBox[\"online documentation,\", ButtonData :> {URL[\"https://feyncalc.github.io/referenceDev\"], None}, BaseStyle -> \"Hyperlink\", ButtonNote -> \"https://feyncalc.github.io/referenceDev\"]], \"Text\"]Style[\" visit the \", \"Text\"]Style[DisplayForm[ButtonBox[\"forum\", ButtonData :> {URL[\"https://github.com/FeynCalc/feyncalc/discussions\"], None}, BaseStyle -> \"Hyperlink\", ButtonNote -> \"https://github.com/FeynCalc/feyncalc/discussions/\"]], \"Text\"]Style[\" and have a look at the supplied \", \"Text\"]Style[DisplayForm[ButtonBox[\"examples.\", BaseStyle -> \"Hyperlink\", ButtonFunction :> SystemOpen[FileNameJoin[{$FeynCalcDirectory, \"Examples\"}]], Evaluator -> Automatic, Method -> \"Preemptive\"]], \"Text\"]Style[\" The PDF-version of the manual can be downloaded \", \"Text\"]Style[DisplayForm[ButtonBox[\"here.\", ButtonData :> {URL[\"https://github.com/FeynCalc/feyncalc-manual/releases/download/dev-manual/FeynCalcManual.pdf\"], None}, BaseStyle -> \"Hyperlink\", ButtonNote -> \"https://github.com/FeynCalc/feyncalc-manual/releases/download/dev-manual/FeynCalcManual.pdf\"]], \"Text\"]\n"
"kernel 1 (localhost):"
"Style[\"If you use FeynCalc in your research, please evaluate FeynCalcHowToCite[] to learn how to cite this software.\", \"Text\"]\n"
"kernel 2 (localhost):"
"Style[\"FeynCalc \", \"Text\", Bold]Style[\"10.2.1 (stable version). For help, use the \", \"Text\"]Style[DisplayForm[ButtonBox[\"online documentation,\", ButtonData :> {URL[\"https://feyncalc.github.io/referenceDev\"], None}, BaseStyle -> \"Hyperlink\", ButtonNote -> \"https://feyncalc.github.io/referenceDev\"]], \"Text\"]Style[\" visit the \", \"Text\"]Style[DisplayForm[ButtonBox[\"forum\", ButtonData :> {URL[\"https://github.com/FeynCalc/feyncalc/discussions\"], None}, BaseStyle -> \"Hyperlink\", ButtonNote -> \"https://github.com/FeynCalc/feyncalc/discussions/\"]], \"Text\"]Style[\" and have a look at the supplied \", \"Text\"]Style[DisplayForm[ButtonBox[\"examples.\", BaseStyle -> \"Hyperlink\", ButtonFunction :> SystemOpen[FileNameJoin[{$FeynCalcDirectory, \"Examples\"}]], Evaluator -> Automatic, Method -> \"Preemptive\"]], \"Text\"]Style[\" The PDF-version of the manual can be downloaded \", \"Text\"]Style[DisplayForm[ButtonBox[\"here.\", ButtonData :> {URL[\"https://github.com/FeynCalc/feyncalc-manual/releases/download/dev-manual/FeynCalcManual.pdf\"], None}, BaseStyle -> \"Hyperlink\", ButtonNote -> \"https://github.com/FeynCalc/feyncalc-manual/releases/download/dev-manual/FeynCalcManual.pdf\"]], \"Text\"]\n"
"kernel 1 (localhost):"
"Style[\"Please keep in mind that the proper academic attribution of our work is crucial to ensure the future development of this package!\", {\"Text\", Italic}]\n"
"kernel 2 (localhost):"
"Style[\"If you use FeynCalc in your research, please evaluate FeynCalcHowToCite[] to learn how to cite this software.\", \"Text\"]\n"
"kernel 2 (localhost):"
"Style[\"Please keep in mind that the proper academic attribution of our work is crucial to ensure the future development of this package!\", {\"Text\", Italic}]\n"
"kernel 1 (localhost):"
"\"PASS: \"\"component recoil definitions restored\"\n"
"kernel 2 (localhost):"
"\"PASS: \"\"component recoil definitions restored\"\n"
"kernel 1 (localhost):"
"\"COMPONENT_MEMORY \"1\" temporary_memo_bytes \"5016\" memory_before \"171595456\" memory_after \"183501368\n"
"kernel 2 (localhost):"
"\"COMPONENT_MEMORY \"2\" temporary_memo_bytes \"5016\" memory_before \"168074240\" memory_after \"177515936\n"
"kernel 1 (localhost):"
"\"COMPONENT_MEMORY \"3\" temporary_memo_bytes \"5016\" memory_before \"167203888\" memory_after \"169339464\n"
"kernel 2 (localhost):"
"\"COMPONENT_MEMORY \"4\" temporary_memo_bytes \"5016\" memory_before \"167625104\" memory_after \"176497160\n"
"kernel 2 (localhost):"
"\"COMPONENT_MEMORY \"6\" temporary_memo_bytes \"5016\" memory_before \"165763832\" memory_after \"167491672\n"
"kernel 1 (localhost):"
"\"COMPONENT_MEMORY \"5\" temporary_memo_bytes \"5016\" memory_before \"170459448\" memory_after \"184299600\n"
"kernel 2 (localhost):"
"\"COMPONENT_MEMORY \"7\" temporary_memo_bytes \"5016\" memory_before \"164671112\" memory_after \"173781760\n"
"kernel 1 (localhost):"
"\"COMPONENT_MEMORY \"8\" temporary_memo_bytes \"5016\" memory_before \"164234008\" memory_after \"167421656\n"
"kernel 2 (localhost):"
"\"COMPONENT_MEMORY \"9\" temporary_memo_bytes \"5016\" memory_before \"168867840\" memory_after \"171685472\n"
"kernel 1 (localhost):"
"\"COMPONENT_MEMORY \"10\" temporary_memo_bytes \"5016\" memory_before \"167733416\" memory_after \"170427416\n"
"kernel 2 (localhost):"
"\"COMPONENT_MEMORY \"11\" temporary_memo_bytes \"5016\" memory_before \"170750432\" memory_after \"172979168\n"
"kernel 1 (localhost):"
"\"COMPONENT_MEMORY \"12\" temporary_memo_bytes \"5016\" memory_before \"185319176\" memory_after \"218499008\n"
"kernel 2 (localhost):"
"\"COMPONENT_MEMORY \"13\" temporary_memo_bytes \"5016\" memory_before \"179004984\" memory_after \"207281576\n"
"kernel 1 (localhost):"
"\"COMPONENT_MEMORY \"14\" temporary_memo_bytes \"5016\" memory_before \"177929880\" memory_after \"184563192\n"
"kernel 2 (localhost):"
"\"COMPONENT_MEMORY \"15\" temporary_memo_bytes \"5016\" memory_before \"178543400\" memory_after \"205800928\n"
"kernel 1 (localhost):"
"\"COMPONENT_MEMORY \"16\" temporary_memo_bytes \"5016\" memory_before \"182536688\" memory_after \"215864944\n"
"kernel 2 (localhost):"
"\"COMPONENT_MEMORY \"17\" temporary_memo_bytes \"5016\" memory_before \"175350808\" memory_after \"181248016\n"
"kernel 1 (localhost):"
"\"COMPONENT_MEMORY \"18\" temporary_memo_bytes \"5016\" memory_before \"170791168\" memory_after \"195335840\n"
"kernel 2 (localhost):"
"\"COMPONENT_MEMORY \"19\" temporary_memo_bytes \"5016\" memory_before \"172415768\" memory_after \"191340224\n"
"kernel 1 (localhost):"
"\"COMPONENT_MEMORY \"20\" temporary_memo_bytes \"5016\" memory_before \"178348544\" memory_after \"185254480\n"
"kernel 2 (localhost):"
"\"COMPONENT_MEMORY \"21\" temporary_memo_bytes \"5016\" memory_before \"176311392\" memory_after \"182775424\n"
"kernel 1 (localhost):"
"\"COMPONENT_MEMORY \"22\" temporary_memo_bytes \"5016\" memory_before \"182396744\" memory_after \"188026256\n"
"kernel 2 (localhost):"
"\"COMPONENT_MEMORY \"23\" temporary_memo_bytes \"5016\" memory_before \"180089944\" memory_after \"202956272\n"
"kernel 1 (localhost):"
"\"COMPONENT_MEMORY \"24\" temporary_memo_bytes \"5016\" memory_before \"174484760\" memory_after \"193228160\n"
"kernel 2 (localhost):"
"\"COMPONENT_MEMORY \"25\" temporary_memo_bytes \"5016\" memory_before \"174101664\" memory_after \"178664448\n"
"kernel 1 (localhost):"
"\"COMPONENT_MEMORY \"26\" temporary_memo_bytes \"5016\" memory_before \"174485552\" memory_after \"193229456\n"
"kernel 2 (localhost):"
"\"COMPONENT_MEMORY \"27\" temporary_memo_bytes \"5016\" memory_before \"177906400\" memory_after \"201150488\n"
"kernel 1 (localhost):"
"\"COMPONENT_MEMORY \"28\" temporary_memo_bytes \"5016\" memory_before \"172453008\" memory_after \"176748056\n"
"kernel 1 (localhost):"
"\"COMPONENT_MEMORY \"30\" temporary_memo_bytes \"5016\" memory_before \"159197528\" memory_after \"159205000\n"
"kernel 1 (localhost):"
"\"COMPONENT_MEMORY \"31\" temporary_memo_bytes \"5016\" memory_before \"159197744\" memory_after \"159205216\n"
"kernel 2 (localhost):"
"\"COMPONENT_MEMORY \"29\" temporary_memo_bytes \"5016\" memory_before \"167592384\" memory_after \"182151328\n"
"kernel 1 (localhost):"
"\"COMPONENT_MEMORY \"32\" temporary_memo_bytes \"5016\" memory_before \"169905592\" memory_after \"182218904\n"
"kernel 2 (localhost):"
"\"COMPONENT_MEMORY \"33\" temporary_memo_bytes \"5016\" memory_before \"174102800\" memory_after \"178668936\n"
"kernel 1 (localhost):"
"\"COMPONENT_MEMORY \"34\" temporary_memo_bytes \"5016\" memory_before \"172450896\" memory_after \"176743088\n"
"kernel 2 (localhost):"
"\"REAL_ASSEMBLY \"\"Hgg\"\" \"35\" \"\"Real\"\" \"\"ExtendedResponse\"\" \"{3, 5, 5}\n"
"kernel 2 (localhost):"
"\"PASS: \"\"physical transverse coordinate inserted\"\n"
"kernel 2 (localhost):"
"\"PASS: \"\"candidate preserves transverse substitution\"\n"
"kernel 2 (localhost):"
"\"PASS: \"\"native master retains its regulator remainder\"\n"
"kernel 2 (localhost):"
"\"PASS: \"\"exact raw regulator ratio retained\"\n"
"kernel 1 (localhost):"
"\"REAL_ASSEMBLY \"\"Hgg\"\" \"36\" \"\"Real\"\" \"\"ExtendedResponse\"\" \"{4, 1, 1}\n"
"kernel 1 (localhost):"
"\"PASS: \"\"physical transverse coordinate inserted\"\n"
"kernel 1 (localhost):"
"\"PASS: \"\"candidate preserves transverse substitution\"\n"
"kernel 2 (localhost):"
"\"PASS: \"\"coefficient valuation is rational\"\n"
"kernel 2 (localhost):"
"\"PASS: \"\"integer coefficient regulator valuation\"\n"
"kernel 2 (localhost):"
"\"PASS: \"\"actual coefficient preserves required master depth\"\n"
"kernel 2 (localhost):"
"\"PASS: \"\"integer master Laurent support\"\n"
"kernel 2 (localhost):"
"\"PASS: \"\"master Laurent coefficients independent of regulator\"\n"
"kernel 2 (localhost):"
"\"PASS: \"\"complete master Laurent reconstruction\"\n"
"kernel 1 (localhost):"
"\"PASS: \"\"native master retains its regulator remainder\"\n"
"kernel 2 (localhost):"
"\"PASS: \"\"accepted exact polynomial backend retained\"\n"
"kernel 2 (localhost):"
"\"PASS: \"\"raw scalar ratio exactly reconstructs\"\n"
"kernel 2 (localhost):"
"\"PASS: \"\"unassigned algebraic input generators\"\n"
"kernel 2 (localhost):"
"\"PASS: \"\"algebraic generators preserve the exact input\"\n"
"kernel 2 (localhost):"
"\"PASS: \"\"lifted algebraic atoms independent of regulator\"\n"
"kernel 2 (localhost):"
"\"PASS: \"\"complete rational polynomial support\"\n"
"kernel 2 (localhost):"
"\"PASS: \"\"unassigned polynomial transfer generators\"\n"
"kernel 2 (localhost):"
"\"PASS: \"\"complete polynomial transfer text reconstructs\"\n"
"kernel 2 (localhost):"
"\"PASS: \"\"exact native polynomial JSON transfer\"\n"
"kernel 2 (localhost):"
"\"REGULATOR_POLYNOMIAL_BACKEND_START input_bytes \"7676784\" transfer_bytes \"883355\n"
"kernel 2 (localhost):"
"\"EXACT_POLYNOMIAL_SUM regulator_recurrence_0 1 1 0.007\\nEXACT_POLYNOMIAL_SUM regulator_residual_0 2 2 0.029\\nREGULATOR_SERIES_COEFFICIENT 0 0 0.073\\nPASS: exact regulator recurrence and residual reconstruction\\n\"\n"
"kernel 2 (localhost):"
"\"\"\n"
"kernel 2 (localhost):"
"\"PASS: \"\"exact polynomial normalization completed\"\n"
"kernel 2 (localhost):"
"\"PASS: \"\"complete normalization backend identity\"\n"
"kernel 2 (localhost):"
"\"PASS: \"\"complete regulator coefficient coverage\"\n"
"kernel 2 (localhost):"
"\"PASS: \"\"complete physical scalar reconstruction\"\n"
"kernel 2 (localhost):"
"\"PASS: \"\"bounded normalized scalar cache\"\n"
"kernel 2 (localhost):"
"\"PASS: \"\"exact normalized scalar reload\"\n"
"kernel 2 (localhost):"
"\"REGULATOR_POLYNOMIAL_ACCEPTED seconds \"1.362773`6.585968513998527\" input_bytes \"7676784\" output_bytes \"117336\" backend_seconds \"0.07368829200277105\n"
"kernel 2 (localhost):"
"\"PASS: \"\"canonical special-function argument exactly preserved\"\n"
"kernel 1 (localhost):"
"\"PASS: \"\"exact raw regulator ratio retained\"\n"
"kernel 2 (localhost):"
"\"PASS: \"\"product agrees through requested regulator order\"\n"
"kernel 2 (localhost):"
"\"MASTER_PRODUCT_TRUNCATED \"{35, CutIntegral[\"R01\", {1, 1, 0, 0}]}\" first_discarded_power \"1\" requested_order \"0\n"
"kernel 2 (localhost):"
"\"PASS: \"\"native product contains no higher regulator powers\"\n"
"kernel 2 (localhost):"
"\"REGULATOR_POLYNOMIAL_BACKEND_START input_bytes \"150816\" transfer_bytes \"17817\n"
"kernel 2 (localhost):"
"\"EXACT_POLYNOMIAL_SUM regulator_recurrence_0 1 1 0.0\\nEXACT_POLYNOMIAL_SUM regulator_residual_0 2 2 0.001\\nREGULATOR_SERIES_COEFFICIENT 0 0 0.003\\nPASS: exact regulator recurrence and residual reconstruction\\n\"\n"
"kernel 2 (localhost):"
"\"\"\n"
"kernel 2 (localhost):"
"\"REGULATOR_POLYNOMIAL_ACCEPTED seconds \"0.11226`5.5017700313796265\" input_bytes \"150816\" output_bytes \"23208\" backend_seconds \"0.003009354000823805\n"
"kernel 2 (localhost):"
"\"REGULATOR_POLYNOMIAL_BACKEND_START input_bytes \"1687960\" transfer_bytes \"199052\n"
"kernel 2 (localhost):"
"\"EXACT_POLYNOMIAL_SUM regulator_recurrence_0 1 1 0.002\\nEXACT_POLYNOMIAL_SUM regulator_residual_0 2 2 0.012\\nREGULATOR_SERIES_COEFFICIENT 0 0 0.024\\nPASS: exact regulator recurrence and residual reconstruction\\n\"\n"
"kernel 2 (localhost):"
"\"\"\n"
"kernel 2 (localhost):"
"\"REGULATOR_POLYNOMIAL_ACCEPTED seconds \"0.356973`6.004180362564883\" input_bytes \"1687960\" output_bytes \"170912\" backend_seconds \"0.024573103997681756\n"
"kernel 2 (localhost):"
"\"REGULATOR_POLYNOMIAL_BACKEND_START input_bytes \"11564224\" transfer_bytes \"1350233\n"
"kernel 2 (localhost):"
"\"PASS: exact regulator recurrence and residual reconstruction\\n\"\n"
"kernel 2 (localhost):"
"\"\"\n"
"kernel 2 (localhost):"
"\"REGULATOR_POLYNOMIAL_ACCEPTED seconds \"1.645016`6.667715119902284\" input_bytes \"11564224\" output_bytes \"16\" backend_seconds \"0.035340338999958476\n"
"kernel 2 (localhost):"
"\"REGULATOR_POLYNOMIAL_BACKEND_START input_bytes \"2559176\" transfer_bytes \"295873\n"
"kernel 2 (localhost):"
"\"EXACT_POLYNOMIAL_SUM regulator_recurrence_0 1 1 0.003\\nEXACT_POLYNOMIAL_SUM regulator_residual_0 2 2 0.027\\nREGULATOR_SERIES_COEFFICIENT 0 0 0.047\\nPASS: exact regulator recurrence and residual reconstruction\\n\"\n"
"kernel 2 (localhost):"
"\"\"\n"
"kernel 2 (localhost):"
"\"REGULATOR_POLYNOMIAL_ACCEPTED seconds \"0.499502`6.150082224971337\" input_bytes \"2559176\" output_bytes \"299696\" backend_seconds \"0.0471141380003246\n"
"kernel 2 (localhost):"
"\"REGULATOR_POLYNOMIAL_BACKEND_START input_bytes \"1214664\" transfer_bytes \"139027\n"
"kernel 2 (localhost):"
"\"EXACT_POLYNOMIAL_SUM regulator_recurrence_0 1 1 0.001\\nEXACT_POLYNOMIAL_SUM regulator_residual_0 2 2 0.006\\nREGULATOR_SERIES_COEFFICIENT 0 0 0.013\\nPASS: exact regulator recurrence and residual reconstruction\\n\"\n"
"kernel 2 (localhost):"
"\"\"\n"
"kernel 2 (localhost):"
"\"REGULATOR_POLYNOMIAL_ACCEPTED seconds \"0.28199`5.901778701028728\" input_bytes \"1214664\" output_bytes \"106424\" backend_seconds \"0.01366804299686919\n"
"kernel 2 (localhost):"
"\"REGULATOR_POLYNOMIAL_BACKEND_START input_bytes \"2559296\" transfer_bytes \"295872\n"
"kernel 2 (localhost):"
"\"EXACT_POLYNOMIAL_SUM regulator_recurrence_0 1 1 0.003\\nEXACT_POLYNOMIAL_SUM regulator_residual_0 2 2 0.02\\nREGULATOR_SERIES_COEFFICIENT 0 0 0.039\\nPASS: exact regulator recurrence and residual reconstruction\\n\"\n"
"kernel 2 (localhost):"
"\"\"\n"
"kernel 2 (localhost):"
"\"REGULATOR_POLYNOMIAL_ACCEPTED seconds \"0.488481`6.140392669522859\" input_bytes \"2559296\" output_bytes \"299552\" backend_seconds \"0.03910906599776354\n"
"kernel 2 (localhost):"
"\"REGULATOR_POLYNOMIAL_BACKEND_START input_bytes \"1214640\" transfer_bytes \"139026\n"
"kernel 2 (localhost):"
"\"EXACT_POLYNOMIAL_SUM regulator_recurrence_0 1 1 0.001\\nEXACT_POLYNOMIAL_SUM regulator_residual_0 2 2 0.006\\nREGULATOR_SERIES_COEFFICIENT 0 0 0.014\\nPASS: exact regulator recurrence and residual reconstruction\\n\"\n"
"kernel 2 (localhost):"
"\"\"\n"
"kernel 2 (localhost):"
"\"REGULATOR_POLYNOMIAL_ACCEPTED seconds \"0.277373`5.8946091772638605\" input_bytes \"1214640\" output_bytes \"106448\" backend_seconds \"0.013760686000750866\n"
"kernel 2 (localhost):"
"\"PASS: \"\"ordinary cut contraction is symbolic and evaluated\"\n"
"kernel 2 (localhost):"
"\"REAL_ENDPOINT \"\"Hgg\"\" \"35\" branch \"1\n"
"kernel 2 (localhost):"
"\"PASS: \"\"regulated soft power is affine with integer recoil degree\"\n"
"kernel 1 (localhost):"
"\"PASS: \"\"coefficient valuation is rational\"\n"
"kernel 2 (localhost):"
"\"PASS: \"\"exact factored recoil coefficient\"\n"
"kernel 1 (localhost):"
"\"PASS: \"\"integer coefficient regulator valuation\"\n"
"kernel 1 (localhost):"
"\"PASS: \"\"actual coefficient preserves required master depth\"\n"
"kernel 1 (localhost):"
"\"PASS: \"\"integer master Laurent support\"\n"
"kernel 1 (localhost):"
"\"PASS: \"\"master Laurent coefficients independent of regulator\"\n"
"kernel 1 (localhost):"
"\"PASS: \"\"complete master Laurent reconstruction\"\n"
"kernel 1 (localhost):"
"\"PASS: \"\"accepted exact polynomial backend retained\"\n"
"kernel 1 (localhost):"
"\"PASS: \"\"canonical special-function argument exactly preserved\"\n"
"kernel 1 (localhost):"
"\"PASS: \"\"product agrees through requested regulator order\"\n"
"kernel 1 (localhost):"
"\"PASS: \"\"native product contains no higher regulator powers\"\n"
"kernel 1 (localhost):"
"\"PASS: \"\"raw scalar ratio exactly reconstructs\"\n"
"kernel 1 (localhost):"
"\"PASS: \"\"unassigned algebraic input generators\"\n"
"kernel 1 (localhost):"
"\"PASS: \"\"algebraic generators preserve the exact input\"\n"
"kernel 1 (localhost):"
"\"PASS: \"\"lifted algebraic atoms independent of regulator\"\n"
"kernel 1 (localhost):"
"\"PASS: \"\"complete rational polynomial support\"\n"
"kernel 1 (localhost):"
"\"PASS: \"\"unassigned polynomial transfer generators\"\n"
"kernel 1 (localhost):"
"\"PASS: \"\"complete polynomial transfer text reconstructs\"\n"
"kernel 1 (localhost):"
"\"PASS: \"\"exact native polynomial JSON transfer\"\n"
"kernel 1 (localhost):"
"\"REGULATOR_POLYNOMIAL_BACKEND_START input_bytes \"279448\" transfer_bytes \"16760\n"
"kernel 1 (localhost):"
"\"EXACT_POLYNOMIAL_SUM regulator_recurrence_0 1 1 0.0\\nEXACT_POLYNOMIAL_SUM regulator_residual_0 2 2 0.001\\nREGULATOR_SERIES_COEFFICIENT 0 1 0.003\\nEXACT_POLYNOMIAL_SUM regulator_recurrence_1 2 2 0.001\\nEXACT_POLYNOMIAL_SUM regulator_residual_1 3 3 0.002\\nREGULATOR_SERIES_COEFFICIENT 1 1 0.009\\nPASS: exact regulator recurrence and residual reconstruction\\n\"\n"
"kernel 1 (localhost):"
"\"\"\n"
"kernel 1 (localhost):"
"\"PASS: \"\"exact polynomial normalization completed\"\n"
"kernel 1 (localhost):"
"\"PASS: \"\"complete normalization backend identity\"\n"
"kernel 1 (localhost):"
"\"PASS: \"\"complete regulator coefficient coverage\"\n"
"kernel 1 (localhost):"
"\"PASS: \"\"complete physical scalar reconstruction\"\n"
"kernel 1 (localhost):"
"\"PASS: \"\"bounded normalized scalar cache\"\n"
"kernel 1 (localhost):"
"\"PASS: \"\"exact normalized scalar reload\"\n"
"kernel 1 (localhost):"
"\"REGULATOR_POLYNOMIAL_ACCEPTED seconds \"0.196849`5.7456782063962395\" input_bytes \"279448\" output_bytes \"94104\" backend_seconds \"0.009149494999292074\n"
"kernel 1 (localhost):"
"\"REGULATOR_POLYNOMIAL_BACKEND_START input_bytes \"2161416\" transfer_bytes \"128125\n"
"kernel 1 (localhost):"
"\"EXACT_POLYNOMIAL_SUM regulator_recurrence_0 1 1 0.002\\nEXACT_POLYNOMIAL_SUM regulator_residual_0 2 2 0.01\\nREGULATOR_SERIES_COEFFICIENT 0 1 0.02\\nEXACT_POLYNOMIAL_SUM regulator_recurrence_1 2 2 0.012\\nEXACT_POLYNOMIAL_SUM regulator_residual_1 3 3 0.021\\nREGULATOR_SERIES_COEFFICIENT 1 1 0.065\\nPASS: exact regulator recurrence and residual reconstruction\\n\"\n"
"kernel 1 (localhost):"
"\"\"\n"
"kernel 1 (localhost):"
"\"REGULATOR_POLYNOMIAL_ACCEPTED seconds \"0.612837`6.238889971417425\" input_bytes \"2161416\" output_bytes \"578848\" backend_seconds \"0.06557108199922368\n"
"kernel 2 (localhost):"
"\"PASS: \"\"exact reduced logarithmic derivative\"\n"
"kernel 2 (localhost):"
"\"PASS: \"\"factored recoil valuation is an unconditional integer\"\n"
"kernel 2 (localhost):"
"\"RECOIL_FACTORIZATION branch \"1\" factor_seconds \"0.191802\" original_bytes \"4416104\" factored_bytes \"3756904\" derivative_bytes \"18391352\" reduced_bytes \"10112312\" valuation \"InputForm[0]\n"
"kernel 2 (localhost):"
"\"PASS: \"\"spin coefficient has integer recoil valuation\"\n"
"kernel 2 (localhost):"
"\"RECOIL_FACTORIZATION branch \"1\" factor_seconds \"0.008241\" original_bytes \"150408\" factored_bytes \"31984\" derivative_bytes \"184744\" reduced_bytes \"150008\" valuation \"InputForm[1]\n"
"kernel 2 (localhost):"
"\"RECOIL_FACTORIZATION branch \"1\" factor_seconds \"0.042597\" original_bytes \"1145368\" factored_bytes \"778960\" derivative_bytes \"3702832\" reduced_bytes \"1585744\" valuation \"InputForm[0]\n"
"kernel 1 (localhost):"
"\"REGULATOR_POLYNOMIAL_BACKEND_START input_bytes \"20232600\" transfer_bytes \"1292050\n"
"kernel 1 (localhost):"
"\"EXACT_POLYNOMIAL_SUM regulator_recurrence_0 1 1 0.011\\nEXACT_POLYNOMIAL_SUM regulator_residual_0 2 2 0.068\\nREGULATOR_SERIES_COEFFICIENT 0 0 0.149\\nPASS: exact regulator recurrence and residual reconstruction\\n\"\n"
"kernel 1 (localhost):"
"\"\"\n"
"kernel 1 (localhost):"
"\"REGULATOR_POLYNOMIAL_ACCEPTED seconds \"4.359966`7.091028096051267\" input_bytes \"20232600\" output_bytes \"1011792\" backend_seconds \"0.15038415500021074\n"
"kernel 1 (localhost):"
"\"REGULATOR_POLYNOMIAL_BACKEND_START input_bytes \"2211608\" transfer_bytes \"138820\n"
"kernel 1 (localhost):"
"\"EXACT_POLYNOMIAL_SUM regulator_recurrence_0 1 1 0.004\\nEXACT_POLYNOMIAL_SUM regulator_residual_0 2 2 0.014\\nREGULATOR_SERIES_COEFFICIENT 0 1 0.028\\nEXACT_POLYNOMIAL_SUM regulator_recurrence_1 2 2 0.016\\nEXACT_POLYNOMIAL_SUM regulator_residual_1 3 3 0.029\\nREGULATOR_SERIES_COEFFICIENT 1 1 0.093\\nPASS: exact regulator recurrence and residual reconstruction\\n\"\n"
"kernel 1 (localhost):"
"\"\"\n"
"kernel 1 (localhost):"
"\"REGULATOR_POLYNOMIAL_ACCEPTED seconds \"0.691884`6.291578281041142\" input_bytes \"2211608\" output_bytes \"855208\" backend_seconds \"0.0931601079973916\n"
"kernel 2 (localhost):"
"\"RECOIL_FACTORIZATION branch \"1\" factor_seconds \"0.314349\" original_bytes \"6388552\" factored_bytes \"4731472\" derivative_bytes \"23177728\" reduced_bytes \"12591160\" valuation \"InputForm[0]\n"
"kernel 2 (localhost):"
"\"RECOIL_FACTORIZATION branch \"1\" factor_seconds \"0.081701\" original_bytes \"2356392\" factored_bytes \"256824\" derivative_bytes \"1736016\" reduced_bytes \"2294224\" valuation \"InputForm[0]\n"
"kernel 1 (localhost):"
"\"REGULATOR_POLYNOMIAL_BACKEND_START input_bytes \"2358600\" transfer_bytes \"132282\n"
"kernel 1 (localhost):"
"\"EXACT_POLYNOMIAL_SUM regulator_recurrence_0 1 1 0.002\\nEXACT_POLYNOMIAL_SUM regulator_residual_0 2 2 0.006\\nREGULATOR_SERIES_COEFFICIENT 0 1 0.016\\nEXACT_POLYNOMIAL_SUM regulator_recurrence_1 2 2 0.007\\nEXACT_POLYNOMIAL_SUM regulator_residual_1 3 3 0.016\\nREGULATOR_SERIES_COEFFICIENT 1 1 0.048\\nPASS: exact regulator recurrence and residual reconstruction\\n\"\n"
"kernel 1 (localhost):"
"\"\"\n"
"kernel 2 (localhost):"
"\"RECOIL_FACTORIZATION branch \"1\" factor_seconds \"0.091586\" original_bytes \"1780760\" factored_bytes \"1237632\" derivative_bytes \"4679120\" reduced_bytes \"2669264\" valuation \"InputForm[0]\n"
"kernel 1 (localhost):"
"\"REGULATOR_POLYNOMIAL_ACCEPTED seconds \"0.67625`6.281652271610601\" input_bytes \"2358600\" output_bytes \"581776\" backend_seconds \"0.04871984900091775\n"
"kernel 2 (localhost):"
"\"RECOIL_FACTORIZATION branch \"1\" factor_seconds \"0.09059\" original_bytes \"2326008\" factored_bytes \"304056\" derivative_bytes \"2068000\" reduced_bytes \"2190592\" valuation \"InputForm[0]\n"
"kernel 2 (localhost):"
"\"RECOIL_FACTORIZATION branch \"1\" factor_seconds \"0.040327\" original_bytes \"905792\" factored_bytes \"633672\" derivative_bytes \"2401280\" reduced_bytes \"1387200\" valuation \"InputForm[0]\n"
"kernel 2 (localhost):"
"\"PASS: \"\"endpoint regulator has the defining convergence orientation\"\n"
"kernel 2 (localhost):"
"\"PASS: \"\"no higher logarithmic plus distribution survives\"\n"
"kernel 2 (localhost):"
"\"REAL_ENDPOINT \"\"Hgg\"\" \"35\" branch \"-1\n"
"kernel 1 (localhost):"
"\"REGULATOR_POLYNOMIAL_BACKEND_START input_bytes \"3188168\" transfer_bytes \"196421\n"
"kernel 1 (localhost):"
"\"EXACT_POLYNOMIAL_SUM regulator_recurrence_0 1 1 0.003\\nEXACT_POLYNOMIAL_SUM regulator_residual_0 2 2 0.018\\nREGULATOR_SERIES_COEFFICIENT 0 1 0.037\\nEXACT_POLYNOMIAL_SUM regulator_recurrence_1 2 2 0.019\\nEXACT_POLYNOMIAL_SUM regulator_residual_1 3 3 0.046\\nREGULATOR_SERIES_COEFFICIENT 1 1 0.127\\nPASS: exact regulator recurrence and residual reconstruction\\n\"\n"
"kernel 1 (localhost):"
"\"\"\n"
"kernel 1 (localhost):"
"\"REGULATOR_POLYNOMIAL_ACCEPTED seconds \"0.916295`6.413580310227594\" input_bytes \"3188168\" output_bytes \"1088008\" backend_seconds \"0.1276067469989357\n"
"kernel 1 (localhost):"
"\"REGULATOR_POLYNOMIAL_BACKEND_START input_bytes \"1340200\" transfer_bytes \"75389\n"
"kernel 1 (localhost):"
"\"EXACT_POLYNOMIAL_SUM regulator_recurrence_0 1 1 0.001\\nEXACT_POLYNOMIAL_SUM regulator_residual_0 2 2 0.004\\nREGULATOR_SERIES_COEFFICIENT 0 1 0.01\\nEXACT_POLYNOMIAL_SUM regulator_recurrence_1 2 2 0.004\\nEXACT_POLYNOMIAL_SUM regulator_residual_1 3 3 0.01\\nREGULATOR_SERIES_COEFFICIENT 1 1 0.029\\nPASS: exact regulator recurrence and residual reconstruction\\n\"\n"
"kernel 1 (localhost):"
"\"\"\n"
"kernel 1 (localhost):"
"\"REGULATOR_POLYNOMIAL_ACCEPTED seconds \"0.415423`6.0700355311850975\" input_bytes \"1340200\" output_bytes \"345888\" backend_seconds \"0.029346420997171663\n"
"kernel 1 (localhost):"
"\"PASS: \"\"ordinary cut contraction is symbolic and evaluated\"\n"
"kernel 1 (localhost):"
"\"REAL_ENDPOINT \"\"Hgg\"\" \"36\" branch \"1\n"
"kernel 1 (localhost):"
"\"PASS: \"\"regulated soft power is affine with integer recoil degree\"\n"
"kernel 2 (localhost):"
"\"RECOIL_FACTORIZATION branch \"-1\" factor_seconds \"0.193201\" original_bytes \"4416152\" factored_bytes \"3756760\" derivative_bytes \"18390680\" reduced_bytes \"10112264\" valuation \"InputForm[0]\n"
"kernel 2 (localhost):"
"\"RECOIL_FACTORIZATION branch \"-1\" factor_seconds \"0.009547\" original_bytes \"150240\" factored_bytes \"31816\" derivative_bytes \"183712\" reduced_bytes \"149672\" valuation \"InputForm[1]\n"
"kernel 2 (localhost):"
"\"RECOIL_FACTORIZATION branch \"-1\" factor_seconds \"0.054163\" original_bytes \"1145416\" factored_bytes \"778744\" derivative_bytes \"3701776\" reduced_bytes \"1585552\" valuation \"InputForm[0]\n"
"kernel 2 (localhost):"
"\"RECOIL_FACTORIZATION branch \"-1\" factor_seconds \"0.370239\" original_bytes \"6388720\" factored_bytes \"4731304\" derivative_bytes \"23176936\" reduced_bytes \"12591208\" valuation \"InputForm[0]\n"
"kernel 2 (localhost):"
"\"RECOIL_FACTORIZATION branch \"-1\" factor_seconds \"0.086434\" original_bytes \"2356320\" factored_bytes \"256608\" derivative_bytes \"1734384\" reduced_bytes \"2294200\" valuation \"InputForm[0]\n"
"kernel 2 (localhost):"
"\"RECOIL_FACTORIZATION branch \"-1\" factor_seconds \"0.077847\" original_bytes \"1780688\" factored_bytes \"1237392\" derivative_bytes \"4678160\" reduced_bytes \"2669096\" valuation \"InputForm[0]\n"
"kernel 2 (localhost):"
"\"RECOIL_FACTORIZATION branch \"-1\" factor_seconds \"0.093459\" original_bytes \"2326488\" factored_bytes \"304008\" derivative_bytes \"2067664\" reduced_bytes \"2190472\" valuation \"InputForm[0]\n"
"kernel 2 (localhost):"
"\"RECOIL_FACTORIZATION branch \"-1\" factor_seconds \"0.038026\" original_bytes \"905936\" factored_bytes \"633672\" derivative_bytes \"2401280\" reduced_bytes \"1387152\" valuation \"InputForm[0]\n"
"kernel 2 (localhost):"
"\"PASS: \"\"bounded compressed assembly file\"\n"
"kernel 2 (localhost):"
"\"PASS: \"\"exact native assembly reload\"\n"
"kernel 2 (localhost):"
"\"REAL_ASSEMBLY_ACCEPTED \"\"Hgg\"\" \"35\n"
"kernel 2 (localhost):"
"\"COMPONENT_MEMORY \"35\" temporary_memo_bytes \"135236392\" memory_before \"177508624\" memory_after \"252794696\n"
"kernel 2 (localhost):"
"\"REAL_ASSEMBLY \"\"Hgg\"\" \"37\" \"\"Real\"\" \"\"ExtendedResponse\"\" \"{4, 1, 2}\n"
"kernel 2 (localhost):"
"\"PASS: \"\"physical transverse coordinate inserted\"\n"
"kernel 2 (localhost):"
"\"PASS: \"\"candidate preserves transverse substitution\"\n"
"kernel 2 (localhost):"
"\"PASS: \"\"native master retains its regulator remainder\"\n"
"kernel 2 (localhost):"
"\"PASS: \"\"exact raw regulator ratio retained\"\n"
"kernel 1 (localhost):"
"\"PASS: \"\"exact factored recoil coefficient\"\n"
"kernel 2 (localhost):"
"\"PASS: \"\"coefficient valuation is rational\"\n"
"kernel 2 (localhost):"
"\"PASS: \"\"integer coefficient regulator valuation\"\n"
"kernel 2 (localhost):"
"\"PASS: \"\"actual coefficient preserves required master depth\"\n"
"kernel 2 (localhost):"
"\"PASS: \"\"integer master Laurent support\"\n"
"kernel 2 (localhost):"
"\"PASS: \"\"master Laurent coefficients independent of regulator\"\n"
"kernel 2 (localhost):"
"\"PASS: \"\"complete master Laurent reconstruction\"\n"
"kernel 2 (localhost):"
"\"PASS: \"\"accepted exact polynomial backend retained\"\n"
"kernel 2 (localhost):"
"\"PASS: \"\"raw scalar ratio exactly reconstructs\"\n"
"kernel 2 (localhost):"
"\"PASS: \"\"unassigned algebraic input generators\"\n"
"kernel 2 (localhost):"
"\"PASS: \"\"algebraic generators preserve the exact input\"\n"
"kernel 2 (localhost):"
"\"PASS: \"\"lifted algebraic atoms independent of regulator\"\n"
"kernel 2 (localhost):"
"\"PASS: \"\"complete rational polynomial support\"\n"
"kernel 2 (localhost):"
"\"PASS: \"\"unassigned polynomial transfer generators\"\n"
"kernel 2 (localhost):"
"\"PASS: \"\"complete polynomial transfer text reconstructs\"\n"
"kernel 2 (localhost):"
"\"PASS: \"\"exact native polynomial JSON transfer\"\n"
"kernel 2 (localhost):"
"\"REGULATOR_POLYNOMIAL_BACKEND_START input_bytes \"18552056\" transfer_bytes \"1172901\n"
"kernel 2 (localhost):"
"\"EXACT_POLYNOMIAL_SUM regulator_recurrence_0 1 1 0.009\\nEXACT_POLYNOMIAL_SUM regulator_residual_0 2 2 0.043\\nREGULATOR_SERIES_COEFFICIENT 0 1 0.097\\nEXACT_POLYNOMIAL_SUM regulator_recurrence_1 2 2 0.047\\nEXACT_POLYNOMIAL_SUM regulator_residual_1 3 3 0.117\\nREGULATOR_SERIES_COEFFICIENT 1 1 0.323\\nPASS: exact regulator recurrence and residual reconstruction\\n\"\n"
"kernel 2 (localhost):"
"\"\"\n"
"kernel 2 (localhost):"
"\"PASS: \"\"exact polynomial normalization completed\"\n"
"kernel 2 (localhost):"
"\"PASS: \"\"complete normalization backend identity\"\n"
"kernel 2 (localhost):"
"\"PASS: \"\"complete regulator coefficient coverage\"\n"
"kernel 2 (localhost):"
"\"PASS: \"\"complete physical scalar reconstruction\"\n"
"kernel 2 (localhost):"
"\"PASS: \"\"bounded normalized scalar cache\"\n"
"kernel 2 (localhost):"
"\"PASS: \"\"exact normalized scalar reload\"\n"
"kernel 2 (localhost):"
"\"REGULATOR_POLYNOMIAL_ACCEPTED seconds \"4.259728`7.080926862112668\" input_bytes \"18552056\" output_bytes \"2345792\" backend_seconds \"0.3239360799998394\n"
"kernel 2 (localhost):"
"\"PASS: \"\"canonical special-function argument exactly preserved\"\n"
"kernel 2 (localhost):"
"\"PASS: \"\"product agrees through requested regulator order\"\n"
"kernel 2 (localhost):"
"\"PASS: \"\"native product contains no higher regulator powers\"\n"
"kernel 2 (localhost):"
"\"REGULATOR_POLYNOMIAL_BACKEND_START input_bytes \"269144\" transfer_bytes \"16267\n"
"kernel 2 (localhost):"
"\"EXACT_POLYNOMIAL_SUM regulator_recurrence_0 1 1 0.0\\nEXACT_POLYNOMIAL_SUM regulator_residual_0 2 2 0.001\\nREGULATOR_SERIES_COEFFICIENT 0 1 0.003\\nEXACT_POLYNOMIAL_SUM regulator_recurrence_1 2 2 0.001\\nEXACT_POLYNOMIAL_SUM regulator_residual_1 3 3 0.002\\nREGULATOR_SERIES_COEFFICIENT 1 1 0.008\\nPASS: exact regulator recurrence and residual reconstruction\\n\"\n"
"kernel 2 (localhost):"
"\"\"\n"
"kernel 2 (localhost):"
"\"REGULATOR_POLYNOMIAL_ACCEPTED seconds \"0.169532`5.680796678995163\" input_bytes \"269144\" output_bytes \"99640\" backend_seconds \"0.007687347999308258\n"
"kernel 2 (localhost):"
"\"REGULATOR_POLYNOMIAL_BACKEND_START input_bytes \"2086736\" transfer_bytes \"124276\n"
"kernel 2 (localhost):"
"\"EXACT_POLYNOMIAL_SUM regulator_recurrence_0 1 1 0.002\\nEXACT_POLYNOMIAL_SUM regulator_residual_0 2 2 0.009\\nREGULATOR_SERIES_COEFFICIENT 0 1 0.019\\nEXACT_POLYNOMIAL_SUM regulator_recurrence_1 2 2 0.01\\nEXACT_POLYNOMIAL_SUM regulator_residual_1 3 3 0.018\\nREGULATOR_SERIES_COEFFICIENT 1 1 0.058\\nPASS: exact regulator recurrence and residual reconstruction\\n\"\n"
"kernel 2 (localhost):"
"\"\"\n"
"kernel 2 (localhost):"
"\"REGULATOR_POLYNOMIAL_ACCEPTED seconds \"0.631597`6.251985051997303\" input_bytes \"2086736\" output_bytes \"625696\" backend_seconds \"0.058074224998563295\n"
"kernel 2 (localhost):"
"\"REGULATOR_POLYNOMIAL_BACKEND_START input_bytes \"14769048\" transfer_bytes \"927585\n"
"kernel 2 (localhost):"
"\"EXACT_POLYNOMIAL_SUM regulator_recurrence_0 1 1 0.006\\nEXACT_POLYNOMIAL_SUM regulator_residual_0 2 2 0.037\\nREGULATOR_SERIES_COEFFICIENT 0 0 0.085\\nPASS: exact regulator recurrence and residual reconstruction\\n\"\n"
"kernel 2 (localhost):"
"\"\"\n"
"kernel 2 (localhost):"
"\"REGULATOR_POLYNOMIAL_ACCEPTED seconds \"2.996847`6.928209564685902\" input_bytes \"14769048\" output_bytes \"570320\" backend_seconds \"0.08735964299921761\n"
"kernel 2 (localhost):"
"\"REGULATOR_POLYNOMIAL_BACKEND_START input_bytes \"2223112\" transfer_bytes \"139501\n"
"kernel 2 (localhost):"
"\"EXACT_POLYNOMIAL_SUM regulator_recurrence_0 1 1 0.003\\nEXACT_POLYNOMIAL_SUM regulator_residual_0 2 2 0.01\\nREGULATOR_SERIES_COEFFICIENT 0 1 0.023\\nEXACT_POLYNOMIAL_SUM regulator_recurrence_1 2 2 0.012\\nEXACT_POLYNOMIAL_SUM regulator_residual_1 3 3 0.028\\nREGULATOR_SERIES_COEFFICIENT 1 1 0.079\\nPASS: exact regulator recurrence and residual reconstruction\\n\"\n"
"kernel 2 (localhost):"
"\"\"\n"
"kernel 2 (localhost):"
"\"REGULATOR_POLYNOMIAL_ACCEPTED seconds \"0.667728`6.276144581487028\" input_bytes \"2223112\" output_bytes \"808296\" backend_seconds \"0.07901173199934419\n"
"kernel 2 (localhost):"
"\"REGULATOR_POLYNOMIAL_BACKEND_START input_bytes \"2036088\" transfer_bytes \"115128\n"
"kernel 2 (localhost):"
"\"EXACT_POLYNOMIAL_SUM regulator_recurrence_0 1 1 0.001\\nEXACT_POLYNOMIAL_SUM regulator_residual_0 2 2 0.004\\nREGULATOR_SERIES_COEFFICIENT 0 1 0.01\\nEXACT_POLYNOMIAL_SUM regulator_recurrence_1 2 2 0.005\\nEXACT_POLYNOMIAL_SUM regulator_residual_1 3 3 0.012\\nREGULATOR_SERIES_COEFFICIENT 1 1 0.035\\nPASS: exact regulator recurrence and residual reconstruction\\n\"\n"
"kernel 2 (localhost):"
"\"\"\n"
"kernel 2 (localhost):"
"\"REGULATOR_POLYNOMIAL_ACCEPTED seconds \"0.552317`6.193733404260063\" input_bytes \"2036088\" output_bytes \"459984\" backend_seconds \"0.03493964600056643\n"
"kernel 2 (localhost):"
"\"REGULATOR_POLYNOMIAL_BACKEND_START input_bytes \"2912512\" transfer_bytes \"182182\n"
"kernel 2 (localhost):"
"\"EXACT_POLYNOMIAL_SUM regulator_recurrence_0 1 1 0.003\\nEXACT_POLYNOMIAL_SUM regulator_residual_0 2 2 0.013\\nREGULATOR_SERIES_COEFFICIENT 0 1 0.027\\nEXACT_POLYNOMIAL_SUM regulator_recurrence_1 2 2 0.017\\nEXACT_POLYNOMIAL_SUM regulator_residual_1 3 3 0.037\\nREGULATOR_SERIES_COEFFICIENT 1 1 0.103\\nPASS: exact regulator recurrence and residual reconstruction\\n\"\n"
"kernel 2 (localhost):"
"\"\"\n"
"kernel 2 (localhost):"
"\"REGULATOR_POLYNOMIAL_ACCEPTED seconds \"0.822384`6.3666196457559945\" input_bytes \"2912512\" output_bytes \"1032648\" backend_seconds \"0.1036294990008173\n"
"kernel 2 (localhost):"
"\"REGULATOR_POLYNOMIAL_BACKEND_START input_bytes \"1234832\" transfer_bytes \"69931\n"
"kernel 2 (localhost):"
"\"EXACT_POLYNOMIAL_SUM regulator_recurrence_0 1 1 0.001\\nEXACT_POLYNOMIAL_SUM regulator_residual_0 2 2 0.003\\nREGULATOR_SERIES_COEFFICIENT 0 1 0.007\\nEXACT_POLYNOMIAL_SUM regulator_recurrence_1 2 2 0.003\\nEXACT_POLYNOMIAL_SUM regulator_residual_1 3 3 0.008\\nREGULATOR_SERIES_COEFFICIENT 1 1 0.023\\nPASS: exact regulator recurrence and residual reconstruction\\n\"\n"
"kernel 2 (localhost):"
"\"\"\n"
"kernel 2 (localhost):"
"\"REGULATOR_POLYNOMIAL_ACCEPTED seconds \"0.363684`6.012269188516701\" input_bytes \"1234832\" output_bytes \"295288\" backend_seconds \"0.023128671000449685\n"
"kernel 2 (localhost):"
"\"PASS: \"\"ordinary cut contraction is symbolic and evaluated\"\n"
"kernel 2 (localhost):"
"\"REAL_ENDPOINT \"\"Hgg\"\" \"37\" branch \"1\n"
"kernel 2 (localhost):"
"\"PASS: \"\"regulated soft power is affine with integer recoil degree\"\n"
"kernel 2 (localhost):"
"\"PASS: \"\"exact factored recoil coefficient\"\n"
"kernel 2 (localhost):"
"\"PASS: \"\"exact reduced logarithmic derivative\"\n"
"kernel 2 (localhost):"
"\"PASS: \"\"factored recoil valuation is an unconditional integer\"\n"
"kernel 2 (localhost):"
"\"RECOIL_FACTORIZATION branch \"1\" factor_seconds \"7.897829\" original_bytes \"15663088\" factored_bytes \"4233720\" derivative_bytes \"33538064\" reduced_bytes \"13879896\" valuation \"InputForm[0]\n"
"kernel 2 (localhost):"
"\"PASS: \"\"spin coefficient has integer recoil valuation\"\n"
"kernel 2 (localhost):"
"\"RECOIL_FACTORIZATION branch \"1\" factor_seconds \"0.216523\" original_bytes \"350200\" factored_bytes \"78376\" derivative_bytes \"534248\" reduced_bytes \"375824\" valuation \"InputForm[1]\n"
"kernel 2 (localhost):"
"\"RECOIL_FACTORIZATION branch \"1\" factor_seconds \"1.334735\" original_bytes \"2262576\" factored_bytes \"573904\" derivative_bytes \"3295000\" reduced_bytes \"2148400\" valuation \"InputForm[0]\n"
"kernel 1 (localhost):"
"\"PASS: \"\"exact reduced logarithmic derivative\"\n"
"kernel 1 (localhost):"
"\"PASS: \"\"factored recoil valuation is an unconditional integer\"\n"
"kernel 1 (localhost):"
"\"RECOIL_FACTORIZATION branch \"1\" factor_seconds \"11.466599\" original_bytes \"22602464\" factored_bytes \"6190856\" derivative_bytes \"49110992\" reduced_bytes \"19221448\" valuation \"InputForm[0]\n"
"kernel 1 (localhost):"
"\"PASS: \"\"spin coefficient has integer recoil valuation\"\n"
"kernel 1 (localhost):"
"\"RECOIL_FACTORIZATION branch \"1\" factor_seconds \"0.229853\" original_bytes \"330552\" factored_bytes \"74032\" derivative_bytes \"508176\" reduced_bytes \"366400\" valuation \"InputForm[1]\n"
"kernel 1 (localhost):"
"\"RECOIL_FACTORIZATION branch \"1\" factor_seconds \"1.417343\" original_bytes \"2285136\" factored_bytes \"578960\" derivative_bytes \"3324880\" reduced_bytes \"2170888\" valuation \"InputForm[0]\n"
"kernel 2 (localhost):"
"\"RECOIL_FACTORIZATION branch \"1\" factor_seconds \"5.620336\" original_bytes \"10358640\" factored_bytes \"2797200\" derivative_bytes \"16491256\" reduced_bytes \"7913328\" valuation \"InputForm[0]\n"
"kernel 2 (localhost):"
"\"RECOIL_FACTORIZATION branch \"1\" factor_seconds \"1.592225\" original_bytes \"2854264\" factored_bytes \"162560\" derivative_bytes \"1256816\" reduced_bytes \"1565768\" valuation \"InputForm[0]\n"
"kernel 2 (localhost):"
"\"RECOIL_FACTORIZATION branch \"1\" factor_seconds \"2.201737\" original_bytes \"3575384\" factored_bytes \"943912\" derivative_bytes \"4487976\" reduced_bytes \"2850912\" valuation \"InputForm[0]\n"
"kernel 2 (localhost):"
"\"RECOIL_FACTORIZATION branch \"1\" factor_seconds \"2.042486\" original_bytes \"3544632\" factored_bytes \"227616\" derivative_bytes \"1775368\" reduced_bytes \"1887400\" valuation \"InputForm[0]\n"
"kernel 2 (localhost):"
"\"RECOIL_FACTORIZATION branch \"1\" factor_seconds \"0.711932\" original_bytes \"1151168\" factored_bytes \"296200\" derivative_bytes \"1405088\" reduced_bytes \"1007512\" valuation \"InputForm[0]\n"
"kernel 2 (localhost):"
"\"PASS: \"\"endpoint regulator has the defining convergence orientation\"\n"
"kernel 2 (localhost):"
"\"PASS: \"\"no higher logarithmic plus distribution survives\"\n"
"kernel 2 (localhost):"
"\"REAL_ENDPOINT \"\"Hgg\"\" \"37\" branch \"-1\n"
"kernel 1 (localhost):"
"\"RECOIL_FACTORIZATION branch \"1\" factor_seconds \"8.876585\" original_bytes \"16164320\" factored_bytes \"4440224\" derivative_bytes \"26214152\" reduced_bytes \"11904800\" valuation \"InputForm[0]\n"
"kernel 1 (localhost):"
"\"RECOIL_FACTORIZATION branch \"1\" factor_seconds \"1.619258\" original_bytes \"2804384\" factored_bytes \"164256\" derivative_bytes \"1273256\" reduced_bytes \"1573800\" valuation \"InputForm[0]\n"
"kernel 1 (localhost):"
"\"RECOIL_FACTORIZATION branch \"1\" factor_seconds \"2.854016\" original_bytes \"4382176\" factored_bytes \"1166960\" derivative_bytes \"5567992\" reduced_bytes \"3444560\" valuation \"InputForm[0]\n"
"kernel 1 (localhost):"
"\"RECOIL_FACTORIZATION branch \"1\" factor_seconds \"2.232179\" original_bytes \"3613928\" factored_bytes \"232240\" derivative_bytes \"1812208\" reduced_bytes \"1912072\" valuation \"InputForm[0]\n"
"kernel 1 (localhost):"
"\"RECOIL_FACTORIZATION branch \"1\" factor_seconds \"0.782376\" original_bytes \"1244432\" factored_bytes \"320768\" derivative_bytes \"1526832\" reduced_bytes \"1086320\" valuation \"InputForm[0]\n"
"kernel 1 (localhost):"
"\"PASS: \"\"endpoint regulator has the defining convergence orientation\"\n"
"kernel 1 (localhost):"
"\"PASS: \"\"no higher logarithmic plus distribution survives\"\n"
"kernel 1 (localhost):"
"\"REAL_ENDPOINT \"\"Hgg\"\" \"36\" branch \"-1\n"
"kernel 2 (localhost):"
"\"RECOIL_FACTORIZATION branch \"-1\" factor_seconds \"8.294881\" original_bytes \"16564528\" factored_bytes \"4233648\" derivative_bytes \"33537440\" reduced_bytes \"13879704\" valuation \"InputForm[0]\n"
"kernel 2 (localhost):"
"\"RECOIL_FACTORIZATION branch \"-1\" factor_seconds \"0.225593\" original_bytes \"373744\" factored_bytes \"78304\" derivative_bytes \"533840\" reduced_bytes \"375608\" valuation \"InputForm[1]\n"
"kernel 2 (localhost):"
"\"RECOIL_FACTORIZATION branch \"-1\" factor_seconds \"1.37808\" original_bytes \"2411472\" factored_bytes \"573856\" derivative_bytes \"3294808\" reduced_bytes \"2148208\" valuation \"InputForm[0]\n"
"kernel 2 (localhost):"
"\"RECOIL_FACTORIZATION branch \"-1\" factor_seconds \"5.693678\" original_bytes \"10960728\" factored_bytes \"2797248\" derivative_bytes \"16491640\" reduced_bytes \"7913280\" valuation \"InputForm[0]\n"
"kernel 2 (localhost):"
"\"RECOIL_FACTORIZATION branch \"-1\" factor_seconds \"1.538489\" original_bytes \"3040384\" factored_bytes \"162344\" derivative_bytes \"1255136\" reduced_bytes \"1565456\" valuation \"InputForm[0]\n"
"kernel 2 (localhost):"
"\"RECOIL_FACTORIZATION branch \"-1\" factor_seconds \"2.091508\" original_bytes \"3807440\" factored_bytes \"943816\" derivative_bytes \"4487592\" reduced_bytes \"2850720\" valuation \"InputForm[0]\n"
"kernel 2 (localhost):"
"\"RECOIL_FACTORIZATION branch \"-1\" factor_seconds \"2.014067\" original_bytes \"3774432\" factored_bytes \"227664\" derivative_bytes \"1775872\" reduced_bytes \"1887328\" valuation \"InputForm[0]\n"
"kernel 2 (localhost):"
"\"RECOIL_FACTORIZATION branch \"-1\" factor_seconds \"0.68203\" original_bytes \"1226720\" factored_bytes \"296248\" derivative_bytes \"1405424\" reduced_bytes \"1007464\" valuation \"InputForm[0]\n"
"kernel 2 (localhost):"
"\"PASS: \"\"bounded compressed assembly file\"\n"
"kernel 2 (localhost):"
"\"PASS: \"\"exact native assembly reload\"\n"
"kernel 2 (localhost):"
"\"REAL_ASSEMBLY_ACCEPTED \"\"Hgg\"\" \"37\n"
"kernel 2 (localhost):"
"\"COMPONENT_MEMORY \"37\" temporary_memo_bytes \"161267496\" memory_before \"208830016\" memory_after \"248788688\n"
"kernel 2 (localhost):"
"\"REAL_ASSEMBLY \"\"Hgg\"\" \"38\" \"\"Real\"\" \"\"ExtendedResponse\"\" \"{4, 1, 5}\n"
"kernel 2 (localhost):"
"\"PASS: \"\"physical transverse coordinate inserted\"\n"
"kernel 2 (localhost):"
"\"PASS: \"\"candidate preserves transverse substitution\"\n"
"kernel 2 (localhost):"
"\"PASS: \"\"native master retains its regulator remainder\"\n"
"kernel 2 (localhost):"
"\"PASS: \"\"exact raw regulator ratio retained\"\n"
"kernel 2 (localhost):"
"\"PASS: \"\"coefficient valuation is rational\"\n"
"kernel 2 (localhost):"
"\"PASS: \"\"integer coefficient regulator valuation\"\n"
"kernel 2 (localhost):"
"\"PASS: \"\"actual coefficient preserves required master depth\"\n"
"kernel 2 (localhost):"
"\"PASS: \"\"integer master Laurent support\"\n"
"kernel 2 (localhost):"
"\"PASS: \"\"master Laurent coefficients independent of regulator\"\n"
"kernel 2 (localhost):"
"\"PASS: \"\"complete master Laurent reconstruction\"\n"
"kernel 2 (localhost):"
"\"PASS: \"\"accepted exact polynomial backend retained\"\n"
"kernel 2 (localhost):"
"\"PASS: \"\"raw scalar ratio exactly reconstructs\"\n"
"kernel 2 (localhost):"
"\"PASS: \"\"unassigned algebraic input generators\"\n"
"kernel 2 (localhost):"
"\"PASS: \"\"algebraic generators preserve the exact input\"\n"
"kernel 2 (localhost):"
"\"PASS: \"\"lifted algebraic atoms independent of regulator\"\n"
"kernel 2 (localhost):"
"\"PASS: \"\"complete rational polynomial support\"\n"
"kernel 2 (localhost):"
"\"PASS: \"\"unassigned polynomial transfer generators\"\n"
"kernel 2 (localhost):"
"\"PASS: \"\"complete polynomial transfer text reconstructs\"\n"
"kernel 2 (localhost):"
"\"PASS: \"\"exact native polynomial JSON transfer\"\n"
"kernel 2 (localhost):"
"\"REGULATOR_POLYNOMIAL_BACKEND_START input_bytes \"12107400\" transfer_bytes \"749725\n"
"kernel 2 (localhost):"
"\"EXACT_POLYNOMIAL_SUM regulator_recurrence_0 1 1 0.008\\nEXACT_POLYNOMIAL_SUM regulator_residual_0 2 2 0.037\\nREGULATOR_SERIES_COEFFICIENT 0 0 0.082\\nPASS: exact regulator recurrence and residual reconstruction\\n\"\n"
"kernel 2 (localhost):"
"\"\"\n"
"kernel 2 (localhost):"
"\"PASS: \"\"exact polynomial normalization completed\"\n"
"kernel 2 (localhost):"
"\"PASS: \"\"complete normalization backend identity\"\n"
"kernel 2 (localhost):"
"\"PASS: \"\"complete regulator coefficient coverage\"\n"
"kernel 2 (localhost):"
"\"PASS: \"\"complete physical scalar reconstruction\"\n"
"kernel 2 (localhost):"
"\"PASS: \"\"bounded normalized scalar cache\"\n"
"kernel 2 (localhost):"
"\"PASS: \"\"exact normalized scalar reload\"\n"
"kernel 2 (localhost):"
"\"REGULATOR_POLYNOMIAL_ACCEPTED seconds \"2.569947`6.86146916046739\" input_bytes \"12107400\" output_bytes \"488936\" backend_seconds \"0.08296369499294087\n"
"kernel 2 (localhost):"
"\"PASS: \"\"canonical special-function argument exactly preserved\"\n"
"kernel 2 (localhost):"
"\"PASS: \"\"product agrees through requested regulator order\"\n"
"kernel 2 (localhost):"
"\"MASTER_PRODUCT_TRUNCATED \"{38, CutIntegral[\"R01\", {1, 1, 0, 0}]}\" first_discarded_power \"1\" requested_order \"0\n"
"kernel 2 (localhost):"
"\"PASS: \"\"native product contains no higher regulator powers\"\n"
"kernel 2 (localhost):"
"\"REGULATOR_POLYNOMIAL_BACKEND_START input_bytes \"164464\" transfer_bytes \"10056\n"
"kernel 2 (localhost):"
"\"EXACT_POLYNOMIAL_SUM regulator_recurrence_0 1 1 0.0\\nEXACT_POLYNOMIAL_SUM regulator_residual_0 2 2 0.001\\nREGULATOR_SERIES_COEFFICIENT 0 0 0.003\\nPASS: exact regulator recurrence and residual reconstruction\\n\"\n"
"kernel 2 (localhost):"
"\"\"\n"
"kernel 2 (localhost):"
"\"REGULATOR_POLYNOMIAL_ACCEPTED seconds \"0.144969`5.612820136639179\" input_bytes \"164464\" output_bytes \"49552\" backend_seconds \"0.0027503300007083453\n"
"kernel 2 (localhost):"
"\"REGULATOR_POLYNOMIAL_BACKEND_START input_bytes \"2199640\" transfer_bytes \"130314\n"
"kernel 2 (localhost):"
"\"EXACT_POLYNOMIAL_SUM regulator_recurrence_0 1 1 0.002\\nEXACT_POLYNOMIAL_SUM regulator_residual_0 2 2 0.012\\nREGULATOR_SERIES_COEFFICIENT 0 0 0.024\\nPASS: exact regulator recurrence and residual reconstruction\\n\"\n"
"kernel 2 (localhost):"
"\"\"\n"
"kernel 2 (localhost):"
"\"REGULATOR_POLYNOMIAL_ACCEPTED seconds \"0.537762`6.182135103816535\" input_bytes \"2199640\" output_bytes \"421976\" backend_seconds \"0.024467805997119285\n"
"kernel 2 (localhost):"
"\"REGULATOR_POLYNOMIAL_BACKEND_START input_bytes \"16074368\" transfer_bytes \"1009290\n"
"kernel 2 (localhost):"
"\"PASS: exact regulator recurrence and residual reconstruction\\n\"\n"
"kernel 2 (localhost):"
"\"\"\n"
"kernel 2 (localhost):"
"\"REGULATOR_POLYNOMIAL_ACCEPTED seconds \"3.170813`6.95271562358271\" input_bytes \"16074368\" output_bytes \"16\" backend_seconds \"0.025243480995413847\n"
"kernel 2 (localhost):"
"\"REGULATOR_POLYNOMIAL_BACKEND_START input_bytes \"2948528\" transfer_bytes \"178973\n"
"kernel 2 (localhost):"
"\"EXACT_POLYNOMIAL_SUM regulator_recurrence_0 1 1 0.003\\nEXACT_POLYNOMIAL_SUM regulator_residual_0 2 2 0.02\\nREGULATOR_SERIES_COEFFICIENT 0 0 0.038\\nPASS: exact regulator recurrence and residual reconstruction\\n\"\n"
"kernel 2 (localhost):"
"\"\"\n"
"kernel 2 (localhost):"
"\"REGULATOR_POLYNOMIAL_ACCEPTED seconds \"0.796336`6.3526413428376305\" input_bytes \"2948528\" output_bytes \"679608\" backend_seconds \"0.0380262520047836\n"
"kernel 2 (localhost):"
"\"REGULATOR_POLYNOMIAL_BACKEND_START input_bytes \"2521600\" transfer_bytes \"141768\n"
"kernel 2 (localhost):"
"\"EXACT_POLYNOMIAL_SUM regulator_recurrence_0 1 1 0.002\\nEXACT_POLYNOMIAL_SUM regulator_residual_0 2 2 0.01\\nREGULATOR_SERIES_COEFFICIENT 0 0 0.02\\nPASS: exact regulator recurrence and residual reconstruction\\n\"\n"
"kernel 2 (localhost):"
"\"\"\n"
"kernel 2 (localhost):"
"\"REGULATOR_POLYNOMIAL_ACCEPTED seconds \"0.594331`6.225573376922312\" input_bytes \"2521600\" output_bytes \"444256\" backend_seconds \"0.020560086995828897\n"
"kernel 2 (localhost):"
"\"REGULATOR_POLYNOMIAL_BACKEND_START input_bytes \"3037824\" transfer_bytes \"183524\n"
"kernel 2 (localhost):"
"\"EXACT_POLYNOMIAL_SUM regulator_recurrence_0 1 1 0.003\\nEXACT_POLYNOMIAL_SUM regulator_residual_0 2 2 0.022\\nREGULATOR_SERIES_COEFFICIENT 0 0 0.039\\nPASS: exact regulator recurrence and residual reconstruction\\n\"\n"
"kernel 2 (localhost):"
"\"\"\n"
"kernel 2 (localhost):"
"\"REGULATOR_POLYNOMIAL_ACCEPTED seconds \"0.76125`6.333072299136905\" input_bytes \"3037824\" output_bytes \"711664\" backend_seconds \"0.03940136400342453\n"
"kernel 2 (localhost):"
"\"REGULATOR_POLYNOMIAL_BACKEND_START input_bytes \"1485840\" transfer_bytes \"83533\n"
"kernel 2 (localhost):"
"\"EXACT_POLYNOMIAL_SUM regulator_recurrence_0 1 1 0.001\\nEXACT_POLYNOMIAL_SUM regulator_residual_0 2 2 0.006\\nREGULATOR_SERIES_COEFFICIENT 0 0 0.015\\nPASS: exact regulator recurrence and residual reconstruction\\n\"\n"
"kernel 2 (localhost):"
"\"\"\n"
"kernel 2 (localhost):"
"\"REGULATOR_POLYNOMIAL_ACCEPTED seconds \"0.411444`6.06585572697866\" input_bytes \"1485840\" output_bytes \"252712\" backend_seconds \"0.01476830000319751\n"
"kernel 2 (localhost):"
"\"PASS: \"\"ordinary cut contraction is symbolic and evaluated\"\n"
"kernel 2 (localhost):"
"\"REAL_ENDPOINT \"\"Hgg\"\" \"38\" branch \"1\n"
"kernel 2 (localhost):"
"\"PASS: \"\"regulated soft power is affine with integer recoil degree\"\n"
"kernel 2 (localhost):"
"\"PASS: \"\"exact factored recoil coefficient\"\n"
"kernel 2 (localhost):"
"\"PASS: \"\"exact reduced logarithmic derivative\"\n"
"kernel 2 (localhost):"
"\"PASS: \"\"factored recoil valuation is an unconditional integer\"\n"
"kernel 2 (localhost):"
"\"RECOIL_FACTORIZATION branch \"1\" factor_seconds \"5.377013\" original_bytes \"11028024\" factored_bytes \"2970264\" derivative_bytes \"20492056\" reduced_bytes \"9148136\" valuation \"InputForm[0]\n"
"kernel 2 (localhost):"
"\"PASS: \"\"spin coefficient has integer recoil valuation\"\n"
"kernel 2 (localhost):"
"\"RECOIL_FACTORIZATION branch \"1\" factor_seconds \"0.113138\" original_bytes \"196024\" factored_bytes \"25272\" derivative_bytes \"171480\" reduced_bytes \"149512\" valuation \"InputForm[2]\n"
"kernel 2 (localhost):"
"\"RECOIL_FACTORIZATION branch \"1\" factor_seconds \"1.338188\" original_bytes \"2298312\" factored_bytes \"444056\" derivative_bytes \"2549944\" reduced_bytes \"1664272\" valuation \"InputForm[0]\n"
"kernel 2 (localhost):"
"\"RECOIL_FACTORIZATION branch \"1\" factor_seconds \"6.619059\" original_bytes \"12786800\" factored_bytes \"2911440\" derivative_bytes \"17163928\" reduced_bytes \"7980256\" valuation \"InputForm[0]\n"
"kernel 2 (localhost):"
"\"RECOIL_FACTORIZATION branch \"1\" factor_seconds \"1.917158\" original_bytes \"3692024\" factored_bytes \"155520\" derivative_bytes \"1205880\" reduced_bytes \"1533048\" valuation \"InputForm[0]\n"
"kernel 2 (localhost):"
"\"RECOIL_FACTORIZATION branch \"1\" factor_seconds \"2.612281\" original_bytes \"4500976\" factored_bytes \"932560\" derivative_bytes \"4452184\" reduced_bytes \"2735944\" valuation \"InputForm[0]\n"
"kernel 2 (localhost):"
"\"RECOIL_FACTORIZATION branch \"1\" factor_seconds \"1.935031\" original_bytes \"3544136\" factored_bytes \"155960\" derivative_bytes \"1222632\" reduced_bytes \"1485312\" valuation \"InputForm[0]\n"
"kernel 2 (localhost):"
"\"RECOIL_FACTORIZATION branch \"1\" factor_seconds \"0.806214\" original_bytes \"1408432\" factored_bytes \"285456\" derivative_bytes \"1358360\" reduced_bytes \"938680\" valuation \"InputForm[0]\n"
"kernel 2 (localhost):"
"\"PASS: \"\"endpoint regulator has the defining convergence orientation\"\n"
"kernel 2 (localhost):"
"\"PASS: \"\"no higher logarithmic plus distribution survives\"\n"
"kernel 2 (localhost):"
"\"REAL_ENDPOINT \"\"Hgg\"\" \"38\" branch \"-1\n"
"kernel 1 (localhost):"
"\"RECOIL_FACTORIZATION branch \"-1\" factor_seconds \"12.5485\" original_bytes \"23903576\" factored_bytes \"6190712\" derivative_bytes \"49109792\" reduced_bytes \"19221256\" valuation \"InputForm[0]\n"
"kernel 1 (localhost):"
"\"RECOIL_FACTORIZATION branch \"-1\" factor_seconds \"0.514956\" original_bytes \"352728\" factored_bytes \"73984\" derivative_bytes \"507912\" reduced_bytes \"366160\" valuation \"InputForm[1]\n"
"kernel 1 (localhost):"
"\"RECOIL_FACTORIZATION branch \"-1\" factor_seconds \"1.490824\" original_bytes \"2435568\" factored_bytes \"578912\" derivative_bytes \"3324688\" reduced_bytes \"2170696\" valuation \"InputForm[0]\n"
