sidis.py 10049
NLO/Pg/fchn6A.py 11771
  _PolyLOG ['s', 'z']
  PolyLOG ['s', 'z']
  regular ['g', 'gp', 's', 't', 'Q', 's23', 'mu', 'nf']
  delta ['g', 'gp', 's', 't', 'Q', 's23', 'mu', 'B', 'nf']
  plus1B ['g', 'gp', 's', 't', 'Q', 's23', 'mu', 'B', 'nf']
  plus2B ['g', 'gp', 's', 't', 'Q', 's23', 'mu', 'B', 'nf']
NLO/Pg/fchn6B.py 19515
  _PolyLOG ['s', 'z']
  PolyLOG ['s', 'z']
  regular ['g', 'gp', 's', 't', 'Q', 's23', 'mu', 'nf']
  delta ['g', 'gp', 's', 't', 'Q', 's23', 'mu', 'B', 'nf']
  plus1B ['g', 'gp', 's', 't', 'Q', 's23', 'mu', 'B', 'nf']
  plus2B ['g', 'gp', 's', 't', 'Q', 's23', 'mu', 'B', 'nf']
NLO/Pg/fchn6C.py 11614
  _PolyLOG ['s', 'z']
  PolyLOG ['s', 'z']
  regular ['g', 'gp', 's', 't', 'Q', 's23', 'mu', 'nf']
  delta ['g', 'gp', 's', 't', 'Q', 's23', 'mu', 'B', 'nf']
  plus1B ['g', 'gp', 's', 't', 'Q', 's23', 'mu', 'B', 'nf']
  plus2B ['g', 'gp', 's', 't', 'Q', 's23', 'mu', 'B', 'nf']
NLO/Ppp/fchn6A.py 8710
  _PolyLOG ['s', 'z']
  PolyLOG ['s', 'z']
  regular ['g', 'gp', 's', 't', 'Q', 's23', 'mu', 'nf']
  delta ['g', 'gp', 's', 't', 'Q', 's23', 'mu', 'B', 'nf']
  plus1B ['g', 'gp', 's', 't', 'Q', 's23', 'mu', 'B', 'nf']
  plus2B ['g', 'gp', 's', 't', 'Q', 's23', 'mu', 'B', 'nf']
NLO/Ppp/fchn6B.py 11971
  _PolyLOG ['s', 'z']
  PolyLOG ['s', 'z']
  regular ['g', 'gp', 's', 't', 'Q', 's23', 'mu', 'nf']
  delta ['g', 'gp', 's', 't', 'Q', 's23', 'mu', 'B', 'nf']
  plus1B ['g', 'gp', 's', 't', 'Q', 's23', 'mu', 'B', 'nf']
  plus2B ['g', 'gp', 's', 't', 'Q', 's23', 'mu', 'B', 'nf']
NLO/Ppp/fchn6C.py 9532
  _PolyLOG ['s', 'z']
  PolyLOG ['s', 'z']
  regular ['g', 'gp', 's', 't', 'Q', 's23', 'mu', 'nf']
  delta ['g', 'gp', 's', 't', 'Q', 's23', 'mu', 'B', 'nf']
  plus1B ['g', 'gp', 's', 't', 'Q', 's23', 'mu', 'B', 'nf']
  plus2B ['g', 'gp', 's', 't', 'Q', 's23', 'mu', 'B', 'nf']
PASS: production frozen; published Hqqprime reference downloaded and hashed
