A {'Q2': 4, 's': 10, 's23': 1, 't': -3, 'mu2': 2} all-coefficient relative differences [8.942283708674788e-15, 3.150364201525163e-14]
B {'Q2': 4, 's': 10, 's23': 1, 't': -3, 'mu2': 2} all-coefficient relative differences [1.2237862745820254e-14, 1.0816660830979476e-14]
C {'Q2': 4, 's': 10, 's23': 1, 't': -3, 'mu2': 2} all-coefficient relative differences [4.097914501943293e-13, 6.93035573950283e-14]
A {'Q2': 4, 's': 10, 's23': 1, 't': -3, 'mu2': 4} all-coefficient relative differences [5.633490124881377e-15, 1.8440118560422787e-14]
B {'Q2': 4, 's': 10, 's23': 1, 't': -3, 'mu2': 4} all-coefficient relative differences [7.763805397885967e-15, 8.6837981319131e-15]
C {'Q2': 4, 's': 10, 's23': 1, 't': -3, 'mu2': 4} all-coefficient relative differences [5.207676987629308e-14, 2.0351840106955948e-14]
A {'Q2': 4, 's': 10, 's23': 1, 't': -3, 'mu2': 8} all-coefficient relative differences [5.285345843442702e-15, 1.4518515805163255e-14]
B {'Q2': 4, 's': 10, 's23': 1, 't': -3, 'mu2': 8} all-coefficient relative differences [1.8817358845723616e-14, 1.6910554256883405e-14]
C {'Q2': 4, 's': 10, 's23': 1, 't': -3, 'mu2': 8} all-coefficient relative differences [2.7142442135364884e-14, 1.2676881038845198e-14]
A {'Q2': 4, 's': 10, 's23': 1.5, 't': -3, 'mu2': 2} all-coefficient relative differences [2.0386074489301325e-14, 1.4665705621898615e-13]
B {'Q2': 4, 's': 10, 's23': 1.5, 't': -3, 'mu2': 2} all-coefficient relative differences [1.2801740739039912e-14, 8.312385688925916e-15]
C {'Q2': 4, 's': 10, 's23': 1.5, 't': -3, 'mu2': 2} all-coefficient relative differences [1.1824700470859072e-13, 6.296646351421217e-14]
A {'Q2': 4, 's': 10, 's23': 1.5, 't': -3, 'mu2': 4} all-coefficient relative differences [9.22039433225766e-15, 3.387529119974982e-14]
B {'Q2': 4, 's': 10, 's23': 1.5, 't': -3, 'mu2': 4} all-coefficient relative differences [3.657640211154247e-15, 5.541590459283944e-16]
C {'Q2': 4, 's': 10, 's23': 1.5, 't': -3, 'mu2': 4} all-coefficient relative differences [7.648044628456195e-14, 1.6449893621459448e-14]
A {'Q2': 4, 's': 10, 's23': 1.5, 't': -3, 'mu2': 8} all-coefficient relative differences [6.398016815660829e-15, 1.9027072589194577e-14]
B {'Q2': 4, 's': 10, 's23': 1.5, 't': -3, 'mu2': 8} all-coefficient relative differences [4.023404232269687e-15, 5.726310141260076e-15]
C {'Q2': 4, 's': 10, 's23': 1.5, 't': -3, 'mu2': 8} all-coefficient relative differences [3.464459007582461e-14, 1.0867454181085624e-14]
A {'Q2': 4, 's': 10, 's23': 1, 't': -12, 'mu2': 2} all-coefficient relative differences [2.935665076221247e-16, 1.4032324270220243e-15]
B {'Q2': 4, 's': 10, 's23': 1, 't': -12, 'mu2': 2} all-coefficient relative differences [1.892564598956968e-13, 1.3699264950037874e-14]
C {'Q2': 4, 's': 10, 's23': 1, 't': -12, 'mu2': 2} all-coefficient relative differences [3.4846712620068007e-15, 6.170180346685129e-15]
A {'Q2': 4, 's': 10, 's23': 1, 't': -12, 'mu2': 4} all-coefficient relative differences [3.4627213970068074e-16, 1.0684426297253409e-15]
B {'Q2': 4, 's': 10, 's23': 1, 't': -12, 'mu2': 4} all-coefficient relative differences [1.774509887131213e-13, 1.2773638939900192e-14]
C {'Q2': 4, 's': 10, 's23': 1, 't': -12, 'mu2': 4} all-coefficient relative differences [3.471247640099936e-15, 5.063496118646224e-15]
A {'Q2': 4, 's': 10, 's23': 1, 't': -12, 'mu2': 8} all-coefficient relative differences [5.706326393865896e-16, 1.207684604288293e-15]
B {'Q2': 4, 's': 10, 's23': 1, 't': -12, 'mu2': 8} all-coefficient relative differences [1.6564551753054556e-13, 1.2773638939900192e-14]
C {'Q2': 4, 's': 10, 's23': 1, 't': -12, 'mu2': 8} all-coefficient relative differences [3.5863395266734705e-15, 4.574695151165392e-15]
A {'Q2': 4, 's': 10, 's23': 1.5, 't': -12, 'mu2': 2} all-coefficient relative differences [3.4087052866377406e-16, 9.952290379492677e-16]
B {'Q2': 4, 's': 10, 's23': 1.5, 't': -12, 'mu2': 2} all-coefficient relative differences [2.3784142491897407e-14, 1.20235522615517e-14]
C {'Q2': 4, 's': 10, 's23': 1.5, 't': -12, 'mu2': 2} all-coefficient relative differences [3.6715927560315765e-15, 4.535820031938069e-15]
A {'Q2': 4, 's': 10, 's23': 1.5, 't': -12, 'mu2': 4} all-coefficient relative differences [3.9712316988174684e-16, 6.237797079779672e-16]
B {'Q2': 4, 's': 10, 's23': 1.5, 't': -12, 'mu2': 4} all-coefficient relative differences [2.1173687828152627e-14, 1.097802597793852e-14]
C {'Q2': 4, 's': 10, 's23': 1.5, 't': -12, 'mu2': 4} all-coefficient relative differences [3.4457550205844737e-15, 3.802823977332742e-15]
A {'Q2': 4, 's': 10, 's23': 1.5, 't': -12, 'mu2': 8} all-coefficient relative differences [6.492570351862948e-16, 7.9979704432939e-16]
B {'Q2': 4, 's': 10, 's23': 1.5, 't': -12, 'mu2': 8} all-coefficient relative differences [2.1173687828152627e-14, 1.1500789119745111e-14]
C {'Q2': 4, 's': 10, 's23': 1.5, 't': -12, 'mu2': 8} all-coefficient relative differences [3.5168381886745895e-15, 3.751015880850249e-15]
A {'Q2': 4, 's': 10, 's23': 1, 't': -10, 'mu2': 2} all-coefficient relative differences [1.8306799213766723e-15, 6.887236035553203e-15]
B {'Q2': 4, 's': 10, 's23': 1, 't': -10, 'mu2': 2} all-coefficient relative differences [1.287510454178849e-14, 1.9461915945684852e-14]
C {'Q2': 4, 's': 10, 's23': 1, 't': -10, 'mu2': 2} all-coefficient relative differences [5.3378512686516595e-15, 1.4077077451973215e-14]
A {'Q2': 4, 's': 10, 's23': 1, 't': -10, 'mu2': 4} all-coefficient relative differences [1.0606191989035023e-15, 4.579105978166141e-15]
B {'Q2': 4, 's': 10, 's23': 1, 't': -10, 'mu2': 4} all-coefficient relative differences [1.0582277705579581e-14, 1.837059355620722e-14]
C {'Q2': 4, 's': 10, 's23': 1, 't': -10, 'mu2': 4} all-coefficient relative differences [4.424393628109942e-15, 6.539182762218951e-15]
A {'Q2': 4, 's': 10, 's23': 1, 't': -10, 'mu2': 8} all-coefficient relative differences [1.094638638234173e-15, 3.7414952529174536e-15]
B {'Q2': 4, 's': 10, 's23': 1, 't': -10, 'mu2': 8} all-coefficient relative differences [1.1287762885951552e-14, 2.1644560724640117e-14]
C {'Q2': 4, 's': 10, 's23': 1, 't': -10, 'mu2': 8} all-coefficient relative differences [4.37524465557917e-15, 4.456385617439241e-15]
A {'Q2': 4, 's': 10, 's23': 1.5, 't': -10, 'mu2': 2} all-coefficient relative differences [3.039963446669973e-15, 1.391254837633657e-14]
B {'Q2': 4, 's': 10, 's23': 1.5, 't': -10, 'mu2': 2} all-coefficient relative differences [1.8842641239179596e-13, 1.3240803451834458e-14]
C {'Q2': 4, 's': 10, 's23': 1.5, 't': -10, 'mu2': 2} all-coefficient relative differences [5.519183658459988e-15, 1.6900405913408842e-14]
A {'Q2': 4, 's': 10, 's23': 1.5, 't': -10, 'mu2': 4} all-coefficient relative differences [1.763366981799893e-15, 6.760130511620886e-15]
B {'Q2': 4, 's': 10, 's23': 1.5, 't': -10, 'mu2': 4} all-coefficient relative differences [1.9717009742157768e-13, 1.489590388331374e-14]
C {'Q2': 4, 's': 10, 's23': 1.5, 't': -10, 'mu2': 4} all-coefficient relative differences [5.025658469442624e-15, 7.855461177719055e-15]
A {'Q2': 4, 's': 10, 's23': 1.5, 't': -10, 'mu2': 8} all-coefficient relative differences [1.6844880682828157e-15, 4.990884229909584e-15]
B {'Q2': 4, 's': 10, 's23': 1.5, 't': -10, 'mu2': 8} all-coefficient relative differences [1.7093904233223253e-13, 1.468901632937883e-14]
C {'Q2': 4, 's': 10, 's23': 1.5, 't': -10, 'mu2': 8} all-coefficient relative differences [4.8762593652208355e-15, 5.769379393448824e-15]
All-coefficient agreement: True 4.097914501943293e-13
Regular-only discrepancy retained: True
