########## PP pos ##########
  --- real gg
      log s    /LO : -1/2*1/(Nc*Pi)
      log(-t1) /LO : -1/2*1/(Nc*Pi)
      log(-u1) /LO : 1/(2*Nc*Pi)
      log Q2   /LO : 0
      log B    /LO : (1 - Nc^2)/(Nc*Pi)
      log mu   /LO : 0
      LOG-FREE /LO : -1/12*(-6 + Nc^2 + 6*EulerGamma*(-1 + 2*Nc^2))/(Nc*Pi)
  --- real qqbar x2 nf
      log s    /LO : 0
      log(-t1) /LO : 0
      log(-u1) /LO : 0
      log Q2   /LO : 0
      log B    /LO : 0
      log mu   /LO : 0
      LOG-FREE /LO : -1/6*nf/Pi
  --- CT (S1/S2)
      log s    /LO : -1/2*(-1 + Nc^2)/(Nc*Pi)
      log(-t1) /LO : -1/2*(-1 + Nc^2)/(Nc*Pi)
      log(-u1) /LO : 0
      log Q2   /LO : 0
      log B    /LO : (-1 + Nc^2)/(Nc*Pi)
      log mu   /LO : 0
      LOG-FREE /LO : (3*(-1 + Nc^2))/(4*Nc*Pi)
  --- virtual (kappaV)
      log s    /LO : Nc/(2*Pi)
      log(-t1) /LO : Nc/(2*Pi)
      log(-u1) /LO : -1/2*1/(Nc*Pi)
      log Q2   /LO : 0
      log B    /LO : 0
      log mu   /LO : 0
      LOG-FREE /LO : (3 - 6*EulerGamma - 8*Nc^2 + 12*EulerGamma*Nc^2 + 2*Nc*nf)/(12*Nc*Pi)
  === SUM
      log s    /LO : 0
      log(-t1) /LO : 0
      log(-u1) /LO : 0
      log Q2   /LO : 0
      log B    /LO : 0
      log mu   /LO : 0
      LOG-FREE /LO : 0
  ALL LOGS ZERO : True
  C2 TOTAL ZERO : True
########## PP neg ##########
  --- real gg
      log s    /LO : -1/2*1/(Nc*Pi)
      log(-t1) /LO : -1/2*1/(Nc*Pi)
      log(-u1) /LO : 1/(2*Nc*Pi)
      log Q2   /LO : 0
      log B    /LO : (1 - Nc^2)/(Nc*Pi)
      log mu   /LO : 0
      LOG-FREE /LO : -1/12*(-6 + Nc^2 + 6*EulerGamma*(-1 + 2*Nc^2))/(Nc*Pi)
  --- real qqbar x2 nf
      log s    /LO : 0
      log(-t1) /LO : 0
      log(-u1) /LO : 0
      log Q2   /LO : 0
      log B    /LO : 0
      log mu   /LO : 0
      LOG-FREE /LO : -1/6*nf/Pi
  --- CT (S1/S2)
      log s    /LO : -1/2*(-1 + Nc^2)/(Nc*Pi)
      log(-t1) /LO : -1/2*(-1 + Nc^2)/(Nc*Pi)
      log(-u1) /LO : 0
      log Q2   /LO : 0
      log B    /LO : (-1 + Nc^2)/(Nc*Pi)
      log mu   /LO : 0
      LOG-FREE /LO : (3*(-1 + Nc^2))/(4*Nc*Pi)
  --- virtual (kappaV)
      log s    /LO : Nc/(2*Pi)
      log(-t1) /LO : Nc/(2*Pi)
      log(-u1) /LO : -1/2*1/(Nc*Pi)
      log Q2   /LO : 0
      log B    /LO : 0
      log mu   /LO : 0
      LOG-FREE /LO : (3 - 6*EulerGamma - 8*Nc^2 + 12*EulerGamma*Nc^2 + 2*Nc*nf)/(12*Nc*Pi)
  === SUM
      log s    /LO : 0
      log(-t1) /LO : 0
      log(-u1) /LO : 0
      log Q2   /LO : 0
      log B    /LO : 0
      log mu   /LO : 0
      LOG-FREE /LO : 0
  ALL LOGS ZERO : True
  C2 TOTAL ZERO : True
########## g pos ##########
  --- real gg
      log s    /LO : -2/(Nc*Pi)
      log(-t1) /LO : -2/(Nc*Pi)
      log(-u1) /LO : 2/(Nc*Pi)
      log Q2   /LO : 0
      log B    /LO : (4 - 4*Nc^2)/(Nc*Pi)
      log mu   /LO : 0
      LOG-FREE /LO : ((12 - 13*Nc^2 + EulerGamma*(6 - 12*Nc^2))*Q2^2 - 2*(-6 - 6*EulerGamma + Nc^2 + 12*EulerGamma*Nc^2)*s^2 + 2*(-6 - 6*EulerGamma + Nc^2 + 12*EulerGamma*Nc^2)*s*U + (12 + 6*EulerGamma - 13*Nc^2 - 12*EulerGamma*Nc^2)*U^2 - 2*Q2*((-6 - 6*EulerGamma + Nc^2 + 12*EulerGamma*Nc^2)*s + 6*(1 - 2*Nc^2)*U))/(3*Nc*Pi*(Q2^2 + 2*Q2*s + 2*s^2 - 2*s*U + U^2))
  --- real qqbar x2 nf
      log s    /LO : 0
      log(-t1) /LO : 0
      log(-u1) /LO : 0
      log Q2   /LO : 0
      log B    /LO : 0
      log mu   /LO : 0
      LOG-FREE /LO : (-2*nf)/(3*Pi)
  --- CT (S1/S2)
      log s    /LO : (2 - 2*Nc^2)/(Nc*Pi)
      log(-t1) /LO : (2 - 2*Nc^2)/(Nc*Pi)
      log(-u1) /LO : 0
      log Q2   /LO : 0
      log B    /LO : (4*(-1 + Nc^2))/(Nc*Pi)
      log mu   /LO : 0
      LOG-FREE /LO : (3*(-1 + Nc^2))/(Nc*Pi)
  --- virtual (kappaV)
      log s    /LO : (2*Nc)/Pi
      log(-t1) /LO : (2*Nc)/Pi
      log(-u1) /LO : -2/(Nc*Pi)
      log Q2   /LO : 0
      log B    /LO : 0
      log mu   /LO : 0
      LOG-FREE /LO : ((-3 + 4*Nc^2 + 6*EulerGamma*(-1 + 2*Nc^2) + 2*Nc*nf)*Q2^2 + 2*(3 - 6*EulerGamma - 8*Nc^2 + 12*EulerGamma*Nc^2 + 2*Nc*nf)*s^2 - 2*(3 - 6*EulerGamma - 8*Nc^2 + 12*EulerGamma*Nc^2 + 2*Nc*nf)*s*U + (-3 - 6*EulerGamma + 4*Nc^2 + 12*EulerGamma*Nc^2 + 2*Nc*nf)*U^2 + 2*Q2*((3 - 6*EulerGamma - 8*Nc^2 + 12*EulerGamma*Nc^2 + 2*Nc*nf)*s + 6*(1 - 2*Nc^2)*U))/(3*Nc*Pi*(Q2^2 + 2*Q2*s + 2*s^2 - 2*s*U + U^2))
  === SUM
      log s    /LO : 0
      log(-t1) /LO : 0
      log(-u1) /LO : 0
      log Q2   /LO : 0
      log B    /LO : 0
      log mu   /LO : 0
      LOG-FREE /LO : 0
  ALL LOGS ZERO : True
  C2 TOTAL ZERO : True
########## g neg ##########
  --- real gg
      log s    /LO : -2/(Nc*Pi)
      log(-t1) /LO : -2/(Nc*Pi)
      log(-u1) /LO : 2/(Nc*Pi)
      log Q2   /LO : 0
      log B    /LO : (4 - 4*Nc^2)/(Nc*Pi)
      log mu   /LO : 0
      LOG-FREE /LO : ((12 - 13*Nc^2 + EulerGamma*(6 - 12*Nc^2))*Q2^2 - 2*(-6 - 6*EulerGamma + Nc^2 + 12*EulerGamma*Nc^2)*s^2 + 2*(-6 - 6*EulerGamma + Nc^2 + 12*EulerGamma*Nc^2)*s*U + (12 + 6*EulerGamma - 13*Nc^2 - 12*EulerGamma*Nc^2)*U^2 - 2*Q2*((-6 - 6*EulerGamma + Nc^2 + 12*EulerGamma*Nc^2)*s + 6*(1 - 2*Nc^2)*U))/(3*Nc*Pi*(Q2^2 + 2*Q2*s + 2*s^2 - 2*s*U + U^2))
  --- real qqbar x2 nf
      log s    /LO : 0
      log(-t1) /LO : 0
      log(-u1) /LO : 0
      log Q2   /LO : 0
      log B    /LO : 0
      log mu   /LO : 0
      LOG-FREE /LO : (-2*nf)/(3*Pi)
  --- CT (S1/S2)
      log s    /LO : (2 - 2*Nc^2)/(Nc*Pi)
      log(-t1) /LO : (2 - 2*Nc^2)/(Nc*Pi)
      log(-u1) /LO : 0
      log Q2   /LO : 0
      log B    /LO : (4*(-1 + Nc^2))/(Nc*Pi)
      log mu   /LO : 0
      LOG-FREE /LO : (3*(-1 + Nc^2))/(Nc*Pi)
  --- virtual (kappaV)
      log s    /LO : (2*Nc)/Pi
      log(-t1) /LO : (2*Nc)/Pi
      log(-u1) /LO : -2/(Nc*Pi)
      log Q2   /LO : 0
      log B    /LO : 0
      log mu   /LO : 0
      LOG-FREE /LO : ((-3 + 4*Nc^2 + 6*EulerGamma*(-1 + 2*Nc^2) + 2*Nc*nf)*Q2^2 + 2*(3 - 6*EulerGamma - 8*Nc^2 + 12*EulerGamma*Nc^2 + 2*Nc*nf)*s^2 - 2*(3 - 6*EulerGamma - 8*Nc^2 + 12*EulerGamma*Nc^2 + 2*Nc*nf)*s*U + (-3 - 6*EulerGamma + 4*Nc^2 + 12*EulerGamma*Nc^2 + 2*Nc*nf)*U^2 + 2*Q2*((3 - 6*EulerGamma - 8*Nc^2 + 12*EulerGamma*Nc^2 + 2*Nc*nf)*s + 6*(1 - 2*Nc^2)*U))/(3*Nc*Pi*(Q2^2 + 2*Q2*s + 2*s^2 - 2*s*U + U^2))
  === SUM
      log s    /LO : 0
      log(-t1) /LO : 0
      log(-u1) /LO : 0
      log Q2   /LO : 0
      log B    /LO : 0
      log mu   /LO : 0
      LOG-FREE /LO : 0
  ALL LOGS ZERO : True
  C2 TOTAL ZERO : True
HQQ_C2_FINAL2_DONE
