########## PPpos
    [7s]
  GATE A  x^-2 coeff of e  ==  F(0) from endpoint : True
  GATE B  orders <= x^-2 surviving after subtraction (must be {}) : {}
  WARN    half-integer x^-1 (integrable; 0z.342 expects it to cancel) : none
  regular sector leading order retained: x^0 coeff leaf 1228
########## PPneg
    [1s]
  GATE A  x^-2 coeff of e  ==  F(0) from endpoint : True
  GATE B  orders <= x^-2 surviving after subtraction (must be {}) : {}
  WARN    half-integer x^-1 (integrable; 0z.342 expects it to cancel) : none
  regular sector leading order retained: x^0 coeff leaf 1228
########## gpos
    [6s]
  GATE A  x^-2 coeff of e  ==  F(0) from endpoint : True
  GATE B  orders <= x^-2 surviving after subtraction (must be {}) : {}
  WARN    half-integer x^-1 (integrable; 0z.342 expects it to cancel) : none
  regular sector leading order retained: x^0 coeff leaf 2386
########## gneg
    [1s]
  GATE A  x^-2 coeff of e  ==  F(0) from endpoint : True
  GATE B  orders <= x^-2 surviving after subtraction (must be {}) : {}
  WARN    half-integer x^-1 (integrable; 0z.342 expects it to cancel) : none
  regular sector leading order retained: x^0 coeff leaf 2386
HQQ_SF_R5_DONE
