"PASS: ""authorized local coefficient execution"
"PASS: ""bound complete local source"
"PASS: ""pinned local coefficient input .cluster/s02_execute.py"
"PASS: ""pinned local coefficient input Hgg/s05_result/s05_metadata.wl"
"PASS: ""pinned local coefficient input Hgg/s05_result/s05_result.wl"
"PASS: ""pinned local coefficient input Hqqprime/s08_cancel_denominator_result/s08_result.wl"
"PASS: ""pinned local coefficient input Hqqprime/s08_streamed_result/s08_execution.json"
"PASS: ""pinned local coefficient input Hqqprime/s08_streamed_result/s08_result.wl"
"PASS: ""pinned local coefficient input cache/s08_coefficient_check/5f814c41b2ea52650d1f94ce8379c9b37f7b551f6b6020ca41c440a024093df4/s08_raw_map.wl"
"PASS: ""pinned local coefficient input common/s06_result/s06_result.wl"
"PASS: ""pinned local coefficient input common/s08_extend_real_reduction.wls"
"PASS: ""pinned local coefficient input common/s08_inputs.json"
"PASS: ""pinned local coefficient input common/s08_map_real_spin.wls"
"PASS: ""pinned local coefficient input common/s08_map_real_spin_compact_inputs.wls"
"PASS: ""pinned local coefficient input common/s08_map_real_spin_streamed.wls"
"PASS: ""pinned local coefficient input common/s08_rational_sum_inputs.json"
"PASS: ""pinned local coefficient input common/s08_result/reference/s03_real_families.wl"
"PASS: ""pinned local coefficient input common/s08_result/reference/s08_map_real_spin_before_known_denominator.wls"
"PASS: ""pinned local coefficient input common/s08_result/reference/s11_real_master_coefficients.wl"
"PASS: ""pinned local coefficient input misc/s08_collect_Hgg_targets.wls"
"PASS: ""pinned local coefficient input misc/s08_inputs.json"
"PASS: ""pinned local coefficient input misc/s08_result/s08_execution.json"
"PASS: ""pinned local coefficient input misc/s08_result/s08_result.wl"
"PASS: ""pinned local coefficient input misc/s09_inputs.json"
"PASS: ""pinned local coefficient input misc/s09_reduce_Hgg_targets.wls"
"PASS: ""pinned local coefficient input misc/s09_result/s09_execution.json"
"PASS: ""pinned local coefficient input misc/s09_result/s09_reduction.wl"
"PASS: ""pinned local coefficient input misc/s10_interface_review.json"
"PASS: ""pinned local coefficient input misc/s10_source_changes.json"
"PASS: ""accepted local component storage"
"PASS: ""accepted local upstream receipt misc/s08_result/s08_execution.json"
"PASS: ""accepted local upstream receipt misc/s09_result/s09_execution.json"
"PASS: ""complete source syntax"
"PASS: ""unchanged streamed baseline"
"PASS: ""pinned original mapper"
"PASS: ""unchanged mapping functions"
"PASS: ""accepted real spin input"
"PASS: ""accepted scalar reuse library"
"PASS: ""s02 unchanged scalar input"
"PASS: ""s04 unchanged scalar input"
"PASS: ""accepted geometry and reduction"
"PASS: ""same cut momenta"
"PASS: ""same positive-energy support"
"PASS: ""unique loop-coordinate conversion"
"PASS: ""all scalar products reconstruct"
"PASS: ""coordinate change preserves measured transverse constraint"
"PASS: ""pinned GitHub coefficient assembly"
"PASS: ""unchanged GitHub coefficient loop"
"PASS: ""pinned unchanged coefficient implementation"
"PASS: ""same original task inventory"
"PASS: ""same original bookkeeping"
"PASS: ""unique saved reduction targets"
"PASS: ""pinned previous production mapper"
"PASS: ""pinned complete rational-sum validation"
"PASS: ""accepted complete rational-sum validation"
"PASS: ""executed rational-sum definitions"
"PASS: ""accepted coefficient control raw-map identity"
"PASS: ""accepted coefficient control reconstruction"
"PASS: ""validation used these original reduction rules"
"PASS: ""accepted real reduction extension"
"PASS: ""real reduction extension original input identities"
"PASS: ""real reduction extension source identity"
"PASS: ""real reduction extension retains original masters and cuts"
"PASS: ""unique extended reduction targets"
"PASS: ""accepted complete raw-target map"
"PASS: ""raw-target map identical physical inputs"
"PASS: ""raw-target component ordering"
"PASS: ""accepted streamed numerator receipt"
"PASS: ""accepted streamed numerator comparison"
"PASS: ""streamed numerator comparison source binding"
"PASS: ""streamed numerator comparison native versions"
"PASS: ""streamed numerator preserves accepted original equations"
"PASS: ""executed supported-factor cancellation installed"
"PASS: ""executed streamed numerator definition installed"
"PASS: ""compact workers require complete accepted raw map"
"PASS: ""compact tasks preserve complete component metadata"
"PASS: ""compact tasks preserve original zero-input values"
"PASS: ""every omitted value has executed nonempty reconstruction checks"
"PASS: ""complete downstream spin metadata"
"PASS: ""compact spin metadata exact equality"
"S08_COMPACT_INPUTS "InputForm[<|"TaskBytesBefore" -> 68176, "SpinBytesBefore" -> 8468480, "MemoryBefore" -> 296098544, "TaskBytesAfter" -> 65040, "SpinBytesAfter" -> 3728, "MemoryAfter" -> 289128728, "RetainedValuePositions" -> {}|>]
"PASS: ""exact saved raw file"
"PASS: ""raw reader returns complete original record"
"PASS: ""actual Hgg comparison masters are accepted"
"ACTUAL_REFERENCE_INPUT "InputForm[<|"Component" -> 1, "Master" -> CutIntegral["R01", {1, 1, 0, 0}], "TermCount" -> 406, "Bytes" -> 226697016|>]
"ACTUAL_SMALLEST_INPUT "InputForm[-(((-4 + D)*(-2 + D)*(-60 + 32*D - 4*D^2)*eq^2*Q^2*(-1 + SUNN)*(1 + SUNN)*(Q^2*s23 + s*t)^2)/((-3 + D)*(-1 + D)*(Q^2 + s)*SUNN*(Q^2 + s - s23 + t)^2*((-6 + D)*Q^2*s23^2 + (6 - D)*s^2*t + s23*((6 - D)*Q^2*s + (-6 + D)*s*t))))]
"PASS: ""complete exact-sum adapter syntax"
"PASS: ""accepted own Hgg comparison receipt"
"PASS: ""complete own Hgg native comparison"
"PASS: ""exact polynomial transfer supports rational coefficients"
"PASS: ""unassigned exact polynomial variables"
"PASS: ""native JSON header shape"
"PASS: ""complete polynomial variable support"
"PASS: ""exported polynomial denominator reconstructs"
"PASS: ""native polynomial text reconstructs"
"PASS: ""native JSON term reconstructs"
"PASS: ""native expected coefficient JSON reconstructs"
"EXACT_POLYNOMIAL_TRANSFER ""Hgg_component_1_first_master"" "64"/"406
"EXACT_POLYNOMIAL_TRANSFER ""Hgg_component_1_first_master"" "128"/"406
"EXACT_POLYNOMIAL_TRANSFER ""Hgg_component_1_first_master"" "192"/"406
"EXACT_POLYNOMIAL_TRANSFER ""Hgg_component_1_first_master"" "256"/"406
"EXACT_POLYNOMIAL_TRANSFER ""Hgg_component_1_first_master"" "320"/"406
"EXACT_POLYNOMIAL_TRANSFER ""Hgg_component_1_first_master"" "384"/"406
"PASS: ""bounded polynomial transfer file"
"PASS: ""entire actual polynomial transfer exactly unchanged"
"PASS: ""actual native candidate import exactly unchanged"
"PASS: ""own comparison used this exact backend"
"PASS: ""unchanged validated exact backend"
"EXACT_POLYNOMIAL_BACKEND_START "InputForm["complete native adapter control"]" terms "2" bytes "1990
"EXACT_POLYNOMIAL_SUM production_sum 2 2 0.002\nPASS: exact polynomial comparison backend\n"
""
"PASS: ""exact production backend completed"
"PASS: ""exact production backend input and source"
"PASS: ""complete production termwise reconstruction"
"PASS: ""exact scalar coefficient import"
"EXACT_POLYNOMIAL_ACCEPTED "InputForm["complete native adapter control"]" seconds "0.6131419999999999999`6.239106059653378" bytes "71432
"PASS: ""production adapter reproduces accepted reference control"
"PASS: complete exact-sum native interface review"
