"Reducing ""born_qg"" "{1, 1}
"Saved ""born_qg"" "{1, 1}"; bytes "3440"; memory MB "162
"Reducing ""born_qg"" "{1, 2}
"Saved ""born_qg"" "{1, 2}"; bytes "2224"; memory MB "162
"Reducing ""born_qg"" "{2, 2}
"Saved ""born_qg"" "{2, 2}"; bytes "2520"; memory MB "163
"PASS: ""born_qg"" scalar square and photon Ward identity"
"Reducing ""born_gq"" "{1, 1}
"Saved ""born_gq"" "{1, 1}"; bytes "3048"; memory MB "163
"Reducing ""born_gq"" "{1, 2}
"Saved ""born_gq"" "{1, 2}"; bytes "1600"; memory MB "165
"Reducing ""born_gq"" "{2, 2}
"Saved ""born_gq"" "{2, 2}"; bytes "1168"; memory MB "165
"PASS: ""born_gq"" scalar square and photon Ward identity"
"Reducing ""real"" "{1, 1}
"Saved ""real"" "{1, 1}"; bytes "7152"; memory MB "165
"Reducing ""real"" "{1, 2}
"Saved ""real"" "{1, 2}"; bytes "11504"; memory MB "166
"Reducing ""real"" "{1, 3}
"Saved ""real"" "{1, 3}"; bytes "15600"; memory MB "166
"Reducing ""real"" "{1, 4}
"Saved ""real"" "{1, 4}"; bytes "13040"; memory MB "168
"Reducing ""real"" "{2, 2}
"Saved ""real"" "{2, 2}"; bytes "7480"; memory MB "167
"Reducing ""real"" "{2, 3}
"Saved ""real"" "{2, 3}"; bytes "16376"; memory MB "168
"Reducing ""real"" "{2, 4}
"Saved ""real"" "{2, 4}"; bytes "17144"; memory MB "168
"Reducing ""real"" "{3, 3}
"Saved ""real"" "{3, 3}"; bytes "13304"; memory MB "170
"Reducing ""real"" "{3, 4}
"Saved ""real"" "{3, 4}"; bytes "18296"; memory MB "172
"Reducing ""real"" "{4, 4}
"Saved ""real"" "{4, 4}"; bytes "12280"; memory MB "170
"PASS: independent quadratic charge components"
"PASS: ""real"" scalar square and photon Ward identity"
"PASS: all squared amplitudes saved"
