"S06_STAGE: copied Hqqprime S07 compact schema"
"S06_RESULT_STAGE=""HqqprimeS07-v1"
"S06_RESULT_CHANNEL=""Hqqprime only"
"S06_PROJECTOR_KEYS="InputForm[{"Pg", "PPP"}]
"S06_CHARGE_KEYS="InputForm[{"IncomingChargeSquared", "PrimeChargeSquared", "MixedIncomingPrimeCharge"}]
"S06_""Pg_IncomingChargeSquared""_HEAD="Times
"S06_""Pg_IncomingChargeSquared""_LEAF_COUNT="5181
"S06_""Pg_IncomingChargeSquared""_FAD_COUNT="296
"S06_""Pg_IncomingChargeSquared""_PROPAGATOR_DENOMINATOR_COUNT="296
"S06_""Pg_IncomingChargeSquared""_UNIQUE_INERT_DENOMINATORS="InputForm[{HoldForm[FeynAmpDenominator[PropagatorDenominator[-Momentum[k1 + k3, D], 0]]], HoldForm[FeynAmpDenominator[PropagatorDenominator[-Momentum[k1 + k2 + k3, D], 0]]], HoldForm[FeynAmpDenominator[PropagatorDenominator[Momentum[k1 + k3, D], 0]]], HoldForm[FeynAmpDenominator[PropagatorDenominator[Momentum[k1 + k3 - p, D], 0]]]}]
"S06_""Pg_IncomingChargeSquared""_UNIQUE_INERT_COUPLINGS="InputForm[{HoldForm[SMP["g_s"]], HoldForm[FCGV["EL"]]}]
"S06_""Pg_IncomingChargeSquared""_SCALE_POWERS="InputForm[{HoldForm[4*epsilon]}]
"S06_""Pg_IncomingChargeSquared""_NON_SYSTEM_SYMBOLS="InputForm[{"Global`CA", "Global`epsilon", "Global`FCGV", "Global`FeynAmpDenominator", "Global`k1", "Global`k2", "Global`k3", "Global`Momentum", "Global`p", "Global`PropagatorDenominator", "Global`s12", "Global`s13", "Global`s23", "Global`ScaleMu", "Global`SMP", "Global`SUNN", "Global`u1", "Global`u2", "Global`u3"}]
"S06_""Pg_IncomingChargeSquared""_MACHINE_REAL_FREE="True
"S06_""Pg_PrimeChargeSquared""_HEAD="Times
"S06_""Pg_PrimeChargeSquared""_LEAF_COUNT="5323
"S06_""Pg_PrimeChargeSquared""_FAD_COUNT="251
"S06_""Pg_PrimeChargeSquared""_PROPAGATOR_DENOMINATOR_COUNT="251
"S06_""Pg_PrimeChargeSquared""_UNIQUE_INERT_DENOMINATORS="InputForm[{HoldForm[FeynAmpDenominator[PropagatorDenominator[-Momentum[k2 - p, D], 0]]], HoldForm[FeynAmpDenominator[PropagatorDenominator[-Momentum[k1 + k2 - p, D], 0]]], HoldForm[FeynAmpDenominator[PropagatorDenominator[Momentum[k2 + k3 - p, D], 0]]]}]
"S06_""Pg_PrimeChargeSquared""_UNIQUE_INERT_COUPLINGS="InputForm[{HoldForm[SMP["g_s"]], HoldForm[FCGV["EL"]]}]
"S06_""Pg_PrimeChargeSquared""_SCALE_POWERS="InputForm[{HoldForm[4*epsilon]}]
"S06_""Pg_PrimeChargeSquared""_NON_SYSTEM_SYMBOLS="InputForm[{"Global`CA", "Global`epsilon", "Global`FCGV", "Global`FeynAmpDenominator", "Global`k1", "Global`k2", "Global`k3", "Global`Momentum", "Global`p", "Global`PropagatorDenominator", "Global`s12", "Global`s13", "Global`s23", "Global`ScaleMu", "Global`SMP", "Global`SUNN", "Global`u1", "Global`u2", "Global`u3"}]
"S06_""Pg_PrimeChargeSquared""_MACHINE_REAL_FREE="True
"S06_""Pg_MixedIncomingPrimeCharge""_HEAD="Times
"S06_""Pg_MixedIncomingPrimeCharge""_LEAF_COUNT="10067
"S06_""Pg_MixedIncomingPrimeCharge""_FAD_COUNT="640
"S06_""Pg_MixedIncomingPrimeCharge""_PROPAGATOR_DENOMINATOR_COUNT="640
"S06_""Pg_MixedIncomingPrimeCharge""_UNIQUE_INERT_DENOMINATORS="InputForm[{HoldForm[FeynAmpDenominator[PropagatorDenominator[-Momentum[k1 + k3, D], 0]]], HoldForm[FeynAmpDenominator[PropagatorDenominator[-Momentum[k1 + k2 + k3, D], 0]]], HoldForm[FeynAmpDenominator[PropagatorDenominator[-Momentum[k2 - p, D], 0]]], HoldForm[FeynAmpDenominator[PropagatorDenominator[-Momentum[k1 + k2 - p, D], 0]]], HoldForm[FeynAmpDenominator[PropagatorDenominator[Momentum[k1 + k3, D], 0]]], HoldForm[FeynAmpDenominator[PropagatorDenominator[Momentum[k1 + k3 - p, D], 0]]], HoldForm[FeynAmpDenominator[PropagatorDenominator[Momentum[k2 + k3 - p, D], 0]]]}]
"S06_""Pg_MixedIncomingPrimeCharge""_UNIQUE_INERT_COUPLINGS="InputForm[{HoldForm[SMP["g_s"]], HoldForm[FCGV["EL"]]}]
"S06_""Pg_MixedIncomingPrimeCharge""_SCALE_POWERS="InputForm[{HoldForm[4*epsilon]}]
"S06_""Pg_MixedIncomingPrimeCharge""_NON_SYSTEM_SYMBOLS="InputForm[{"Global`CA", "Global`epsilon", "Global`FCGV", "Global`FeynAmpDenominator", "Global`k1", "Global`k2", "Global`k3", "Global`Momentum", "Global`p", "Global`PropagatorDenominator", "Global`s12", "Global`s13", "Global`s23", "Global`ScaleMu", "Global`SMP", "Global`SUNN", "Global`u1", "Global`u2", "Global`u3"}]
"S06_""Pg_MixedIncomingPrimeCharge""_MACHINE_REAL_FREE="True
"S06_""PPP_IncomingChargeSquared""_HEAD="Times
"S06_""PPP_IncomingChargeSquared""_LEAF_COUNT="84
"S06_""PPP_IncomingChargeSquared""_FAD_COUNT="2
"S06_""PPP_IncomingChargeSquared""_PROPAGATOR_DENOMINATOR_COUNT="2
"S06_""PPP_IncomingChargeSquared""_UNIQUE_INERT_DENOMINATORS="InputForm[{HoldForm[FeynAmpDenominator[PropagatorDenominator[Momentum[k1 + k3, D], 0]]], HoldForm[FeynAmpDenominator[PropagatorDenominator[Momentum[k1 + k3 - p, D], 0]]]}]
"S06_""PPP_IncomingChargeSquared""_UNIQUE_INERT_COUPLINGS="InputForm[{HoldForm[SMP["g_s"]], HoldForm[FCGV["EL"]]}]
"S06_""PPP_IncomingChargeSquared""_SCALE_POWERS="InputForm[{HoldForm[4*epsilon]}]
"S06_""PPP_IncomingChargeSquared""_NON_SYSTEM_SYMBOLS="InputForm[{"Global`CA", "Global`epsilon", "Global`FCGV", "Global`FeynAmpDenominator", "Global`k1", "Global`k3", "Global`Momentum", "Global`p", "Global`PropagatorDenominator", "Global`s13", "Global`ScaleMu", "Global`SMP", "Global`SUNN", "Global`u1", "Global`u2", "Global`u3"}]
"S06_""PPP_IncomingChargeSquared""_MACHINE_REAL_FREE="True
"S06_""PPP_PrimeChargeSquared""_HEAD="Times
"S06_""PPP_PrimeChargeSquared""_LEAF_COUNT="669
"S06_""PPP_PrimeChargeSquared""_FAD_COUNT="39
"S06_""PPP_PrimeChargeSquared""_PROPAGATOR_DENOMINATOR_COUNT="39
"S06_""PPP_PrimeChargeSquared""_UNIQUE_INERT_DENOMINATORS="InputForm[{HoldForm[FeynAmpDenominator[PropagatorDenominator[-Momentum[k2 - p, D], 0]]], HoldForm[FeynAmpDenominator[PropagatorDenominator[-Momentum[k1 + k2 - p, D], 0]]], HoldForm[FeynAmpDenominator[PropagatorDenominator[Momentum[k2 + k3 - p, D], 0]]]}]
"S06_""PPP_PrimeChargeSquared""_UNIQUE_INERT_COUPLINGS="InputForm[{HoldForm[SMP["g_s"]], HoldForm[FCGV["EL"]]}]
"S06_""PPP_PrimeChargeSquared""_SCALE_POWERS="InputForm[{HoldForm[4*epsilon]}]
"S06_""PPP_PrimeChargeSquared""_NON_SYSTEM_SYMBOLS="InputForm[{"Global`CA", "Global`epsilon", "Global`FCGV", "Global`FeynAmpDenominator", "Global`k1", "Global`k2", "Global`k3", "Global`Momentum", "Global`p", "Global`PropagatorDenominator", "Global`s12", "Global`s13", "Global`s23", "Global`ScaleMu", "Global`SMP", "Global`SUNN", "Global`u1", "Global`u2", "Global`u3"}]
"S06_""PPP_PrimeChargeSquared""_MACHINE_REAL_FREE="True
"S06_""PPP_MixedIncomingPrimeCharge""_HEAD="Times
"S06_""PPP_MixedIncomingPrimeCharge""_LEAF_COUNT="737
"S06_""PPP_MixedIncomingPrimeCharge""_FAD_COUNT="39
"S06_""PPP_MixedIncomingPrimeCharge""_PROPAGATOR_DENOMINATOR_COUNT="39
"S06_""PPP_MixedIncomingPrimeCharge""_UNIQUE_INERT_DENOMINATORS="InputForm[{HoldForm[FeynAmpDenominator[PropagatorDenominator[Momentum[k1 + k3, D], 0]]], HoldForm[FeynAmpDenominator[PropagatorDenominator[-Momentum[k2 - p, D], 0]]], HoldForm[FeynAmpDenominator[PropagatorDenominator[Momentum[k1 + k3 - p, D], 0]]], HoldForm[FeynAmpDenominator[PropagatorDenominator[-Momentum[k1 + k2 - p, D], 0]]], HoldForm[FeynAmpDenominator[PropagatorDenominator[Momentum[k2 + k3 - p, D], 0]]]}]
"S06_""PPP_MixedIncomingPrimeCharge""_UNIQUE_INERT_COUPLINGS="InputForm[{HoldForm[SMP["g_s"]], HoldForm[FCGV["EL"]]}]
"S06_""PPP_MixedIncomingPrimeCharge""_SCALE_POWERS="InputForm[{HoldForm[4*epsilon]}]
"S06_""PPP_MixedIncomingPrimeCharge""_NON_SYSTEM_SYMBOLS="InputForm[{"Global`CA", "Global`epsilon", "Global`FCGV", "Global`FeynAmpDenominator", "Global`k1", "Global`k2", "Global`k3", "Global`Momentum", "Global`p", "Global`PropagatorDenominator", "Global`s12", "Global`s13", "Global`s23", "Global`ScaleMu", "Global`SMP", "Global`SUNN", "Global`u1", "Global`u2", "Global`u3"}]
"S06_""PPP_MixedIncomingPrimeCharge""_MACHINE_REAL_FREE="True
"S06_SUCCESS"
