S10_STAGE: generating deterministic massless four-body RAMBO trials
S10_STAGE: accepted 27851/120000 events (0.232092)
S10_STAGE: evaluating four-angle MadGraph averages
S10_PROGRESS: 2000/27851 accepted events
S10_PROGRESS: 4000/27851 accepted events
S10_PROGRESS: 6000/27851 accepted events
S10_PROGRESS: 8000/27851 accepted events
S10_PROGRESS: 10000/27851 accepted events
S10_PROGRESS: 12000/27851 accepted events
S10_PROGRESS: 14000/27851 accepted events
S10_PROGRESS: 16000/27851 accepted events
S10_PROGRESS: 18000/27851 accepted events
S10_PROGRESS: 20000/27851 accepted events
S10_PROGRESS: 22000/27851 accepted events
S10_PROGRESS: 24000/27851 accepted events
S10_PROGRESS: 26000/27851 accepted events
S10_CSV_SHA256=acffeddd2c9c5d0da793cf192648dc5f8d093a7265d9b3d6234df7656e81ffdb
S10_MADGRAPH_CROSS_SECTION_PB=3.47132831771248661e-04
S10_MADGRAPH_STANDARD_ERROR_PB=6.64949731879813145e-06
S10_SUCCESS
