WARNING:root:[91mpython3.12+ support: For reweighting feature, please use 3.6.X release.[0m
************************************************************
*                                                          *
*                     W E L C O M E to                     *
*              M A D G R A P H 5 _ a M C @ N L O           *
*                                                          *
*                                                          *
*                 *                       *                *
*                   *        * *        *                  *
*                     * * * * 5 * * * *                    *
*                   *        * *        *                  *
*                 *                       *                *
*                                                          *
*         VERSION 3.7.0                 2026-01-05         *
*                                                          *
*    The MadGraph5_aMC@NLO Development Team - Find us at   *
*              http://madgraph.phys.ucl.ac.be/             *
*                            and                           *
*            http://amcatnlo.web.cern.ch/amcatnlo/         *
*                                                          *
*               Type 'help' for in-line help.              *
*           Type 'tutorial' to learn how MG5 works         *
*    Type 'tutorial aMCatNLO' to learn how aMC@NLO works   *
*    Type 'tutorial MadLoop' to learn how MadLoop works    *
*                                                          *
************************************************************
load MG5 configuration from Hqqbar/madgraph_check/software/MG5_aMC_v3_7_0/input/mg5_configuration.txt 
set fastjet to fastjet-config
eMELA-config does not seem to correspond to a valid eMELA-config executable.
 Please set the 'fastjet'variable to the full (absolute) /PATH/TO/eMELA-config (including eMELA-config).
 MG5_aMC> set eMELA /PATH/TO/eMELA-config

lhapdf-config does not seem to correspond to a valid lhapdf-config executable. 
Please set the 'lhapdf' variable to the (absolute) /PATH/TO/lhapdf-config (including lhapdf-config).
Note that you can still compile and run aMC@NLO with the built-in PDFs
 MG5_aMC> set lhapdf /PATH/TO/lhapdf-config

Using default text editor "vi". Set another one in ./input/mg5_configuration.txt
No valid eps viewer found. Please set in ./input/mg5_configuration.txt
No valid web browser found. Please set in ./input/mg5_configuration.txt
Using default gzip "pigz". Set another one in ./input/mg5_configuration.txt
import /home/physics/projects/AI_Assisted_SIDIS/scripts/Hgg/madgraph_check/s02_generate_hgg_standalone.mg5
The import format was not given, so we guess it as command
set stdout_level INFO
set output information to level: 20
set group_subprocesses False
Set group_subprocesses to False
Note that you need to regenerate all processes
import model sm
INFO: Restrict model sm with file Hqqbar/madgraph_check/software/MG5_aMC_v3_7_0/models/sm/restrict_default.dat . 
INFO: Run "set stdout_level DEBUG" before import for more information. 
INFO: Change particles name to pass to MG5 convention 
Defined multiparticle p = g u c d s u~ c~ d~ s~
Defined multiparticle j = g u c d s u~ c~ d~ s~
Defined multiparticle l+ = e+ mu+
Defined multiparticle l- = e- mu-
Defined multiparticle vl = ve vm vt
Defined multiparticle vl~ = ve~ vm~ vt~
Defined multiparticle all = g u c d s u~ c~ d~ s~ a ve vm vt e- mu- ve~ vm~ vt~ e+ mu+ t b t~ b~ z w+ h w- ta- ta+
generate e- g > e- g u u~ / z h QED=2 QCD=2 @1
[1;34mInterpreting 'QCD=2' as 'QCD<=2'[0m
[1;34mInterpreting 'QED=2' as 'QED<=2'[0m
INFO: Trying process: e- g > e- g u u~ QCD<=2 QED<=2 / z h @1  
INFO: Process has 8 diagrams 
1 processes with 8 diagrams generated in 0.006 s
Total: 1 processes with 8 diagrams
output standalone Hgg/madgraph_check/generated_process --prefix=int
INFO: initialize a new standalone directory: generated_process 
INFO: Generating Helas calls for process: e- g > e- g u u~ QCD<=2 QED<=2 / z h @1 
INFO: Processing color information for process: e- g > e- g u u~ QCD<=2 QED<=2 / z h @1 
INFO: Creating files in directory /home/physics/projects/AI_Assisted_SIDIS/scripts/Hgg/madgraph_check/generated_process/SubProcesses/P1_emg_emguux_no_zh 
--- Logging error ---
Traceback (most recent call last):
  File "/home/physics/projects/AI_Assisted_SIDIS/scripts/Hqqbar/madgraph_check/software/MG5_aMC_v3_7_0/madgraph/iolibs/files.py", line 149, in cp
    shutil.copy(path1, path2)
    ~~~~~~~~~~~^^^^^^^^^^^^^^
  File "/home/physics/miniforge3/lib/python3.13/shutil.py", line 428, in copy
    copyfile(src, dst, follow_symlinks=follow_symlinks)
    ~~~~~~~~^^^^^^^^^^^^^^^^^^^^^^^^^^^^^^^^^^^^^^^^^^^
  File "/home/physics/miniforge3/lib/python3.13/shutil.py", line 262, in copyfile
    with open(dst, 'wb') as fdst:
         ~~~~^^^^^^^^^^^
OSError: [Errno 30] Read-only file system: '../nsqso_born.inc'

During handling of the above exception, another exception occurred:

Traceback (most recent call last):
  File "/home/physics/projects/AI_Assisted_SIDIS/scripts/Hqqbar/madgraph_check/software/MG5_aMC_v3_7_0/madgraph/iolibs/files.py", line 165, in cp
    misc.copytree(path1, path2)
    ~~~~~~~~~~~~~^^^^^^^^^^^^^^
  File "/home/physics/projects/AI_Assisted_SIDIS/scripts/Hqqbar/madgraph_check/software/MG5_aMC_v3_7_0/madgraph/various/misc.py", line 1020, in copytree
    lst = os.listdir(src)
NotADirectoryError: [Errno 20] Not a directory: 'nsqso_born.inc'

During handling of the above exception, another exception occurred:

Traceback (most recent call last):
  File "/home/physics/miniforge3/lib/python3.13/logging/__init__.py", line 1151, in emit
    msg = self.format(record)
  File "/home/physics/miniforge3/lib/python3.13/logging/__init__.py", line 999, in format
    return fmt.format(record)
           ~~~~~~~~~~^^^^^^^^
  File "/home/physics/projects/AI_Assisted_SIDIS/scripts/Hqqbar/madgraph_check/software/MG5_aMC_v3_7_0/madgraph/interface/coloring_logging.py", line 72, in format
    message   = logging.Formatter.format(self, record)
  File "/home/physics/miniforge3/lib/python3.13/logging/__init__.py", line 712, in format
    record.message = record.getMessage()
                     ~~~~~~~~~~~~~~~~~^^
  File "/home/physics/miniforge3/lib/python3.13/logging/__init__.py", line 400, in getMessage
    msg = msg % self.args
          ~~~~^~~~~~~~~~~
TypeError: not all arguments converted during string formatting
Call stack:
  File "/home/physics/projects/AI_Assisted_SIDIS/scripts/Hqqbar/madgraph_check/software/MG5_aMC_v3_7_0/bin/mg5_aMC", line 215, in <module>
    cmd_line.run_cmd('import ' + input_file)
  File "/home/physics/projects/AI_Assisted_SIDIS/scripts/Hqqbar/madgraph_check/software/MG5_aMC_v3_7_0/madgraph/interface/extended_cmd.py", line 1613, in run_cmd
    return self.exec_cmd(line, errorhandling=True, precmd=True)
  File "/home/physics/projects/AI_Assisted_SIDIS/scripts/Hqqbar/madgraph_check/software/MG5_aMC_v3_7_0/madgraph/interface/extended_cmd.py", line 1602, in exec_cmd
    stop = current_interface.onecmd(line, **opt)
  File "/home/physics/projects/AI_Assisted_SIDIS/scripts/Hqqbar/madgraph_check/software/MG5_aMC_v3_7_0/madgraph/interface/extended_cmd.py", line 1575, in onecmd
    return self.onecmd_orig(line, **opt)
  File "/home/physics/projects/AI_Assisted_SIDIS/scripts/Hqqbar/madgraph_check/software/MG5_aMC_v3_7_0/madgraph/interface/extended_cmd.py", line 1524, in onecmd_orig
    return func(arg, **opt)
  File "/home/physics/projects/AI_Assisted_SIDIS/scripts/Hqqbar/madgraph_check/software/MG5_aMC_v3_7_0/madgraph/interface/master_interface.py", line 281, in do_import
    self.cmd.do_import(self, *args, **opts)
  File "/home/physics/projects/AI_Assisted_SIDIS/scripts/Hqqbar/madgraph_check/software/MG5_aMC_v3_7_0/madgraph/interface/madgraph_interface.py", line 5807, in do_import
    self.import_command_file(args[1])
  File "/home/physics/projects/AI_Assisted_SIDIS/scripts/Hqqbar/madgraph_check/software/MG5_aMC_v3_7_0/madgraph/interface/extended_cmd.py", line 1723, in import_command_file
    self.exec_cmd(line, precmd=True)
  File "/home/physics/projects/AI_Assisted_SIDIS/scripts/Hqqbar/madgraph_check/software/MG5_aMC_v3_7_0/madgraph/interface/extended_cmd.py", line 1604, in exec_cmd
    stop = Cmd.onecmd_orig(current_interface, line, **opt)
  File "/home/physics/projects/AI_Assisted_SIDIS/scripts/Hqqbar/madgraph_check/software/MG5_aMC_v3_7_0/madgraph/interface/extended_cmd.py", line 1524, in onecmd_orig
    return func(arg, **opt)
  File "/home/physics/projects/AI_Assisted_SIDIS/scripts/Hqqbar/madgraph_check/software/MG5_aMC_v3_7_0/madgraph/interface/master_interface.py", line 299, in do_output
    self.cmd.do_output(self, line, *args, **opts)
  File "/home/physics/projects/AI_Assisted_SIDIS/scripts/Hqqbar/madgraph_check/software/MG5_aMC_v3_7_0/madgraph/interface/madgraph_interface.py", line 9296, in do_output
    self.export(nojpeg, main_file_name, group_processes, args)
  File "/home/physics/projects/AI_Assisted_SIDIS/scripts/Hqqbar/madgraph_check/software/MG5_aMC_v3_7_0/madgraph/interface/master_interface.py", line 313, in export
    return self.cmd.export(self, *args, **opts)
  File "/home/physics/projects/AI_Assisted_SIDIS/scripts/Hqqbar/madgraph_check/software/MG5_aMC_v3_7_0/madgraph/interface/madgraph_interface.py", line 9588, in export
    new_calls = self._curr_exporter.generate_subprocess_directory(\
  File "/home/physics/projects/AI_Assisted_SIDIS/scripts/Hqqbar/madgraph_check/software/MG5_aMC_v3_7_0/madgraph/iolibs/export_v4.py", line 2941, in generate_subprocess_directory
    replace_dict = self.write_matrix_element_v4(
  File "/home/physics/projects/AI_Assisted_SIDIS/scripts/Hqqbar/madgraph_check/software/MG5_aMC_v3_7_0/madgraph/iolibs/export_v4.py", line 3185, in write_matrix_element_v4
    files.cp('nsqso_born.inc', '..')
  File "/home/physics/projects/AI_Assisted_SIDIS/scripts/Hqqbar/madgraph_check/software/MG5_aMC_v3_7_0/madgraph/iolibs/files.py", line 170, in cp
    logger.warning("fail to cp", path1, path2, why)
Message: 'fail to cp'
Arguments: ('nsqso_born.inc', '../nsqso_born.inc', NotADirectoryError(20, 'Not a directory'))
INFO: Generating Feynman diagrams for Process: e- g > e- g u u~ QCD<=2 QED<=2 / z h @1 
Generated helas calls for 1 subprocesses (8 diagrams) in 0.007 s
Wrote files for 22 helas calls in 0.014 s
ALOHA: aloha starts to compute helicity amplitudes
ALOHA: aloha creates 2 routines in  0.046 s
INFO: Use Fortran compiler gfortran 
INFO: Running make for Source directory 
Output to directory /home/physics/projects/AI_Assisted_SIDIS/scripts/Hgg/madgraph_check/generated_process done.
quit
quit
