MONITOR_START job=14687443 host=n7140 kernel_pid=36481
"PASS: ""S01 source identity"
"PASS: ""S02 source identity"
"PASS: ""observed species occurs in generated final state"
"Generated-species tagging weight = "InputForm[1]
"Serial execution: allocation or license provides no multiple local kernels."
"Independent-pair worker count = "0
"Pg"" pair "1","1"; kernel "0"; memory "105956240
"PASS: ""pair is scalar and exact"
MONITOR_HEARTBEAT elapsed=30s rss=176.1MiB peak=176.1MiB
"Pg"" pair "1","2"; kernel "0"; memory "114467888
"PASS: ""pair is scalar and exact"
"Pg"" pair "1","3"; kernel "0"; memory "118598920
"PASS: ""pair is scalar and exact"
"Pg"" pair "1","4"; kernel "0"; memory "124277224
MONITOR_HEARTBEAT elapsed=60s rss=185.7MiB peak=185.7MiB
"PASS: ""pair is scalar and exact"
"Pg"" pair "1","5"; kernel "0"; memory "129088216
"PASS: ""pair is scalar and exact"
"Pg"" pair "1","6"; kernel "0"; memory "132279976
MONITOR_HEARTBEAT elapsed=91s rss=198.2MiB peak=198.2MiB
"PASS: ""pair is scalar and exact"
"Pg"" pair "1","7"; kernel "0"; memory "139345952
"PASS: ""pair is scalar and exact"
"Pg"" pair "1","8"; kernel "0"; memory "154114336
MONITOR_HEARTBEAT elapsed=121s rss=228.4MiB peak=228.4MiB
"PASS: ""pair is scalar and exact"
"Pg"" pair "2","2"; kernel "0"; memory "171621744
"PASS: ""pair is scalar and exact"
"Pg"" pair "2","3"; kernel "0"; memory "176519656
"PASS: ""pair is scalar and exact"
"Pg"" pair "2","4"; kernel "0"; memory "178162496
MONITOR_HEARTBEAT elapsed=152s rss=241.2MiB peak=241.3MiB
"PASS: ""pair is scalar and exact"
"Pg"" pair "2","5"; kernel "0"; memory "179076112
"PASS: ""pair is scalar and exact"
"Pg"" pair "2","6"; kernel "0"; memory "180831896
"PASS: ""pair is scalar and exact"
"Pg"" pair "2","7"; kernel "0"; memory "185058904
MONITOR_HEARTBEAT elapsed=182s rss=248.1MiB peak=248.1MiB
"PASS: ""pair is scalar and exact"
"Pg"" pair "2","8"; kernel "0"; memory "189391160
"PASS: ""pair is scalar and exact"
"Pg"" pair "3","3"; kernel "0"; memory "191388080
MONITOR_HEARTBEAT elapsed=213s rss=256.7MiB peak=273.3MiB
"PASS: ""pair is scalar and exact"
"Pg"" pair "3","4"; kernel "0"; memory "193480184
"PASS: ""pair is scalar and exact"
"Pg"" pair "3","5"; kernel "0"; memory "196728904
"PASS: ""pair is scalar and exact"
"Pg"" pair "3","6"; kernel "0"; memory "198762072
MONITOR_HEARTBEAT elapsed=244s rss=259.7MiB peak=273.3MiB
"PASS: ""pair is scalar and exact"
"Pg"" pair "3","7"; kernel "0"; memory "200701920
MONITOR_HEARTBEAT elapsed=275s rss=265.2MiB peak=273.3MiB
"PASS: ""pair is scalar and exact"
"Pg"" pair "3","8"; kernel "0"; memory "201154760
"PASS: ""pair is scalar and exact"
"Pg"" pair "4","4"; kernel "0"; memory "207742640
"PASS: ""pair is scalar and exact"
"Pg"" pair "4","5"; kernel "0"; memory "208777704
MONITOR_HEARTBEAT elapsed=305s rss=269.5MiB peak=273.3MiB
"PASS: ""pair is scalar and exact"
"Pg"" pair "4","6"; kernel "0"; memory "210366536
"PASS: ""pair is scalar and exact"
"Pg"" pair "4","7"; kernel "0"; memory "213192120
"PASS: ""pair is scalar and exact"
"Pg"" pair "4","8"; kernel "0"; memory "214788568
MONITOR_HEARTBEAT elapsed=336s rss=276.1MiB peak=276.1MiB
"PASS: ""pair is scalar and exact"
"Pg"" pair "5","5"; kernel "0"; memory "216765672
"PASS: ""pair is scalar and exact"
"Pg"" pair "5","6"; kernel "0"; memory "216820384
"PASS: ""pair is scalar and exact"
"Pg"" pair "5","7"; kernel "0"; memory "217928872
"PASS: ""pair is scalar and exact"
"Pg"" pair "5","8"; kernel "0"; memory "219483928
MONITOR_HEARTBEAT elapsed=366s rss=281.0MiB peak=281.0MiB
"PASS: ""pair is scalar and exact"
"Pg"" pair "6","6"; kernel "0"; memory "220346136
"PASS: ""pair is scalar and exact"
"Pg"" pair "6","7"; kernel "0"; memory "221104272
"PASS: ""pair is scalar and exact"
"Pg"" pair "6","8"; kernel "0"; memory "222859840
MONITOR_HEARTBEAT elapsed=397s rss=282.9MiB peak=282.9MiB
"PASS: ""pair is scalar and exact"
"Pg"" pair "7","7"; kernel "0"; memory "224644000
"PASS: ""pair is scalar and exact"
"Pg"" pair "7","8"; kernel "0"; memory "228354912
MONITOR_HEARTBEAT elapsed=427s rss=287.7MiB peak=287.7MiB
"PASS: ""pair is scalar and exact"
"Pg"" pair "8","8"; kernel "0"; memory "233541112
"PASS: ""pair is scalar and exact"
"PASS: ""Pg all pair tasks completed"
"Pg"": combining "36" checkpointed pairs"
"Pg"" complete; leaves = "58887
"Ppp"" pair "1","1"; kernel "0"; memory "247362584
MONITOR_HEARTBEAT elapsed=458s rss=311.3MiB peak=311.3MiB
"PASS: ""pair is scalar and exact"
"Ppp"" pair "1","2"; kernel "0"; memory "247708888
"PASS: ""pair is scalar and exact"
"Ppp"" pair "1","3"; kernel "0"; memory "247754400
MONITOR_HEARTBEAT elapsed=488s rss=312.1MiB peak=312.1MiB
"PASS: ""pair is scalar and exact"
"Ppp"" pair "1","4"; kernel "0"; memory "248442416
"PASS: ""pair is scalar and exact"
"Ppp"" pair "1","5"; kernel "0"; memory "247765912
"PASS: ""pair is scalar and exact"
"Ppp"" pair "1","6"; kernel "0"; memory "249407128
MONITOR_HEARTBEAT elapsed=518s rss=313.0MiB peak=313.0MiB
"PASS: ""pair is scalar and exact"
"Ppp"" pair "1","7"; kernel "0"; memory "252915648
"PASS: ""pair is scalar and exact"
"Ppp"" pair "1","8"; kernel "0"; memory "254054584
"PASS: ""pair is scalar and exact"
"Ppp"" pair "2","2"; kernel "0"; memory "257440040
MONITOR_HEARTBEAT elapsed=549s rss=319.5MiB peak=319.5MiB
"PASS: ""pair is scalar and exact"
"Ppp"" pair "2","3"; kernel "0"; memory "256112392
"PASS: ""pair is scalar and exact"
"Ppp"" pair "2","4"; kernel "0"; memory "255891648
MONITOR_HEARTBEAT elapsed=580s rss=321.0MiB peak=321.0MiB
"PASS: ""pair is scalar and exact"
"Ppp"" pair "2","5"; kernel "0"; memory "255856832
"PASS: ""pair is scalar and exact"
"Ppp"" pair "2","6"; kernel "0"; memory "257920352
"PASS: ""pair is scalar and exact"
"Ppp"" pair "2","7"; kernel "0"; memory "258767672
MONITOR_HEARTBEAT elapsed=610s rss=322.1MiB peak=322.1MiB
"PASS: ""pair is scalar and exact"
"Ppp"" pair "2","8"; kernel "0"; memory "258931408
"PASS: ""pair is scalar and exact"
"Ppp"" pair "3","3"; kernel "0"; memory "262769400
"PASS: ""pair is scalar and exact"
"Ppp"" pair "3","4"; kernel "0"; memory "265266840
MONITOR_HEARTBEAT elapsed=641s rss=327.7MiB peak=327.7MiB
"PASS: ""pair is scalar and exact"
"Ppp"" pair "3","5"; kernel "0"; memory "266245360
"PASS: ""pair is scalar and exact"
"Ppp"" pair "3","6"; kernel "0"; memory "267821928
"PASS: ""pair is scalar and exact"
MONITOR_HEARTBEAT elapsed=671s rss=330.8MiB peak=331.1MiB
"Ppp"" pair "3","7"; kernel "0"; memory "268282912
"PASS: ""pair is scalar and exact"
"Ppp"" pair "3","8"; kernel "0"; memory "269715304
"PASS: ""pair is scalar and exact"
"Ppp"" pair "4","4"; kernel "0"; memory "271671808
MONITOR_HEARTBEAT elapsed=701s rss=334.1MiB peak=357.1MiB
"PASS: ""pair is scalar and exact"
"Ppp"" pair "4","5"; kernel "0"; memory "272663008
"PASS: ""pair is scalar and exact"
"Ppp"" pair "4","6"; kernel "0"; memory "273824048
"PASS: ""pair is scalar and exact"
"Ppp"" pair "4","7"; kernel "0"; memory "275935016
"PASS: ""pair is scalar and exact"
"Ppp"" pair "4","8"; kernel "0"; memory "277846552
MONITOR_HEARTBEAT elapsed=733s rss=339.4MiB peak=357.1MiB
"PASS: ""pair is scalar and exact"
"Ppp"" pair "5","5"; kernel "0"; memory "278108784
"PASS: ""pair is scalar and exact"
"Ppp"" pair "5","6"; kernel "0"; memory "278504784
"PASS: ""pair is scalar and exact"
"Ppp"" pair "5","7"; kernel "0"; memory "280190288
"PASS: ""pair is scalar and exact"
"Ppp"" pair "5","8"; kernel "0"; memory "281661288
"PASS: ""pair is scalar and exact"
"Ppp"" pair "6","6"; kernel "0"; memory "282003656
MONITOR_HEARTBEAT elapsed=763s rss=343.4MiB peak=357.1MiB
"PASS: ""pair is scalar and exact"
"Ppp"" pair "6","7"; kernel "0"; memory "281341856
"PASS: ""pair is scalar and exact"
"Ppp"" pair "6","8"; kernel "0"; memory "281704608
"PASS: ""pair is scalar and exact"
"Ppp"" pair "7","7"; kernel "0"; memory "282110864
MONITOR_HEARTBEAT elapsed=794s rss=344.9MiB peak=357.1MiB
"PASS: ""pair is scalar and exact"
"Ppp"" pair "7","8"; kernel "0"; memory "284741992
"PASS: ""pair is scalar and exact"
"Ppp"" pair "8","8"; kernel "0"; memory "287447944
"PASS: ""pair is scalar and exact"
"PASS: ""Ppp all pair tasks completed"
"Ppp"": combining "36" checkpointed pairs"
"Ppp"" complete; leaves = "55831
"PhotonWard"" pair "1","1"; kernel "0"; memory "290431632
MONITOR_HEARTBEAT elapsed=824s rss=353.4MiB peak=357.1MiB
"PASS: ""pair is scalar and exact"
"PhotonWard"" pair "1","2"; kernel "0"; memory "289790144
"PASS: ""pair is scalar and exact"
"PhotonWard"" pair "1","3"; kernel "0"; memory "288841472
MONITOR_HEARTBEAT elapsed=854s rss=353.6MiB peak=357.1MiB
"PASS: ""pair is scalar and exact"
"PhotonWard"" pair "1","4"; kernel "0"; memory "287770080
MONITOR_HEARTBEAT elapsed=884s rss=354.2MiB peak=357.1MiB
"PASS: ""pair is scalar and exact"
"PhotonWard"" pair "1","5"; kernel "0"; memory "290599264
"PASS: ""pair is scalar and exact"
"PhotonWard"" pair "1","6"; kernel "0"; memory "291554240
"PASS: ""pair is scalar and exact"
"PhotonWard"" pair "1","7"; kernel "0"; memory "291771632
MONITOR_HEARTBEAT elapsed=915s rss=355.8MiB peak=357.1MiB
"PASS: ""pair is scalar and exact"
"PhotonWard"" pair "1","8"; kernel "0"; memory "298842856
MONITOR_HEARTBEAT elapsed=946s rss=361.5MiB peak=361.5MiB
"PASS: ""pair is scalar and exact"
"PhotonWard"" pair "2","2"; kernel "0"; memory "304411208
"PASS: ""pair is scalar and exact"
"PhotonWard"" pair "2","3"; kernel "0"; memory "304062232
MONITOR_HEARTBEAT elapsed=976s rss=365.0MiB peak=365.0MiB
"PASS: ""pair is scalar and exact"
"PhotonWard"" pair "2","4"; kernel "0"; memory "302391328
"PASS: ""pair is scalar and exact"
"PhotonWard"" pair "2","5"; kernel "0"; memory "302139480
"PASS: ""pair is scalar and exact"
"PhotonWard"" pair "2","6"; kernel "0"; memory "303887320
MONITOR_HEARTBEAT elapsed=1006s rss=365.5MiB peak=365.5MiB
"PASS: ""pair is scalar and exact"
"PhotonWard"" pair "2","7"; kernel "0"; memory "304888824
MONITOR_HEARTBEAT elapsed=1037s rss=366.3MiB peak=366.3MiB
"PASS: ""pair is scalar and exact"
"PhotonWard"" pair "2","8"; kernel "0"; memory "306096536
"PASS: ""pair is scalar and exact"
"PhotonWard"" pair "3","3"; kernel "0"; memory "308407128
MONITOR_HEARTBEAT elapsed=1067s rss=369.8MiB peak=385.3MiB
"PASS: ""pair is scalar and exact"
"PhotonWard"" pair "3","4"; kernel "0"; memory "307717920
"PASS: ""pair is scalar and exact"
"PhotonWard"" pair "3","5"; kernel "0"; memory "310310064
MONITOR_HEARTBEAT elapsed=1098s rss=370.2MiB peak=385.3MiB
"PASS: ""pair is scalar and exact"
"PhotonWard"" pair "3","6"; kernel "0"; memory "311807488
"PASS: ""pair is scalar and exact"
"PhotonWard"" pair "3","7"; kernel "0"; memory "312799776
MONITOR_HEARTBEAT elapsed=1129s rss=372.4MiB peak=385.3MiB
"PASS: ""pair is scalar and exact"
"PhotonWard"" pair "3","8"; kernel "0"; memory "313507048
MONITOR_HEARTBEAT elapsed=1159s rss=374.8MiB peak=385.3MiB
"PASS: ""pair is scalar and exact"
"PhotonWard"" pair "4","4"; kernel "0"; memory "316910488
"PASS: ""pair is scalar and exact"
"PhotonWard"" pair "4","5"; kernel "0"; memory "317741528
"PASS: ""pair is scalar and exact"
"PhotonWard"" pair "4","6"; kernel "0"; memory "318978224
MONITOR_HEARTBEAT elapsed=1190s rss=377.1MiB peak=385.3MiB
"PASS: ""pair is scalar and exact"
"PhotonWard"" pair "4","7"; kernel "0"; memory "319732736
"PASS: ""pair is scalar and exact"
"PhotonWard"" pair "4","8"; kernel "0"; memory "320420376
MONITOR_HEARTBEAT elapsed=1220s rss=380.0MiB peak=385.3MiB
"PASS: ""pair is scalar and exact"
"PhotonWard"" pair "5","5"; kernel "0"; memory "321567544
"PASS: ""pair is scalar and exact"
"PhotonWard"" pair "5","6"; kernel "0"; memory "322373896
"PASS: ""pair is scalar and exact"
"PhotonWard"" pair "5","7"; kernel "0"; memory "323984688
"PASS: ""pair is scalar and exact"
"PhotonWard"" pair "5","8"; kernel "0"; memory "325689000
"PASS: ""pair is scalar and exact"
"PhotonWard"" pair "6","6"; kernel "0"; memory "326933376
MONITOR_HEARTBEAT elapsed=1251s rss=384.2MiB peak=385.3MiB
"PASS: ""pair is scalar and exact"
"PhotonWard"" pair "6","7"; kernel "0"; memory "328464800
"PASS: ""pair is scalar and exact"
"PhotonWard"" pair "6","8"; kernel "0"; memory "330255152
MONITOR_HEARTBEAT elapsed=1281s rss=387.5MiB peak=387.5MiB
"PASS: ""pair is scalar and exact"
"PhotonWard"" pair "7","7"; kernel "0"; memory "332810672
"PASS: ""pair is scalar and exact"
"PhotonWard"" pair "7","8"; kernel "0"; memory "333978504
MONITOR_HEARTBEAT elapsed=1311s rss=391.7MiB peak=391.7MiB
"PASS: ""pair is scalar and exact"
"PhotonWard"" pair "8","8"; kernel "0"; memory "341482496
"PASS: ""pair is scalar and exact"
"PASS: ""PhotonWard all pair tasks completed"
"PhotonWard"": combining "36" checkpointed pairs"
"PASS: ""PhotonWard"
"PhotonWard"" complete; leaves = "1
"GluonPWard"" pair "1","1"; kernel "0"; memory "342703640
"PASS: ""pair is scalar and exact"
"GluonPWard"" pair "1","2"; kernel "0"; memory "342737840
MONITOR_HEARTBEAT elapsed=1342s rss=400.2MiB peak=400.2MiB
"PASS: ""pair is scalar and exact"
"GluonPWard"" pair "1","3"; kernel "0"; memory "343038376
"PASS: ""pair is scalar and exact"
"GluonPWard"" pair "1","4"; kernel "0"; memory "341904952
"PASS: ""pair is scalar and exact"
"GluonPWard"" pair "1","5"; kernel "0"; memory "341400056
"PASS: ""pair is scalar and exact"
"GluonPWard"" pair "1","6"; kernel "0"; memory "342277944
MONITOR_HEARTBEAT elapsed=1373s rss=400.7MiB peak=401.0MiB
"PASS: ""pair is scalar and exact"
"GluonPWard"" pair "1","7"; kernel "0"; memory "340684560
"PASS: ""pair is scalar and exact"
"GluonPWard"" pair "1","8"; kernel "0"; memory "341283520
"PASS: ""pair is scalar and exact"
"GluonPWard"" pair "2","2"; kernel "0"; memory "342971200
"PASS: ""pair is scalar and exact"
"GluonPWard"" pair "2","3"; kernel "0"; memory "343354288
MONITOR_HEARTBEAT elapsed=1404s rss=401.7MiB peak=401.8MiB
"PASS: ""pair is scalar and exact"
"GluonPWard"" pair "2","4"; kernel "0"; memory "343622816
"PASS: ""pair is scalar and exact"
"GluonPWard"" pair "2","5"; kernel "0"; memory "344974128
"PASS: ""pair is scalar and exact"
"GluonPWard"" pair "2","6"; kernel "0"; memory "345850384
"PASS: ""pair is scalar and exact"
"GluonPWard"" pair "2","7"; kernel "0"; memory "346526960
MONITOR_HEARTBEAT elapsed=1434s rss=402.8MiB peak=402.8MiB
"PASS: ""pair is scalar and exact"
"GluonPWard"" pair "2","8"; kernel "0"; memory "346201632
"PASS: ""pair is scalar and exact"
"GluonPWard"" pair "3","3"; kernel "0"; memory "345955728
"PASS: ""pair is scalar and exact"
"GluonPWard"" pair "3","4"; kernel "0"; memory "346746968
MONITOR_HEARTBEAT elapsed=1464s rss=404.1MiB peak=404.1MiB
"PASS: ""pair is scalar and exact"
"GluonPWard"" pair "3","5"; kernel "0"; memory "348958384
"PASS: ""pair is scalar and exact"
"GluonPWard"" pair "3","6"; kernel "0"; memory "349741200
"PASS: ""pair is scalar and exact"
"GluonPWard"" pair "3","7"; kernel "0"; memory "350300048
MONITOR_HEARTBEAT elapsed=1495s rss=407.0MiB peak=407.2MiB
"PASS: ""pair is scalar and exact"
"GluonPWard"" pair "3","8"; kernel "0"; memory "350470728
"PASS: ""pair is scalar and exact"
"GluonPWard"" pair "4","4"; kernel "0"; memory "350691728
"PASS: ""pair is scalar and exact"
"GluonPWard"" pair "4","5"; kernel "0"; memory "352761208
"PASS: ""pair is scalar and exact"
"GluonPWard"" pair "4","6"; kernel "0"; memory "354891920
MONITOR_HEARTBEAT elapsed=1525s rss=411.5MiB peak=411.7MiB
"PASS: ""pair is scalar and exact"
"GluonPWard"" pair "4","7"; kernel "0"; memory "354727872
"PASS: ""pair is scalar and exact"
"GluonPWard"" pair "4","8"; kernel "0"; memory "356408560
"PASS: ""pair is scalar and exact"
"GluonPWard"" pair "5","5"; kernel "0"; memory "356003712
"PASS: ""pair is scalar and exact"
"GluonPWard"" pair "5","6"; kernel "0"; memory "356122504
"PASS: ""pair is scalar and exact"
"GluonPWard"" pair "5","7"; kernel "0"; memory "356541368
MONITOR_HEARTBEAT elapsed=1556s rss=414.2MiB peak=414.2MiB
"PASS: ""pair is scalar and exact"
"GluonPWard"" pair "5","8"; kernel "0"; memory "357011824
"PASS: ""pair is scalar and exact"
"GluonPWard"" pair "6","6"; kernel "0"; memory "356633712
"PASS: ""pair is scalar and exact"
"GluonPWard"" pair "6","7"; kernel "0"; memory "356971944
"PASS: ""pair is scalar and exact"
"GluonPWard"" pair "6","8"; kernel "0"; memory "358087528
MONITOR_HEARTBEAT elapsed=1586s rss=414.9MiB peak=414.9MiB
"PASS: ""pair is scalar and exact"
"GluonPWard"" pair "7","7"; kernel "0"; memory "357986000
"PASS: ""pair is scalar and exact"
"GluonPWard"" pair "7","8"; kernel "0"; memory "359237624
"PASS: ""pair is scalar and exact"
"GluonPWard"" pair "8","8"; kernel "0"; memory "361022240
MONITOR_HEARTBEAT elapsed=1616s rss=417.4MiB peak=417.5MiB
"PASS: ""pair is scalar and exact"
"PASS: ""GluonPWard all pair tasks completed"
"GluonPWard"": combining "36" checkpointed pairs"
"PASS: ""GluonPWard"
"GluonPWard"" complete; leaves = "1
"Gluon3Ward"" pair "1","1"; kernel "0"; memory "362757472
"PASS: ""pair is scalar and exact"
"Gluon3Ward"" pair "1","2"; kernel "0"; memory "363056952
"PASS: ""pair is scalar and exact"
"Gluon3Ward"" pair "1","3"; kernel "0"; memory "363750256
MONITOR_HEARTBEAT elapsed=1647s rss=420.2MiB peak=420.2MiB
"PASS: ""pair is scalar and exact"
"Gluon3Ward"" pair "1","4"; kernel "0"; memory "364388576
"PASS: ""pair is scalar and exact"
"Gluon3Ward"" pair "1","5"; kernel "0"; memory "365677896
"PASS: ""pair is scalar and exact"
"Gluon3Ward"" pair "1","6"; kernel "0"; memory "367040408
MONITOR_HEARTBEAT elapsed=1678s rss=425.2MiB peak=425.6MiB
"PASS: ""pair is scalar and exact"
"Gluon3Ward"" pair "1","7"; kernel "0"; memory "367952832
"PASS: ""pair is scalar and exact"
"Gluon3Ward"" pair "1","8"; kernel "0"; memory "371094264
"PASS: ""pair is scalar and exact"
"Gluon3Ward"" pair "2","2"; kernel "0"; memory "372342944
MONITOR_HEARTBEAT elapsed=1708s rss=430.1MiB peak=433.0MiB
"PASS: ""pair is scalar and exact"
"Gluon3Ward"" pair "2","3"; kernel "0"; memory "372494784
"PASS: ""pair is scalar and exact"
"Gluon3Ward"" pair "2","4"; kernel "0"; memory "371513832
"PASS: ""pair is scalar and exact"
"Gluon3Ward"" pair "2","5"; kernel "0"; memory "372003464
"PASS: ""pair is scalar and exact"
"Gluon3Ward"" pair "2","6"; kernel "0"; memory "372300920
MONITOR_HEARTBEAT elapsed=1738s rss=431.2MiB peak=433.0MiB
"PASS: ""pair is scalar and exact"
"Gluon3Ward"" pair "2","7"; kernel "0"; memory "372084008
"PASS: ""pair is scalar and exact"
"Gluon3Ward"" pair "2","8"; kernel "0"; memory "373107752
"PASS: ""pair is scalar and exact"
"Gluon3Ward"" pair "3","3"; kernel "0"; memory "372199584
MONITOR_HEARTBEAT elapsed=1769s rss=430.9MiB peak=433.0MiB
"PASS: ""pair is scalar and exact"
"Gluon3Ward"" pair "3","4"; kernel "0"; memory "372484144
"PASS: ""pair is scalar and exact"
"Gluon3Ward"" pair "3","5"; kernel "0"; memory "373971520
"PASS: ""pair is scalar and exact"
"Gluon3Ward"" pair "3","6"; kernel "0"; memory "374111040
MONITOR_HEARTBEAT elapsed=1800s rss=431.7MiB peak=433.0MiB
"PASS: ""pair is scalar and exact"
"Gluon3Ward"" pair "3","7"; kernel "0"; memory "373982248
"PASS: ""pair is scalar and exact"
"Gluon3Ward"" pair "3","8"; kernel "0"; memory "376955160
"PASS: ""pair is scalar and exact"
"Gluon3Ward"" pair "4","4"; kernel "0"; memory "377765520
"PASS: ""pair is scalar and exact"
"Gluon3Ward"" pair "4","5"; kernel "0"; memory "378145944
MONITOR_HEARTBEAT elapsed=1831s rss=433.6MiB peak=433.6MiB
"PASS: ""pair is scalar and exact"
"Gluon3Ward"" pair "4","6"; kernel "0"; memory "378705632
"PASS: ""pair is scalar and exact"
"Gluon3Ward"" pair "4","7"; kernel "0"; memory "378630248
"PASS: ""pair is scalar and exact"
"Gluon3Ward"" pair "4","8"; kernel "0"; memory "379471112
"PASS: ""pair is scalar and exact"
MONITOR_HEARTBEAT elapsed=1861s rss=434.7MiB peak=434.7MiB
"Gluon3Ward"" pair "5","5"; kernel "0"; memory "379716920
"PASS: ""pair is scalar and exact"
"Gluon3Ward"" pair "5","6"; kernel "0"; memory "379544856
"PASS: ""pair is scalar and exact"
"Gluon3Ward"" pair "5","7"; kernel "0"; memory "379654912
"PASS: ""pair is scalar and exact"
"Gluon3Ward"" pair "5","8"; kernel "0"; memory "380202056
"PASS: ""pair is scalar and exact"
"Gluon3Ward"" pair "6","6"; kernel "0"; memory "380737280
MONITOR_HEARTBEAT elapsed=1891s rss=436.4MiB peak=436.4MiB
"PASS: ""pair is scalar and exact"
"Gluon3Ward"" pair "6","7"; kernel "0"; memory "381163552
"PASS: ""pair is scalar and exact"
"Gluon3Ward"" pair "6","8"; kernel "0"; memory "381411304
"PASS: ""pair is scalar and exact"
"Gluon3Ward"" pair "7","7"; kernel "0"; memory "382441880
"PASS: ""pair is scalar and exact"
"Gluon3Ward"" pair "7","8"; kernel "0"; memory "383515680
MONITOR_HEARTBEAT elapsed=1921s rss=438.1MiB peak=438.1MiB
"PASS: ""pair is scalar and exact"
"Gluon3Ward"" pair "8","8"; kernel "0"; memory "385589816
"PASS: ""pair is scalar and exact"
"PASS: ""Gluon3Ward all pair tasks completed"
"Gluon3Ward"": combining "36" checkpointed pairs"
"PASS: ""Gluon3Ward"
"Gluon3Ward"" complete; leaves = "1
"S03_SUCCESS; peak main-kernel memory = "400473032
MONITOR_WAKE {"stage": "s03", "source": "s03_contract_real.wl", "source_sha256": "32aa8407bc8d87c63231bc295f09431ee9f168c428f08bc6c52683ddef097225", "job_id": "14687443", "host": "n7140", "exit_code": 0, "success_marker": true, "accepted_execution": true, "guard": null, "peak_rss_bytes": 462573568, "elapsed_seconds": 1934.2937874644995, "completed_utc": "2026-09-06T08:24:48.130718+00:00"}
