"PASS: Hgg component loading leaves scientific implementation unchanged"
"PASS: bounded native reads preserve mapping equations and input identities"
"PASS: ""compute allocation"
"PASS: ""isolated runtime"
"PASS: ""complete source syntax"
"PASS: ""pinned original mapper"
"PASS: ""unchanged mapping functions"
"PASS: ""accepted real spin input"
"PASS: ""accepted scalar reuse library"
"PASS: ""s02 unchanged scalar input"
"PASS: ""s04 unchanged scalar input"
"PASS: ""accepted geometry and reduction"
"PASS: ""same cut momenta"
"PASS: ""same positive-energy support"
"PASS: ""unique loop-coordinate conversion"
"PASS: ""all scalar products reconstruct"
"PASS: ""coordinate change preserves measured transverse constraint"
"PASS: ""pinned GitHub coefficient assembly"
"PASS: ""unchanged GitHub coefficient loop"
"PASS: ""Hgg accepted bounded component interface"
"PASS: ""Hgg complete distinct native task inventory"
"PASS: ""Hgg deferred tasks retain exact ordering"
"HGG_COMPONENT_TASKS "98" metadata_bytes "84640
"PASS: ""unique saved reduction targets"
"PASS: ""complete target mapping source syntax"
"PASS: ""pinned unchanged target calculation"
"PASS: ""unchanged complete target calculation and checkpoint contract"
"PASS: ""pinned actual reference target map"
"PASS: ""pinned accepted control tensor"
"PASS: ""control shares exact measured scalar products"
"PASS: ""reference target map exact input identity"
"PASS: ""integer resource limit POLARIZED_SIDIS_TARGET_SECONDS"
"PASS: ""bounded resource limit POLARIZED_SIDIS_TARGET_SECONDS"
"PASS: ""integer resource limit POLARIZED_SIDIS_TARGET_MEMORY_GIB"
"PASS: ""bounded resource limit POLARIZED_SIDIS_TARGET_MEMORY_GIB"
"TARGET_RESOURCE_LIMITS seconds "10800" bytes "4294967296
"PASS: ""accepted complete response-read comparison"
"FAIL: ""unchanged own response comparison inputs"
