"PASS: ""compute allocation"
"PASS: ""complete source syntax"
"PASS: ""accepted native blocked input"
"PASS: ""blocked input schema"
"PASS: ""unchanged actual input common/s08_inputs.json"
"PASS: ""unchanged actual input common/s08_result/reference/s03_real_families.wl"
"PASS: ""unchanged actual input common/s08_result/reference/s11_real_master_coefficients.wl"
"PASS: ""unchanged actual input Hqg/s05_result/s05_result.wl"
"PASS: ""unchanged actual input common/s06_result/s06_result.wl"
"PASS: ""unchanged actual input common/s06_result/reference/s02_result.wl"
"PASS: ""unchanged actual input common/s06_result/reference/s04_result.wl"
"PASS: ""accepted own grouped comparison"
"PASS: ""same own mapping inputs"
"PASS: ""exact recorded geometry"
"PASS: ""original reference mapper identity"
"PASS: ""unique original mapping block"
"PASS: ""original mapping syntax"
"PASS: ""same complete original mapper"
"PASS: ""blocked group exact original binding"
"PASS: ""complete additive input reconstruction"
"PASS: ""every loop-dependent factor is a generated propagator"
"PASS: ""atom extraction leaves a polynomial numerator"
"PASS: ""certificate original additive inventory"
"PASS: ""every original term reconstructs exactly"
"PASS: ""group partition covers each original term exactly once"
"PASS: ""every grouped numerator is its complete exact sum"
"PASS: ""native complete linear grouping identity"
"PASS: ""formal identity specializes to every original reconstructed term"
"PASS: ""formal identity specializes to every actual group"
"PASS: ""complete denominator-group reconstruction"
"PASS: ""own accepted group has same denominator powers"
"PASS: ""original control checkpoint binding"
"PASS: ""original declared polynomial variables"
"PASS: ""nonzero affine relation for dependent propagators"
"PASS: ""relation constant is independent of loop coordinates"
"PASS: ""every independent denominator set has a family"
"POLYNOMIAL_FAMILY_INPUT ""R06"
"PASS: ""original family numerator polynomial"
"PASS: ""family denominator is a Laurent monomial"
"PASS: ""original numerator coefficients reconstruct"
"PASS: ""loop monomial substitution reconstructs"
"PASS: ""family Laurent coefficients reconstruct"
"POLYNOMIAL_FAMILY_INPUT ""R05"
"PASS: ""complete cut-family map reconstructs the input tensor"
"PASS: ""both physical cuts remain to unit power in every target"
"PASS: ""every own accepted group coefficient unchanged"
"POLYNOMIAL_FAMILY_INPUT ""R06"
"POLYNOMIAL_FAMILY_INPUT ""R05"
"FAIL: ""{\"recorded blocked polynomial map\", \"time\"}"
