
file::shdw: Symbol file appears in multiple contexts {FeynCalc`, Global`}; definitions in context FeynCalc` may shadow or be shadowed by other definitions.
"PASS: ""compute allocation"
"PASS: ""isolated runtime"
"PASS: ""complete source syntax"
"PASS: ""known assembly channel"
"PASS: ""pinned original final assembly"
"PASS: ""required input common/s02_result/s02_result.wl"
"PASS: ""required input common/s06_result/s06_result.wl"
"PASS: ""accepted spin basis and scalar library"
"PASS: ""s02 pinned library geometry"
"PASS: ""s08 pinned library geometry"
"PASS: ""required input Hqqbar/s12_result/s12_result.wl"
"PASS: ""required input Hqqbar/s05_result/s05_result.wl"
"PASS: ""required input Hqqbar/s11_result/s11_result.wl"
"PASS: ""accepted integrated real tensor"
"PASS: ""accepted real tensor and subtraction"
"PASS: ""same physical spin and photon bases"
"PASS: ""matching explicit regulator scheme"
"PASS: ""pinned Hqqbar/s14_result/reference/phase_input.json"
"PASS: ""pinned Hqqbar/s11_result/reference/github_s09_result_s09_result.wl"
"PASS: ""pinned Hqqbar/s14_result/reference/unpolarized_F1_hat.wl"
"PASS: ""pinned Hqqbar/s14_result/reference/unpolarized_F2_hat.wl"
"PASS: ""reference hat symbols match inherited conventions"
"PASS: ""original projectors fully resolved"
"PASS: ""linear original scalar projectors"
"PASS: ""incoming vector reconstructed in photon frame"
"PASS: ""original hat weights are independent of recoil and branch"
"PASS: ""small counterterm normalization"
"PASS: ""required input Hqqbar/s01_result/reference/s01_result/s01_inputs/s01_result/real.wl"
"PASS: ""generated fields match momenta"
"PASS: ""one tagged momentum"
"PASS: ""one small-channel sector"
"PASS: ""spectator weight matches contracted tensor"
"PASS: ""original small-channel phase normalization"
"PASS: ""real and subtraction coupling degrees match"
"PASS: ""no mixed color symbol contexts"
"PASS: ""unique integrated physical components"
"PASS: ""accepted reference phase implementation"
"PASS: ""accepted own pole-refinement execution"
"PASS: ""accepted saved and original input-sum poles"
"PASS: ""own exact pole-refinement inputs"
"PASS: ""reviewed pole-refinement source"
"PASS: ""unchanged exact branch conditions"
"PASS: ""unchanged original finite extraction and zero predicate"
"PASS: ""exact executed factor-certificate definitions installed"
"PASS: ""one original finite pole predicate"
"PASS: ""exact reconstruction of original finite extraction"
"PASS: ""original finite calls available for checkpoint deferral"
"PASS: ""integer finite Laurent support"
"PASS: ""complete Laurent polynomial"
"PASS: ""regulator-independent Laurent coefficients"
"PASS: ""exact Laurent polynomial reconstruction"
"PASS: ""phase kernel has no truncated input series"
"PASS: ""reference phase product evaluated"
"PASS: ""own phase Laurent monomial equals original series {-1, 0}"
"PASS: ""own phase Laurent monomial equals original series {0, 0}"
"PASS: ""real endpoint branches share a boundary"
"PASS: ""finite physical component"
"PASS: ""accepted complete own checkpoint control"
"PASS: ""exact original assembler restoration"
"PASS: ""real endpoint branches share a boundary"
"PASS: ""finite physical component"
"PASS: ""deferred inputs preserve complete own accepted component"
"FINITE_CHECKPOINT_COMPARISON "InputForm[<|"Index" -> {4, 1, 1}, "OriginalSeconds" -> 68.963512, "DeferredSeconds" -> 8.304197, "ExactCompleteComponentComparison" -> True|>]
"PASS: ""unique original phase assembly execution"
"PASS: ""retained phase adapter syntax"
"PASS: ""unique original finite export"
"PASS: ""original finite assembly tail syntax"
"PASS: ""unique original reference-comparison boundaries"
"PASS: ""two original final-reference zero calls"
"PASS: ""exact original comparison restoration"
"PASS: ""bound own accepted reference-reduction control"
"PASS: ""own reference-reduction control schema"
"REFERENCE_PRECOLLECT_BEGIN "InputForm[{"own accepted finite control", {{4, 1, 1}, 1, "Regular"}}]" bytes "64291904" functions "11
"PASS: ""exact reference regrouping {\"own accepted finite control\", {{4, 1, 1}, 1, \"Regular\"}}"
"REFERENCE_PRECOLLECT "InputForm[{"own accepted finite control", {{4, 1, 1}, 1, "Regular"}}]" "InputForm[<|"InputBytes" -> 64291904, "PreparedBytes" -> 1861376, "Seconds" -> 145.609306, "Functions" -> {Log[2], Log[mu2], Log[Pi], Log[(1 - Sqrt[1 - (4*Q^2*(omega + Q^2 - s23))/(omega + 2*Q^2)^2])/(1 + Sqrt[1 - (4*Q^2*(omega + Q^2 - s23))/(omega + 2*Q^2)^2])], Log[s23], Log[((s - s23)*(-omega + s + s23))/((omega + Q^2 - s23)*s23)], Log[-(((s - s23)*(-omega + s + s23))/((omega - s)*s + Q^2*s23))], Log[((omega + 2*Q^2)^2*(omega - s - s23)^2*(1 - Sqrt[((omega - s)^2 + 2*(omega - s)*s + s^2 + 4*Q^2*s23)/(omega + 2*Q^2)^2])*(1 + Sqrt[((omega - s)^2 + 2*(omega - s)*s + s^2 + 4*Q^2*s23)/(omega + 2*Q^2)^2]))/(4*(omega - s)^2*(omega + Q^2 - s23)^2)], Log[((omega + 2*Q^2)^2*(s - s23)^2*(1 - Sqrt[((omega - s)^2 + 2*(omega - s)*s + s^2 + 4*Q^2*s23)/(omega + 2*Q^2)^2])*(1 + Sqrt[((omega - s)^2 + 2*(omega - s)*s + s^2 + 4*Q^2*s23)/(omega + 2*Q^2)^2]))/(4*s^2*(omega + Q^2 - s23)^2)], Log[((omega + 2*Q^2)^2*(s - s23)^2*(1 - Sqrt[((omega - s)^2 + 2*(omega - s)*s + s^2 + 4*Q^2*s23)/(omega + 2*Q^2)^2])*(1 + Sqrt[((omega - s)^2 + 2*(omega - s)*s + s^2 + 4*Q^2*s23)/(omega + 2*Q^2)^2]))/(4*(Q^2*s - 2*Q^2*s23 - (omega - s)*s23)^2)], Log[((omega + 2*Q^2)^2*(omega - s - s23)^2*(1 - Sqrt[((omega - s)^2 + 2*(omega - s)*s + s^2 + 4*Q^2*s23)/(omega + 2*Q^2)^2])*(1 + Sqrt[((omega - s)^2 + 2*(omega - s)*s + s^2 + 4*Q^2*s23)/(omega + 2*Q^2)^2]))/(4*(Q^2*(omega - s) - 2*Q^2*s23 - s*s23)^2)]}, "ExactReconstruction" -> True|>]
"PASS: ""own accepted finite output preserved by precollection"
"PASS: ""unique phase-adapted final export"
"PASS: ""complete refined finite assembly syntax"
"PASS: ""real endpoint branches share a boundary"
"PASS: ""finite physical component"
"PASS: ""real endpoint branches share a boundary"
"PASS: ""finite physical component"
"PASS: ""real endpoint branches share a boundary"
"PASS: ""finite physical component"
"PASS: ""real endpoint branches share a boundary"
"PASS: ""finite physical component"
"PASS: ""real endpoint branches share a boundary"
"PASS: ""finite physical component"
"PASS: ""real endpoint branches share a boundary"
"PASS: ""finite physical component"
"PASS: ""real endpoint branches share a boundary"
"PASS: ""finite physical component"
"PASS: ""real endpoint branches share a boundary"
"PASS: ""finite physical component"
"PASS: ""real endpoint branches share a boundary"
"PASS: ""finite physical component"
"PASS: ""real endpoint branches share a boundary"
"PASS: ""finite physical component"
"PASS: ""real endpoint branches share a boundary"
"PASS: ""finite physical component"
"PASS: ""real endpoint branches share a boundary"
"PASS: ""finite physical component"
"PASS: ""real endpoint branches share a boundary"
"PASS: ""finite physical component"
"PASS: ""real endpoint branches share a boundary"
"PASS: ""finite physical component"
"PASS: ""real endpoint branches share a boundary"
"PASS: ""finite physical component"
"PASS: ""real endpoint branches share a boundary"
"PASS: ""finite physical component"
"PASS: ""real endpoint branches share a boundary"
"PASS: ""finite physical component"
"PASS: ""real endpoint branches share a boundary"
"PASS: ""finite physical component"
"PASS: ""real endpoint branches share a boundary"
"PASS: ""finite physical component"
"PASS: ""real endpoint branches share a boundary"
"PASS: ""finite physical component"
"PASS: ""real endpoint branches share a boundary"
"PASS: ""finite physical component"
"PASS: ""real endpoint branches share a boundary"
"PASS: ""finite physical component"
"PASS: ""real endpoint branches share a boundary"
"PASS: ""finite physical component"
"PASS: ""real endpoint branches share a boundary"
"PASS: ""finite physical component"
"PASS: ""real endpoint branches share a boundary"
"PASS: ""finite physical component"
"PASS: ""real endpoint branches share a boundary"
"PASS: ""finite physical component"
"PASS: ""real endpoint branches share a boundary"
"PASS: ""finite physical component"
"PASS: ""real endpoint branches share a boundary"
"PASS: ""finite physical component"
"PASS: ""real endpoint branches share a boundary"
"PASS: ""finite physical component"
"PASS: ""real endpoint branches share a boundary"
"PASS: ""finite physical component"
"PASS: ""real endpoint branches share a boundary"
"PASS: ""finite physical component"
"PASS: ""real endpoint branches share a boundary"
"PASS: ""finite physical component"
"PASS: ""real endpoint branches share a boundary"
"PASS: ""finite physical component"
"PASS: ""real endpoint branches share a boundary"
"PASS: ""finite physical component"
"PASS: ""real endpoint branches share a boundary"
"PASS: ""finite physical component"
"PASS: ""real endpoint branches share a boundary"
"PASS: ""finite physical component"
"PASS: ""real endpoint branches share a boundary"
"PASS: ""finite physical component"
"PASS: ""real endpoint branches share a boundary"
"PASS: ""finite physical component"
"PASS: ""real endpoint branches share a boundary"
"PASS: ""finite physical component"
"PASS: ""real endpoint branches share a boundary"
"PASS: ""finite physical component"
"PASS: ""real endpoint branches share a boundary"
"PASS: ""finite physical component"
"PASS: ""real endpoint branches share a boundary"
"PASS: ""finite physical component"
"PASS: ""real endpoint branches share a boundary"
"PASS: ""finite physical component"
"PASS: ""real endpoint branches share a boundary"
"PASS: ""finite physical component"
"PASS: ""real endpoint branches share a boundary"
"PASS: ""finite physical component"
"PASS: ""real endpoint branches share a boundary"
"PASS: ""finite physical component"
"PASS: ""real endpoint branches share a boundary"
"PASS: ""finite physical component"
"PASS: ""real endpoint branches share a boundary"
"PASS: ""finite physical component"
"PASS: ""real endpoint branches share a boundary"
"PASS: ""finite physical component"
"PASS: ""real endpoint branches share a boundary"
"PASS: ""finite physical component"
"PASS: ""real endpoint branches share a boundary"
"PASS: ""finite physical component"
"PASS: ""real endpoint branches share a boundary"
"PASS: ""finite physical component"
"PASS: ""real endpoint branches share a boundary"
"PASS: ""finite physical component"
"PASS: ""real endpoint branches share a boundary"
"PASS: ""finite physical component"
"PASS: ""real endpoint branches share a boundary"
"PASS: ""finite physical component"
"PASS: ""real endpoint branches share a boundary"
"PASS: ""finite physical component"
"PASS: ""real endpoint branches share a boundary"
"PASS: ""finite physical component"
"PASS: ""real endpoint branches share a boundary"
"PASS: ""finite physical component"
"PASS: ""real endpoint branches share a boundary"
"PASS: ""finite physical component"
"PASS: ""real endpoint branches share a boundary"
"PASS: ""finite physical component"
"PASS: ""real endpoint branches share a boundary"
"PASS: ""finite physical component"
"PASS: ""real endpoint branches share a boundary"
"PASS: ""finite physical component"
"PASS: ""real endpoint branches share a boundary"
"PASS: ""finite physical component"
"PASS: ""real endpoint branches share a boundary"
"PASS: ""finite physical component"
"PASS: ""real endpoint branches share a boundary"
"PASS: ""finite physical component"
"PASS: ""real endpoint branches share a boundary"
"PASS: ""finite physical component"
"PASS: ""real endpoint branches share a boundary"
"PASS: ""finite physical component"
"PASS: ""real endpoint branches share a boundary"
"PASS: ""finite physical component"
"PASS: ""real endpoint branches share a boundary"
"PASS: ""finite physical component"
"PASS: ""real endpoint branches share a boundary"
"PASS: ""finite physical component"
"PASS: ""real endpoint branches share a boundary"
"PASS: ""finite physical component"
"PASS: ""real endpoint branches share a boundary"
"PASS: ""finite physical component"
"PASS: ""real endpoint branches share a boundary"
"PASS: ""finite physical component"
"PASS: ""real endpoint branches share a boundary"
"PASS: ""finite physical component"
"PASS: ""real endpoint branches share a boundary"
"PASS: ""finite physical component"
"PASS: ""real endpoint branches share a boundary"
"PASS: ""finite physical component"
"PASS: ""real endpoint branches share a boundary"
"PASS: ""finite physical component"
"PASS: ""real endpoint branches share a boundary"
"PASS: ""finite physical component"
"PASS: ""real endpoint branches share a boundary"
"PASS: ""finite physical component"
"PASS: ""real endpoint branches share a boundary"
"PASS: ""finite physical component"
"PASS: ""real endpoint branches share a boundary"
"PASS: ""finite physical component"
"PASS: ""real endpoint branches share a boundary"
"PASS: ""finite physical component"
"PASS: ""real endpoint branches share a boundary"
"PASS: ""finite physical component"
"PASS: ""real endpoint branches share a boundary"
"PASS: ""finite physical component"
"PASS: ""real endpoint branches share a boundary"
"PASS: ""finite physical component"
"PASS: ""real endpoint branches share a boundary"
"PASS: ""finite physical component"
"PASS: ""real endpoint branches share a boundary"
"PASS: ""finite physical component"
"PASS: ""real endpoint branches share a boundary"
"PASS: ""finite physical component"
"PASS: ""real endpoint branches share a boundary"
"PASS: ""finite physical component"
"PASS: ""real endpoint branches share a boundary"
"PASS: ""finite physical component"
"PASS: ""real endpoint branches share a boundary"
"PASS: ""finite physical component"
"PASS: ""real endpoint branches share a boundary"
"PASS: ""finite physical component"
"PASS: ""real endpoint branches share a boundary"
"PASS: ""finite physical component"
"PASS: ""real endpoint branches share a boundary"
"PASS: ""finite physical component"
"PASS: ""real endpoint branches share a boundary"
"PASS: ""finite physical component"
"PASS: ""real endpoint branches share a boundary"
"PASS: ""finite physical component"
"PASS: ""real endpoint branches share a boundary"
"PASS: ""finite physical component"
"PASS: ""real endpoint branches share a boundary"
"PASS: ""finite physical component"
"PASS: ""real endpoint branches share a boundary"
"PASS: ""finite physical component"
"PASS: ""real endpoint branches share a boundary"
"PASS: ""finite physical component"
"PASS: ""real endpoint branches share a boundary"
"PASS: ""finite physical component"
"PASS: ""real endpoint branches share a boundary"
"PASS: ""finite physical component"
"PASS: ""real endpoint branches share a boundary"
"PASS: ""finite physical component"
"PASS: ""real endpoint branches share a boundary"
"PASS: ""finite physical component"
"PASS: ""real endpoint branches share a boundary"
"PASS: ""finite physical component"
"PASS: ""real endpoint branches share a boundary"
"PASS: ""finite physical component"
"PASS: ""real endpoint branches share a boundary"
"PASS: ""finite physical component"
"PASS: ""real endpoint branches share a boundary"
"PASS: ""finite physical component"
"PASS: ""real endpoint branches share a boundary"
"PASS: ""finite physical component"
"PASS: ""real endpoint branches share a boundary"
"PASS: ""finite physical component"
"PASS: ""real endpoint branches share a boundary"
"PASS: ""finite physical component"
"PASS: ""real endpoint branches share a boundary"
"PASS: ""finite physical component"
"PASS: ""real endpoint branches share a boundary"
"PASS: ""finite physical component"
"PASS: ""real endpoint branches share a boundary"
"PASS: ""finite physical component"
"PASS: ""real endpoint branches share a boundary"
"PASS: ""finite physical component"
"PASS: ""real endpoint branches share a boundary"
"PASS: ""finite physical component"
"PASS: ""real endpoint branches share a boundary"
"PASS: ""finite physical component"
"PASS: ""real endpoint branches share a boundary"
"PASS: ""finite physical component"
"PASS: ""real endpoint branches share a boundary"
"PASS: ""finite physical component"
"PASS: ""real endpoint branches share a boundary"
"PASS: ""finite physical component"
"PASS: ""real endpoint branches share a boundary"
"PASS: ""finite physical component"
"PASS: ""real endpoint branches share a boundary"
"PASS: ""finite physical component"
"PASS: ""real endpoint branches share a boundary"
"PASS: ""finite physical component"
"PASS: ""real endpoint branches share a boundary"
"PASS: ""finite physical component"
"PASS: ""real endpoint branches share a boundary"
"PASS: ""finite physical component"
"PASS: ""real endpoint branches share a boundary"
"PASS: ""finite physical component"
"PASS: ""real endpoint branches share a boundary"
"PASS: ""finite physical component"
"PASS: ""real endpoint branches share a boundary"
"PASS: ""finite physical component"
"PASS: ""real endpoint branches share a boundary"
"PASS: ""finite physical component"
"PASS: ""real endpoint branches share a boundary"
"PASS: ""finite physical component"
"PASS: ""real endpoint branches share a boundary"
"PASS: ""finite physical component"
"PASS: ""real endpoint branches share a boundary"
"PASS: ""finite physical component"
"PASS: ""real endpoint branches share a boundary"
"PASS: ""finite physical component"
"PASS: ""real endpoint branches share a boundary"
"PASS: ""finite physical component"
"PASS: ""real endpoint branches share a boundary"
"PASS: ""finite physical component"
"PASS: ""real endpoint branches share a boundary"
"PASS: ""finite physical component"
"PASS: ""real endpoint branches share a boundary"
"PASS: ""finite physical component"
"PASS: ""real endpoint branches share a boundary"
"PASS: ""finite physical component"
"PASS: ""real endpoint branches share a boundary"
"PASS: ""finite physical component"
"PASS: ""real endpoint branches share a boundary"
"PASS: ""finite physical component"
"PASS: ""real endpoint branches share a boundary"
"PASS: ""finite physical component"
"PASS: ""real endpoint branches share a boundary"
"PASS: ""finite physical component"
"PASS: ""real endpoint branches share a boundary"
"PASS: ""finite physical component"
"PASS: ""real endpoint branches share a boundary"
"PASS: ""finite physical component"
"PASS: ""all physical components finite"
"PASS: ""all component checks accepted"
"PASS: ""finite original hat projections"
"FINITE_STORAGE_BEFORE_SHARING "4045567888
"FINITE_STORAGE_SHARING "InputForm[<|"BeforeBytes" -> 4045567888, "AfterBytes" -> 4038937112, "ShareRecoveredBytes" -> 6630824, "Seconds" -> 0.858295|>]
"REFERENCE_PRECOLLECT_BEGIN "InputForm[{"F1", sign, distribution}]" bytes "16" functions "0
"PASS: ""exact reference regrouping {\"F1\", sign, distribution}"
"REFERENCE_PRECOLLECT "InputForm[{"F1", sign, distribution}]" "InputForm[<|"InputBytes" -> 16, "PreparedBytes" -> 16, "Seconds" -> 7.*^-6, "Functions" -> {}, "ExactReconstruction" -> True|>]
"PASS: ""F1 original unpolarized Born hat"
"REFERENCE_PRECOLLECT_BEGIN "InputForm[{"F1", 1, "Delta"}]" bytes "16" functions "0
"PASS: ""exact reference regrouping {\"F1\", 1, \"Delta\"}"
"REFERENCE_PRECOLLECT "InputForm[{"F1", 1, "Delta"}]" "InputForm[<|"InputBytes" -> 16, "PreparedBytes" -> 16, "Seconds" -> 3.*^-6, "Functions" -> {}, "ExactReconstruction" -> True|>]
"PASS: ""F1 original unpolarized finite hat {1, \"Delta\"}"
"REFERENCE_PRECOLLECT_BEGIN "InputForm[{"F1", 1, "L0"}]" bytes "16" functions "0
"PASS: ""exact reference regrouping {\"F1\", 1, \"L0\"}"
"REFERENCE_PRECOLLECT "InputForm[{"F1", 1, "L0"}]" "InputForm[<|"InputBytes" -> 16, "PreparedBytes" -> 16, "Seconds" -> 3.*^-6, "Functions" -> {}, "ExactReconstruction" -> True|>]
"PASS: ""F1 original unpolarized finite hat {1, \"L0\"}"
"REFERENCE_PRECOLLECT_BEGIN "InputForm[{"F1", 1, "L1"}]" bytes "16" functions "0
"PASS: ""exact reference regrouping {\"F1\", 1, \"L1\"}"
"REFERENCE_PRECOLLECT "InputForm[{"F1", 1, "L1"}]" "InputForm[<|"InputBytes" -> 16, "PreparedBytes" -> 16, "Seconds" -> 3.*^-6, "Functions" -> {}, "ExactReconstruction" -> True|>]
"PASS: ""F1 original unpolarized finite hat {1, \"L1\"}"
"REFERENCE_PRECOLLECT_BEGIN "InputForm[{"F1", 1, "Regular"}]" bytes "136666512" functions "11
"PASS: ""exact reference regrouping {\"F1\", 1, \"Regular\"}"
"REFERENCE_PRECOLLECT "InputForm[{"F1", 1, "Regular"}]" "InputForm[<|"InputBytes" -> 136666512, "PreparedBytes" -> 16, "Seconds" -> 141.593813, "Functions" -> {Log[2], Log[mu2], Log[Pi], Log[(1 - Sqrt[1 - (4*Q^2*(omega + Q^2 - s23))/(omega + 2*Q^2)^2])/(1 + Sqrt[1 - (4*Q^2*(omega + Q^2 - s23))/(omega + 2*Q^2)^2])], Log[s23], Log[((s - s23)*(-omega + s + s23))/((omega + Q^2 - s23)*s23)], Log[-(((s - s23)*(-omega + s + s23))/((omega - s)*s + Q^2*s23))], Log[((omega + 2*Q^2)^2*(omega - s - s23)^2*(1 - Sqrt[((omega - s)^2 + 2*(omega - s)*s + s^2 + 4*Q^2*s23)/(omega + 2*Q^2)^2])*(1 + Sqrt[((omega - s)^2 + 2*(omega - s)*s + s^2 + 4*Q^2*s23)/(omega + 2*Q^2)^2]))/(4*(omega - s)^2*(omega + Q^2 - s23)^2)], Log[((omega + 2*Q^2)^2*(s - s23)^2*(1 - Sqrt[((omega - s)^2 + 2*(omega - s)*s + s^2 + 4*Q^2*s23)/(omega + 2*Q^2)^2])*(1 + Sqrt[((omega - s)^2 + 2*(omega - s)*s + s^2 + 4*Q^2*s23)/(omega + 2*Q^2)^2]))/(4*s^2*(omega + Q^2 - s23)^2)], Log[((omega + 2*Q^2)^2*(s - s23)^2*(1 - Sqrt[((omega - s)^2 + 2*(omega - s)*s + s^2 + 4*Q^2*s23)/(omega + 2*Q^2)^2])*(1 + Sqrt[((omega - s)^2 + 2*(omega - s)*s + s^2 + 4*Q^2*s23)/(omega + 2*Q^2)^2]))/(4*(Q^2*s - 2*Q^2*s23 - (omega - s)*s23)^2)], Log[((omega + 2*Q^2)^2*(omega - s - s23)^2*(1 - Sqrt[((omega - s)^2 + 2*(omega - s)*s + s^2 + 4*Q^2*s23)/(omega + 2*Q^2)^2])*(1 + Sqrt[((omega - s)^2 + 2*(omega - s)*s + s^2 + 4*Q^2*s23)/(omega + 2*Q^2)^2]))/(4*(Q^2*(omega - s) - 2*Q^2*s23 - s*s23)^2)]}, "ExactReconstruction" -> True|>]
"PASS: ""F1 original unpolarized finite hat {1, \"Regular\"}"
"REFERENCE_PRECOLLECT_BEGIN "InputForm[{"F1", -1, "Delta"}]" bytes "16" functions "0
"PASS: ""exact reference regrouping {\"F1\", -1, \"Delta\"}"
"REFERENCE_PRECOLLECT "InputForm[{"F1", -1, "Delta"}]" "InputForm[<|"InputBytes" -> 16, "PreparedBytes" -> 16, "Seconds" -> 8.*^-6, "Functions" -> {}, "ExactReconstruction" -> True|>]
"PASS: ""F1 original unpolarized finite hat {-1, \"Delta\"}"
"REFERENCE_PRECOLLECT_BEGIN "InputForm[{"F1", -1, "L0"}]" bytes "16" functions "0
"PASS: ""exact reference regrouping {\"F1\", -1, \"L0\"}"
"REFERENCE_PRECOLLECT "InputForm[{"F1", -1, "L0"}]" "InputForm[<|"InputBytes" -> 16, "PreparedBytes" -> 16, "Seconds" -> 2.*^-6, "Functions" -> {}, "ExactReconstruction" -> True|>]
"PASS: ""F1 original unpolarized finite hat {-1, \"L0\"}"
"REFERENCE_PRECOLLECT_BEGIN "InputForm[{"F1", -1, "L1"}]" bytes "16" functions "0
"PASS: ""exact reference regrouping {\"F1\", -1, \"L1\"}"
"REFERENCE_PRECOLLECT "InputForm[{"F1", -1, "L1"}]" "InputForm[<|"InputBytes" -> 16, "PreparedBytes" -> 16, "Seconds" -> 2.*^-6, "Functions" -> {}, "ExactReconstruction" -> True|>]
"PASS: ""F1 original unpolarized finite hat {-1, \"L1\"}"
"REFERENCE_PRECOLLECT_BEGIN "InputForm[{"F1", -1, "Regular"}]" bytes "156960648" functions "11
"PASS: ""exact reference regrouping {\"F1\", -1, \"Regular\"}"
"REFERENCE_PRECOLLECT "InputForm[{"F1", -1, "Regular"}]" "InputForm[<|"InputBytes" -> 156960648, "PreparedBytes" -> 16, "Seconds" -> 143.369128, "Functions" -> {Log[2], Log[mu2], Log[Pi], Log[(1 - Sqrt[1 - (4*Q^2*(-omega + Q^2 - s23))/(-omega + 2*Q^2)^2])/(1 + Sqrt[1 - (4*Q^2*(-omega + Q^2 - s23))/(-omega + 2*Q^2)^2])], Log[s23], Log[((s - s23)*(omega + s + s23))/((-omega + Q^2 - s23)*s23)], Log[-(((s - s23)*(omega + s + s23))/((-omega - s)*s + Q^2*s23))], Log[((-omega + 2*Q^2)^2*(-omega - s - s23)^2*(1 - Sqrt[((-omega - s)^2 + 2*(-omega - s)*s + s^2 + 4*Q^2*s23)/(-omega + 2*Q^2)^2])*(1 + Sqrt[((-omega - s)^2 + 2*(-omega - s)*s + s^2 + 4*Q^2*s23)/(-omega + 2*Q^2)^2]))/(4*(-omega - s)^2*(-omega + Q^2 - s23)^2)], Log[((-omega + 2*Q^2)^2*(s - s23)^2*(1 - Sqrt[((-omega - s)^2 + 2*(-omega - s)*s + s^2 + 4*Q^2*s23)/(-omega + 2*Q^2)^2])*(1 + Sqrt[((-omega - s)^2 + 2*(-omega - s)*s + s^2 + 4*Q^2*s23)/(-omega + 2*Q^2)^2]))/(4*s^2*(-omega + Q^2 - s23)^2)], Log[((-omega + 2*Q^2)^2*(s - s23)^2*(1 - Sqrt[((-omega - s)^2 + 2*(-omega - s)*s + s^2 + 4*Q^2*s23)/(-omega + 2*Q^2)^2])*(1 + Sqrt[((-omega - s)^2 + 2*(-omega - s)*s + s^2 + 4*Q^2*s23)/(-omega + 2*Q^2)^2]))/(4*(Q^2*s - 2*Q^2*s23 - (-omega - s)*s23)^2)], Log[((-omega + 2*Q^2)^2*(-omega - s - s23)^2*(1 - Sqrt[((-omega - s)^2 + 2*(-omega - s)*s + s^2 + 4*Q^2*s23)/(-omega + 2*Q^2)^2])*(1 + Sqrt[((-omega - s)^2 + 2*(-omega - s)*s + s^2 + 4*Q^2*s23)/(-omega + 2*Q^2)^2]))/(4*(Q^2*(-omega - s) - 2*Q^2*s23 - s*s23)^2)]}, "ExactReconstruction" -> True|>]
"PASS: ""F1 original unpolarized finite hat {-1, \"Regular\"}"
"REFERENCE_PRECOLLECT_BEGIN "InputForm[{"F1", 0, "Delta"}]" bytes "16" functions "0
"PASS: ""exact reference regrouping {\"F1\", 0, \"Delta\"}"
"REFERENCE_PRECOLLECT "InputForm[{"F1", 0, "Delta"}]" "InputForm[<|"InputBytes" -> 16, "PreparedBytes" -> 16, "Seconds" -> 7.*^-6, "Functions" -> {}, "ExactReconstruction" -> True|>]
"PASS: ""F1 original unpolarized finite hat {0, \"Delta\"}"
"REFERENCE_PRECOLLECT_BEGIN "InputForm[{"F1", 0, "L0"}]" bytes "16" functions "0
"PASS: ""exact reference regrouping {\"F1\", 0, \"L0\"}"
"REFERENCE_PRECOLLECT "InputForm[{"F1", 0, "L0"}]" "InputForm[<|"InputBytes" -> 16, "PreparedBytes" -> 16, "Seconds" -> 2.*^-6, "Functions" -> {}, "ExactReconstruction" -> True|>]
"PASS: ""F1 original unpolarized finite hat {0, \"L0\"}"
"REFERENCE_PRECOLLECT_BEGIN "InputForm[{"F1", 0, "L1"}]" bytes "16" functions "0
"PASS: ""exact reference regrouping {\"F1\", 0, \"L1\"}"
"REFERENCE_PRECOLLECT "InputForm[{"F1", 0, "L1"}]" "InputForm[<|"InputBytes" -> 16, "PreparedBytes" -> 16, "Seconds" -> 2.*^-6, "Functions" -> {}, "ExactReconstruction" -> True|>]
"PASS: ""F1 original unpolarized finite hat {0, \"L1\"}"
"REFERENCE_PRECOLLECT_BEGIN "InputForm[{"F1", 0, "Regular"}]" bytes "15751512" functions "11
"PASS: ""exact reference regrouping {\"F1\", 0, \"Regular\"}"
"REFERENCE_PRECOLLECT "InputForm[{"F1", 0, "Regular"}]" "InputForm[<|"InputBytes" -> 15751512, "PreparedBytes" -> 16, "Seconds" -> 13.095932, "Functions" -> {Log[2], Log[mu2], Log[Pi], Log[(1 - Sqrt[1 - (Q^2 - s23)/Q^2])/(1 + Sqrt[1 - (Q^2 - s23)/Q^2])], Log[s23], Log[((s - s23)*(s + s23))/((Q^2 - s23)*s23)], Log[-(((s - s23)*(s + s23))/(-s^2 + Q^2*s23))], Log[(Q^4*(-s - s23)^2*(1 - Sqrt[s23/Q^2])*(1 + Sqrt[s23/Q^2]))/(s^2*(Q^2 - s23)^2)], Log[(Q^4*(s - s23)^2*(1 - Sqrt[s23/Q^2])*(1 + Sqrt[s23/Q^2]))/(s^2*(Q^2 - s23)^2)], Log[(Q^4*(-s - s23)^2*(1 - Sqrt[s23/Q^2])*(1 + Sqrt[s23/Q^2]))/(-(Q^2*s) - 2*Q^2*s23 - s*s23)^2], Log[(Q^4*(s - s23)^2*(1 - Sqrt[s23/Q^2])*(1 + Sqrt[s23/Q^2]))/(Q^2*s - 2*Q^2*s23 + s*s23)^2]}, "ExactReconstruction" -> True|>]
"PASS: ""F1 original unpolarized finite hat {0, \"Regular\"}"
"REFERENCE_PRECOLLECT_BEGIN "InputForm[{"F2", sign, distribution}]" bytes "16" functions "0
"PASS: ""exact reference regrouping {\"F2\", sign, distribution}"
"REFERENCE_PRECOLLECT "InputForm[{"F2", sign, distribution}]" "InputForm[<|"InputBytes" -> 16, "PreparedBytes" -> 16, "Seconds" -> 9.*^-6, "Functions" -> {}, "ExactReconstruction" -> True|>]
"PASS: ""F2 original unpolarized Born hat"
"REFERENCE_PRECOLLECT_BEGIN "InputForm[{"F2", 1, "Delta"}]" bytes "16" functions "0
"PASS: ""exact reference regrouping {\"F2\", 1, \"Delta\"}"
"REFERENCE_PRECOLLECT "InputForm[{"F2", 1, "Delta"}]" "InputForm[<|"InputBytes" -> 16, "PreparedBytes" -> 16, "Seconds" -> 3.*^-6, "Functions" -> {}, "ExactReconstruction" -> True|>]
"PASS: ""F2 original unpolarized finite hat {1, \"Delta\"}"
"REFERENCE_PRECOLLECT_BEGIN "InputForm[{"F2", 1, "L0"}]" bytes "16" functions "0
"PASS: ""exact reference regrouping {\"F2\", 1, \"L0\"}"
"REFERENCE_PRECOLLECT "InputForm[{"F2", 1, "L0"}]" "InputForm[<|"InputBytes" -> 16, "PreparedBytes" -> 16, "Seconds" -> 3.*^-6, "Functions" -> {}, "ExactReconstruction" -> True|>]
"PASS: ""F2 original unpolarized finite hat {1, \"L0\"}"
"REFERENCE_PRECOLLECT_BEGIN "InputForm[{"F2", 1, "L1"}]" bytes "16" functions "0
"PASS: ""exact reference regrouping {\"F2\", 1, \"L1\"}"
"REFERENCE_PRECOLLECT "InputForm[{"F2", 1, "L1"}]" "InputForm[<|"InputBytes" -> 16, "PreparedBytes" -> 16, "Seconds" -> 3.*^-6, "Functions" -> {}, "ExactReconstruction" -> True|>]
"PASS: ""F2 original unpolarized finite hat {1, \"L1\"}"
"REFERENCE_PRECOLLECT_BEGIN "InputForm[{"F2", 1, "Regular"}]" bytes "155709424" functions "11
"PASS: ""exact reference regrouping {\"F2\", 1, \"Regular\"}"
"REFERENCE_PRECOLLECT "InputForm[{"F2", 1, "Regular"}]" "InputForm[<|"InputBytes" -> 155709424, "PreparedBytes" -> 16, "Seconds" -> 120.73169, "Functions" -> {Log[2], Log[mu2], Log[Pi], Log[(1 - Sqrt[1 - (4*Q^2*(omega + Q^2 - s23))/(omega + 2*Q^2)^2])/(1 + Sqrt[1 - (4*Q^2*(omega + Q^2 - s23))/(omega + 2*Q^2)^2])], Log[s23], Log[((s - s23)*(-omega + s + s23))/((omega + Q^2 - s23)*s23)], Log[-(((s - s23)*(-omega + s + s23))/((omega - s)*s + Q^2*s23))], Log[((omega + 2*Q^2)^2*(omega - s - s23)^2*(1 - Sqrt[((omega - s)^2 + 2*(omega - s)*s + s^2 + 4*Q^2*s23)/(omega + 2*Q^2)^2])*(1 + Sqrt[((omega - s)^2 + 2*(omega - s)*s + s^2 + 4*Q^2*s23)/(omega + 2*Q^2)^2]))/(4*(omega - s)^2*(omega + Q^2 - s23)^2)], Log[((omega + 2*Q^2)^2*(s - s23)^2*(1 - Sqrt[((omega - s)^2 + 2*(omega - s)*s + s^2 + 4*Q^2*s23)/(omega + 2*Q^2)^2])*(1 + Sqrt[((omega - s)^2 + 2*(omega - s)*s + s^2 + 4*Q^2*s23)/(omega + 2*Q^2)^2]))/(4*s^2*(omega + Q^2 - s23)^2)], Log[((omega + 2*Q^2)^2*(s - s23)^2*(1 - Sqrt[((omega - s)^2 + 2*(omega - s)*s + s^2 + 4*Q^2*s23)/(omega + 2*Q^2)^2])*(1 + Sqrt[((omega - s)^2 + 2*(omega - s)*s + s^2 + 4*Q^2*s23)/(omega + 2*Q^2)^2]))/(4*(Q^2*s - 2*Q^2*s23 - (omega - s)*s23)^2)], Log[((omega + 2*Q^2)^2*(omega - s - s23)^2*(1 - Sqrt[((omega - s)^2 + 2*(omega - s)*s + s^2 + 4*Q^2*s23)/(omega + 2*Q^2)^2])*(1 + Sqrt[((omega - s)^2 + 2*(omega - s)*s + s^2 + 4*Q^2*s23)/(omega + 2*Q^2)^2]))/(4*(Q^2*(omega - s) - 2*Q^2*s23 - s*s23)^2)]}, "ExactReconstruction" -> True|>]
"PASS: ""F2 original unpolarized finite hat {1, \"Regular\"}"
"REFERENCE_PRECOLLECT_BEGIN "InputForm[{"F2", -1, "Delta"}]" bytes "16" functions "0
"PASS: ""exact reference regrouping {\"F2\", -1, \"Delta\"}"
"REFERENCE_PRECOLLECT "InputForm[{"F2", -1, "Delta"}]" "InputForm[<|"InputBytes" -> 16, "PreparedBytes" -> 16, "Seconds" -> 8.*^-6, "Functions" -> {}, "ExactReconstruction" -> True|>]
"PASS: ""F2 original unpolarized finite hat {-1, \"Delta\"}"
"REFERENCE_PRECOLLECT_BEGIN "InputForm[{"F2", -1, "L0"}]" bytes "16" functions "0
"PASS: ""exact reference regrouping {\"F2\", -1, \"L0\"}"
"REFERENCE_PRECOLLECT "InputForm[{"F2", -1, "L0"}]" "InputForm[<|"InputBytes" -> 16, "PreparedBytes" -> 16, "Seconds" -> 3.*^-6, "Functions" -> {}, "ExactReconstruction" -> True|>]
"PASS: ""F2 original unpolarized finite hat {-1, \"L0\"}"
"REFERENCE_PRECOLLECT_BEGIN "InputForm[{"F2", -1, "L1"}]" bytes "16" functions "0
"PASS: ""exact reference regrouping {\"F2\", -1, \"L1\"}"
"REFERENCE_PRECOLLECT "InputForm[{"F2", -1, "L1"}]" "InputForm[<|"InputBytes" -> 16, "PreparedBytes" -> 16, "Seconds" -> 3.*^-6, "Functions" -> {}, "ExactReconstruction" -> True|>]
"PASS: ""F2 original unpolarized finite hat {-1, \"L1\"}"
"REFERENCE_PRECOLLECT_BEGIN "InputForm[{"F2", -1, "Regular"}]" bytes "178824808" functions "11
"PASS: ""exact reference regrouping {\"F2\", -1, \"Regular\"}"
"REFERENCE_PRECOLLECT "InputForm[{"F2", -1, "Regular"}]" "InputForm[<|"InputBytes" -> 178824808, "PreparedBytes" -> 16, "Seconds" -> 123.146475, "Functions" -> {Log[2], Log[mu2], Log[Pi], Log[(1 - Sqrt[1 - (4*Q^2*(-omega + Q^2 - s23))/(-omega + 2*Q^2)^2])/(1 + Sqrt[1 - (4*Q^2*(-omega + Q^2 - s23))/(-omega + 2*Q^2)^2])], Log[s23], Log[((s - s23)*(omega + s + s23))/((-omega + Q^2 - s23)*s23)], Log[-(((s - s23)*(omega + s + s23))/((-omega - s)*s + Q^2*s23))], Log[((-omega + 2*Q^2)^2*(-omega - s - s23)^2*(1 - Sqrt[((-omega - s)^2 + 2*(-omega - s)*s + s^2 + 4*Q^2*s23)/(-omega + 2*Q^2)^2])*(1 + Sqrt[((-omega - s)^2 + 2*(-omega - s)*s + s^2 + 4*Q^2*s23)/(-omega + 2*Q^2)^2]))/(4*(-omega - s)^2*(-omega + Q^2 - s23)^2)], Log[((-omega + 2*Q^2)^2*(s - s23)^2*(1 - Sqrt[((-omega - s)^2 + 2*(-omega - s)*s + s^2 + 4*Q^2*s23)/(-omega + 2*Q^2)^2])*(1 + Sqrt[((-omega - s)^2 + 2*(-omega - s)*s + s^2 + 4*Q^2*s23)/(-omega + 2*Q^2)^2]))/(4*s^2*(-omega + Q^2 - s23)^2)], Log[((-omega + 2*Q^2)^2*(s - s23)^2*(1 - Sqrt[((-omega - s)^2 + 2*(-omega - s)*s + s^2 + 4*Q^2*s23)/(-omega + 2*Q^2)^2])*(1 + Sqrt[((-omega - s)^2 + 2*(-omega - s)*s + s^2 + 4*Q^2*s23)/(-omega + 2*Q^2)^2]))/(4*(Q^2*s - 2*Q^2*s23 - (-omega - s)*s23)^2)], Log[((-omega + 2*Q^2)^2*(-omega - s - s23)^2*(1 - Sqrt[((-omega - s)^2 + 2*(-omega - s)*s + s^2 + 4*Q^2*s23)/(-omega + 2*Q^2)^2])*(1 + Sqrt[((-omega - s)^2 + 2*(-omega - s)*s + s^2 + 4*Q^2*s23)/(-omega + 2*Q^2)^2]))/(4*(Q^2*(-omega - s) - 2*Q^2*s23 - s*s23)^2)]}, "ExactReconstruction" -> True|>]
"PASS: ""F2 original unpolarized finite hat {-1, \"Regular\"}"
"REFERENCE_PRECOLLECT_BEGIN "InputForm[{"F2", 0, "Delta"}]" bytes "16" functions "0
"PASS: ""exact reference regrouping {\"F2\", 0, \"Delta\"}"
"REFERENCE_PRECOLLECT "InputForm[{"F2", 0, "Delta"}]" "InputForm[<|"InputBytes" -> 16, "PreparedBytes" -> 16, "Seconds" -> 7.*^-6, "Functions" -> {}, "ExactReconstruction" -> True|>]
"PASS: ""F2 original unpolarized finite hat {0, \"Delta\"}"
"REFERENCE_PRECOLLECT_BEGIN "InputForm[{"F2", 0, "L0"}]" bytes "16" functions "0
"PASS: ""exact reference regrouping {\"F2\", 0, \"L0\"}"
"REFERENCE_PRECOLLECT "InputForm[{"F2", 0, "L0"}]" "InputForm[<|"InputBytes" -> 16, "PreparedBytes" -> 16, "Seconds" -> 2.*^-6, "Functions" -> {}, "ExactReconstruction" -> True|>]
"PASS: ""F2 original unpolarized finite hat {0, \"L0\"}"
"REFERENCE_PRECOLLECT_BEGIN "InputForm[{"F2", 0, "L1"}]" bytes "16" functions "0
"PASS: ""exact reference regrouping {\"F2\", 0, \"L1\"}"
"REFERENCE_PRECOLLECT "InputForm[{"F2", 0, "L1"}]" "InputForm[<|"InputBytes" -> 16, "PreparedBytes" -> 16, "Seconds" -> 3.*^-6, "Functions" -> {}, "ExactReconstruction" -> True|>]
"PASS: ""F2 original unpolarized finite hat {0, \"L1\"}"
"REFERENCE_PRECOLLECT_BEGIN "InputForm[{"F2", 0, "Regular"}]" bytes "18421944" functions "11
"PASS: ""exact reference regrouping {\"F2\", 0, \"Regular\"}"
"REFERENCE_PRECOLLECT "InputForm[{"F2", 0, "Regular"}]" "InputForm[<|"InputBytes" -> 18421944, "PreparedBytes" -> 16, "Seconds" -> 11.138069, "Functions" -> {Log[2], Log[mu2], Log[Pi], Log[(1 - Sqrt[1 - (Q^2 - s23)/Q^2])/(1 + Sqrt[1 - (Q^2 - s23)/Q^2])], Log[s23], Log[((s - s23)*(s + s23))/((Q^2 - s23)*s23)], Log[-(((s - s23)*(s + s23))/(-s^2 + Q^2*s23))], Log[(Q^4*(-s - s23)^2*(1 - Sqrt[s23/Q^2])*(1 + Sqrt[s23/Q^2]))/(s^2*(Q^2 - s23)^2)], Log[(Q^4*(s - s23)^2*(1 - Sqrt[s23/Q^2])*(1 + Sqrt[s23/Q^2]))/(s^2*(Q^2 - s23)^2)], Log[(Q^4*(-s - s23)^2*(1 - Sqrt[s23/Q^2])*(1 + Sqrt[s23/Q^2]))/(-(Q^2*s) - 2*Q^2*s23 - s*s23)^2], Log[(Q^4*(s - s23)^2*(1 - Sqrt[s23/Q^2])*(1 + Sqrt[s23/Q^2]))/(Q^2*s - 2*Q^2*s23 + s*s23)^2]}, "ExactReconstruction" -> True|>]
"PASS: ""F2 original unpolarized finite hat {0, \"Regular\"}"
"PASS: ""bounded complete finite result file"

No more memory available.
Mathematica kernel has shut down.
Try quitting other applications and then retry.
