"PASS: ""compute allocation"
"PASS: ""isolated runtime"
"PASS: ""complete source syntax"
"PASS: ""required input common/s15_inputs.json"
"PASS: ""explicit helicity scheme definition"
"PASS: ""pinned scheme reference common/s15_result/reference/s54_factorization_contract.wls"
"PASS: ""pinned scheme reference common/s11_collinear_spin_convolutions.wls"
"PASS: ""pinned scheme reference common/s14_result/reference/s20_final_hats.wl"
"PASS: ""required input common/s01_inputs.json"
"PASS: ""known channel"
"PASS: ""required input common/s02_result/s02_result.wl"
"PASS: ""required input common/s10_result/s10_result.wl"
"PASS: ""required input Hqqbar/s11_result/s11_result.wl"
"PASS: ""accepted basis kernels and subtraction"
"PASS: ""accepted channel subtraction schema"
"PASS: ""accepted subtraction source binding"
"PASS: ""unconverted BMHV subtraction"
"PASS: ""same physical basis"
"PASS: ""required input Hqq/s01_result/reference/s01_result/s01_inputs/s02_result.wl"
"PASS: ""pinned color normalization"
"PASS: ""scheme kernel restores the defined epsilon difference"
"PASS: ""inherited hard-counterterm sign"
"PASS: ""derived constant reference kernel normalization"
"PASS: ""regular endpoint-vanishing finite kernel"
"PASS: ""no diagonal quark scheme route in the real-only channel"
"PASS: ""exact finite scheme tensor"
"PASS: ""unpolarized coefficient preserved"
"PASS: ""bounded final native file Hqqbar/s15_scheme_result/s15_result.wl"
"PASS: ""exact final native reload Hqqbar/s15_scheme_result/s15_result.wl"
"PASS: ""accepted componentwise finite BMHV tensor"
"PASS: ""same final photon and spin basis"
"PASS: ""complete finite partonic export"
"PASS: ""bounded final native file Hqqbar/s15_result/s15_result.wl"
"PASS: ""exact final native reload Hqqbar/s15_result/s15_result.wl"
"PASS: ""bounded final native file Hqqbar/s15_result/s15_F1_hat.wl"
"PASS: ""exact final native reload Hqqbar/s15_result/s15_F1_hat.wl"
"PASS: ""bounded final native file Hqqbar/s15_result/s15_F2_hat.wl"
"PASS: ""exact final native reload Hqqbar/s15_result/s15_F2_hat.wl"
"PASS: s15_finalize_spin_coefficients"
