MONITOR_START job=14692804 host=n7440 kernel_pid=135814

Global`$FeynCalcStartupMessages::shdw: Symbol $FeynCalcStartupMessages appears in multiple contexts {Global`, FeynCalc`}; definitions in context Global` may shadow or be shadowed by other definitions.
"VIRTUAL_WORKERS "4
"BORN_NORMALIZATION_ACCEPTED ""Hqq"" virtual diagrams "15
"From remote kernel:"
"\"VIRTUAL \"\"Hqq\"\" \"\"Pg\"\" diagram \"1\" kernel \"1\n"
"From remote kernel:"
"\"VIRTUAL \"\"Hqq\"\" \"\"Pg\"\" diagram \"2\" kernel \"2\n"
"From remote kernel:"
"\"VIRTUAL \"\"Hqq\"\" \"\"Pg\"\" diagram \"3\" kernel \"3\n"
"From remote kernel:"
"\"VIRTUAL \"\"Hqq\"\" \"\"Pg\"\" diagram \"4\" kernel \"4\n"
"From remote kernel:"
"FCLoopFromGLI::failmsg: Error! FCLoopFromGLI has encountered a fatal problem and must abort the computation. Failed to eliminate some of the GLIs.\n\n                        The problem reads: "
"From remote kernel:"
"FCLoopFromGLI::failmsg: Error! FCLoopFromGLI has encountered a fatal problem and must abort the computation. Failed to eliminate some of the GLIs.\n\n                        The problem reads: "
"From remote kernel:"
"\"VIRTUAL \"\"Hqq\"\" \"\"Pg\"\" diagram \"5\" kernel \"1\n"
"From remote kernel:"
"\"VIRTUAL \"\"Hqq\"\" \"\"Pg\"\" diagram \"6\" kernel \"4\n"
"From remote kernel:"
"FCLoopFromGLI::failmsg: Error! FCLoopFromGLI has encountered a fatal problem and must abort the computation. Failed to eliminate some of the GLIs.\n\n                        The problem reads: "
"From remote kernel:"
"FCLoopFromGLI::failmsg: Error! FCLoopFromGLI has encountered a fatal problem and must abort the computation. Failed to eliminate some of the GLIs.\n\n                        The problem reads: "
"From remote kernel:"
"\"VIRTUAL \"\"Hqq\"\" \"\"Pg\"\" diagram \"8\" kernel \"2\n"
"From remote kernel:"
"\"VIRTUAL \"\"Hqq\"\" \"\"Pg\"\" diagram \"7\" kernel \"3\n"
"From remote kernel:"
"FCLoopFromGLI::failmsg: Error! FCLoopFromGLI has encountered a fatal problem and must abort the computation. Failed to eliminate some of the GLIs.\n\n                        The problem reads: "
"From remote kernel:"
"\"VIRTUAL \"\"Hqq\"\" \"\"Pg\"\" diagram \"9\" kernel \"1\n"
"From remote kernel:"
"FCLoopFromGLI::failmsg: Error! FCLoopFromGLI has encountered a fatal problem and must abort the computation. Failed to eliminate some of the GLIs.\n\n                        The problem reads: "
"From remote kernel:"
"\"VIRTUAL \"\"Hqq\"\" \"\"Pg\"\" diagram \"10\" kernel \"4\n"
"From remote kernel:"
"FCLoopFromGLI::failmsg: Error! FCLoopFromGLI has encountered a fatal problem and must abort the computation. Failed to eliminate some of the GLIs.\n\n                        The problem reads: "
"From remote kernel:"
"FCLoopFromGLI::failmsg: Error! FCLoopFromGLI has encountered a fatal problem and must abort the computation. Failed to eliminate some of the GLIs.\n\n                        The problem reads: "
"From remote kernel:"
"\"VIRTUAL \"\"Hqq\"\" \"\"Pg\"\" diagram \"11\" kernel \"2\n"
"From remote kernel:"
"\"VIRTUAL \"\"Hqq\"\" \"\"Pg\"\" diagram \"12\" kernel \"3\n"
MONITOR_HEARTBEAT elapsed=31s rss=896.9MiB peak=896.9MiB
"From remote kernel:"
"\"FAIL: \"\"VHqqPg09 scalarization removes every loop scalar product\"\n"
MONITOR_WAKE {"stage": "s05", "source": "s05_virtual_families.wl", "source_sha256": "9f9938f7631f9f4c393a872ff15f3924b2a22dcfd37488544f7e9d7ba5e4ba51", "job_id": "14692804", "host": "n7440", "exit_code": -9, "success_marker": false, "accepted_execution": false, "guard": "stage gate failure", "peak_rss_bytes": 941371392, "elapsed_seconds": 42.22773314639926, "completed_utc": "2026-09-07T09:43:19.624551+00:00"}
