"PASS: ""authorized local coefficient execution"
"PASS: ""bound complete local source"
"PASS: ""pinned local coefficient input .cluster/s02_execute.py"
"PASS: ""pinned local coefficient input Hgg/s05_result/s05_metadata.wl"
"PASS: ""pinned local coefficient input Hgg/s05_result/s05_result.wl"
"PASS: ""pinned local coefficient input Hqqprime/s08_cancel_denominator_result/s08_result.wl"
"PASS: ""pinned local coefficient input Hqqprime/s08_streamed_result/s08_execution.json"
"PASS: ""pinned local coefficient input Hqqprime/s08_streamed_result/s08_result.wl"
"PASS: ""pinned local coefficient input cache/s08_coefficient_check/5f814c41b2ea52650d1f94ce8379c9b37f7b551f6b6020ca41c440a024093df4/s08_raw_map.wl"
"PASS: ""pinned local coefficient input common/s06_result/s06_result.wl"
"PASS: ""pinned local coefficient input common/s08_extend_real_reduction.wls"
"PASS: ""pinned local coefficient input common/s08_inputs.json"
"PASS: ""pinned local coefficient input common/s08_map_real_spin.wls"
"PASS: ""pinned local coefficient input common/s08_map_real_spin_compact_inputs.wls"
"PASS: ""pinned local coefficient input common/s08_map_real_spin_streamed.wls"
"PASS: ""pinned local coefficient input common/s08_rational_sum_inputs.json"
"PASS: ""pinned local coefficient input common/s08_result/reference/s03_real_families.wl"
"PASS: ""pinned local coefficient input common/s08_result/reference/s08_map_real_spin_before_known_denominator.wls"
"PASS: ""pinned local coefficient input common/s08_result/reference/s11_real_master_coefficients.wl"
"PASS: ""pinned local coefficient input misc/s08_collect_Hgg_targets.wls"
"PASS: ""pinned local coefficient input misc/s08_inputs.json"
"PASS: ""pinned local coefficient input misc/s08_result/s08_execution.json"
"PASS: ""pinned local coefficient input misc/s08_result/s08_result.wl"
"PASS: ""pinned local coefficient input misc/s09_inputs.json"
"PASS: ""pinned local coefficient input misc/s09_reduce_Hgg_targets.wls"
"PASS: ""pinned local coefficient input misc/s09_result/s09_execution.json"
"PASS: ""pinned local coefficient input misc/s09_result/s09_reduction.wl"
"PASS: ""pinned local coefficient input misc/s10_interface_review.json"
"PASS: ""pinned local coefficient input misc/s10_source_changes.json"
"PASS: ""accepted local component storage"
"PASS: ""accepted local upstream receipt misc/s08_result/s08_execution.json"
"PASS: ""accepted local upstream receipt misc/s09_result/s09_execution.json"
"PASS: ""complete source syntax"
"PASS: ""unchanged streamed baseline"
"PASS: ""pinned original mapper"
"PASS: ""unchanged mapping functions"
"PASS: ""accepted real spin input"
"PASS: ""accepted scalar reuse library"
"PASS: ""s02 unchanged scalar input"
"PASS: ""s04 unchanged scalar input"
"PASS: ""accepted geometry and reduction"
"PASS: ""same cut momenta"
"PASS: ""same positive-energy support"
"PASS: ""unique loop-coordinate conversion"
"PASS: ""all scalar products reconstruct"
"PASS: ""coordinate change preserves measured transverse constraint"
"PASS: ""pinned GitHub coefficient assembly"
"PASS: ""unchanged GitHub coefficient loop"
"PASS: ""pinned unchanged coefficient implementation"
"PASS: ""same original task inventory"
"PASS: ""same original bookkeeping"
"PASS: ""unique saved reduction targets"
"PASS: ""pinned previous production mapper"
"PASS: ""pinned complete rational-sum validation"
"PASS: ""accepted complete rational-sum validation"
"PASS: ""executed rational-sum definitions"
"PASS: ""accepted coefficient control raw-map identity"
"PASS: ""accepted coefficient control reconstruction"
"PASS: ""validation used these original reduction rules"
"PASS: ""accepted real reduction extension"
"PASS: ""real reduction extension original input identities"
"PASS: ""real reduction extension source identity"
"PASS: ""real reduction extension retains original masters and cuts"
"PASS: ""unique extended reduction targets"
"PASS: ""accepted complete raw-target map"
"PASS: ""raw-target map identical physical inputs"
"PASS: ""raw-target component ordering"
"PASS: ""accepted streamed numerator receipt"
"PASS: ""accepted streamed numerator comparison"
"PASS: ""streamed numerator comparison source binding"
"PASS: ""streamed numerator comparison native versions"
"PASS: ""streamed numerator preserves accepted original equations"
"PASS: ""executed supported-factor cancellation installed"
"PASS: ""executed streamed numerator definition installed"
"PASS: ""compact workers require complete accepted raw map"
"PASS: ""compact tasks preserve complete component metadata"
"PASS: ""compact tasks preserve original zero-input values"
"PASS: ""every omitted value has executed nonempty reconstruction checks"
"PASS: ""complete downstream spin metadata"
"PASS: ""compact spin metadata exact equality"
"S08_COMPACT_INPUTS "InputForm[<|"TaskBytesBefore" -> 68176, "SpinBytesBefore" -> 8468480, "MemoryBefore" -> 295742736, "TaskBytesAfter" -> 65040, "SpinBytesAfter" -> 3728, "MemoryAfter" -> 288772920, "RetainedValuePositions" -> {}|>]
"PASS: ""exact saved raw file"
"PASS: ""raw reader returns complete original record"
"PASS: ""actual Hgg comparison masters are accepted"
"ACTUAL_REFERENCE_INPUT "InputForm[<|"Component" -> 1, "Master" -> CutIntegral["R01", {1, 1, 0, 0}], "TermCount" -> 406, "Bytes" -> 226697016|>]
"ACTUAL_SMALLEST_INPUT "InputForm[-(((-4 + D)*(-2 + D)*(-60 + 32*D - 4*D^2)*eq^2*Q^2*(-1 + SUNN)*(1 + SUNN)*(Q^2*s23 + s*t)^2)/((-3 + D)*(-1 + D)*(Q^2 + s)*SUNN*(Q^2 + s - s23 + t)^2*((-6 + D)*Q^2*s23^2 + (6 - D)*s^2*t + s23*((6 - D)*Q^2*s + (-6 + D)*s*t))))]
"PASS: ""rational polynomial variables accepted_reference_control"
"PASS: ""unassigned polynomial transfer variables accepted_reference_control"
"PASS: ""exact exported denominator accepted_reference_control"
"PASS: ""exact native polynomial text accepted_reference_control"
"PASS: ""rational polynomial variables Hgg_component_1_first_master"
"PASS: ""unassigned polynomial transfer variables Hgg_component_1_first_master"
"PASS: ""exact exported denominator Hgg_component_1_first_master"
"PASS: ""exact native polynomial text Hgg_component_1_first_master"
"PASS: ""exact native JSON input round trip"
"EXACT_POLYNOMIAL_INPUT_READY "31857967
"EXACT_POLYNOMIAL_SUM accepted_reference_control 2 2 0.001\nEXACT_POLYNOMIAL_SUM Hgg_component_1_first_master 16 406 20.327\nEXACT_POLYNOMIAL_SUM Hgg_component_1_first_master 32 406 25.302\nEXACT_POLYNOMIAL_SUM Hgg_component_1_first_master 48 406 31.207\nEXACT_POLYNOMIAL_SUM Hgg_component_1_first_master 64 406 36.33\nEXACT_POLYNOMIAL_SUM Hgg_component_1_first_master 80 406 41.78\nEXACT_POLYNOMIAL_SUM Hgg_component_1_first_master 96 406 47.878\nEXACT_POLYNOMIAL_SUM Hgg_component_1_first_master 112 406 54.121\nEXACT_POLYNOMIAL_SUM Hgg_component_1_first_master 128 406 59.66\nEXACT_POLYNOMIAL_SUM Hgg_component_1_first_master 144 406 65.417\nEXACT_POLYNOMIAL_SUM Hgg_component_1_first_master 160 406 71.147\nEXACT_POLYNOMIAL_SUM Hgg_component_1_first_master 176 406 77.037\nEXACT_POLYNOMIAL_SUM Hgg_component_1_first_master 192 406 82.651\nEXACT_POLYNOMIAL_SUM Hgg_component_1_first_master 208 406 88.692\nEXACT_POLYNOMIAL_SUM Hgg_component_1_first_master 224 406 93.133\nEXACT_POLYNOMIAL_SUM Hgg_component_1_first_master 240 406 98.536\nEXACT_POLYNOMIAL_SUM Hgg_component_1_first_master 256 406 103.617\nEXACT_POLYNOMIAL_SUM Hgg_component_1_first_master 272 406 106.743\nEXACT_POLYNOMIAL_SUM Hgg_component_1_first_master 288 406 111.616\nEXACT_POLYNOMIAL_SUM Hgg_component_1_first_master 304 406 115.932\nEXACT_POLYNOMIAL_SUM Hgg_component_1_first_master 320 406 120.62\nEXACT_POLYNOMIAL_SUM Hgg_component_1_first_master 336 406 124.743\nEXACT_POLYNOMIAL_SUM Hgg_component_1_first_master 352 406 128.409\nEXACT_POLYNOMIAL_SUM Hgg_component_1_first_master 368 406 131.528\nEXACT_POLYNOMIAL_SUM Hgg_component_1_first_master 384 406 135.983\nEXACT_POLYNOMIAL_SUM Hgg_component_1_first_master 400 406 138.975\nEXACT_POLYNOMIAL_SUM Hgg_component_1_first_master 406 406 140.34\nPASS: exact polynomial comparison backend\n"
""
"PASS: ""exact polynomial backend completed"
"PASS: ""exact polynomial backend identity"
"PASS: ""exact polynomial reconstruction accepted_reference_control"
"PASS: ""exact polynomial reconstruction Hgg_component_1_first_master"
"PASS: ""native accepted reference coefficient equality"
"PASS: ""compressed scalar map below file bound"
"PASS: ""compressed scalar map exact round trip"
"PASS: isolated exact polynomial comparison"
