MONITOR_START job=14689542 host=n7407 kernel_pid=143344

Explicit::shdw: Symbol Explicit appears in multiple contexts {FeynCalc`, Global`}; definitions in context FeynCalc` may shadow or be shadowed by other definitions.

DiracGamma::shdw: Symbol DiracGamma appears in multiple contexts {FeynCalc`, Global`}; definitions in context FeynCalc` may shadow or be shadowed by other definitions.

Pair::shdw: Symbol Pair appears in multiple contexts {FeynCalc`, Global`}; definitions in context FeynCalc` may shadow or be shadowed by other definitions.

Polarization::shdw: Symbol Polarization appears in multiple contexts {FeynCalc`, Global`}; definitions in context FeynCalc` may shadow or be shadowed by other definitions.

SP::shdw: Symbol SP appears in multiple contexts {FeynCalc`, Global`}; definitions in context FeynCalc` may shadow or be shadowed by other definitions.

SPD::shdw: Symbol SPD appears in multiple contexts {FeynCalc`, Global`}; definitions in context FeynCalc` may shadow or be shadowed by other definitions.

Spinor::shdw: Symbol Spinor appears in multiple contexts {FeynCalc`, Global`}; definitions in context FeynCalc` may shadow or be shadowed by other definitions.

SUNTF::shdw: Symbol SUNTF appears in multiple contexts {FeynCalc`, Global`}; definitions in context FeynCalc` may shadow or be shadowed by other definitions.

DiracTraceEvaluate::shdw: Symbol DiracTraceEvaluate appears in multiple contexts {FeynCalc`, Global`}; definitions in context FeynCalc` may shadow or be shadowed by other definitions.

ExtraFactor::shdw: Symbol ExtraFactor appears in multiple contexts {FeynCalc`, Global`}; definitions in context FeynCalc` may shadow or be shadowed by other definitions.

SUNNToCACF::shdw: Symbol SUNNToCACF appears in multiple contexts {FeynCalc`, Global`}; definitions in context FeynCalc` may shadow or be shadowed by other definitions.

VirtualBoson::shdw: Symbol VirtualBoson appears in multiple contexts {FeynCalc`, Global`}; definitions in context FeynCalc` may shadow or be shadowed by other definitions.

Contract::shdw: Symbol Contract appears in multiple contexts {FeynCalc`, Global`}; definitions in context FeynCalc` may shadow or be shadowed by other definitions.

ExpandScalarProduct::shdw: Symbol ExpandScalarProduct appears in multiple contexts {FeynCalc`, Global`}; definitions in context FeynCalc` may shadow or be shadowed by other definitions.

FCClearScalarProducts::shdw: Symbol FCClearScalarProducts appears in multiple contexts {FeynCalc`, Global`}; definitions in context FeynCalc` may shadow or be shadowed by other definitions.

DiracSimplify::shdw: Symbol DiracSimplify appears in multiple contexts {FeynCalc`, Global`}; definitions in context FeynCalc` may shadow or be shadowed by other definitions.

DiracTrace::shdw: Symbol DiracTrace appears in multiple contexts {FeynCalc`, Global`}; definitions in context FeynCalc` may shadow or be shadowed by other definitions.

SUNSimplify::shdw: Symbol SUNSimplify appears in multiple contexts {FeynCalc`, Global`}; definitions in context FeynCalc` may shadow or be shadowed by other definitions.

FeynAmpDenominatorExplicit::shdw: Symbol FeynAmpDenominatorExplicit appears in multiple contexts {FeynCalc`, Global`}; definitions in context FeynCalc` may shadow or be shadowed by other definitions.

ComplexConjugate::shdw: Symbol ComplexConjugate appears in multiple contexts {FeynCalc`, Global`}; definitions in context FeynCalc` may shadow or be shadowed by other definitions.

DoPolarizationSums::shdw: Symbol DoPolarizationSums appears in multiple contexts {FeynCalc`, Global`}; definitions in context FeynCalc` may shadow or be shadowed by other definitions.

FermionSpinSum::shdw: Symbol FermionSpinSum appears in multiple contexts {FeynCalc`, Global`}; definitions in context FeynCalc` may shadow or be shadowed by other definitions.

SMP::shdw: Symbol SMP appears in multiple contexts {FeynCalc`, Global`}; definitions in context FeynCalc` may shadow or be shadowed by other definitions.
"PASS: ""S01 source identity"
"PASS: ""S02 source identity"
"PASS: ""S03 source identity"
"PASS: ""S05 source identity"
"PASS: ""S06 source identity"
"Full same-flavor amplitude contraction ""Pg"
MONITOR_HEARTBEAT elapsed=31s rss=211.3MiB peak=211.3MiB
MONITOR_HEARTBEAT elapsed=61s rss=231.3MiB peak=231.3MiB
MONITOR_HEARTBEAT elapsed=91s rss=234.0MiB peak=234.0MiB
MONITOR_HEARTBEAT elapsed=121s rss=234.7MiB peak=234.7MiB
MONITOR_HEARTBEAT elapsed=152s rss=254.7MiB peak=254.7MiB
MONITOR_HEARTBEAT elapsed=182s rss=312.4MiB peak=313.6MiB
MONITOR_HEARTBEAT elapsed=212s rss=298.0MiB peak=330.0MiB
MONITOR_HEARTBEAT elapsed=242s rss=362.9MiB peak=363.6MiB
MONITOR_HEARTBEAT elapsed=272s rss=388.0MiB peak=388.0MiB
MONITOR_HEARTBEAT elapsed=303s rss=364.3MiB peak=398.9MiB
MONITOR_HEARTBEAT elapsed=333s rss=369.8MiB peak=412.5MiB
MONITOR_HEARTBEAT elapsed=363s rss=406.9MiB peak=419.7MiB
MONITOR_HEARTBEAT elapsed=394s rss=408.5MiB peak=419.7MiB
MONITOR_HEARTBEAT elapsed=424s rss=374.4MiB peak=419.7MiB
"PASS: ""full same-flavor contraction is scalar"
MONITOR_HEARTBEAT elapsed=454s rss=384.1MiB peak=496.5MiB
"Pg"" full-amplitude minus pairwise = "InputForm[0]
"Computing full same-flavor unintegrated leading recoil"
MONITOR_HEARTBEAT elapsed=485s rss=776.7MiB peak=776.7MiB
MONITOR_HEARTBEAT elapsed=515s rss=775.0MiB peak=776.8MiB
MONITOR_HEARTBEAT elapsed=545s rss=779.7MiB peak=779.7MiB
MONITOR_HEARTBEAT elapsed=576s rss=783.0MiB peak=783.0MiB
MONITOR_HEARTBEAT elapsed=606s rss=784.4MiB peak=784.4MiB
MONITOR_HEARTBEAT elapsed=636s rss=784.8MiB peak=784.8MiB
MONITOR_HEARTBEAT elapsed=666s rss=785.0MiB peak=785.0MiB
"Full same-flavor unintegrated leading recoil = "InputForm[0]
"S03_SUCCESS: diagnostic completed; no F hats accepted; peak memory = "729961792
MONITOR_WAKE {"stage": "s03", "source": "s03_check_same_amplitude.wl", "source_sha256": "139d3042ed4eec136f8db58fb1dc98ee456700a7134e70c4c29da7abf6bdb131", "job_id": "14689542", "host": "n7407", "exit_code": 0, "success_marker": true, "accepted_execution": true, "guard": null, "peak_rss_bytes": 823173120, "elapsed_seconds": 691.2899564057589, "completed_utc": "2026-09-06T19:27:48.587566+00:00"}
