MONITOR_START job=14689563 host=n7441 kernel_pid=112253
"PASS: ""S05 source identity"
"PASS: ""S06 source identity"
"PASS: ""massive denominator has no integration-domain zero"
"From remote kernel:"
"\"Direct mixed angular integration \"InputForm[{\"ML\", 1, -2}]\n"
"From remote kernel:"
"\"Direct mixed angular integration \"InputForm[{\"ML\", 1, -1}]\n"
"From remote kernel:"
"\"Direct mixed angular integration \"InputForm[{\"ML\", 1, 0}]\n"
"From remote kernel:"
"\"Direct mixed angular integration \"InputForm[{\"ML\", 1, -3}]\n"
"From remote kernel:"
"\"Direct mixed angular integration \"InputForm[{\"ML\", 2, -2}]\n"
"From remote kernel:"
"\"Direct mixed angular integration \"InputForm[{\"ML\", 2, -1}]\n"
"From remote kernel:"
"\"Direct mixed angular integration \"InputForm[{\"ML\", 2, 0}]\n"
"From remote kernel:"
"\"Direct mixed angular integration \"InputForm[{\"ML\", 2, -4}]\n"
"From remote kernel:"
"\"Direct polar integral \"InputForm[{\"ML\", 1, 0}]\" epsilon order \"0\n"
"From remote kernel:"
"\"Direct polar integral \"InputForm[{\"ML\", 2, 0}]\" epsilon order \"0\n"
"From remote kernel:"
"\"Mixed moment \"InputForm[{\"ML\", 2, 0}]\" order \"0\" difference = \"InputForm[0]\n"
"From remote kernel:"
"\"Mixed moment \"InputForm[{\"ML\", 1, 0}]\" order \"0\" difference = \"InputForm[0]\n"
"From remote kernel:"
"\"Direct polar integral \"InputForm[{\"ML\", 2, 0}]\" epsilon order \"1\n"
"From remote kernel:"
"\"Direct polar integral \"InputForm[{\"ML\", 1, 0}]\" epsilon order \"1\n"
"From remote kernel:"
"\"Direct polar integral \"InputForm[{\"ML\", 1, -1}]\" epsilon order \"0\n"
"From remote kernel:"
"\"Direct polar integral \"InputForm[{\"ML\", 2, -1}]\" epsilon order \"0\n"
"From remote kernel:"
"\"Mixed moment \"InputForm[{\"ML\", 2, -1}]\" order \"0\" difference = \"InputForm[0]\n"
"From remote kernel:"
"\"Direct polar integral \"InputForm[{\"ML\", 2, -1}]\" epsilon order \"1\n"
"From remote kernel:"
"\"Mixed moment \"InputForm[{\"ML\", 1, -1}]\" order \"0\" difference = \"InputForm[0]\n"
"From remote kernel:"
"\"Direct polar integral \"InputForm[{\"ML\", 1, -1}]\" epsilon order \"1\n"
"From remote kernel:"
"\"Direct polar integral \"InputForm[{\"ML\", 2, -2}]\" epsilon order \"0\n"
"From remote kernel:"
"\"Direct polar integral \"InputForm[{\"ML\", 1, -2}]\" epsilon order \"0\n"
"From remote kernel:"
"\"Mixed moment \"InputForm[{\"ML\", 1, -2}]\" order \"0\" difference = \"InputForm[0]\n"
"From remote kernel:"
"\"Direct polar integral \"InputForm[{\"ML\", 1, -2}]\" epsilon order \"1\n"
"From remote kernel:"
"\"Mixed moment \"InputForm[{\"ML\", 2, -2}]\" order \"0\" difference = \"InputForm[0]\n"
"From remote kernel:"
"\"Direct polar integral \"InputForm[{\"ML\", 2, -2}]\" epsilon order \"1\n"
"From remote kernel:"
"\"Mixed moment \"InputForm[{\"ML\", 1, -1}]\" order \"1\" difference = \"InputForm[0]\n"
"From remote kernel:"
"\"Direct mixed angular integration \"InputForm[{\"ML\", 2, -3}]\n"
"From remote kernel:"
"\"Mixed moment \"InputForm[{\"ML\", 2, -1}]\" order \"1\" difference = \"InputForm[(c*Pi*(Pi^2 - 2*ArcCoth[d]*Log[64] + 3*((-4*I)*Pi + 3*Log[-1 + d] + Log[1 + d])*Log[(1 + d)/Sqrt[-1 + d^2]] - 3*PolyLog[2, -2/(-1 + d)] + 3*PolyLog[2, 2/(1 + d)] - 6*PolyLog[2, (1 + d)/(-1 + d)]))/3]\n"
"From remote kernel:"
"\"Direct mixed angular integration \"InputForm[{\"ML\", 1, -4}]\n"
MONITOR_HEARTBEAT elapsed=31s rss=2614.4MiB peak=2625.8MiB
MONITOR_HEARTBEAT elapsed=61s rss=2727.1MiB peak=2727.7MiB
MONITOR_HEARTBEAT elapsed=91s rss=2738.8MiB peak=2738.8MiB
MONITOR_HEARTBEAT elapsed=121s rss=2754.8MiB peak=2754.8MiB
MONITOR_HEARTBEAT elapsed=152s rss=2777.5MiB peak=2782.0MiB
"From remote kernel:"
"\"Mixed moment \"InputForm[{\"ML\", 2, 0}]\" order \"1\" difference = \"InputForm[0]\n"
MONITOR_HEARTBEAT elapsed=182s rss=2866.4MiB peak=2866.4MiB
MONITOR_HEARTBEAT elapsed=212s rss=2854.9MiB peak=2900.3MiB
"From remote kernel:"
"\"Mixed moment \"InputForm[{\"ML\", 1, 0}]\" order \"1\" difference = \"InputForm[0]\n"
MONITOR_HEARTBEAT elapsed=243s rss=2927.2MiB peak=2940.7MiB
