"PASS: ""all assembly inputs exist"
"PASS: ""Pg ordinary real-distribution reconstruction, branch 1"
"PASS: ""Pg ordinary real-distribution reconstruction, branch -1"
"PASS: ""Ppp ordinary real-distribution reconstruction, branch 1"
"PASS: ""Ppp ordinary real-distribution reconstruction, branch -1"
"Assemble ""Pg"" "1" ""L1""; memory = "209734728
"PASS: ""combined input is a Laurent polynomial in the common regulator"
"PASS: ""finite contraction has no regulator or unresolved integral"
"Assemble ""Pg"" "1" ""L0""; memory = "209738200
"PASS: ""combined input is a Laurent polynomial in the common regulator"
"PASS: ""Pg 1 L0 IR -1"
"PASS: ""finite contraction has no regulator or unresolved integral"
"Assemble ""Pg"" "1" ""Regular""; memory = "209803000
"PASS: ""combined input is a Laurent polynomial in the common regulator"
"PASS: ""Pg 1 Regular IR -1"
"PASS: ""finite contraction has no regulator or unresolved integral"
"Assemble ""Pg"" "1" ""Delta""; memory = "1111230736
"PASS: ""combined input is a Laurent polynomial in the common regulator"
"PASS: ""Pg 1 Delta IR -2"
"PASS: ""Pg 1 Delta IR -1"
"PASS: ""finite contraction has no regulator or unresolved integral"
"Assemble ""Pg"" "-1" ""L1""; memory = "1105977128
"PASS: ""combined input is a Laurent polynomial in the common regulator"
"PASS: ""finite contraction has no regulator or unresolved integral"
"Assemble ""Pg"" "-1" ""L0""; memory = "1105979144
"PASS: ""combined input is a Laurent polynomial in the common regulator"
"PASS: ""Pg -1 L0 IR -1"
"PASS: ""finite contraction has no regulator or unresolved integral"
"Assemble ""Pg"" "-1" ""Regular""; memory = "1106075000
"PASS: ""combined input is a Laurent polynomial in the common regulator"
"PASS: ""Pg -1 Regular IR -1"
"PASS: ""finite contraction has no regulator or unresolved integral"
"Assemble ""Pg"" "-1" ""Delta""; memory = "1842888576
"PASS: ""combined input is a Laurent polynomial in the common regulator"
"PASS: ""Pg -1 Delta IR -2"
"PASS: ""Pg -1 Delta IR -1"
"PASS: ""finite contraction has no regulator or unresolved integral"
"Assemble ""Ppp"" "1" ""L1""; memory = "1791688456
"PASS: ""combined input is a Laurent polynomial in the common regulator"
"PASS: ""finite contraction has no regulator or unresolved integral"
"Assemble ""Ppp"" "1" ""L0""; memory = "1791689656
"PASS: ""combined input is a Laurent polynomial in the common regulator"
"PASS: ""Ppp 1 L0 IR -1"
"PASS: ""finite contraction has no regulator or unresolved integral"
"Assemble ""Ppp"" "1" ""Regular""; memory = "1791388720
