"S05_START ""export"
"S05_PREPARE ""Hgq_v3_F1hat_LODelta_1"" leaves="96
"S05_COMPACT_RATIONAL ""F1hat_LODelta"" leaves="56
"S05_OPTIMIZE ""Hgq_v3_F1hat_LODelta_1"" leaves="56
"S05_EXPORTED ""Hgq_v3_F1hat_LODelta_1"" optimized="64
"S05_PREPARE ""Hgq_v3_F1hat_L1_1"" leaves="2428
"S05_COMPACT_RATIONAL ""F1hat_L1"" leaves="58
"S05_OPTIMIZE ""Hgq_v3_F1hat_L1_1"" leaves="58
"S05_EXPORTED ""Hgq_v3_F1hat_L1_1"" optimized="66
"S05_PREPARE ""Hgq_v3_F1hat_L0_1"" leaves="1587851
"S05_COMPACT_START ""F1hat_L0"" atoms="13" leaves="669565
"S05_COEFFICIENT_START ""F1hat_L0"" "1" leaves="336923
"S05_COEFFICIENT_START ""F1hat_L0"" "2" leaves="5116
"S05_COEFFICIENT_START ""F1hat_L0"" "3" leaves="201
"S05_COEFFICIENT_START ""F1hat_L0"" "4" leaves="2531
"S05_COEFFICIENT_START ""F1hat_L0"" "5" leaves="205
"S05_COEFFICIENT_START ""F1hat_L0"" "6" leaves="2451
"S05_COEFFICIENT_START ""F1hat_L0"" "7" leaves="1589
"S05_COEFFICIENT_START ""F1hat_L0"" "8" leaves="59
"S05_COEFFICIENT_START ""F1hat_L0"" "9" leaves="4974
"S05_COEFFICIENT_START ""F1hat_L0"" "10" leaves="14047
"S05_COEFFICIENT_START ""F1hat_L0"" "11" leaves="4804
"S05_COEFFICIENT_START ""F1hat_L0"" "12" leaves="146
"S05_COEFFICIENT_START ""F1hat_L0"" "13" leaves="14
"S05_COEFFICIENT_START ""F1hat_L0"" "14" leaves="182025
"S05_COMPACT_DONE ""F1hat_L0"" rational_checks="14" leaves="2731
"S05_OPTIMIZE ""Hgq_v3_F1hat_L0_1"" leaves="2731
"S05_EXPORTED ""Hgq_v3_F1hat_L0_1"" optimized="1639
"S05_PREPARE ""Hgq_v3_F1hat_Regular_1"" leaves="3971025
"S05_COMPACT_START ""F1hat_Regular"" atoms="27" leaves="1962479
"S05_COEFFICIENT_START ""F1hat_Regular"" "1" leaves="1412958
"S05_FATAL ""rational coefficient time limit F1hat_Regular"
