S07_TRANSLATE Hqq_v2_F1Hat_LODelta_1
S07_CHECKED Hqq_v2_F1Hat_LODelta_1 operations 91 passed True
S07_TRANSLATE Hqq_v2_F1Hat_Delta_1
S07_CHECKED Hqq_v2_F1Hat_Delta_1 operations 132398 passed True
S07_TRANSLATE Hqq_v2_F1Hat_L0_1
S07_CHECKED Hqq_v2_F1Hat_L0_1 operations 481 passed True
S07_TRANSLATE Hqq_v2_F1Hat_L1_1
S07_CHECKED Hqq_v2_F1Hat_L1_1 operations 77 passed True
S07_TRANSLATE Hqq_v2_F1Hat_Regular_1
S07_CHECKED Hqq_v2_F1Hat_Regular_1 operations 336728 passed True
S07_TRANSLATE Hqq_v2_F1Hat_LODelta_m1
S07_CHECKED Hqq_v2_F1Hat_LODelta_m1 operations 91 passed True
S07_TRANSLATE Hqq_v2_F1Hat_Delta_m1
S07_CHECKED Hqq_v2_F1Hat_Delta_m1 operations 132512 passed True
S07_TRANSLATE Hqq_v2_F1Hat_L0_m1
S07_CHECKED Hqq_v2_F1Hat_L0_m1 operations 481 passed True
S07_TRANSLATE Hqq_v2_F1Hat_L1_m1
S07_CHECKED Hqq_v2_F1Hat_L1_m1 operations 77 passed True
S07_TRANSLATE Hqq_v2_F1Hat_Regular_m1
S07_CHECKED Hqq_v2_F1Hat_Regular_m1 operations 336739 passed True
S07_TRANSLATE Hqq_v2_F2Hat_LODelta_1
S07_CHECKED Hqq_v2_F2Hat_LODelta_1 operations 91 passed True
S07_TRANSLATE Hqq_v2_F2Hat_Delta_1
S07_CHECKED Hqq_v2_F2Hat_Delta_1 operations 132403 passed True
S07_TRANSLATE Hqq_v2_F2Hat_L0_1
S07_CHECKED Hqq_v2_F2Hat_L0_1 operations 524 passed True
S07_TRANSLATE Hqq_v2_F2Hat_L1_1
S07_CHECKED Hqq_v2_F2Hat_L1_1 operations 83 passed True
S07_TRANSLATE Hqq_v2_F2Hat_Regular_1
S07_CHECKED Hqq_v2_F2Hat_Regular_1 operations 336725 passed True
S07_TRANSLATE Hqq_v2_F2Hat_LODelta_m1
S07_CHECKED Hqq_v2_F2Hat_LODelta_m1 operations 91 passed True
S07_TRANSLATE Hqq_v2_F2Hat_Delta_m1
S07_CHECKED Hqq_v2_F2Hat_Delta_m1 operations 132517 passed True
S07_TRANSLATE Hqq_v2_F2Hat_L0_m1
S07_CHECKED Hqq_v2_F2Hat_L0_m1 operations 524 passed True
S07_TRANSLATE Hqq_v2_F2Hat_L1_m1
S07_CHECKED Hqq_v2_F2Hat_L1_m1 operations 83 passed True
S07_TRANSLATE Hqq_v2_F2Hat_Regular_m1
S07_CHECKED Hqq_v2_F2Hat_Regular_m1 operations 336736 passed True
S07_TRANSLATE Hgg_F1Hat_Regular_1
S07_CHECKED Hgg_F1Hat_Regular_1 operations 51752 passed True
S07_TRANSLATE Hgg_F1Hat_Regular_m1
S07_CHECKED Hgg_F1Hat_Regular_m1 operations 51752 passed True
S07_TRANSLATE Hgg_F2Hat_Regular_1
S07_CHECKED Hgg_F2Hat_Regular_1 operations 52117 passed True
S07_TRANSLATE Hgg_F2Hat_Regular_m1
S07_CHECKED Hgg_F2Hat_Regular_m1 operations 52117 passed True
S07_TRANSLATE Hqqbar_F1Hat_Regular_1
S07_CHECKED Hqqbar_F1Hat_Regular_1 operations 23764 passed True
S07_TRANSLATE Hqqbar_F1Hat_Regular_m1
S07_CHECKED Hqqbar_F1Hat_Regular_m1 operations 23764 passed True
S07_TRANSLATE Hqqbar_F2Hat_Regular_1
S07_CHECKED Hqqbar_F2Hat_Regular_1 operations 23802 passed True
S07_TRANSLATE Hqqbar_F2Hat_Regular_m1
S07_CHECKED Hqqbar_F2Hat_Regular_m1 operations 23802 passed True
S07_TRANSLATE Hqqprime_F1Hat_IncomingChargeSquared_Regular_1
S07_CHECKED Hqqprime_F1Hat_IncomingChargeSquared_Regular_1 operations 4956 passed True
S07_TRANSLATE Hqqprime_F1Hat_IncomingChargeSquared_Regular_m1
S07_CHECKED Hqqprime_F1Hat_IncomingChargeSquared_Regular_m1 operations 4956 passed True
S07_TRANSLATE Hqqprime_F1Hat_PrimeChargeSquared_Regular_1
S07_CHECKED Hqqprime_F1Hat_PrimeChargeSquared_Regular_1 operations 7810 passed True
S07_TRANSLATE Hqqprime_F1Hat_PrimeChargeSquared_Regular_m1
S07_CHECKED Hqqprime_F1Hat_PrimeChargeSquared_Regular_m1 operations 7810 passed True
S07_TRANSLATE Hqqprime_F1Hat_MixedIncomingPrimeCharge_Regular_1
S07_CHECKED Hqqprime_F1Hat_MixedIncomingPrimeCharge_Regular_1 operations 21850 passed True
S07_TRANSLATE Hqqprime_F1Hat_MixedIncomingPrimeCharge_Regular_m1
S07_CHECKED Hqqprime_F1Hat_MixedIncomingPrimeCharge_Regular_m1 operations 21850 passed True
S07_TRANSLATE Hqqprime_F2Hat_IncomingChargeSquared_Regular_1
S07_CHECKED Hqqprime_F2Hat_IncomingChargeSquared_Regular_1 operations 4962 passed True
S07_TRANSLATE Hqqprime_F2Hat_IncomingChargeSquared_Regular_m1
S07_CHECKED Hqqprime_F2Hat_IncomingChargeSquared_Regular_m1 operations 4962 passed True
S07_TRANSLATE Hqqprime_F2Hat_PrimeChargeSquared_Regular_1
S07_CHECKED Hqqprime_F2Hat_PrimeChargeSquared_Regular_1 operations 7811 passed True
S07_TRANSLATE Hqqprime_F2Hat_PrimeChargeSquared_Regular_m1
S07_CHECKED Hqqprime_F2Hat_PrimeChargeSquared_Regular_m1 operations 7811 passed True
S07_TRANSLATE Hqqprime_F2Hat_MixedIncomingPrimeCharge_Regular_1
S07_CHECKED Hqqprime_F2Hat_MixedIncomingPrimeCharge_Regular_1 operations 21900 passed True
S07_TRANSLATE Hqqprime_F2Hat_MixedIncomingPrimeCharge_Regular_m1
S07_CHECKED Hqqprime_F2Hat_MixedIncomingPrimeCharge_Regular_m1 operations 21900 passed True
S07_TRANSLATE Hgq_v3_F1hat_LODelta_1
S07_CHECKED Hgq_v3_F1hat_LODelta_1 operations 65 passed True
S07_TRANSLATE Hgq_v3_F1hat_L1_1
S07_CHECKED Hgq_v3_F1hat_L1_1 operations 494 passed True
S07_TRANSLATE Hgq_v3_F1hat_L0_1
S07_CHECKED Hgq_v3_F1hat_L0_1 operations 82854 passed True
S07_TRANSLATE Hgq_v3_F1hat_Regular_1
S07_CHECKED Hgq_v3_F1hat_Regular_1 operations 197075 passed True
S07_TRANSLATE Hgq_v3_F1hat_Delta_1
S07_CHECKED Hgq_v3_F1hat_Delta_1 operations 865369 passed True
S07_TRANSLATE Hgq_v3_F1hat_LODelta_m1
S07_CHECKED Hgq_v3_F1hat_LODelta_m1 operations 65 passed True
S07_TRANSLATE Hgq_v3_F1hat_L1_m1
S07_CHECKED Hgq_v3_F1hat_L1_m1 operations 494 passed True
S07_TRANSLATE Hgq_v3_F1hat_L0_m1
S07_CHECKED Hgq_v3_F1hat_L0_m1 operations 81876 passed True
S07_TRANSLATE Hgq_v3_F1hat_Regular_m1
S07_CHECKED Hgq_v3_F1hat_Regular_m1 operations 194544 passed True
S07_TRANSLATE Hgq_v3_F1hat_Delta_m1
S07_CHECKED Hgq_v3_F1hat_Delta_m1 operations 857275 passed True
S07_TRANSLATE Hgq_v3_F2hat_LODelta_1
S07_CHECKED Hgq_v3_F2hat_LODelta_1 operations 66 passed True
S07_TRANSLATE Hgq_v3_F2hat_L1_1
S07_CHECKED Hgq_v3_F2hat_L1_1 operations 494 passed True
S07_TRANSLATE Hgq_v3_F2hat_L0_1
S07_CHECKED Hgq_v3_F2hat_L0_1 operations 82855 passed True
S07_TRANSLATE Hgq_v3_F2hat_Regular_1
S07_CHECKED Hgq_v3_F2hat_Regular_1 operations 197076 passed True
S07_TRANSLATE Hgq_v3_F2hat_Delta_1
S07_CHECKED Hgq_v3_F2hat_Delta_1 operations 865370 passed True
S07_TRANSLATE Hgq_v3_F2hat_LODelta_m1
S07_CHECKED Hgq_v3_F2hat_LODelta_m1 operations 66 passed True
S07_TRANSLATE Hgq_v3_F2hat_L1_m1
S07_CHECKED Hgq_v3_F2hat_L1_m1 operations 494 passed True
S07_TRANSLATE Hgq_v3_F2hat_L0_m1
S07_CHECKED Hgq_v3_F2hat_L0_m1 operations 81877 passed True
S07_TRANSLATE Hgq_v3_F2hat_Regular_m1
S07_CHECKED Hgq_v3_F2hat_Regular_m1 operations 194545 passed True
S07_TRANSLATE Hgq_v3_F2hat_Delta_m1
S07_CHECKED Hgq_v3_F2hat_Delta_m1 operations 857276 passed True
S07_TRANSLATE Hqg_v3_F1_LODelta_1
S07_CHECKED Hqg_v3_F1_LODelta_1 operations 68 passed True
S07_TRANSLATE Hqg_v3_F1_Delta_1
S07_CHECKED Hqg_v3_F1_Delta_1 operations 36401 passed True
S07_TRANSLATE Hqg_v3_F1_L0_1
S07_CHECKED Hqg_v3_F1_L0_1 operations 2183 passed True
S07_TRANSLATE Hqg_v3_F1_L1_1
S07_CHECKED Hqg_v3_F1_L1_1 operations 111 passed True
S07_TRANSLATE Hqg_v3_F1_Regular_1
S07_CHECKED Hqg_v3_F1_Regular_1 operations 29538 passed True
S07_TRANSLATE Hqg_v3_F1_LODelta_m1
S07_CHECKED Hqg_v3_F1_LODelta_m1 operations 68 passed True
S07_TRANSLATE Hqg_v3_F1_Delta_m1
S07_CHECKED Hqg_v3_F1_Delta_m1 operations 36756 passed True
S07_TRANSLATE Hqg_v3_F1_L0_m1
S07_CHECKED Hqg_v3_F1_L0_m1 operations 2184 passed True
S07_TRANSLATE Hqg_v3_F1_L1_m1
S07_CHECKED Hqg_v3_F1_L1_m1 operations 114 passed True
S07_TRANSLATE Hqg_v3_F1_Regular_m1
S07_CHECKED Hqg_v3_F1_Regular_m1 operations 29543 passed True
S07_TRANSLATE Hqg_v3_F2_LODelta_1
S07_CHECKED Hqg_v3_F2_LODelta_1 operations 78 passed True
S07_TRANSLATE Hqg_v3_F2_Delta_1
S07_CHECKED Hqg_v3_F2_Delta_1 operations 36408 passed True
S07_TRANSLATE Hqg_v3_F2_L0_1
S07_CHECKED Hqg_v3_F2_L0_1 operations 2182 passed True
S07_TRANSLATE Hqg_v3_F2_L1_1
S07_CHECKED Hqg_v3_F2_L1_1 operations 114 passed True
S07_TRANSLATE Hqg_v3_F2_Regular_1
S07_CHECKED Hqg_v3_F2_Regular_1 operations 29569 passed True
S07_TRANSLATE Hqg_v3_F2_LODelta_m1
S07_CHECKED Hqg_v3_F2_LODelta_m1 operations 78 passed True
S07_TRANSLATE Hqg_v3_F2_Delta_m1
S07_CHECKED Hqg_v3_F2_Delta_m1 operations 36768 passed True
S07_TRANSLATE Hqg_v3_F2_L0_m1
S07_CHECKED Hqg_v3_F2_L0_m1 operations 2182 passed True
S07_TRANSLATE Hqg_v3_F2_L1_m1
S07_CHECKED Hqg_v3_F2_L1_m1 operations 115 passed True
S07_TRANSLATE Hqg_v3_F2_Regular_m1
S07_CHECKED Hqg_v3_F2_Regular_m1 operations 29575 passed True
S07_PAIRED Hqq_v2_LODelta_1 operations 108
S07_PAIRED Hqq_v2_Delta_1 operations 132620
S07_PAIRED Hqq_v2_L0_1 operations 891
S07_PAIRED Hqq_v2_L1_1 operations 125
S07_PAIRED Hqq_v2_Regular_1 operations 336968
S07_PAIRED Hqq_v2_LODelta_m1 operations 108
S07_PAIRED Hqq_v2_Delta_m1 operations 132734
S07_PAIRED Hqq_v2_L0_m1 operations 891
S07_PAIRED Hqq_v2_L1_m1 operations 125
S07_PAIRED Hqq_v2_Regular_m1 operations 336979
S07_PAIRED Hgg_Regular_1 operations 74192
S07_PAIRED Hgg_Regular_m1 operations 74192
S07_PAIRED Hqqbar_Regular_1 operations 32419
S07_PAIRED Hqqbar_Regular_m1 operations 32419
S07_PAIRED Hqqprime_IncomingChargeSquared_Regular_1 operations 5563
S07_PAIRED Hqqprime_IncomingChargeSquared_Regular_m1 operations 5563
S07_PAIRED Hqqprime_PrimeChargeSquared_Regular_1 operations 8125
S07_PAIRED Hqqprime_PrimeChargeSquared_Regular_m1 operations 8125
S07_PAIRED Hqqprime_MixedIncomingPrimeCharge_Regular_1 operations 25256
S07_PAIRED Hqqprime_MixedIncomingPrimeCharge_Regular_m1 operations 25256
S07_PAIRED Hgq_v3_LODelta_1 operations 80
S07_PAIRED Hgq_v3_L1_1 operations 503
S07_PAIRED Hgq_v3_L0_1 operations 82863
S07_PAIRED Hgq_v3_Regular_1 operations 197084
S07_PAIRED Hgq_v3_Delta_1 operations 865378
S07_PAIRED Hgq_v3_LODelta_m1 operations 80
S07_PAIRED Hgq_v3_L1_m1 operations 503
S07_PAIRED Hgq_v3_L0_m1 operations 81885
S07_PAIRED Hgq_v3_Regular_m1 operations 194553
S07_PAIRED Hgq_v3_Delta_m1 operations 857284
S07_PAIRED Hqg_v3_LODelta_1 operations 90
S07_PAIRED Hqg_v3_Delta_1 operations 42013
S07_PAIRED Hqg_v3_L0_1 operations 2368
S07_PAIRED Hqg_v3_L1_1 operations 132
S07_PAIRED Hqg_v3_Regular_1 operations 33936
S07_PAIRED Hqg_v3_LODelta_m1 operations 90
S07_PAIRED Hqg_v3_Delta_m1 operations 42423
S07_PAIRED Hqg_v3_L0_m1 operations 2374
S07_PAIRED Hqg_v3_L1_m1 operations 134
S07_PAIRED Hqg_v3_Regular_m1 operations 33968
S07_SUCCESS all 240
