S09_SMOKE 0 acceptance 0.0 totals [0.0, 0.0]
S09_SMOKE 1 acceptance 0.0 totals [0.0, 0.0]
S09_SMOKE 2 acceptance 0.0 totals [0.0, 0.0]
S09_SMOKE 3 acceptance 0.0 totals [0.0, 0.0]
S09_SMOKE 4 acceptance 0.0 totals [0.0, 0.0]
S09_SMOKE 5 acceptance 0.0 totals [0.0, 0.0]
S09_SMOKE 6 acceptance 0.0 totals [0.0, 0.0]
S09_SMOKE 7 acceptance 1.0 totals [11437.018544557, 9442.45999356462]
S09_SMOKE 8 acceptance 0.0 totals [0.0, 0.0]
S09_SMOKE 9 acceptance 0.0 totals [0.0, 0.0]
S09_SMOKE 10 acceptance 0.0 totals [0.0, 0.0]
S09_SMOKE 11 acceptance 0.0 totals [0.0, 0.0]
S09_SMOKE 12 acceptance 0.0 totals [0.0, 0.0]
S09_SMOKE 13 acceptance 0.0 totals [0.0, 0.0]
S09_SMOKE 14 acceptance 0.5541732361198232 totals [-4755017.966868127, -4006690.879690586]
S09_SMOKE 15 acceptance 0.0 totals [0.0, 0.0]
{
  "status": "SmokePassed",
  "calls": 16,
  "accepted": 2,
  "wall_seconds": 0.38403601499885553,
  "source_sha256": "10edec975eddbe4524582cc9f01c6b53847a8dd539bbb9d485dfd71c8ffbcc62"
}
