S10_PRECISION 0 Hqq_v2 Delta 50 native [-103289806731.49828, -2763219595.2852597, 0.0] output ['-0.013789522885858985596696424845769927936724088013668', '-0.00036899225155368795139122613705008484715957403739984', '0.0'] seconds 0.3301979629904963
S10_PRECISION 0 Hqq_v2 Delta 90 native [-103289806731.49828, -2763219595.2852597, 0.0] output ['-0.013789522885858985588582465773377161122343272257953502700649571529110727365152560941396905', '-0.00036899225155368795117416066453486602455215777676012571720970465608807614208401168165642699', '0.0'] seconds 0.3373439760034671
S10_PRECISION 0 Hqq_v2 Regular 50 native [0.002311186512989164, 6.846284605060946e-05, 0.0] output ['0.0023111865130442202508197309031508890096782471561487', '0.000068462846052645837018312416657666348050572379212449', '0.0'] seconds 0.8665279109991388
S10_PRECISION 0 Hqq_v2 Regular 90 native [0.002311186512989164, 6.846284605060946e-05, 0.0] output ['0.00231118651304422025081973090315088900967825726807768542654865959611944566897770304675775961', '0.0000684628460526458370183124166576663480505726662692206018236246706622692822946042316368035999', '0.0'] seconds 0.8639304299867945
S10_PRECISION 0 Hqq_v2 L0 50 native [0.0028686147000122424, 7.721998496220564e-05, 0.0] output ['0.0028686147000122423871156904914853723500341450100133', '0.000077219984962205637764333765150055291589699240490154', '0.0'] seconds 0.0029051210003672168
S10_PRECISION 0 Hqq_v2 L0 90 native [0.0028686147000122424, 7.721998496220564e-05, 0.0] output ['0.00286861470001224238711569049148537235003414501001321885518228189109949933884796003661748001', '0.0000772199849622056377643337651500552915896992404901542289082497455436694802173690598305974247', '0.0'] seconds 0.0023599730047862977
S10_PRECISION 0 Hgq_v3 Delta 50 native [7.563278962313316e+46, 2.808572348272464e+45, 0.0] output ['9887156755980920137540619950898974520564115.5446543', '264502240388568330832097535769874094742628.0832924', '0.0'] seconds 2.647437676001573
S10_PRECISION 0 Hgq_v3 Delta 90 native [7.563278962313316e+46, 2.808572348272464e+45, 0.0] output ['9887156755980920137540619950791632057520321.84283667518945938125368065161150767369704199495', '264502240388568330832097535757790244406244.086184737670731738228770900191575958559071379987', '0.0'] seconds 2.64842225999746
S10_PRECISION 0 Hgq_v3 Regular 50 native [-0.0005237407980518726, -1.3808463817455055e-05, 0.0] output ['-0.00052374079805408955320682110149263182781102280242589', '-0.00001380846381751195059938566027302491871160551453248', '0.0'] seconds 0.4086424240085762
S10_PRECISION 0 Hgq_v3 Regular 90 native [-0.0005237407980518726, -1.3808463817455055e-05, 0.0] output ['-0.000523740798054089553206821101492631827811022840871847180318012740850410078293609336609074842', '-0.0000138084638175119505993856602730249187116055155245962906679094469881913073760884172498090767', '0.0'] seconds 0.5125121820019558
S10_PRECISION 0 Hgq_v3 L0 50 native [-0.06280786679397116, -0.0017332868669116936, 0.0] output ['-0.062807866792542552312650676364630393237552370155765', '-0.0017332868668748749112692542089672455763092204957656', '0.0'] seconds 0.16193638800177723
S10_PRECISION 0 Hgq_v3 L0 90 native [-0.06280786679397116, -0.0017332868669116936, 0.0] output ['-0.0628078667925425523126506763646303932375523072457146041962461339946144409166163640192307185', '-0.00173328686687487491126925420896724557630921889249173358429431967763559053379569350110200074', '0.0'] seconds 0.19765540299704298
S10_PRECISION 1 Hqq_v2 Delta 50 native [4636692202.987928, 71149229.39715505, 0.0] output ['-0.20056272498884839278699441771404458408351715148312', '-0.0030779269775244548972105698237465704909931416126747', '0.0'] seconds 0.32787889800965786
S10_PRECISION 1 Hqq_v2 Delta 90 native [4636692202.987928, 71149229.39715505, 0.0] output ['-0.200562724988848392787321347625604963425711730870483408371330690004832393155428607043399446', '-0.00307792697752445489721558650595364295146099168269100547496664452609354542568618766733174788', '0.0'] seconds 0.3474271609884454
S10_PRECISION 1 Hqq_v2 Regular 50 native [0.6176696451877097, 0.01191289897837218, 0.0] output ['0.7519918877630864492292407394445858623625932278709', '0.017766602922098078832237340276675513453497344309091', '0.0'] seconds 0.8328907420072937
S10_PRECISION 1 Hqq_v2 Regular 90 native [0.6176696451877097, 0.01191289897837218, 0.0] output ['0.751991887763086449229240739444583562230280435887362314365287250395305550149514930237052192', '0.0177666029220980788322373402766754015551538694238053365456023779700239045605528483659442704', '0.0'] seconds 0.8787142390065128
S10_PRECISION 1 Hqq_v2 L0 50 native [0.019190648113041893, 0.00029458961499258284, 0.0] output ['0.019190648113041892493473026010677706494475202993685', '0.00029458961499258286541465219396488945248765302711613', '0.0'] seconds 0.002448016995913349
S10_PRECISION 1 Hqq_v2 L0 90 native [0.019190648113041893, 0.00029458961499258284, 0.0] output ['0.0191906481130418924934730260106777064944752029936847275721209196681964186099365484046139661', '0.000294589614992582865414652193964889452487653027116127074972029143341364515965999054056905908', '0.0'] seconds 0.0024723790120333433
S10_PRECISION 1 Hgq_v3 Delta 50 native [2.5126637648560977e+43, 3.50606794381764e+41, 0.0] output ['4714850225850617148682680107064599093621.1464436258', '72348550562856665537189213098177468551.314923343999', '0.0'] seconds 2.2344619939976837
S10_PRECISION 1 Hgq_v3 Delta 90 native [2.5126637648560977e+43, 3.50606794381764e+41, 0.0] output ['4714850225850617148682680107685817524371.44946497411277864568203213028136948703931763733603', '72348550562856665537189213084862576230.6362257843055769271028893223970056840456679826337532', '0.0'] seconds 2.4011315209936583
S10_PRECISION 1 Hgq_v3 Regular 50 native [2312.4071181047375, 35.513488999123716, 0.0] output ['-0.11073333955928183952949494684127241341656306057697', '-0.0016742014854867607125010299663278633299514844271065', '0.0'] seconds 0.3701733560010325
S10_PRECISION 1 Hgq_v3 Regular 90 native [2312.4071181047375, 35.513488999123716, 0.0] output ['-0.110733339559281839529494946849381553020739857737130515853538564432099795054342381596352009', '-0.00167420148548676071250102996647516745686297826587163320581183196169488449730610382417291628', '0.0'] seconds 0.4963740709936246
S10_PRECISION 1 Hgq_v3 L0 50 native [-14902.271363281116, -228.53241953245768, 0.0] output ['-1.0320730134019612669482555176911389268872449352782', '-0.015861982413791831229957746113076815030827787578028', '0.0'] seconds 0.1791574649978429
S10_PRECISION 1 Hgq_v3 L0 90 native [-14902.271363281116, -228.53241953245768, 0.0] output ['-1.0320730134019612669482555177748134546674201244125349005834843667761871252716161178208686', '-0.0158619824137918312299577461141455279732381561149774721041757180925555007577045940378711837', '0.0'] seconds 0.1800149379996583
