"S05_WORKERS "8
"kernel 1 (Local):"
"\"S05_TASK_START \"{\"Hqq_v4\", \"F1\", \"1\", \"Hqq_v4_F1_1\"}\n"
"kernel 2 (Local):"
"\"S05_TASK_START \"{\"Hqq_v4\", \"F1\", \"-1\", \"Hqq_v4_F1_-1\"}\n"
"kernel 3 (Local):"
"\"S05_TASK_START \"{\"Hqq_v4\", \"F1\", \"0\", \"Hqq_v4_F1_0\"}\n"
"kernel 4 (Local):"
"\"S05_TASK_START \"{\"Hqq_v4\", \"F2\", \"1\", \"Hqq_v4_F2_1\"}\n"
"kernel 5 (Local):"
"\"S05_TASK_START \"{\"Hqq_v4\", \"F2\", \"-1\", \"Hqq_v4_F2_-1\"}\n"
"kernel 6 (Local):"
"\"S05_TASK_START \"{\"Hqq_v4\", \"F2\", \"0\", \"Hqq_v4_F2_0\"}\n"
"kernel 7 (Local):"
"\"S05_TASK_START \"{\"Hgg_v2\", \"F1\", \"\", \"Hgg_v2_F1\"}\n"
"kernel 8 (Local):"
"\"S05_TASK_START \"{\"Hgg_v2\", \"F2\", \"\", \"Hgg_v2_F2\"}\n"
"kernel 5 (Local):"
"\"S05_START \"\"export\"\n"
"kernel 6 (Local):"
"\"S05_START \"\"export\"\n"
"kernel 2 (Local):"
"\"S05_START \"\"export\"\n"
"kernel 8 (Local):"
"\"S05_START \"\"export\"\n"
"kernel 3 (Local):"
"\"S05_START \"\"export\"\n"
"kernel 1 (Local):"
"\"S05_START \"\"export\"\n"
"kernel 4 (Local):"
"\"S05_START \"\"export\"\n"
"kernel 7 (Local):"
"\"S05_START \"\"export\"\n"
"kernel 8 (Local):"
"\"S05_PREPARE \"\"Hgg_v2_F2_Regular_1\"\" leaves=\"158002\n"
"kernel 7 (Local):"
"\"S05_PREPARE \"\"Hgg_v2_F1_Regular_1\"\" leaves=\"157275\n"
"kernel 8 (Local):"
"\"S05_REGULAR_EXACT \"\"F2_Regular\"\" leaves=\"79053\n"
"kernel 7 (Local):"
"\"S05_REGULAR_EXACT \"\"F1_Regular\"\" leaves=\"78535\n"
"kernel 8 (Local):"
"\"S05_OPTIMIZE \"\"Hgg_v2_F2_Regular_1\"\" leaves=\"79053\n"
"kernel 8 (Local):"
"\"S05_EXPORTED \"\"Hgg_v2_F2_Regular_1\"\" optimized=\"16898\n"
"kernel 8 (Local):"
"\"S05_PREPARE \"\"Hgg_v2_F2_Regular_m1\"\" leaves=\"158002\n"
"kernel 7 (Local):"
"\"S05_OPTIMIZE \"\"Hgg_v2_F1_Regular_1\"\" leaves=\"78535\n"
"kernel 7 (Local):"
"\"S05_EXPORTED \"\"Hgg_v2_F1_Regular_1\"\" optimized=\"16735\n"
"kernel 7 (Local):"
"\"S05_PREPARE \"\"Hgg_v2_F1_Regular_m1\"\" leaves=\"157275\n"
"kernel 8 (Local):"
"\"S05_REGULAR_EXACT \"\"F2_Regular\"\" leaves=\"79053\n"
"kernel 7 (Local):"
"\"S05_REGULAR_EXACT \"\"F1_Regular\"\" leaves=\"78535\n"
"kernel 8 (Local):"
"\"S05_OPTIMIZE \"\"Hgg_v2_F2_Regular_m1\"\" leaves=\"79053\n"
"kernel 8 (Local):"
"\"S05_EXPORTED \"\"Hgg_v2_F2_Regular_m1\"\" optimized=\"16898\n"
"kernel 8 (Local):"
"\"S05_CHANNEL_DONE \"\"Hgg_v2\"\n"
"kernel 8 (Local):"
"\"S05_TASK_DONE \"{\"Hgg_v2\", \"F2\", \"\", \"Hgg_v2_F2\"}\" \"0\n"
"kernel 8 (Local):"
"\"S05_TASK_START \"{\"Hqqbar_v2\", \"F1\", \"\", \"Hqqbar_v2_F1\"}\n"
"kernel 8 (Local):"
"\"S05_START \"\"export\"\n"
"kernel 8 (Local):"
"\"S05_PREPARE \"\"Hqqbar_v2_F1_Regular_1\"\" leaves=\"83464\n"
"kernel 7 (Local):"
"\"S05_OPTIMIZE \"\"Hgg_v2_F1_Regular_m1\"\" leaves=\"78535\n"
"kernel 7 (Local):"
"\"S05_EXPORTED \"\"Hgg_v2_F1_Regular_m1\"\" optimized=\"16735\n"
"kernel 7 (Local):"
"\"S05_CHANNEL_DONE \"\"Hgg_v2\"\n"
"kernel 7 (Local):"
"\"S05_TASK_DONE \"{\"Hgg_v2\", \"F1\", \"\", \"Hgg_v2_F1\"}\" \"0\n"
"kernel 7 (Local):"
"\"S05_TASK_START \"{\"Hqqbar_v2\", \"F2\", \"\", \"Hqqbar_v2_F2\"}\n"
"kernel 7 (Local):"
"\"S05_START \"\"export\"\n"
"kernel 8 (Local):"
"\"S05_REGULAR_EXACT \"\"F1_Regular\"\" leaves=\"54950\n"
"kernel 7 (Local):"
"\"S05_PREPARE \"\"Hqqbar_v2_F2_Regular_1\"\" leaves=\"84038\n"
"kernel 7 (Local):"
"\"S05_REGULAR_EXACT \"\"F2_Regular\"\" leaves=\"55299\n"
"kernel 8 (Local):"
"\"S05_OPTIMIZE \"\"Hqqbar_v2_F1_Regular_1\"\" leaves=\"54950\n"
"kernel 8 (Local):"
"\"S05_EXPORTED \"\"Hqqbar_v2_F1_Regular_1\"\" optimized=\"14785\n"
"kernel 8 (Local):"
"\"S05_PREPARE \"\"Hqqbar_v2_F1_Regular_m1\"\" leaves=\"83464\n"
"kernel 6 (Local):"
"\"S05_PREPARE \"\"Hqq_v4_F2_LODelta_0\"\" leaves=\"100\n"
"kernel 6 (Local):"
"\"S05_REGULAR_EXACT \"\"F2_LODelta\"\" leaves=\"93\n"
"From kernel 6 (Local):"
"                                                                                                                                                                              527                                                                                                     31\n                                                                                                                                                                      63 Sqrt[---]                                                                                            23 Sqrt[---]\n                                                                                                           527        -31 (170 + Sqrt[5270])                  1147            10           1742439              170               37           42439         23         23            170         1        2          1                                      10                    527    31 (170 + Sqrt[5270])\nN::meprec: Internal precision limit $MaxExtraPrecision = 50. reached while evaluating {Q2 -> 17, s -> Sqrt[---], t -> ----------------------, ss -> 0, B -> -(----) + ------------, mu2 -> -------, xh -> ----------------, zH -> ---, PHT2 -> ------, xB -> ---, xi -> --- + ------------, as -> -, cq -> -, co -> -(-), ns -> 2, no -> 2, nf -> 4, csum -> --, omega -> Abs[Sqrt[---] - ---------------------]}.\n                                                                                                           10          10 (31 + Sqrt[5270])                   1000        100              200000         170 + Sqrt[5270]        100          100000        100        100       100             5        3          3                                      9                     10     10 (31 + Sqrt[5270])"
"kernel 3 (Local):"
"\"S05_PREPARE \"\"Hqq_v4_F1_LODelta_0\"\" leaves=\"87\n"
"From kernel 6 (Local):"
"                                                                                                                                                                              527                                                                                                     31\n                                                                                                                                                                      63 Sqrt[---]                                                                                            23 Sqrt[---]\n                                                                                                           527        -31 (170 + Sqrt[5270])                  1147            10           1742439              170               37           42439         23         23            170         1        2          1                                      10                    527    31 (170 + Sqrt[5270])\nN::meprec: Internal precision limit $MaxExtraPrecision = 50. reached while evaluating {Q2 -> 17, s -> Sqrt[---], t -> ----------------------, ss -> 0, B -> -(----) + ------------, mu2 -> -------, xh -> ----------------, zH -> ---, PHT2 -> ------, xB -> ---, xi -> --- + ------------, as -> -, cq -> -, co -> -(-), ns -> 2, no -> 2, nf -> 4, csum -> --, omega -> Abs[Sqrt[---] - ---------------------]}.\n                                                                                                           10          10 (31 + Sqrt[5270])                   1000        100              200000         170 + Sqrt[5270]        100          100000        100        100       100             5        3          3                                      9                     10     10 (31 + Sqrt[5270])"
"kernel 3 (Local):"
"\"S05_REGULAR_EXACT \"\"F1_LODelta\"\" leaves=\"78\n"
"kernel 5 (Local):"
"\"S05_PREPARE \"\"Hqq_v4_F2_LODelta_m1\"\" leaves=\"100\n"
"From kernel 6 (Local):"
"                                                                                                                                                                              527                                                                                                     31\n                                                                                                                                                                      63 Sqrt[---]                                                                                            23 Sqrt[---]\n                                                                                                           527        -31 (170 + Sqrt[5270])                  1147            10           1742439              170               37           42439         23         23            170         1        2          1                                      10                    527    31 (170 + Sqrt[5270])\nN::meprec: Internal precision limit $MaxExtraPrecision = 50. reached while evaluating {Q2 -> 17, s -> Sqrt[---], t -> ----------------------, ss -> 0, B -> -(----) + ------------, mu2 -> -------, xh -> ----------------, zH -> ---, PHT2 -> ------, xB -> ---, xi -> --- + ------------, as -> -, cq -> -, co -> -(-), ns -> 2, no -> 2, nf -> 4, csum -> --, omega -> Abs[Sqrt[---] - ---------------------]}.\n                                                                                                           10          10 (31 + Sqrt[5270])                   1000        100              200000         170 + Sqrt[5270]        100          100000        100        100       100             5        3          3                                      9                     10     10 (31 + Sqrt[5270])"
"From kernel 3 (Local):"
"                                                                                                                                                                              527                                                                                                     31\n                                                                                                                                                                      63 Sqrt[---]                                                                                            23 Sqrt[---]\n                                                                                                           527        -31 (170 + Sqrt[5270])                  1147            10           1742439              170               37           42439         23         23            170         1        2          1                                      10                    527    31 (170 + Sqrt[5270])\nN::meprec: Internal precision limit $MaxExtraPrecision = 50. reached while evaluating {Q2 -> 17, s -> Sqrt[---], t -> ----------------------, ss -> 0, B -> -(----) + ------------, mu2 -> -------, xh -> ----------------, zH -> ---, PHT2 -> ------, xB -> ---, xi -> --- + ------------, as -> -, cq -> -, co -> -(-), ns -> 2, no -> 2, nf -> 4, csum -> --, omega -> Abs[Sqrt[---] - ---------------------]}.\n                                                                                                           10          10 (31 + Sqrt[5270])                   1000        100              200000         170 + Sqrt[5270]        100          100000        100        100       100             5        3          3                                      9                     10     10 (31 + Sqrt[5270])"
"kernel 5 (Local):"
"\"S05_REGULAR_EXACT \"\"F2_LODelta\"\" leaves=\"93\n"
"From kernel 6 (Local):"
"General::stop: Further output of N::meprec will be suppressed during this calculation."
"From kernel 3 (Local):"
"                                                                                                                                                                              527                                                                                                     31\n                                                                                                                                                                      63 Sqrt[---]                                                                                            23 Sqrt[---]\n                                                                                                           527        -31 (170 + Sqrt[5270])                  1147            10           1742439              170               37           42439         23         23            170         1        2          1                                      10                    527    31 (170 + Sqrt[5270])\nN::meprec: Internal precision limit $MaxExtraPrecision = 50. reached while evaluating {Q2 -> 17, s -> Sqrt[---], t -> ----------------------, ss -> 0, B -> -(----) + ------------, mu2 -> -------, xh -> ----------------, zH -> ---, PHT2 -> ------, xB -> ---, xi -> --- + ------------, as -> -, cq -> -, co -> -(-), ns -> 2, no -> 2, nf -> 4, csum -> --, omega -> Abs[Sqrt[---] - ---------------------]}.\n                                                                                                           10          10 (31 + Sqrt[5270])                   1000        100              200000         170 + Sqrt[5270]        100          100000        100        100       100             5        3          3                                      9                     10     10 (31 + Sqrt[5270])"
"kernel 5 (Local):"
"\"S05_OPTIMIZE \"\"Hqq_v4_F2_LODelta_m1\"\" leaves=\"93\n"
"kernel 6 (Local):"
"\"S05_OPTIMIZE \"\"Hqq_v4_F2_LODelta_0\"\" leaves=\"93\n"
"kernel 8 (Local):"
"\"S05_REGULAR_EXACT \"\"F1_Regular\"\" leaves=\"54950\n"

General::stop: Further output of N::meprec will be suppressed during this calculation.
"kernel 5 (Local):"
"\"S05_EXPORTED \"\"Hqq_v4_F2_LODelta_m1\"\" optimized=\"99\n"
"kernel 6 (Local):"
"\"S05_EXPORTED \"\"Hqq_v4_F2_LODelta_0\"\" optimized=\"99\n"
"kernel 2 (Local):"
"\"S05_PREPARE \"\"Hqq_v4_F1_LODelta_m1\"\" leaves=\"87\n"
"From kernel 3 (Local):"
"General::stop: Further output of N::meprec will be suppressed during this calculation."
"kernel 5 (Local):"
"\"S05_PREPARE \"\"Hqq_v4_F2_Delta_m1\"\" leaves=\"307089\n"
"kernel 6 (Local):"
"\"S05_PREPARE \"\"Hqq_v4_F2_Delta_0\"\" leaves=\"1433\n"
"kernel 2 (Local):"
"\"S05_REGULAR_EXACT \"\"F1_LODelta\"\" leaves=\"78\n"
"kernel 3 (Local):"
"\"S05_OPTIMIZE \"\"Hqq_v4_F1_LODelta_0\"\" leaves=\"78\n"
"kernel 6 (Local):"
"\"S05_REGULAR_EXACT \"\"F2_Delta\"\" leaves=\"965\n"
"kernel 2 (Local):"
"\"S05_OPTIMIZE \"\"Hqq_v4_F1_LODelta_m1\"\" leaves=\"78\n"
"kernel 3 (Local):"
"\"S05_EXPORTED \"\"Hqq_v4_F1_LODelta_0\"\" optimized=\"88\n"
"kernel 6 (Local):"
"\"S05_OPTIMIZE \"\"Hqq_v4_F2_Delta_0\"\" leaves=\"965\n"
"kernel 2 (Local):"
"\"S05_EXPORTED \"\"Hqq_v4_F1_LODelta_m1\"\" optimized=\"88\n"
"kernel 3 (Local):"
"\"S05_PREPARE \"\"Hqq_v4_F1_Delta_0\"\" leaves=\"1285\n"
"kernel 6 (Local):"
"\"S05_EXPORTED \"\"Hqq_v4_F2_Delta_0\"\" optimized=\"592\n"
"kernel 7 (Local):"
"\"S05_OPTIMIZE \"\"Hqqbar_v2_F2_Regular_1\"\" leaves=\"55299\n"
"kernel 2 (Local):"
"\"S05_PREPARE \"\"Hqq_v4_F1_Delta_m1\"\" leaves=\"307079\n"
"kernel 3 (Local):"
"\"S05_REGULAR_EXACT \"\"F1_Delta\"\" leaves=\"827\n"
"kernel 6 (Local):"
"\"S05_PREPARE \"\"Hqq_v4_F2_L0_0\"\" leaves=\"307\n"
"kernel 7 (Local):"
"\"S05_EXPORTED \"\"Hqqbar_v2_F2_Regular_1\"\" optimized=\"14900\n"
"kernel 3 (Local):"
"\"S05_OPTIMIZE \"\"Hqq_v4_F1_Delta_0\"\" leaves=\"827\n"
"kernel 6 (Local):"
"\"S05_REGULAR_EXACT \"\"F2_L0\"\" leaves=\"263\n"
"kernel 7 (Local):"
"\"S05_PREPARE \"\"Hqqbar_v2_F2_Regular_m1\"\" leaves=\"84038\n"
"kernel 3 (Local):"
"\"S05_EXPORTED \"\"Hqq_v4_F1_Delta_0\"\" optimized=\"547\n"
"kernel 6 (Local):"
"\"S05_OPTIMIZE \"\"Hqq_v4_F2_L0_0\"\" leaves=\"263\n"
"kernel 3 (Local):"
"\"S05_PREPARE \"\"Hqq_v4_F1_L0_0\"\" leaves=\"226\n"
"kernel 6 (Local):"
"\"S05_EXPORTED \"\"Hqq_v4_F2_L0_0\"\" optimized=\"179\n"
"kernel 3 (Local):"
"\"S05_REGULAR_EXACT \"\"F1_L0\"\" leaves=\"183\n"
"kernel 6 (Local):"
"\"S05_PREPARE \"\"Hqq_v4_F2_L1_0\"\" leaves=\"61\n"
"kernel 3 (Local):"
"\"S05_OPTIMIZE \"\"Hqq_v4_F1_L0_0\"\" leaves=\"183\n"
"kernel 6 (Local):"
"\"S05_REGULAR_EXACT \"\"F2_L1\"\" leaves=\"49\n"
"kernel 3 (Local):"
"\"S05_EXPORTED \"\"Hqq_v4_F1_L0_0\"\" optimized=\"139\n"
"kernel 6 (Local):"
"\"S05_OPTIMIZE \"\"Hqq_v4_F2_L1_0\"\" leaves=\"49\n"
"kernel 3 (Local):"
"\"S05_PREPARE \"\"Hqq_v4_F1_L1_0\"\" leaves=\"44\n"
"kernel 4 (Local):"
"\"S05_PREPARE \"\"Hqq_v4_F2_LODelta_1\"\" leaves=\"100\n"
"kernel 6 (Local):"
"\"S05_EXPORTED \"\"Hqq_v4_F2_L1_0\"\" optimized=\"50\n"
"kernel 3 (Local):"
"\"S05_REGULAR_EXACT \"\"F1_L1\"\" leaves=\"33\n"
"kernel 4 (Local):"
"\"S05_REGULAR_EXACT \"\"F2_LODelta\"\" leaves=\"93\n"
"kernel 6 (Local):"
"\"S05_PREPARE \"\"Hqq_v4_F2_Regular_0\"\" leaves=\"199738\n"
"kernel 3 (Local):"
"\"S05_OPTIMIZE \"\"Hqq_v4_F1_L1_0\"\" leaves=\"33\n"
"kernel 4 (Local):"
"\"S05_OPTIMIZE \"\"Hqq_v4_F2_LODelta_1\"\" leaves=\"93\n"
"kernel 3 (Local):"
"\"S05_EXPORTED \"\"Hqq_v4_F1_L1_0\"\" optimized=\"34\n"
"kernel 4 (Local):"
"\"S05_EXPORTED \"\"Hqq_v4_F2_LODelta_1\"\" optimized=\"99\n"
"kernel 8 (Local):"
"\"S05_OPTIMIZE \"\"Hqqbar_v2_F1_Regular_m1\"\" leaves=\"54950\n"
"kernel 1 (Local):"
"\"S05_PREPARE \"\"Hqq_v4_F1_LODelta_1\"\" leaves=\"87\n"
"kernel 3 (Local):"
"\"S05_PREPARE \"\"Hqq_v4_F1_Regular_0\"\" leaves=\"194398\n"
"kernel 4 (Local):"
"\"S05_PREPARE \"\"Hqq_v4_F2_Delta_1\"\" leaves=\"283817\n"
"kernel 8 (Local):"
"\"S05_EXPORTED \"\"Hqqbar_v2_F1_Regular_m1\"\" optimized=\"14785\n"
"kernel 1 (Local):"
"\"S05_REGULAR_EXACT \"\"F1_LODelta\"\" leaves=\"78\n"
"kernel 8 (Local):"
"\"S05_CHANNEL_DONE \"\"Hqqbar_v2\"\n"
"kernel 1 (Local):"
"\"S05_OPTIMIZE \"\"Hqq_v4_F1_LODelta_1\"\" leaves=\"78\n"
"kernel 8 (Local):"
"\"S05_TASK_DONE \"{\"Hqqbar_v2\", \"F1\", \"\", \"Hqqbar_v2_F1\"}\" \"0\n"
"kernel 1 (Local):"
"\"S05_EXPORTED \"\"Hqq_v4_F1_LODelta_1\"\" optimized=\"88\n"
"kernel 1 (Local):"
"\"S05_PREPARE \"\"Hqq_v4_F1_Delta_1\"\" leaves=\"283808\n"
"kernel 8 (Local):"
"\"S05_TASK_START \"{\"Hqqprime_v2\", \"F1\", \"\", \"Hqqprime_v2_F1\"}\n"
"kernel 8 (Local):"
"\"S05_START \"\"export\"\n"
"kernel 7 (Local):"
"\"S05_REGULAR_EXACT \"\"F2_Regular\"\" leaves=\"55299\n"
"kernel 8 (Local):"
"\"S05_PREPARE \"\"Hqqprime_v2_F1_IncomingChargeSquared_Regular_1\"\" leaves=\"14603\n"
"kernel 7 (Local):"
"\"S05_OPTIMIZE \"\"Hqqbar_v2_F2_Regular_m1\"\" leaves=\"55299\n"
"kernel 8 (Local):"
"\"S05_REGULAR_EXACT \"\"F1_IncomingChargeSquared_Regular\"\" leaves=\"14522\n"
"kernel 7 (Local):"
"\"S05_EXPORTED \"\"Hqqbar_v2_F2_Regular_m1\"\" optimized=\"14900\n"
"kernel 6 (Local):"
"\"S05_REGULAR_EXACT \"\"F2_Regular\"\" leaves=\"154964\n"
"kernel 7 (Local):"
"\"S05_CHANNEL_DONE \"\"Hqqbar_v2\"\n"
"kernel 7 (Local):"
"\"S05_TASK_DONE \"{\"Hqqbar_v2\", \"F2\", \"\", \"Hqqbar_v2_F2\"}\" \"0\n"
"kernel 7 (Local):"
"\"S05_TASK_START \"{\"Hqqprime_v2\", \"F2\", \"\", \"Hqqprime_v2_F2\"}\n"
"kernel 7 (Local):"
"\"S05_START \"\"export\"\n"
"kernel 3 (Local):"
"\"S05_REGULAR_EXACT \"\"F1_Regular\"\" leaves=\"150233\n"
"kernel 2 (Local):"
"\"S05_REGULAR_EXACT \"\"F1_Delta\"\" leaves=\"142192\n"
"kernel 5 (Local):"
"\"S05_REGULAR_EXACT \"\"F2_Delta\"\" leaves=\"142204\n"
"kernel 1 (Local):"
"\"S05_REGULAR_EXACT \"\"F1_Delta\"\" leaves=\"130694\n"
"kernel 7 (Local):"
"\"S05_PREPARE \"\"Hqqprime_v2_F2_IncomingChargeSquared_Regular_1\"\" leaves=\"14982\n"
"kernel 4 (Local):"
"\"S05_REGULAR_EXACT \"\"F2_Delta\"\" leaves=\"130706\n"
"kernel 7 (Local):"
"\"S05_REGULAR_EXACT \"\"F2_IncomingChargeSquared_Regular\"\" leaves=\"14901\n"
"kernel 8 (Local):"
"\"S05_OPTIMIZE \"\"Hqqprime_v2_F1_IncomingChargeSquared_Regular_1\"\" leaves=\"14522\n"
"kernel 8 (Local):"
"\"S05_EXPORTED \"\"Hqqprime_v2_F1_IncomingChargeSquared_Regular_1\"\" optimized=\"3924\n"
"kernel 8 (Local):"
"\"S05_PREPARE \"\"Hqqprime_v2_F1_IncomingChargeSquared_Regular_m1\"\" leaves=\"14603\n"
"kernel 8 (Local):"
"\"S05_REGULAR_EXACT \"\"F1_IncomingChargeSquared_Regular\"\" leaves=\"14522\n"
"kernel 8 (Local):"
"\"S05_OPTIMIZE \"\"Hqqprime_v2_F1_IncomingChargeSquared_Regular_m1\"\" leaves=\"14522\n"
"kernel 8 (Local):"
"\"S05_EXPORTED \"\"Hqqprime_v2_F1_IncomingChargeSquared_Regular_m1\"\" optimized=\"3924\n"
"kernel 8 (Local):"
"\"S05_PREPARE \"\"Hqqprime_v2_F1_MixedIncomingPrimeCharge_Regular_1\"\" leaves=\"13540\n"
"kernel 8 (Local):"
"\"S05_REGULAR_EXACT \"\"F1_MixedIncomingPrimeCharge_Regular\"\" leaves=\"13477\n"
"kernel 7 (Local):"
"\"S05_OPTIMIZE \"\"Hqqprime_v2_F2_IncomingChargeSquared_Regular_1\"\" leaves=\"14901\n"
"kernel 7 (Local):"
"\"S05_EXPORTED \"\"Hqqprime_v2_F2_IncomingChargeSquared_Regular_1\"\" optimized=\"4025\n"
"kernel 7 (Local):"
"\"S05_PREPARE \"\"Hqqprime_v2_F2_IncomingChargeSquared_Regular_m1\"\" leaves=\"14982\n"
"kernel 7 (Local):"
"\"S05_REGULAR_EXACT \"\"F2_IncomingChargeSquared_Regular\"\" leaves=\"14901\n"
"kernel 7 (Local):"
"\"S05_OPTIMIZE \"\"Hqqprime_v2_F2_IncomingChargeSquared_Regular_m1\"\" leaves=\"14901\n"
"kernel 7 (Local):"
"\"S05_EXPORTED \"\"Hqqprime_v2_F2_IncomingChargeSquared_Regular_m1\"\" optimized=\"4025\n"
"kernel 7 (Local):"
"\"S05_PREPARE \"\"Hqqprime_v2_F2_MixedIncomingPrimeCharge_Regular_1\"\" leaves=\"13515\n"
"kernel 8 (Local):"
"\"S05_OPTIMIZE \"\"Hqqprime_v2_F1_MixedIncomingPrimeCharge_Regular_1\"\" leaves=\"13477\n"
"kernel 8 (Local):"
"\"S05_EXPORTED \"\"Hqqprime_v2_F1_MixedIncomingPrimeCharge_Regular_1\"\" optimized=\"3479\n"
"kernel 7 (Local):"
"\"S05_REGULAR_EXACT \"\"F2_MixedIncomingPrimeCharge_Regular\"\" leaves=\"13454\n"
"kernel 8 (Local):"
"\"S05_PREPARE \"\"Hqqprime_v2_F1_MixedIncomingPrimeCharge_Regular_m1\"\" leaves=\"13540\n"
"kernel 8 (Local):"
"\"S05_REGULAR_EXACT \"\"F1_MixedIncomingPrimeCharge_Regular\"\" leaves=\"13477\n"
"kernel 8 (Local):"
"\"S05_OPTIMIZE \"\"Hqqprime_v2_F1_MixedIncomingPrimeCharge_Regular_m1\"\" leaves=\"13477\n"
"kernel 8 (Local):"
"\"S05_EXPORTED \"\"Hqqprime_v2_F1_MixedIncomingPrimeCharge_Regular_m1\"\" optimized=\"3479\n"
"kernel 8 (Local):"
"\"S05_PREPARE \"\"Hqqprime_v2_F1_PrimeChargeSquared_Regular_1\"\" leaves=\"16652\n"
"kernel 8 (Local):"
"\"S05_REGULAR_EXACT \"\"F1_PrimeChargeSquared_Regular\"\" leaves=\"16571\n"
"kernel 7 (Local):"
"\"S05_OPTIMIZE \"\"Hqqprime_v2_F2_MixedIncomingPrimeCharge_Regular_1\"\" leaves=\"13454\n"
"kernel 7 (Local):"
"\"S05_EXPORTED \"\"Hqqprime_v2_F2_MixedIncomingPrimeCharge_Regular_1\"\" optimized=\"3476\n"
"kernel 7 (Local):"
"\"S05_PREPARE \"\"Hqqprime_v2_F2_MixedIncomingPrimeCharge_Regular_m1\"\" leaves=\"13515\n"
"kernel 7 (Local):"
"\"S05_REGULAR_EXACT \"\"F2_MixedIncomingPrimeCharge_Regular\"\" leaves=\"13454\n"
"kernel 7 (Local):"
"\"S05_OPTIMIZE \"\"Hqqprime_v2_F2_MixedIncomingPrimeCharge_Regular_m1\"\" leaves=\"13454\n"
"kernel 7 (Local):"
"\"S05_EXPORTED \"\"Hqqprime_v2_F2_MixedIncomingPrimeCharge_Regular_m1\"\" optimized=\"3476\n"
"kernel 7 (Local):"
"\"S05_PREPARE \"\"Hqqprime_v2_F2_PrimeChargeSquared_Regular_1\"\" leaves=\"17731\n"
"kernel 2 (Local):"
"\"S05_OPTIMIZE \"\"Hqq_v4_F1_Delta_m1\"\" leaves=\"142192\n"
"kernel 7 (Local):"
"\"S05_REGULAR_EXACT \"\"F2_PrimeChargeSquared_Regular\"\" leaves=\"17650\n"
"kernel 2 (Local):"
"\"S05_EXPORTED \"\"Hqq_v4_F1_Delta_m1\"\" optimized=\"41683\n"
"kernel 2 (Local):"
"\"S05_PREPARE \"\"Hqq_v4_F1_L0_m1\"\" leaves=\"3317\n"
"kernel 2 (Local):"
"\"S05_REGULAR_EXACT \"\"F1_L0\"\" leaves=\"1365\n"
"kernel 2 (Local):"
"\"S05_OPTIMIZE \"\"Hqq_v4_F1_L0_m1\"\" leaves=\"1365\n"
"kernel 2 (Local):"
"\"S05_EXPORTED \"\"Hqq_v4_F1_L0_m1\"\" optimized=\"824\n"
"kernel 6 (Local):"
"\"S05_OPTIMIZE \"\"Hqq_v4_F2_Regular_0\"\" leaves=\"154964\n"
"kernel 2 (Local):"
"\"S05_PREPARE \"\"Hqq_v4_F1_L1_m1\"\" leaves=\"411\n"
"kernel 2 (Local):"
"\"S05_REGULAR_EXACT \"\"F1_L1\"\" leaves=\"207\n"
"kernel 3 (Local):"
"\"S05_OPTIMIZE \"\"Hqq_v4_F1_Regular_0\"\" leaves=\"150233\n"
"kernel 2 (Local):"
"\"S05_OPTIMIZE \"\"Hqq_v4_F1_L1_m1\"\" leaves=\"207\n"
"kernel 8 (Local):"
"\"S05_OPTIMIZE \"\"Hqqprime_v2_F1_PrimeChargeSquared_Regular_1\"\" leaves=\"16571\n"
"kernel 2 (Local):"
"\"S05_EXPORTED \"\"Hqq_v4_F1_L1_m1\"\" optimized=\"159\n"
"kernel 8 (Local):"
"\"S05_EXPORTED \"\"Hqqprime_v2_F1_PrimeChargeSquared_Regular_1\"\" optimized=\"4695\n"
"kernel 2 (Local):"
"\"S05_PREPARE \"\"Hqq_v4_F1_Regular_m1\"\" leaves=\"272023\n"
"kernel 8 (Local):"
"\"S05_PREPARE \"\"Hqqprime_v2_F1_PrimeChargeSquared_Regular_m1\"\" leaves=\"16652\n"
"kernel 5 (Local):"
"\"S05_OPTIMIZE \"\"Hqq_v4_F2_Delta_m1\"\" leaves=\"142204\n"
"kernel 6 (Local):"
"\"S05_EXPORTED \"\"Hqq_v4_F2_Regular_0\"\" optimized=\"42005\n"
"kernel 3 (Local):"
"\"S05_EXPORTED \"\"Hqq_v4_F1_Regular_0\"\" optimized=\"41210\n"
"kernel 6 (Local):"
"\"S05_CHANNEL_DONE \"\"Hqq_v4\"\n"
"kernel 3 (Local):"
"\"S05_CHANNEL_DONE \"\"Hqq_v4\"\n"
"kernel 5 (Local):"
"\"S05_EXPORTED \"\"Hqq_v4_F2_Delta_m1\"\" optimized=\"41606\n"
"kernel 6 (Local):"
"\"S05_TASK_DONE \"{\"Hqq_v4\", \"F2\", \"0\", \"Hqq_v4_F2_0\"}\" \"0\n"
"kernel 8 (Local):"
"\"S05_REGULAR_EXACT \"\"F1_PrimeChargeSquared_Regular\"\" leaves=\"16571\n"
"kernel 3 (Local):"
"\"S05_TASK_DONE \"{\"Hqq_v4\", \"F1\", \"0\", \"Hqq_v4_F1_0\"}\" \"0\n"
"kernel 5 (Local):"
"\"S05_PREPARE \"\"Hqq_v4_F2_L0_m1\"\" leaves=\"3323\n"
"kernel 5 (Local):"
"\"S05_REGULAR_EXACT \"\"F2_L0\"\" leaves=\"1371\n"
"kernel 6 (Local):"
"\"S05_TASK_START \"{\"Hqg_v3\", \"F1\", \"0\", \"Hqg_v3_F1_0\"}\n"
"kernel 3 (Local):"
"\"S05_TASK_START \"{\"Hqg_v3\", \"F2\", \"0\", \"Hqg_v3_F2_0\"}\n"
"kernel 6 (Local):"
"\"S05_START \"\"export\"\n"
"kernel 3 (Local):"
"\"S05_START \"\"export\"\n"
"kernel 5 (Local):"
"\"S05_OPTIMIZE \"\"Hqq_v4_F2_L0_m1\"\" leaves=\"1371\n"
"kernel 5 (Local):"
"\"S05_EXPORTED \"\"Hqq_v4_F2_L0_m1\"\" optimized=\"830\n"
"kernel 5 (Local):"
"\"S05_PREPARE \"\"Hqq_v4_F2_L1_m1\"\" leaves=\"417\n"
"kernel 5 (Local):"
"\"S05_REGULAR_EXACT \"\"F2_L1\"\" leaves=\"213\n"
"kernel 5 (Local):"
"\"S05_OPTIMIZE \"\"Hqq_v4_F2_L1_m1\"\" leaves=\"213\n"
"kernel 8 (Local):"
"\"S05_OPTIMIZE \"\"Hqqprime_v2_F1_PrimeChargeSquared_Regular_m1\"\" leaves=\"16571\n"
"kernel 5 (Local):"
"\"S05_EXPORTED \"\"Hqq_v4_F2_L1_m1\"\" optimized=\"165\n"
"kernel 8 (Local):"
"\"S05_EXPORTED \"\"Hqqprime_v2_F1_PrimeChargeSquared_Regular_m1\"\" optimized=\"4695\n"
"kernel 5 (Local):"
"\"S05_PREPARE \"\"Hqq_v4_F2_Regular_m1\"\" leaves=\"271982\n"
"kernel 8 (Local):"
"\"S05_CHANNEL_DONE \"\"Hqqprime_v2\"\n"
"kernel 8 (Local):"
"\"S05_TASK_DONE \"{\"Hqqprime_v2\", \"F1\", \"\", \"Hqqprime_v2_F1\"}\" \"0\n"
"kernel 7 (Local):"
"\"S05_OPTIMIZE \"\"Hqqprime_v2_F2_PrimeChargeSquared_Regular_1\"\" leaves=\"17650\n"
"kernel 7 (Local):"
"\"S05_EXPORTED \"\"Hqqprime_v2_F2_PrimeChargeSquared_Regular_1\"\" optimized=\"4966\n"
"kernel 7 (Local):"
"\"S05_PREPARE \"\"Hqqprime_v2_F2_PrimeChargeSquared_Regular_m1\"\" leaves=\"17731\n"
"kernel 7 (Local):"
"\"S05_REGULAR_EXACT \"\"F2_PrimeChargeSquared_Regular\"\" leaves=\"17650\n"
"kernel 7 (Local):"
"\"S05_OPTIMIZE \"\"Hqqprime_v2_F2_PrimeChargeSquared_Regular_m1\"\" leaves=\"17650\n"
"kernel 7 (Local):"
"\"S05_EXPORTED \"\"Hqqprime_v2_F2_PrimeChargeSquared_Regular_m1\"\" optimized=\"4966\n"
"kernel 7 (Local):"
"\"S05_CHANNEL_DONE \"\"Hqqprime_v2\"\n"
"kernel 7 (Local):"
"\"S05_TASK_DONE \"{\"Hqqprime_v2\", \"F2\", \"\", \"Hqqprime_v2_F2\"}\" \"0\n"
"kernel 2 (Local):"
"\"S05_REGULAR_EXACT \"\"F1_Regular\"\" leaves=\"223884\n"
"kernel 5 (Local):"
"\"S05_REGULAR_EXACT \"\"F2_Regular\"\" leaves=\"223890\n"
"kernel 4 (Local):"
"\"S05_OPTIMIZE \"\"Hqq_v4_F2_Delta_1\"\" leaves=\"130706\n"
"kernel 4 (Local):"
"\"S05_EXPORTED \"\"Hqq_v4_F2_Delta_1\"\" optimized=\"42010\n"
"kernel 4 (Local):"
"\"S05_PREPARE \"\"Hqq_v4_F2_L0_1\"\" leaves=\"3597\n"
"kernel 1 (Local):"
"\"S05_OPTIMIZE \"\"Hqq_v4_F1_Delta_1\"\" leaves=\"130694\n"
"kernel 2 (Local):"
"\"S05_OPTIMIZE \"\"Hqq_v4_F1_Regular_m1\"\" leaves=\"223884\n"
"kernel 4 (Local):"
"\"S05_REGULAR_EXACT \"\"F2_L0\"\" leaves=\"1463\n"
"kernel 4 (Local):"
"\"S05_OPTIMIZE \"\"Hqq_v4_F2_L0_1\"\" leaves=\"1463\n"
"kernel 4 (Local):"
"\"S05_EXPORTED \"\"Hqq_v4_F2_L0_1\"\" optimized=\"828\n"
"kernel 4 (Local):"
"\"S05_PREPARE \"\"Hqq_v4_F2_L1_1\"\" leaves=\"457\n"
"kernel 1 (Local):"
"\"S05_EXPORTED \"\"Hqq_v4_F1_Delta_1\"\" optimized=\"42091\n"
"kernel 4 (Local):"
"\"S05_REGULAR_EXACT \"\"F2_L1\"\" leaves=\"233\n"
"kernel 1 (Local):"
"\"S05_PREPARE \"\"Hqq_v4_F1_L0_1\"\" leaves=\"3591\n"
"kernel 4 (Local):"
"\"S05_OPTIMIZE \"\"Hqq_v4_F2_L1_1\"\" leaves=\"233\n"
"kernel 1 (Local):"
"\"S05_REGULAR_EXACT \"\"F1_L0\"\" leaves=\"1457\n"
"kernel 2 (Local):"
"\"S05_EXPORTED \"\"Hqq_v4_F1_Regular_m1\"\" optimized=\"43342\n"
"kernel 4 (Local):"
"\"S05_EXPORTED \"\"Hqq_v4_F2_L1_1\"\" optimized=\"171\n"
"kernel 2 (Local):"
"\"S05_CHANNEL_DONE \"\"Hqq_v4\"\n"
"kernel 4 (Local):"
"\"S05_PREPARE \"\"Hqq_v4_F2_Regular_1\"\" leaves=\"246944\n"
"kernel 1 (Local):"
"\"S05_OPTIMIZE \"\"Hqq_v4_F1_L0_1\"\" leaves=\"1457\n"
"kernel 2 (Local):"
"\"S05_TASK_DONE \"{\"Hqq_v4\", \"F1\", \"-1\", \"Hqq_v4_F1_-1\"}\" \"0\n"
"kernel 1 (Local):"
"\"S05_EXPORTED \"\"Hqq_v4_F1_L0_1\"\" optimized=\"822\n"
"kernel 1 (Local):"
"\"S05_PREPARE \"\"Hqq_v4_F1_L1_1\"\" leaves=\"451\n"
"kernel 1 (Local):"
"\"S05_REGULAR_EXACT \"\"F1_L1\"\" leaves=\"227\n"
"kernel 1 (Local):"
"\"S05_OPTIMIZE \"\"Hqq_v4_F1_L1_1\"\" leaves=\"227\n"
"kernel 1 (Local):"
"\"S05_EXPORTED \"\"Hqq_v4_F1_L1_1\"\" optimized=\"165\n"
"kernel 5 (Local):"
"\"S05_OPTIMIZE \"\"Hqq_v4_F2_Regular_m1\"\" leaves=\"223890\n"
"kernel 1 (Local):"
"\"S05_PREPARE \"\"Hqq_v4_F1_Regular_1\"\" leaves=\"246985\n"
"kernel 5 (Local):"
"\"S05_EXPORTED \"\"Hqq_v4_F2_Regular_m1\"\" optimized=\"43297\n"
"kernel 5 (Local):"
"\"S05_CHANNEL_DONE \"\"Hqq_v4\"\n"
"kernel 5 (Local):"
"\"S05_TASK_DONE \"{\"Hqq_v4\", \"F2\", \"-1\", \"Hqq_v4_F2_-1\"}\" \"0\n"
"kernel 4 (Local):"
"\"S05_REGULAR_EXACT \"\"F2_Regular\"\" leaves=\"202910\n"
"kernel 1 (Local):"
"\"S05_REGULAR_EXACT \"\"F1_Regular\"\" leaves=\"202904\n"
"kernel 4 (Local):"
"\"S05_OPTIMIZE \"\"Hqq_v4_F2_Regular_1\"\" leaves=\"202910\n"
"kernel 4 (Local):"
"\"S05_EXPORTED \"\"Hqq_v4_F2_Regular_1\"\" optimized=\"43291\n"
"kernel 4 (Local):"
"\"S05_CHANNEL_DONE \"\"Hqq_v4\"\n"
"kernel 4 (Local):"
"\"S05_TASK_DONE \"{\"Hqq_v4\", \"F2\", \"1\", \"Hqq_v4_F2_1\"}\" \"0\n"
"kernel 1 (Local):"
"\"S05_OPTIMIZE \"\"Hqq_v4_F1_Regular_1\"\" leaves=\"202904\n"
"kernel 1 (Local):"
"\"S05_EXPORTED \"\"Hqq_v4_F1_Regular_1\"\" optimized=\"43336\n"
"kernel 1 (Local):"
"\"S05_CHANNEL_DONE \"\"Hqq_v4\"\n"
"kernel 1 (Local):"
"\"S05_TASK_DONE \"{\"Hqq_v4\", \"F1\", \"1\", \"Hqq_v4_F1_1\"}\" \"0\n"
"kernel 6 (Local):"
"\"S05_PREPARE \"\"Hqg_v3_F1_LODelta_0\"\" leaves=\"90\n"
"kernel 6 (Local):"
"\"S05_REGULAR_EXACT \"\"F1_LODelta\"\" leaves=\"81\n"
"From kernel 6 (Local):"
"General::stop: Further output of N::meprec will be suppressed during this calculation."
"kernel 6 (Local):"
"\"S05_OPTIMIZE \"\"Hqg_v3_F1_LODelta_0\"\" leaves=\"81\n"
"kernel 6 (Local):"
"\"S05_EXPORTED \"\"Hqg_v3_F1_LODelta_0\"\" optimized=\"91\n"
"kernel 6 (Local):"
"\"S05_PREPARE \"\"Hqg_v3_F1_Delta_0\"\" leaves=\"1929\n"
"kernel 3 (Local):"
"\"S05_PREPARE \"\"Hqg_v3_F2_LODelta_0\"\" leaves=\"102\n"
"kernel 6 (Local):"
"\"S05_REGULAR_EXACT \"\"F1_Delta\"\" leaves=\"1137\n"
"kernel 3 (Local):"
"\"S05_REGULAR_EXACT \"\"F2_LODelta\"\" leaves=\"96\n"
"kernel 6 (Local):"
"\"S05_OPTIMIZE \"\"Hqg_v3_F1_Delta_0\"\" leaves=\"1137\n"
"kernel 6 (Local):"
"\"S05_EXPORTED \"\"Hqg_v3_F1_Delta_0\"\" optimized=\"703\n"
"kernel 6 (Local):"
"\"S05_PREPARE \"\"Hqg_v3_F1_L0_0\"\" leaves=\"319\n"
"kernel 6 (Local):"
"\"S05_REGULAR_EXACT \"\"F1_L0\"\" leaves=\"264\n"
"From kernel 3 (Local):"
"General::stop: Further output of N::meprec will be suppressed during this calculation."
"kernel 6 (Local):"
"\"S05_OPTIMIZE \"\"Hqg_v3_F1_L0_0\"\" leaves=\"264\n"
"kernel 3 (Local):"
"\"S05_OPTIMIZE \"\"Hqg_v3_F2_LODelta_0\"\" leaves=\"96\n"
"kernel 6 (Local):"
"\"S05_EXPORTED \"\"Hqg_v3_F1_L0_0\"\" optimized=\"176\n"
"kernel 3 (Local):"
"\"S05_EXPORTED \"\"Hqg_v3_F2_LODelta_0\"\" optimized=\"102\n"
"kernel 6 (Local):"
"\"S05_PREPARE \"\"Hqg_v3_F1_L1_0\"\" leaves=\"341\n"
"kernel 3 (Local):"
"\"S05_PREPARE \"\"Hqg_v3_F2_Delta_0\"\" leaves=\"1337\n"
"kernel 6 (Local):"
"\"S05_REGULAR_EXACT \"\"F1_L1\"\" leaves=\"111\n"
"kernel 3 (Local):"
"\"S05_REGULAR_EXACT \"\"F2_Delta\"\" leaves=\"907\n"
"kernel 6 (Local):"
"\"S05_OPTIMIZE \"\"Hqg_v3_F1_L1_0\"\" leaves=\"111\n"
"kernel 3 (Local):"
"\"S05_OPTIMIZE \"\"Hqg_v3_F2_Delta_0\"\" leaves=\"907\n"
"kernel 6 (Local):"
"\"S05_EXPORTED \"\"Hqg_v3_F1_L1_0\"\" optimized=\"95\n"
"kernel 3 (Local):"
"\"S05_EXPORTED \"\"Hqg_v3_F2_Delta_0\"\" optimized=\"545\n"
"kernel 6 (Local):"
"\"S05_PREPARE \"\"Hqg_v3_F1_Regular_0\"\" leaves=\"61573\n"
"kernel 3 (Local):"
"\"S05_PREPARE \"\"Hqg_v3_F2_L0_0\"\" leaves=\"299\n"
"kernel 6 (Local):"
"\"S05_REGULAR_EXACT \"\"F1_Regular\"\" leaves=\"30893\n"
"kernel 3 (Local):"
"\"S05_REGULAR_EXACT \"\"F2_L0\"\" leaves=\"249\n"
"kernel 3 (Local):"
"\"S05_OPTIMIZE \"\"Hqg_v3_F2_L0_0\"\" leaves=\"249\n"
"kernel 3 (Local):"
"\"S05_EXPORTED \"\"Hqg_v3_F2_L0_0\"\" optimized=\"165\n"
"kernel 3 (Local):"
"\"S05_PREPARE \"\"Hqg_v3_F2_L1_0\"\" leaves=\"64\n"
"kernel 3 (Local):"
"\"S05_REGULAR_EXACT \"\"F2_L1\"\" leaves=\"48\n"
"kernel 3 (Local):"
"\"S05_OPTIMIZE \"\"Hqg_v3_F2_L1_0\"\" leaves=\"48\n"
"kernel 3 (Local):"
"\"S05_EXPORTED \"\"Hqg_v3_F2_L1_0\"\" optimized=\"49\n"
"kernel 3 (Local):"
"\"S05_PREPARE \"\"Hqg_v3_F2_Regular_0\"\" leaves=\"173783\n"
"kernel 6 (Local):"
"\"S05_OPTIMIZE \"\"Hqg_v3_F1_Regular_0\"\" leaves=\"30893\n"
"kernel 6 (Local):"
"\"S05_EXPORTED \"\"Hqg_v3_F1_Regular_0\"\" optimized=\"10189\n"
"kernel 6 (Local):"
"\"S05_CHANNEL_DONE \"\"Hqg_v3\"\n"
"kernel 6 (Local):"
"\"S05_TASK_DONE \"{\"Hqg_v3\", \"F1\", \"0\", \"Hqg_v3_F1_0\"}\" \"0\n"
"kernel 3 (Local):"
"\"S05_REGULAR_EXACT \"\"F2_Regular\"\" leaves=\"114478\n"
"kernel 3 (Local):"
"\"S05_OPTIMIZE \"\"Hqg_v3_F2_Regular_0\"\" leaves=\"114478\n"
"kernel 3 (Local):"
"\"S05_EXPORTED \"\"Hqg_v3_F2_Regular_0\"\" optimized=\"38778\n"
"kernel 3 (Local):"
"\"S05_CHANNEL_DONE \"\"Hqg_v3\"\n"
"kernel 3 (Local):"
"\"S05_TASK_DONE \"{\"Hqg_v3\", \"F2\", \"0\", \"Hqg_v3_F2_0\"}\" \"0\n"
"S05_ALL_TASKS "InputForm[{{{"Hqq_v4", "F1", "1", "Hqq_v4_F1_1"}, 0}, {{"Hqq_v4", "F1", "-1", "Hqq_v4_F1_-1"}, 0}, {{"Hqq_v4", "F1", "0", "Hqq_v4_F1_0"}, 0}, {{"Hqq_v4", "F2", "1", "Hqq_v4_F2_1"}, 0}, {{"Hqq_v4", "F2", "-1", "Hqq_v4_F2_-1"}, 0}, {{"Hqq_v4", "F2", "0", "Hqq_v4_F2_0"}, 0}, {{"Hgg_v2", "F1", "", "Hgg_v2_F1"}, 0}, {{"Hgg_v2", "F2", "", "Hgg_v2_F2"}, 0}, {{"Hqqbar_v2", "F1", "", "Hqqbar_v2_F1"}, 0}, {{"Hqqbar_v2", "F2", "", "Hqqbar_v2_F2"}, 0}, {{"Hqqprime_v2", "F1", "", "Hqqprime_v2_F1"}, 0}, {{"Hqqprime_v2", "F2", "", "Hqqprime_v2_F2"}, 0}, {{"Hqg_v3", "F1", "0", "Hqg_v3_F1_0"}, 0}, {{"Hqg_v3", "F2", "0", "Hqg_v3_F2_0"}, 0}}]
"S05_ALL_SUCCESS"
