"S05_START ""export"
"S05_PREPARE ""Hqg_v3_F2_LODelta_0"" leaves="102
"S05_REGULAR_EXACT ""F2_LODelta"" leaves="96

                                                                                                                                                                              527                                                                                                     31
                                                                                                                                                                      63 Sqrt[---]                                                                                            23 Sqrt[---]
                                                                                                           527        -31 (170 + Sqrt[5270])                  1147            10           1742439              170               37           42439         23         23            170         1        2          1                                      10                    527    31 (170 + Sqrt[5270])
N::meprec: Internal precision limit $MaxExtraPrecision = 50. reached while evaluating {Q2 -> 17, s -> Sqrt[---], t -> ----------------------, ss -> 0, B -> -(----) + ------------, mu2 -> -------, xh -> ----------------, zH -> ---, PHT2 -> ------, xB -> ---, xi -> --- + ------------, as -> -, cq -> -, co -> -(-), ns -> 2, no -> 2, nf -> 4, csum -> --, omega -> Abs[Sqrt[---] - ---------------------]}.
                                                                                                           10          10 (31 + Sqrt[5270])                   1000        100              200000         170 + Sqrt[5270]        100          100000        100        100       100             5        3          3                                      9                     10     10 (31 + Sqrt[5270])

                                                                                                                                                                              527                                                                                                     31
                                                                                                                                                                      63 Sqrt[---]                                                                                            23 Sqrt[---]
                                                                                                           527        -31 (170 + Sqrt[5270])                  1147            10           1742439              170               37           42439         23         23            170         1        2          1                                      10                    527    31 (170 + Sqrt[5270])
N::meprec: Internal precision limit $MaxExtraPrecision = 50. reached while evaluating {Q2 -> 17, s -> Sqrt[---], t -> ----------------------, ss -> 0, B -> -(----) + ------------, mu2 -> -------, xh -> ----------------, zH -> ---, PHT2 -> ------, xB -> ---, xi -> --- + ------------, as -> -, cq -> -, co -> -(-), ns -> 2, no -> 2, nf -> 4, csum -> --, omega -> Abs[Sqrt[---] - ---------------------]}.
                                                                                                           10          10 (31 + Sqrt[5270])                   1000        100              200000         170 + Sqrt[5270]        100          100000        100        100       100             5        3          3                                      9                     10     10 (31 + Sqrt[5270])

                                                                                                                                                                              527                                                                                                     31
                                                                                                                                                                      63 Sqrt[---]                                                                                            23 Sqrt[---]
                                                                                                           527        -31 (170 + Sqrt[5270])                  1147            10           1742439              170               37           42439         23         23            170         1        2          1                                      10                    527    31 (170 + Sqrt[5270])
N::meprec: Internal precision limit $MaxExtraPrecision = 50. reached while evaluating {Q2 -> 17, s -> Sqrt[---], t -> ----------------------, ss -> 0, B -> -(----) + ------------, mu2 -> -------, xh -> ----------------, zH -> ---, PHT2 -> ------, xB -> ---, xi -> --- + ------------, as -> -, cq -> -, co -> -(-), ns -> 2, no -> 2, nf -> 4, csum -> --, omega -> Abs[Sqrt[---] - ---------------------]}.
                                                                                                           10          10 (31 + Sqrt[5270])                   1000        100              200000         170 + Sqrt[5270]        100          100000        100        100       100             5        3          3                                      9                     10     10 (31 + Sqrt[5270])

General::stop: Further output of N::meprec will be suppressed during this calculation.
"S05_OPTIMIZE ""Hqg_v3_F2_LODelta_0"" leaves="96
"S05_EXPORTED ""Hqg_v3_F2_LODelta_0"" optimized="102
"S05_PREPARE ""Hqg_v3_F2_Delta_0"" leaves="1337
"S05_REGULAR_EXACT ""F2_Delta"" leaves="907
"S05_OPTIMIZE ""Hqg_v3_F2_Delta_0"" leaves="907
"S05_EXPORTED ""Hqg_v3_F2_Delta_0"" optimized="545
"S05_PREPARE ""Hqg_v3_F2_L0_0"" leaves="299
"S05_REGULAR_EXACT ""F2_L0"" leaves="249
"S05_OPTIMIZE ""Hqg_v3_F2_L0_0"" leaves="249
"S05_EXPORTED ""Hqg_v3_F2_L0_0"" optimized="165
"S05_PREPARE ""Hqg_v3_F2_L1_0"" leaves="64
"S05_REGULAR_EXACT ""F2_L1"" leaves="48
"S05_OPTIMIZE ""Hqg_v3_F2_L1_0"" leaves="48
"S05_EXPORTED ""Hqg_v3_F2_L1_0"" optimized="49
"S05_PREPARE ""Hqg_v3_F2_Regular_0"" leaves="173783
"S05_REGULAR_EXACT ""F2_Regular"" leaves="114478
"S05_OPTIMIZE ""Hqg_v3_F2_Regular_0"" leaves="114478
"S05_EXPORTED ""Hqg_v3_F2_Regular_0"" optimized="38778
"S05_CHANNEL_DONE ""Hqg_v3"
