S07_TRANSLATE Hqq_v4_F1_Delta_0
S07_CHECKED Hqq_v4_F1_Delta_0 operations 348 passed True
S07_TRANSLATE Hqq_v4_F1_Delta_1
S07_CHECKED Hqq_v4_F1_Delta_1 operations 18611 passed True
S07_TRANSLATE Hqq_v4_F1_Delta_m1
S07_CHECKED Hqq_v4_F1_Delta_m1 operations 17856 passed True
S07_TRANSLATE Hqq_v4_F1_L0_0
S07_CHECKED Hqq_v4_F1_L0_0 operations 105 passed True
S07_TRANSLATE Hqq_v4_F1_L0_1
S07_CHECKED Hqq_v4_F1_L0_1 operations 407 passed True
S07_TRANSLATE Hqq_v4_F1_L0_m1
S07_CHECKED Hqq_v4_F1_L0_m1 operations 407 passed True
S07_TRANSLATE Hqq_v4_F1_L1_0
S07_CHECKED Hqq_v4_F1_L1_0 operations 64 passed True
S07_TRANSLATE Hqq_v4_F1_L1_1
S07_CHECKED Hqq_v4_F1_L1_1 operations 133 passed True
S07_TRANSLATE Hqq_v4_F1_L1_m1
S07_CHECKED Hqq_v4_F1_L1_m1 operations 135 passed True
S07_TRANSLATE Hqq_v4_F1_LODelta_0
S07_CHECKED Hqq_v4_F1_LODelta_0 operations 89 passed True
S07_TRANSLATE Hqq_v4_F1_LODelta_1
S07_CHECKED Hqq_v4_F1_LODelta_1 operations 89 passed True
S07_TRANSLATE Hqq_v4_F1_LODelta_m1
S07_CHECKED Hqq_v4_F1_LODelta_m1 operations 89 passed True
S07_TRANSLATE Hqq_v4_F1_Regular_0
S07_CHECKED Hqq_v4_F1_Regular_0 operations 20747 passed True
S07_TRANSLATE Hqq_v4_F1_Regular_1
S07_CHECKED Hqq_v4_F1_Regular_1 operations 18358 passed True
S07_TRANSLATE Hqq_v4_F1_Regular_m1
S07_CHECKED Hqq_v4_F1_Regular_m1 operations 18353 passed True
S07_TRANSLATE Hqq_v4_F2_Delta_0
S07_CHECKED Hqq_v4_F2_Delta_0 operations 383 passed True
S07_TRANSLATE Hqq_v4_F2_Delta_1
S07_CHECKED Hqq_v4_F2_Delta_1 operations 18335 passed True
S07_TRANSLATE Hqq_v4_F2_Delta_m1
S07_CHECKED Hqq_v4_F2_Delta_m1 operations 17745 passed True
S07_TRANSLATE Hqq_v4_F2_L0_0
S07_CHECKED Hqq_v4_F2_L0_0 operations 120 passed True
S07_TRANSLATE Hqq_v4_F2_L0_1
S07_CHECKED Hqq_v4_F2_L0_1 operations 411 passed True
S07_TRANSLATE Hqq_v4_F2_L0_m1
S07_CHECKED Hqq_v4_F2_L0_m1 operations 413 passed True
S07_TRANSLATE Hqq_v4_F2_L1_0
S07_CHECKED Hqq_v4_F2_L1_0 operations 78 passed True
S07_TRANSLATE Hqq_v4_F2_L1_1
S07_CHECKED Hqq_v4_F2_L1_1 operations 137 passed True
S07_TRANSLATE Hqq_v4_F2_L1_m1
S07_CHECKED Hqq_v4_F2_L1_m1 operations 139 passed True
S07_TRANSLATE Hqq_v4_F2_LODelta_0
S07_CHECKED Hqq_v4_F2_LODelta_0 operations 98 passed True
S07_TRANSLATE Hqq_v4_F2_LODelta_1
S07_CHECKED Hqq_v4_F2_LODelta_1 operations 98 passed True
S07_TRANSLATE Hqq_v4_F2_LODelta_m1
S07_CHECKED Hqq_v4_F2_LODelta_m1 operations 98 passed True
S07_TRANSLATE Hqq_v4_F2_Regular_0
S07_CHECKED Hqq_v4_F2_Regular_0 operations 21357 passed True
S07_TRANSLATE Hqq_v4_F2_Regular_1
S07_CHECKED Hqq_v4_F2_Regular_1 operations 18354 passed True
S07_TRANSLATE Hqq_v4_F2_Regular_m1
S07_CHECKED Hqq_v4_F2_Regular_m1 operations 18354 passed True
S07_TRANSLATE Hgg_v2_F1_Regular_1
S07_CHECKED Hgg_v2_F1_Regular_1 operations 14720 passed True
S07_TRANSLATE Hgg_v2_F1_Regular_m1
S07_CHECKED Hgg_v2_F1_Regular_m1 operations 14720 passed True
S07_TRANSLATE Hgg_v2_F2_Regular_1
S07_CHECKED Hgg_v2_F2_Regular_1 operations 14909 passed True
S07_TRANSLATE Hgg_v2_F2_Regular_m1
S07_CHECKED Hgg_v2_F2_Regular_m1 operations 14909 passed True
S07_TRANSLATE Hqqbar_v2_F1_Regular_1
S07_CHECKED Hqqbar_v2_F1_Regular_1 operations 11652 passed True
S07_TRANSLATE Hqqbar_v2_F1_Regular_m1
S07_CHECKED Hqqbar_v2_F1_Regular_m1 operations 11652 passed True
S07_TRANSLATE Hqqbar_v2_F2_Regular_1
S07_CHECKED Hqqbar_v2_F2_Regular_1 operations 11857 passed True
S07_TRANSLATE Hqqbar_v2_F2_Regular_m1
S07_CHECKED Hqqbar_v2_F2_Regular_m1 operations 11857 passed True
S07_TRANSLATE Hqqprime_v2_F1_IncomingChargeSquared_Regular_1
S07_CHECKED Hqqprime_v2_F1_IncomingChargeSquared_Regular_1 operations 2656 passed True
S07_TRANSLATE Hqqprime_v2_F1_IncomingChargeSquared_Regular_m1
S07_CHECKED Hqqprime_v2_F1_IncomingChargeSquared_Regular_m1 operations 2656 passed True
S07_TRANSLATE Hqqprime_v2_F1_MixedIncomingPrimeCharge_Regular_1
S07_CHECKED Hqqprime_v2_F1_MixedIncomingPrimeCharge_Regular_1 operations 2524 passed True
S07_TRANSLATE Hqqprime_v2_F1_MixedIncomingPrimeCharge_Regular_m1
S07_CHECKED Hqqprime_v2_F1_MixedIncomingPrimeCharge_Regular_m1 operations 2524 passed True
S07_TRANSLATE Hqqprime_v2_F1_PrimeChargeSquared_Regular_1
S07_CHECKED Hqqprime_v2_F1_PrimeChargeSquared_Regular_1 operations 3272 passed True
S07_TRANSLATE Hqqprime_v2_F1_PrimeChargeSquared_Regular_m1
S07_CHECKED Hqqprime_v2_F1_PrimeChargeSquared_Regular_m1 operations 3272 passed True
S07_TRANSLATE Hqqprime_v2_F2_IncomingChargeSquared_Regular_1
S07_CHECKED Hqqprime_v2_F2_IncomingChargeSquared_Regular_1 operations 2857 passed True
S07_TRANSLATE Hqqprime_v2_F2_IncomingChargeSquared_Regular_m1
S07_CHECKED Hqqprime_v2_F2_IncomingChargeSquared_Regular_m1 operations 2857 passed True
S07_TRANSLATE Hqqprime_v2_F2_MixedIncomingPrimeCharge_Regular_1
S07_CHECKED Hqqprime_v2_F2_MixedIncomingPrimeCharge_Regular_1 operations 2564 passed True
S07_TRANSLATE Hqqprime_v2_F2_MixedIncomingPrimeCharge_Regular_m1
S07_CHECKED Hqqprime_v2_F2_MixedIncomingPrimeCharge_Regular_m1 operations 2564 passed True
S07_TRANSLATE Hqqprime_v2_F2_PrimeChargeSquared_Regular_1
S07_CHECKED Hqqprime_v2_F2_PrimeChargeSquared_Regular_1 operations 3546 passed True
S07_TRANSLATE Hqqprime_v2_F2_PrimeChargeSquared_Regular_m1
S07_CHECKED Hqqprime_v2_F2_PrimeChargeSquared_Regular_m1 operations 3546 passed True
S07_TRANSLATE Hgq_v4_F1_Delta_0
S07_CHECKED Hgq_v4_F1_Delta_0 operations 334 passed True
S07_TRANSLATE Hgq_v4_F1_Delta_1
S07_CHECKED Hgq_v4_F1_Delta_1 operations 17958 passed True
S07_TRANSLATE Hgq_v4_F1_Delta_m1
S07_CHECKED Hgq_v4_F1_Delta_m1 operations 18164 passed True
S07_TRANSLATE Hgq_v4_F1_L0_0
S07_CHECKED Hgq_v4_F1_L0_0 operations 98 passed True
S07_TRANSLATE Hgq_v4_F1_L0_1
S07_CHECKED Hgq_v4_F1_L0_1 operations 433 passed True
S07_TRANSLATE Hgq_v4_F1_L0_m1
S07_CHECKED Hgq_v4_F1_L0_m1 operations 435 passed True
S07_TRANSLATE Hgq_v4_F1_L1_0
S07_CHECKED Hgq_v4_F1_L1_0 operations 62 passed True
S07_TRANSLATE Hgq_v4_F1_L1_1
S07_CHECKED Hgq_v4_F1_L1_1 operations 142 passed True
S07_TRANSLATE Hgq_v4_F1_L1_m1
S07_CHECKED Hgq_v4_F1_L1_m1 operations 140 passed True
S07_TRANSLATE Hgq_v4_F1_LODelta_0
S07_CHECKED Hgq_v4_F1_LODelta_0 operations 74 passed True
S07_TRANSLATE Hgq_v4_F1_LODelta_1
S07_CHECKED Hgq_v4_F1_LODelta_1 operations 74 passed True
S07_TRANSLATE Hgq_v4_F1_LODelta_m1
S07_CHECKED Hgq_v4_F1_LODelta_m1 operations 74 passed True
S07_TRANSLATE Hgq_v4_F1_Regular_0
S07_CHECKED Hgq_v4_F1_Regular_0 operations 24787 passed True
S07_TRANSLATE Hgq_v4_F1_Regular_1
S07_CHECKED Hgq_v4_F1_Regular_1 operations 39157 passed True
S07_TRANSLATE Hgq_v4_F1_Regular_m1
S07_CHECKED Hgq_v4_F1_Regular_m1 operations 39161 passed True
S07_TRANSLATE Hgq_v4_F2_Delta_0
S07_CHECKED Hgq_v4_F2_Delta_0 operations 327 passed True
S07_TRANSLATE Hgq_v4_F2_Delta_1
S07_CHECKED Hgq_v4_F2_Delta_1 operations 17829 passed True
S07_TRANSLATE Hgq_v4_F2_Delta_m1
S07_CHECKED Hgq_v4_F2_Delta_m1 operations 18035 passed True
S07_TRANSLATE Hgq_v4_F2_L0_0
S07_CHECKED Hgq_v4_F2_L0_0 operations 103 passed True
S07_TRANSLATE Hgq_v4_F2_L0_1
S07_CHECKED Hgq_v4_F2_L0_1 operations 434 passed True
S07_TRANSLATE Hgq_v4_F2_L0_m1
S07_CHECKED Hgq_v4_F2_L0_m1 operations 432 passed True
S07_TRANSLATE Hgq_v4_F2_L1_0
S07_CHECKED Hgq_v4_F2_L1_0 operations 68 passed True
S07_TRANSLATE Hgq_v4_F2_L1_1
S07_CHECKED Hgq_v4_F2_L1_1 operations 143 passed True
S07_TRANSLATE Hgq_v4_F2_L1_m1
S07_CHECKED Hgq_v4_F2_L1_m1 operations 141 passed True
S07_TRANSLATE Hgq_v4_F2_LODelta_0
S07_CHECKED Hgq_v4_F2_LODelta_0 operations 100 passed True
S07_TRANSLATE Hgq_v4_F2_LODelta_1
S07_CHECKED Hgq_v4_F2_LODelta_1 operations 100 passed True
S07_TRANSLATE Hgq_v4_F2_LODelta_m1
S07_CHECKED Hgq_v4_F2_LODelta_m1 operations 100 passed True
S07_TRANSLATE Hgq_v4_F2_Regular_0
S07_CHECKED Hgq_v4_F2_Regular_0 operations 25057 passed True
S07_TRANSLATE Hgq_v4_F2_Regular_1
S07_CHECKED Hgq_v4_F2_Regular_1 operations 38792 passed True
S07_TRANSLATE Hgq_v4_F2_Regular_m1
S07_CHECKED Hgq_v4_F2_Regular_m1 operations 38820 passed True
S07_TRANSLATE Hqg_v3_F1_LODelta_1
S07_CHECKED Hqg_v3_F1_LODelta_1 operations 89 passed True
S07_TRANSLATE Hqg_v3_F1_Delta_1
S07_CHECKED Hqg_v3_F1_Delta_1 operations 38210 passed True
S07_TRANSLATE Hqg_v3_F1_L0_1
S07_CHECKED Hqg_v3_F1_L0_1 operations 1810 passed True
S07_TRANSLATE Hqg_v3_F1_L1_1
S07_CHECKED Hqg_v3_F1_L1_1 operations 135 passed True
S07_TRANSLATE Hqg_v3_F1_Regular_1
S07_CHECKED Hqg_v3_F1_Regular_1 operations 28908 passed True
S07_TRANSLATE Hqg_v3_F1_LODelta_m1
S07_CHECKED Hqg_v3_F1_LODelta_m1 operations 89 passed True
S07_TRANSLATE Hqg_v3_F1_Delta_m1
S07_CHECKED Hqg_v3_F1_Delta_m1 operations 40041 passed True
S07_TRANSLATE Hqg_v3_F1_L0_m1
S07_CHECKED Hqg_v3_F1_L0_m1 operations 1859 passed True
S07_TRANSLATE Hqg_v3_F1_L1_m1
S07_CHECKED Hqg_v3_F1_L1_m1 operations 139 passed True
S07_TRANSLATE Hqg_v3_F1_Regular_m1
S07_CHECKED Hqg_v3_F1_Regular_m1 operations 28871 passed True
S07_TRANSLATE Hqg_v3_F1_LODelta_0
S07_CHECKED Hqg_v3_F1_LODelta_0 operations 89 passed True
S07_TRANSLATE Hqg_v3_F1_Delta_0
S07_CHECKED Hqg_v3_F1_Delta_0 operations 377 passed True
S07_TRANSLATE Hqg_v3_F1_L0_0
S07_CHECKED Hqg_v3_F1_L0_0 operations 118 passed True
S07_TRANSLATE Hqg_v3_F1_L1_0
S07_CHECKED Hqg_v3_F1_L1_0 operations 95 passed True
S07_TRANSLATE Hqg_v3_F1_Regular_0
S07_CHECKED Hqg_v3_F1_Regular_0 operations 7820 passed True
S07_TRANSLATE Hqg_v3_F2_LODelta_1
S07_CHECKED Hqg_v3_F2_LODelta_1 operations 100 passed True
S07_TRANSLATE Hqg_v3_F2_Delta_1
S07_CHECKED Hqg_v3_F2_Delta_1 operations 37831 passed True
S07_TRANSLATE Hqg_v3_F2_L0_1
S07_CHECKED Hqg_v3_F2_L0_1 operations 1825 passed True
S07_TRANSLATE Hqg_v3_F2_L1_1
S07_CHECKED Hqg_v3_F2_L1_1 operations 141 passed True
S07_TRANSLATE Hqg_v3_F2_Regular_1
S07_CHECKED Hqg_v3_F2_Regular_1 operations 28966 passed True
S07_TRANSLATE Hqg_v3_F2_LODelta_m1
S07_CHECKED Hqg_v3_F2_LODelta_m1 operations 100 passed True
S07_TRANSLATE Hqg_v3_F2_Delta_m1
S07_CHECKED Hqg_v3_F2_Delta_m1 operations 39703 passed True
S07_TRANSLATE Hqg_v3_F2_L0_m1
S07_CHECKED Hqg_v3_F2_L0_m1 operations 1884 passed True
S07_TRANSLATE Hqg_v3_F2_L1_m1
S07_CHECKED Hqg_v3_F2_L1_m1 operations 140 passed True
S07_TRANSLATE Hqg_v3_F2_Regular_m1
S07_CHECKED Hqg_v3_F2_Regular_m1 operations 28932 passed True
S07_TRANSLATE Hqg_v3_F2_LODelta_0
S07_CHECKED Hqg_v3_F2_LODelta_0 operations 100 passed True
S07_TRANSLATE Hqg_v3_F2_Delta_0
S07_CHECKED Hqg_v3_F2_Delta_0 operations 370 passed True
S07_TRANSLATE Hqg_v3_F2_L0_0
S07_CHECKED Hqg_v3_F2_L0_0 operations 115 passed True
S07_TRANSLATE Hqg_v3_F2_L1_0
S07_CHECKED Hqg_v3_F2_L1_0 operations 77 passed True
S07_TRANSLATE Hqg_v3_F2_Regular_0
S07_CHECKED Hqg_v3_F2_Regular_0 operations 20990 passed True
S07_PAIRED Hqq_v4_Delta_0 operations 585
S07_PAIRED Hqq_v4_Delta_1 operations 30716
S07_PAIRED Hqq_v4_Delta_m1 operations 29979
S07_PAIRED Hqq_v4_L0_0 operations 160
S07_PAIRED Hqq_v4_L0_1 operations 494
S07_PAIRED Hqq_v4_L0_m1 operations 496
S07_PAIRED Hqq_v4_L1_0 operations 89
S07_PAIRED Hqq_v4_L1_1 operations 153
S07_PAIRED Hqq_v4_L1_m1 operations 155
S07_PAIRED Hqq_v4_LODelta_0 operations 110
S07_PAIRED Hqq_v4_LODelta_1 operations 110
S07_PAIRED Hqq_v4_LODelta_m1 operations 110
S07_PAIRED Hqq_v4_Regular_0 operations 38459
S07_PAIRED Hqq_v4_Regular_1 operations 25397
S07_PAIRED Hqq_v4_Regular_m1 operations 21930
S07_PAIRED Hgg_v2_Regular_1 operations 27154
S07_PAIRED Hgg_v2_Regular_m1 operations 27154
S07_PAIRED Hqqbar_v2_Regular_1 operations 20221
S07_PAIRED Hqqbar_v2_Regular_m1 operations 20221
S07_PAIRED Hqqprime_v2_IncomingChargeSquared_Regular_1 operations 4506
S07_PAIRED Hqqprime_v2_IncomingChargeSquared_Regular_m1 operations 4506
S07_PAIRED Hqqprime_v2_MixedIncomingPrimeCharge_Regular_1 operations 4158
S07_PAIRED Hqqprime_v2_MixedIncomingPrimeCharge_Regular_m1 operations 4158
S07_PAIRED Hqqprime_v2_PrimeChargeSquared_Regular_1 operations 5921
S07_PAIRED Hqqprime_v2_PrimeChargeSquared_Regular_m1 operations 5921
S07_PAIRED Hgq_v4_Delta_0 operations 526
S07_PAIRED Hgq_v4_Delta_1 operations 27450
S07_PAIRED Hgq_v4_Delta_m1 operations 27652
S07_PAIRED Hgq_v4_L0_0 operations 142
S07_PAIRED Hgq_v4_L0_1 operations 541
S07_PAIRED Hgq_v4_L0_m1 operations 545
S07_PAIRED Hgq_v4_L1_0 operations 79
S07_PAIRED Hgq_v4_L1_1 operations 175
S07_PAIRED Hgq_v4_L1_m1 operations 173
S07_PAIRED Hgq_v4_LODelta_0 operations 121
S07_PAIRED Hgq_v4_LODelta_1 operations 121
S07_PAIRED Hgq_v4_LODelta_m1 operations 121
S07_PAIRED Hgq_v4_Regular_0 operations 37682
S07_PAIRED Hgq_v4_Regular_1 operations 44044
S07_PAIRED Hgq_v4_Regular_m1 operations 67828
S07_PAIRED Hqg_v3_LODelta_1 operations 113
S07_PAIRED Hqg_v3_Delta_1 operations 59778
S07_PAIRED Hqg_v3_L0_1 operations 2450
S07_PAIRED Hqg_v3_L1_1 operations 161
S07_PAIRED Hqg_v3_Regular_1 operations 38917
S07_PAIRED Hqg_v3_LODelta_m1 operations 113
S07_PAIRED Hqg_v3_Delta_m1 operations 65511
S07_PAIRED Hqg_v3_L0_m1 operations 2746
S07_PAIRED Hqg_v3_L1_m1 operations 162
S07_PAIRED Hqg_v3_Regular_m1 operations 38879
S07_PAIRED Hqg_v3_LODelta_0 operations 113
S07_PAIRED Hqg_v3_Delta_0 operations 583
S07_PAIRED Hqg_v3_L0_0 operations 162
S07_PAIRED Hqg_v3_L1_0 operations 120
S07_PAIRED Hqg_v3_Regular_0 operations 28373
S07_SUCCESS all 876
