{
  "status": "Complete",
  "checks": {
    "hqq_moment_sum_nf4_flavor0": true,
    "hqq_moment_sum_nf4_flavor1": true,
    "hqq_moment_sum_nf4_flavor2": true,
    "hqq_moment_sum_nf4_flavor3": true,
    "neutral_interference_cancellation_nf4": true,
    "unique_ordered_flavor_pairs_nf4": true,
    "hqq_moment_sum_nf5_flavor0": true,
    "hqq_moment_sum_nf5_flavor1": true,
    "hqq_moment_sum_nf5_flavor2": true,
    "hqq_moment_sum_nf5_flavor3": true,
    "hqq_moment_sum_nf5_flavor4": true,
    "neutral_interference_cancellation_nf5": true,
    "unique_ordered_flavor_pairs_nf5": true,
    "azimuthal_acceptance": true,
    "constant_annihilation_Hqq_v4": true,
    "constant_annihilation_Hqg_v3": true,
    "constant_annihilation_Hgq_v4": true,
    "v4_boundary_coordinates": true
  }
}
