"S05_START ""export"
"S05_PREPARE ""Hqg_v3_F1_LODelta_1"" leaves="90
"S05_COMPACT_RATIONAL ""F1_LODelta"" leaves="81
"S05_OPTIMIZE ""Hqg_v3_F1_LODelta_1"" leaves="81
"S05_EXPORTED ""Hqg_v3_F1_LODelta_1"" optimized="91
"S05_PREPARE ""Hqg_v3_F1_Delta_1"" leaves="680037
"S05_COMPACT_START ""F1_Delta"" atoms="58" leaves="276443
"S05_COEFFICIENT_START ""F1_Delta"" "1" leaves="2237
"S05_COEFFICIENT_START ""F1_Delta"" "2" leaves="2697
"S05_COEFFICIENT_START ""F1_Delta"" "3" leaves="1274
"S05_COEFFICIENT_START ""F1_Delta"" "4" leaves="1422
"S05_COEFFICIENT_START ""F1_Delta"" "5" leaves="1274
"S05_COEFFICIENT_START ""F1_Delta"" "6" leaves="557
"S05_COEFFICIENT_START ""F1_Delta"" "7" leaves="538
"S05_COEFFICIENT_START ""F1_Delta"" "8" leaves="639
"S05_COEFFICIENT_START ""F1_Delta"" "9" leaves="961
"S05_COEFFICIENT_START ""F1_Delta"" "10" leaves="1835
"S05_COEFFICIENT_START ""F1_Delta"" "11" leaves="2472
"S05_COEFFICIENT_START ""F1_Delta"" "12" leaves="1938
"S05_COEFFICIENT_START ""F1_Delta"" "13" leaves="393
"S05_COEFFICIENT_START ""F1_Delta"" "14" leaves="330
"S05_COEFFICIENT_START ""F1_Delta"" "15" leaves="1944
"S05_COEFFICIENT_START ""F1_Delta"" "16" leaves="698
"S05_COEFFICIENT_START ""F1_Delta"" "17" leaves="115
"S05_COEFFICIENT_START ""F1_Delta"" "18" leaves="115
"S05_COEFFICIENT_START ""F1_Delta"" "19" leaves="115
"S05_COEFFICIENT_START ""F1_Delta"" "20" leaves="115
"S05_COEFFICIENT_START ""F1_Delta"" "21" leaves="902
"S05_COEFFICIENT_START ""F1_Delta"" "22" leaves="1822
"S05_COEFFICIENT_START ""F1_Delta"" "23" leaves="14
"S05_COEFFICIENT_START ""F1_Delta"" "24" leaves="1572
"S05_COEFFICIENT_START ""F1_Delta"" "25" leaves="854
"S05_COEFFICIENT_START ""F1_Delta"" "26" leaves="418
"S05_COEFFICIENT_START ""F1_Delta"" "27" leaves="115
"S05_COEFFICIENT_START ""F1_Delta"" "28" leaves="304
"S05_COEFFICIENT_START ""F1_Delta"" "29" leaves="115
"S05_COEFFICIENT_START ""F1_Delta"" "30" leaves="313
"S05_COEFFICIENT_START ""F1_Delta"" "31" leaves="65
"S05_COEFFICIENT_START ""F1_Delta"" "32" leaves="3654
"S05_COEFFICIENT_START ""F1_Delta"" "33" leaves="1494
"S05_COEFFICIENT_START ""F1_Delta"" "34" leaves="1100
"S05_COEFFICIENT_START ""F1_Delta"" "35" leaves="289
"S05_COEFFICIENT_START ""F1_Delta"" "36" leaves="41
"S05_COEFFICIENT_START ""F1_Delta"" "37" leaves="996
"S05_COEFFICIENT_START ""F1_Delta"" "38" leaves="12
"S05_COEFFICIENT_START ""F1_Delta"" "39" leaves="12
"S05_COEFFICIENT_START ""F1_Delta"" "40" leaves="1779
"S05_COEFFICIENT_START ""F1_Delta"" "41" leaves="87
"S05_COEFFICIENT_START ""F1_Delta"" "42" leaves="27
"S05_COEFFICIENT_START ""F1_Delta"" "43" leaves="185
"S05_COEFFICIENT_START ""F1_Delta"" "44" leaves="648
"S05_COEFFICIENT_START ""F1_Delta"" "45" leaves="123
"S05_COEFFICIENT_START ""F1_Delta"" "46" leaves="185
"S05_COEFFICIENT_START ""F1_Delta"" "47" leaves="15
"S05_COEFFICIENT_START ""F1_Delta"" "48" leaves="14
"S05_COEFFICIENT_START ""F1_Delta"" "49" leaves="242
"S05_COEFFICIENT_START ""F1_Delta"" "50" leaves="103
"S05_COEFFICIENT_START ""F1_Delta"" "51" leaves="1470
"S05_COEFFICIENT_START ""F1_Delta"" "52" leaves="1479
"S05_COEFFICIENT_START ""F1_Delta"" "53" leaves="115
"S05_COEFFICIENT_START ""F1_Delta"" "54" leaves="304
"S05_COEFFICIENT_START ""F1_Delta"" "55" leaves="114
"S05_COEFFICIENT_START ""F1_Delta"" "56" leaves="397
"S05_COEFFICIENT_START ""F1_Delta"" "57" leaves="91
"S05_COEFFICIENT_START ""F1_Delta"" "58" leaves="425
"S05_COEFFICIENT_START ""F1_Delta"" "59" leaves="103
"S05_COEFFICIENT_START ""F1_Delta"" "60" leaves="856
"S05_COEFFICIENT_START ""F1_Delta"" "61" leaves="832
"S05_COEFFICIENT_START ""F1_Delta"" "62" leaves="115
"S05_COEFFICIENT_START ""F1_Delta"" "63" leaves="304
"S05_COEFFICIENT_START ""F1_Delta"" "64" leaves="115
"S05_COEFFICIENT_START ""F1_Delta"" "65" leaves="335
"S05_COEFFICIENT_START ""F1_Delta"" "66" leaves="91
"S05_COEFFICIENT_START ""F1_Delta"" "67" leaves="243
"S05_COEFFICIENT_START ""F1_Delta"" "68" leaves="2207
"S05_COEFFICIENT_START ""F1_Delta"" "69" leaves="1033
"S05_COEFFICIENT_START ""F1_Delta"" "70" leaves="2207
"S05_COEFFICIENT_START ""F1_Delta"" "71" leaves="2046
"S05_COEFFICIENT_START ""F1_Delta"" "72" leaves="1556
"S05_COEFFICIENT_START ""F1_Delta"" "73" leaves="1218
"S05_COEFFICIENT_START ""F1_Delta"" "74" leaves="1503
"S05_COEFFICIENT_START ""F1_Delta"" "75" leaves="1316
"S05_COEFFICIENT_START ""F1_Delta"" "76" leaves="6018
"S05_COEFFICIENT_START ""F1_Delta"" "77" leaves="110
"S05_COEFFICIENT_START ""F1_Delta"" "78" leaves="2001
"S05_COEFFICIENT_START ""F1_Delta"" "79" leaves="3809
"S05_COEFFICIENT_START ""F1_Delta"" "80" leaves="14
"S05_COEFFICIENT_START ""F1_Delta"" "81" leaves="1424
"S05_COEFFICIENT_START ""F1_Delta"" "82" leaves="1439
"S05_COEFFICIENT_START ""F1_Delta"" "83" leaves="12
"S05_COEFFICIENT_START ""F1_Delta"" "84" leaves="114
"S05_COEFFICIENT_START ""F1_Delta"" "85" leaves="2688
"S05_COEFFICIENT_START ""F1_Delta"" "86" leaves="1128
"S05_COEFFICIENT_START ""F1_Delta"" "87" leaves="1663
"S05_COEFFICIENT_START ""F1_Delta"" "88" leaves="1544
"S05_COEFFICIENT_START ""F1_Delta"" "89" leaves="304
"S05_COEFFICIENT_START ""F1_Delta"" "90" leaves="115
"S05_COEFFICIENT_START ""F1_Delta"" "91" leaves="313
"S05_COEFFICIENT_START ""F1_Delta"" "92" leaves="65
"S05_COEFFICIENT_START ""F1_Delta"" "93" leaves="2432
"S05_COEFFICIENT_START ""F1_Delta"" "94" leaves="2453
"S05_COEFFICIENT_START ""F1_Delta"" "95" leaves="24
"S05_COEFFICIENT_START ""F1_Delta"" "96" leaves="8525
"S05_COEFFICIENT_START ""F1_Delta"" "97" leaves="1782
"S05_COEFFICIENT_START ""F1_Delta"" "98" leaves="2095
"S05_COEFFICIENT_START ""F1_Delta"" "99" leaves="2156
"S05_COEFFICIENT_START ""F1_Delta"" "100" leaves="2794
"S05_COEFFICIENT_START ""F1_Delta"" "101" leaves="1109
"S05_COEFFICIENT_START ""F1_Delta"" "102" leaves="1663
"S05_COEFFICIENT_START ""F1_Delta"" "103" leaves="1544
"S05_COEFFICIENT_START ""F1_Delta"" "104" leaves="2548
"S05_COEFFICIENT_START ""F1_Delta"" "105" leaves="193
"S05_COEFFICIENT_START ""F1_Delta"" "106" leaves="1874
"S05_COEFFICIENT_START ""F1_Delta"" "107" leaves="613
"S05_COEFFICIENT_START ""F1_Delta"" "108" leaves="4399
"S05_COEFFICIENT_START ""F1_Delta"" "109" leaves="2437
"S05_COEFFICIENT_START ""F1_Delta"" "110" leaves="775
"S05_COEFFICIENT_START ""F1_Delta"" "111" leaves="87
"S05_COEFFICIENT_START ""F1_Delta"" "112" leaves="99
"S05_COEFFICIENT_START ""F1_Delta"" "113" leaves="557
"S05_COEFFICIENT_START ""F1_Delta"" "114" leaves="190
"S05_COEFFICIENT_START ""F1_Delta"" "115" leaves="31
"S05_COEFFICIENT_START ""F1_Delta"" "116" leaves="797
"S05_COEFFICIENT_START ""F1_Delta"" "117" leaves="538
"S05_COEFFICIENT_START ""F1_Delta"" "118" leaves="961
"S05_COEFFICIENT_START ""F1_Delta"" "119" leaves="121
"S05_COEFFICIENT_START ""F1_Delta"" "120" leaves="8012
"S05_COEFFICIENT_START ""F1_Delta"" "121" leaves="2491
"S05_COEFFICIENT_START ""F1_Delta"" "122" leaves="115
"S05_COEFFICIENT_START ""F1_Delta"" "123" leaves="114
"S05_COEFFICIENT_START ""F1_Delta"" "124" leaves="115
"S05_COEFFICIENT_START ""F1_Delta"" "125" leaves="114
"S05_COEFFICIENT_START ""F1_Delta"" "126" leaves="267
"S05_COEFFICIENT_START ""F1_Delta"" "127" leaves="2110
"S05_COEFFICIENT_START ""F1_Delta"" "128" leaves="1287
"S05_COEFFICIENT_START ""F1_Delta"" "129" leaves="5898
"S05_COEFFICIENT_START ""F1_Delta"" "130" leaves="114
"S05_COEFFICIENT_START ""F1_Delta"" "131" leaves="1278
"S05_COEFFICIENT_START ""F1_Delta"" "132" leaves="1288
"S05_COEFFICIENT_START ""F1_Delta"" "133" leaves="557
"S05_COEFFICIENT_START ""F1_Delta"" "134" leaves="550
"S05_COEFFICIENT_START ""F1_Delta"" "135" leaves="2700
"S05_COEFFICIENT_START ""F1_Delta"" "136" leaves="14
"S05_COEFFICIENT_START ""F1_Delta"" "137" leaves="191
"S05_COEFFICIENT_START ""F1_Delta"" "138" leaves="217
"S05_COEFFICIENT_START ""F1_Delta"" "139" leaves="115
"S05_COEFFICIENT_START ""F1_Delta"" "140" leaves="639
"S05_COEFFICIENT_START ""F1_Delta"" "141" leaves="961
"S05_COEFFICIENT_START ""F1_Delta"" "142" leaves="3720
"S05_COEFFICIENT_START ""F1_Delta"" "143" leaves="1700
"S05_COEFFICIENT_START ""F1_Delta"" "144" leaves="1211
"S05_COEFFICIENT_START ""F1_Delta"" "145" leaves="3619
"S05_COEFFICIENT_START ""F1_Delta"" "146" leaves="115
"S05_COEFFICIENT_START ""F1_Delta"" "147" leaves="833
"S05_COEFFICIENT_START ""F1_Delta"" "148" leaves="115
"S05_COEFFICIENT_START ""F1_Delta"" "149" leaves="266
"S05_COEFFICIENT_START ""F1_Delta"" "150" leaves="937
"S05_COEFFICIENT_START ""F1_Delta"" "151" leaves="88
"S05_COEFFICIENT_START ""F1_Delta"" "152" leaves="203
"S05_COEFFICIENT_START ""F1_Delta"" "153" leaves="1764
"S05_COEFFICIENT_START ""F1_Delta"" "154" leaves="5267
"S05_COEFFICIENT_START ""F1_Delta"" "155" leaves="2384
"S05_COEFFICIENT_START ""F1_Delta"" "156" leaves="1146
"S05_COEFFICIENT_START ""F1_Delta"" "157" leaves="2149
"S05_COEFFICIENT_START ""F1_Delta"" "158" leaves="5240
"S05_COEFFICIENT_START ""F1_Delta"" "159" leaves="114
"S05_COEFFICIENT_START ""F1_Delta"" "160" leaves="115
"S05_COEFFICIENT_START ""F1_Delta"" "161" leaves="1090
"S05_COEFFICIENT_START ""F1_Delta"" "162" leaves="1513
"S05_COEFFICIENT_START ""F1_Delta"" "163" leaves="1494
"S05_COEFFICIENT_START ""F1_Delta"" "164" leaves="164
"S05_COEFFICIENT_START ""F1_Delta"" "165" leaves="140
"S05_COEFFICIENT_START ""F1_Delta"" "166" leaves="640
"S05_COEFFICIENT_START ""F1_Delta"" "167" leaves="282
"S05_COEFFICIENT_START ""F1_Delta"" "168" leaves="10996
"S05_COMPACT_DONE ""F1_Delta"" rational_checks="168" leaves="30316
"S05_OPTIMIZE ""Hqg_v3_F1_Delta_1"" leaves="30316
"S05_EXPORTED ""Hqg_v3_F1_Delta_1"" optimized="14344
"S05_PREPARE ""Hqg_v3_F1_L0_1"" leaves="21313
"S05_COMPACT_START ""F1_L0"" atoms="14" leaves="7839
"S05_COEFFICIENT_START ""F1_L0"" "1" leaves="393
"S05_COEFFICIENT_START ""F1_L0"" "2" leaves="1572
"S05_COEFFICIENT_START ""F1_L0"" "3" leaves="289
"S05_COEFFICIENT_START ""F1_L0"" "4" leaves="87
"S05_COEFFICIENT_START ""F1_L0"" "5" leaves="185
"S05_COEFFICIENT_START ""F1_L0"" "6" leaves="237
"S05_COEFFICIENT_START ""F1_L0"" "7" leaves="103
"S05_COEFFICIENT_START ""F1_L0"" "8" leaves="1470
"S05_COEFFICIENT_START ""F1_L0"" "9" leaves="1529
"S05_COEFFICIENT_START ""F1_L0"" "10" leaves="115
"S05_COEFFICIENT_START ""F1_L0"" "11" leaves="114
"S05_COEFFICIENT_START ""F1_L0"" "12" leaves="397
"S05_COEFFICIENT_START ""F1_L0"" "13" leaves="91
"S05_COEFFICIENT_START ""F1_L0"" "14" leaves="304
"S05_COEFFICIENT_START ""F1_L0"" "15" leaves="526
"S05_COMPACT_DONE ""F1_L0"" rational_checks="15" leaves="2221
"S05_OPTIMIZE ""Hqg_v3_F1_L0_1"" leaves="2221
"S05_EXPORTED ""Hqg_v3_F1_L0_1"" optimized="1245
"S05_PREPARE ""Hqg_v3_F1_L1_1"" leaves="577
"S05_COMPACT_RATIONAL ""F1_L1"" leaves="83
"S05_OPTIMIZE ""Hqg_v3_F1_L1_1"" leaves="83
"S05_EXPORTED ""Hqg_v3_F1_L1_1"" optimized="93
"S05_PREPARE ""Hqg_v3_F1_Regular_1"" leaves="292994
"S05_REGULAR_EXACT ""F1_Regular"" leaves="182254
"S05_OPTIMIZE ""Hqg_v3_F1_Regular_1"" leaves="182254
"S05_EXPORTED ""Hqg_v3_F1_Regular_1"" optimized="58763
"S05_PREPARE ""Hqg_v3_F1_LODelta_m1"" leaves="90
"S05_COMPACT_RATIONAL ""F1_LODelta"" leaves="81
"S05_OPTIMIZE ""Hqg_v3_F1_LODelta_m1"" leaves="81
"S05_EXPORTED ""Hqg_v3_F1_LODelta_m1"" optimized="91
"S05_PREPARE ""Hqg_v3_F1_Delta_m1"" leaves="766503
"S05_COMPACT_START ""F1_Delta"" atoms="60" leaves="315379
"S05_COEFFICIENT_START ""F1_Delta"" "1" leaves="2501
"S05_COEFFICIENT_START ""F1_Delta"" "2" leaves="2969
"S05_COEFFICIENT_START ""F1_Delta"" "3" leaves="1358
"S05_COEFFICIENT_START ""F1_Delta"" "4" leaves="1486
"S05_COEFFICIENT_START ""F1_Delta"" "5" leaves="1358
"S05_COEFFICIENT_START ""F1_Delta"" "6" leaves="557
"S05_COEFFICIENT_START ""F1_Delta"" "7" leaves="618
"S05_COEFFICIENT_START ""F1_Delta"" "8" leaves="687
"S05_COEFFICIENT_START ""F1_Delta"" "9" leaves="1081
"S05_COEFFICIENT_START ""F1_Delta"" "10" leaves="2087
"S05_COEFFICIENT_START ""F1_Delta"" "11" leaves="2812
"S05_COEFFICIENT_START ""F1_Delta"" "12" leaves="2884
"S05_COEFFICIENT_START ""F1_Delta"" "13" leaves="567
"S05_COEFFICIENT_START ""F1_Delta"" "14" leaves="472
"S05_COEFFICIENT_START ""F1_Delta"" "15" leaves="2888
"S05_COEFFICIENT_START ""F1_Delta"" "16" leaves="1060
"S05_COEFFICIENT_START ""F1_Delta"" "17" leaves="1282
"S05_COEFFICIENT_START ""F1_Delta"" "18" leaves="2353
"S05_COEFFICIENT_START ""F1_Delta"" "19" leaves="14
"S05_COEFFICIENT_START ""F1_Delta"" "20" leaves="2200
"S05_COEFFICIENT_START ""F1_Delta"" "21" leaves="1264
"S05_COEFFICIENT_START ""F1_Delta"" "22" leaves="638
"S05_COEFFICIENT_START ""F1_Delta"" "23" leaves="157
"S05_COEFFICIENT_START ""F1_Delta"" "24" leaves="82
"S05_COEFFICIENT_START ""F1_Delta"" "25" leaves="445
"S05_COEFFICIENT_START ""F1_Delta"" "26" leaves="93
"S05_COEFFICIENT_START ""F1_Delta"" "27" leaves="156
"S05_COEFFICIENT_START ""F1_Delta"" "28" leaves="442
"S05_COEFFICIENT_START ""F1_Delta"" "29" leaves="82
"S05_COEFFICIENT_START ""F1_Delta"" "30" leaves="82
"S05_COEFFICIENT_START ""F1_Delta"" "31" leaves="82
"S05_COEFFICIENT_START ""F1_Delta"" "32" leaves="5379
"S05_COEFFICIENT_START ""F1_Delta"" "33" leaves="1734
"S05_COEFFICIENT_START ""F1_Delta"" "34" leaves="1196
"S05_COEFFICIENT_START ""F1_Delta"" "35" leaves="413
"S05_COEFFICIENT_START ""F1_Delta"" "36" leaves="41
"S05_COEFFICIENT_START ""F1_Delta"" "37" leaves="1140
"S05_COEFFICIENT_START ""F1_Delta"" "38" leaves="12
"S05_COEFFICIENT_START ""F1_Delta"" "39" leaves="12
"S05_COEFFICIENT_START ""F1_Delta"" "40" leaves="2015
"S05_COEFFICIENT_START ""F1_Delta"" "41" leaves="130
"S05_COEFFICIENT_START ""F1_Delta"" "42" leaves="213
"S05_COEFFICIENT_START ""F1_Delta"" "43" leaves="885
"S05_COEFFICIENT_START ""F1_Delta"" "44" leaves="34
"S05_COEFFICIENT_START ""F1_Delta"" "45" leaves="15
"S05_COEFFICIENT_START ""F1_Delta"" "46" leaves="171
"S05_COEFFICIENT_START ""F1_Delta"" "47" leaves="261
"S05_COEFFICIENT_START ""F1_Delta"" "48" leaves="15
"S05_COEFFICIENT_START ""F1_Delta"" "49" leaves="14
"S05_COEFFICIENT_START ""F1_Delta"" "50" leaves="338
"S05_COEFFICIENT_START ""F1_Delta"" "51" leaves="135
"S05_COEFFICIENT_START ""F1_Delta"" "52" leaves="2352
"S05_COEFFICIENT_START ""F1_Delta"" "53" leaves="2306
"S05_COEFFICIENT_START ""F1_Delta"" "54" leaves="156
"S05_COEFFICIENT_START ""F1_Delta"" "55" leaves="82
"S05_COEFFICIENT_START ""F1_Delta"" "56" leaves="572
"S05_COEFFICIENT_START ""F1_Delta"" "57" leaves="123
"S05_COEFFICIENT_START ""F1_Delta"" "58" leaves="157
"S05_COEFFICIENT_START ""F1_Delta"" "59" leaves="442
"S05_COEFFICIENT_START ""F1_Delta"" "60" leaves="82
"S05_COEFFICIENT_START ""F1_Delta"" "61" leaves="581
"S05_COEFFICIENT_START ""F1_Delta"" "62" leaves="135
"S05_COEFFICIENT_START ""F1_Delta"" "63" leaves="1264
"S05_COEFFICIENT_START ""F1_Delta"" "64" leaves="1216
"S05_COEFFICIENT_START ""F1_Delta"" "65" leaves="157
"S05_COEFFICIENT_START ""F1_Delta"" "66" leaves="82
"S05_COEFFICIENT_START ""F1_Delta"" "67" leaves="477
"S05_COEFFICIENT_START ""F1_Delta"" "68" leaves="123
"S05_COEFFICIENT_START ""F1_Delta"" "69" leaves="157
"S05_COEFFICIENT_START ""F1_Delta"" "70" leaves="442
"S05_COEFFICIENT_START ""F1_Delta"" "71" leaves="82
"S05_COEFFICIENT_START ""F1_Delta"" "72" leaves="327
"S05_COEFFICIENT_START ""F1_Delta"" "73" leaves="2403
"S05_COEFFICIENT_START ""F1_Delta"" "74" leaves="1129
"S05_COEFFICIENT_START ""F1_Delta"" "75" leaves="2411
"S05_COEFFICIENT_START ""F1_Delta"" "76" leaves="2246
"S05_COEFFICIENT_START ""F1_Delta"" "77" leaves="1696
"S05_COEFFICIENT_START ""F1_Delta"" "78" leaves="1306
"S05_COEFFICIENT_START ""F1_Delta"" "79" leaves="1611
"S05_COEFFICIENT_START ""F1_Delta"" "80" leaves="1496
"S05_COEFFICIENT_START ""F1_Delta"" "81" leaves="6586
"S05_COEFFICIENT_START ""F1_Delta"" "82" leaves="152
"S05_COEFFICIENT_START ""F1_Delta"" "83" leaves="2181
"S05_COEFFICIENT_START ""F1_Delta"" "84" leaves="4177
"S05_COEFFICIENT_START ""F1_Delta"" "85" leaves="14
"S05_COEFFICIENT_START ""F1_Delta"" "86" leaves="1809
"S05_COEFFICIENT_START ""F1_Delta"" "87" leaves="1527
"S05_COEFFICIENT_START ""F1_Delta"" "88" leaves="12
"S05_COEFFICIENT_START ""F1_Delta"" "89" leaves="157
"S05_COEFFICIENT_START ""F1_Delta"" "90" leaves="2980
"S05_COEFFICIENT_START ""F1_Delta"" "91" leaves="1204
"S05_COEFFICIENT_START ""F1_Delta"" "92" leaves="82
"S05_COEFFICIENT_START ""F1_Delta"" "93" leaves="1795
"S05_COEFFICIENT_START ""F1_Delta"" "94" leaves="1672
"S05_COEFFICIENT_START ""F1_Delta"" "95" leaves="445
"S05_COEFFICIENT_START ""F1_Delta"" "96" leaves="93
"S05_COEFFICIENT_START ""F1_Delta"" "97" leaves="156
"S05_COEFFICIENT_START ""F1_Delta"" "98" leaves="442
"S05_COEFFICIENT_START ""F1_Delta"" "99" leaves="2764
"S05_COEFFICIENT_START ""F1_Delta"" "100" leaves="2793
"S05_COEFFICIENT_START ""F1_Delta"" "101" leaves="82
"S05_COEFFICIENT_START ""F1_Delta"" "102" leaves="10769
"S05_COEFFICIENT_START ""F1_Delta"" "103" leaves="1970
"S05_COEFFICIENT_START ""F1_Delta"" "104" leaves="2295
"S05_COEFFICIENT_START ""F1_Delta"" "105" leaves="2360
"S05_COEFFICIENT_START ""F1_Delta"" "106" leaves="3106
"S05_COEFFICIENT_START ""F1_Delta"" "107" leaves="1185
"S05_COEFFICIENT_START ""F1_Delta"" "108" leaves="1795
"S05_COEFFICIENT_START ""F1_Delta"" "109" leaves="1672
"S05_COEFFICIENT_START ""F1_Delta"" "110" leaves="2904
"S05_COEFFICIENT_START ""F1_Delta"" "111" leaves="221
"S05_COEFFICIENT_START ""F1_Delta"" "112" leaves="2126
"S05_COEFFICIENT_START ""F1_Delta"" "113" leaves="613
"S05_COEFFICIENT_START ""F1_Delta"" "114" leaves="4835
"S05_COEFFICIENT_START ""F1_Delta"" "115" leaves="2831
"S05_COEFFICIENT_START ""F1_Delta"" "116" leaves="891
"S05_COEFFICIENT_START ""F1_Delta"" "117" leaves="87
"S05_COEFFICIENT_START ""F1_Delta"" "118" leaves="99
"S05_COEFFICIENT_START ""F1_Delta"" "119" leaves="557
"S05_COEFFICIENT_START ""F1_Delta"" "120" leaves="277
"S05_COEFFICIENT_START ""F1_Delta"" "121" leaves="35
"S05_COEFFICIENT_START ""F1_Delta"" "122" leaves="913
"S05_COEFFICIENT_START ""F1_Delta"" "123" leaves="618
"S05_COEFFICIENT_START ""F1_Delta"" "124" leaves="1081
"S05_COEFFICIENT_START ""F1_Delta"" "125" leaves="121
"S05_COEFFICIENT_START ""F1_Delta"" "126" leaves="10148
"S05_COEFFICIENT_START ""F1_Delta"" "127" leaves="2727
"S05_COEFFICIENT_START ""F1_Delta"" "128" leaves="158
"S05_COEFFICIENT_START ""F1_Delta"" "129" leaves="157
"S05_COEFFICIENT_START ""F1_Delta"" "130" leaves="360
"S05_COEFFICIENT_START ""F1_Delta"" "131" leaves="2294
"S05_COEFFICIENT_START ""F1_Delta"" "132" leaves="1371
"S05_COEFFICIENT_START ""F1_Delta"" "133" leaves="6514
"S05_COEFFICIENT_START ""F1_Delta"" "134" leaves="1342
"S05_COEFFICIENT_START ""F1_Delta"" "135" leaves="1372
"S05_COEFFICIENT_START ""F1_Delta"" "136" leaves="557
"S05_COEFFICIENT_START ""F1_Delta"" "137" leaves="630
"S05_COEFFICIENT_START ""F1_Delta"" "138" leaves="2860
"S05_COEFFICIENT_START ""F1_Delta"" "139" leaves="14
"S05_COEFFICIENT_START ""F1_Delta"" "140" leaves="82
"S05_COEFFICIENT_START ""F1_Delta"" "141" leaves="156
"S05_COEFFICIENT_START ""F1_Delta"" "142" leaves="82
"S05_COEFFICIENT_START ""F1_Delta"" "143" leaves="82
"S05_COEFFICIENT_START ""F1_Delta"" "144" leaves="82
"S05_COEFFICIENT_START ""F1_Delta"" "145" leaves="217
"S05_COEFFICIENT_START ""F1_Delta"" "146" leaves="191
"S05_COEFFICIENT_START ""F1_Delta"" "147" leaves="217
"S05_COEFFICIENT_START ""F1_Delta"" "148" leaves="687
"S05_COEFFICIENT_START ""F1_Delta"" "149" leaves="1081
"S05_COEFFICIENT_START ""F1_Delta"" "150" leaves="4028
"S05_COEFFICIENT_START ""F1_Delta"" "151" leaves="1848
"S05_COEFFICIENT_START ""F1_Delta"" "152" leaves="1211
"S05_COEFFICIENT_START ""F1_Delta"" "153" leaves="3923
"S05_COEFFICIENT_START ""F1_Delta"" "154" leaves="1328
"S05_COEFFICIENT_START ""F1_Delta"" "155" leaves="123
"S05_COEFFICIENT_START ""F1_Delta"" "156" leaves="281
"S05_COEFFICIENT_START ""F1_Delta"" "157" leaves="159
"S05_COEFFICIENT_START ""F1_Delta"" "158" leaves="82
"S05_COEFFICIENT_START ""F1_Delta"" "159" leaves="82
"S05_COEFFICIENT_START ""F1_Delta"" "160" leaves="361
"S05_COEFFICIENT_START ""F1_Delta"" "161" leaves="1187
"S05_COEFFICIENT_START ""F1_Delta"" "162" leaves="1992
"S05_COEFFICIENT_START ""F1_Delta"" "163" leaves="5967
"S05_COEFFICIENT_START ""F1_Delta"" "164" leaves="2708
"S05_COEFFICIENT_START ""F1_Delta"" "165" leaves="1314
"S05_COEFFICIENT_START ""F1_Delta"" "166" leaves="2417
"S05_COEFFICIENT_START ""F1_Delta"" "167" leaves="5956
"S05_COEFFICIENT_START ""F1_Delta"" "168" leaves="156
"S05_COEFFICIENT_START ""F1_Delta"" "169" leaves="157
"S05_COEFFICIENT_START ""F1_Delta"" "170" leaves="1170
"S05_COEFFICIENT_START ""F1_Delta"" "171" leaves="1633
"S05_COEFFICIENT_START ""F1_Delta"" "172" leaves="1694
"S05_COEFFICIENT_START ""F1_Delta"" "173" leaves="164
"S05_COEFFICIENT_START ""F1_Delta"" "174" leaves="140
"S05_COEFFICIENT_START ""F1_Delta"" "175" leaves="640
"S05_COEFFICIENT_START ""F1_Delta"" "176" leaves="82
"S05_COEFFICIENT_START ""F1_Delta"" "177" leaves="82
"S05_COEFFICIENT_START ""F1_Delta"" "178" leaves="82
"S05_COEFFICIENT_START ""F1_Delta"" "179" leaves="217
"S05_COEFFICIENT_START ""F1_Delta"" "180" leaves="282
"S05_COEFFICIENT_START ""F1_Delta"" "181" leaves="12459
"S05_COMPACT_DONE ""F1_Delta"" rational_checks="181" leaves="30618
"S05_OPTIMIZE ""Hqg_v3_F1_Delta_m1"" leaves="30618
"S05_EXPORTED ""Hqg_v3_F1_Delta_m1"" optimized="14746
"S05_PREPARE ""Hqg_v3_F1_L0_m1"" leaves="23215
"S05_COMPACT_START ""F1_L0"" atoms="15" leaves="11407
"S05_COEFFICIENT_START ""F1_L0"" "1" leaves="567
"S05_COEFFICIENT_START ""F1_L0"" "2" leaves="2200
"S05_COEFFICIENT_START ""F1_L0"" "3" leaves="413
"S05_COEFFICIENT_START ""F1_L0"" "4" leaves="130
"S05_COEFFICIENT_START ""F1_L0"" "5" leaves="333
"S05_COEFFICIENT_START ""F1_L0"" "6" leaves="135
"S05_COEFFICIENT_START ""F1_L0"" "7" leaves="2352
"S05_COEFFICIENT_START ""F1_L0"" "8" leaves="2356
"S05_COEFFICIENT_START ""F1_L0"" "9" leaves="156
"S05_COEFFICIENT_START ""F1_L0"" "10" leaves="572
"S05_COEFFICIENT_START ""F1_L0"" "11" leaves="123
"S05_COEFFICIENT_START ""F1_L0"" "12" leaves="157
"S05_COEFFICIENT_START ""F1_L0"" "13" leaves="82
"S05_COEFFICIENT_START ""F1_L0"" "14" leaves="442
"S05_COEFFICIENT_START ""F1_L0"" "15" leaves="82
"S05_COEFFICIENT_START ""F1_L0"" "16" leaves="682
"S05_COMPACT_DONE ""F1_L0"" rational_checks="16" leaves="2289
"S05_OPTIMIZE ""Hqg_v3_F1_L0_m1"" leaves="2289
"S05_EXPORTED ""Hqg_v3_F1_L0_m1"" optimized="1340
"S05_PREPARE ""Hqg_v3_F1_L1_m1"" leaves="640
"S05_COMPACT_RATIONAL ""F1_L1"" leaves="83
"S05_OPTIMIZE ""Hqg_v3_F1_L1_m1"" leaves="83
"S05_EXPORTED ""Hqg_v3_F1_L1_m1"" optimized="93
"S05_PREPARE ""Hqg_v3_F1_Regular_m1"" leaves="321593
"S05_REGULAR_EXACT ""F1_Regular"" leaves="201178
"S05_OPTIMIZE ""Hqg_v3_F1_Regular_m1"" leaves="201178
"S05_EXPORTED ""Hqg_v3_F1_Regular_m1"" optimized="58844
"S05_PREPARE ""Hqg_v3_F2_LODelta_1"" leaves="102
"S05_COMPACT_RATIONAL ""F2_LODelta"" leaves="96
"S05_OPTIMIZE ""Hqg_v3_F2_LODelta_1"" leaves="96
"S05_EXPORTED ""Hqg_v3_F2_LODelta_1"" optimized="102
"S05_PREPARE ""Hqg_v3_F2_Delta_1"" leaves="680044
"S05_COMPACT_START ""F2_Delta"" atoms="58" leaves="276430
"S05_COEFFICIENT_START ""F2_Delta"" "1" leaves="2464
"S05_COEFFICIENT_START ""F2_Delta"" "2" leaves="2827
"S05_COEFFICIENT_START ""F2_Delta"" "3" leaves="1273
"S05_COEFFICIENT_START ""F2_Delta"" "4" leaves="1493
"S05_COEFFICIENT_START ""F2_Delta"" "5" leaves="1271
"S05_COEFFICIENT_START ""F2_Delta"" "6" leaves="594
"S05_COEFFICIENT_START ""F2_Delta"" "7" leaves="550
"S05_COEFFICIENT_START ""F2_Delta"" "8" leaves="718
"S05_COEFFICIENT_START ""F2_Delta"" "9" leaves="1051
"S05_COEFFICIENT_START ""F2_Delta"" "10" leaves="1986
"S05_COEFFICIENT_START ""F2_Delta"" "11" leaves="2683
"S05_COEFFICIENT_START ""F2_Delta"" "12" leaves="2181
"S05_COEFFICIENT_START ""F2_Delta"" "13" leaves="484
"S05_COEFFICIENT_START ""F2_Delta"" "14" leaves="421
"S05_COEFFICIENT_START ""F2_Delta"" "15" leaves="2205
"S05_COEFFICIENT_START ""F2_Delta"" "16" leaves="839
"S05_COEFFICIENT_START ""F2_Delta"" "17" leaves="149
"S05_COEFFICIENT_START ""F2_Delta"" "18" leaves="149
"S05_COEFFICIENT_START ""F2_Delta"" "19" leaves="149
"S05_COEFFICIENT_START ""F2_Delta"" "20" leaves="149
"S05_COEFFICIENT_START ""F2_Delta"" "21" leaves="1078
"S05_COEFFICIENT_START ""F2_Delta"" "22" leaves="2039
"S05_COEFFICIENT_START ""F2_Delta"" "23" leaves="14
"S05_COEFFICIENT_START ""F2_Delta"" "24" leaves="1761
"S05_COEFFICIENT_START ""F2_Delta"" "25" leaves="966
"S05_COEFFICIENT_START ""F2_Delta"" "26" leaves="530
"S05_COEFFICIENT_START ""F2_Delta"" "27" leaves="145
"S05_COEFFICIENT_START ""F2_Delta"" "28" leaves="391
"S05_COEFFICIENT_START ""F2_Delta"" "29" leaves="145
"S05_COEFFICIENT_START ""F2_Delta"" "30" leaves="395
"S05_COEFFICIENT_START ""F2_Delta"" "31" leaves="89
"S05_COEFFICIENT_START ""F2_Delta"" "32" leaves="4100
"S05_COEFFICIENT_START ""F2_Delta"" "33" leaves="1609
"S05_COEFFICIENT_START ""F2_Delta"" "34" leaves="1225
"S05_COEFFICIENT_START ""F2_Delta"" "35" leaves="295
"S05_COEFFICIENT_START ""F2_Delta"" "36" leaves="55
"S05_COEFFICIENT_START ""F2_Delta"" "37" leaves="1101
"S05_COEFFICIENT_START ""F2_Delta"" "38" leaves="14
"S05_COEFFICIENT_START ""F2_Delta"" "39" leaves="14
"S05_COEFFICIENT_START ""F2_Delta"" "40" leaves="1931
"S05_COEFFICIENT_START ""F2_Delta"" "41" leaves="93
"S05_COEFFICIENT_START ""F2_Delta"" "42" leaves="27
"S05_COEFFICIENT_START ""F2_Delta"" "43" leaves="185
"S05_COEFFICIENT_START ""F2_Delta"" "44" leaves="660
"S05_COEFFICIENT_START ""F2_Delta"" "45" leaves="127
"S05_COEFFICIENT_START ""F2_Delta"" "46" leaves="196
"S05_COEFFICIENT_START ""F2_Delta"" "47" leaves="15
"S05_COEFFICIENT_START ""F2_Delta"" "48" leaves="14
"S05_COEFFICIENT_START ""F2_Delta"" "49" leaves="255
"S05_COEFFICIENT_START ""F2_Delta"" "50" leaves="131
"S05_COEFFICIENT_START ""F2_Delta"" "51" leaves="1659
"S05_COEFFICIENT_START ""F2_Delta"" "52" leaves="1652
"S05_COEFFICIENT_START ""F2_Delta"" "53" leaves="149
"S05_COEFFICIENT_START ""F2_Delta"" "54" leaves="391
"S05_COEFFICIENT_START ""F2_Delta"" "55" leaves="149
"S05_COEFFICIENT_START ""F2_Delta"" "56" leaves="481
"S05_COEFFICIENT_START ""F2_Delta"" "57" leaves="119
"S05_COEFFICIENT_START ""F2_Delta"" "58" leaves="502
"S05_COEFFICIENT_START ""F2_Delta"" "59" leaves="131
"S05_COEFFICIENT_START ""F2_Delta"" "60" leaves="974
"S05_COEFFICIENT_START ""F2_Delta"" "61" leaves="932
"S05_COEFFICIENT_START ""F2_Delta"" "62" leaves="149
"S05_COEFFICIENT_START ""F2_Delta"" "63" leaves="391
"S05_COEFFICIENT_START ""F2_Delta"" "64" leaves="149
"S05_COEFFICIENT_START ""F2_Delta"" "65" leaves="422
"S05_COEFFICIENT_START ""F2_Delta"" "66" leaves="119
"S05_COEFFICIENT_START ""F2_Delta"" "67" leaves="312
"S05_COEFFICIENT_START ""F2_Delta"" "68" leaves="2325
"S05_COEFFICIENT_START ""F2_Delta"" "69" leaves="1153
"S05_COEFFICIENT_START ""F2_Delta"" "70" leaves="2359
"S05_COEFFICIENT_START ""F2_Delta"" "71" leaves="2185
"S05_COEFFICIENT_START ""F2_Delta"" "72" leaves="1628
"S05_COEFFICIENT_START ""F2_Delta"" "73" leaves="1259
"S05_COEFFICIENT_START ""F2_Delta"" "74" leaves="1586
"S05_COEFFICIENT_START ""F2_Delta"" "75" leaves="1420
"S05_COEFFICIENT_START ""F2_Delta"" "76" leaves="6423
"S05_COEFFICIENT_START ""F2_Delta"" "77" leaves="116
"S05_COEFFICIENT_START ""F2_Delta"" "78" leaves="2106
"S05_COEFFICIENT_START ""F2_Delta"" "79" leaves="4121
"S05_COEFFICIENT_START ""F2_Delta"" "80" leaves="16
"S05_COEFFICIENT_START ""F2_Delta"" "81" leaves="1613
"S05_COEFFICIENT_START ""F2_Delta"" "82" leaves="1491
"S05_COEFFICIENT_START ""F2_Delta"" "83" leaves="14
"S05_COEFFICIENT_START ""F2_Delta"" "84" leaves="149
"S05_COEFFICIENT_START ""F2_Delta"" "85" leaves="2889
"S05_COEFFICIENT_START ""F2_Delta"" "86" leaves="1230
"S05_COEFFICIENT_START ""F2_Delta"" "87" leaves="1803
"S05_COEFFICIENT_START ""F2_Delta"" "88" leaves="1736
"S05_COEFFICIENT_START ""F2_Delta"" "89" leaves="391
"S05_COEFFICIENT_START ""F2_Delta"" "90" leaves="149
"S05_COEFFICIENT_START ""F2_Delta"" "91" leaves="395
"S05_COEFFICIENT_START ""F2_Delta"" "92" leaves="89
"S05_COEFFICIENT_START ""F2_Delta"" "93" leaves="2631
"S05_COEFFICIENT_START ""F2_Delta"" "94" leaves="2694
"S05_COEFFICIENT_START ""F2_Delta"" "95" leaves="29
"S05_COEFFICIENT_START ""F2_Delta"" "96" leaves="9404
"S05_COEFFICIENT_START ""F2_Delta"" "97" leaves="1911
"S05_COEFFICIENT_START ""F2_Delta"" "98" leaves="2236
"S05_COEFFICIENT_START ""F2_Delta"" "99" leaves="2268
"S05_COEFFICIENT_START ""F2_Delta"" "100" leaves="3018
"S05_COEFFICIENT_START ""F2_Delta"" "101" leaves="1232
"S05_COEFFICIENT_START ""F2_Delta"" "102" leaves="1803
"S05_COEFFICIENT_START ""F2_Delta"" "103" leaves="1736
"S05_COEFFICIENT_START ""F2_Delta"" "104" leaves="2771
"S05_COEFFICIENT_START ""F2_Delta"" "105" leaves="201
"S05_COEFFICIENT_START ""F2_Delta"" "106" leaves="2022
"S05_COEFFICIENT_START ""F2_Delta"" "107" leaves="623
"S05_COEFFICIENT_START ""F2_Delta"" "108" leaves="4778
"S05_COEFFICIENT_START ""F2_Delta"" "109" leaves="2668
"S05_COEFFICIENT_START ""F2_Delta"" "110" leaves="840
"S05_COEFFICIENT_START ""F2_Delta"" "111" leaves="119
"S05_COEFFICIENT_START ""F2_Delta"" "112" leaves="131
"S05_COEFFICIENT_START ""F2_Delta"" "113" leaves="594
"S05_COEFFICIENT_START ""F2_Delta"" "114" leaves="251
"S05_COEFFICIENT_START ""F2_Delta"" "115" leaves="35
"S05_COEFFICIENT_START ""F2_Delta"" "116" leaves="876
"S05_COEFFICIENT_START ""F2_Delta"" "117" leaves="550
"S05_COEFFICIENT_START ""F2_Delta"" "118" leaves="1051
"S05_COEFFICIENT_START ""F2_Delta"" "119" leaves="157
"S05_COEFFICIENT_START ""F2_Delta"" "120" leaves="8806
"S05_COEFFICIENT_START ""F2_Delta"" "121" leaves="2646
"S05_COEFFICIENT_START ""F2_Delta"" "122" leaves="149
"S05_COEFFICIENT_START ""F2_Delta"" "123" leaves="149
"S05_COEFFICIENT_START ""F2_Delta"" "124" leaves="149
"S05_COEFFICIENT_START ""F2_Delta"" "125" leaves="149
"S05_COEFFICIENT_START ""F2_Delta"" "126" leaves="342
"S05_COEFFICIENT_START ""F2_Delta"" "127" leaves="2200
"S05_COEFFICIENT_START ""F2_Delta"" "128" leaves="1301
"S05_COEFFICIENT_START ""F2_Delta"" "129" leaves="6366
"S05_COEFFICIENT_START ""F2_Delta"" "130" leaves="149
"S05_COEFFICIENT_START ""F2_Delta"" "131" leaves="1333
"S05_COEFFICIENT_START ""F2_Delta"" "132" leaves="1302
"S05_COEFFICIENT_START ""F2_Delta"" "133" leaves="594
"S05_COEFFICIENT_START ""F2_Delta"" "134" leaves="550
"S05_COEFFICIENT_START ""F2_Delta"" "135" leaves="2822
"S05_COEFFICIENT_START ""F2_Delta"" "136" leaves="16
"S05_COEFFICIENT_START ""F2_Delta"" "137" leaves="262
"S05_COEFFICIENT_START ""F2_Delta"" "138" leaves="288
"S05_COEFFICIENT_START ""F2_Delta"" "139" leaves="149
"S05_COEFFICIENT_START ""F2_Delta"" "140" leaves="718
"S05_COEFFICIENT_START ""F2_Delta"" "141" leaves="1051
"S05_COEFFICIENT_START ""F2_Delta"" "142" leaves="3992
"S05_COEFFICIENT_START ""F2_Delta"" "143" leaves="1778
"S05_COEFFICIENT_START ""F2_Delta"" "144" leaves="1262
"S05_COEFFICIENT_START ""F2_Delta"" "145" leaves="3959
"S05_COEFFICIENT_START ""F2_Delta"" "146" leaves="149
"S05_COEFFICIENT_START ""F2_Delta"" "147" leaves="1011
"S05_COEFFICIENT_START ""F2_Delta"" "148" leaves="149
"S05_COEFFICIENT_START ""F2_Delta"" "149" leaves="342
"S05_COEFFICIENT_START ""F2_Delta"" "150" leaves="1110
"S05_COEFFICIENT_START ""F2_Delta"" "151" leaves="119
"S05_COEFFICIENT_START ""F2_Delta"" "152" leaves="265
"S05_COEFFICIENT_START ""F2_Delta"" "153" leaves="1931
"S05_COEFFICIENT_START ""F2_Delta"" "154" leaves="5686
"S05_COEFFICIENT_START ""F2_Delta"" "155" leaves="2596
"S05_COEFFICIENT_START ""F2_Delta"" "156" leaves="1173
"S05_COEFFICIENT_START ""F2_Delta"" "157" leaves="2364
"S05_COEFFICIENT_START ""F2_Delta"" "158" leaves="5707
"S05_COEFFICIENT_START ""F2_Delta"" "159" leaves="149
"S05_COEFFICIENT_START ""F2_Delta"" "160" leaves="149
"S05_COEFFICIENT_START ""F2_Delta"" "161" leaves="1139
"S05_COEFFICIENT_START ""F2_Delta"" "162" leaves="1640
"S05_COEFFICIENT_START ""F2_Delta"" "163" leaves="1596
"S05_COEFFICIENT_START ""F2_Delta"" "164" leaves="209
"S05_COEFFICIENT_START ""F2_Delta"" "165" leaves="185
"S05_COEFFICIENT_START ""F2_Delta"" "166" leaves="651
"S05_COEFFICIENT_START ""F2_Delta"" "167" leaves="367
"S05_COEFFICIENT_START ""F2_Delta"" "168" leaves="11763
"S05_COMPACT_DONE ""F2_Delta"" rational_checks="168" leaves="31153
"S05_OPTIMIZE ""Hqg_v3_F2_Delta_1"" leaves="31153
"S05_EXPORTED ""Hqg_v3_F2_Delta_1"" optimized="14662
"S05_PREPARE ""Hqg_v3_F2_L0_1"" leaves="21313
"S05_COMPACT_START ""F2_L0"" atoms="14" leaves="7846
"S05_COEFFICIENT_START ""F2_L0"" "1" leaves="484
"S05_COEFFICIENT_START ""F2_L0"" "2" leaves="1761
"S05_COEFFICIENT_START ""F2_L0"" "3" leaves="295
"S05_COEFFICIENT_START ""F2_L0"" "4" leaves="93
"S05_COEFFICIENT_START ""F2_L0"" "5" leaves="185
"S05_COEFFICIENT_START ""F2_L0"" "6" leaves="253
"S05_COEFFICIENT_START ""F2_L0"" "7" leaves="131
"S05_COEFFICIENT_START ""F2_L0"" "8" leaves="1659
"S05_COEFFICIENT_START ""F2_L0"" "9" leaves="1710
"S05_COEFFICIENT_START ""F2_L0"" "10" leaves="149
"S05_COEFFICIENT_START ""F2_L0"" "11" leaves="149
"S05_COEFFICIENT_START ""F2_L0"" "12" leaves="481
"S05_COEFFICIENT_START ""F2_L0"" "13" leaves="119
"S05_COEFFICIENT_START ""F2_L0"" "14" leaves="391
"S05_COEFFICIENT_START ""F2_L0"" "15" leaves="619
"S05_COMPACT_DONE ""F2_L0"" rational_checks="15" leaves="2313
"S05_OPTIMIZE ""Hqg_v3_F2_L0_1"" leaves="2313
"S05_EXPORTED ""Hqg_v3_F2_L0_1"" optimized="1288
"S05_PREPARE ""Hqg_v3_F2_L1_1"" leaves="582
"S05_COMPACT_RATIONAL ""F2_L1"" leaves="98
"S05_OPTIMIZE ""Hqg_v3_F2_L1_1"" leaves="98
"S05_EXPORTED ""Hqg_v3_F2_L1_1"" optimized="104
"S05_PREPARE ""Hqg_v3_F2_Regular_1"" leaves="292969
"S05_REGULAR_EXACT ""F2_Regular"" leaves="182261
"S05_OPTIMIZE ""Hqg_v3_F2_Regular_1"" leaves="182261
"S05_EXPORTED ""Hqg_v3_F2_Regular_1"" optimized="58766
"S05_PREPARE ""Hqg_v3_F2_LODelta_m1"" leaves="102
"S05_COMPACT_RATIONAL ""F2_LODelta"" leaves="96
"S05_OPTIMIZE ""Hqg_v3_F2_LODelta_m1"" leaves="96
"S05_EXPORTED ""Hqg_v3_F2_LODelta_m1"" optimized="102
"S05_PREPARE ""Hqg_v3_F2_Delta_m1"" leaves="766509
"S05_COMPACT_START ""F2_Delta"" atoms="60" leaves="315366
"S05_COEFFICIENT_START ""F2_Delta"" "1" leaves="2732
"S05_COEFFICIENT_START ""F2_Delta"" "2" leaves="3099
"S05_COEFFICIENT_START ""F2_Delta"" "3" leaves="1357
"S05_COEFFICIENT_START ""F2_Delta"" "4" leaves="1557
"S05_COEFFICIENT_START ""F2_Delta"" "5" leaves="1355
"S05_COEFFICIENT_START ""F2_Delta"" "6" leaves="594
"S05_COEFFICIENT_START ""F2_Delta"" "7" leaves="630
"S05_COEFFICIENT_START ""F2_Delta"" "8" leaves="766
"S05_COEFFICIENT_START ""F2_Delta"" "9" leaves="1171
"S05_COEFFICIENT_START ""F2_Delta"" "10" leaves="2242
"S05_COEFFICIENT_START ""F2_Delta"" "11" leaves="3027
"S05_COEFFICIENT_START ""F2_Delta"" "12" leaves="3145
"S05_COEFFICIENT_START ""F2_Delta"" "13" leaves="658
"S05_COEFFICIENT_START ""F2_Delta"" "14" leaves="563
"S05_COEFFICIENT_START ""F2_Delta"" "15" leaves="3149
"S05_COEFFICIENT_START ""F2_Delta"" "16" leaves="1201
"S05_COEFFICIENT_START ""F2_Delta"" "17" leaves="1458
"S05_COEFFICIENT_START ""F2_Delta"" "18" leaves="2600
"S05_COEFFICIENT_START ""F2_Delta"" "19" leaves="14
"S05_COEFFICIENT_START ""F2_Delta"" "20" leaves="2393
"S05_COEFFICIENT_START ""F2_Delta"" "21" leaves="1376
"S05_COEFFICIENT_START ""F2_Delta"" "22" leaves="750
"S05_COEFFICIENT_START ""F2_Delta"" "23" leaves="191
"S05_COEFFICIENT_START ""F2_Delta"" "24" leaves="100
"S05_COEFFICIENT_START ""F2_Delta"" "25" leaves="527
"S05_COEFFICIENT_START ""F2_Delta"" "26" leaves="117
"S05_COEFFICIENT_START ""F2_Delta"" "27" leaves="191
"S05_COEFFICIENT_START ""F2_Delta"" "28" leaves="529
"S05_COEFFICIENT_START ""F2_Delta"" "29" leaves="100
"S05_COEFFICIENT_START ""F2_Delta"" "30" leaves="100
"S05_COEFFICIENT_START ""F2_Delta"" "31" leaves="100
"S05_COEFFICIENT_START ""F2_Delta"" "32" leaves="5842
"S05_COEFFICIENT_START ""F2_Delta"" "33" leaves="1848
"S05_COEFFICIENT_START ""F2_Delta"" "34" leaves="1321
"S05_COEFFICIENT_START ""F2_Delta"" "35" leaves="419
"S05_COEFFICIENT_START ""F2_Delta"" "36" leaves="55
"S05_COEFFICIENT_START ""F2_Delta"" "37" leaves="1245
"S05_COEFFICIENT_START ""F2_Delta"" "38" leaves="14
"S05_COEFFICIENT_START ""F2_Delta"" "39" leaves="14
"S05_COEFFICIENT_START ""F2_Delta"" "40" leaves="2167
"S05_COEFFICIENT_START ""F2_Delta"" "41" leaves="135
"S05_COEFFICIENT_START ""F2_Delta"" "42" leaves="213
"S05_COEFFICIENT_START ""F2_Delta"" "43" leaves="892
"S05_COEFFICIENT_START ""F2_Delta"" "44" leaves="39
"S05_COEFFICIENT_START ""F2_Delta"" "45" leaves="13
"S05_COEFFICIENT_START ""F2_Delta"" "46" leaves="175
"S05_COEFFICIENT_START ""F2_Delta"" "47" leaves="272
"S05_COEFFICIENT_START ""F2_Delta"" "48" leaves="15
"S05_COEFFICIENT_START ""F2_Delta"" "49" leaves="14
"S05_COEFFICIENT_START ""F2_Delta"" "50" leaves="351
"S05_COEFFICIENT_START ""F2_Delta"" "51" leaves="163
"S05_COEFFICIENT_START ""F2_Delta"" "52" leaves="2541
"S05_COEFFICIENT_START ""F2_Delta"" "53" leaves="2471
"S05_COEFFICIENT_START ""F2_Delta"" "54" leaves="191
"S05_COEFFICIENT_START ""F2_Delta"" "55" leaves="100
"S05_COEFFICIENT_START ""F2_Delta"" "56" leaves="655
"S05_COEFFICIENT_START ""F2_Delta"" "57" leaves="151
"S05_COEFFICIENT_START ""F2_Delta"" "58" leaves="191
"S05_COEFFICIENT_START ""F2_Delta"" "59" leaves="529
"S05_COEFFICIENT_START ""F2_Delta"" "60" leaves="100
"S05_COEFFICIENT_START ""F2_Delta"" "61" leaves="658
"S05_COEFFICIENT_START ""F2_Delta"" "62" leaves="163
"S05_COEFFICIENT_START ""F2_Delta"" "63" leaves="1382
"S05_COEFFICIENT_START ""F2_Delta"" "64" leaves="1316
"S05_COEFFICIENT_START ""F2_Delta"" "65" leaves="191
"S05_COEFFICIENT_START ""F2_Delta"" "66" leaves="100
"S05_COEFFICIENT_START ""F2_Delta"" "67" leaves="564
"S05_COEFFICIENT_START ""F2_Delta"" "68" leaves="151
"S05_COEFFICIENT_START ""F2_Delta"" "69" leaves="191
"S05_COEFFICIENT_START ""F2_Delta"" "70" leaves="529
"S05_COEFFICIENT_START ""F2_Delta"" "71" leaves="100
"S05_COEFFICIENT_START ""F2_Delta"" "72" leaves="396
"S05_COEFFICIENT_START ""F2_Delta"" "73" leaves="2521
"S05_COEFFICIENT_START ""F2_Delta"" "74" leaves="1249
"S05_COEFFICIENT_START ""F2_Delta"" "75" leaves="2563
"S05_COEFFICIENT_START ""F2_Delta"" "76" leaves="2385
"S05_COEFFICIENT_START ""F2_Delta"" "77" leaves="1768
"S05_COEFFICIENT_START ""F2_Delta"" "78" leaves="1347
"S05_COEFFICIENT_START ""F2_Delta"" "79" leaves="1694
"S05_COEFFICIENT_START ""F2_Delta"" "80" leaves="1600
"S05_COEFFICIENT_START ""F2_Delta"" "81" leaves="6991
"S05_COEFFICIENT_START ""F2_Delta"" "82" leaves="158
"S05_COEFFICIENT_START ""F2_Delta"" "83" leaves="2286
"S05_COEFFICIENT_START ""F2_Delta"" "84" leaves="4489
"S05_COEFFICIENT_START ""F2_Delta"" "85" leaves="16
"S05_COEFFICIENT_START ""F2_Delta"" "86" leaves="2027
"S05_COEFFICIENT_START ""F2_Delta"" "87" leaves="1579
"S05_COEFFICIENT_START ""F2_Delta"" "88" leaves="14
"S05_COEFFICIENT_START ""F2_Delta"" "89" leaves="191
"S05_COEFFICIENT_START ""F2_Delta"" "90" leaves="3185
"S05_COEFFICIENT_START ""F2_Delta"" "91" leaves="1306
"S05_COEFFICIENT_START ""F2_Delta"" "92" leaves="100
"S05_COEFFICIENT_START ""F2_Delta"" "93" leaves="1935
"S05_COEFFICIENT_START ""F2_Delta"" "94" leaves="1864
"S05_COEFFICIENT_START ""F2_Delta"" "95" leaves="527
"S05_COEFFICIENT_START ""F2_Delta"" "96" leaves="117
"S05_COEFFICIENT_START ""F2_Delta"" "97" leaves="191
"S05_COEFFICIENT_START ""F2_Delta"" "98" leaves="529
"S05_COEFFICIENT_START ""F2_Delta"" "99" leaves="2967
"S05_COEFFICIENT_START ""F2_Delta"" "100" leaves="3038
"S05_COEFFICIENT_START ""F2_Delta"" "101" leaves="100
"S05_COEFFICIENT_START ""F2_Delta"" "102" leaves="11682
"S05_COEFFICIENT_START ""F2_Delta"" "103" leaves="2099
"S05_COEFFICIENT_START ""F2_Delta"" "104" leaves="2440
"S05_COEFFICIENT_START ""F2_Delta"" "105" leaves="2472
"S05_COEFFICIENT_START ""F2_Delta"" "106" leaves="3330
"S05_COEFFICIENT_START ""F2_Delta"" "107" leaves="1308
"S05_COEFFICIENT_START ""F2_Delta"" "108" leaves="1935
"S05_COEFFICIENT_START ""F2_Delta"" "109" leaves="1864
"S05_COEFFICIENT_START ""F2_Delta"" "110" leaves="3127
"S05_COEFFICIENT_START ""F2_Delta"" "111" leaves="229
"S05_COEFFICIENT_START ""F2_Delta"" "112" leaves="2274
"S05_COEFFICIENT_START ""F2_Delta"" "113" leaves="623
"S05_COEFFICIENT_START ""F2_Delta"" "114" leaves="5214
"S05_COEFFICIENT_START ""F2_Delta"" "115" leaves="3062
"S05_COEFFICIENT_START ""F2_Delta"" "116" leaves="956
"S05_COEFFICIENT_START ""F2_Delta"" "117" leaves="119
"S05_COEFFICIENT_START ""F2_Delta"" "118" leaves="131
"S05_COEFFICIENT_START ""F2_Delta"" "119" leaves="594
"S05_COEFFICIENT_START ""F2_Delta"" "120" leaves="339
"S05_COEFFICIENT_START ""F2_Delta"" "121" leaves="39
"S05_COEFFICIENT_START ""F2_Delta"" "122" leaves="992
"S05_COEFFICIENT_START ""F2_Delta"" "123" leaves="630
"S05_COEFFICIENT_START ""F2_Delta"" "124" leaves="1171
"S05_COEFFICIENT_START ""F2_Delta"" "125" leaves="157
"S05_COEFFICIENT_START ""F2_Delta"" "126" leaves="10938
"S05_COEFFICIENT_START ""F2_Delta"" "127" leaves="2878
"S05_COEFFICIENT_START ""F2_Delta"" "128" leaves="190
"S05_COEFFICIENT_START ""F2_Delta"" "129" leaves="191
"S05_COEFFICIENT_START ""F2_Delta"" "130" leaves="436
"S05_COEFFICIENT_START ""F2_Delta"" "131" leaves="2384
"S05_COEFFICIENT_START ""F2_Delta"" "132" leaves="1385
"S05_COEFFICIENT_START ""F2_Delta"" "133" leaves="6986
"S05_COEFFICIENT_START ""F2_Delta"" "134" leaves="1397
"S05_COEFFICIENT_START ""F2_Delta"" "135" leaves="1386
"S05_COEFFICIENT_START ""F2_Delta"" "136" leaves="594
"S05_COEFFICIENT_START ""F2_Delta"" "137" leaves="630
"S05_COEFFICIENT_START ""F2_Delta"" "138" leaves="2978
"S05_COEFFICIENT_START ""F2_Delta"" "139" leaves="16
"S05_COEFFICIENT_START ""F2_Delta"" "140" leaves="100
"S05_COEFFICIENT_START ""F2_Delta"" "141" leaves="191
"S05_COEFFICIENT_START ""F2_Delta"" "142" leaves="100
"S05_COEFFICIENT_START ""F2_Delta"" "143" leaves="100
"S05_COEFFICIENT_START ""F2_Delta"" "144" leaves="100
"S05_COEFFICIENT_START ""F2_Delta"" "145" leaves="265
"S05_COEFFICIENT_START ""F2_Delta"" "146" leaves="262
"S05_COEFFICIENT_START ""F2_Delta"" "147" leaves="288
"S05_COEFFICIENT_START ""F2_Delta"" "148" leaves="766
"S05_COEFFICIENT_START ""F2_Delta"" "149" leaves="1171
"S05_COEFFICIENT_START ""F2_Delta"" "150" leaves="4300
"S05_COEFFICIENT_START ""F2_Delta"" "151" leaves="1926
"S05_COEFFICIENT_START ""F2_Delta"" "152" leaves="1262
"S05_COEFFICIENT_START ""F2_Delta"" "153" leaves="4263
"S05_COEFFICIENT_START ""F2_Delta"" "154" leaves="1500
"S05_COEFFICIENT_START ""F2_Delta"" "155" leaves="151
"S05_COEFFICIENT_START ""F2_Delta"" "156" leaves="343
"S05_COEFFICIENT_START ""F2_Delta"" "157" leaves="191
"S05_COEFFICIENT_START ""F2_Delta"" "158" leaves="100
"S05_COEFFICIENT_START ""F2_Delta"" "159" leaves="100
"S05_COEFFICIENT_START ""F2_Delta"" "160" leaves="436
"S05_COEFFICIENT_START ""F2_Delta"" "161" leaves="1365
"S05_COEFFICIENT_START ""F2_Delta"" "162" leaves="2163
"S05_COEFFICIENT_START ""F2_Delta"" "163" leaves="6386
"S05_COEFFICIENT_START ""F2_Delta"" "164" leaves="2924
"S05_COEFFICIENT_START ""F2_Delta"" "165" leaves="1341
"S05_COEFFICIENT_START ""F2_Delta"" "166" leaves="2632
"S05_COEFFICIENT_START ""F2_Delta"" "167" leaves="6427
"S05_COEFFICIENT_START ""F2_Delta"" "168" leaves="191
"S05_COEFFICIENT_START ""F2_Delta"" "169" leaves="191
"S05_COEFFICIENT_START ""F2_Delta"" "170" leaves="1219
"S05_COEFFICIENT_START ""F2_Delta"" "171" leaves="1760
"S05_COEFFICIENT_START ""F2_Delta"" "172" leaves="1796
"S05_COEFFICIENT_START ""F2_Delta"" "173" leaves="209
"S05_COEFFICIENT_START ""F2_Delta"" "174" leaves="185
"S05_COEFFICIENT_START ""F2_Delta"" "175" leaves="651
"S05_COEFFICIENT_START ""F2_Delta"" "176" leaves="100
"S05_COEFFICIENT_START ""F2_Delta"" "177" leaves="100
"S05_COEFFICIENT_START ""F2_Delta"" "178" leaves="100
"S05_COEFFICIENT_START ""F2_Delta"" "179" leaves="265
"S05_COEFFICIENT_START ""F2_Delta"" "180" leaves="367
"S05_COEFFICIENT_START ""F2_Delta"" "181" leaves="13306
"S05_COMPACT_DONE ""F2_Delta"" rational_checks="181" leaves="31470
"S05_OPTIMIZE ""Hqg_v3_F2_Delta_m1"" leaves="31470
"S05_EXPORTED ""Hqg_v3_F2_Delta_m1"" optimized="15086
"S05_PREPARE ""Hqg_v3_F2_L0_m1"" leaves="23222
"S05_COMPACT_START ""F2_L0"" atoms="15" leaves="11414
"S05_COEFFICIENT_START ""F2_L0"" "1" leaves="658
"S05_COEFFICIENT_START ""F2_L0"" "2" leaves="2393
"S05_COEFFICIENT_START ""F2_L0"" "3" leaves="419
"S05_COEFFICIENT_START ""F2_L0"" "4" leaves="135
"S05_COEFFICIENT_START ""F2_L0"" "5" leaves="349
"S05_COEFFICIENT_START ""F2_L0"" "6" leaves="163
"S05_COEFFICIENT_START ""F2_L0"" "7" leaves="2541
"S05_COEFFICIENT_START ""F2_L0"" "8" leaves="2529
"S05_COEFFICIENT_START ""F2_L0"" "9" leaves="191
"S05_COEFFICIENT_START ""F2_L0"" "10" leaves="655
"S05_COEFFICIENT_START ""F2_L0"" "11" leaves="151
"S05_COEFFICIENT_START ""F2_L0"" "12" leaves="191
"S05_COEFFICIENT_START ""F2_L0"" "13" leaves="100
"S05_COEFFICIENT_START ""F2_L0"" "14" leaves="529
"S05_COEFFICIENT_START ""F2_L0"" "15" leaves="100
"S05_COEFFICIENT_START ""F2_L0"" "16" leaves="775
"S05_COMPACT_DONE ""F2_L0"" rational_checks="16" leaves="2386
"S05_OPTIMIZE ""Hqg_v3_F2_L0_m1"" leaves="2386
"S05_EXPORTED ""Hqg_v3_F2_L0_m1"" optimized="1387
"S05_PREPARE ""Hqg_v3_F2_L1_m1"" leaves="647
"S05_COMPACT_RATIONAL ""F2_L1"" leaves="98
"S05_OPTIMIZE ""Hqg_v3_F2_L1_m1"" leaves="98
"S05_EXPORTED ""Hqg_v3_F2_L1_m1"" optimized="104
"S05_PREPARE ""Hqg_v3_F2_Regular_m1"" leaves="321568
"S05_REGULAR_EXACT ""F2_Regular"" leaves="201185
"S05_OPTIMIZE ""Hqg_v3_F2_Regular_m1"" leaves="201185
"S05_EXPORTED ""Hqg_v3_F2_Regular_m1"" optimized="58847
"S05_CHANNEL_DONE ""Hqg_v3"
