"S05_START ""export"
"S05_PREPARE ""Hgq_v3_F1hat_LODelta_1"" leaves="96
"S05_INVARIANT_MAP ""F1hat_LODelta"" leaves="101
"S05_COMPACT_RATIONAL ""F1hat_LODelta"" leaves="56
"S05_OPTIMIZE ""Hgq_v3_F1hat_LODelta_1"" leaves="56
"S05_EXPORTED ""Hgq_v3_F1hat_LODelta_1"" optimized="64
"S05_PREPARE ""Hgq_v3_F1hat_L1_1"" leaves="2428
"S05_INVARIANT_MAP ""F1hat_L1"" leaves="2102
"S05_COMPACT_RATIONAL ""F1hat_L1"" leaves="58
"S05_OPTIMIZE ""Hgq_v3_F1hat_L1_1"" leaves="58
"S05_EXPORTED ""Hgq_v3_F1hat_L1_1"" optimized="66
"S05_PREPARE ""Hgq_v3_F1hat_L0_1"" leaves="1587851
"S05_INVARIANT_MAP ""F1hat_L0"" leaves="679501
"S05_COMPACT_START ""F1hat_L0"" atoms="13" leaves="669565
"S05_COEFFICIENT_START ""F1hat_L0"" "1" leaves="336923
"S05_COEFFICIENT_START ""F1hat_L0"" "2" leaves="5116
"S05_COEFFICIENT_START ""F1hat_L0"" "3" leaves="201
"S05_COEFFICIENT_START ""F1hat_L0"" "4" leaves="2531
"S05_COEFFICIENT_START ""F1hat_L0"" "5" leaves="205
"S05_COEFFICIENT_START ""F1hat_L0"" "6" leaves="2451
"S05_COEFFICIENT_START ""F1hat_L0"" "7" leaves="1589
"S05_COEFFICIENT_START ""F1hat_L0"" "8" leaves="59
"S05_COEFFICIENT_START ""F1hat_L0"" "9" leaves="4974
"S05_COEFFICIENT_START ""F1hat_L0"" "10" leaves="14047
"S05_COEFFICIENT_START ""F1hat_L0"" "11" leaves="4804
"S05_COEFFICIENT_START ""F1hat_L0"" "12" leaves="146
"S05_COEFFICIENT_START ""F1hat_L0"" "13" leaves="14
"S05_COEFFICIENT_START ""F1hat_L0"" "14" leaves="182025
"S05_COMPACT_DONE ""F1hat_L0"" rational_checks="14" leaves="2731
"S05_OPTIMIZE ""Hgq_v3_F1hat_L0_1"" leaves="2731
"S05_EXPORTED ""Hgq_v3_F1hat_L0_1"" optimized="1639
"S05_PREPARE ""Hgq_v3_F1hat_Regular_1"" leaves="3971025
"S05_REGULAR_EXACT ""F1hat_Regular"" leaves="1981559
"S05_OPTIMIZE ""Hgq_v3_F1hat_Regular_1"" leaves="1981559
"S05_EXPORTED ""Hgq_v3_F1hat_Regular_1"" optimized="391797
"S05_PREPARE ""Hgq_v3_F1hat_Delta_1"" leaves="30014448
"S05_LOGZERO_CHECK ""F1hat_Delta"
"S05_INVARIANT_MAP ""F1hat_Delta"" leaves="12658845
"S05_COMPACT_START ""F1hat_Delta"" atoms="51" leaves="12102481
"S05_COEFFICIENT_START ""F1hat_Delta"" "1" leaves="584553
"S05_COEFFICIENT_START ""F1hat_Delta"" "2" leaves="335976
"S05_COEFFICIENT_START ""F1hat_Delta"" "3" leaves="336923
"S05_COEFFICIENT_START ""F1hat_Delta"" "4" leaves="335725
"S05_COEFFICIENT_START ""F1hat_Delta"" "5" leaves="336925
"S05_COEFFICIENT_START ""F1hat_Delta"" "6" leaves="971382
"S05_COEFFICIENT_START ""F1hat_Delta"" "7" leaves="6797
"S05_COEFFICIENT_START ""F1hat_Delta"" "8" leaves="404196
"S05_COEFFICIENT_START ""F1hat_Delta"" "9" leaves="404194
"S05_COEFFICIENT_START ""F1hat_Delta"" "10" leaves="25063
"S05_COEFFICIENT_START ""F1hat_Delta"" "11" leaves="7807
"S05_COEFFICIENT_START ""F1hat_Delta"" "12" leaves="5922
"S05_COEFFICIENT_START ""F1hat_Delta"" "13" leaves="2531
"S05_COEFFICIENT_START ""F1hat_Delta"" "14" leaves="693
"S05_COEFFICIENT_START ""F1hat_Delta"" "15" leaves="5736
"S05_COEFFICIENT_START ""F1hat_Delta"" "16" leaves="5033
"S05_COEFFICIENT_START ""F1hat_Delta"" "17" leaves="5079
"S05_COEFFICIENT_START ""F1hat_Delta"" "18" leaves="5074
"S05_COEFFICIENT_START ""F1hat_Delta"" "19" leaves="2531
"S05_COEFFICIENT_START ""F1hat_Delta"" "20" leaves="61
"S05_COEFFICIENT_START ""F1hat_Delta"" "21" leaves="57
"S05_COEFFICIENT_START ""F1hat_Delta"" "22" leaves="84328
"S05_COEFFICIENT_START ""F1hat_Delta"" "23" leaves="63247
"S05_COEFFICIENT_START ""F1hat_Delta"" "24" leaves="146
"S05_COEFFICIENT_START ""F1hat_Delta"" "25" leaves="1670
"S05_COEFFICIENT_START ""F1hat_Delta"" "26" leaves="191
"S05_COEFFICIENT_START ""F1hat_Delta"" "27" leaves="308400
"S05_COEFFICIENT_START ""F1hat_Delta"" "28" leaves="99659
"S05_COEFFICIENT_START ""F1hat_Delta"" "29" leaves="5938
"S05_COEFFICIENT_START ""F1hat_Delta"" "30" leaves="739
"S05_COEFFICIENT_START ""F1hat_Delta"" "31" leaves="5776
"S05_COEFFICIENT_START ""F1hat_Delta"" "32" leaves="168
"S05_COEFFICIENT_START ""F1hat_Delta"" "33" leaves="152
"S05_COEFFICIENT_START ""F1hat_Delta"" "34" leaves="258
"S05_COEFFICIENT_START ""F1hat_Delta"" "35" leaves="34
"S05_COEFFICIENT_START ""F1hat_Delta"" "36" leaves="36
"S05_COEFFICIENT_START ""F1hat_Delta"" "37" leaves="25
"S05_COEFFICIENT_START ""F1hat_Delta"" "38" leaves="224832
"S05_COEFFICIENT_START ""F1hat_Delta"" "39" leaves="2531
"S05_COEFFICIENT_START ""F1hat_Delta"" "40" leaves="2531
"S05_COEFFICIENT_START ""F1hat_Delta"" "41" leaves="2531
"S05_COEFFICIENT_START ""F1hat_Delta"" "42" leaves="2531
"S05_COEFFICIENT_START ""F1hat_Delta"" "43" leaves="7040
"S05_COEFFICIENT_START ""F1hat_Delta"" "44" leaves="54
"S05_COEFFICIENT_START ""F1hat_Delta"" "45" leaves="809
"S05_COEFFICIENT_START ""F1hat_Delta"" "46" leaves="12
"S05_COEFFICIENT_START ""F1hat_Delta"" "47" leaves="134
"S05_COEFFICIENT_START ""F1hat_Delta"" "48" leaves="36
"S05_COEFFICIENT_START ""F1hat_Delta"" "49" leaves="105
"S05_COEFFICIENT_START ""F1hat_Delta"" "50" leaves="105
"S05_COEFFICIENT_START ""F1hat_Delta"" "51" leaves="105
"S05_COEFFICIENT_START ""F1hat_Delta"" "52" leaves="82
"S05_COEFFICIENT_START ""F1hat_Delta"" "53" leaves="34702
"S05_COEFFICIENT_START ""F1hat_Delta"" "54" leaves="642
"S05_COEFFICIENT_START ""F1hat_Delta"" "55" leaves="14
"S05_COEFFICIENT_START ""F1hat_Delta"" "56" leaves="12
"S05_COEFFICIENT_START ""F1hat_Delta"" "57" leaves="11
"S05_COEFFICIENT_START ""F1hat_Delta"" "58" leaves="683
"S05_COEFFICIENT_START ""F1hat_Delta"" "59" leaves="7763
"S05_COEFFICIENT_START ""F1hat_Delta"" "60" leaves="168
"S05_COEFFICIENT_START ""F1hat_Delta"" "61" leaves="152
"S05_COEFFICIENT_START ""F1hat_Delta"" "62" leaves="331
"S05_COEFFICIENT_START ""F1hat_Delta"" "63" leaves="59
"S05_COEFFICIENT_START ""F1hat_Delta"" "64" leaves="57
"S05_COEFFICIENT_START ""F1hat_Delta"" "65" leaves="1749
"S05_COEFFICIENT_START ""F1hat_Delta"" "66" leaves="1705
"S05_COEFFICIENT_START ""F1hat_Delta"" "67" leaves="1705
"S05_COEFFICIENT_START ""F1hat_Delta"" "68" leaves="1652
"S05_COEFFICIENT_START ""F1hat_Delta"" "69" leaves="182
"S05_COEFFICIENT_START ""F1hat_Delta"" "70" leaves="10752
"S05_COEFFICIENT_START ""F1hat_Delta"" "71" leaves="2411
"S05_COEFFICIENT_START ""F1hat_Delta"" "72" leaves="2414
"S05_COEFFICIENT_START ""F1hat_Delta"" "73" leaves="2365
"S05_COEFFICIENT_START ""F1hat_Delta"" "74" leaves="4906
"S05_COEFFICIENT_START ""F1hat_Delta"" "75" leaves="36
"S05_COEFFICIENT_START ""F1hat_Delta"" "76" leaves="36
"S05_COEFFICIENT_START ""F1hat_Delta"" "77" leaves="14039
"S05_COEFFICIENT_START ""F1hat_Delta"" "78" leaves="4784
"S05_COEFFICIENT_START ""F1hat_Delta"" "79" leaves="146
"S05_COEFFICIENT_START ""F1hat_Delta"" "80" leaves="14
"S05_COEFFICIENT_START ""F1hat_Delta"" "81" leaves="12
"S05_COEFFICIENT_START ""F1hat_Delta"" "82" leaves="12
"S05_COEFFICIENT_START ""F1hat_Delta"" "83" leaves="181675
"S05_COEFFICIENT_START ""F1hat_Delta"" "84" leaves="1575
"S05_COEFFICIENT_START ""F1hat_Delta"" "85" leaves="1552
"S05_COEFFICIENT_START ""F1hat_Delta"" "86" leaves="4974
"S05_COEFFICIENT_START ""F1hat_Delta"" "87" leaves="14047
"S05_COEFFICIENT_START ""F1hat_Delta"" "88" leaves="4804
"S05_COEFFICIENT_START ""F1hat_Delta"" "89" leaves="146
"S05_COEFFICIENT_START ""F1hat_Delta"" "90" leaves="181967
"S05_COEFFICIENT_START ""F1hat_Delta"" "91" leaves="1635
"S05_COEFFICIENT_START ""F1hat_Delta"" "92" leaves="4851
"S05_COEFFICIENT_START ""F1hat_Delta"" "93" leaves="61
"S05_COEFFICIENT_START ""F1hat_Delta"" "94" leaves="57
"S05_COEFFICIENT_START ""F1hat_Delta"" "95" leaves="14043
"S05_COEFFICIENT_START ""F1hat_Delta"" "96" leaves="4769
"S05_COEFFICIENT_START ""F1hat_Delta"" "97" leaves="150
"S05_COEFFICIENT_START ""F1hat_Delta"" "98" leaves="121
"S05_COEFFICIENT_START ""F1hat_Delta"" "99" leaves="109
"S05_COEFFICIENT_START ""F1hat_Delta"" "100" leaves="109
"S05_COEFFICIENT_START ""F1hat_Delta"" "101" leaves="191
"S05_COEFFICIENT_START ""F1hat_Delta"" "102" leaves="181549
"S05_COEFFICIENT_START ""F1hat_Delta"" "103" leaves="14047
"S05_COEFFICIENT_START ""F1hat_Delta"" "104" leaves="4804
"S05_COEFFICIENT_START ""F1hat_Delta"" "105" leaves="146
"S05_COEFFICIENT_START ""F1hat_Delta"" "106" leaves="180275
"S05_COEFFICIENT_START ""F1hat_Delta"" "107" leaves="14
"S05_COEFFICIENT_START ""F1hat_Delta"" "108" leaves="14
"S05_COEFFICIENT_START ""F1hat_Delta"" "109" leaves="97
"S05_COEFFICIENT_START ""F1hat_Delta"" "110" leaves="93
"S05_COEFFICIENT_START ""F1hat_Delta"" "111" leaves="45133
"S05_COEFFICIENT_START ""F1hat_Delta"" "112" leaves="107
"S05_COEFFICIENT_START ""F1hat_Delta"" "113" leaves="109
"S05_COEFFICIENT_START ""F1hat_Delta"" "114" leaves="13451
"S05_COEFFICIENT_START ""F1hat_Delta"" "115" leaves="150
"S05_COEFFICIENT_START ""F1hat_Delta"" "116" leaves="270
"S05_COEFFICIENT_START ""F1hat_Delta"" "117" leaves="425322
"S05_COEFFICIENT_START ""F1hat_Delta"" "118" leaves="425690
"S05_COEFFICIENT_START ""F1hat_Delta"" "119" leaves="895
"S05_COEFFICIENT_START ""F1hat_Delta"" "120" leaves="1347
"S05_COEFFICIENT_START ""F1hat_Delta"" "121" leaves="1658
"S05_COEFFICIENT_START ""F1hat_Delta"" "122" leaves="1652
"S05_COEFFICIENT_START ""F1hat_Delta"" "123" leaves="2643
"S05_COEFFICIENT_START ""F1hat_Delta"" "124" leaves="1349
"S05_COEFFICIENT_START ""F1hat_Delta"" "125" leaves="1618
"S05_COEFFICIENT_START ""F1hat_Delta"" "126" leaves="1602
"S05_COEFFICIENT_START ""F1hat_Delta"" "127" leaves="3576
"S05_COEFFICIENT_START ""F1hat_Delta"" "128" leaves="1666
"S05_COEFFICIENT_START ""F1hat_Delta"" "129" leaves="1602
"S05_COEFFICIENT_START ""F1hat_Delta"" "130" leaves="3574
"S05_COEFFICIENT_START ""F1hat_Delta"" "131" leaves="1652
"S05_COEFFICIENT_START ""F1hat_Delta"" "132" leaves="3370
"S05_COEFFICIENT_START ""F1hat_Delta"" "133" leaves="1713
"S05_COEFFICIENT_START ""F1hat_Delta"" "134" leaves="1715
"S05_COEFFICIENT_START ""F1hat_Delta"" "135" leaves="1695
"S05_COEFFICIENT_START ""F1hat_Delta"" "136" leaves="1721
"S05_COEFFICIENT_START ""F1hat_Delta"" "137" leaves="1695
"S05_COEFFICIENT_START ""F1hat_Delta"" "138" leaves="1670
"S05_COEFFICIENT_START ""F1hat_Delta"" "139" leaves="1656
"S05_COEFFICIENT_START ""F1hat_Delta"" "140" leaves="1662
"S05_COEFFICIENT_START ""F1hat_Delta"" "141" leaves="1654
"S05_COEFFICIENT_START ""F1hat_Delta"" "142" leaves="425321
"S05_COEFFICIENT_START ""F1hat_Delta"" "143" leaves="425322
"S05_COEFFICIENT_START ""F1hat_Delta"" "144" leaves="107
"S05_COEFFICIENT_START ""F1hat_Delta"" "145" leaves="425322
"S05_COEFFICIENT_START ""F1hat_Delta"" "146" leaves="425321
"S05_COEFFICIENT_START ""F1hat_Delta"" "147" leaves="425321
"S05_COEFFICIENT_START ""F1hat_Delta"" "148" leaves="425322
"S05_COEFFICIENT_START ""F1hat_Delta"" "149" leaves="74
"S05_COEFFICIENT_START ""F1hat_Delta"" "150" leaves="101
"S05_COEFFICIENT_START ""F1hat_Delta"" "151" leaves="1360
"S05_COEFFICIENT_START ""F1hat_Delta"" "152" leaves="997
"S05_COEFFICIENT_START ""F1hat_Delta"" "153" leaves="1376
"S05_COEFFICIENT_START ""F1hat_Delta"" "154" leaves="1713
"S05_COEFFICIENT_START ""F1hat_Delta"" "155" leaves="297
"S05_COEFFICIENT_START ""F1hat_Delta"" "156" leaves="502461
"S05_COMPACT_DONE ""F1hat_Delta"" rational_checks="156" leaves="30519
"S05_OPTIMIZE ""Hgq_v3_F1hat_Delta_1"" leaves="30519
"S05_EXPORTED ""Hgq_v3_F1hat_Delta_1"" optimized="13400
"S05_PREPARE ""Hgq_v3_F1hat_LODelta_m1"" leaves="96
"S05_INVARIANT_MAP ""F1hat_LODelta"" leaves="101
"S05_COMPACT_RATIONAL ""F1hat_LODelta"" leaves="56
"S05_OPTIMIZE ""Hgq_v3_F1hat_LODelta_m1"" leaves="56
"S05_EXPORTED ""Hgq_v3_F1hat_LODelta_m1"" optimized="64
"S05_PREPARE ""Hgq_v3_F1hat_L1_m1"" leaves="2428
"S05_INVARIANT_MAP ""F1hat_L1"" leaves="2102
"S05_COMPACT_RATIONAL ""F1hat_L1"" leaves="58
"S05_OPTIMIZE ""Hgq_v3_F1hat_L1_m1"" leaves="58
"S05_EXPORTED ""Hgq_v3_F1hat_L1_m1"" optimized="66
"S05_PREPARE ""Hgq_v3_F1hat_L0_m1"" leaves="1587851
"S05_INVARIANT_MAP ""F1hat_L0"" leaves="680365
"S05_COMPACT_START ""F1hat_L0"" atoms="13" leaves="669565
"S05_COEFFICIENT_START ""F1hat_L0"" "1" leaves="336923
"S05_COEFFICIENT_START ""F1hat_L0"" "2" leaves="5116
"S05_COEFFICIENT_START ""F1hat_L0"" "3" leaves="201
"S05_COEFFICIENT_START ""F1hat_L0"" "4" leaves="2531
"S05_COEFFICIENT_START ""F1hat_L0"" "5" leaves="205
"S05_COEFFICIENT_START ""F1hat_L0"" "6" leaves="2451
"S05_COEFFICIENT_START ""F1hat_L0"" "7" leaves="1589
"S05_COEFFICIENT_START ""F1hat_L0"" "8" leaves="59
"S05_COEFFICIENT_START ""F1hat_L0"" "9" leaves="4974
"S05_COEFFICIENT_START ""F1hat_L0"" "10" leaves="4905
"S05_COEFFICIENT_START ""F1hat_L0"" "11" leaves="13946
"S05_COEFFICIENT_START ""F1hat_L0"" "12" leaves="146
"S05_COEFFICIENT_START ""F1hat_L0"" "13" leaves="14
"S05_COEFFICIENT_START ""F1hat_L0"" "14" leaves="182025
"S05_COMPACT_DONE ""F1hat_L0"" rational_checks="14" leaves="2538
"S05_OPTIMIZE ""Hgq_v3_F1hat_L0_m1"" leaves="2538
"S05_EXPORTED ""Hgq_v3_F1hat_L0_m1"" optimized="1524
"S05_PREPARE ""Hgq_v3_F1hat_Regular_m1"" leaves="3971025
"S05_REGULAR_EXACT ""F1hat_Regular"" leaves="1983214
"S05_OPTIMIZE ""Hgq_v3_F1hat_Regular_m1"" leaves="1983214
"S05_EXPORTED ""Hgq_v3_F1hat_Regular_m1"" optimized="391805
"S05_PREPARE ""Hgq_v3_F1hat_Delta_m1"" leaves="30014448
"S05_INVARIANT_MAP ""F1hat_Delta"" leaves="12831797
"S05_COMPACT_START ""F1hat_Delta"" atoms="48" leaves="12172427
"S05_COEFFICIENT_START ""F1hat_Delta"" "1" leaves="584553
"S05_COEFFICIENT_START ""F1hat_Delta"" "2" leaves="335976
"S05_COEFFICIENT_START ""F1hat_Delta"" "3" leaves="336923
"S05_COEFFICIENT_START ""F1hat_Delta"" "4" leaves="335725
"S05_COEFFICIENT_START ""F1hat_Delta"" "5" leaves="336925
"S05_COEFFICIENT_START ""F1hat_Delta"" "6" leaves="971382
"S05_COEFFICIENT_START ""F1hat_Delta"" "7" leaves="6797
"S05_COEFFICIENT_START ""F1hat_Delta"" "8" leaves="404295
"S05_COEFFICIENT_START ""F1hat_Delta"" "9" leaves="404194
"S05_COEFFICIENT_START ""F1hat_Delta"" "10" leaves="25063
"S05_COEFFICIENT_START ""F1hat_Delta"" "11" leaves="7807
"S05_COEFFICIENT_START ""F1hat_Delta"" "12" leaves="5922
"S05_COEFFICIENT_START ""F1hat_Delta"" "13" leaves="2531
"S05_COEFFICIENT_START ""F1hat_Delta"" "14" leaves="693
"S05_COEFFICIENT_START ""F1hat_Delta"" "15" leaves="5736
"S05_COEFFICIENT_START ""F1hat_Delta"" "16" leaves="5033
"S05_COEFFICIENT_START ""F1hat_Delta"" "17" leaves="5079
"S05_COEFFICIENT_START ""F1hat_Delta"" "18" leaves="5074
"S05_COEFFICIENT_START ""F1hat_Delta"" "19" leaves="2531
"S05_COEFFICIENT_START ""F1hat_Delta"" "20" leaves="61
"S05_COEFFICIENT_START ""F1hat_Delta"" "21" leaves="57
"S05_COEFFICIENT_START ""F1hat_Delta"" "22" leaves="63347
"S05_COEFFICIENT_START ""F1hat_Delta"" "23" leaves="84226
"S05_COEFFICIENT_START ""F1hat_Delta"" "24" leaves="146
"S05_COEFFICIENT_START ""F1hat_Delta"" "25" leaves="1670
"S05_COEFFICIENT_START ""F1hat_Delta"" "26" leaves="191
"S05_COEFFICIENT_START ""F1hat_Delta"" "27" leaves="308400
"S05_COEFFICIENT_START ""F1hat_Delta"" "28" leaves="99659
"S05_COEFFICIENT_START ""F1hat_Delta"" "29" leaves="5938
"S05_COEFFICIENT_START ""F1hat_Delta"" "30" leaves="739
"S05_COEFFICIENT_START ""F1hat_Delta"" "31" leaves="5776
"S05_COEFFICIENT_START ""F1hat_Delta"" "32" leaves="168
"S05_COEFFICIENT_START ""F1hat_Delta"" "33" leaves="152
"S05_COEFFICIENT_START ""F1hat_Delta"" "34" leaves="258
"S05_COEFFICIENT_START ""F1hat_Delta"" "35" leaves="34
"S05_COEFFICIENT_START ""F1hat_Delta"" "36" leaves="36
"S05_COEFFICIENT_START ""F1hat_Delta"" "37" leaves="25
"S05_COEFFICIENT_START ""F1hat_Delta"" "38" leaves="224832
"S05_COEFFICIENT_START ""F1hat_Delta"" "39" leaves="2531
"S05_COEFFICIENT_START ""F1hat_Delta"" "40" leaves="2531
"S05_COEFFICIENT_START ""F1hat_Delta"" "41" leaves="2531
"S05_COEFFICIENT_START ""F1hat_Delta"" "42" leaves="2531
"S05_COEFFICIENT_START ""F1hat_Delta"" "43" leaves="7040
"S05_COEFFICIENT_START ""F1hat_Delta"" "44" leaves="54
"S05_COEFFICIENT_START ""F1hat_Delta"" "45" leaves="809
"S05_COEFFICIENT_START ""F1hat_Delta"" "46" leaves="12
"S05_COEFFICIENT_START ""F1hat_Delta"" "47" leaves="134
"S05_COEFFICIENT_START ""F1hat_Delta"" "48" leaves="36
"S05_COEFFICIENT_START ""F1hat_Delta"" "49" leaves="105
"S05_COEFFICIENT_START ""F1hat_Delta"" "50" leaves="105
"S05_COEFFICIENT_START ""F1hat_Delta"" "51" leaves="105
"S05_COEFFICIENT_START ""F1hat_Delta"" "52" leaves="82
"S05_COEFFICIENT_START ""F1hat_Delta"" "53" leaves="34702
"S05_COEFFICIENT_START ""F1hat_Delta"" "54" leaves="642
"S05_COEFFICIENT_START ""F1hat_Delta"" "55" leaves="14
"S05_COEFFICIENT_START ""F1hat_Delta"" "56" leaves="12
"S05_COEFFICIENT_START ""F1hat_Delta"" "57" leaves="11
"S05_COEFFICIENT_START ""F1hat_Delta"" "58" leaves="683
"S05_COEFFICIENT_START ""F1hat_Delta"" "59" leaves="7763
"S05_COEFFICIENT_START ""F1hat_Delta"" "60" leaves="168
"S05_COEFFICIENT_START ""F1hat_Delta"" "61" leaves="152
"S05_COEFFICIENT_START ""F1hat_Delta"" "62" leaves="331
"S05_COEFFICIENT_START ""F1hat_Delta"" "63" leaves="59
"S05_COEFFICIENT_START ""F1hat_Delta"" "64" leaves="57
"S05_COEFFICIENT_START ""F1hat_Delta"" "65" leaves="1749
"S05_COEFFICIENT_START ""F1hat_Delta"" "66" leaves="1705
"S05_COEFFICIENT_START ""F1hat_Delta"" "67" leaves="1705
"S05_COEFFICIENT_START ""F1hat_Delta"" "68" leaves="1652
"S05_COEFFICIENT_START ""F1hat_Delta"" "69" leaves="182
"S05_COEFFICIENT_START ""F1hat_Delta"" "70" leaves="10752
"S05_COEFFICIENT_START ""F1hat_Delta"" "71" leaves="2411
"S05_COEFFICIENT_START ""F1hat_Delta"" "72" leaves="2414
"S05_COEFFICIENT_START ""F1hat_Delta"" "73" leaves="2365
"S05_COEFFICIENT_START ""F1hat_Delta"" "74" leaves="4906
"S05_COEFFICIENT_START ""F1hat_Delta"" "75" leaves="36
"S05_COEFFICIENT_START ""F1hat_Delta"" "76" leaves="36
"S05_COEFFICIENT_START ""F1hat_Delta"" "77" leaves="4883
"S05_COEFFICIENT_START ""F1hat_Delta"" "78" leaves="13940
"S05_COEFFICIENT_START ""F1hat_Delta"" "79" leaves="146
"S05_COEFFICIENT_START ""F1hat_Delta"" "80" leaves="14
"S05_COEFFICIENT_START ""F1hat_Delta"" "81" leaves="12
"S05_COEFFICIENT_START ""F1hat_Delta"" "82" leaves="12
"S05_COEFFICIENT_START ""F1hat_Delta"" "83" leaves="181675
"S05_COEFFICIENT_START ""F1hat_Delta"" "84" leaves="1575
"S05_COEFFICIENT_START ""F1hat_Delta"" "85" leaves="1552
"S05_COEFFICIENT_START ""F1hat_Delta"" "86" leaves="4974
"S05_COEFFICIENT_START ""F1hat_Delta"" "87" leaves="4905
"S05_COEFFICIENT_START ""F1hat_Delta"" "88" leaves="13946
"S05_COEFFICIENT_START ""F1hat_Delta"" "89" leaves="146
"S05_COEFFICIENT_START ""F1hat_Delta"" "90" leaves="181967
"S05_COEFFICIENT_START ""F1hat_Delta"" "91" leaves="1635
"S05_COEFFICIENT_START ""F1hat_Delta"" "92" leaves="4851
"S05_COEFFICIENT_START ""F1hat_Delta"" "93" leaves="61
"S05_COEFFICIENT_START ""F1hat_Delta"" "94" leaves="57
"S05_COEFFICIENT_START ""F1hat_Delta"" "95" leaves="4872
"S05_COEFFICIENT_START ""F1hat_Delta"" "96" leaves="13943
"S05_COEFFICIENT_START ""F1hat_Delta"" "97" leaves="150
"S05_COEFFICIENT_START ""F1hat_Delta"" "98" leaves="121
"S05_COEFFICIENT_START ""F1hat_Delta"" "99" leaves="109
"S05_COEFFICIENT_START ""F1hat_Delta"" "100" leaves="109
"S05_COEFFICIENT_START ""F1hat_Delta"" "101" leaves="191
"S05_COEFFICIENT_START ""F1hat_Delta"" "102" leaves="181549
"S05_COEFFICIENT_START ""F1hat_Delta"" "103" leaves="4905
"S05_COEFFICIENT_START ""F1hat_Delta"" "104" leaves="13946
"S05_COEFFICIENT_START ""F1hat_Delta"" "105" leaves="146
"S05_COEFFICIENT_START ""F1hat_Delta"" "106" leaves="180275
"S05_COEFFICIENT_START ""F1hat_Delta"" "107" leaves="14
"S05_COEFFICIENT_START ""F1hat_Delta"" "108" leaves="14
"S05_COEFFICIENT_START ""F1hat_Delta"" "109" leaves="97
"S05_COEFFICIENT_START ""F1hat_Delta"" "110" leaves="93
"S05_COEFFICIENT_START ""F1hat_Delta"" "111" leaves="109
"S05_COEFFICIENT_START ""F1hat_Delta"" "112" leaves="13712
"S05_COEFFICIENT_START ""F1hat_Delta"" "113" leaves="44869
"S05_COEFFICIENT_START ""F1hat_Delta"" "114" leaves="150
"S05_COEFFICIENT_START ""F1hat_Delta"" "115" leaves="270
"S05_COEFFICIENT_START ""F1hat_Delta"" "116" leaves="425691
"S05_COEFFICIENT_START ""F1hat_Delta"" "117" leaves="425321
"S05_COEFFICIENT_START ""F1hat_Delta"" "118" leaves="895
"S05_COEFFICIENT_START ""F1hat_Delta"" "119" leaves="1347
"S05_COEFFICIENT_START ""F1hat_Delta"" "120" leaves="1658
"S05_COEFFICIENT_START ""F1hat_Delta"" "121" leaves="1652
"S05_COEFFICIENT_START ""F1hat_Delta"" "122" leaves="2643
"S05_COEFFICIENT_START ""F1hat_Delta"" "123" leaves="1349
"S05_COEFFICIENT_START ""F1hat_Delta"" "124" leaves="1618
"S05_COEFFICIENT_START ""F1hat_Delta"" "125" leaves="1602
"S05_COEFFICIENT_START ""F1hat_Delta"" "126" leaves="3576
"S05_COEFFICIENT_START ""F1hat_Delta"" "127" leaves="1666
"S05_COEFFICIENT_START ""F1hat_Delta"" "128" leaves="1602
"S05_COEFFICIENT_START ""F1hat_Delta"" "129" leaves="3574
"S05_COEFFICIENT_START ""F1hat_Delta"" "130" leaves="1652
"S05_COEFFICIENT_START ""F1hat_Delta"" "131" leaves="3370
"S05_COEFFICIENT_START ""F1hat_Delta"" "132" leaves="1713
"S05_COEFFICIENT_START ""F1hat_Delta"" "133" leaves="1715
"S05_COEFFICIENT_START ""F1hat_Delta"" "134" leaves="1695
"S05_COEFFICIENT_START ""F1hat_Delta"" "135" leaves="1721
"S05_COEFFICIENT_START ""F1hat_Delta"" "136" leaves="1695
"S05_COEFFICIENT_START ""F1hat_Delta"" "137" leaves="1670
"S05_COEFFICIENT_START ""F1hat_Delta"" "138" leaves="1656
"S05_COEFFICIENT_START ""F1hat_Delta"" "139" leaves="1662
"S05_COEFFICIENT_START ""F1hat_Delta"" "140" leaves="1654
"S05_COEFFICIENT_START ""F1hat_Delta"" "141" leaves="107
"S05_COEFFICIENT_START ""F1hat_Delta"" "142" leaves="425322
"S05_COEFFICIENT_START ""F1hat_Delta"" "143" leaves="425321
"S05_COEFFICIENT_START ""F1hat_Delta"" "144" leaves="425322
"S05_COEFFICIENT_START ""F1hat_Delta"" "145" leaves="425322
"S05_COEFFICIENT_START ""F1hat_Delta"" "146" leaves="425321
"S05_COEFFICIENT_START ""F1hat_Delta"" "147" leaves="425321
"S05_COEFFICIENT_START ""F1hat_Delta"" "148" leaves="1360
"S05_COEFFICIENT_START ""F1hat_Delta"" "149" leaves="997
"S05_COEFFICIENT_START ""F1hat_Delta"" "150" leaves="1376
"S05_COEFFICIENT_START ""F1hat_Delta"" "151" leaves="1713
"S05_COEFFICIENT_START ""F1hat_Delta"" "152" leaves="297
"S05_COEFFICIENT_START ""F1hat_Delta"" "153" leaves="502461
"S05_COMPACT_DONE ""F1hat_Delta"" rational_checks="153" leaves="29395
"S05_OPTIMIZE ""Hgq_v3_F1hat_Delta_m1"" leaves="29395
"S05_EXPORTED ""Hgq_v3_F1hat_Delta_m1"" optimized="12920
