"S05_START ""export"
"S05_PREPARE ""Hqq_v2_F1Hat_LODelta_1"" leaves="162
"S05_COMPACT_RATIONAL ""F1Hat_LODelta"" leaves="78
"S05_OPTIMIZE ""Hqq_v2_F1Hat_LODelta_1"" leaves="78
"S05_EXPORTED ""Hqq_v2_F1Hat_LODelta_1"" optimized="88
"S05_PREPARE ""Hqq_v2_F1Hat_Delta_1"" leaves="2964764
"S05_COMPACT_START ""F1Hat_Delta"" atoms="21" leaves="676270
"S05_COEFFICIENT_START ""F1Hat_Delta"" "1" leaves="111
"S05_COEFFICIENT_START ""F1Hat_Delta"" "2" leaves="218
"S05_COEFFICIENT_START ""F1Hat_Delta"" "3" leaves="111
"S05_COEFFICIENT_START ""F1Hat_Delta"" "4" leaves="104
"S05_COEFFICIENT_START ""F1Hat_Delta"" "5" leaves="104
"S05_COEFFICIENT_START ""F1Hat_Delta"" "6" leaves="484
"S05_COEFFICIENT_START ""F1Hat_Delta"" "7" leaves="484
"S05_COEFFICIENT_START ""F1Hat_Delta"" "8" leaves="160
"S05_COEFFICIENT_START ""F1Hat_Delta"" "9" leaves="88
"S05_COEFFICIENT_START ""F1Hat_Delta"" "10" leaves="88
"S05_COEFFICIENT_START ""F1Hat_Delta"" "11" leaves="104
"S05_COEFFICIENT_START ""F1Hat_Delta"" "12" leaves="121
"S05_COEFFICIENT_START ""F1Hat_Delta"" "13" leaves="78
"S05_COEFFICIENT_START ""F1Hat_Delta"" "14" leaves="78
"S05_COEFFICIENT_START ""F1Hat_Delta"" "15" leaves="168
"S05_COEFFICIENT_START ""F1Hat_Delta"" "16" leaves="3569
"S05_COEFFICIENT_START ""F1Hat_Delta"" "17" leaves="3570
"S05_COEFFICIENT_START ""F1Hat_Delta"" "18" leaves="104
"S05_COEFFICIENT_START ""F1Hat_Delta"" "19" leaves="104
"S05_COEFFICIENT_START ""F1Hat_Delta"" "20" leaves="10817
"S05_COEFFICIENT_START ""F1Hat_Delta"" "21" leaves="10785
"S05_COEFFICIENT_START ""F1Hat_Delta"" "22" leaves="1813
"S05_COEFFICIENT_START ""F1Hat_Delta"" "23" leaves="78
"S05_COEFFICIENT_START ""F1Hat_Delta"" "24" leaves="694
"S05_COEFFICIENT_START ""F1Hat_Delta"" "25" leaves="694
"S05_COEFFICIENT_START ""F1Hat_Delta"" "26" leaves="43059
"S05_COEFFICIENT_START ""F1Hat_Delta"" "27" leaves="4685
"S05_COEFFICIENT_START ""F1Hat_Delta"" "28" leaves="104
"S05_COEFFICIENT_START ""F1Hat_Delta"" "29" leaves="104
"S05_COEFFICIENT_START ""F1Hat_Delta"" "30" leaves="10827
"S05_COEFFICIENT_START ""F1Hat_Delta"" "31" leaves="10823
"S05_COEFFICIENT_START ""F1Hat_Delta"" "32" leaves="1813
"S05_COEFFICIENT_START ""F1Hat_Delta"" "33" leaves="1022
"S05_COEFFICIENT_START ""F1Hat_Delta"" "34" leaves="1022
"S05_COEFFICIENT_START ""F1Hat_Delta"" "35" leaves="1096
"S05_COEFFICIENT_START ""F1Hat_Delta"" "36" leaves="78
"S05_COEFFICIENT_START ""F1Hat_Delta"" "37" leaves="694
"S05_COEFFICIENT_START ""F1Hat_Delta"" "38" leaves="694
"S05_COEFFICIENT_START ""F1Hat_Delta"" "39" leaves="44207
"S05_COEFFICIENT_START ""F1Hat_Delta"" "40" leaves="222
"S05_COEFFICIENT_START ""F1Hat_Delta"" "41" leaves="222
"S05_COEFFICIENT_START ""F1Hat_Delta"" "42" leaves="10842
"S05_COEFFICIENT_START ""F1Hat_Delta"" "43" leaves="9011
"S05_COEFFICIENT_START ""F1Hat_Delta"" "44" leaves="1813
"S05_COEFFICIENT_START ""F1Hat_Delta"" "45" leaves="19500
"S05_COEFFICIENT_START ""F1Hat_Delta"" "46" leaves="10841
"S05_COEFFICIENT_START ""F1Hat_Delta"" "47" leaves="1813
"S05_COEFFICIENT_START ""F1Hat_Delta"" "48" leaves="19510
"S05_COEFFICIENT_START ""F1Hat_Delta"" "49" leaves="3291
"S05_COEFFICIENT_START ""F1Hat_Delta"" "50" leaves="1198
"S05_COEFFICIENT_START ""F1Hat_Delta"" "51" leaves="1022
"S05_COEFFICIENT_START ""F1Hat_Delta"" "52" leaves="1198
"S05_COEFFICIENT_START ""F1Hat_Delta"" "53" leaves="2130
"S05_COEFFICIENT_START ""F1Hat_Delta"" "54" leaves="1090
"S05_COEFFICIENT_START ""F1Hat_Delta"" "55" leaves="1090
"S05_COEFFICIENT_START ""F1Hat_Delta"" "56" leaves="2124
"S05_COEFFICIENT_START ""F1Hat_Delta"" "57" leaves="1208
"S05_COEFFICIENT_START ""F1Hat_Delta"" "58" leaves="2257
"S05_COEFFICIENT_START ""F1Hat_Delta"" "59" leaves="78
"S05_COEFFICIENT_START ""F1Hat_Delta"" "60" leaves="168
"S05_COEFFICIENT_START ""F1Hat_Delta"" "61" leaves="985
"S05_COEFFICIENT_START ""F1Hat_Delta"" "62" leaves="1198
"S05_COEFFICIENT_START ""F1Hat_Delta"" "63" leaves="1198
"S05_COEFFICIENT_START ""F1Hat_Delta"" "64" leaves="1090
"S05_COEFFICIENT_START ""F1Hat_Delta"" "65" leaves="1090
"S05_COEFFICIENT_START ""F1Hat_Delta"" "66" leaves="1206
"S05_COEFFICIENT_START ""F1Hat_Delta"" "67" leaves="1206
"S05_COEFFICIENT_START ""F1Hat_Delta"" "68" leaves="10817
"S05_COEFFICIENT_START ""F1Hat_Delta"" "69" leaves="1813
"S05_COEFFICIENT_START ""F1Hat_Delta"" "70" leaves="1640
"S05_COEFFICIENT_START ""F1Hat_Delta"" "71" leaves="1664
"S05_COEFFICIENT_START ""F1Hat_Delta"" "72" leaves="92379
"S05_COEFFICIENT_START ""F1Hat_Delta"" "73" leaves="253
"S05_COMPACT_DONE ""F1Hat_Delta"" rational_checks="73" leaves="8508
"S05_OPTIMIZE ""Hqq_v2_F1Hat_Delta_1"" leaves="8508
"S05_EXPORTED ""Hqq_v2_F1Hat_Delta_1"" optimized="3276
"S05_PREPARE ""Hqq_v2_F1Hat_L0_1"" leaves="9163
"S05_COMPACT_START ""F1Hat_L0"" atoms="9" leaves="2221
"S05_COEFFICIENT_START ""F1Hat_L0"" "1" leaves="104
"S05_COEFFICIENT_START ""F1Hat_L0"" "2" leaves="104
"S05_COEFFICIENT_START ""F1Hat_L0"" "3" leaves="104
"S05_COEFFICIENT_START ""F1Hat_L0"" "4" leaves="104
"S05_COEFFICIENT_START ""F1Hat_L0"" "5" leaves="88
"S05_COEFFICIENT_START ""F1Hat_L0"" "6" leaves="104
"S05_COEFFICIENT_START ""F1Hat_L0"" "7" leaves="88
"S05_COEFFICIENT_START ""F1Hat_L0"" "8" leaves="104
"S05_COEFFICIENT_START ""F1Hat_L0"" "9" leaves="104
"S05_COEFFICIENT_START ""F1Hat_L0"" "10" leaves="104
"S05_COEFFICIENT_START ""F1Hat_L0"" "11" leaves="104
"S05_COEFFICIENT_START ""F1Hat_L0"" "12" leaves="104
"S05_COMPACT_DONE ""F1Hat_L0"" rational_checks="12" leaves="1002
"S05_OPTIMIZE ""Hqq_v2_F1Hat_L0_1"" leaves="1002
"S05_EXPORTED ""Hqq_v2_F1Hat_L0_1"" optimized="332
"S05_PREPARE ""Hqq_v2_F1Hat_L1_1"" leaves="607
"S05_COMPACT_RATIONAL ""F1Hat_L1"" leaves="80
"S05_OPTIMIZE ""Hqq_v2_F1Hat_L1_1"" leaves="80
"S05_EXPORTED ""Hqq_v2_F1Hat_L1_1"" optimized="90
"S05_PREPARE ""Hqq_v2_F1Hat_Regular_1"" leaves="7506981
"S05_REGULAR_EXACT ""F1Hat_Regular"" leaves="2431318
"S05_OPTIMIZE ""Hqq_v2_F1Hat_Regular_1"" leaves="2431318
"S05_EXPORTED ""Hqq_v2_F1Hat_Regular_1"" optimized="606758
"S05_PREPARE ""Hqq_v2_F1Hat_LODelta_m1"" leaves="162
"S05_COMPACT_RATIONAL ""F1Hat_LODelta"" leaves="78
"S05_OPTIMIZE ""Hqq_v2_F1Hat_LODelta_m1"" leaves="78
"S05_EXPORTED ""Hqq_v2_F1Hat_LODelta_m1"" optimized="88
"S05_PREPARE ""Hqq_v2_F1Hat_Delta_m1"" leaves="2964764
"S05_COMPACT_START ""F1Hat_Delta"" atoms="21" leaves="698343
"S05_COEFFICIENT_START ""F1Hat_Delta"" "1" leaves="277
"S05_COEFFICIENT_START ""F1Hat_Delta"" "2" leaves="463
"S05_COEFFICIENT_START ""F1Hat_Delta"" "3" leaves="277
"S05_COEFFICIENT_START ""F1Hat_Delta"" "4" leaves="200
"S05_COEFFICIENT_START ""F1Hat_Delta"" "5" leaves="200
"S05_COEFFICIENT_START ""F1Hat_Delta"" "6" leaves="592
"S05_COEFFICIENT_START ""F1Hat_Delta"" "7" leaves="268
"S05_COEFFICIENT_START ""F1Hat_Delta"" "8" leaves="592
"S05_COEFFICIENT_START ""F1Hat_Delta"" "9" leaves="184
"S05_COEFFICIENT_START ""F1Hat_Delta"" "10" leaves="184
"S05_COEFFICIENT_START ""F1Hat_Delta"" "11" leaves="200
"S05_COEFFICIENT_START ""F1Hat_Delta"" "12" leaves="277
"S05_COEFFICIENT_START ""F1Hat_Delta"" "13" leaves="78
"S05_COEFFICIENT_START ""F1Hat_Delta"" "14" leaves="78
"S05_COEFFICIENT_START ""F1Hat_Delta"" "15" leaves="317
"S05_COEFFICIENT_START ""F1Hat_Delta"" "16" leaves="4145
"S05_COEFFICIENT_START ""F1Hat_Delta"" "17" leaves="4146
"S05_COEFFICIENT_START ""F1Hat_Delta"" "18" leaves="104
"S05_COEFFICIENT_START ""F1Hat_Delta"" "19" leaves="104
"S05_COEFFICIENT_START ""F1Hat_Delta"" "20" leaves="13447
"S05_COEFFICIENT_START ""F1Hat_Delta"" "21" leaves="2365
"S05_COEFFICIENT_START ""F1Hat_Delta"" "22" leaves="13479
"S05_COEFFICIENT_START ""F1Hat_Delta"" "23" leaves="78
"S05_COEFFICIENT_START ""F1Hat_Delta"" "24" leaves="694
"S05_COEFFICIENT_START ""F1Hat_Delta"" "25" leaves="694
"S05_COEFFICIENT_START ""F1Hat_Delta"" "26" leaves="46990
"S05_COEFFICIENT_START ""F1Hat_Delta"" "27" leaves="5261
"S05_COEFFICIENT_START ""F1Hat_Delta"" "28" leaves="104
"S05_COEFFICIENT_START ""F1Hat_Delta"" "29" leaves="104
"S05_COEFFICIENT_START ""F1Hat_Delta"" "30" leaves="13489
"S05_COEFFICIENT_START ""F1Hat_Delta"" "31" leaves="2365
"S05_COEFFICIENT_START ""F1Hat_Delta"" "32" leaves="13485
"S05_COEFFICIENT_START ""F1Hat_Delta"" "33" leaves="1022
"S05_COEFFICIENT_START ""F1Hat_Delta"" "34" leaves="1022
"S05_COEFFICIENT_START ""F1Hat_Delta"" "35" leaves="1096
"S05_COEFFICIENT_START ""F1Hat_Delta"" "36" leaves="78
"S05_COEFFICIENT_START ""F1Hat_Delta"" "37" leaves="694
"S05_COEFFICIENT_START ""F1Hat_Delta"" "38" leaves="694
"S05_COEFFICIENT_START ""F1Hat_Delta"" "39" leaves="48141
"S05_COEFFICIENT_START ""F1Hat_Delta"" "40" leaves="222
"S05_COEFFICIENT_START ""F1Hat_Delta"" "41" leaves="222
"S05_COEFFICIENT_START ""F1Hat_Delta"" "42" leaves="13703
"S05_COEFFICIENT_START ""F1Hat_Delta"" "43" leaves="2365
"S05_COEFFICIENT_START ""F1Hat_Delta"" "44" leaves="11321
"S05_COEFFICIENT_START ""F1Hat_Delta"" "45" leaves="24486
"S05_COEFFICIENT_START ""F1Hat_Delta"" "46" leaves="2365
"S05_COEFFICIENT_START ""F1Hat_Delta"" "47" leaves="4275
"S05_COEFFICIENT_START ""F1Hat_Delta"" "48" leaves="13702
"S05_COEFFICIENT_START ""F1Hat_Delta"" "49" leaves="24488
"S05_COEFFICIENT_START ""F1Hat_Delta"" "50" leaves="1198
"S05_COEFFICIENT_START ""F1Hat_Delta"" "51" leaves="1022
"S05_COEFFICIENT_START ""F1Hat_Delta"" "52" leaves="1198
"S05_COEFFICIENT_START ""F1Hat_Delta"" "53" leaves="2130
"S05_COEFFICIENT_START ""F1Hat_Delta"" "54" leaves="1090
"S05_COEFFICIENT_START ""F1Hat_Delta"" "55" leaves="1090
"S05_COEFFICIENT_START ""F1Hat_Delta"" "56" leaves="2124
"S05_COEFFICIENT_START ""F1Hat_Delta"" "57" leaves="1208
"S05_COEFFICIENT_START ""F1Hat_Delta"" "58" leaves="2257
"S05_COEFFICIENT_START ""F1Hat_Delta"" "59" leaves="78
"S05_COEFFICIENT_START ""F1Hat_Delta"" "60" leaves="168
"S05_COEFFICIENT_START ""F1Hat_Delta"" "61" leaves="985
"S05_COEFFICIENT_START ""F1Hat_Delta"" "62" leaves="1198
"S05_COEFFICIENT_START ""F1Hat_Delta"" "63" leaves="1198
"S05_COEFFICIENT_START ""F1Hat_Delta"" "64" leaves="1090
"S05_COEFFICIENT_START ""F1Hat_Delta"" "65" leaves="1090
"S05_COEFFICIENT_START ""F1Hat_Delta"" "66" leaves="1206
"S05_COEFFICIENT_START ""F1Hat_Delta"" "67" leaves="1206
"S05_COEFFICIENT_START ""F1Hat_Delta"" "68" leaves="13675
"S05_COEFFICIENT_START ""F1Hat_Delta"" "69" leaves="2333
"S05_COEFFICIENT_START ""F1Hat_Delta"" "70" leaves="1640
"S05_COEFFICIENT_START ""F1Hat_Delta"" "71" leaves="1664
"S05_COEFFICIENT_START ""F1Hat_Delta"" "72" leaves="101523
"S05_COEFFICIENT_START ""F1Hat_Delta"" "73" leaves="253
"S05_COMPACT_DONE ""F1Hat_Delta"" rational_checks="73" leaves="8495
"S05_OPTIMIZE ""Hqq_v2_F1Hat_Delta_m1"" leaves="8495
"S05_EXPORTED ""Hqq_v2_F1Hat_Delta_m1"" optimized="3256
"S05_PREPARE ""Hqq_v2_F1Hat_L0_m1"" leaves="9163
"S05_COMPACT_START ""F1Hat_L0"" atoms="9" leaves="2221
"S05_COEFFICIENT_START ""F1Hat_L0"" "1" leaves="104
"S05_COEFFICIENT_START ""F1Hat_L0"" "2" leaves="104
"S05_COEFFICIENT_START ""F1Hat_L0"" "3" leaves="104
"S05_COEFFICIENT_START ""F1Hat_L0"" "4" leaves="104
"S05_COEFFICIENT_START ""F1Hat_L0"" "5" leaves="88
"S05_COEFFICIENT_START ""F1Hat_L0"" "6" leaves="104
"S05_COEFFICIENT_START ""F1Hat_L0"" "7" leaves="88
"S05_COEFFICIENT_START ""F1Hat_L0"" "8" leaves="104
"S05_COEFFICIENT_START ""F1Hat_L0"" "9" leaves="104
"S05_COEFFICIENT_START ""F1Hat_L0"" "10" leaves="104
"S05_COEFFICIENT_START ""F1Hat_L0"" "11" leaves="104
"S05_COEFFICIENT_START ""F1Hat_L0"" "12" leaves="104
"S05_COMPACT_DONE ""F1Hat_L0"" rational_checks="12" leaves="1002
"S05_OPTIMIZE ""Hqq_v2_F1Hat_L0_m1"" leaves="1002
"S05_EXPORTED ""Hqq_v2_F1Hat_L0_m1"" optimized="332
"S05_PREPARE ""Hqq_v2_F1Hat_L1_m1"" leaves="607
"S05_COMPACT_RATIONAL ""F1Hat_L1"" leaves="80
"S05_OPTIMIZE ""Hqq_v2_F1Hat_L1_m1"" leaves="80
"S05_EXPORTED ""Hqq_v2_F1Hat_L1_m1"" optimized="90
"S05_PREPARE ""Hqq_v2_F1Hat_Regular_m1"" leaves="7506981
"S05_REGULAR_EXACT ""F1Hat_Regular"" leaves="2432182
"S05_OPTIMIZE ""Hqq_v2_F1Hat_Regular_m1"" leaves="2432182
"S05_EXPORTED ""Hqq_v2_F1Hat_Regular_m1"" optimized="606764
"S05_PREPARE ""Hqq_v2_F2Hat_LODelta_1"" leaves="163
"S05_COMPACT_RATIONAL ""F2Hat_LODelta"" leaves="93
"S05_OPTIMIZE ""Hqq_v2_F2Hat_LODelta_1"" leaves="93
"S05_EXPORTED ""Hqq_v2_F2Hat_LODelta_1"" optimized="99
"S05_PREPARE ""Hqq_v2_F2Hat_Delta_1"" leaves="2964763
"S05_COMPACT_START ""F2Hat_Delta"" atoms="21" leaves="676276
"S05_COEFFICIENT_START ""F2Hat_Delta"" "1" leaves="148
"S05_COEFFICIENT_START ""F2Hat_Delta"" "2" leaves="259
"S05_COEFFICIENT_START ""F2Hat_Delta"" "3" leaves="148
"S05_COEFFICIENT_START ""F2Hat_Delta"" "4" leaves="139
"S05_COEFFICIENT_START ""F2Hat_Delta"" "5" leaves="139
"S05_COEFFICIENT_START ""F2Hat_Delta"" "6" leaves="500
"S05_COEFFICIENT_START ""F2Hat_Delta"" "7" leaves="500
"S05_COEFFICIENT_START ""F2Hat_Delta"" "8" leaves="166
"S05_COEFFICIENT_START ""F2Hat_Delta"" "9" leaves="123
"S05_COEFFICIENT_START ""F2Hat_Delta"" "10" leaves="123
"S05_COEFFICIENT_START ""F2Hat_Delta"" "11" leaves="139
"S05_COEFFICIENT_START ""F2Hat_Delta"" "12" leaves="158
"S05_COEFFICIENT_START ""F2Hat_Delta"" "13" leaves="111
"S05_COEFFICIENT_START ""F2Hat_Delta"" "14" leaves="111
"S05_COEFFICIENT_START ""F2Hat_Delta"" "15" leaves="240
"S05_COEFFICIENT_START ""F2Hat_Delta"" "16" leaves="3765
"S05_COEFFICIENT_START ""F2Hat_Delta"" "17" leaves="3766
"S05_COEFFICIENT_START ""F2Hat_Delta"" "18" leaves="139
"S05_COEFFICIENT_START ""F2Hat_Delta"" "19" leaves="139
"S05_COEFFICIENT_START ""F2Hat_Delta"" "20" leaves="11444
"S05_COEFFICIENT_START ""F2Hat_Delta"" "21" leaves="11378
"S05_COEFFICIENT_START ""F2Hat_Delta"" "22" leaves="1836
"S05_COEFFICIENT_START ""F2Hat_Delta"" "23" leaves="111
"S05_COEFFICIENT_START ""F2Hat_Delta"" "24" leaves="786
"S05_COEFFICIENT_START ""F2Hat_Delta"" "25" leaves="786
"S05_COEFFICIENT_START ""F2Hat_Delta"" "26" leaves="45448
"S05_COEFFICIENT_START ""F2Hat_Delta"" "27" leaves="4905
"S05_COEFFICIENT_START ""F2Hat_Delta"" "28" leaves="139
"S05_COEFFICIENT_START ""F2Hat_Delta"" "29" leaves="139
"S05_COEFFICIENT_START ""F2Hat_Delta"" "30" leaves="11442
"S05_COEFFICIENT_START ""F2Hat_Delta"" "31" leaves="11444
"S05_COEFFICIENT_START ""F2Hat_Delta"" "32" leaves="1836
"S05_COEFFICIENT_START ""F2Hat_Delta"" "33" leaves="1045
"S05_COEFFICIENT_START ""F2Hat_Delta"" "34" leaves="1045
"S05_COEFFICIENT_START ""F2Hat_Delta"" "35" leaves="1119
"S05_COEFFICIENT_START ""F2Hat_Delta"" "36" leaves="111
"S05_COEFFICIENT_START ""F2Hat_Delta"" "37" leaves="786
"S05_COEFFICIENT_START ""F2Hat_Delta"" "38" leaves="786
"S05_COEFFICIENT_START ""F2Hat_Delta"" "39" leaves="46635
"S05_COEFFICIENT_START ""F2Hat_Delta"" "40" leaves="298
"S05_COEFFICIENT_START ""F2Hat_Delta"" "41" leaves="298
"S05_COEFFICIENT_START ""F2Hat_Delta"" "42" leaves="11452
"S05_COEFFICIENT_START ""F2Hat_Delta"" "43" leaves="9609
"S05_COEFFICIENT_START ""F2Hat_Delta"" "44" leaves="1836
"S05_COEFFICIENT_START ""F2Hat_Delta"" "45" leaves="20578
"S05_COEFFICIENT_START ""F2Hat_Delta"" "46" leaves="11452
"S05_COEFFICIENT_START ""F2Hat_Delta"" "47" leaves="1836
"S05_COEFFICIENT_START ""F2Hat_Delta"" "48" leaves="20578
"S05_COEFFICIENT_START ""F2Hat_Delta"" "49" leaves="3337
"S05_COEFFICIENT_START ""F2Hat_Delta"" "50" leaves="1219
"S05_COEFFICIENT_START ""F2Hat_Delta"" "51" leaves="1045
"S05_COEFFICIENT_START ""F2Hat_Delta"" "52" leaves="1219
"S05_COEFFICIENT_START ""F2Hat_Delta"" "53" leaves="2176
"S05_COEFFICIENT_START ""F2Hat_Delta"" "54" leaves="1113
"S05_COEFFICIENT_START ""F2Hat_Delta"" "55" leaves="1113
"S05_COEFFICIENT_START ""F2Hat_Delta"" "56" leaves="2170
"S05_COEFFICIENT_START ""F2Hat_Delta"" "57" leaves="1229
"S05_COEFFICIENT_START ""F2Hat_Delta"" "58" leaves="2303
"S05_COEFFICIENT_START ""F2Hat_Delta"" "59" leaves="111
"S05_COEFFICIENT_START ""F2Hat_Delta"" "60" leaves="240
"S05_COEFFICIENT_START ""F2Hat_Delta"" "61" leaves="1003
"S05_COEFFICIENT_START ""F2Hat_Delta"" "62" leaves="1219
"S05_COEFFICIENT_START ""F2Hat_Delta"" "63" leaves="1219
"S05_COEFFICIENT_START ""F2Hat_Delta"" "64" leaves="1113
"S05_COEFFICIENT_START ""F2Hat_Delta"" "65" leaves="1113
"S05_COEFFICIENT_START ""F2Hat_Delta"" "66" leaves="1231
"S05_COEFFICIENT_START ""F2Hat_Delta"" "67" leaves="1231
"S05_COEFFICIENT_START ""F2Hat_Delta"" "68" leaves="11444
"S05_COEFFICIENT_START ""F2Hat_Delta"" "69" leaves="1836
"S05_COEFFICIENT_START ""F2Hat_Delta"" "70" leaves="1867
"S05_COEFFICIENT_START ""F2Hat_Delta"" "71" leaves="1891
"S05_COEFFICIENT_START ""F2Hat_Delta"" "72" leaves="97564
"S05_COEFFICIENT_START ""F2Hat_Delta"" "73" leaves="249
"S05_COMPACT_DONE ""F2Hat_Delta"" rational_checks="73" leaves="9006
"S05_OPTIMIZE ""Hqq_v2_F2Hat_Delta_1"" leaves="9006
"S05_EXPORTED ""Hqq_v2_F2Hat_Delta_1"" optimized="3419
"S05_PREPARE ""Hqq_v2_F2Hat_L0_1"" leaves="9308
"S05_COMPACT_START ""F2Hat_L0"" atoms="9" leaves="2635
"S05_COEFFICIENT_START ""F2Hat_L0"" "1" leaves="139
"S05_COEFFICIENT_START ""F2Hat_L0"" "2" leaves="139
"S05_COEFFICIENT_START ""F2Hat_L0"" "3" leaves="139
"S05_COEFFICIENT_START ""F2Hat_L0"" "4" leaves="139
"S05_COEFFICIENT_START ""F2Hat_L0"" "5" leaves="123
"S05_COEFFICIENT_START ""F2Hat_L0"" "6" leaves="139
"S05_COEFFICIENT_START ""F2Hat_L0"" "7" leaves="123
"S05_COEFFICIENT_START ""F2Hat_L0"" "8" leaves="139
"S05_COEFFICIENT_START ""F2Hat_L0"" "9" leaves="139
"S05_COEFFICIENT_START ""F2Hat_L0"" "10" leaves="139
"S05_COEFFICIENT_START ""F2Hat_L0"" "11" leaves="139
"S05_COEFFICIENT_START ""F2Hat_L0"" "12" leaves="133
"S05_COMPACT_DONE ""F2Hat_L0"" rational_checks="12" leaves="1182
"S05_OPTIMIZE ""Hqq_v2_F2Hat_L0_1"" leaves="1182
"S05_EXPORTED ""Hqq_v2_F2Hat_L0_1"" optimized="362
"S05_PREPARE ""Hqq_v2_F2Hat_L1_1"" leaves="622
"S05_COMPACT_RATIONAL ""F2Hat_L1"" leaves="95
"S05_OPTIMIZE ""Hqq_v2_F2Hat_L1_1"" leaves="95
"S05_EXPORTED ""Hqq_v2_F2Hat_L1_1"" optimized="101
"S05_PREPARE ""Hqq_v2_F2Hat_Regular_1"" leaves="7506980
"S05_REGULAR_EXACT ""F2Hat_Regular"" leaves="2431317
"S05_OPTIMIZE ""Hqq_v2_F2Hat_Regular_1"" leaves="2431317
"S05_EXPORTED ""Hqq_v2_F2Hat_Regular_1"" optimized="606757
"S05_PREPARE ""Hqq_v2_F2Hat_LODelta_m1"" leaves="163
"S05_COMPACT_RATIONAL ""F2Hat_LODelta"" leaves="93
"S05_OPTIMIZE ""Hqq_v2_F2Hat_LODelta_m1"" leaves="93
"S05_EXPORTED ""Hqq_v2_F2Hat_LODelta_m1"" optimized="99
"S05_PREPARE ""Hqq_v2_F2Hat_Delta_m1"" leaves="2964763
"S05_COMPACT_START ""F2Hat_Delta"" atoms="21" leaves="698349
"S05_COEFFICIENT_START ""F2Hat_Delta"" "1" leaves="345
"S05_COEFFICIENT_START ""F2Hat_Delta"" "2" leaves="537
"S05_COEFFICIENT_START ""F2Hat_Delta"" "3" leaves="345
"S05_COEFFICIENT_START ""F2Hat_Delta"" "4" leaves="235
"S05_COEFFICIENT_START ""F2Hat_Delta"" "5" leaves="235
"S05_COEFFICIENT_START ""F2Hat_Delta"" "6" leaves="608
"S05_COEFFICIENT_START ""F2Hat_Delta"" "7" leaves="274
"S05_COEFFICIENT_START ""F2Hat_Delta"" "8" leaves="608
"S05_COEFFICIENT_START ""F2Hat_Delta"" "9" leaves="219
"S05_COEFFICIENT_START ""F2Hat_Delta"" "10" leaves="219
"S05_COEFFICIENT_START ""F2Hat_Delta"" "11" leaves="235
"S05_COEFFICIENT_START ""F2Hat_Delta"" "12" leaves="345
"S05_COEFFICIENT_START ""F2Hat_Delta"" "13" leaves="111
"S05_COEFFICIENT_START ""F2Hat_Delta"" "14" leaves="111
"S05_COEFFICIENT_START ""F2Hat_Delta"" "15" leaves="420
"S05_COEFFICIENT_START ""F2Hat_Delta"" "16" leaves="4341
"S05_COEFFICIENT_START ""F2Hat_Delta"" "17" leaves="4342
"S05_COEFFICIENT_START ""F2Hat_Delta"" "18" leaves="139
"S05_COEFFICIENT_START ""F2Hat_Delta"" "19" leaves="139
"S05_COEFFICIENT_START ""F2Hat_Delta"" "20" leaves="14130
"S05_COEFFICIENT_START ""F2Hat_Delta"" "21" leaves="2388
"S05_COEFFICIENT_START ""F2Hat_Delta"" "22" leaves="14196
"S05_COEFFICIENT_START ""F2Hat_Delta"" "23" leaves="111
"S05_COEFFICIENT_START ""F2Hat_Delta"" "24" leaves="786
"S05_COEFFICIENT_START ""F2Hat_Delta"" "25" leaves="786
"S05_COEFFICIENT_START ""F2Hat_Delta"" "26" leaves="49391
"S05_COEFFICIENT_START ""F2Hat_Delta"" "27" leaves="5481
"S05_COEFFICIENT_START ""F2Hat_Delta"" "28" leaves="139
"S05_COEFFICIENT_START ""F2Hat_Delta"" "29" leaves="139
"S05_COEFFICIENT_START ""F2Hat_Delta"" "30" leaves="14196
"S05_COEFFICIENT_START ""F2Hat_Delta"" "31" leaves="2388
"S05_COEFFICIENT_START ""F2Hat_Delta"" "32" leaves="14194
"S05_COEFFICIENT_START ""F2Hat_Delta"" "33" leaves="1045
"S05_COEFFICIENT_START ""F2Hat_Delta"" "34" leaves="1045
"S05_COEFFICIENT_START ""F2Hat_Delta"" "35" leaves="1119
"S05_COEFFICIENT_START ""F2Hat_Delta"" "36" leaves="111
"S05_COEFFICIENT_START ""F2Hat_Delta"" "37" leaves="786
"S05_COEFFICIENT_START ""F2Hat_Delta"" "38" leaves="786
"S05_COEFFICIENT_START ""F2Hat_Delta"" "39" leaves="50582
"S05_COEFFICIENT_START ""F2Hat_Delta"" "40" leaves="298
"S05_COEFFICIENT_START ""F2Hat_Delta"" "41" leaves="298
"S05_COEFFICIENT_START ""F2Hat_Delta"" "42" leaves="14429
"S05_COEFFICIENT_START ""F2Hat_Delta"" "43" leaves="2388
"S05_COEFFICIENT_START ""F2Hat_Delta"" "44" leaves="12040
"S05_COEFFICIENT_START ""F2Hat_Delta"" "45" leaves="25736
"S05_COEFFICIENT_START ""F2Hat_Delta"" "46" leaves="2388
"S05_COEFFICIENT_START ""F2Hat_Delta"" "47" leaves="4321
"S05_COEFFICIENT_START ""F2Hat_Delta"" "48" leaves="14429
"S05_COEFFICIENT_START ""F2Hat_Delta"" "49" leaves="25738
"S05_COEFFICIENT_START ""F2Hat_Delta"" "50" leaves="1219
"S05_COEFFICIENT_START ""F2Hat_Delta"" "51" leaves="1045
"S05_COEFFICIENT_START ""F2Hat_Delta"" "52" leaves="1219
"S05_COEFFICIENT_START ""F2Hat_Delta"" "53" leaves="2176
"S05_COEFFICIENT_START ""F2Hat_Delta"" "54" leaves="1113
"S05_COEFFICIENT_START ""F2Hat_Delta"" "55" leaves="1113
"S05_COEFFICIENT_START ""F2Hat_Delta"" "56" leaves="2170
"S05_COEFFICIENT_START ""F2Hat_Delta"" "57" leaves="1229
"S05_COEFFICIENT_START ""F2Hat_Delta"" "58" leaves="2303
"S05_COEFFICIENT_START ""F2Hat_Delta"" "59" leaves="111
"S05_COEFFICIENT_START ""F2Hat_Delta"" "60" leaves="240
"S05_COEFFICIENT_START ""F2Hat_Delta"" "61" leaves="1003
"S05_COEFFICIENT_START ""F2Hat_Delta"" "62" leaves="1219
"S05_COEFFICIENT_START ""F2Hat_Delta"" "63" leaves="1219
"S05_COEFFICIENT_START ""F2Hat_Delta"" "64" leaves="1113
"S05_COEFFICIENT_START ""F2Hat_Delta"" "65" leaves="1113
"S05_COEFFICIENT_START ""F2Hat_Delta"" "66" leaves="1231
"S05_COEFFICIENT_START ""F2Hat_Delta"" "67" leaves="1231
"S05_COEFFICIENT_START ""F2Hat_Delta"" "68" leaves="14427
"S05_COEFFICIENT_START ""F2Hat_Delta"" "69" leaves="2322
"S05_COEFFICIENT_START ""F2Hat_Delta"" "70" leaves="1867
"S05_COEFFICIENT_START ""F2Hat_Delta"" "71" leaves="1891
"S05_COEFFICIENT_START ""F2Hat_Delta"" "72" leaves="106811
"S05_COEFFICIENT_START ""F2Hat_Delta"" "73" leaves="249
"S05_COMPACT_DONE ""F2Hat_Delta"" rational_checks="73" leaves="8993
"S05_OPTIMIZE ""Hqq_v2_F2Hat_Delta_m1"" leaves="8993
"S05_EXPORTED ""Hqq_v2_F2Hat_Delta_m1"" optimized="3398
"S05_PREPARE ""Hqq_v2_F2Hat_L0_m1"" leaves="9308
"S05_COMPACT_START ""F2Hat_L0"" atoms="9" leaves="2635
"S05_COEFFICIENT_START ""F2Hat_L0"" "1" leaves="139
"S05_COEFFICIENT_START ""F2Hat_L0"" "2" leaves="139
"S05_COEFFICIENT_START ""F2Hat_L0"" "3" leaves="139
"S05_COEFFICIENT_START ""F2Hat_L0"" "4" leaves="139
"S05_COEFFICIENT_START ""F2Hat_L0"" "5" leaves="123
"S05_COEFFICIENT_START ""F2Hat_L0"" "6" leaves="139
"S05_COEFFICIENT_START ""F2Hat_L0"" "7" leaves="123
"S05_COEFFICIENT_START ""F2Hat_L0"" "8" leaves="139
"S05_COEFFICIENT_START ""F2Hat_L0"" "9" leaves="139
"S05_COEFFICIENT_START ""F2Hat_L0"" "10" leaves="139
"S05_COEFFICIENT_START ""F2Hat_L0"" "11" leaves="139
"S05_COEFFICIENT_START ""F2Hat_L0"" "12" leaves="133
"S05_COMPACT_DONE ""F2Hat_L0"" rational_checks="12" leaves="1182
"S05_OPTIMIZE ""Hqq_v2_F2Hat_L0_m1"" leaves="1182
"S05_EXPORTED ""Hqq_v2_F2Hat_L0_m1"" optimized="362
"S05_PREPARE ""Hqq_v2_F2Hat_L1_m1"" leaves="622
"S05_COMPACT_RATIONAL ""F2Hat_L1"" leaves="95
"S05_OPTIMIZE ""Hqq_v2_F2Hat_L1_m1"" leaves="95
"S05_EXPORTED ""Hqq_v2_F2Hat_L1_m1"" optimized="101
"S05_PREPARE ""Hqq_v2_F2Hat_Regular_m1"" leaves="7506980
"S05_REGULAR_EXACT ""F2Hat_Regular"" leaves="2432181
"S05_OPTIMIZE ""Hqq_v2_F2Hat_Regular_m1"" leaves="2432181
"S05_EXPORTED ""Hqq_v2_F2Hat_Regular_m1"" optimized="606763
"S05_CHANNEL_DONE ""Hqq_v2"
