"Resume ""s03_result/real_0101.wl"
"Resume ""s03_result/real_0102.wl"
"Resume ""s03_result/real_0103.wl"
"Resume ""s03_result/real_0104.wl"
"Resume ""s03_result/real_0105.wl"
"Resume ""s03_result/real_0106.wl"
"Resume ""s03_result/real_0107.wl"
"Resume ""s03_result/real_0108.wl"
"Resume ""s03_result/real_0202.wl"
"Resume ""s03_result/real_0203.wl"
"Resume ""s03_result/real_0204.wl"
"Resume ""s03_result/real_0205.wl"
"Resume ""s03_result/real_0206.wl"
"Partial fractions ""real_0207.wl"
"Saved terms "{9, 7}
"Partial fractions ""real_0208.wl"
"Saved terms "{30, 13}
"Partial fractions ""real_0303.wl"
"Saved terms "{10, 15}
"Partial fractions ""real_0304.wl"
"Saved terms "{49, 7}
"Partial fractions ""real_0305.wl"
"Saved terms "{56, 72}
"Partial fractions ""real_0306.wl"
"Saved terms "{68, 44}
"Partial fractions ""real_0307.wl"
"Saved terms "{69, 101}
"Partial fractions ""real_0308.wl"
"Saved terms "{28, 45}
"Partial fractions ""real_0404.wl"
"Saved terms "{10, 4}
"Partial fractions ""real_0405.wl"
"Saved terms "{69, 101}
"Partial fractions ""real_0406.wl"
"Saved terms "{28, 14}
"Partial fractions ""real_0407.wl"
"Saved terms "{56, 100}
"Partial fractions ""real_0408.wl"
"Saved terms "{68, 14}
"Partial fractions ""real_0505.wl"
"Saved terms "{10, 15}
"Partial fractions ""real_0506.wl"
"Saved terms "{28, 45}
"Partial fractions ""real_0507.wl"
"Saved terms "{49, 9}
"Partial fractions ""real_0508.wl"
"Saved terms "{68, 44}
"Partial fractions ""real_0606.wl"
"Saved terms "{6, 6}
"Partial fractions ""real_0607.wl"
"Saved terms "{68, 14}
"Partial fractions ""real_0608.wl"
"Saved terms "{52, 60}
"Partial fractions ""real_0707.wl"
"Saved terms "{10, 4}
"Partial fractions ""real_0708.wl"
"Saved terms "{28, 14}
"Partial fractions ""real_0808.wl"
"Saved terms "{6, 6}
"PASS: exact partial fractions; total terms "{201, 289}
"Angular powers "{{-5, 1}, {-4, 0}, {-4, 1}, {-4, 2}, {-3, -1}, {-3, 0}, {-3, 1}, {-3, 2}, {-2, -2}, {-2, -1}, {-2, 0}, {-2, 1}, {-2, 2}, {-1, -3}, {-1, -2}, {-1, -1}, {-1, 0}, {-1, 1}, {-1, 2}, {0, -3}, {0, -2}, {0, -1}, {0, 0}, {0, 1}, {0, 2}, {1, -4}, {1, -3}, {1, -2}, {1, -1}, {1, 0}, {1, 1}, {1, 2}, {2, -4}, {2, -3}, {2, -2}, {2, -1}, {2, 0}}
