Style["Loading FeynCalc from /home/physics/.WolframEngine/Applications/FeynCalc/", "Text"]
$PrePrint is set to FeynCalcForm. Use FI and FC to change the display format.
Style["FeynCalc ", "Text", Bold]Style["10.2.1 (stable version). For help, use the ", "Text"]Style[DisplayForm[ButtonBox["online documentation,", ButtonData :> {URL["https://feyncalc.github.io/referenceDev"], None}, BaseStyle -> "Hyperlink", ButtonNote -> "https://feyncalc.github.io/referenceDev"]], "Text"]Style[" visit the ", "Text"]Style[DisplayForm[ButtonBox["forum", ButtonData :> {URL["https://github.com/FeynCalc/feyncalc/discussions"], None}, BaseStyle -> "Hyperlink", ButtonNote -> "https://github.com/FeynCalc/feyncalc/discussions/"]], "Text"]Style[" and have a look at the supplied ", "Text"]Style[DisplayForm[ButtonBox["examples.", BaseStyle -> "Hyperlink", ButtonFunction :> SystemOpen[FileNameJoin[{$FeynCalcDirectory, "Examples"}]], Evaluator -> Automatic, Method -> "Preemptive"]], "Text"]Style[" The PDF-version of the manual can be downloaded ", "Text"]Style[DisplayForm[ButtonBox["here.", ButtonData :> {URL["https://github.com/FeynCalc/feyncalc-manual/releases/download/dev-manual/FeynCalcManual.pdf"], None}, BaseStyle -> "Hyperlink", ButtonNote -> "https://github.com/FeynCalc/feyncalc-manual/releases/download/dev-manual/FeynCalcManual.pdf"]], "Text"]
Style["If you use FeynCalc in your research, please evaluate FeynCalcHowToCite[] to learn how to cite this software.", "Text"]
Style["Please keep in mind that the proper academic attribution of our work is crucial to ensure the future development of this package!", {"Text", Italic}]
"S07_STAGE: loading exact accepted Hqg S06 result"
"S07_STAGE: contracting all three accepted Hqg tensors"
"S07_STAGE: contracting Hqg LO square with Pg"
"S07_CHECKPOINT: completed LO Pg leaf count 392"
"S07_STAGE: contracting Hqg LO square with PPP"
"S07_CHECKPOINT: completed LO PPP leaf count 34"
"S07_STAGE: contracting Hqg;qg physical real square with Pg"
"S07_CHECKPOINT: completed RealQG Pg leaf count 311870"
"S07_STAGE: contracting Hqg;qg physical real square with PPP"
"S07_CHECKPOINT: completed RealQG PPP leaf count 27672"
"S07_STAGE: contracting Hqg LO-virtual interference with Pg"
"S07_CHECKPOINT: completed VirtualInterference Pg leaf count 527458"
"S07_STAGE: contracting Hqg LO-virtual interference with PPP"
"S07_CHECKPOINT: completed VirtualInterference PPP leaf count 413187"
"S07_STAGE: atomically writing /home/physics/projects/AI_Assisted_SIDIS/scripts/Hqg/s07_result"
"S07_SUCCESS"
"S07_RESULT_PATH=/home/physics/projects/AI_Assisted_SIDIS/scripts/Hqg/s07_result"
"S07_PROJECTION_COUNT="6
"S07_LEAF_COUNTS="InputForm[<|"LO" -> <|"Pg" -> 392, "PPP" -> 34|>, "RealQG" -> <|"Pg" -> 311870, "PPP" -> 27672|>, "VirtualInterference" -> <|"Pg" -> 527458, "PPP" -> 413187|>|>]
"S07_RESULT_BYTES="6737995
"S07_CHECKS="InputForm[<|"AcceptedS06SourceAndResultIdentity" -> True, "CompleteCheckedS06Schema" -> True, "EmbeddedAcceptedS05S01S04Lineage" -> True, "PaperReferenceHashPreserved" -> True, "BigTMDChannel3CaseAEnforced" -> True, "ChargeStrippedHardKernelConventionPreserved" -> True, "InitialStateNormalizationToolDerived" -> True, "IncomingMomentumDerivedFromStateProbe" -> True, "FragmentingGluonIsInheritedK1" -> True, "PhotonIndicesInheritedUniquely" -> True, "TwoBodyInertKinematicsAccepted" -> True, "ThreeBodyInertKinematicsAccepted" -> True, "InheritedKinematicsInstalledExactly" -> True, "ThreeAcceptedInputTensorsValidated" -> True, "BothPaperEq7ProjectorsAppliedToEveryTensor" -> True, "ProjectionCountDerivedAndExact" -> True, "AllScalarProjectionsValidated" -> True, "BothPhotonIndicesContracted" -> True, "NoLorentzIndicesRemain" -> True, "DDimensionalContractionsRetained" -> True, "CalculationFullySymbolic" -> True, "VirtualQCDCountertermsPreserved" -> True, "Eq9F1F2CombinationsDeferred" -> True, "PhaseSpaceIntegrationDeferred" -> True, "AllCachesBoundToFullContentProvenance" -> True|>]
