Style["Loading FeynCalc from /home/physics/.WolframEngine/Applications/FeynCalc/", "Text"]
$PrePrint is set to FeynCalcForm. Use FI and FC to change the display format.
Style["FeynCalc ", "Text", Bold]Style["10.2.1 (stable version). For help, use the ", "Text"]Style[DisplayForm[ButtonBox["online documentation,", ButtonData :> {URL["https://feyncalc.github.io/referenceDev"], None}, BaseStyle -> "Hyperlink", ButtonNote -> "https://feyncalc.github.io/referenceDev"]], "Text"]Style[" visit the ", "Text"]Style[DisplayForm[ButtonBox["forum", ButtonData :> {URL["https://github.com/FeynCalc/feyncalc/discussions"], None}, BaseStyle -> "Hyperlink", ButtonNote -> "https://github.com/FeynCalc/feyncalc/discussions/"]], "Text"]Style[" and have a look at the supplied ", "Text"]Style[DisplayForm[ButtonBox["examples.", BaseStyle -> "Hyperlink", ButtonFunction :> SystemOpen[FileNameJoin[{$FeynCalcDirectory, "Examples"}]], Evaluator -> Automatic, Method -> "Preemptive"]], "Text"]Style[" The PDF-version of the manual can be downloaded ", "Text"]Style[DisplayForm[ButtonBox["here.", ButtonData :> {URL["https://github.com/FeynCalc/feyncalc-manual/releases/download/dev-manual/FeynCalcManual.pdf"], None}, BaseStyle -> "Hyperlink", ButtonNote -> "https://github.com/FeynCalc/feyncalc-manual/releases/download/dev-manual/FeynCalcManual.pdf"]], "Text"]
Style["If you use FeynCalc in your research, please evaluate FeynCalcHowToCite[] to learn how to cite this software.", "Text"]
Style["Please keep in mind that the proper academic attribution of our work is crucial to ensure the future development of this package!", {"Text", Italic}]
"S08_STAGE: loading exact accepted Hqg S07-v5 result"
"S08_DENOMINATOR_DISCOVERY: ""Hqg;qg Pg"" base="InputForm[s12 + s13 + s23]" candidates="InputForm[{sHat}]
"S08_DENOMINATOR_DISCOVERY: ""Hqg;qg Pg"" base="InputForm[s13 + u1 + u3]" candidates="InputForm[{t2}]
"S08_DENOMINATOR_DISCOVERY: ""Hqg;qg PPP"" base="InputForm[s13 + u1 + u3]" candidates="InputForm[{t2}]
"S08_STAGE: validating Appendix D and BigTMD kinematic identities"
"S08_STAGE: applying two-body Hqg phase space"
"S08_STAGE: applying two-body phase space to Hqg LO"
"S08_STAGE: applying two-body phase space to Hqg renormalized virtual interference"
"S08_STAGE: integrating the Hqg;qg real projections"
"S08_STAGE: inspecting RealQG Pg cache"
"S08_STAGE: loading validated RealQG Pg cache"
"S08_STAGE: inspecting RealQG PPP cache"
"S08_STAGE: loading validated RealQG PPP cache"
"S08_STAGE: applying zeta-to-s23 change of variables"
"S08_STAGE: writing /home/physics/projects/AI_Assisted_SIDIS/scripts/Hqg/s08_result"
"S08_SUCCESS"
"S08_RESULT_PATH=/home/physics/projects/AI_Assisted_SIDIS/scripts/Hqg/s08_result"
"S08_RESULT_BYTES="206049416
"S08_RESULT_SHA256_HEX=a25bafca0c9e33790418d9a491b985a73e12a75b9260f7a1864c315c7e608052"
"S08_CASE2_MASTER_COUNT="63
"S08_ANGULAR_LEAF_COUNTS="InputForm[<|"Pg" -> 7848490, "PPP" -> 1626805|>]
"S08_TRANSFORMED_LEAF_COUNTS="InputForm[<|"TwoBody" -> <|"LO_OAlphaS" -> <|"Pg" -> 1239, "PPP" -> 203|>, "NLOVirtualInterference_OAlphaS2_Symbolic" -> <|"Pg" -> 1323807, "PPP" -> 1191817|>|>, "ThreeBodyReal" -> <|"Pg" -> 42245786, "PPP" -> 8801076|>|>]
"S08_CHECKS="InputForm[<|"ImmutableInputsUnchanged" -> True, "EveryPreflightGatePassed" -> True, "TwoBodyPairsValidated" -> True, "VirtualCountertermsPreserved" -> True, "RealAngularPairValidated" -> True, "EveryRealCacheMetadataAndRawExpressionValidated" -> True, "EveryXiS23PairValidated" -> True, "EveryContributionRetainsBothProjectors" -> True, "TwoBodyConstraintIsDeltaS23" -> True, "AppendixDIdentitiesD5ThroughD8Verified" -> True, "AngularVariablesAndADMVsEliminated" -> True, "ExplicitRealPropagatorObjectsEliminated" -> True, "XiS23VariablesReplaced" -> True, "EveryXiS23KernelRetainsXiAndS23" -> True, "XiS23JacobianAppliedExactly" -> True, "ParsedBigTMDKinematicMapExact" -> True, "CalculationFullySymbolic" -> True, "NoPrePublicationTemporarySurvives" -> True|>]
"S08_CACHE_VALIDATION_CHECKS="InputForm[<|"Pg" -> True, "PPP" -> True|>]
"S08_ATOMIC_RELOAD_CHECKS="InputForm[{True, True, True, True}]
