Style["Loading FeynCalc from /home/physics/.WolframEngine/Applications/FeynCalc/", "Text"]
$PrePrint is set to FeynCalcForm. Use FI and FC to change the display format.
Style["FeynCalc ", "Text", Bold]Style["10.2.1 (stable version). For help, use the ", "Text"]Style[DisplayForm[ButtonBox["online documentation,", ButtonData :> {URL["https://feyncalc.github.io/referenceDev"], None}, BaseStyle -> "Hyperlink", ButtonNote -> "https://feyncalc.github.io/referenceDev"]], "Text"]Style[" visit the ", "Text"]Style[DisplayForm[ButtonBox["forum", ButtonData :> {URL["https://github.com/FeynCalc/feyncalc/discussions"], None}, BaseStyle -> "Hyperlink", ButtonNote -> "https://github.com/FeynCalc/feyncalc/discussions/"]], "Text"]Style[" and have a look at the supplied ", "Text"]Style[DisplayForm[ButtonBox["examples.", BaseStyle -> "Hyperlink", ButtonFunction :> SystemOpen[FileNameJoin[{$FeynCalcDirectory, "Examples"}]], Evaluator -> Automatic, Method -> "Preemptive"]], "Text"]Style[" The PDF-version of the manual can be downloaded ", "Text"]Style[DisplayForm[ButtonBox["here.", ButtonData :> {URL["https://github.com/FeynCalc/feyncalc-manual/releases/download/dev-manual/FeynCalcManual.pdf"], None}, BaseStyle -> "Hyperlink", ButtonNote -> "https://github.com/FeynCalc/feyncalc-manual/releases/download/dev-manual/FeynCalcManual.pdf"]], "Text"]
Style["If you use FeynCalc in your research, please evaluate FeynCalcHowToCite[] to learn how to cite this software.", "Text"]
Style["Please keep in mind that the proper academic attribution of our work is crucial to ensure the future development of this package!", {"Text", Italic}]
"S08_STAGE: loading exact accepted Hqg S07-v5 result"
"S08_DENOMINATOR_DISCOVERY: ""Hqg;qg Pg"" base="InputForm[s12 + s13 + s23]" candidates="InputForm[{sHat}]
"S08_DENOMINATOR_DISCOVERY: ""Hqg;qg Pg"" base="InputForm[s13 + u1 + u3]" candidates="InputForm[{t2}]
"S08_DENOMINATOR_DISCOVERY: ""Hqg;qg PPP"" base="InputForm[s13 + u1 + u3]" candidates="InputForm[{t2}]
"S08_STAGE: validating Appendix D and BigTMD kinematic identities"
"S08_STAGE: applying two-body Hqg phase space"
"S08_STAGE: applying two-body phase space to Hqg LO"
"S08_STAGE: applying two-body phase space to Hqg renormalized virtual interference"
"S08_STAGE: integrating the Hqg;qg real projections"
"S08_STAGE: making propagators explicit for Hqg;qg Pg"
"S08_STAGE: Appendix D start Hqg;qg Pg, terms 5318"
"S08_STAGE: Appendix D same-type complete Hqg;qg Pg, terms 5578"
"S08_STAGE: Appendix D triple complete Hqg;qg Pg, terms 36442"
"S08_STAGE: Appendix D numerator complete Hqg;qg Pg, terms 181154"
"S08_STAGE: grouping angular masters for Hqg;qg Pg"
"S08_STAGE: angular master count Hqg;qg Pg = 72"
"S08_CHECKPOINT: completed ""Pg"" angular integration leaf count "7848490
"S08_STAGE: making propagators explicit for Hqg;qg PPP"
"S08_STAGE: Appendix D start Hqg;qg PPP, terms 620"
"S08_STAGE: Appendix D same-type complete Hqg;qg PPP, terms 656"
"S08_STAGE: Appendix D triple complete Hqg;qg PPP, terms 2840"
"S08_STAGE: Appendix D numerator complete Hqg;qg PPP, terms 19322"
"S08_STAGE: grouping angular masters for Hqg;qg PPP"
"S08_STAGE: angular master count Hqg;qg PPP = 48"
"S08_CHECKPOINT: completed ""PPP"" angular integration leaf count "1626805
"S08_STAGE: applying zeta-to-s23 change of variables"
"S08_STAGE: writing /home/physics/projects/AI_Assisted_SIDIS/scripts/Hqg/s08_result"

No more memory available.
Mathematica kernel has shut down.
Try quitting other applications and then retry.
