Style["Loading FeynCalc from /home/physics/.WolframEngine/Applications/FeynCalc/", "Text"]
$PrePrint is set to FeynCalcForm. Use FI and FC to change the display format.
Style["FeynCalc ", "Text", Bold]Style["10.2.1 (stable version). For help, use the ", "Text"]Style[DisplayForm[ButtonBox["online documentation,", ButtonData :> {URL["https://feyncalc.github.io/referenceDev"], None}, BaseStyle -> "Hyperlink", ButtonNote -> "https://feyncalc.github.io/referenceDev"]], "Text"]Style[" visit the ", "Text"]Style[DisplayForm[ButtonBox["forum", ButtonData :> {URL["https://github.com/FeynCalc/feyncalc/discussions"], None}, BaseStyle -> "Hyperlink", ButtonNote -> "https://github.com/FeynCalc/feyncalc/discussions/"]], "Text"]Style[" and have a look at the supplied ", "Text"]Style[DisplayForm[ButtonBox["examples.", BaseStyle -> "Hyperlink", ButtonFunction :> SystemOpen[FileNameJoin[{$FeynCalcDirectory, "Examples"}]], Evaluator -> Automatic, Method -> "Preemptive"]], "Text"]Style[" The PDF-version of the manual can be downloaded ", "Text"]Style[DisplayForm[ButtonBox["here.", ButtonData :> {URL["https://github.com/FeynCalc/feyncalc-manual/releases/download/dev-manual/FeynCalcManual.pdf"], None}, BaseStyle -> "Hyperlink", ButtonNote -> "https://github.com/FeynCalc/feyncalc-manual/releases/download/dev-manual/FeynCalcManual.pdf"]], "Text"]
Style["If you use FeynCalc in your research, please evaluate FeynCalcHowToCite[] to learn how to cite this software.", "Text"]
Style["Please keep in mind that the proper academic attribution of our work is crucial to ensure the future development of this package!", {"Text", Italic}]
"S09_STAGE: validating the paper and accepted Hqg S07/S08 handoff"
"S09_MASTER_PAIRS_BY_PROJECTOR="InputForm[<|"Pg" -> {{-2, -1}, {-2, 0}, {-2, 1}, {-1, -2}, {-1, -1}, {-1, 0}, {-1, 1}, {-1, 2}, {0, -3}, {0, -2}, {0, -1}, {0, 1}, {0, 2}, {1, -3}, {1, -2}, {1, -1}, {1, 0}, {1, 1}, {1, 2}, {2, -2}, {2, -1}, {2, 0}, {2, 1}, {2, 2}}, "PPP" -> {{-2, 0}, {-2, 1}, {-1, -1}, {-1, 0}, {-1, 1}, {0, -2}, {0, -1}, {0, 1}, {1, -3}, {1, -2}, {1, -1}, {1, 0}, {1, 1}, {2, -3}, {2, -2}, {2, -1}, {2, 0}, {2, 1}}|>]
"S09_MASTER_OCCURRENCES="InputForm[<|"Pg" -> 61, "PPP" -> 43|>]
"S09_MASTER_DISTINCT_INSTANCES="InputForm[<|"Pg" -> 61, "PPP" -> 43|>]
"S09_STAGE: checking Appendix-F formulas with the exact B19 recurrence"
"S09_APPENDIX_F_RECURRENCE_RESIDUALS="InputForm[<|"{-2, -1}" -> 0, "{-2, 0}" -> 0, "{-2, 1}" -> 0, "{-1, -2}" -> 0, "{-1, -1}" -> 0, "{-1, 1}" -> 0, "{-1, 2}" -> 0, "{1, -3}" -> 0, "{1, -2}" -> 0, "{1, -1}" -> 0, "{1, 0}" -> 0, "{1, 1}" -> 0, "{1, 2}" -> 0|>]
"S09_F8_B19_MOMENT_RESIDUALS="InputForm[<|"BetaTwoOddMomentOne" -> 0, "BetaTwoOddMomentThree" -> 0, "KLogSplitResidual" -> 0, "LDefinitionResidual" -> 0, "KDefinitionResidual" -> 0, "F8LeadingFromB19Moments" -> 0, "F8EpsilonFromB19Moments" -> 0|>]
"S09_B27_B30_SIGNATURES="InputForm[<|"Pg" -> {HoldComplete[1, 1, 1 - epsilon], HoldComplete[1, 2, 1 - epsilon]}, "PPP" -> {HoldComplete[1, 1, 1 - epsilon]}|>]
"S09_B27_B30_COUNTS="InputForm[<|"Pg" -> 3, "PPP" -> 2|>]
"S09_B18_BETA_SIGNATURES="InputForm[{HoldComplete[2 - epsilon, 2 - epsilon], HoldComplete[2 - epsilon, -epsilon], HoldComplete[3 - epsilon, 2 - epsilon], HoldComplete[3 - epsilon, -epsilon], HoldComplete[-epsilon, -1 - epsilon], HoldComplete[-epsilon, 2 - epsilon], HoldComplete[-epsilon, -epsilon]}]
"S09_B18_GAMMA_OBJECTS="InputForm[{Gamma[1 - 2*epsilon], Gamma[1 - epsilon]}]
"S09_STAGE: processing expanded projectors serially"
"S09_STAGE: applying accepted exact xi,s23 map to angular input Pg"
"S09_STAGE: fused Appendix-F/B18/B27/B30 expansion for Hqg Pg"
"S09_""Pg""_RESIDUAL_EXPANSION_INVENTORY="InputForm[<|"Case2MasterCount" -> 0, "HypergeometricCount" -> 0, "BetaCount" -> 0, "GammaCount" -> 0, "FailedCount" -> 0, "MachineRealCount" -> 0|>]
"S09_CHECKPOINT: completed ""Pg"" expanded leaf/byte counts "InputForm[{43081075, 1111995608}]
"S09_STAGE: applying accepted exact xi,s23 map to angular input PPP"
"S09_STAGE: fused Appendix-F/B18/B27/B30 expansion for Hqg PPP"
"S09_""PPP""_RESIDUAL_EXPANSION_INVENTORY="InputForm[<|"Case2MasterCount" -> 0, "HypergeometricCount" -> 0, "BetaCount" -> 0, "GammaCount" -> 0, "FailedCount" -> 0, "MachineRealCount" -> 0|>]
"S09_CHECKPOINT: completed ""PPP"" expanded leaf/byte counts "InputForm[{9520066, 245646264}]
"S09_STAGE: validating finalized source-bound projector caches"
"S09_STAGE: atomically writing the compact Hqg S09 result"
"S09_SUCCESS"
"S09_PROGRAM_SHA256=f7a88a6863d90f76972b45f8c0281001d3f16e8f5da220b6c3ae977234d994d0"
"S09_RESULT_PATH=/home/physics/projects/AI_Assisted_SIDIS/scripts/Hqg/s09_result"
"S09_RESULT_SHA256=a1f585334a749146230b1ea0f32e98df34290217798cc8293bbfdbc9ec2b6624"
"S09_RESULT_BYTES="18074
"S09_CACHE_SHA256="InputForm[<|"Pg" -> "2691548528a6138213ef4e444776ef7ec44db97b8619275af3341d88c064c378", "PPP" -> "4296c1477f10691a86429eb16458d2e79c68b451b181196c7d7c1fa0c59a60ac"|>]
"S09_CHECKS="InputForm[<|"AuthoritativePaperHashValidated" -> True, "AcceptedS07AndS08DiskIdentitiesValidated" -> True, "AcceptedS08StatusAndEighteenComputedChecksValidated" -> True, "AcceptedS08EmbeddedS06S07LineageValidated" -> True, "AcceptedS08CacheLedgerValidated" -> True, "S08CacheExpressionsExactlyMatchResultAngularInputs" -> True, "OrderedPhysicalHqgQGProjectorInputValidated" -> True, "CompleteRuntimeB19MasterInventoryValidated" -> True, "MeasuredSixtyOneFortyThreeOccurrenceAndSixtyThreeInstanceInventoryValidated" -> True, "AllRuntimeNonzeroJFormulaCoverageValidated" -> True, "AllRuntimeZeroJFormulaCoverageValidated" -> True, "HqgPolynomialB19DerivationsAndResidualsValidated" -> True, "CorrectedF9ExactRecurrenceReducedB19AndOrderValidated" -> True, "DynamicAppendixFB19RecurrencesValidated" -> True, "F8ExactB19MomentDerivationValidated" -> True, "MeasuredB27B30BetaGammaInventoryAndExpansionsValidated" -> True, "FormulaCertificateAggregateValidated" -> True, "FusedSinglePassExpansionMatchesSequentialRules" -> True, "MasterAndResidualFunctionSubstitutionsCommuteWithMap" -> True, "MappedInputsEvictedDuringSerialProcessing" -> True, "BothExpandedProjectorsCompletedSerially" -> True, "AssociationValueMappingShapeAndValuesVerified" -> True, "AdditionalMultiplicativeWeightDerivedAsExactlyOne" -> True, "InheritedScaleStructureMeasuredAndPreserved" -> True, "ChargeStrippedChannel3AFragmentingGluonConventionPreserved" -> True, "LOAndVirtualPairsRetainedOnlyAsHashReferences" -> True, "FormalBoundedEndpointIdentityAndUnresolvedSemanticsValidated" -> True, "AtomicProjectorCachesReloadedAndValidated" -> True, "ActualDiskCacheHashesMappedByAssociationValues" -> True, "SourceNativeCompactResultCandidateValidated" -> True, "CompactResultDoesNotDuplicateExpandedKernels" -> True|>]
"S09_RESULT_RELOAD_GATE="InputForm[True]
"S09_UPSTREAM_IDENTITIES_UNCHANGED="InputForm[True]
