Style["Loading FeynCalc from /home/physics/.WolframEngine/Applications/FeynCalc/", "Text"]
$PrePrint is set to FeynCalcForm. Use FI and FC to change the display format.
Style["FeynCalc ", "Text", Bold]Style["10.2.1 (stable version). For help, use the ", "Text"]Style[DisplayForm[ButtonBox["online documentation,", ButtonData :> {URL["https://feyncalc.github.io/referenceDev"], None}, BaseStyle -> "Hyperlink", ButtonNote -> "https://feyncalc.github.io/referenceDev"]], "Text"]Style[" visit the ", "Text"]Style[DisplayForm[ButtonBox["forum", ButtonData :> {URL["https://github.com/FeynCalc/feyncalc/discussions"], None}, BaseStyle -> "Hyperlink", ButtonNote -> "https://github.com/FeynCalc/feyncalc/discussions/"]], "Text"]Style[" and have a look at the supplied ", "Text"]Style[DisplayForm[ButtonBox["examples.", BaseStyle -> "Hyperlink", ButtonFunction :> SystemOpen[FileNameJoin[{$FeynCalcDirectory, "Examples"}]], Evaluator -> Automatic, Method -> "Preemptive"]], "Text"]Style[" The PDF-version of the manual can be downloaded ", "Text"]Style[DisplayForm[ButtonBox["here.", ButtonData :> {URL["https://github.com/FeynCalc/feyncalc-manual/releases/download/dev-manual/FeynCalcManual.pdf"], None}, BaseStyle -> "Hyperlink", ButtonNote -> "https://github.com/FeynCalc/feyncalc-manual/releases/download/dev-manual/FeynCalcManual.pdf"]], "Text"]
Style["If you use FeynCalc in your research, please evaluate FeynCalcHowToCite[] to learn how to cite this software.", "Text"]
Style["Please keep in mind that the proper academic attribution of our work is crucial to ensure the future development of this package!", {"Text", Italic}]
Style["FeynHelpers ", "Text", Bold]Style["2.0.0 (). For help, use the ", "Text"]Style[DisplayForm[ButtonBox["online documentation,", ButtonData :> {URL["https://feyncalc.github.io/referenceFeynHelpersDev"], None}, BaseStyle -> "Hyperlink", ButtonNote -> "https://feyncalc.github.io/referenceFeynHelpersDev"]], "Text"]Style[" visit the ", "Text"]Style[DisplayForm[ButtonBox["forum", ButtonData :> {URL["https://github.com/FeynCalc/feyncalc/discussions"], None}, BaseStyle -> "Hyperlink", ButtonNote -> "https://github.com/FeynCalc/feyncalc/discussions/"]], "Text"]Style[" and have a look at the supplied ", "Text"]Style[DisplayForm[ButtonBox["examples.", BaseStyle -> "Hyperlink", ButtonFunction :> SystemOpen[FileNameJoin[{$FeynHelpersDirectory, "Examples"}]], Evaluator -> Automatic, Method -> "Preemptive"]], "Text"]Style[" The PDF-version of the manual can be downloaded ", "Text"]Style[DisplayForm[ButtonBox["here.", ButtonData :> {URL["https://github.com/FeynCalc/feynhelpers-manual/releases/download/dev-manual/FeynHelpersManual.pdf"], None}, BaseStyle -> "Hyperlink", ButtonNote -> "https://github.com/FeynCalc/feynhelpers-manual/releases/download/dev-manual/FeynHelpersManual.pdf"]], "Text"]
Style[" If you use FeynHelpers in your research, please evaluate FeynHelpersHowToCite[] to learn how to cite this work.", "Text"]
"S10_PARALLEL_KERNELS="0
"S10_MEMORY_STAGE: serial bounded reconstruction; no large expression is copied to subkernels"
"S10_STAGE: loading and validating s09, s08, and s07 inputs"
"S10_STAGE: completing all analytic scalar one-loop integrals"
"S10_STAGE: analytic PaVe evaluation 1/97"
"S10_STAGE: analytic PaVe evaluation 2/97"
"S10_STAGE: analytic PaVe evaluation 3/97"
"S10_STAGE: analytic PaVe evaluation 4/97"
"S10_STAGE: analytic PaVe evaluation 5/97"
"S10_STAGE: analytic PaVe evaluation 6/97"
"S10_STAGE: analytic PaVe evaluation 7/97"
"S10_STAGE: analytic PaVe evaluation 8/97"
"S10_STAGE: analytic PaVe evaluation 9/97"
"S10_STAGE: analytic PaVe evaluation 10/97"
"S10_STAGE: analytic PaVe evaluation 11/97"
"S10_STAGE: analytic PaVe evaluation 12/97"
"S10_STAGE: analytic PaVe evaluation 13/97"
"S10_STAGE: analytic PaVe evaluation 14/97"
"S10_STAGE: analytic PaVe evaluation 15/97"
"S10_STAGE: analytic PaVe evaluation 16/97"
"S10_STAGE: analytic PaVe evaluation 17/97"
"S10_STAGE: analytic PaVe evaluation 18/97"
"S10_STAGE: analytic PaVe evaluation 19/97"
"S10_STAGE: analytic PaVe evaluation 20/97"
"S10_STAGE: analytic PaVe evaluation 21/97"
"S10_STAGE: analytic PaVe evaluation 22/97"
"S10_STAGE: analytic PaVe evaluation 23/97"
"S10_STAGE: analytic PaVe evaluation 24/97"
"S10_STAGE: analytic PaVe evaluation 25/97"
"S10_STAGE: analytic PaVe evaluation 26/97"
"S10_STAGE: analytic PaVe evaluation 27/97"
"S10_STAGE: analytic PaVe evaluation 28/97"
"S10_STAGE: analytic PaVe evaluation 29/97"
"S10_STAGE: analytic PaVe evaluation 30/97"
"S10_STAGE: analytic PaVe evaluation 31/97"
"S10_STAGE: analytic PaVe evaluation 32/97"
"S10_STAGE: analytic PaVe evaluation 33/97"
"S10_STAGE: analytic PaVe evaluation 34/97"
"S10_STAGE: analytic PaVe evaluation 35/97"
"S10_STAGE: analytic PaVe evaluation 36/97"
"S10_STAGE: analytic PaVe evaluation 37/97"
"S10_STAGE: analytic PaVe evaluation 38/97"
"S10_STAGE: analytic PaVe evaluation 39/97"
"S10_STAGE: analytic PaVe evaluation 40/97"
"S10_STAGE: analytic PaVe evaluation 41/97"
"S10_STAGE: analytic PaVe evaluation 42/97"
"S10_STAGE: analytic PaVe evaluation 43/97"
"S10_STAGE: analytic PaVe evaluation 44/97"
"S10_STAGE: analytic PaVe evaluation 45/97"
"S10_STAGE: analytic PaVe evaluation 46/97"
"S10_STAGE: analytic PaVe evaluation 47/97"
"S10_STAGE: analytic PaVe evaluation 48/97"
"S10_STAGE: analytic PaVe evaluation 49/97"
"S10_STAGE: analytic PaVe evaluation 50/97"
"S10_STAGE: analytic PaVe evaluation 51/97"
"S10_STAGE: analytic PaVe evaluation 52/97"
"S10_STAGE: analytic PaVe evaluation 53/97"
"S10_STAGE: analytic PaVe evaluation 54/97"
"S10_STAGE: analytic PaVe evaluation 55/97"
"S10_STAGE: analytic PaVe evaluation 56/97"
"S10_STAGE: analytic PaVe evaluation 57/97"
"S10_STAGE: analytic PaVe evaluation 58/97"
"S10_STAGE: analytic PaVe evaluation 59/97"
"S10_STAGE: analytic PaVe evaluation 60/97"
"S10_STAGE: analytic PaVe evaluation 61/97"
"S10_STAGE: analytic PaVe evaluation 62/97"
"S10_STAGE: analytic PaVe evaluation 63/97"
"S10_STAGE: analytic PaVe evaluation 64/97"
"S10_STAGE: analytic PaVe evaluation 65/97"
"S10_STAGE: analytic PaVe evaluation 66/97"
"S10_STAGE: analytic PaVe evaluation 67/97"
"S10_STAGE: analytic PaVe evaluation 68/97"
"S10_STAGE: analytic PaVe evaluation 69/97"
"S10_STAGE: analytic PaVe evaluation 70/97"
"S10_STAGE: analytic PaVe evaluation 71/97"
"S10_STAGE: analytic PaVe evaluation 72/97"
"S10_STAGE: analytic PaVe evaluation 73/97"
"S10_STAGE: analytic PaVe evaluation 74/97"
"S10_STAGE: analytic PaVe evaluation 75/97"
"S10_STAGE: analytic PaVe evaluation 76/97"
"S10_STAGE: analytic PaVe evaluation 77/97"
"S10_STAGE: analytic PaVe evaluation 78/97"
"S10_STAGE: analytic PaVe evaluation 79/97"
"S10_STAGE: analytic PaVe evaluation 80/97"
"S10_STAGE: analytic PaVe evaluation 81/97"
"S10_STAGE: analytic PaVe evaluation 82/97"
"S10_STAGE: analytic PaVe evaluation 83/97"
"S10_STAGE: analytic PaVe evaluation 84/97"
"S10_STAGE: analytic PaVe evaluation 85/97"
"S10_STAGE: analytic PaVe evaluation 86/97"
"S10_STAGE: analytic PaVe evaluation 87/97"
"S10_STAGE: analytic PaVe evaluation 88/97"
"S10_STAGE: analytic PaVe evaluation 89/97"
"S10_STAGE: analytic PaVe evaluation 90/97"
"S10_STAGE: analytic PaVe evaluation 91/97"
"S10_STAGE: analytic PaVe evaluation 92/97"
"S10_STAGE: analytic PaVe evaluation 93/97"
"S10_STAGE: analytic PaVe evaluation 94/97"
"S10_STAGE: analytic PaVe evaluation 95/97"
"S10_STAGE: analytic PaVe evaluation 96/97"
"S10_STAGE: analytic PaVe evaluation 97/97"
"S10_STAGE: analytic scalar master evaluation 1/4"
"S10_STAGE: analytic scalar master evaluation 2/4"
"S10_STAGE: analytic scalar master evaluation 3/4"
"S10_STAGE: analytic scalar master evaluation 4/4"
"S10_STAGE: resolving ordinary tree propagator denominators"
"S10_STAGE: validating the explicit UV counterterm cancellation"
"S10_STAGE: applying the exact s08 two-body normalization and map"
"S10_MEMORY_STAGE: releasing superseded virtual inputs before Laurent expansion"
"S10_STAGE: completing the renormalized virtual Laurent expansion"
"S10_STAGE: virtual Laurent expansion through finite term for Pg"
"S10_MEMORY_STAGE: locating additive boundary for Pg"
"S10_STAGE: bounded virtual Laurent terms for Pg completed=0/2"
"S10_STAGE: refined virtual Laurent term Pg 1 into 19 subterms"
"S10_SUBTERM_CHECKPOINT: Pg virtual Laurent term 1 subterm 1/19"
"S10_SUBTERM_CHECKPOINT: Pg virtual Laurent term 1 subterm 2/19"
"S10_SUBTERM_CHECKPOINT: Pg virtual Laurent term 1 subterm 3/19"
"S10_SUBTERM_CHECKPOINT: Pg virtual Laurent term 1 subterm 4/19"
"S10_SUBTERM_CHECKPOINT: Pg virtual Laurent term 1 subterm 5/19"
"S10_SUBTERM_CHECKPOINT: Pg virtual Laurent term 1 subterm 6/19"
"S10_SUBTERM_CHECKPOINT: Pg virtual Laurent term 1 subterm 7/19"
"S10_SUBTERM_CHECKPOINT: Pg virtual Laurent term 1 subterm 8/19"
"S10_SUBTERM_CHECKPOINT: Pg virtual Laurent term 1 subterm 9/19"
"S10_SUBTERM_CHECKPOINT: Pg virtual Laurent term 1 subterm 10/19"
"S10_SUBTERM_CHECKPOINT: Pg virtual Laurent term 1 subterm 11/19"
"S10_SUBTERM_CHECKPOINT: Pg virtual Laurent term 1 subterm 12/19"
"S10_SUBTERM_CHECKPOINT: Pg virtual Laurent term 1 subterm 13/19"
"S10_SUBTERM_CHECKPOINT: Pg virtual Laurent term 1 subterm 14/19"
"S10_SUBTERM_CHECKPOINT: Pg virtual Laurent term 1 subterm 15/19"
"S10_SUBTERM_CHECKPOINT: Pg virtual Laurent term 1 subterm 16/19"
"S10_SUBTERM_CHECKPOINT: Pg virtual Laurent term 1 subterm 17/19"
"S10_SUBTERM_CHECKPOINT: Pg virtual Laurent term 1 subterm 18/19"
"S10_SUBTERM_CHECKPOINT: Pg virtual Laurent term 1 subterm 19/19"
"S10_TERM_CHECKPOINT: Pg virtual Laurent term 1/2"
"S10_STAGE: refined virtual Laurent term Pg 2 into 10 subterms"
"S10_SUBTERM_CHECKPOINT: Pg virtual Laurent term 2 subterm 1/10"
"S10_SUBTERM_CHECKPOINT: Pg virtual Laurent term 2 subterm 2/10"
"S10_SUBTERM_CHECKPOINT: Pg virtual Laurent term 2 subterm 3/10"
"S10_SUBTERM_CHECKPOINT: Pg virtual Laurent term 2 subterm 4/10"
"S10_SUBTERM_CHECKPOINT: Pg virtual Laurent term 2 subterm 5/10"
"S10_SUBTERM_CHECKPOINT: Pg virtual Laurent term 2 subterm 6/10"
"S10_SUBTERM_CHECKPOINT: Pg virtual Laurent term 2 subterm 7/10"
"S10_SUBTERM_CHECKPOINT: Pg virtual Laurent term 2 subterm 8/10"
"S10_SUBTERM_CHECKPOINT: Pg virtual Laurent term 2 subterm 9/10"
"S10_SUBTERM_CHECKPOINT: Pg virtual Laurent term 2 subterm 10/10"
"S10_TERM_CHECKPOINT: Pg virtual Laurent term 2/2"
"S10_STAGE: virtual Laurent expansion through finite term for PPP"
"S10_MEMORY_STAGE: locating additive boundary for PPP"
"S10_STAGE: bounded virtual Laurent terms for PPP completed=0/2"
"S10_STAGE: refined virtual Laurent term PPP 1 into 3 subterms"
"S10_SUBTERM_CHECKPOINT: PPP virtual Laurent term 1 subterm 1/3"
"S10_SUBTERM_CHECKPOINT: PPP virtual Laurent term 1 subterm 2/3"
"S10_SUBTERM_CHECKPOINT: PPP virtual Laurent term 1 subterm 3/3"
"S10_TERM_CHECKPOINT: PPP virtual Laurent term 1/2"
"S10_STAGE: refined virtual Laurent term PPP 2 into 10 subterms"
"S10_TERM_OPTIMIZATION: PPP term 2 factorwise Laurent staticFactors=7 dynamicFactors=1 dynamicLeafCount=45341"
"S10_TERM_REFINEMENT: PPP term 2 subterm 1 boundedParts=1 maxPartLeafCount=45341"
"S10_PART_CHECKPOINT: PPP virtual Laurent term 2 subterm 1 part 1/1"
"S10_SUBTERM_CHECKPOINT: PPP virtual Laurent term 2 subterm 1/10"
"S10_CACHE_CLEANUP: removed 1 completed Laurent part caches for PPP term 2 subterm 1"
"S10_TERM_OPTIMIZATION: PPP term 2 factorwise Laurent staticFactors=7 dynamicFactors=1 dynamicLeafCount=15618"
"S10_TERM_REFINEMENT: PPP term 2 subterm 2 boundedParts=1 maxPartLeafCount=15618"
"S10_PART_CHECKPOINT: PPP virtual Laurent term 2 subterm 2 part 1/1"
"S10_SUBTERM_CHECKPOINT: PPP virtual Laurent term 2 subterm 2/10"
"S10_CACHE_CLEANUP: removed 1 completed Laurent part caches for PPP term 2 subterm 2"
"S10_TERM_OPTIMIZATION: PPP term 2 factorwise Laurent staticFactors=7 dynamicFactors=1 dynamicLeafCount=15618"
"S10_TERM_REFINEMENT: PPP term 2 subterm 3 boundedParts=1 maxPartLeafCount=15618"
"S10_PART_CHECKPOINT: PPP virtual Laurent term 2 subterm 3 part 1/1"
"S10_SUBTERM_CHECKPOINT: PPP virtual Laurent term 2 subterm 3/10"
"S10_CACHE_CLEANUP: removed 1 completed Laurent part caches for PPP term 2 subterm 3"
"S10_TERM_OPTIMIZATION: PPP term 2 factorwise Laurent staticFactors=7 dynamicFactors=1 dynamicLeafCount=227681"
"S10_TERM_REFINEMENT: PPP term 2 subterm 4 boundedParts=1 maxPartLeafCount=227681"
"S10_PART_CHECKPOINT: PPP virtual Laurent term 2 subterm 4 part 1/1"
"S10_SUBTERM_CHECKPOINT: PPP virtual Laurent term 2 subterm 4/10"
"S10_CACHE_CLEANUP: removed 1 completed Laurent part caches for PPP term 2 subterm 4"
"S10_TERM_OPTIMIZATION: PPP term 2 factorwise Laurent staticFactors=7 dynamicFactors=1 dynamicLeafCount=227675"
"S10_TERM_REFINEMENT: PPP term 2 subterm 5 boundedParts=1 maxPartLeafCount=227675"
"S10_PART_CHECKPOINT: PPP virtual Laurent term 2 subterm 5 part 1/1"
"S10_SUBTERM_CHECKPOINT: PPP virtual Laurent term 2 subterm 5/10"
"S10_CACHE_CLEANUP: removed 1 completed Laurent part caches for PPP term 2 subterm 5"
"S10_TERM_OPTIMIZATION: PPP term 2 factorwise Laurent staticFactors=7 dynamicFactors=1 dynamicLeafCount=199825"
"S10_TERM_REFINEMENT: PPP term 2 subterm 6 boundedParts=1 maxPartLeafCount=199825"
"S10_PART_CHECKPOINT: PPP virtual Laurent term 2 subterm 6 part 1/1"
"S10_SUBTERM_CHECKPOINT: PPP virtual Laurent term 2 subterm 6/10"
"S10_CACHE_CLEANUP: removed 1 completed Laurent part caches for PPP term 2 subterm 6"
"S10_TERM_OPTIMIZATION: PPP term 2 factorwise Laurent staticFactors=8 dynamicFactors=1 dynamicLeafCount=12131481"

No more memory available.
Mathematica kernel has shut down.
Try quitting other applications and then retry.
Style["Loading FeynCalc from /home/physics/.WolframEngine/Applications/FeynCalc/", "Text"]
$PrePrint is set to FeynCalcForm. Use FI and FC to change the display format.
Style["FeynCalc ", "Text", Bold]Style["10.2.1 (stable version). For help, use the ", "Text"]Style[DisplayForm[ButtonBox["online documentation,", ButtonData :> {URL["https://feyncalc.github.io/referenceDev"], None}, BaseStyle -> "Hyperlink", ButtonNote -> "https://feyncalc.github.io/referenceDev"]], "Text"]Style[" visit the ", "Text"]Style[DisplayForm[ButtonBox["forum", ButtonData :> {URL["https://github.com/FeynCalc/feyncalc/discussions"], None}, BaseStyle -> "Hyperlink", ButtonNote -> "https://github.com/FeynCalc/feyncalc/discussions/"]], "Text"]Style[" and have a look at the supplied ", "Text"]Style[DisplayForm[ButtonBox["examples.", BaseStyle -> "Hyperlink", ButtonFunction :> SystemOpen[FileNameJoin[{$FeynCalcDirectory, "Examples"}]], Evaluator -> Automatic, Method -> "Preemptive"]], "Text"]Style[" The PDF-version of the manual can be downloaded ", "Text"]Style[DisplayForm[ButtonBox["here.", ButtonData :> {URL["https://github.com/FeynCalc/feyncalc-manual/releases/download/dev-manual/FeynCalcManual.pdf"], None}, BaseStyle -> "Hyperlink", ButtonNote -> "https://github.com/FeynCalc/feyncalc-manual/releases/download/dev-manual/FeynCalcManual.pdf"]], "Text"]
Style["If you use FeynCalc in your research, please evaluate FeynCalcHowToCite[] to learn how to cite this software.", "Text"]
Style["Please keep in mind that the proper academic attribution of our work is crucial to ensure the future development of this package!", {"Text", Italic}]
Style["FeynHelpers ", "Text", Bold]Style["2.0.0 (). For help, use the ", "Text"]Style[DisplayForm[ButtonBox["online documentation,", ButtonData :> {URL["https://feyncalc.github.io/referenceFeynHelpersDev"], None}, BaseStyle -> "Hyperlink", ButtonNote -> "https://feyncalc.github.io/referenceFeynHelpersDev"]], "Text"]Style[" visit the ", "Text"]Style[DisplayForm[ButtonBox["forum", ButtonData :> {URL["https://github.com/FeynCalc/feyncalc/discussions"], None}, BaseStyle -> "Hyperlink", ButtonNote -> "https://github.com/FeynCalc/feyncalc/discussions/"]], "Text"]Style[" and have a look at the supplied ", "Text"]Style[DisplayForm[ButtonBox["examples.", BaseStyle -> "Hyperlink", ButtonFunction :> SystemOpen[FileNameJoin[{$FeynHelpersDirectory, "Examples"}]], Evaluator -> Automatic, Method -> "Preemptive"]], "Text"]Style[" The PDF-version of the manual can be downloaded ", "Text"]Style[DisplayForm[ButtonBox["here.", ButtonData :> {URL["https://github.com/FeynCalc/feynhelpers-manual/releases/download/dev-manual/FeynHelpersManual.pdf"], None}, BaseStyle -> "Hyperlink", ButtonNote -> "https://github.com/FeynCalc/feynhelpers-manual/releases/download/dev-manual/FeynHelpersManual.pdf"]], "Text"]
Style[" If you use FeynHelpers in your research, please evaluate FeynHelpersHowToCite[] to learn how to cite this work.", "Text"]
"S10_PARALLEL_KERNELS="0
"S10_MEMORY_STAGE: serial bounded reconstruction; no large expression is copied to subkernels"
"S10_STAGE: loading and validating s09, s08, and s07 inputs"
"S10_STAGE: completing all analytic scalar one-loop integrals"
"S10_STAGE: loading resumable Package-X cache"
"S10_STAGE: loading resumable Package-X cache"
"S10_STAGE: resolving ordinary tree propagator denominators"
"S10_STAGE: validating the explicit UV counterterm cancellation"
"S10_STAGE: applying the exact s08 two-body normalization and map"
"S10_MEMORY_STAGE: releasing superseded virtual inputs before Laurent expansion"
"S10_STAGE: completing the renormalized virtual Laurent expansion"
"S10_STAGE: virtual Laurent expansion through finite term for Pg"
"S10_MEMORY_STAGE: locating additive boundary for Pg"
"S10_STAGE: loading resumable virtual Laurent progress for Pg"
"S10_STAGE: bounded virtual Laurent terms for Pg completed=2/2"
"S10_STAGE: virtual Laurent expansion through finite term for PPP"
"S10_MEMORY_STAGE: locating additive boundary for PPP"
"S10_STAGE: loading resumable virtual Laurent progress for PPP"
"S10_STAGE: bounded virtual Laurent terms for PPP completed=1/2"
"S10_STAGE: refined virtual Laurent term PPP 2 into 10 subterms"
"S10_STAGE: loading refined Laurent progress for PPP term 2"
"S10_TERM_OPTIMIZATION: PPP term 2 factorwise Laurent staticFactors=8 dynamicFactors=1 dynamicLeafCount=12131481"
"S10_TERM_REFINEMENT: PPP term 2 subterm 7 boundedParts=13 maxPartLeafCount=999237"
"S10_PART_CHECKPOINT: PPP virtual Laurent term 2 subterm 7 part 1/13"
"S10_PART_CHECKPOINT: PPP virtual Laurent term 2 subterm 7 part 2/13"
"S10_PART_CHECKPOINT: PPP virtual Laurent term 2 subterm 7 part 3/13"
"S10_PART_CHECKPOINT: PPP virtual Laurent term 2 subterm 7 part 4/13"
"S10_PART_CHECKPOINT: PPP virtual Laurent term 2 subterm 7 part 5/13"
"S10_PART_CHECKPOINT: PPP virtual Laurent term 2 subterm 7 part 6/13"
"S10_PART_CHECKPOINT: PPP virtual Laurent term 2 subterm 7 part 7/13"
"S10_PART_CHECKPOINT: PPP virtual Laurent term 2 subterm 7 part 8/13"
"S10_PART_CHECKPOINT: PPP virtual Laurent term 2 subterm 7 part 9/13"
"S10_PART_CHECKPOINT: PPP virtual Laurent term 2 subterm 7 part 10/13"
"S10_PART_CHECKPOINT: PPP virtual Laurent term 2 subterm 7 part 11/13"
"S10_PART_CHECKPOINT: PPP virtual Laurent term 2 subterm 7 part 12/13"
"S10_PART_CHECKPOINT: PPP virtual Laurent term 2 subterm 7 part 13/13"
"S10_SUBTERM_CHECKPOINT: PPP virtual Laurent term 2 subterm 7/10"
"S10_CACHE_CLEANUP: removed 13 completed Laurent part caches for PPP term 2 subterm 7"
"S10_TERM_OPTIMIZATION: PPP term 2 factorwise Laurent staticFactors=7 dynamicFactors=1 dynamicLeafCount=9186727"
"S10_TERM_REFINEMENT: PPP term 2 subterm 8 boundedParts=10 maxPartLeafCount=999022"
"S10_PART_CHECKPOINT: PPP virtual Laurent term 2 subterm 8 part 1/10"
"S10_PART_CHECKPOINT: PPP virtual Laurent term 2 subterm 8 part 2/10"
"S10_PART_CHECKPOINT: PPP virtual Laurent term 2 subterm 8 part 3/10"
"S10_PART_CHECKPOINT: PPP virtual Laurent term 2 subterm 8 part 4/10"
"S10_PART_CHECKPOINT: PPP virtual Laurent term 2 subterm 8 part 5/10"
"S10_PART_CHECKPOINT: PPP virtual Laurent term 2 subterm 8 part 6/10"
"S10_PART_CHECKPOINT: PPP virtual Laurent term 2 subterm 8 part 7/10"
"S10_PART_CHECKPOINT: PPP virtual Laurent term 2 subterm 8 part 8/10"
"S10_PART_CHECKPOINT: PPP virtual Laurent term 2 subterm 8 part 9/10"
"S10_PART_CHECKPOINT: PPP virtual Laurent term 2 subterm 8 part 10/10"
"S10_SUBTERM_CHECKPOINT: PPP virtual Laurent term 2 subterm 8/10"
"S10_CACHE_CLEANUP: removed 10 completed Laurent part caches for PPP term 2 subterm 8"
"S10_TERM_OPTIMIZATION: PPP term 2 factorwise Laurent staticFactors=7 dynamicFactors=1 dynamicLeafCount=9186727"
"S10_TERM_REFINEMENT: PPP term 2 subterm 9 boundedParts=10 maxPartLeafCount=999022"
"S10_PART_CHECKPOINT: PPP virtual Laurent term 2 subterm 9 part 1/10"
"S10_PART_CHECKPOINT: PPP virtual Laurent term 2 subterm 9 part 2/10"
"S10_PART_CHECKPOINT: PPP virtual Laurent term 2 subterm 9 part 3/10"
"S10_PART_CHECKPOINT: PPP virtual Laurent term 2 subterm 9 part 4/10"
"S10_PART_CHECKPOINT: PPP virtual Laurent term 2 subterm 9 part 5/10"
"S10_PART_CHECKPOINT: PPP virtual Laurent term 2 subterm 9 part 6/10"
"S10_PART_CHECKPOINT: PPP virtual Laurent term 2 subterm 9 part 7/10"
"S10_PART_CHECKPOINT: PPP virtual Laurent term 2 subterm 9 part 8/10"
"S10_PART_CHECKPOINT: PPP virtual Laurent term 2 subterm 9 part 9/10"
"S10_PART_CHECKPOINT: PPP virtual Laurent term 2 subterm 9 part 10/10"
"S10_SUBTERM_CHECKPOINT: PPP virtual Laurent term 2 subterm 9/10"
"S10_CACHE_CLEANUP: removed 10 completed Laurent part caches for PPP term 2 subterm 9"
"S10_TERM_OPTIMIZATION: PPP term 2 factorwise Laurent staticFactors=8 dynamicFactors=1 dynamicLeafCount=17523757"
"S10_TERM_REFINEMENT: PPP term 2 subterm 10 boundedParts=18 maxPartLeafCount=997275"
"S10_PART_CHECKPOINT: PPP virtual Laurent term 2 subterm 10 part 1/18"
"S10_PART_CHECKPOINT: PPP virtual Laurent term 2 subterm 10 part 2/18"
"S10_PART_CHECKPOINT: PPP virtual Laurent term 2 subterm 10 part 3/18"
"S10_PART_CHECKPOINT: PPP virtual Laurent term 2 subterm 10 part 4/18"
"S10_PART_CHECKPOINT: PPP virtual Laurent term 2 subterm 10 part 5/18"
"S10_PART_CHECKPOINT: PPP virtual Laurent term 2 subterm 10 part 6/18"
"S10_PART_CHECKPOINT: PPP virtual Laurent term 2 subterm 10 part 7/18"
"S10_PART_CHECKPOINT: PPP virtual Laurent term 2 subterm 10 part 8/18"
"S10_PART_CHECKPOINT: PPP virtual Laurent term 2 subterm 10 part 9/18"
"S10_PART_CHECKPOINT: PPP virtual Laurent term 2 subterm 10 part 10/18"
"S10_PART_CHECKPOINT: PPP virtual Laurent term 2 subterm 10 part 11/18"
"S10_PART_CHECKPOINT: PPP virtual Laurent term 2 subterm 10 part 12/18"
"S10_PART_CHECKPOINT: PPP virtual Laurent term 2 subterm 10 part 13/18"
"S10_PART_CHECKPOINT: PPP virtual Laurent term 2 subterm 10 part 14/18"
"S10_PART_CHECKPOINT: PPP virtual Laurent term 2 subterm 10 part 15/18"
"S10_PART_CHECKPOINT: PPP virtual Laurent term 2 subterm 10 part 16/18"
"S10_PART_CHECKPOINT: PPP virtual Laurent term 2 subterm 10 part 17/18"
"S10_PART_CHECKPOINT: PPP virtual Laurent term 2 subterm 10 part 18/18"
"S10_SUBTERM_CHECKPOINT: PPP virtual Laurent term 2 subterm 10/10"
"S10_CACHE_CLEANUP: removed 18 completed Laurent part caches for PPP term 2 subterm 10"
"S10_TERM_CHECKPOINT: PPP virtual Laurent term 2/2"
"S10_MEMORY_STAGE: releasing completed virtual data before real endpoints"
"S10_STAGE: resolving Pg endpoint Laurent data and action"
"S10_STAGE: loading S09 Appendix-F cache for Pg"
"S10_STAGE: structural endpoint scan for Pg, terms=70"
"S10_CHECKPOINT: Pg structural alpha=2 source terms {20}"
"S10_CHECKPOINT: Hqg;qg Pg term 20 structurally refactored as alpha=2"
"S10_TERM: Hqg;qg Pg endpoint 1/70"
"S10_TERM: Hqg;qg Pg endpoint 2/70"
"S10_TERM: Hqg;qg Pg endpoint 3/70"
"S10_TERM: Hqg;qg Pg endpoint 4/70"
"S10_CACHE_CHECKPOINT: Pg 4/69 standard terms"
"S10_TERM: Hqg;qg Pg endpoint 5/70"
"S10_TERM: Hqg;qg Pg endpoint 6/70"
"S10_TERM: Hqg;qg Pg endpoint 7/70"
"S10_TERM: Hqg;qg Pg endpoint 8/70"
"S10_CACHE_CHECKPOINT: Pg 8/69 standard terms"
"S10_TERM: Hqg;qg Pg endpoint 9/70"
"S10_TERM: Hqg;qg Pg endpoint 10/70"
"S10_TERM: Hqg;qg Pg endpoint 11/70"
"S10_TERM: Hqg;qg Pg endpoint 12/70"
"S10_CACHE_CHECKPOINT: Pg 12/69 standard terms"
"S10_TERM: Hqg;qg Pg endpoint 13/70"
"S10_TERM: Hqg;qg Pg endpoint 14/70"
"S10_TERM: Hqg;qg Pg endpoint 15/70"
"S10_TERM: Hqg;qg Pg endpoint 16/70"
"S10_CACHE_CHECKPOINT: Pg 16/69 standard terms"
"S10_TERM: Hqg;qg Pg endpoint 17/70"
Style["Loading FeynCalc from /home/physics/.WolframEngine/Applications/FeynCalc/", "Text"]
$PrePrint is set to FeynCalcForm. Use FI and FC to change the display format.
Style["FeynCalc ", "Text", Bold]Style["10.2.1 (stable version). For help, use the ", "Text"]Style[DisplayForm[ButtonBox["online documentation,", ButtonData :> {URL["https://feyncalc.github.io/referenceDev"], None}, BaseStyle -> "Hyperlink", ButtonNote -> "https://feyncalc.github.io/referenceDev"]], "Text"]Style[" visit the ", "Text"]Style[DisplayForm[ButtonBox["forum", ButtonData :> {URL["https://github.com/FeynCalc/feyncalc/discussions"], None}, BaseStyle -> "Hyperlink", ButtonNote -> "https://github.com/FeynCalc/feyncalc/discussions/"]], "Text"]Style[" and have a look at the supplied ", "Text"]Style[DisplayForm[ButtonBox["examples.", BaseStyle -> "Hyperlink", ButtonFunction :> SystemOpen[FileNameJoin[{$FeynCalcDirectory, "Examples"}]], Evaluator -> Automatic, Method -> "Preemptive"]], "Text"]Style[" The PDF-version of the manual can be downloaded ", "Text"]Style[DisplayForm[ButtonBox["here.", ButtonData :> {URL["https://github.com/FeynCalc/feyncalc-manual/releases/download/dev-manual/FeynCalcManual.pdf"], None}, BaseStyle -> "Hyperlink", ButtonNote -> "https://github.com/FeynCalc/feyncalc-manual/releases/download/dev-manual/FeynCalcManual.pdf"]], "Text"]
Style["If you use FeynCalc in your research, please evaluate FeynCalcHowToCite[] to learn how to cite this software.", "Text"]
Style["Please keep in mind that the proper academic attribution of our work is crucial to ensure the future development of this package!", {"Text", Italic}]
Style["FeynHelpers ", "Text", Bold]Style["2.0.0 (). For help, use the ", "Text"]Style[DisplayForm[ButtonBox["online documentation,", ButtonData :> {URL["https://feyncalc.github.io/referenceFeynHelpersDev"], None}, BaseStyle -> "Hyperlink", ButtonNote -> "https://feyncalc.github.io/referenceFeynHelpersDev"]], "Text"]Style[" visit the ", "Text"]Style[DisplayForm[ButtonBox["forum", ButtonData :> {URL["https://github.com/FeynCalc/feyncalc/discussions"], None}, BaseStyle -> "Hyperlink", ButtonNote -> "https://github.com/FeynCalc/feyncalc/discussions/"]], "Text"]Style[" and have a look at the supplied ", "Text"]Style[DisplayForm[ButtonBox["examples.", BaseStyle -> "Hyperlink", ButtonFunction :> SystemOpen[FileNameJoin[{$FeynHelpersDirectory, "Examples"}]], Evaluator -> Automatic, Method -> "Preemptive"]], "Text"]Style[" The PDF-version of the manual can be downloaded ", "Text"]Style[DisplayForm[ButtonBox["here.", ButtonData :> {URL["https://github.com/FeynCalc/feynhelpers-manual/releases/download/dev-manual/FeynHelpersManual.pdf"], None}, BaseStyle -> "Hyperlink", ButtonNote -> "https://github.com/FeynCalc/feynhelpers-manual/releases/download/dev-manual/FeynHelpersManual.pdf"]], "Text"]
Style[" If you use FeynHelpers in your research, please evaluate FeynHelpersHowToCite[] to learn how to cite this work.", "Text"]
"S10_REQUESTED_ENDPOINT_PARALLEL_KERNELS="2
"S10_MEMORY_STAGE: virtual reconstruction remains serial; bounded workers are launched only after completed virtual data is released"
"S10_STAGE: loading and validating s09, s08, and s07 inputs"
"S10_STAGE: completing all analytic scalar one-loop integrals"
"S10_STAGE: loading resumable Package-X cache"
"S10_STAGE: loading resumable Package-X cache"
"S10_STAGE: resolving ordinary tree propagator denominators"
"S10_STAGE: validating the explicit UV counterterm cancellation"
"S10_STAGE: applying the exact s08 two-body normalization and map"
"S10_MEMORY_STAGE: releasing superseded virtual inputs before Laurent expansion"
"S10_STAGE: completing the renormalized virtual Laurent expansion"
"S10_STAGE: loading virtual Laurent cache"
"S10_MEMORY_STAGE: releasing completed virtual data before real endpoints"
"S10_ENDPOINT_PARALLEL_KERNELS: reason=real endpoint batches count=2 IDs={1, 2} perWorkerLimitGiB=2."
"S10_STAGE: resolving Pg endpoint Laurent data and action"
"S10_STAGE: loading S09 Appendix-F cache for Pg"
"S10_STAGE: structural endpoint scan for Pg, terms=70"
"S10_CHECKPOINT: Pg structural alpha=2 source terms {20}"
"S10_CHECKPOINT: Hqg;qg Pg term 20 structurally refactored as alpha=2"
"S10_STAGE: resuming Pg endpoint cache at 16/69"
"S10_ENDPOINT_BATCH: Pg positions=17-18/69"
"kernel 1 (Local):"
"\"S10_TERM: Hqg;qg Pg endpoint 17/70\"\n"
"kernel 2 (Local):"
"\"S10_TERM: Hqg;qg Pg endpoint 18/70\"\n"
"S10_CACHE_CHECKPOINT: Pg 18/69 standard terms"
"S10_ENDPOINT_BATCH: Pg positions=19-20/69"
"kernel 1 (Local):"
"\"S10_TERM: Hqg;qg Pg endpoint 19/70\"\n"
"kernel 2 (Local):"
"\"S10_TERM: Hqg;qg Pg endpoint 21/70\"\n"
"S10_CACHE_CHECKPOINT: Pg 20/69 standard terms"
"S10_ENDPOINT_BATCH: Pg positions=21-22/69"
"kernel 1 (Local):"
"\"S10_TERM: Hqg;qg Pg endpoint 22/70\"\n"
"kernel 2 (Local):"
"\"S10_TERM: Hqg;qg Pg endpoint 23/70\"\n"
"S10_CACHE_CHECKPOINT: Pg 22/69 standard terms"
"S10_ENDPOINT_BATCH: Pg positions=23-24/69"
"kernel 1 (Local):"
"\"S10_TERM: Hqg;qg Pg endpoint 24/70\"\n"
"kernel 2 (Local):"
"\"S10_TERM: Hqg;qg Pg endpoint 25/70\"\n"
"S10_CACHE_CHECKPOINT: Pg 24/69 standard terms"
"S10_ENDPOINT_BATCH: Pg positions=25-26/69"
"kernel 1 (Local):"
"\"S10_TERM: Hqg;qg Pg endpoint 26/70\"\n"
"kernel 2 (Local):"
"\"S10_TERM: Hqg;qg Pg endpoint 27/70\"\n"
"S10_CACHE_CHECKPOINT: Pg 26/69 standard terms"
"S10_ENDPOINT_BATCH: Pg positions=27-28/69"
"kernel 1 (Local):"
"\"S10_TERM: Hqg;qg Pg endpoint 28/70\"\n"
"kernel 2 (Local):"
"\"S10_TERM: Hqg;qg Pg endpoint 29/70\"\n"
"S10_CACHE_CHECKPOINT: Pg 28/69 standard terms"
"S10_ENDPOINT_BATCH: Pg positions=29-30/69"
"kernel 1 (Local):"
"\"S10_TERM: Hqg;qg Pg endpoint 30/70\"\n"
"kernel 2 (Local):"
"\"S10_TERM: Hqg;qg Pg endpoint 31/70\"\n"
"S10_CACHE_CHECKPOINT: Pg 30/69 standard terms"
"S10_ENDPOINT_BATCH: Pg positions=31-32/69"
"kernel 1 (Local):"
"\"S10_TERM: Hqg;qg Pg endpoint 32/70\"\n"
"kernel 2 (Local):"
"\"S10_TERM: Hqg;qg Pg endpoint 33/70\"\n"
"S10_CACHE_CHECKPOINT: Pg 32/69 standard terms"
"S10_ENDPOINT_BATCH: Pg positions=33-34/69"
"kernel 1 (Local):"
"\"S10_TERM: Hqg;qg Pg endpoint 34/70\"\n"
"kernel 2 (Local):"
"\"S10_TERM: Hqg;qg Pg endpoint 35/70\"\n"
"S10_CACHE_CHECKPOINT: Pg 34/69 standard terms"
"S10_ENDPOINT_BATCH: Pg positions=35-36/69"
"kernel 1 (Local):"
"\"S10_TERM: Hqg;qg Pg endpoint 36/70\"\n"
"kernel 2 (Local):"
"\"S10_TERM: Hqg;qg Pg endpoint 37/70\"\n"
"S10_CACHE_CHECKPOINT: Pg 36/69 standard terms"
"S10_ENDPOINT_BATCH: Pg positions=37-38/69"
"kernel 1 (Local):"
"\"S10_TERM: Hqg;qg Pg endpoint 38/70\"\n"
"kernel 2 (Local):"
"\"S10_TERM: Hqg;qg Pg endpoint 39/70\"\n"
"S10_CACHE_CHECKPOINT: Pg 38/69 standard terms"
"S10_ENDPOINT_BATCH: Pg positions=39-40/69"
"kernel 1 (Local):"
"\"S10_TERM: Hqg;qg Pg endpoint 40/70\"\n"
"kernel 2 (Local):"
"\"S10_TERM: Hqg;qg Pg endpoint 41/70\"\n"
"S10_CACHE_CHECKPOINT: Pg 40/69 standard terms"
"S10_ENDPOINT_BATCH: Pg positions=41-42/69"
"kernel 1 (Local):"
"\"S10_TERM: Hqg;qg Pg endpoint 42/70\"\n"
"kernel 2 (Local):"
"\"S10_TERM: Hqg;qg Pg endpoint 43/70\"\n"
Style["Loading FeynCalc from /home/physics/.WolframEngine/Applications/FeynCalc/", "Text"]
$PrePrint is set to FeynCalcForm. Use FI and FC to change the display format.
Style["FeynCalc ", "Text", Bold]Style["10.2.1 (stable version). For help, use the ", "Text"]Style[DisplayForm[ButtonBox["online documentation,", ButtonData :> {URL["https://feyncalc.github.io/referenceDev"], None}, BaseStyle -> "Hyperlink", ButtonNote -> "https://feyncalc.github.io/referenceDev"]], "Text"]Style[" visit the ", "Text"]Style[DisplayForm[ButtonBox["forum", ButtonData :> {URL["https://github.com/FeynCalc/feyncalc/discussions"], None}, BaseStyle -> "Hyperlink", ButtonNote -> "https://github.com/FeynCalc/feyncalc/discussions/"]], "Text"]Style[" and have a look at the supplied ", "Text"]Style[DisplayForm[ButtonBox["examples.", BaseStyle -> "Hyperlink", ButtonFunction :> SystemOpen[FileNameJoin[{$FeynCalcDirectory, "Examples"}]], Evaluator -> Automatic, Method -> "Preemptive"]], "Text"]Style[" The PDF-version of the manual can be downloaded ", "Text"]Style[DisplayForm[ButtonBox["here.", ButtonData :> {URL["https://github.com/FeynCalc/feyncalc-manual/releases/download/dev-manual/FeynCalcManual.pdf"], None}, BaseStyle -> "Hyperlink", ButtonNote -> "https://github.com/FeynCalc/feyncalc-manual/releases/download/dev-manual/FeynCalcManual.pdf"]], "Text"]
Style["If you use FeynCalc in your research, please evaluate FeynCalcHowToCite[] to learn how to cite this software.", "Text"]
Style["Please keep in mind that the proper academic attribution of our work is crucial to ensure the future development of this package!", {"Text", Italic}]
Style["FeynHelpers ", "Text", Bold]Style["2.0.0 (). For help, use the ", "Text"]Style[DisplayForm[ButtonBox["online documentation,", ButtonData :> {URL["https://feyncalc.github.io/referenceFeynHelpersDev"], None}, BaseStyle -> "Hyperlink", ButtonNote -> "https://feyncalc.github.io/referenceFeynHelpersDev"]], "Text"]Style[" visit the ", "Text"]Style[DisplayForm[ButtonBox["forum", ButtonData :> {URL["https://github.com/FeynCalc/feyncalc/discussions"], None}, BaseStyle -> "Hyperlink", ButtonNote -> "https://github.com/FeynCalc/feyncalc/discussions/"]], "Text"]Style[" and have a look at the supplied ", "Text"]Style[DisplayForm[ButtonBox["examples.", BaseStyle -> "Hyperlink", ButtonFunction :> SystemOpen[FileNameJoin[{$FeynHelpersDirectory, "Examples"}]], Evaluator -> Automatic, Method -> "Preemptive"]], "Text"]Style[" The PDF-version of the manual can be downloaded ", "Text"]Style[DisplayForm[ButtonBox["here.", ButtonData :> {URL["https://github.com/FeynCalc/feynhelpers-manual/releases/download/dev-manual/FeynHelpersManual.pdf"], None}, BaseStyle -> "Hyperlink", ButtonNote -> "https://github.com/FeynCalc/feynhelpers-manual/releases/download/dev-manual/FeynHelpersManual.pdf"]], "Text"]
Style[" If you use FeynHelpers in your research, please evaluate FeynHelpersHowToCite[] to learn how to cite this work.", "Text"]
"S10_ENDPOINT_MEMORY_PLAN: availableGiB="11.358219146728515625`4." reserveGiB="6.`3." perWorkerLimitGiB="1.25`3." requestedKernels="4
"S10_MEMORY_STAGE: virtual reconstruction remains serial; bounded workers are launched only after completed virtual data is released"
"S10_STAGE: loading and validating s09, s08, and s07 inputs"
"S10_STAGE: completing all analytic scalar one-loop integrals"
"S10_STAGE: loading resumable Package-X cache"
"S10_STAGE: loading resumable Package-X cache"
"S10_STAGE: resolving ordinary tree propagator denominators"
"S10_STAGE: validating the explicit UV counterterm cancellation"
"S10_STAGE: applying the exact s08 two-body normalization and map"
"S10_MEMORY_STAGE: releasing superseded virtual inputs before Laurent expansion"
"S10_STAGE: completing the renormalized virtual Laurent expansion"
"S10_STAGE: loading virtual Laurent cache"
"S10_MEMORY_STAGE: releasing completed virtual data before real endpoints"
"S10_ENDPOINT_PARALLEL_KERNELS: reason=real endpoint batches count=4 IDs={1, 2, 3, 4} perWorkerLimitGiB=1.25"
"S10_STAGE: resolving Pg endpoint Laurent data and action"
"S10_STAGE: loading S09 Appendix-F cache for Pg"
"S10_STAGE: structural endpoint scan for Pg, terms=70"
"S10_CHECKPOINT: Pg structural alpha=2 source terms {20}"
"S10_CHECKPOINT: Hqg;qg Pg term 20 structurally refactored as alpha=2"
"S10_STAGE: resuming Pg endpoint cache at 69/69"
"S10_STAGE: reducing stronger endpoint pole for Pg"
"S10_CHECKPOINT: Pg stronger endpoint pole vanishes through epsilon^1"
"S10_CHECKPOINT: completed symbolic distribution action for Pg"
"S10_MEMORY_STAGE: Pg complete; processing PPP in bounded batches"
"S10_STAGE: loading S09 Appendix-F cache for PPP"
"S10_STAGE: structural endpoint scan for PPP, terms=48"
"S10_CHECKPOINT: PPP structural alpha=2 source terms {16}"
"S10_CHECKPOINT: Hqg;qg PPP term 16 structurally refactored as alpha=2"
"S10_STAGE: resuming PPP endpoint cache at 6/47"
"S10_ENDPOINT_BATCH: PPP positions=7-10/47"
"kernel 1 (Local):"
"\"S10_TERM: Hqg;qg PPP endpoint 7/48\"\n"
"kernel 2 (Local):"
"\"S10_TERM: Hqg;qg PPP endpoint 8/48\"\n"
"kernel 3 (Local):"
"\"S10_TERM: Hqg;qg PPP endpoint 9/48\"\n"
"kernel 4 (Local):"
"\"S10_TERM: Hqg;qg PPP endpoint 10/48\"\n"
"S10_CACHE_CHECKPOINT: PPP 10/47 standard terms"
"S10_ENDPOINT_BATCH: PPP positions=11-14/47"
"kernel 1 (Local):"
"\"S10_TERM: Hqg;qg PPP endpoint 11/48\"\n"
"kernel 2 (Local):"
"\"S10_TERM: Hqg;qg PPP endpoint 12/48\"\n"
"kernel 3 (Local):"
"\"S10_TERM: Hqg;qg PPP endpoint 13/48\"\n"
"kernel 4 (Local):"
"\"S10_TERM: Hqg;qg PPP endpoint 14/48\"\n"
"S10_CACHE_CHECKPOINT: PPP 14/47 standard terms"
"S10_ENDPOINT_BATCH: PPP positions=15-18/47"
"kernel 1 (Local):"
"\"S10_TERM: Hqg;qg PPP endpoint 15/48\"\n"
"kernel 2 (Local):"
"\"S10_TERM: Hqg;qg PPP endpoint 17/48\"\n"
"kernel 3 (Local):"
"\"S10_TERM: Hqg;qg PPP endpoint 18/48\"\n"
"kernel 4 (Local):"
"\"S10_TERM: Hqg;qg PPP endpoint 19/48\"\n"
"S10_CACHE_CHECKPOINT: PPP 18/47 standard terms"
"S10_ENDPOINT_BATCH: PPP positions=19-22/47"
"kernel 1 (Local):"
"\"S10_TERM: Hqg;qg PPP endpoint 20/48\"\n"
"kernel 2 (Local):"
"\"S10_TERM: Hqg;qg PPP endpoint 21/48\"\n"
"kernel 4 (Local):"
"\"S10_TERM: Hqg;qg PPP endpoint 23/48\"\n"
"kernel 3 (Local):"
"\"S10_TERM: Hqg;qg PPP endpoint 22/48\"\n"
"S10_CACHE_CHECKPOINT: PPP 22/47 standard terms"
"S10_ENDPOINT_BATCH: PPP positions=23-26/47"
"kernel 1 (Local):"
"\"S10_TERM: Hqg;qg PPP endpoint 24/48\"\n"
"kernel 2 (Local):"
"\"S10_TERM: Hqg;qg PPP endpoint 25/48\"\n"
"kernel 3 (Local):"
"\"S10_TERM: Hqg;qg PPP endpoint 26/48\"\n"
"kernel 4 (Local):"
"\"S10_TERM: Hqg;qg PPP endpoint 27/48\"\n"
"S10_CACHE_CHECKPOINT: PPP 26/47 standard terms"
"S10_ENDPOINT_BATCH: PPP positions=27-30/47"
"kernel 1 (Local):"
"\"S10_TERM: Hqg;qg PPP endpoint 28/48\"\n"
"kernel 2 (Local):"
"\"S10_TERM: Hqg;qg PPP endpoint 29/48\"\n"
"kernel 3 (Local):"
"\"S10_TERM: Hqg;qg PPP endpoint 30/48\"\n"
"kernel 4 (Local):"
"\"S10_TERM: Hqg;qg PPP endpoint 31/48\"\n"
"S10_CACHE_CHECKPOINT: PPP 30/47 standard terms"
"S10_ENDPOINT_BATCH: PPP positions=31-34/47"
"kernel 1 (Local):"
"\"S10_TERM: Hqg;qg PPP endpoint 32/48\"\n"
"kernel 2 (Local):"
"\"S10_TERM: Hqg;qg PPP endpoint 33/48\"\n"
"kernel 3 (Local):"
"\"S10_TERM: Hqg;qg PPP endpoint 34/48\"\n"
"kernel 4 (Local):"
"\"S10_TERM: Hqg;qg PPP endpoint 35/48\"\n"
"S10_CACHE_CHECKPOINT: PPP 34/47 standard terms"
"S10_ENDPOINT_BATCH: PPP positions=35-38/47"
"kernel 1 (Local):"
"\"S10_TERM: Hqg;qg PPP endpoint 36/48\"\n"
"kernel 2 (Local):"
"\"S10_TERM: Hqg;qg PPP endpoint 37/48\"\n"
"kernel 4 (Local):"
"\"S10_TERM: Hqg;qg PPP endpoint 39/48\"\n"
"kernel 3 (Local):"
"\"S10_TERM: Hqg;qg PPP endpoint 38/48\"\n"
"S10_CACHE_CHECKPOINT: PPP 38/47 standard terms"
"S10_ENDPOINT_BATCH: PPP positions=39-42/47"
"kernel 1 (Local):"
"\"S10_TERM: Hqg;qg PPP endpoint 40/48\"\n"
"kernel 2 (Local):"
"\"S10_TERM: Hqg;qg PPP endpoint 41/48\"\n"
"kernel 3 (Local):"
"\"S10_TERM: Hqg;qg PPP endpoint 42/48\"\n"
"kernel 4 (Local):"
"\"S10_TERM: Hqg;qg PPP endpoint 43/48\"\n"
"S10_CACHE_CHECKPOINT: PPP 42/47 standard terms"
"S10_ENDPOINT_BATCH: PPP positions=43-46/47"
"kernel 1 (Local):"
"\"S10_TERM: Hqg;qg PPP endpoint 44/48\"\n"
"kernel 2 (Local):"
"\"S10_TERM: Hqg;qg PPP endpoint 45/48\"\n"
"kernel 3 (Local):"
"\"S10_TERM: Hqg;qg PPP endpoint 46/48\"\n"
"kernel 4 (Local):"
"\"S10_TERM: Hqg;qg PPP endpoint 47/48\"\n"
"S10_CACHE_CHECKPOINT: PPP 46/47 standard terms"
"S10_ENDPOINT_BATCH: PPP positions=47-47/47"
"kernel 1 (Local):"
"\"S10_TERM: Hqg;qg PPP endpoint 48/48\"\n"
"S10_CACHE_CHECKPOINT: PPP 47/47 standard terms"
"S10_STAGE: reducing stronger endpoint pole for PPP"
"S10_CHECKPOINT: PPP stronger endpoint pole vanishes through epsilon^1"
"S10_CHECKPOINT: completed symbolic distribution action for PPP"
"S10_MEMORY_STAGE: closing endpoint workers after Pg and PPP endpoint batches"
"S10_STAGE: reloading validated virtual Laurent cache"
"S10_STAGE: loading virtual Laurent cache"
"S10_STAGE: writing /home/physics/projects/AI_Assisted_SIDIS/scripts/Hqg/s10_result"
"S10_SUCCESS_SYMBOLIC"
"S10_RESULT_PATH=/home/physics/projects/AI_Assisted_SIDIS/scripts/Hqg/s10_result"
"S10_RESULT_BYTES="534988245
"S10_CHECKS="InputForm[<|"CurrentS09S08S07ProgramAndSourceBindingsVerified" -> True, "PaperReferenceHashPreserved" -> True, "BigTMDChannel3CaseAProjectorsPreserved" -> True, "ChargeStrippedHardKernelConventionPreserved" -> True, "FragmentingGluonIsK1" -> True, "All97UniquePaVeFunctionsEvaluated" -> True, "AllFourDirectScalarMastersEvaluated" -> True, "PackageXAnalyticContinuationApplied" -> True, "SavedSymbolicCountertermsRemovedBeforeExplicitInsertion" -> True, "AggregateExternalLegCountertermInsertedExactlyOnce" -> True, "BareUVResidueMatchesLO" -> True, "ExplicitQCDCountertermsCancelUVPole" -> True, "VirtualDoublePoleMatchesUniversalIRFactor" -> True, "S09LONormalizationMatched" -> True, "VirtualLaurentExpandedThroughFiniteTerm" -> True, "EvaluatorToPaperConventionDeferredExactlyOnce" -> True, "HermitianProjectionDeferredUntilFiniteFactorizedEndpoint" -> True, "S09ExpansionCachesValidated" -> True, "ExactlyTwoS09EndpointPlaceholdersReceived" -> True, "BothProjectorsProcessed" -> True, "AllCurrentS09RemainderTermsResolved" -> True, "OneHqgAlpha2TermPerProjectorDetectedStructurally" -> True, "AllDetectedAlpha2TermsHavePhysicalNestedRatio" -> True, "NoSingularEndpointLogDetected" -> True, "StrongerEndpointPoleAbsentThroughFiniteRequirement" -> True, "UnitHqgHardKernelWeightRetained" -> True, "EndpointValuesAreS23Independent" -> True, "DiracDeltaActedOnSymbolicTestFunction" -> True, "AllPlusDistributionsActedOnSymbolicTestFunction" -> True, "FinalActionsContainNoDistributionPlaceholders" -> True, "VirtualActionsContainNoUnresolvedLoopObjects" -> True, "RealVirtualSymbolicActionsFormed" -> True, "RequestedDistinctBoundedEndpointWorkersUsed" -> True, "AllEndpointWorkersClosedBeforeFinalVirtualAssembly" -> True, "ParentOnlyAtomicEndpointCheckpointWrites" -> True, "AllCachesBoundToCurrentSourcesAndProgram" -> True, "PhysicalBigTMDLuminosityDeferred" -> True, "CalculationRemainsFullySymbolic" -> True, "CollinearFactorizationNotApplied" -> True|>]
