"PASS: ""compute allocation"
"PASS: ""isolated runtime"
"PASS: ""complete source syntax"
"PASS: ""pinned original mapper"
"PASS: ""unchanged mapping functions"
"PASS: ""accepted real spin input"
"PASS: ""accepted scalar reuse library"
"PASS: ""s02 unchanged scalar input"
"PASS: ""s04 unchanged scalar input"
"PASS: ""accepted geometry and reduction"
"PASS: ""same cut momenta"
"PASS: ""same positive-energy support"
"PASS: ""unique loop-coordinate conversion"
"PASS: ""all scalar products reconstruct"
"PASS: ""coordinate change preserves measured transverse constraint"
"PASS: ""pinned GitHub coefficient assembly"
"PASS: ""unchanged GitHub coefficient loop"
"PASS: ""unique saved reduction targets"
"PASS: ""Hqg assigned-component entry"
"PASS: ""complete assigned-component source syntax"
"PASS: ""complete target mapping source syntax"
"PASS: ""pinned unchanged target calculation"
"PASS: ""unchanged complete target calculation and checkpoint contract"
"PASS: ""pinned actual reference target map"
"PASS: ""pinned accepted control tensor"
"PASS: ""control shares exact measured scalar products"
"PASS: ""reference target map exact input identity"
"PASS: ""integer resource limit POLARIZED_SIDIS_TARGET_SECONDS"
"PASS: ""bounded resource limit POLARIZED_SIDIS_TARGET_SECONDS"
"PASS: ""integer resource limit POLARIZED_SIDIS_TARGET_MEMORY_GIB"
"PASS: ""bounded resource limit POLARIZED_SIDIS_TARGET_MEMORY_GIB"
"TARGET_RESOURCE_LIMITS seconds "10800" bytes "4294967296
"PASS: ""accepted own grouped packet receipt"
"PASS: ""complete own grouped packet proof"
"PASS: ""unchanged own native mapper and merge"
"PASS: ""exact executed grouped packet definitions"
"PASS: ""own completed grouped cache exists"
"PASS: ""unique own grouped task call"
"PASS: ""canonical target contract unchanged"
"PASS: ""unique grouped packet dispatch edits"
"PASS: ""all other packet and final gates unchanged"
"S08_GROUPED_PACKET_PROOF "InputForm[<|"SourceHash" -> 5527399080598068436441695564788240696669714775153812392694189200000218970168, "ComparisonHash" -> 3693251116844990571856555061346966275914784586886490993570962049055458012168, "ReceiptHash" -> 113956379487012858188380481492039482314119448309522810135624055256129440893679, "ControlIndex" -> 4, "OwnOriginalMapComparisonPassed" -> True, "OriginalSeconds" -> 1962.557271, "GroupedSeconds" -> 1036.785081, "EqualitySeconds" -> 2098.523618, "InputHash" -> 85547662133937390738971751388160662272927098513653689006198007241621353349220|>]
"PASS: ""own nonzero target-map comparison available"
"PASS: ""same own grouped control selected"
"PASS: ""own original target-map comparison accepted"
"PASS: ""assigned tasks retain original order and values"
"S08_TARGET_PACKET_INPUTS "InputForm[<|"TaskBytesBefore" -> 2907487944, "SpinBytesBefore" -> 7727378328, "MemoryBefore" -> 6440392488, "TaskBytesAfter" -> 26544, "LargestAssignedTaskBytes" -> 233607680, "MemoryAfter" -> 2550254816|>]
"PASS: ""target workers share compute node"
"From remote kernel:"
"Style[\"Loading FeynCalc from /u/home/r/rushil/.Mathematica/Applications/FeynCalc/\", \"Text\"]\n"
"From remote kernel:"
"Style[\"Loading FeynCalc from /u/home/r/rushil/.Mathematica/Applications/FeynCalc/\", \"Text\"]\n"
"From remote kernel:"
"Style[\"Loading FeynCalc from /u/home/r/rushil/.Mathematica/Applications/FeynCalc/\", \"Text\"]\n"
"From remote kernel:"
"Style[\"Loading FeynCalc from /u/home/r/rushil/.Mathematica/Applications/FeynCalc/\", \"Text\"]\n"
"From remote kernel:"
"$PrePrint is set to FeynCalcForm. Use FI and FC to change the display format.\n"
"From remote kernel:"
"$PrePrint is set to FeynCalcForm. Use FI and FC to change the display format.\n"
"From remote kernel:"
"$PrePrint is set to FeynCalcForm. Use FI and FC to change the display format.\n"
"From remote kernel:"
"$PrePrint is set to FeynCalcForm. Use FI and FC to change the display format.\n"
"From remote kernel:"
"Style[\"FeynCalc \", \"Text\", Bold]Style[\"10.2.1 (stable version). For help, use the \", \"Text\"]Style[DisplayForm[ButtonBox[\"online documentation,\", ButtonData :> {URL[\"https://feyncalc.github.io/referenceDev\"], None}, BaseStyle -> \"Hyperlink\", ButtonNote -> \"https://feyncalc.github.io/referenceDev\"]], \"Text\"]Style[\" visit the \", \"Text\"]Style[DisplayForm[ButtonBox[\"forum\", ButtonData :> {URL[\"https://github.com/FeynCalc/feyncalc/discussions\"], None}, BaseStyle -> \"Hyperlink\", ButtonNote -> \"https://github.com/FeynCalc/feyncalc/discussions/\"]], \"Text\"]Style[\" and have a look at the supplied \", \"Text\"]Style[DisplayForm[ButtonBox[\"examples.\", BaseStyle -> \"Hyperlink\", ButtonFunction :> SystemOpen[FileNameJoin[{$FeynCalcDirectory, \"Examples\"}]], Evaluator -> Automatic, Method -> \"Preemptive\"]], \"Text\"]Style[\" The PDF-version of the manual can be downloaded \", \"Text\"]Style[DisplayForm[ButtonBox[\"here.\", ButtonData :> {URL[\"https://github.com/FeynCalc/feyncalc-manual/releases/download/dev-manual/FeynCalcManual.pdf\"], None}, BaseStyle -> \"Hyperlink\", ButtonNote -> \"https://github.com/FeynCalc/feyncalc-manual/releases/download/dev-manual/FeynCalcManual.pdf\"]], \"Text\"]\n"
"From remote kernel:"
"Style[\"FeynCalc \", \"Text\", Bold]Style[\"10.2.1 (stable version). For help, use the \", \"Text\"]Style[DisplayForm[ButtonBox[\"online documentation,\", ButtonData :> {URL[\"https://feyncalc.github.io/referenceDev\"], None}, BaseStyle -> \"Hyperlink\", ButtonNote -> \"https://feyncalc.github.io/referenceDev\"]], \"Text\"]Style[\" visit the \", \"Text\"]Style[DisplayForm[ButtonBox[\"forum\", ButtonData :> {URL[\"https://github.com/FeynCalc/feyncalc/discussions\"], None}, BaseStyle -> \"Hyperlink\", ButtonNote -> \"https://github.com/FeynCalc/feyncalc/discussions/\"]], \"Text\"]Style[\" and have a look at the supplied \", \"Text\"]Style[DisplayForm[ButtonBox[\"examples.\", BaseStyle -> \"Hyperlink\", ButtonFunction :> SystemOpen[FileNameJoin[{$FeynCalcDirectory, \"Examples\"}]], Evaluator -> Automatic, Method -> \"Preemptive\"]], \"Text\"]Style[\" The PDF-version of the manual can be downloaded \", \"Text\"]Style[DisplayForm[ButtonBox[\"here.\", ButtonData :> {URL[\"https://github.com/FeynCalc/feyncalc-manual/releases/download/dev-manual/FeynCalcManual.pdf\"], None}, BaseStyle -> \"Hyperlink\", ButtonNote -> \"https://github.com/FeynCalc/feyncalc-manual/releases/download/dev-manual/FeynCalcManual.pdf\"]], \"Text\"]\n"
"From remote kernel:"
"Style[\"If you use FeynCalc in your research, please evaluate FeynCalcHowToCite[] to learn how to cite this software.\", \"Text\"]\n"
"From remote kernel:"
"Style[\"FeynCalc \", \"Text\", Bold]Style[\"10.2.1 (stable version). For help, use the \", \"Text\"]Style[DisplayForm[ButtonBox[\"online documentation,\", ButtonData :> {URL[\"https://feyncalc.github.io/referenceDev\"], None}, BaseStyle -> \"Hyperlink\", ButtonNote -> \"https://feyncalc.github.io/referenceDev\"]], \"Text\"]Style[\" visit the \", \"Text\"]Style[DisplayForm[ButtonBox[\"forum\", ButtonData :> {URL[\"https://github.com/FeynCalc/feyncalc/discussions\"], None}, BaseStyle -> \"Hyperlink\", ButtonNote -> \"https://github.com/FeynCalc/feyncalc/discussions/\"]], \"Text\"]Style[\" and have a look at the supplied \", \"Text\"]Style[DisplayForm[ButtonBox[\"examples.\", BaseStyle -> \"Hyperlink\", ButtonFunction :> SystemOpen[FileNameJoin[{$FeynCalcDirectory, \"Examples\"}]], Evaluator -> Automatic, Method -> \"Preemptive\"]], \"Text\"]Style[\" The PDF-version of the manual can be downloaded \", \"Text\"]Style[DisplayForm[ButtonBox[\"here.\", ButtonData :> {URL[\"https://github.com/FeynCalc/feyncalc-manual/releases/download/dev-manual/FeynCalcManual.pdf\"], None}, BaseStyle -> \"Hyperlink\", ButtonNote -> \"https://github.com/FeynCalc/feyncalc-manual/releases/download/dev-manual/FeynCalcManual.pdf\"]], \"Text\"]\n"
"From remote kernel:"
"Style[\"If you use FeynCalc in your research, please evaluate FeynCalcHowToCite[] to learn how to cite this software.\", \"Text\"]\n"
"From remote kernel:"
"Style[\"Please keep in mind that the proper academic attribution of our work is crucial to ensure the future development of this package!\", {\"Text\", Italic}]\n"
"From remote kernel:"
"Style[\"If you use FeynCalc in your research, please evaluate FeynCalcHowToCite[] to learn how to cite this software.\", \"Text\"]\n"
"From remote kernel:"
"Style[\"Please keep in mind that the proper academic attribution of our work is crucial to ensure the future development of this package!\", {\"Text\", Italic}]\n"
"From remote kernel:"
"Style[\"Please keep in mind that the proper academic attribution of our work is crucial to ensure the future development of this package!\", {\"Text\", Italic}]\n"
"From remote kernel:"
"Style[\"FeynCalc \", \"Text\", Bold]Style[\"10.2.1 (stable version). For help, use the \", \"Text\"]Style[DisplayForm[ButtonBox[\"online documentation,\", ButtonData :> {URL[\"https://feyncalc.github.io/referenceDev\"], None}, BaseStyle -> \"Hyperlink\", ButtonNote -> \"https://feyncalc.github.io/referenceDev\"]], \"Text\"]Style[\" visit the \", \"Text\"]Style[DisplayForm[ButtonBox[\"forum\", ButtonData :> {URL[\"https://github.com/FeynCalc/feyncalc/discussions\"], None}, BaseStyle -> \"Hyperlink\", ButtonNote -> \"https://github.com/FeynCalc/feyncalc/discussions/\"]], \"Text\"]Style[\" and have a look at the supplied \", \"Text\"]Style[DisplayForm[ButtonBox[\"examples.\", BaseStyle -> \"Hyperlink\", ButtonFunction :> SystemOpen[FileNameJoin[{$FeynCalcDirectory, \"Examples\"}]], Evaluator -> Automatic, Method -> \"Preemptive\"]], \"Text\"]Style[\" The PDF-version of the manual can be downloaded \", \"Text\"]Style[DisplayForm[ButtonBox[\"here.\", ButtonData :> {URL[\"https://github.com/FeynCalc/feyncalc-manual/releases/download/dev-manual/FeynCalcManual.pdf\"], None}, BaseStyle -> \"Hyperlink\", ButtonNote -> \"https://github.com/FeynCalc/feyncalc-manual/releases/download/dev-manual/FeynCalcManual.pdf\"]], \"Text\"]\n"
"From remote kernel:"
"Style[\"If you use FeynCalc in your research, please evaluate FeynCalcHowToCite[] to learn how to cite this software.\", \"Text\"]\n"
"From remote kernel:"
"Style[\"Please keep in mind that the proper academic attribution of our work is crucial to ensure the future development of this package!\", {\"Text\", Italic}]\n"
"PASS: ""target worker native versions agree"
"S08_TARGET_PACKET_DISTRIBUTION_SECONDS "10.310773`7.464836219114127
"Independent target worker count = "4
"From remote kernel:"
"\"PASS: \"\"every loop-dependent factor is a generated propagator\"\n"
"From remote kernel:"
"\"PASS: \"\"atom extraction leaves a polynomial numerator\"\n"
"From remote kernel:"
"\"PASS: \"\"nonzero affine relation for dependent propagators\"\n"
"From remote kernel:"
"\"PASS: \"\"relation constant is independent of loop coordinates\"\n"
"From remote kernel:"
"\"PASS: \"\"every independent denominator set has a family\"\n"
"From remote kernel:"
"\"PASS: \"\"family numerator is polynomial\"\n"
"From remote kernel:"
"\"PASS: \"\"family denominator is a Laurent monomial\"\n"
"From remote kernel:"
"\"PASS: \"\"family Laurent coefficients reconstruct\"\n"
"From remote kernel:"
"\"PASS: \"\"complete cut-family map reconstructs the input tensor\"\n"
"From remote kernel:"
"\"PASS: \"\"both physical cuts remain to unit power in every target\"\n"
"From remote kernel:"
"\"PASS: \"\"fresh worker reproduces entire reference map\"\n"
"PASS: ""fresh target worker accepted"
"From remote kernel:"
"\"PASS: \"\"assigned original component exact identity\"\n"
"PASS: ""own assigned-component target checks accepted"
"PASS: ""own complete mapped coefficient unchanged"
"S08_TARGET_PACKET_COMPARISON "InputForm[<|"ControlIndex" -> 4, "AssignedInputHash" -> 35458785038923841367583876810028574278789455846315449905445119234216260050350, "OriginalOutputHash" -> 65833888203025165365752958801374736547958193426101511744784268858475339195509, "CandidateOutputHash" -> 65833888203025165365752958801374736547958193426101511744784268858475339195509, "OriginalChecks" -> <|"compute allocation" -> True, "isolated runtime" -> True, "complete source syntax" -> True, "pinned original mapper" -> True, "unchanged mapping functions" -> True, "accepted real spin input" -> True, "accepted scalar reuse library" -> True, "s02 unchanged scalar input" -> True, "s04 unchanged scalar input" -> True, "accepted geometry and reduction" -> True, "same cut momenta" -> True, "same positive-energy support" -> True, "unique loop-coordinate conversion" -> True, "all scalar products reconstruct" -> True, "coordinate change preserves measured transverse constraint" -> True, "pinned GitHub coefficient assembly" -> True, "unchanged GitHub coefficient loop" -> True, "unique saved reduction targets" -> True, "Hqg assigned-component entry" -> True, "complete assigned-component source syntax" -> True, "complete target mapping source syntax" -> True, "pinned unchanged target calculation" -> True, "unchanged complete target calculation and checkpoint contract" -> True, "pinned actual reference target map" -> True, "pinned accepted control tensor" -> True, "control shares exact measured scalar products" -> True, "reference target map exact input identity" -> True, "integer resource limit POLARIZED_SIDIS_TARGET_SECONDS" -> True, "bounded resource limit POLARIZED_SIDIS_TARGET_SECONDS" -> True, "integer resource limit POLARIZED_SIDIS_TARGET_MEMORY_GIB" -> True, "bounded resource limit POLARIZED_SIDIS_TARGET_MEMORY_GIB" -> True, "own grouped comparison is Hqg" -> True, "accepted grouped algorithm receipt" -> True, "complete accepted grouped algorithm and common inputs" -> True, "same original native mapper and merge" -> True, "exact installed grouping and reconstruction definitions" -> True, "pinned actual own target control" -> True, "own control exact target identity" -> True, "complete additive input reconstruction" -> True, "every loop-dependent factor is a generated propagator" -> True, "atom extraction leaves a polynomial numerator" -> True, "certificate original additive inventory" -> True, "every original term reconstructs exactly" -> True, "group partition covers each original term exactly once" -> True, "every grouped numerator is its complete exact sum" -> True, "native complete linear grouping identity" -> True, "formal identity specializes to every original reconstructed term" -> True, "formal identity specializes to every actual group" -> True, "complete denominator-group reconstruction" -> True, "every denominator group accepted" -> True, "every merged group coefficient equals its full input sum" -> True, "merge partition covers each original map term once" -> True, "every grouped coefficient list is unchanged" -> True, "native complete map linearity identity" -> True, "formal identity specializes to every original map term" -> True, "formal identity specializes to every complete integral group" -> True, "complete merged key inventory" -> True, "complete grouped cut-family map reconstructs input" -> True, "both physical cuts remain to unit power in every grouped target" -> True, "entire accepted own Hqg map reproduced" -> True|>, "CandidateChecks" -> <|"complete additive input reconstruction" -> True, "every loop-dependent factor is a generated propagator" -> True, "atom extraction leaves a polynomial numerator" -> True, "certificate original additive inventory" -> True, "every original term reconstructs exactly" -> True, "group partition covers each original term exactly once" -> True, "every grouped numerator is its complete exact sum" -> True, "native complete linear grouping identity" -> True, "formal identity specializes to every original reconstructed term" -> True, "formal identity specializes to every actual group" -> True, "complete denominator-group reconstruction" -> True, "every denominator group accepted" -> True, "every merged group coefficient equals its full input sum" -> True, "merge partition covers each original map term once" -> True, "every grouped coefficient list is unchanged" -> True, "native complete map linearity identity" -> True, "formal identity specializes to every original map term" -> True, "formal identity specializes to every complete integral group" -> True, "complete merged key inventory" -> True, "complete grouped cut-family map reconstructs input" -> True, "both physical cuts remain to unit power in every grouped target" -> True|>, "OriginalSeconds" -> 1036.785081, "CandidateSeconds" -> 22.69408, "ExactOwnComparisonPassed" -> True, "InputHash" -> 85547662133937390738971751388160662272927098513653689006198007241621353349220, "SourceHash" -> 5527399080598068436441695564788240696669714775153812392694189200000218970168, "NativeVersions" -> {"13.1.0 for Linux x86 (64-bit) (June 16, 2022)", "10.2.1"}|>]
"From remote kernel:"
"\"PASS: \"\"assigned original component exact identity\"\n"
"From remote kernel:"
"\"PASS: \"\"assigned original component exact identity\"\n"
"From remote kernel:"
"\"PASS: \"\"assigned original component exact identity\"\n"
"From remote kernel:"
"\"PASS: \"\"assigned original component exact identity\"\n"
"From remote kernel:"
"\"PASS: \"\"assigned original component exact identity\"\n"
"From remote kernel:"
"\"PASS: \"\"assigned original component exact identity\"\n"
"From remote kernel:"
"\"PASS: \"\"assigned original component exact identity\"\n"
"From remote kernel:"
"\"PASS: \"\"assigned original component exact identity\"\n"
"From remote kernel:"
"\"PASS: \"\"assigned original component exact identity\"\n"
"From remote kernel:"
"\"PASS: \"\"assigned original component exact identity\"\n"
"From remote kernel:"
"\"PASS: \"\"assigned original component exact identity\"\n"
"From remote kernel:"
"\"PASS: \"\"assigned original component exact identity\"\n"
"From remote kernel:"
"\"PASS: \"\"assigned original component exact identity\"\n"
"From remote kernel:"
"\"PASS: \"\"assigned original component exact identity\"\n"
"From remote kernel:"
"\"REAL_TARGET_MAP \"16\"/\"37\" \"<|\"Sector\" -> \"Real\", \"Kind\" -> \"ExtendedResponse\", \"Index\" -> {4, 4, 4}|>\" kernel \"4\n"
"From remote kernel:"
"\"PASS: \"\"assigned original component exact identity\"\n"
"From remote kernel:"
"\"PASS: \"\"assigned original component exact identity\"\n"
"From remote kernel:"
"\"PASS: \"\"complete additive input reconstruction\"\n"
"From remote kernel:"
"\"PASS: \"\"assigned original component exact identity\"\n"
"From remote kernel:"
"\"PASS: \"\"every loop-dependent factor is a generated propagator\"\n"
"From remote kernel:"
"\"REAL_TARGET_MAP \"17\"/\"37\" \"<|\"Sector\" -> \"Real\", \"Kind\" -> \"ExtendedResponse\", \"Index\" -> {4, 5, 1}|>\" kernel \"1\n"
"From remote kernel:"
"\"PASS: \"\"atom extraction leaves a polynomial numerator\"\n"
"From remote kernel:"
"\"PASS: \"\"complete additive input reconstruction\"\n"
"From remote kernel:"
"\"PASS: \"\"every loop-dependent factor is a generated propagator\"\n"
"From remote kernel:"
"\"PASS: \"\"atom extraction leaves a polynomial numerator\"\n"
"From remote kernel:"
"\"PASS: \"\"assigned original component exact identity\"\n"
"From remote kernel:"
"\"REAL_TARGET_MAP \"18\"/\"37\" \"<|\"Sector\" -> \"Real\", \"Kind\" -> \"ExtendedResponse\", \"Index\" -> {5, 1, 4}|>\" kernel \"2\n"
"From remote kernel:"
"\"PASS: \"\"complete additive input reconstruction\"\n"
"From remote kernel:"
"\"PASS: \"\"assigned original component exact identity\"\n"
"From remote kernel:"
"\"REAL_TARGET_MAP \"19\"/\"37\" \"<|\"Sector\" -> \"Real\", \"Kind\" -> \"ExtendedResponse\", \"Index\" -> {5, 2, 4}|>\" kernel \"3\n"
"From remote kernel:"
"\"PASS: \"\"complete additive input reconstruction\"\n"
"From remote kernel:"
"\"PASS: \"\"certificate original additive inventory\"\n"
"From remote kernel:"
"\"PASS: \"\"every original term reconstructs exactly\"\n"
"From remote kernel:"
"\"PASS: \"\"group partition covers each original term exactly once\"\n"
"From remote kernel:"
"\"PASS: \"\"every grouped numerator is its complete exact sum\"\n"
"From remote kernel:"
"\"PASS: \"\"native complete linear grouping identity\"\n"
"From remote kernel:"
"\"PASS: \"\"formal identity specializes to every original reconstructed term\"\n"
"From remote kernel:"
"\"PASS: \"\"formal identity specializes to every actual group\"\n"
"From remote kernel:"
"\"PASS: \"\"complete denominator-group reconstruction\"\n"
"From remote kernel:"
"\"GROUPED_MAP_INPUT \"\"component_17\"\" groups \"14\" bytes \"28536656\n"
"From remote kernel:"
"\"GROUPED_MAP_PIECE \"\"component_17\"\" \"10\"/\"14\" powers \"{0, 1, 1, 1, 0, 0}\n"
"From remote kernel:"
"\"PASS: \"\"every loop-dependent factor is a generated propagator\"\n"
"From remote kernel:"
"\"PASS: \"\"atom extraction leaves a polynomial numerator\"\n"
"From remote kernel:"
"\"PASS: \"\"nonzero affine relation for dependent propagators\"\n"
"From remote kernel:"
"\"PASS: \"\"relation constant is independent of loop coordinates\"\n"
"From remote kernel:"
"\"PASS: \"\"every independent denominator set has a family\"\n"
"From remote kernel:"
"\"PASS: \"\"family numerator is polynomial\"\n"
"From remote kernel:"
"\"PASS: \"\"family denominator is a Laurent monomial\"\n"
"From remote kernel:"
"\"PASS: \"\"family Laurent coefficients reconstruct\"\n"
"From remote kernel:"
"\"PASS: \"\"certificate original additive inventory\"\n"
"From remote kernel:"
"\"PASS: \"\"every original term reconstructs exactly\"\n"
"From remote kernel:"
"\"PASS: \"\"group partition covers each original term exactly once\"\n"
"From remote kernel:"
"\"PASS: \"\"every grouped numerator is its complete exact sum\"\n"
"From remote kernel:"
"\"PASS: \"\"native complete linear grouping identity\"\n"
"From remote kernel:"
"\"PASS: \"\"formal identity specializes to every original reconstructed term\"\n"
"From remote kernel:"
"\"PASS: \"\"formal identity specializes to every actual group\"\n"
"From remote kernel:"
"\"PASS: \"\"complete denominator-group reconstruction\"\n"
"From remote kernel:"
"\"GROUPED_MAP_INPUT \"\"component_16\"\" groups \"17\" bytes \"65283312\n"
"From remote kernel:"
"\"GROUPED_MAP_PIECE \"\"component_16\"\" \"12\"/\"17\" powers \"{0, 1, 1, 1, 1, 0}\n"
"From remote kernel:"
"\"PASS: \"\"every loop-dependent factor is a generated propagator\"\n"
"From remote kernel:"
"\"PASS: \"\"atom extraction leaves a polynomial numerator\"\n"
"From remote kernel:"
"\"PASS: \"\"nonzero affine relation for dependent propagators\"\n"
"From remote kernel:"
"\"PASS: \"\"relation constant is independent of loop coordinates\"\n"
"From remote kernel:"
"\"PASS: \"\"every independent denominator set has a family\"\n"
"From remote kernel:"
"\"PASS: \"\"family numerator is polynomial\"\n"
"From remote kernel:"
"\"PASS: \"\"family denominator is a Laurent monomial\"\n"
"From remote kernel:"
"\"PASS: \"\"family Laurent coefficients reconstruct\"\n"
"From remote kernel:"
"\"PASS: \"\"complete cut-family map reconstructs the input tensor\"\n"
"From remote kernel:"
"\"PASS: \"\"both physical cuts remain to unit power in every target\"\n"
"From remote kernel:"
"\"GROUPED_MAP_PIECE \"\"component_16\"\" \"13\"/\"17\" powers \"{0, 2, 2, 0, 0, 0}\n"
"From remote kernel:"
"\"PASS: \"\"every loop-dependent factor is a generated propagator\"\n"
"From remote kernel:"
"\"PASS: \"\"atom extraction leaves a polynomial numerator\"\n"
"From remote kernel:"
"\"PASS: \"\"every independent denominator set has a family\"\n"
"From remote kernel:"
"\"PASS: \"\"family numerator is polynomial\"\n"
"From remote kernel:"
"\"PASS: \"\"family denominator is a Laurent monomial\"\n"
"From remote kernel:"
"\"PASS: \"\"family Laurent coefficients reconstruct\"\n"
"From remote kernel:"
"\"PASS: \"\"complete cut-family map reconstructs the input tensor\"\n"
"From remote kernel:"
"\"PASS: \"\"both physical cuts remain to unit power in every target\"\n"
"From remote kernel:"
"\"GROUPED_MAP_PIECE \"\"component_16\"\" \"14\"/\"17\" powers \"{0, 2, 1, 0, 1, 0}\n"
"From remote kernel:"
"\"PASS: \"\"every loop-dependent factor is a generated propagator\"\n"
"From remote kernel:"
"\"PASS: \"\"atom extraction leaves a polynomial numerator\"\n"
"From remote kernel:"
"\"PASS: \"\"nonzero affine relation for dependent propagators\"\n"
"From remote kernel:"
"\"PASS: \"\"relation constant is independent of loop coordinates\"\n"
"From remote kernel:"
"\"PASS: \"\"every independent denominator set has a family\"\n"
"From remote kernel:"
"\"PASS: \"\"family numerator is polynomial\"\n"
"From remote kernel:"
"\"PASS: \"\"family denominator is a Laurent monomial\"\n"
"From remote kernel:"
"\"PASS: \"\"family Laurent coefficients reconstruct\"\n"
"From remote kernel:"
"\"PASS: \"\"every loop-dependent factor is a generated propagator\"\n"
"From remote kernel:"
"\"PASS: \"\"atom extraction leaves a polynomial numerator\"\n"
"From remote kernel:"
"\"PASS: \"\"every loop-dependent factor is a generated propagator\"\n"
"From remote kernel:"
"\"PASS: \"\"atom extraction leaves a polynomial numerator\"\n"
"From remote kernel:"
"\"PASS: \"\"complete cut-family map reconstructs the input tensor\"\n"
"From remote kernel:"
"\"PASS: \"\"both physical cuts remain to unit power in every target\"\n"
"From remote kernel:"
"\"GROUPED_MAP_PIECE \"\"component_16\"\" \"15\"/\"17\" powers \"{0, 2, 0, 0, 2, 0}\n"
"From remote kernel:"
"\"PASS: \"\"every loop-dependent factor is a generated propagator\"\n"
"From remote kernel:"
"\"PASS: \"\"atom extraction leaves a polynomial numerator\"\n"
"From remote kernel:"
"\"PASS: \"\"every independent denominator set has a family\"\n"
"From remote kernel:"
"\"PASS: \"\"family numerator is polynomial\"\n"
"From remote kernel:"
"\"PASS: \"\"family denominator is a Laurent monomial\"\n"
"From remote kernel:"
"\"PASS: \"\"family Laurent coefficients reconstruct\"\n"
"From remote kernel:"
"\"PASS: \"\"complete cut-family map reconstructs the input tensor\"\n"
"From remote kernel:"
"\"PASS: \"\"both physical cuts remain to unit power in every target\"\n"
"From remote kernel:"
"\"GROUPED_MAP_PIECE \"\"component_16\"\" \"16\"/\"17\" powers \"{0, 1, 0, 1, 2, 0}\n"
"From remote kernel:"
"\"PASS: \"\"every loop-dependent factor is a generated propagator\"\n"
"From remote kernel:"
"\"PASS: \"\"atom extraction leaves a polynomial numerator\"\n"
"From remote kernel:"
"\"PASS: \"\"nonzero affine relation for dependent propagators\"\n"
"From remote kernel:"
"\"PASS: \"\"relation constant is independent of loop coordinates\"\n"
"From remote kernel:"
"\"PASS: \"\"every independent denominator set has a family\"\n"
"From remote kernel:"
"\"PASS: \"\"family numerator is polynomial\"\n"
"From remote kernel:"
"\"PASS: \"\"family denominator is a Laurent monomial\"\n"
"From remote kernel:"
"\"PASS: \"\"family Laurent coefficients reconstruct\"\n"
"From remote kernel:"
"\"PASS: \"\"complete cut-family map reconstructs the input tensor\"\n"
"From remote kernel:"
"\"PASS: \"\"both physical cuts remain to unit power in every target\"\n"
"From remote kernel:"
"\"GROUPED_MAP_PIECE \"\"component_16\"\" \"17\"/\"17\" powers \"{0, 1, 0, 2, 2, 0}\n"
"From remote kernel:"
"\"PASS: \"\"every loop-dependent factor is a generated propagator\"\n"
"From remote kernel:"
"\"PASS: \"\"atom extraction leaves a polynomial numerator\"\n"
"From remote kernel:"
"\"PASS: \"\"nonzero affine relation for dependent propagators\"\n"
"From remote kernel:"
"\"PASS: \"\"relation constant is independent of loop coordinates\"\n"
"From remote kernel:"
"\"PASS: \"\"every independent denominator set has a family\"\n"
"From remote kernel:"
"\"PASS: \"\"family numerator is polynomial\"\n"
"From remote kernel:"
"\"PASS: \"\"family denominator is a Laurent monomial\"\n"
"From remote kernel:"
"\"PASS: \"\"family Laurent coefficients reconstruct\"\n"
"From remote kernel:"
"\"PASS: \"\"complete cut-family map reconstructs the input tensor\"\n"
"From remote kernel:"
"\"PASS: \"\"both physical cuts remain to unit power in every target\"\n"
"From remote kernel:"
"\"PASS: \"\"every denominator group accepted\"\n"
"From remote kernel:"
"\"PASS: \"\"certificate original additive inventory\"\n"
"From remote kernel:"
"\"PASS: \"\"every merged group coefficient equals its full input sum\"\n"
"From remote kernel:"
"\"PASS: \"\"merge partition covers each original map term once\"\n"
"From remote kernel:"
"\"PASS: \"\"every grouped coefficient list is unchanged\"\n"
"From remote kernel:"
"\"PASS: \"\"native complete map linearity identity\"\n"
"From remote kernel:"
"\"PASS: \"\"formal identity specializes to every original map term\"\n"
"From remote kernel:"
"\"PASS: \"\"formal identity specializes to every complete integral group\"\n"
"From remote kernel:"
"\"PASS: \"\"complete merged key inventory\"\n"
"From remote kernel:"
"\"PASS: \"\"complete grouped cut-family map reconstructs input\"\n"
"From remote kernel:"
"\"PASS: \"\"both physical cuts remain to unit power in every grouped target\"\n"
"From remote kernel:"
"\"PASS: \"\"assigned original component exact identity\"\n"
"From remote kernel:"
"\"REAL_TARGET_MAP \"20\"/\"37\" \"<|\"Sector\" -> \"Real\", \"Kind\" -> \"ExtendedResponse\", \"Index\" -> {5, 3, 1}|>\" kernel \"4\n"
"From remote kernel:"
"\"PASS: \"\"complete additive input reconstruction\"\n"
"From remote kernel:"
"\"PASS: \"\"every loop-dependent factor is a generated propagator\"\n"
"From remote kernel:"
"\"PASS: \"\"atom extraction leaves a polynomial numerator\"\n"
"From remote kernel:"
"\"PASS: \"\"certificate original additive inventory\"\n"
"From remote kernel:"
"\"PASS: \"\"every original term reconstructs exactly\"\n"
"From remote kernel:"
"\"PASS: \"\"group partition covers each original term exactly once\"\n"
"From remote kernel:"
"\"PASS: \"\"every grouped numerator is its complete exact sum\"\n"
"From remote kernel:"
"\"PASS: \"\"native complete linear grouping identity\"\n"
"From remote kernel:"
"\"PASS: \"\"formal identity specializes to every original reconstructed term\"\n"
"From remote kernel:"
"\"PASS: \"\"formal identity specializes to every actual group\"\n"
"From remote kernel:"
"\"PASS: \"\"complete denominator-group reconstruction\"\n"
"From remote kernel:"
"\"GROUPED_MAP_INPUT \"\"component_20\"\" groups \"14\" bytes \"50479344\n"
"From remote kernel:"
"\"GROUPED_MAP_PIECE \"\"component_20\"\" \"1\"/\"14\" powers \"{0, 1, 0, 0, 0, 0}\n"
"From remote kernel:"
"\"PASS: \"\"every loop-dependent factor is a generated propagator\"\n"
"From remote kernel:"
"\"PASS: \"\"atom extraction leaves a polynomial numerator\"\n"
"From remote kernel:"
"\"PASS: \"\"every independent denominator set has a family\"\n"
"From remote kernel:"
"\"PASS: \"\"family numerator is polynomial\"\n"
"From remote kernel:"
"\"PASS: \"\"family denominator is a Laurent monomial\"\n"
"From remote kernel:"
"\"PASS: \"\"family Laurent coefficients reconstruct\"\n"
"From remote kernel:"
"\"PASS: \"\"complete cut-family map reconstructs the input tensor\"\n"
"From remote kernel:"
"\"PASS: \"\"both physical cuts remain to unit power in every target\"\n"
"From remote kernel:"
"\"GROUPED_MAP_PIECE \"\"component_20\"\" \"2\"/\"14\" powers \"{0, 1, 0, 0, 1, 0}\n"
"From remote kernel:"
"\"PASS: \"\"certificate original additive inventory\"\n"
"From remote kernel:"
"\"PASS: \"\"every loop-dependent factor is a generated propagator\"\n"
"From remote kernel:"
"\"PASS: \"\"atom extraction leaves a polynomial numerator\"\n"
"From remote kernel:"
"\"PASS: \"\"every independent denominator set has a family\"\n"
"From remote kernel:"
"\"PASS: \"\"family numerator is polynomial\"\n"
"From remote kernel:"
"\"PASS: \"\"family denominator is a Laurent monomial\"\n"
"From remote kernel:"
"\"PASS: \"\"family Laurent coefficients reconstruct\"\n"
"From remote kernel:"
"\"PASS: \"\"complete cut-family map reconstructs the input tensor\"\n"
"From remote kernel:"
"\"PASS: \"\"both physical cuts remain to unit power in every target\"\n"
"From remote kernel:"
"\"GROUPED_MAP_PIECE \"\"component_20\"\" \"3\"/\"14\" powers \"{0, 1, 2, 0, 0, 0}\n"
"From remote kernel:"
"\"PASS: \"\"every loop-dependent factor is a generated propagator\"\n"
"From remote kernel:"
"\"PASS: \"\"atom extraction leaves a polynomial numerator\"\n"
"From remote kernel:"
"\"PASS: \"\"every independent denominator set has a family\"\n"
"From remote kernel:"
"\"PASS: \"\"family numerator is polynomial\"\n"
"From remote kernel:"
"\"PASS: \"\"family denominator is a Laurent monomial\"\n"
"From remote kernel:"
"\"PASS: \"\"family Laurent coefficients reconstruct\"\n"
"From remote kernel:"
"\"PASS: \"\"complete cut-family map reconstructs the input tensor\"\n"
"From remote kernel:"
"\"PASS: \"\"both physical cuts remain to unit power in every target\"\n"
"From remote kernel:"
"\"GROUPED_MAP_PIECE \"\"component_20\"\" \"4\"/\"14\" powers \"{0, 1, 1, 0, 0, 0}\n"
"From remote kernel:"
"\"PASS: \"\"every loop-dependent factor is a generated propagator\"\n"
"From remote kernel:"
"\"PASS: \"\"atom extraction leaves a polynomial numerator\"\n"
"From remote kernel:"
"\"PASS: \"\"every independent denominator set has a family\"\n"
"From remote kernel:"
"\"PASS: \"\"family numerator is polynomial\"\n"
"From remote kernel:"
"\"PASS: \"\"family denominator is a Laurent monomial\"\n"
"From remote kernel:"
"\"PASS: \"\"family Laurent coefficients reconstruct\"\n"
"From remote kernel:"
"\"PASS: \"\"complete cut-family map reconstructs the input tensor\"\n"
"From remote kernel:"
"\"PASS: \"\"both physical cuts remain to unit power in every target\"\n"
"From remote kernel:"
"\"GROUPED_MAP_PIECE \"\"component_20\"\" \"5\"/\"14\" powers \"{0, 1, 0, 1, 0, 0}\n"
"From remote kernel:"
"\"PASS: \"\"every loop-dependent factor is a generated propagator\"\n"
"From remote kernel:"
"\"PASS: \"\"atom extraction leaves a polynomial numerator\"\n"
"From remote kernel:"
"\"PASS: \"\"every independent denominator set has a family\"\n"
"From remote kernel:"
"\"PASS: \"\"family numerator is polynomial\"\n"
"From remote kernel:"
"\"PASS: \"\"family denominator is a Laurent monomial\"\n"
"From remote kernel:"
"\"PASS: \"\"family Laurent coefficients reconstruct\"\n"
"From remote kernel:"
"\"PASS: \"\"complete cut-family map reconstructs the input tensor\"\n"
"From remote kernel:"
"\"PASS: \"\"both physical cuts remain to unit power in every target\"\n"
"From remote kernel:"
"\"GROUPED_MAP_PIECE \"\"component_20\"\" \"6\"/\"14\" powers \"{0, 1, 0, 0, 2, 0}\n"
"From remote kernel:"
"\"PASS: \"\"every loop-dependent factor is a generated propagator\"\n"
"From remote kernel:"
"\"PASS: \"\"atom extraction leaves a polynomial numerator\"\n"
"From remote kernel:"
"\"PASS: \"\"every independent denominator set has a family\"\n"
"From remote kernel:"
"\"PASS: \"\"family numerator is polynomial\"\n"
"From remote kernel:"
"\"PASS: \"\"family denominator is a Laurent monomial\"\n"
"From remote kernel:"
"\"PASS: \"\"family Laurent coefficients reconstruct\"\n"
"From remote kernel:"
"\"PASS: \"\"complete cut-family map reconstructs the input tensor\"\n"
"From remote kernel:"
"\"PASS: \"\"both physical cuts remain to unit power in every target\"\n"
"From remote kernel:"
"\"GROUPED_MAP_PIECE \"\"component_20\"\" \"7\"/\"14\" powers \"{0, 1, 0, 1, 1, 0}\n"
"From remote kernel:"
"\"PASS: \"\"every loop-dependent factor is a generated propagator\"\n"
"From remote kernel:"
"\"PASS: \"\"atom extraction leaves a polynomial numerator\"\n"
"From remote kernel:"
"\"PASS: \"\"every independent denominator set has a family\"\n"
"From remote kernel:"
"\"PASS: \"\"family numerator is polynomial\"\n"
"From remote kernel:"
"\"PASS: \"\"family denominator is a Laurent monomial\"\n"
"From remote kernel:"
"\"PASS: \"\"family Laurent coefficients reconstruct\"\n"
"From remote kernel:"
"\"PASS: \"\"complete cut-family map reconstructs the input tensor\"\n"
"From remote kernel:"
"\"PASS: \"\"both physical cuts remain to unit power in every target\"\n"
"From remote kernel:"
"\"GROUPED_MAP_PIECE \"\"component_20\"\" \"8\"/\"14\" powers \"{0, 1, 1, 0, 1, 0}\n"
"From remote kernel:"
"\"PASS: \"\"every loop-dependent factor is a generated propagator\"\n"
"From remote kernel:"
"\"PASS: \"\"atom extraction leaves a polynomial numerator\"\n"
"From remote kernel:"
"\"PASS: \"\"every independent denominator set has a family\"\n"
"From remote kernel:"
"\"PASS: \"\"family numerator is polynomial\"\n"
"From remote kernel:"
"\"PASS: \"\"family denominator is a Laurent monomial\"\n"
"From remote kernel:"
"\"PASS: \"\"family Laurent coefficients reconstruct\"\n"
"From remote kernel:"
"\"PASS: \"\"every original term reconstructs exactly\"\n"
"From remote kernel:"
"\"PASS: \"\"group partition covers each original term exactly once\"\n"
"From remote kernel:"
"\"PASS: \"\"every grouped numerator is its complete exact sum\"\n"
"From remote kernel:"
"\"PASS: \"\"native complete linear grouping identity\"\n"
"From remote kernel:"
"\"PASS: \"\"formal identity specializes to every original reconstructed term\"\n"
"From remote kernel:"
"\"PASS: \"\"formal identity specializes to every actual group\"\n"
"From remote kernel:"
"\"PASS: \"\"complete denominator-group reconstruction\"\n"
"From remote kernel:"
"\"GROUPED_MAP_INPUT \"\"component_18\"\" groups \"1\" bytes \"192518104\n"
"From remote kernel:"
"\"GROUPED_MAP_PIECE \"\"component_18\"\" \"1\"/\"1\" powers \"{0, 2, 2, 2, 2, 0}\n"
"From remote kernel:"
"\"PASS: \"\"every denominator group accepted\"\n"
"From remote kernel:"
"\"PASS: \"\"every merged group coefficient equals its full input sum\"\n"
"From remote kernel:"
"\"PASS: \"\"merge partition covers each original map term once\"\n"
"From remote kernel:"
"\"PASS: \"\"every grouped coefficient list is unchanged\"\n"
"From remote kernel:"
"\"PASS: \"\"native complete map linearity identity\"\n"
"From remote kernel:"
"\"PASS: \"\"formal identity specializes to every original map term\"\n"
"From remote kernel:"
"\"PASS: \"\"formal identity specializes to every complete integral group\"\n"
"From remote kernel:"
"\"PASS: \"\"complete merged key inventory\"\n"
"From remote kernel:"
"\"PASS: \"\"complete grouped cut-family map reconstructs input\"\n"
"From remote kernel:"
"\"PASS: \"\"both physical cuts remain to unit power in every grouped target\"\n"
"From remote kernel:"
"\"PASS: \"\"assigned original component exact identity\"\n"
"From remote kernel:"
"\"REAL_TARGET_MAP \"21\"/\"37\" \"<|\"Sector\" -> \"Real\", \"Kind\" -> \"ExtendedResponse\", \"Index\" -> {5, 4, 1}|>\" kernel \"2\n"
"From remote kernel:"
"\"PASS: \"\"complete additive input reconstruction\"\n"
"From remote kernel:"
"\"PASS: \"\"complete cut-family map reconstructs the input tensor\"\n"
"From remote kernel:"
"\"PASS: \"\"both physical cuts remain to unit power in every target\"\n"
"From remote kernel:"
"\"GROUPED_MAP_PIECE \"\"component_20\"\" \"9\"/\"14\" powers \"{0, 1, 0, 2, 0, 0}\n"
"From remote kernel:"
"\"PASS: \"\"every loop-dependent factor is a generated propagator\"\n"
"From remote kernel:"
"\"PASS: \"\"atom extraction leaves a polynomial numerator\"\n"
"From remote kernel:"
"\"PASS: \"\"every independent denominator set has a family\"\n"
"From remote kernel:"
"\"PASS: \"\"family numerator is polynomial\"\n"
"From remote kernel:"
"\"PASS: \"\"family denominator is a Laurent monomial\"\n"
"From remote kernel:"
"\"PASS: \"\"family Laurent coefficients reconstruct\"\n"
"From remote kernel:"
"\"PASS: \"\"complete cut-family map reconstructs the input tensor\"\n"
"From remote kernel:"
"\"PASS: \"\"both physical cuts remain to unit power in every target\"\n"
"From remote kernel:"
"\"GROUPED_MAP_PIECE \"\"component_20\"\" \"10\"/\"14\" powers \"{0, 1, 1, 1, 0, 0}\n"
"From remote kernel:"
"\"PASS: \"\"every loop-dependent factor is a generated propagator\"\n"
"From remote kernel:"
"\"PASS: \"\"atom extraction leaves a polynomial numerator\"\n"
"From remote kernel:"
"\"PASS: \"\"every independent denominator set has a family\"\n"
"From remote kernel:"
"\"PASS: \"\"family numerator is polynomial\"\n"
"From remote kernel:"
"\"PASS: \"\"family denominator is a Laurent monomial\"\n"
"From remote kernel:"
"\"PASS: \"\"family Laurent coefficients reconstruct\"\n"
"From remote kernel:"
"\"PASS: \"\"complete cut-family map reconstructs the input tensor\"\n"
"From remote kernel:"
"\"PASS: \"\"both physical cuts remain to unit power in every target\"\n"
"From remote kernel:"
"\"GROUPED_MAP_PIECE \"\"component_20\"\" \"11\"/\"14\" powers \"{0, 1, 1, 1, 1, 0}\n"
"From remote kernel:"
"\"PASS: \"\"every loop-dependent factor is a generated propagator\"\n"
"From remote kernel:"
"\"PASS: \"\"atom extraction leaves a polynomial numerator\"\n"
"From remote kernel:"
"\"PASS: \"\"every independent denominator set has a family\"\n"
"From remote kernel:"
"\"PASS: \"\"family numerator is polynomial\"\n"
"From remote kernel:"
"\"PASS: \"\"family denominator is a Laurent monomial\"\n"
"From remote kernel:"
"\"PASS: \"\"family Laurent coefficients reconstruct\"\n"
"From remote kernel:"
"\"PASS: \"\"every original term reconstructs exactly\"\n"
"From remote kernel:"
"\"PASS: \"\"group partition covers each original term exactly once\"\n"
"From remote kernel:"
"\"PASS: \"\"every grouped numerator is its complete exact sum\"\n"
"From remote kernel:"
"\"PASS: \"\"native complete linear grouping identity\"\n"
"From remote kernel:"
"\"PASS: \"\"formal identity specializes to every original reconstructed term\"\n"
"From remote kernel:"
"\"PASS: \"\"formal identity specializes to every actual group\"\n"
"From remote kernel:"
"\"PASS: \"\"complete denominator-group reconstruction\"\n"
"From remote kernel:"
"\"GROUPED_MAP_INPUT \"\"component_19\"\" groups \"1\" bytes \"211389720\n"
"From remote kernel:"
"\"GROUPED_MAP_PIECE \"\"component_19\"\" \"1\"/\"1\" powers \"{0, 2, 2, 2, 2, 0}\n"
"From remote kernel:"
"\"PASS: \"\"every denominator group accepted\"\n"
"From remote kernel:"
"\"PASS: \"\"every merged group coefficient equals its full input sum\"\n"
"From remote kernel:"
"\"PASS: \"\"merge partition covers each original map term once\"\n"
"From remote kernel:"
"\"PASS: \"\"every grouped coefficient list is unchanged\"\n"
"From remote kernel:"
"\"PASS: \"\"native complete map linearity identity\"\n"
"From remote kernel:"
"\"PASS: \"\"formal identity specializes to every original map term\"\n"
"From remote kernel:"
"\"PASS: \"\"formal identity specializes to every complete integral group\"\n"
"From remote kernel:"
"\"PASS: \"\"complete merged key inventory\"\n"
"From remote kernel:"
"\"PASS: \"\"complete grouped cut-family map reconstructs input\"\n"
"From remote kernel:"
"\"PASS: \"\"both physical cuts remain to unit power in every grouped target\"\n"
"From remote kernel:"
"\"PASS: \"\"assigned original component exact identity\"\n"
"From remote kernel:"
"\"REAL_TARGET_MAP \"22\"/\"37\" \"<|\"Sector\" -> \"Real\", \"Kind\" -> \"ExtendedResponse\", \"Index\" -> {5, 5, 4}|>\" kernel \"3\n"
"From remote kernel:"
"\"PASS: \"\"complete additive input reconstruction\"\n"
"From remote kernel:"
"\"PASS: \"\"every loop-dependent factor is a generated propagator\"\n"
"From remote kernel:"
"\"PASS: \"\"every loop-dependent factor is a generated propagator\"\n"
"From remote kernel:"
"\"PASS: \"\"atom extraction leaves a polynomial numerator\"\n"
"From remote kernel:"
"\"PASS: \"\"atom extraction leaves a polynomial numerator\"\n"
"From remote kernel:"
"\"PASS: \"\"certificate original additive inventory\"\n"
"From remote kernel:"
"\"PASS: \"\"complete cut-family map reconstructs the input tensor\"\n"
"From remote kernel:"
"\"PASS: \"\"both physical cuts remain to unit power in every target\"\n"
"From remote kernel:"
"\"GROUPED_MAP_PIECE \"\"component_20\"\" \"12\"/\"14\" powers \"{0, 1, 0, 2, 1, 0}\n"
"From remote kernel:"
"\"PASS: \"\"every loop-dependent factor is a generated propagator\"\n"
"From remote kernel:"
"\"PASS: \"\"atom extraction leaves a polynomial numerator\"\n"
"From remote kernel:"
"\"PASS: \"\"every independent denominator set has a family\"\n"
"From remote kernel:"
"\"PASS: \"\"family numerator is polynomial\"\n"
"From remote kernel:"
"\"PASS: \"\"family denominator is a Laurent monomial\"\n"
"From remote kernel:"
"\"PASS: \"\"family Laurent coefficients reconstruct\"\n"
"From remote kernel:"
"\"PASS: \"\"certificate original additive inventory\"\n"
"From remote kernel:"
"\"PASS: \"\"every original term reconstructs exactly\"\n"
"From remote kernel:"
"\"PASS: \"\"group partition covers each original term exactly once\"\n"
"From remote kernel:"
"\"PASS: \"\"every grouped numerator is its complete exact sum\"\n"
"From remote kernel:"
"\"PASS: \"\"native complete linear grouping identity\"\n"
"From remote kernel:"
"\"PASS: \"\"formal identity specializes to every original reconstructed term\"\n"
"From remote kernel:"
"\"PASS: \"\"formal identity specializes to every actual group\"\n"
"From remote kernel:"
"\"PASS: \"\"complete denominator-group reconstruction\"\n"
"From remote kernel:"
"\"GROUPED_MAP_INPUT \"\"component_22\"\" groups \"1\" bytes \"34044776\n"
"From remote kernel:"
"\"GROUPED_MAP_PIECE \"\"component_22\"\" \"1\"/\"1\" powers \"{0, 2, 2, 2, 2, 0}\n"
"From remote kernel:"
"\"PASS: \"\"every denominator group accepted\"\n"
"From remote kernel:"
"\"PASS: \"\"every merged group coefficient equals its full input sum\"\n"
"From remote kernel:"
"\"PASS: \"\"merge partition covers each original map term once\"\n"
"From remote kernel:"
"\"PASS: \"\"every grouped coefficient list is unchanged\"\n"
"From remote kernel:"
"\"PASS: \"\"native complete map linearity identity\"\n"
"From remote kernel:"
"\"PASS: \"\"formal identity specializes to every original map term\"\n"
"From remote kernel:"
"\"PASS: \"\"formal identity specializes to every complete integral group\"\n"
"From remote kernel:"
"\"PASS: \"\"complete merged key inventory\"\n"
"From remote kernel:"
"\"PASS: \"\"complete grouped cut-family map reconstructs input\"\n"
"From remote kernel:"
"\"PASS: \"\"both physical cuts remain to unit power in every grouped target\"\n"
"From remote kernel:"
"\"PASS: \"\"complete cut-family map reconstructs the input tensor\"\n"
"From remote kernel:"
"\"PASS: \"\"both physical cuts remain to unit power in every target\"\n"
"From remote kernel:"
"\"GROUPED_MAP_PIECE \"\"component_20\"\" \"13\"/\"14\" powers \"{0, 1, 0, 1, 2, 0}\n"
"From remote kernel:"
"\"PASS: \"\"every loop-dependent factor is a generated propagator\"\n"
"From remote kernel:"
"\"PASS: \"\"atom extraction leaves a polynomial numerator\"\n"
"From remote kernel:"
"\"PASS: \"\"every independent denominator set has a family\"\n"
"From remote kernel:"
"\"PASS: \"\"assigned original component exact identity\"\n"
"From remote kernel:"
"\"REAL_TARGET_MAP \"23\"/\"37\" \"<|\"Sector\" -> \"Real\", \"Kind\" -> \"ExtendedResponse\", \"Index\" -> {6, 1, 4}|>\" kernel \"3\n"
"From remote kernel:"
"\"PASS: \"\"complete additive input reconstruction\"\n"
"From remote kernel:"
"\"PASS: \"\"family numerator is polynomial\"\n"
"From remote kernel:"
"\"PASS: \"\"family denominator is a Laurent monomial\"\n"
"From remote kernel:"
"\"PASS: \"\"family Laurent coefficients reconstruct\"\n"
"From remote kernel:"
"\"PASS: \"\"every original term reconstructs exactly\"\n"
"From remote kernel:"
"\"PASS: \"\"group partition covers each original term exactly once\"\n"
"From remote kernel:"
"\"PASS: \"\"every grouped numerator is its complete exact sum\"\n"
"From remote kernel:"
"\"PASS: \"\"native complete linear grouping identity\"\n"
"From remote kernel:"
"\"PASS: \"\"formal identity specializes to every original reconstructed term\"\n"
"From remote kernel:"
"\"PASS: \"\"formal identity specializes to every actual group\"\n"
"From remote kernel:"
"\"PASS: \"\"complete denominator-group reconstruction\"\n"
"From remote kernel:"
"\"GROUPED_MAP_INPUT \"\"component_21\"\" groups \"1\" bytes \"53191000\n"
"From remote kernel:"
"\"GROUPED_MAP_PIECE \"\"component_21\"\" \"1\"/\"1\" powers \"{0, 1, 2, 2, 2, 0}\n"
"From remote kernel:"
"\"PASS: \"\"every denominator group accepted\"\n"
"From remote kernel:"
"\"PASS: \"\"every merged group coefficient equals its full input sum\"\n"
"From remote kernel:"
"\"PASS: \"\"merge partition covers each original map term once\"\n"
"From remote kernel:"
"\"PASS: \"\"every grouped coefficient list is unchanged\"\n"
"From remote kernel:"
"\"PASS: \"\"native complete map linearity identity\"\n"
"From remote kernel:"
"\"PASS: \"\"formal identity specializes to every original map term\"\n"
"From remote kernel:"
"\"PASS: \"\"formal identity specializes to every complete integral group\"\n"
"From remote kernel:"
"\"PASS: \"\"complete merged key inventory\"\n"
"From remote kernel:"
"\"PASS: \"\"complete grouped cut-family map reconstructs input\"\n"
"From remote kernel:"
"\"PASS: \"\"both physical cuts remain to unit power in every grouped target\"\n"
"From remote kernel:"
"\"PASS: \"\"assigned original component exact identity\"\n"
"From remote kernel:"
"\"REAL_TARGET_MAP \"24\"/\"37\" \"<|\"Sector\" -> \"Real\", \"Kind\" -> \"ExtendedResponse\", \"Index\" -> {6, 2, 4}|>\" kernel \"2\n"
"From remote kernel:"
"\"PASS: \"\"complete additive input reconstruction\"\n"
"From remote kernel:"
"\"PASS: \"\"complete cut-family map reconstructs the input tensor\"\n"
"From remote kernel:"
"\"PASS: \"\"both physical cuts remain to unit power in every target\"\n"
"From remote kernel:"
"\"GROUPED_MAP_PIECE \"\"component_20\"\" \"14\"/\"14\" powers \"{0, 1, 0, 2, 2, 0}\n"
"From remote kernel:"
"\"PASS: \"\"every loop-dependent factor is a generated propagator\"\n"
"From remote kernel:"
"\"PASS: \"\"atom extraction leaves a polynomial numerator\"\n"
"From remote kernel:"
"\"PASS: \"\"every independent denominator set has a family\"\n"
"From remote kernel:"
"\"PASS: \"\"family numerator is polynomial\"\n"
"From remote kernel:"
"\"PASS: \"\"family denominator is a Laurent monomial\"\n"
"From remote kernel:"
"\"PASS: \"\"family Laurent coefficients reconstruct\"\n"
"From remote kernel:"
"\"PASS: \"\"complete cut-family map reconstructs the input tensor\"\n"
"From remote kernel:"
"\"PASS: \"\"both physical cuts remain to unit power in every target\"\n"
"From remote kernel:"
"\"PASS: \"\"every denominator group accepted\"\n"
"From remote kernel:"
"\"PASS: \"\"every loop-dependent factor is a generated propagator\"\n"
"From remote kernel:"
"\"PASS: \"\"every merged group coefficient equals its full input sum\"\n"
"From remote kernel:"
"\"PASS: \"\"merge partition covers each original map term once\"\n"
"From remote kernel:"
"\"PASS: \"\"every grouped coefficient list is unchanged\"\n"
"From remote kernel:"
"\"PASS: \"\"native complete map linearity identity\"\n"
"From remote kernel:"
"\"PASS: \"\"formal identity specializes to every original map term\"\n"
"From remote kernel:"
"\"PASS: \"\"formal identity specializes to every complete integral group\"\n"
"From remote kernel:"
"\"PASS: \"\"complete merged key inventory\"\n"
"From remote kernel:"
"\"PASS: \"\"complete grouped cut-family map reconstructs input\"\n"
"From remote kernel:"
"\"PASS: \"\"both physical cuts remain to unit power in every grouped target\"\n"
"From remote kernel:"
"\"PASS: \"\"assigned original component exact identity\"\n"
"From remote kernel:"
"\"REAL_TARGET_MAP \"25\"/\"37\" \"<|\"Sector\" -> \"Real\", \"Kind\" -> \"ExtendedResponse\", \"Index\" -> {6, 3, 1}|>\" kernel \"4\n"
"From remote kernel:"
"\"PASS: \"\"complete additive input reconstruction\"\n"
"From remote kernel:"
"\"PASS: \"\"every loop-dependent factor is a generated propagator\"\n"
"From remote kernel:"
"\"PASS: \"\"atom extraction leaves a polynomial numerator\"\n"
"From remote kernel:"
"\"PASS: \"\"certificate original additive inventory\"\n"
"From remote kernel:"
"\"PASS: \"\"atom extraction leaves a polynomial numerator\"\n"
"From remote kernel:"
"\"PASS: \"\"every original term reconstructs exactly\"\n"
"From remote kernel:"
"\"PASS: \"\"group partition covers each original term exactly once\"\n"
"From remote kernel:"
"\"PASS: \"\"every grouped numerator is its complete exact sum\"\n"
"From remote kernel:"
"\"PASS: \"\"native complete linear grouping identity\"\n"
"From remote kernel:"
"\"PASS: \"\"formal identity specializes to every original reconstructed term\"\n"
"From remote kernel:"
"\"PASS: \"\"formal identity specializes to every actual group\"\n"
"From remote kernel:"
"\"PASS: \"\"complete denominator-group reconstruction\"\n"
"From remote kernel:"
"\"GROUPED_MAP_INPUT \"\"component_25\"\" groups \"13\" bytes \"67206632\n"
"From remote kernel:"
"\"GROUPED_MAP_PIECE \"\"component_25\"\" \"1\"/\"13\" powers \"{0, 1, 0, 0, 0, 0}\n"
"From remote kernel:"
"\"PASS: \"\"every loop-dependent factor is a generated propagator\"\n"
"From remote kernel:"
"\"PASS: \"\"atom extraction leaves a polynomial numerator\"\n"
"From remote kernel:"
"\"PASS: \"\"every independent denominator set has a family\"\n"
"From remote kernel:"
"\"PASS: \"\"family numerator is polynomial\"\n"
"From remote kernel:"
"\"PASS: \"\"family denominator is a Laurent monomial\"\n"
"From remote kernel:"
"\"PASS: \"\"family Laurent coefficients reconstruct\"\n"
"From remote kernel:"
"\"PASS: \"\"complete cut-family map reconstructs the input tensor\"\n"
"From remote kernel:"
"\"PASS: \"\"both physical cuts remain to unit power in every target\"\n"
"From remote kernel:"
"\"GROUPED_MAP_PIECE \"\"component_25\"\" \"2\"/\"13\" powers \"{0, 1, 0, 0, 1, 0}\n"
"From remote kernel:"
"\"PASS: \"\"every loop-dependent factor is a generated propagator\"\n"
"From remote kernel:"
"\"PASS: \"\"atom extraction leaves a polynomial numerator\"\n"
"From remote kernel:"
"\"PASS: \"\"every independent denominator set has a family\"\n"
"From remote kernel:"
"\"PASS: \"\"family numerator is polynomial\"\n"
"From remote kernel:"
"\"PASS: \"\"family denominator is a Laurent monomial\"\n"
"From remote kernel:"
"\"PASS: \"\"family Laurent coefficients reconstruct\"\n"
"From remote kernel:"
"\"PASS: \"\"every loop-dependent factor is a generated propagator\"\n"
"From remote kernel:"
"\"PASS: \"\"complete cut-family map reconstructs the input tensor\"\n"
"From remote kernel:"
"\"PASS: \"\"both physical cuts remain to unit power in every target\"\n"
"From remote kernel:"
"\"GROUPED_MAP_PIECE \"\"component_25\"\" \"3\"/\"13\" powers \"{0, 1, 0, 0, 2, 0}\n"
"From remote kernel:"
"\"PASS: \"\"every loop-dependent factor is a generated propagator\"\n"
"From remote kernel:"
"\"PASS: \"\"atom extraction leaves a polynomial numerator\"\n"
"From remote kernel:"
"\"PASS: \"\"every independent denominator set has a family\"\n"
"From remote kernel:"
"\"PASS: \"\"family numerator is polynomial\"\n"
"From remote kernel:"
"\"PASS: \"\"family denominator is a Laurent monomial\"\n"
"From remote kernel:"
"\"PASS: \"\"family Laurent coefficients reconstruct\"\n"
"From remote kernel:"
"\"PASS: \"\"complete cut-family map reconstructs the input tensor\"\n"
"From remote kernel:"
"\"PASS: \"\"both physical cuts remain to unit power in every target\"\n"
"From remote kernel:"
"\"GROUPED_MAP_PIECE \"\"component_25\"\" \"4\"/\"13\" powers \"{0, 1, 0, 1, 0, 0}\n"
"From remote kernel:"
"\"PASS: \"\"every loop-dependent factor is a generated propagator\"\n"
"From remote kernel:"
"\"PASS: \"\"atom extraction leaves a polynomial numerator\"\n"
"From remote kernel:"
"\"PASS: \"\"every independent denominator set has a family\"\n"
"From remote kernel:"
"\"PASS: \"\"family numerator is polynomial\"\n"
"From remote kernel:"
"\"PASS: \"\"family denominator is a Laurent monomial\"\n"
"From remote kernel:"
"\"PASS: \"\"family Laurent coefficients reconstruct\"\n"
"From remote kernel:"
"\"PASS: \"\"complete cut-family map reconstructs the input tensor\"\n"
"From remote kernel:"
"\"PASS: \"\"both physical cuts remain to unit power in every target\"\n"
"From remote kernel:"
"\"GROUPED_MAP_PIECE \"\"component_25\"\" \"5\"/\"13\" powers \"{0, 1, 1, 0, 0, 0}\n"
"From remote kernel:"
"\"PASS: \"\"every loop-dependent factor is a generated propagator\"\n"
"From remote kernel:"
"\"PASS: \"\"atom extraction leaves a polynomial numerator\"\n"
"From remote kernel:"
"\"PASS: \"\"every independent denominator set has a family\"\n"
"From remote kernel:"
"\"PASS: \"\"family numerator is polynomial\"\n"
"From remote kernel:"
"\"PASS: \"\"family denominator is a Laurent monomial\"\n"
"From remote kernel:"
"\"PASS: \"\"family Laurent coefficients reconstruct\"\n"
"From remote kernel:"
"\"PASS: \"\"complete cut-family map reconstructs the input tensor\"\n"
"From remote kernel:"
"\"PASS: \"\"both physical cuts remain to unit power in every target\"\n"
"From remote kernel:"
"\"GROUPED_MAP_PIECE \"\"component_25\"\" \"6\"/\"13\" powers \"{0, 1, 1, 0, 1, 0}\n"
"From remote kernel:"
"\"PASS: \"\"every loop-dependent factor is a generated propagator\"\n"
"From remote kernel:"
"\"PASS: \"\"atom extraction leaves a polynomial numerator\"\n"
"From remote kernel:"
"\"PASS: \"\"atom extraction leaves a polynomial numerator\"\n"
"From remote kernel:"
"\"PASS: \"\"every independent denominator set has a family\"\n"
"From remote kernel:"
"\"PASS: \"\"family numerator is polynomial\"\n"
"From remote kernel:"
"\"PASS: \"\"family denominator is a Laurent monomial\"\n"
"From remote kernel:"
"\"PASS: \"\"family Laurent coefficients reconstruct\"\n"
"From remote kernel:"
"\"PASS: \"\"complete cut-family map reconstructs the input tensor\"\n"
"From remote kernel:"
"\"PASS: \"\"both physical cuts remain to unit power in every target\"\n"
"From remote kernel:"
"\"GROUPED_MAP_PIECE \"\"component_25\"\" \"7\"/\"13\" powers \"{0, 1, 0, 1, 1, 0}\n"
"From remote kernel:"
"\"PASS: \"\"every loop-dependent factor is a generated propagator\"\n"
"From remote kernel:"
"\"PASS: \"\"atom extraction leaves a polynomial numerator\"\n"
"From remote kernel:"
"\"PASS: \"\"every independent denominator set has a family\"\n"
"From remote kernel:"
"\"PASS: \"\"family numerator is polynomial\"\n"
"From remote kernel:"
"\"PASS: \"\"family denominator is a Laurent monomial\"\n"
"From remote kernel:"
"\"PASS: \"\"family Laurent coefficients reconstruct\"\n"
"From remote kernel:"
"\"PASS: \"\"certificate original additive inventory\"\n"
"From remote kernel:"
"\"PASS: \"\"complete cut-family map reconstructs the input tensor\"\n"
"From remote kernel:"
"\"PASS: \"\"both physical cuts remain to unit power in every target\"\n"
"From remote kernel:"
"\"GROUPED_MAP_PIECE \"\"component_25\"\" \"8\"/\"13\" powers \"{0, 1, 2, 0, 0, 0}\n"
"From remote kernel:"
"\"PASS: \"\"every loop-dependent factor is a generated propagator\"\n"
"From remote kernel:"
"\"PASS: \"\"atom extraction leaves a polynomial numerator\"\n"
"From remote kernel:"
"\"PASS: \"\"every independent denominator set has a family\"\n"
"From remote kernel:"
"\"PASS: \"\"family numerator is polynomial\"\n"
"From remote kernel:"
"\"PASS: \"\"family denominator is a Laurent monomial\"\n"
"From remote kernel:"
"\"PASS: \"\"family Laurent coefficients reconstruct\"\n"
"From remote kernel:"
"\"PASS: \"\"complete cut-family map reconstructs the input tensor\"\n"
"From remote kernel:"
"\"PASS: \"\"both physical cuts remain to unit power in every target\"\n"
"From remote kernel:"
"\"GROUPED_MAP_PIECE \"\"component_25\"\" \"9\"/\"13\" powers \"{0, 1, 1, 1, 0, 0}\n"
"From remote kernel:"
"\"PASS: \"\"every loop-dependent factor is a generated propagator\"\n"
"From remote kernel:"
"\"PASS: \"\"atom extraction leaves a polynomial numerator\"\n"
"From remote kernel:"
"\"PASS: \"\"every independent denominator set has a family\"\n"
"From remote kernel:"
"\"PASS: \"\"family numerator is polynomial\"\n"
"From remote kernel:"
"\"PASS: \"\"family denominator is a Laurent monomial\"\n"
"From remote kernel:"
"\"PASS: \"\"family Laurent coefficients reconstruct\"\n"
"From remote kernel:"
"\"PASS: \"\"complete cut-family map reconstructs the input tensor\"\n"
"From remote kernel:"
"\"PASS: \"\"both physical cuts remain to unit power in every target\"\n"
"From remote kernel:"
"\"GROUPED_MAP_PIECE \"\"component_25\"\" \"10\"/\"13\" powers \"{0, 1, 1, 1, 1, 0}\n"
"From remote kernel:"
"\"PASS: \"\"every loop-dependent factor is a generated propagator\"\n"
"From remote kernel:"
"\"PASS: \"\"atom extraction leaves a polynomial numerator\"\n"
"From remote kernel:"
"\"PASS: \"\"every independent denominator set has a family\"\n"
"From remote kernel:"
"\"PASS: \"\"family numerator is polynomial\"\n"
"From remote kernel:"
"\"PASS: \"\"family denominator is a Laurent monomial\"\n"
"From remote kernel:"
"\"PASS: \"\"family Laurent coefficients reconstruct\"\n"
"From remote kernel:"
"\"PASS: \"\"certificate original additive inventory\"\n"
"From remote kernel:"
"\"PASS: \"\"every original term reconstructs exactly\"\n"
"From remote kernel:"
"\"PASS: \"\"group partition covers each original term exactly once\"\n"
"From remote kernel:"
"\"PASS: \"\"every grouped numerator is its complete exact sum\"\n"
"From remote kernel:"
"\"PASS: \"\"native complete linear grouping identity\"\n"
"From remote kernel:"
"\"PASS: \"\"formal identity specializes to every original reconstructed term\"\n"
"From remote kernel:"
"\"PASS: \"\"formal identity specializes to every actual group\"\n"
"From remote kernel:"
"\"PASS: \"\"complete denominator-group reconstruction\"\n"
"From remote kernel:"
"\"GROUPED_MAP_INPUT \"\"component_23\"\" groups \"1\" bytes \"308426360\n"
"From remote kernel:"
"\"GROUPED_MAP_PIECE \"\"component_23\"\" \"1\"/\"1\" powers \"{0, 2, 2, 2, 2, 0}\n"
"From remote kernel:"
"\"PASS: \"\"every denominator group accepted\"\n"
"From remote kernel:"
"\"PASS: \"\"every merged group coefficient equals its full input sum\"\n"
"From remote kernel:"
"\"PASS: \"\"merge partition covers each original map term once\"\n"
"From remote kernel:"
"\"PASS: \"\"every grouped coefficient list is unchanged\"\n"
"From remote kernel:"
"\"PASS: \"\"native complete map linearity identity\"\n"
"From remote kernel:"
"\"PASS: \"\"formal identity specializes to every original map term\"\n"
"From remote kernel:"
"\"PASS: \"\"formal identity specializes to every complete integral group\"\n"
"From remote kernel:"
"\"PASS: \"\"complete merged key inventory\"\n"
"From remote kernel:"
"\"PASS: \"\"complete grouped cut-family map reconstructs input\"\n"
"From remote kernel:"
"\"PASS: \"\"both physical cuts remain to unit power in every grouped target\"\n"
"From remote kernel:"
"\"PASS: \"\"assigned original component exact identity\"\n"
"From remote kernel:"
"\"REAL_TARGET_MAP \"26\"/\"37\" \"<|\"Sector\" -> \"Real\", \"Kind\" -> \"ExtendedResponse\", \"Index\" -> {6, 4, 1}|>\" kernel \"3\n"
"From remote kernel:"
"\"PASS: \"\"complete additive input reconstruction\"\n"
"From remote kernel:"
"\"PASS: \"\"every loop-dependent factor is a generated propagator\"\n"
"From remote kernel:"
"\"PASS: \"\"atom extraction leaves a polynomial numerator\"\n"
"From remote kernel:"
"\"PASS: \"\"certificate original additive inventory\"\n"
"From remote kernel:"
"\"PASS: \"\"every original term reconstructs exactly\"\n"
"From remote kernel:"
"\"PASS: \"\"group partition covers each original term exactly once\"\n"
"From remote kernel:"
"\"PASS: \"\"every grouped numerator is its complete exact sum\"\n"
"From remote kernel:"
"\"PASS: \"\"native complete linear grouping identity\"\n"
"From remote kernel:"
"\"PASS: \"\"formal identity specializes to every original reconstructed term\"\n"
"From remote kernel:"
"\"PASS: \"\"formal identity specializes to every actual group\"\n"
"From remote kernel:"
"\"PASS: \"\"complete denominator-group reconstruction\"\n"
"From remote kernel:"
"\"GROUPED_MAP_INPUT \"\"component_24\"\" groups \"1\" bytes \"317607688\n"
"From remote kernel:"
"\"GROUPED_MAP_PIECE \"\"component_24\"\" \"1\"/\"1\" powers \"{0, 2, 2, 2, 2, 0}\n"
"From remote kernel:"
"\"PASS: \"\"every denominator group accepted\"\n"
"From remote kernel:"
"\"PASS: \"\"every merged group coefficient equals its full input sum\"\n"
"From remote kernel:"
"\"PASS: \"\"merge partition covers each original map term once\"\n"
"From remote kernel:"
"\"PASS: \"\"every grouped coefficient list is unchanged\"\n"
"From remote kernel:"
"\"PASS: \"\"native complete map linearity identity\"\n"
"From remote kernel:"
"\"PASS: \"\"formal identity specializes to every original map term\"\n"
"From remote kernel:"
"\"PASS: \"\"formal identity specializes to every complete integral group\"\n"
"From remote kernel:"
"\"PASS: \"\"complete merged key inventory\"\n"
"From remote kernel:"
"\"PASS: \"\"complete grouped cut-family map reconstructs input\"\n"
"From remote kernel:"
"\"PASS: \"\"both physical cuts remain to unit power in every grouped target\"\n"
"From remote kernel:"
"\"PASS: \"\"assigned original component exact identity\"\n"
"From remote kernel:"
"\"REAL_TARGET_MAP \"27\"/\"37\" \"<|\"Sector\" -> \"Real\", \"Kind\" -> \"ExtendedResponse\", \"Index\" -> {6, 5, 4}|>\" kernel \"2\n"
"From remote kernel:"
"\"PASS: \"\"complete additive input reconstruction\"\n"
"From remote kernel:"
"\"PASS: \"\"every original term reconstructs exactly\"\n"
"From remote kernel:"
"\"PASS: \"\"group partition covers each original term exactly once\"\n"
"From remote kernel:"
"\"PASS: \"\"every grouped numerator is its complete exact sum\"\n"
"From remote kernel:"
"\"PASS: \"\"native complete linear grouping identity\"\n"
"From remote kernel:"
"\"PASS: \"\"formal identity specializes to every original reconstructed term\"\n"
"From remote kernel:"
"\"PASS: \"\"formal identity specializes to every actual group\"\n"
"From remote kernel:"
"\"PASS: \"\"complete denominator-group reconstruction\"\n"
"From remote kernel:"
"\"GROUPED_MAP_INPUT \"\"component_26\"\" groups \"1\" bytes \"83845304\n"
"From remote kernel:"
"\"GROUPED_MAP_PIECE \"\"component_26\"\" \"1\"/\"1\" powers \"{0, 1, 2, 2, 2, 0}\n"
"From remote kernel:"
"\"PASS: \"\"every denominator group accepted\"\n"
"From remote kernel:"
"\"PASS: \"\"every merged group coefficient equals its full input sum\"\n"
"From remote kernel:"
"\"PASS: \"\"merge partition covers each original map term once\"\n"
"From remote kernel:"
"\"PASS: \"\"every grouped coefficient list is unchanged\"\n"
"From remote kernel:"
"\"PASS: \"\"native complete map linearity identity\"\n"
"From remote kernel:"
"\"PASS: \"\"formal identity specializes to every original map term\"\n"
"From remote kernel:"
"\"PASS: \"\"formal identity specializes to every complete integral group\"\n"
"From remote kernel:"
"\"PASS: \"\"complete merged key inventory\"\n"
"From remote kernel:"
"\"PASS: \"\"complete grouped cut-family map reconstructs input\"\n"
"From remote kernel:"
"\"PASS: \"\"both physical cuts remain to unit power in every grouped target\"\n"
"From remote kernel:"
"\"PASS: \"\"assigned original component exact identity\"\n"
"From remote kernel:"
"\"REAL_TARGET_MAP \"28\"/\"37\" \"<|\"Sector\" -> \"Real\", \"Kind\" -> \"ExtendedResponse\", \"Index\" -> {7, 3, 4}|>\" kernel \"3\n"
"From remote kernel:"
"\"PASS: \"\"complete additive input reconstruction\"\n"
"From remote kernel:"
"\"PASS: \"\"every loop-dependent factor is a generated propagator\"\n"
"From remote kernel:"
"\"PASS: \"\"atom extraction leaves a polynomial numerator\"\n"
"From remote kernel:"
"\"PASS: \"\"certificate original additive inventory\"\n"
"From remote kernel:"
"\"PASS: \"\"every loop-dependent factor is a generated propagator\"\n"
"From remote kernel:"
"\"PASS: \"\"complete cut-family map reconstructs the input tensor\"\n"
"From remote kernel:"
"\"PASS: \"\"both physical cuts remain to unit power in every target\"\n"
"From remote kernel:"
"\"GROUPED_MAP_PIECE \"\"component_25\"\" \"11\"/\"13\" powers \"{0, 1, 0, 1, 2, 0}\n"
"From remote kernel:"
"\"PASS: \"\"atom extraction leaves a polynomial numerator\"\n"
"From remote kernel:"
"\"PASS: \"\"every loop-dependent factor is a generated propagator\"\n"
"From remote kernel:"
"\"PASS: \"\"atom extraction leaves a polynomial numerator\"\n"
"From remote kernel:"
"\"PASS: \"\"every independent denominator set has a family\"\n"
"From remote kernel:"
"\"PASS: \"\"family numerator is polynomial\"\n"
"From remote kernel:"
"\"PASS: \"\"family denominator is a Laurent monomial\"\n"
"From remote kernel:"
"\"PASS: \"\"family Laurent coefficients reconstruct\"\n"
"From remote kernel:"
"\"PASS: \"\"certificate original additive inventory\"\n"
"From remote kernel:"
"\"PASS: \"\"every original term reconstructs exactly\"\n"
"From remote kernel:"
"\"PASS: \"\"group partition covers each original term exactly once\"\n"
"From remote kernel:"
"\"PASS: \"\"every grouped numerator is its complete exact sum\"\n"
"From remote kernel:"
"\"PASS: \"\"native complete linear grouping identity\"\n"
"From remote kernel:"
"\"PASS: \"\"formal identity specializes to every original reconstructed term\"\n"
"From remote kernel:"
"\"PASS: \"\"formal identity specializes to every actual group\"\n"
"From remote kernel:"
"\"PASS: \"\"complete denominator-group reconstruction\"\n"
"From remote kernel:"
"\"GROUPED_MAP_INPUT \"\"component_27\"\" groups \"1\" bytes \"64413656\n"
"From remote kernel:"
"\"GROUPED_MAP_PIECE \"\"component_27\"\" \"1\"/\"1\" powers \"{0, 2, 2, 2, 2, 0}\n"
"From remote kernel:"
"\"PASS: \"\"every denominator group accepted\"\n"
"From remote kernel:"
"\"PASS: \"\"every merged group coefficient equals its full input sum\"\n"
"From remote kernel:"
"\"PASS: \"\"merge partition covers each original map term once\"\n"
"From remote kernel:"
"\"PASS: \"\"every grouped coefficient list is unchanged\"\n"
"From remote kernel:"
"\"PASS: \"\"native complete map linearity identity\"\n"
"From remote kernel:"
"\"PASS: \"\"formal identity specializes to every original map term\"\n"
"From remote kernel:"
"\"PASS: \"\"formal identity specializes to every complete integral group\"\n"
"From remote kernel:"
"\"PASS: \"\"complete merged key inventory\"\n"
"From remote kernel:"
"\"PASS: \"\"complete grouped cut-family map reconstructs input\"\n"
"From remote kernel:"
"\"PASS: \"\"both physical cuts remain to unit power in every grouped target\"\n"
"From remote kernel:"
"\"PASS: \"\"assigned original component exact identity\"\n"
"From remote kernel:"
"\"REAL_TARGET_MAP \"29\"/\"37\" \"<|\"Sector\" -> \"Real\", \"Kind\" -> \"ExtendedResponse\", \"Index\" -> {8, 1, 4}|>\" kernel \"2\n"
"From remote kernel:"
"\"PASS: \"\"complete additive input reconstruction\"\n"
"From remote kernel:"
"\"PASS: \"\"every original term reconstructs exactly\"\n"
"From remote kernel:"
"\"PASS: \"\"group partition covers each original term exactly once\"\n"
"From remote kernel:"
"\"PASS: \"\"every grouped numerator is its complete exact sum\"\n"
"From remote kernel:"
"\"PASS: \"\"native complete linear grouping identity\"\n"
"From remote kernel:"
"\"PASS: \"\"formal identity specializes to every original reconstructed term\"\n"
"From remote kernel:"
"\"PASS: \"\"formal identity specializes to every actual group\"\n"
"From remote kernel:"
"\"PASS: \"\"complete denominator-group reconstruction\"\n"
"From remote kernel:"
"\"GROUPED_MAP_INPUT \"\"component_28\"\" groups \"1\" bytes \"130671432\n"
"From remote kernel:"
"\"GROUPED_MAP_PIECE \"\"component_28\"\" \"1\"/\"1\" powers \"{0, 2, 2, 2, 2, 0}\n"
"From remote kernel:"
"\"PASS: \"\"every loop-dependent factor is a generated propagator\"\n"
"From remote kernel:"
"\"PASS: \"\"atom extraction leaves a polynomial numerator\"\n"
"From remote kernel:"
"\"PASS: \"\"nonzero affine relation for dependent propagators\"\n"
"From remote kernel:"
"\"PASS: \"\"relation constant is independent of loop coordinates\"\n"
"From remote kernel:"
"\"PASS: \"\"every independent denominator set has a family\"\n"
"From remote kernel:"
"\"PASS: \"\"family numerator is polynomial\"\n"
"From remote kernel:"
"\"PASS: \"\"family denominator is a Laurent monomial\"\n"
"From remote kernel:"
"\"PASS: \"\"family Laurent coefficients reconstruct\"\n"
"From remote kernel:"
"\"PASS: \"\"complete cut-family map reconstructs the input tensor\"\n"
"From remote kernel:"
"\"PASS: \"\"both physical cuts remain to unit power in every target\"\n"
"From remote kernel:"
"\"GROUPED_MAP_PIECE \"\"component_25\"\" \"12\"/\"13\" powers \"{0, 1, 0, 2, 1, 0}\n"
"From remote kernel:"
"\"PASS: \"\"every loop-dependent factor is a generated propagator\"\n"
"From remote kernel:"
"\"PASS: \"\"atom extraction leaves a polynomial numerator\"\n"
"From remote kernel:"
"\"PASS: \"\"every independent denominator set has a family\"\n"
"From remote kernel:"
"\"PASS: \"\"family numerator is polynomial\"\n"
"From remote kernel:"
"\"PASS: \"\"family denominator is a Laurent monomial\"\n"
"From remote kernel:"
"\"PASS: \"\"family Laurent coefficients reconstruct\"\n"
"From remote kernel:"
"\"PASS: \"\"every loop-dependent factor is a generated propagator\"\n"
"From remote kernel:"
"\"PASS: \"\"atom extraction leaves a polynomial numerator\"\n"
"From remote kernel:"
"\"PASS: \"\"certificate original additive inventory\"\n"
"From remote kernel:"
"\"PASS: \"\"complete cut-family map reconstructs the input tensor\"\n"
"From remote kernel:"
"\"PASS: \"\"both physical cuts remain to unit power in every target\"\n"
"From remote kernel:"
"\"GROUPED_MAP_PIECE \"\"component_25\"\" \"13\"/\"13\" powers \"{0, 1, 0, 2, 2, 0}\n"
"From remote kernel:"
"\"PASS: \"\"every loop-dependent factor is a generated propagator\"\n"
"From remote kernel:"
"\"PASS: \"\"atom extraction leaves a polynomial numerator\"\n"
"From remote kernel:"
"\"PASS: \"\"every independent denominator set has a family\"\n"
"From remote kernel:"
"\"PASS: \"\"every original term reconstructs exactly\"\n"
"From remote kernel:"
"\"PASS: \"\"group partition covers each original term exactly once\"\n"
"From remote kernel:"
"\"PASS: \"\"every grouped numerator is its complete exact sum\"\n"
"From remote kernel:"
"\"PASS: \"\"native complete linear grouping identity\"\n"
"From remote kernel:"
"\"PASS: \"\"formal identity specializes to every original reconstructed term\"\n"
"From remote kernel:"
"\"PASS: \"\"formal identity specializes to every actual group\"\n"
"From remote kernel:"
"\"PASS: \"\"complete denominator-group reconstruction\"\n"
"From remote kernel:"
"\"GROUPED_MAP_INPUT \"\"component_29\"\" groups \"1\" bytes \"192518184\n"
"From remote kernel:"
"\"GROUPED_MAP_PIECE \"\"component_29\"\" \"1\"/\"1\" powers \"{0, 2, 2, 2, 2, 0}\n"
"From remote kernel:"
"\"PASS: \"\"family numerator is polynomial\"\n"
"From remote kernel:"
"\"PASS: \"\"family denominator is a Laurent monomial\"\n"
"From remote kernel:"
"\"PASS: \"\"every loop-dependent factor is a generated propagator\"\n"
"From remote kernel:"
"\"PASS: \"\"family Laurent coefficients reconstruct\"\n"
"From remote kernel:"
"\"PASS: \"\"atom extraction leaves a polynomial numerator\"\n"
"From remote kernel:"
"\"PASS: \"\"nonzero affine relation for dependent propagators\"\n"
"From remote kernel:"
"\"PASS: \"\"relation constant is independent of loop coordinates\"\n"
"From remote kernel:"
"\"PASS: \"\"every independent denominator set has a family\"\n"
"From remote kernel:"
"\"PASS: \"\"family numerator is polynomial\"\n"
"From remote kernel:"
"\"PASS: \"\"family denominator is a Laurent monomial\"\n"
"From remote kernel:"
"\"PASS: \"\"complete cut-family map reconstructs the input tensor\"\n"
"From remote kernel:"
"\"PASS: \"\"both physical cuts remain to unit power in every target\"\n"
"From remote kernel:"
"\"PASS: \"\"every denominator group accepted\"\n"
"From remote kernel:"
"\"PASS: \"\"family Laurent coefficients reconstruct\"\n"
"From remote kernel:"
"\"PASS: \"\"every merged group coefficient equals its full input sum\"\n"
"From remote kernel:"
"\"PASS: \"\"merge partition covers each original map term once\"\n"
"From remote kernel:"
"\"PASS: \"\"every grouped coefficient list is unchanged\"\n"
"From remote kernel:"
"\"PASS: \"\"native complete map linearity identity\"\n"
"From remote kernel:"
"\"PASS: \"\"formal identity specializes to every original map term\"\n"
"From remote kernel:"
"\"PASS: \"\"formal identity specializes to every complete integral group\"\n"
"From remote kernel:"
"\"PASS: \"\"complete merged key inventory\"\n"
"From remote kernel:"
"\"PASS: \"\"complete grouped cut-family map reconstructs input\"\n"
"From remote kernel:"
"\"PASS: \"\"both physical cuts remain to unit power in every grouped target\"\n"
"From remote kernel:"
"\"PASS: \"\"assigned original component exact identity\"\n"
"From remote kernel:"
"\"REAL_TARGET_MAP \"30\"/\"37\" \"<|\"Sector\" -> \"Real\", \"Kind\" -> \"ExtendedResponse\", \"Index\" -> {8, 2, 4}|>\" kernel \"4\n"
"From remote kernel:"
"\"PASS: \"\"complete additive input reconstruction\"\n"
"From remote kernel:"
"\"FAIL: \"\"time bound {\\\"complete raw cut mapping\\\", 17}\"\n"
"From remote kernel:"
"\"PASS: \"\"assigned original component exact identity\"\n"
"From remote kernel:"
"\"REAL_TARGET_MAP \"31\"/\"37\" \"<|\"Sector\" -> \"Real\", \"Kind\" -> \"ExtendedResponse\", \"Index\" -> {8, 4, 1}|>\" kernel \"1\n"
"From remote kernel:"
"\"PASS: \"\"complete additive input reconstruction\"\n"
"From remote kernel:"
"\"PASS: \"\"every loop-dependent factor is a generated propagator\"\n"
"From remote kernel:"
"\"PASS: \"\"atom extraction leaves a polynomial numerator\"\n"
"From remote kernel:"
"\"PASS: \"\"every loop-dependent factor is a generated propagator\"\n"
"From remote kernel:"
"\"PASS: \"\"atom extraction leaves a polynomial numerator\"\n"
"From remote kernel:"
"\"PASS: \"\"certificate original additive inventory\"\n"
"From remote kernel:"
"\"PASS: \"\"every original term reconstructs exactly\"\n"
"From remote kernel:"
"\"PASS: \"\"group partition covers each original term exactly once\"\n"
"From remote kernel:"
"\"PASS: \"\"every grouped numerator is its complete exact sum\"\n"
"From remote kernel:"
"\"PASS: \"\"native complete linear grouping identity\"\n"
"From remote kernel:"
"\"PASS: \"\"formal identity specializes to every original reconstructed term\"\n"
"From remote kernel:"
"\"PASS: \"\"formal identity specializes to every actual group\"\n"
"From remote kernel:"
"\"PASS: \"\"complete denominator-group reconstruction\"\n"
"From remote kernel:"
"\"GROUPED_MAP_INPUT \"\"component_31\"\" groups \"1\" bytes \"53191080\n"
"From remote kernel:"
"\"GROUPED_MAP_PIECE \"\"component_31\"\" \"1\"/\"1\" powers \"{0, 1, 2, 2, 2, 0}\n"
"From remote kernel:"
"\"PASS: \"\"every loop-dependent factor is a generated propagator\"\n"
"From remote kernel:"
"\"PASS: \"\"atom extraction leaves a polynomial numerator\"\n"
"From remote kernel:"
"\"PASS: \"\"nonzero affine relation for dependent propagators\"\n"
"From remote kernel:"
"\"PASS: \"\"relation constant is independent of loop coordinates\"\n"
"From remote kernel:"
"\"PASS: \"\"every independent denominator set has a family\"\n"
"From remote kernel:"
"\"PASS: \"\"family numerator is polynomial\"\n"
"From remote kernel:"
"\"PASS: \"\"family denominator is a Laurent monomial\"\n"
"From remote kernel:"
"\"PASS: \"\"family Laurent coefficients reconstruct\"\n"
"From remote kernel:"
"\"PASS: \"\"certificate original additive inventory\"\n"
"From remote kernel:"
"\"PASS: \"\"every original term reconstructs exactly\"\n"
"From remote kernel:"
"\"PASS: \"\"group partition covers each original term exactly once\"\n"
"From remote kernel:"
"\"PASS: \"\"every grouped numerator is its complete exact sum\"\n"
"From remote kernel:"
"\"PASS: \"\"native complete linear grouping identity\"\n"
"From remote kernel:"
"\"PASS: \"\"formal identity specializes to every original reconstructed term\"\n"
"From remote kernel:"
"\"PASS: \"\"formal identity specializes to every actual group\"\n"
"From remote kernel:"
"\"PASS: \"\"complete denominator-group reconstruction\"\n"
"From remote kernel:"
"\"GROUPED_MAP_INPUT \"\"component_30\"\" groups \"1\" bytes \"211389800\n"
"From remote kernel:"
"\"GROUPED_MAP_PIECE \"\"component_30\"\" \"1\"/\"1\" powers \"{0, 2, 2, 2, 2, 0}\n"
"From remote kernel:"
"\"PASS: \"\"every loop-dependent factor is a generated propagator\"\n"
"From remote kernel:"
"\"PASS: \"\"atom extraction leaves a polynomial numerator\"\n"
"From remote kernel:"
"\"PASS: \"\"nonzero affine relation for dependent propagators\"\n"
"From remote kernel:"
"\"PASS: \"\"relation constant is independent of loop coordinates\"\n"
"From remote kernel:"
"\"PASS: \"\"every independent denominator set has a family\"\n"
"From remote kernel:"
"\"PASS: \"\"family numerator is polynomial\"\n"
"From remote kernel:"
"\"PASS: \"\"family denominator is a Laurent monomial\"\n"
