Style["Loading FeynCalc from /home/physics/.WolframEngine/Applications/FeynCalc/", "Text"]
$PrePrint is set to FeynCalcForm. Use FI and FC to change the display format.
Style["FeynCalc ", "Text", Bold]Style["10.2.1 (stable version). For help, use the ", "Text"]Style[DisplayForm[ButtonBox["online documentation,", ButtonData :> {URL["https://feyncalc.github.io/referenceDev"], None}, BaseStyle -> "Hyperlink", ButtonNote -> "https://feyncalc.github.io/referenceDev"]], "Text"]Style[" visit the ", "Text"]Style[DisplayForm[ButtonBox["forum", ButtonData :> {URL["https://github.com/FeynCalc/feyncalc/discussions"], None}, BaseStyle -> "Hyperlink", ButtonNote -> "https://github.com/FeynCalc/feyncalc/discussions/"]], "Text"]Style[" and have a look at the supplied ", "Text"]Style[DisplayForm[ButtonBox["examples.", BaseStyle -> "Hyperlink", ButtonFunction :> SystemOpen[FileNameJoin[{$FeynCalcDirectory, "Examples"}]], Evaluator -> Automatic, Method -> "Preemptive"]], "Text"]Style[" The PDF-version of the manual can be downloaded ", "Text"]Style[DisplayForm[ButtonBox["here.", ButtonData :> {URL["https://github.com/FeynCalc/feyncalc-manual/releases/download/dev-manual/FeynCalcManual.pdf"], None}, BaseStyle -> "Hyperlink", ButtonNote -> "https://github.com/FeynCalc/feyncalc-manual/releases/download/dev-manual/FeynCalcManual.pdf"]], "Text"]
Style["If you use FeynCalc in your research, please evaluate FeynCalcHowToCite[] to learn how to cite this software.", "Text"]
Style["Please keep in mind that the proper academic attribution of our work is crucial to ensure the future development of this package!", {"Text", Italic}]
"S12_STAGE: loading and validating compact S11 input"
"S12_STAGE: validating the S10/S09/S9.5 coefficient caches"
"S12_STAGE: validating the physical Eq. (46) delta roots"
"S12_STAGE: constructing the four physically mapped counterterms"
"S12_STAGE: series Pg mapped counterterm Endpoint through epsilon^1"
"S12_STAGE: series Pg mapped counterterm IntegrandPhiS through epsilon^1"
"S12_STAGE: series Pg mapped counterterm IntegrandPhi0 through epsilon^1"
"S12_STAGE: series PPP mapped counterterm Endpoint through epsilon^1"
"S12_STAGE: series PPP mapped counterterm IntegrandPhiS through epsilon^1"
"S12_STAGE: series PPP mapped counterterm IntegrandPhi0 through epsilon^1"
"S12_STAGE: termwise S10 real reconstruction for Pg"
"S12_STAGE: loading cached regular coefficients for Hqq;gg Pg"
"S12_STAGE: loading cached endpoint coefficients for Hqq;gg Pg"
"S12_STAGE: loading cached stronger-pole coefficients for Hqq;gg Pg"
"S12_STAGE: loading cached alpha=2 remainder for Hqq;gg Pg"
"S12_TERM_RESUME: Hqq;q_qbar_sameFlavor Pg regular remainder completed=56/56 missing=0"
"S12_MEMORY_ESTIMATE: Hqq;q_qbar_sameFlavor Pg regular remainder measuredPeakGiB=1.05 admittedEstimateGiB=1.05"
"S12_TERM_AGGREGATE: streaming 56 saved parts for Hqq;q_qbar_sameFlavor Pg regular remainder"
"S12_TERM_CACHE_INVALID: deleting mismatched part /home/physics/projects/AI_Assisted_SIDIS/scripts/Hqq/s12_cache_v4_term_parts/Hqq_q_qbar_sameFlavor/pg/endpoint_finite/term_0002"
"S12_TERM_CACHE_INVALID: deleting mismatched part /home/physics/projects/AI_Assisted_SIDIS/scripts/Hqq/s12_cache_v4_term_parts/Hqq_q_qbar_sameFlavor/pg/endpoint_finite/term_0005"
"S12_TERM_CACHE_INVALID: deleting mismatched part /home/physics/projects/AI_Assisted_SIDIS/scripts/Hqq/s12_cache_v4_term_parts/Hqq_q_qbar_sameFlavor/pg/endpoint_finite/term_0006"
"S12_TERM_CACHE_INVALID: deleting mismatched part /home/physics/projects/AI_Assisted_SIDIS/scripts/Hqq/s12_cache_v4_term_parts/Hqq_q_qbar_sameFlavor/pg/endpoint_finite/term_0007"
"S12_TERM_CACHE_INVALID: deleting mismatched part /home/physics/projects/AI_Assisted_SIDIS/scripts/Hqq/s12_cache_v4_term_parts/Hqq_q_qbar_sameFlavor/pg/endpoint_finite/term_0008"
"S12_TERM_CACHE_INVALID: deleting mismatched part /home/physics/projects/AI_Assisted_SIDIS/scripts/Hqq/s12_cache_v4_term_parts/Hqq_q_qbar_sameFlavor/pg/endpoint_finite/term_0009"
"S12_TERM_CACHE_INVALID: deleting mismatched part /home/physics/projects/AI_Assisted_SIDIS/scripts/Hqq/s12_cache_v4_term_parts/Hqq_q_qbar_sameFlavor/pg/endpoint_finite/term_0010"
"S12_TERM_CACHE_INVALID: deleting mismatched part /home/physics/projects/AI_Assisted_SIDIS/scripts/Hqq/s12_cache_v4_term_parts/Hqq_q_qbar_sameFlavor/pg/endpoint_finite/term_0012"
"S12_TERM_CACHE_INVALID: deleting mismatched part /home/physics/projects/AI_Assisted_SIDIS/scripts/Hqq/s12_cache_v4_term_parts/Hqq_q_qbar_sameFlavor/pg/endpoint_finite/term_0013"
"S12_TERM_CACHE_INVALID: deleting mismatched part /home/physics/projects/AI_Assisted_SIDIS/scripts/Hqq/s12_cache_v4_term_parts/Hqq_q_qbar_sameFlavor/pg/endpoint_finite/term_0014"
"S12_TERM_CACHE_INVALID: deleting mismatched part /home/physics/projects/AI_Assisted_SIDIS/scripts/Hqq/s12_cache_v4_term_parts/Hqq_q_qbar_sameFlavor/pg/endpoint_finite/term_0021"
"S12_TERM_CACHE_INVALID: deleting mismatched part /home/physics/projects/AI_Assisted_SIDIS/scripts/Hqq/s12_cache_v4_term_parts/Hqq_q_qbar_sameFlavor/pg/endpoint_finite/term_0025"
"S12_TERM_CACHE_INVALID: deleting mismatched part /home/physics/projects/AI_Assisted_SIDIS/scripts/Hqq/s12_cache_v4_term_parts/Hqq_q_qbar_sameFlavor/pg/endpoint_finite/term_0044"
"S12_TERM_RESUME: Hqq;q_qbar_sameFlavor Pg endpoint finite coefficients completed=39/56 missing=17"
"S12_MEMORY_ESTIMATE: Hqq;q_qbar_sameFlavor Pg endpoint finite coefficients measuredPeakGiB=0.198 admittedEstimateGiB=1.00"
"S12_PARALLEL_KERNELS: reason=Hqq;q_qbar_sameFlavor Pg endpoint finite coefficients count=2 IDs={1, 2}"
"S12_TERM_STAGE: Hqq;q_qbar_sameFlavor Pg endpoint finite coefficients positions={17, 12, 25, 9, 10, 44, 14, 13}/56 active=2 launched=2 availableGiB=12.2 workerLimitGiB=1.55 epoch=8 isolatedLarge=False"
"S12_TERM_CHECKPOINT: Hqq;q_qbar_sameFlavor Pg endpoint finite coefficients position 12/56"
"S12_MEMORY_STAGE: closing bounded workers after Hqq;q_qbar_sameFlavor Pg endpoint finite coefficients positions {17, 12}"
"S12_PARALLEL_KERNELS: reason=recycle after Hqq;q_qbar_sameFlavor Pg endpoint finite coefficients positions {17, 12} count=2 IDs={3, 4}"
"S12_MEMORY_RETRY: Hqq;q_qbar_sameFlavor Pg endpoint finite coefficients positions {17} exceeded their constrained allocation or failed; retrying with lower concurrency."
"S12_TERM_STAGE: Hqq;q_qbar_sameFlavor Pg endpoint finite coefficients positions={17, 25, 9, 10, 44, 14, 13, 5}/56 active=1 launched=2 availableGiB=12.2 workerLimitGiB=3.09 epoch=8 isolatedLarge=False"
"S12_MEMORY_STAGE: closing bounded workers after Hqq;q_qbar_sameFlavor Pg endpoint finite coefficients positions {17}"
"S12_PARALLEL_KERNELS: reason=recycle after Hqq;q_qbar_sameFlavor Pg endpoint finite coefficients positions {17} count=2 IDs={5, 6}"
"S12_MEMORY_RETRY: Hqq;q_qbar_sameFlavor Pg endpoint finite coefficients positions {17} exceeded their constrained allocation or failed; retrying with lower concurrency."
"S12_FATAL: Hqq;q_qbar_sameFlavor Pg endpoint finite coefficients position 17 cannot complete within the safe single-worker memory budget. All earlier term checkpoints are intact."
