Style["Loading FeynCalc from /home/physics/.WolframEngine/Applications/FeynCalc/", "Text"]
$PrePrint is set to FeynCalcForm. Use FI and FC to change the display format.
Style["FeynCalc ", "Text", Bold]Style["10.2.1 (stable version). For help, use the ", "Text"]Style[DisplayForm[ButtonBox["online documentation,", ButtonData :> {URL["https://feyncalc.github.io/referenceDev"], None}, BaseStyle -> "Hyperlink", ButtonNote -> "https://feyncalc.github.io/referenceDev"]], "Text"]Style[" visit the ", "Text"]Style[DisplayForm[ButtonBox["forum", ButtonData :> {URL["https://github.com/FeynCalc/feyncalc/discussions"], None}, BaseStyle -> "Hyperlink", ButtonNote -> "https://github.com/FeynCalc/feyncalc/discussions/"]], "Text"]Style[" and have a look at the supplied ", "Text"]Style[DisplayForm[ButtonBox["examples.", BaseStyle -> "Hyperlink", ButtonFunction :> SystemOpen[FileNameJoin[{$FeynCalcDirectory, "Examples"}]], Evaluator -> Automatic, Method -> "Preemptive"]], "Text"]Style[" The PDF-version of the manual can be downloaded ", "Text"]Style[DisplayForm[ButtonBox["here.", ButtonData :> {URL["https://github.com/FeynCalc/feyncalc-manual/releases/download/dev-manual/FeynCalcManual.pdf"], None}, BaseStyle -> "Hyperlink", ButtonNote -> "https://github.com/FeynCalc/feyncalc-manual/releases/download/dev-manual/FeynCalcManual.pdf"]], "Text"]
Style["If you use FeynCalc in your research, please evaluate FeynCalcHowToCite[] to learn how to cite this software.", "Text"]
Style["Please keep in mind that the proper academic attribution of our work is crucial to ensure the future development of this package!", {"Text", Italic}]
"S12_STAGE: loading and validating compact S11 input"
"S12_STAGE: validating the S10/S09/S9.5 coefficient caches"
"S12_STAGE: validating the physical Eq. (46) delta roots"
"S12_STAGE: constructing the four physically mapped counterterms"
"S12_STAGE: series Pg mapped counterterm Endpoint through epsilon^1"
"S12_STAGE: series Pg mapped counterterm IntegrandPhiS through epsilon^1"
"S12_STAGE: series Pg mapped counterterm IntegrandPhi0 through epsilon^1"
"S12_STAGE: series PPP mapped counterterm Endpoint through epsilon^1"
"S12_STAGE: series PPP mapped counterterm IntegrandPhiS through epsilon^1"
"S12_STAGE: series PPP mapped counterterm IntegrandPhi0 through epsilon^1"
"S12_STAGE: termwise S10 real reconstruction for Pg"
"S12_STAGE: loading cached regular coefficients for Hqq;gg Pg"
"S12_STAGE: loading cached endpoint coefficients for Hqq;gg Pg"
"S12_STAGE: loading cached stronger-pole coefficients for Hqq;gg Pg"
"S12_STAGE: loading cached alpha=2 remainder for Hqq;gg Pg"
"S12_STAGE: loading cached regular coefficients for Hqq;q_qbar_sameFlavor Pg"
"S12_TERM_RESUME: Hqq;q_qbar_sameFlavor Pg endpoint finite coefficients completed=40/56 missing=16"
"S12_MEMORY_ESTIMATE: Hqq;q_qbar_sameFlavor Pg endpoint finite coefficients measuredPeakGiB=0.198 admittedEstimateGiB=1.00"
"S12_PARALLEL_KERNELS: reason=Hqq;q_qbar_sameFlavor Pg endpoint finite coefficients count=2 IDs={1, 2}"
"S12_TERM_STAGE: Hqq;q_qbar_sameFlavor Pg endpoint finite coefficients positions={17, 25, 9, 10, 44, 14, 13, 5}/56 active=2 launched=2 availableGiB=12.2 workerLimitGiB=1.54 epoch=8 isolatedLarge=False"
"kernel 1 (Local):"
"\"S12_PIECEWISE_SERIES: branches=\"1\" powers=\"InputForm[{-1, 0, 1}]\n"
"S12_TERM_CHECKPOINT: Hqq;q_qbar_sameFlavor Pg endpoint finite coefficients position 25/56"
"S12_TERM_CHECKPOINT: Hqq;q_qbar_sameFlavor Pg endpoint finite coefficients position 9/56"
"S12_TERM_CHECKPOINT: Hqq;q_qbar_sameFlavor Pg endpoint finite coefficients position 17/56"
"S12_TERM_CHECKPOINT: Hqq;q_qbar_sameFlavor Pg endpoint finite coefficients position 10/56"
"S12_TERM_CHECKPOINT: Hqq;q_qbar_sameFlavor Pg endpoint finite coefficients position 44/56"
"S12_TERM_CHECKPOINT: Hqq;q_qbar_sameFlavor Pg endpoint finite coefficients position 13/56"
"S12_TERM_CHECKPOINT: Hqq;q_qbar_sameFlavor Pg endpoint finite coefficients position 5/56"
"S12_TERM_CHECKPOINT: Hqq;q_qbar_sameFlavor Pg endpoint finite coefficients position 14/56"
"S12_MEMORY_STAGE: closing bounded workers after Hqq;q_qbar_sameFlavor Pg endpoint finite coefficients positions {17, 25, 9, 10, 44, 14, 13, 5}"
"S12_PARALLEL_KERNELS: reason=recycle after Hqq;q_qbar_sameFlavor Pg endpoint finite coefficients positions {17, 25, 9, 10, 44, 14, 13, 5} count=2 IDs={3, 4}"
"S12_TERM_STAGE: Hqq;q_qbar_sameFlavor Pg endpoint finite coefficients positions={8, 6, 7, 21, 2, 29, 39, 55}/56 active=2 launched=2 availableGiB=12.1 workerLimitGiB=1.52 epoch=8 isolatedLarge=False"
"S12_TERM_CHECKPOINT: Hqq;q_qbar_sameFlavor Pg endpoint finite coefficients position 6/56"
"S12_TERM_CHECKPOINT: Hqq;q_qbar_sameFlavor Pg endpoint finite coefficients position 7/56"
"S12_TERM_CHECKPOINT: Hqq;q_qbar_sameFlavor Pg endpoint finite coefficients position 8/56"
"S12_TERM_CHECKPOINT: Hqq;q_qbar_sameFlavor Pg endpoint finite coefficients position 21/56"
"S12_TERM_CHECKPOINT: Hqq;q_qbar_sameFlavor Pg endpoint finite coefficients position 29/56"
"S12_TERM_CHECKPOINT: Hqq;q_qbar_sameFlavor Pg endpoint finite coefficients position 39/56"
"S12_TERM_CHECKPOINT: Hqq;q_qbar_sameFlavor Pg endpoint finite coefficients position 55/56"
"S12_TERM_CHECKPOINT: Hqq;q_qbar_sameFlavor Pg endpoint finite coefficients position 2/56"
"S12_MEMORY_STAGE: closing bounded workers after Hqq;q_qbar_sameFlavor Pg endpoint finite coefficients completed positions {8, 6, 7, 21, 2, 29, 39, 55}"
"S12_TERM_AGGREGATE: streaming 56 saved parts for Hqq;q_qbar_sameFlavor Pg endpoint finite coefficients"
"S12_TERM_CACHE_INVALID: deleting mismatched part /home/physics/projects/AI_Assisted_SIDIS/scripts/Hqq/s12_cache_v4_term_parts/Hqq_q_qbar_sameFlavor/pg/stronger_pole/term_0012"
"S12_TERM_CACHE_INVALID: deleting mismatched part /home/physics/projects/AI_Assisted_SIDIS/scripts/Hqq/s12_cache_v4_term_parts/Hqq_q_qbar_sameFlavor/pg/stronger_pole/term_0013"
"S12_TERM_CACHE_INVALID: deleting mismatched part /home/physics/projects/AI_Assisted_SIDIS/scripts/Hqq/s12_cache_v4_term_parts/Hqq_q_qbar_sameFlavor/pg/stronger_pole/term_0014"
"S12_TERM_RESUME: Hqq;q_qbar_sameFlavor Pg endpoint stronger-pole coefficients completed=53/56 missing=3"
"S12_MEMORY_ESTIMATE: Hqq;q_qbar_sameFlavor Pg endpoint stronger-pole coefficients measuredPeakGiB=0.137 admittedEstimateGiB=1.00"
"S12_PARALLEL_KERNELS: reason=Hqq;q_qbar_sameFlavor Pg endpoint stronger-pole coefficients count=2 IDs={5, 6}"
"S12_TERM_STAGE: Hqq;q_qbar_sameFlavor Pg endpoint stronger-pole coefficients positions={12, 14, 13}/56 active=2 launched=2 availableGiB=12.1 workerLimitGiB=1.53 epoch=3 isolatedLarge=False"
"S12_TERM_CHECKPOINT: Hqq;q_qbar_sameFlavor Pg endpoint stronger-pole coefficients position 14/56"
"S12_TERM_CHECKPOINT: Hqq;q_qbar_sameFlavor Pg endpoint stronger-pole coefficients position 13/56"
"S12_TERM_CHECKPOINT: Hqq;q_qbar_sameFlavor Pg endpoint stronger-pole coefficients position 12/56"
"S12_MEMORY_STAGE: closing bounded workers after Hqq;q_qbar_sameFlavor Pg endpoint stronger-pole coefficients completed positions {12, 14, 13}"
"S12_TERM_AGGREGATE: streaming 56 saved parts for Hqq;q_qbar_sameFlavor Pg endpoint stronger-pole coefficients"
"S12_STAGE: loading cached regular coefficients for Hqq;qPrime_qbarPrime Pg"
"S12_STAGE: loading cached endpoint coefficients for Hqq;qPrime_qbarPrime Pg"
"S12_STAGE: loading cached stronger-pole coefficients for Hqq;qPrime_qbarPrime Pg"
"S12_STAGE: series Pg common real prefactor through epsilon^1"
"S12_STAGE: series Pg endpoint common prefactor through epsilon^2"
"S12_STAGE: termwise S10 real reconstruction for PPP"
"S12_STAGE: loading cached regular coefficients for Hqq;gg PPP"
"S12_STAGE: loading cached endpoint coefficients for Hqq;gg PPP"
"S12_STAGE: loading cached stronger-pole coefficients for Hqq;gg PPP"
"S12_STAGE: loading cached alpha=2 remainder for Hqq;gg PPP"
"S12_TERM_RESUME: Hqq;q_qbar_sameFlavor PPP regular remainder completed=57/57 missing=0"
"S12_MEMORY_ESTIMATE: Hqq;q_qbar_sameFlavor PPP regular remainder measuredPeakGiB=0.223 admittedEstimateGiB=1.00"
"S12_TERM_AGGREGATE: streaming 57 saved parts for Hqq;q_qbar_sameFlavor PPP regular remainder"
"S12_TERM_RESUME: Hqq;q_qbar_sameFlavor PPP endpoint finite coefficients completed=53/57 missing=4"
"S12_MEMORY_ESTIMATE: Hqq;q_qbar_sameFlavor PPP endpoint finite coefficients measuredPeakGiB=0.152 admittedEstimateGiB=1.00"
"S12_PARALLEL_KERNELS: reason=Hqq;q_qbar_sameFlavor PPP endpoint finite coefficients count=2 IDs={7, 8}"
"S12_TERM_STAGE: Hqq;q_qbar_sameFlavor PPP endpoint finite coefficients positions={8, 35, 42, 57}/57 active=2 launched=2 availableGiB=12.1 workerLimitGiB=1.52 epoch=4 isolatedLarge=False"
"S12_TERM_CHECKPOINT: Hqq;q_qbar_sameFlavor PPP endpoint finite coefficients position 35/57"
"kernel 7 (Local):"
"\"S12_PIECEWISE_SERIES: branches=\"1\" powers=\"InputForm[{-1, 0, 1}]\n"
"S12_TERM_CHECKPOINT: Hqq;q_qbar_sameFlavor PPP endpoint finite coefficients position 42/57"
"S12_TERM_CHECKPOINT: Hqq;q_qbar_sameFlavor PPP endpoint finite coefficients position 57/57"
"S12_TERM_CHECKPOINT: Hqq;q_qbar_sameFlavor PPP endpoint finite coefficients position 8/57"
"S12_MEMORY_STAGE: closing bounded workers after Hqq;q_qbar_sameFlavor PPP endpoint finite coefficients completed positions {8, 35, 42, 57}"
"S12_TERM_AGGREGATE: streaming 57 saved parts for Hqq;q_qbar_sameFlavor PPP endpoint finite coefficients"
"S12_TERM_RESUME: Hqq;q_qbar_sameFlavor PPP endpoint stronger-pole coefficients completed=57/57 missing=0"
"S12_MEMORY_ESTIMATE: Hqq;q_qbar_sameFlavor PPP endpoint stronger-pole coefficients measuredPeakGiB=0.137 admittedEstimateGiB=1.00"
"S12_TERM_AGGREGATE: streaming 57 saved parts for Hqq;q_qbar_sameFlavor PPP endpoint stronger-pole coefficients"
"S12_STAGE: loading cached regular coefficients for Hqq;qPrime_qbarPrime PPP"
"S12_STAGE: loading cached endpoint coefficients for Hqq;qPrime_qbarPrime PPP"
"S12_STAGE: loading cached stronger-pole coefficients for Hqq;qPrime_qbarPrime PPP"
"S12_STAGE: series PPP common real prefactor through epsilon^1"
"S12_STAGE: series PPP endpoint common prefactor through epsilon^2"
"S12_STAGE: loading the completed S10 virtual Laurent cache"
"S12_STAGE: adding Eq. (46) and checking every pole component"
"S12_POLE_STAGE: projector=""Pg"" order=""Minus2"" field=""Endpoint"
"S12_POLE_STAGE: projector=""Pg"" order=""Minus2"" field=""IntegrandPhiS"
"S12_POLE_STAGE: projector=""Pg"" order=""Minus2"" field=""IntegrandPhi0"
"S12_POLE_STAGE: projector=""Pg"" order=""Minus1"" field=""Endpoint"
"S12_POLE_REDUCTION_STAGE: using exact physical endpoint single-pole decomposition for Pg epsilon^-1 Endpoint"
"S12_POLE_REDUCTION_STAGE: endpoint single pole rootSign="1" coefficients="12
"S12_POLE_REDUCTION_CHECK: rootSign="1" coefficient=""Log[2]"" status=zero"
"S12_POLE_REDUCTION_CHECK: rootSign="1" coefficient=""Log[Pi]"" status=zero"
"S12_POLE_REDUCTION_CHECK: rootSign="1" coefficient=""Log[ScaleMu]"" status=zero"
"S12_POLE_REDUCTION_CHECK: rootSign="1" coefficient=""Log[a]"" status=zero"
"S12_POLE_REDUCTION_CHECK: rootSign="1" coefficient=""Log[Q2]"" status=zero"
"S12_POLE_REDUCTION_CHECK: rootSign="1" coefficient=""Log[rT]"" status=zero"
"S12_POLE_REDUCTION_CHECK: rootSign="1" coefficient=""Log[1-rT]"" status=zero"
"S12_POLE_REDUCTION_CHECK: rootSign="1" coefficient=""Log[zH]"" status=zero"
"S12_POLE_REDUCTION_CHECK: rootSign="1" coefficient=""Log[1-zH]"" status=zero"
"S12_POLE_REDUCTION_CHECK: rootSign="1" coefficient=""Log[rT+zH-rT zH]"" status=zero"
"S12_POLE_REDUCTION_CHECK: rootSign="1" coefficient=""Log[1+a]"" status=zero"
"S12_POLE_REDUCTION_CHECK: rootSign="1" coefficient=constant status=zero"
"S12_POLE_REDUCTION_STAGE: endpoint single pole rootSign="-1" coefficients="12
"S12_POLE_REDUCTION_CHECK: rootSign="-1" coefficient=""Log[2]"" status=zero"
"S12_POLE_REDUCTION_CHECK: rootSign="-1" coefficient=""Log[Pi]"" status=zero"
"S12_POLE_REDUCTION_CHECK: rootSign="-1" coefficient=""Log[ScaleMu]"" status=zero"
"S12_POLE_REDUCTION_CHECK: rootSign="-1" coefficient=""Log[a]"" status=zero"
"S12_POLE_REDUCTION_CHECK: rootSign="-1" coefficient=""Log[Q2]"" status=zero"
"S12_POLE_REDUCTION_CHECK: rootSign="-1" coefficient=""Log[rT]"" status=zero"
"S12_POLE_REDUCTION_CHECK: rootSign="-1" coefficient=""Log[1-rT]"" status=zero"
"S12_POLE_REDUCTION_CHECK: rootSign="-1" coefficient=""Log[zH]"" status=zero"
"S12_POLE_REDUCTION_CHECK: rootSign="-1" coefficient=""Log[1-zH]"" status=zero"
"S12_POLE_REDUCTION_CHECK: rootSign="-1" coefficient=""Log[rT+zH-rT zH]"" status=zero"
"S12_POLE_REDUCTION_CHECK: rootSign="-1" coefficient=""Log[1+a]"" status=zero"
"S12_POLE_REDUCTION_CHECK: rootSign="-1" coefficient=constant status=zero"
"S12_POLE_REDUCTION_RESULT: Pg epsilon^-1 Endpoint exact zero in both physical root regions"
"S12_POLE_STAGE: projector=""Pg"" order=""Minus1"" field=""IntegrandPhiS"
"S12_POLE_STAGE: projector=""Pg"" order=""Minus1"" field=""IntegrandPhi0"
"S12_POLE_STAGE: projector=""PPP"" order=""Minus2"" field=""Endpoint"
"S12_POLE_STAGE: projector=""PPP"" order=""Minus2"" field=""IntegrandPhiS"
"S12_POLE_STAGE: projector=""PPP"" order=""Minus2"" field=""IntegrandPhi0"
"S12_POLE_STAGE: projector=""PPP"" order=""Minus1"" field=""Endpoint"
"S12_POLE_REDUCTION_STAGE: using exact physical endpoint single-pole decomposition for PPP epsilon^-1 Endpoint"
"S12_POLE_REDUCTION_RESULT: structured proof unavailable for PPP epsilon^-1 Endpoint; trying the generic exact reducer"

No more memory available.
Mathematica kernel has shut down.
Try quitting other applications and then retry.
