Style["Loading FeynCalc from /home/physics/.WolframEngine/Applications/FeynCalc/", "Text"]
$PrePrint is set to FeynCalcForm. Use FI and FC to change the display format.
Style["FeynCalc ", "Text", Bold]Style["10.2.1 (stable version). For help, use the ", "Text"]Style[DisplayForm[ButtonBox["online documentation,", ButtonData :> {URL["https://feyncalc.github.io/referenceDev"], None}, BaseStyle -> "Hyperlink", ButtonNote -> "https://feyncalc.github.io/referenceDev"]], "Text"]Style[" visit the ", "Text"]Style[DisplayForm[ButtonBox["forum", ButtonData :> {URL["https://github.com/FeynCalc/feyncalc/discussions"], None}, BaseStyle -> "Hyperlink", ButtonNote -> "https://github.com/FeynCalc/feyncalc/discussions/"]], "Text"]Style[" and have a look at the supplied ", "Text"]Style[DisplayForm[ButtonBox["examples.", BaseStyle -> "Hyperlink", ButtonFunction :> SystemOpen[FileNameJoin[{$FeynCalcDirectory, "Examples"}]], Evaluator -> Automatic, Method -> "Preemptive"]], "Text"]Style[" The PDF-version of the manual can be downloaded ", "Text"]Style[DisplayForm[ButtonBox["here.", ButtonData :> {URL["https://github.com/FeynCalc/feyncalc-manual/releases/download/dev-manual/FeynCalcManual.pdf"], None}, BaseStyle -> "Hyperlink", ButtonNote -> "https://github.com/FeynCalc/feyncalc-manual/releases/download/dev-manual/FeynCalcManual.pdf"]], "Text"]
Style["If you use FeynCalc in your research, please evaluate FeynCalcHowToCite[] to learn how to cite this software.", "Text"]
Style["Please keep in mind that the proper academic attribution of our work is crucial to ensure the future development of this package!", {"Text", Italic}]
"S12_STAGE: loading and validating compact S11 input"
"S12_STAGE: validating the S10/S09/S9.5 coefficient caches"
"S12_STAGE: validating the physical Eq. (46) delta roots"
"S12_STAGE: constructing the four physically mapped counterterms"
"S12_STAGE: series Pg mapped counterterm Endpoint through epsilon^1"
"S12_STAGE: series Pg mapped counterterm IntegrandPhiS through epsilon^1"
"S12_STAGE: series Pg mapped counterterm IntegrandPhi0 through epsilon^1"
"S12_STAGE: series PPP mapped counterterm Endpoint through epsilon^1"
"S12_STAGE: series PPP mapped counterterm IntegrandPhiS through epsilon^1"
"S12_STAGE: series PPP mapped counterterm IntegrandPhi0 through epsilon^1"
"S12_STAGE: termwise S10 real reconstruction for Pg"
"S12_STAGE: loading cached regular coefficients for Hqq;gg Pg"
"S12_STAGE: loading cached endpoint coefficients for Hqq;gg Pg"
"S12_STAGE: loading cached stronger-pole coefficients for Hqq;gg Pg"
"S12_STAGE: loading cached alpha=2 remainder for Hqq;gg Pg"
"S12_STAGE: loading cached regular coefficients for Hqq;q_qbar_sameFlavor Pg"
"S12_STAGE: loading cached endpoint coefficients for Hqq;q_qbar_sameFlavor Pg"
"S12_STAGE: loading cached stronger-pole coefficients for Hqq;q_qbar_sameFlavor Pg"
"S12_STAGE: loading cached regular coefficients for Hqq;qPrime_qbarPrime Pg"
"S12_STAGE: loading cached endpoint coefficients for Hqq;qPrime_qbarPrime Pg"
"S12_STAGE: loading cached stronger-pole coefficients for Hqq;qPrime_qbarPrime Pg"
"S12_STAGE: series Pg common real prefactor through epsilon^1"
"S12_STAGE: series Pg endpoint common prefactor through epsilon^2"
"S12_STAGE: termwise S10 real reconstruction for PPP"
"S12_STAGE: loading cached regular coefficients for Hqq;gg PPP"
"S12_STAGE: loading cached endpoint coefficients for Hqq;gg PPP"
"S12_STAGE: loading cached stronger-pole coefficients for Hqq;gg PPP"
"S12_STAGE: loading cached alpha=2 remainder for Hqq;gg PPP"
"S12_STAGE: loading cached regular coefficients for Hqq;q_qbar_sameFlavor PPP"
"S12_STAGE: loading cached endpoint coefficients for Hqq;q_qbar_sameFlavor PPP"
"S12_STAGE: loading cached stronger-pole coefficients for Hqq;q_qbar_sameFlavor PPP"
"S12_STAGE: loading cached regular coefficients for Hqq;qPrime_qbarPrime PPP"
"S12_STAGE: loading cached endpoint coefficients for Hqq;qPrime_qbarPrime PPP"
"S12_STAGE: loading cached stronger-pole coefficients for Hqq;qPrime_qbarPrime PPP"
"S12_STAGE: series PPP common real prefactor through epsilon^1"
"S12_STAGE: series PPP endpoint common prefactor through epsilon^2"
"S12_STAGE: loading the completed S10 virtual Laurent cache"
"S12_STAGE: adding Eq. (46) and checking every pole component"
"S12_POLE_STAGE: projector=""Pg"" order=""Minus2"" field=""Endpoint"
"S12_POLE_STAGE: projector=""Pg"" order=""Minus2"" field=""IntegrandPhiS"
"S12_POLE_STAGE: projector=""Pg"" order=""Minus2"" field=""IntegrandPhi0"
"S12_POLE_STAGE: projector=""Pg"" order=""Minus1"" field=""Endpoint"
"S12_POLE_REDUCTION_STAGE: using exact physical endpoint single-pole decomposition for Pg epsilon^-1 Endpoint"
"S12_POLE_REDUCTION_STAGE: endpoint single pole rootSign="1" coefficients="12
"S12_POLE_REDUCTION_CHECK: rootSign="1" coefficient=""Log[2]"" status=zero"
"S12_POLE_REDUCTION_CHECK: rootSign="1" coefficient=""Log[Pi]"" status=zero"
"S12_POLE_REDUCTION_CHECK: rootSign="1" coefficient=""Log[ScaleMu]"" status=zero"
"S12_POLE_REDUCTION_CHECK: rootSign="1" coefficient=""Log[a]"" status=zero"
"S12_POLE_REDUCTION_CHECK: rootSign="1" coefficient=""Log[Q2]"" status=zero"
"S12_POLE_REDUCTION_CHECK: rootSign="1" coefficient=""Log[rT]"" status=zero"
"S12_POLE_REDUCTION_CHECK: rootSign="1" coefficient=""Log[1-rT]"" status=zero"
"S12_POLE_REDUCTION_CHECK: rootSign="1" coefficient=""Log[zH]"" status=zero"
"S12_POLE_REDUCTION_CHECK: rootSign="1" coefficient=""Log[1-zH]"" status=zero"
"S12_POLE_REDUCTION_CHECK: rootSign="1" coefficient=""Log[rT+zH-rT zH]"" status=zero"
"S12_POLE_REDUCTION_CHECK: rootSign="1" coefficient=""Log[1+a]"" status=zero"
"S12_POLE_REDUCTION_CHECK: rootSign="1" coefficient=constant status=zero"
"S12_POLE_REDUCTION_STAGE: endpoint single pole rootSign="-1" coefficients="12
"S12_POLE_REDUCTION_CHECK: rootSign="-1" coefficient=""Log[2]"" status=zero"
"S12_POLE_REDUCTION_CHECK: rootSign="-1" coefficient=""Log[Pi]"" status=zero"
"S12_POLE_REDUCTION_CHECK: rootSign="-1" coefficient=""Log[ScaleMu]"" status=zero"
"S12_POLE_REDUCTION_CHECK: rootSign="-1" coefficient=""Log[a]"" status=zero"
"S12_POLE_REDUCTION_CHECK: rootSign="-1" coefficient=""Log[Q2]"" status=zero"
"S12_POLE_REDUCTION_CHECK: rootSign="-1" coefficient=""Log[rT]"" status=zero"
"S12_POLE_REDUCTION_CHECK: rootSign="-1" coefficient=""Log[1-rT]"" status=zero"
"S12_POLE_REDUCTION_CHECK: rootSign="-1" coefficient=""Log[zH]"" status=zero"
"S12_POLE_REDUCTION_CHECK: rootSign="-1" coefficient=""Log[1-zH]"" status=zero"
"S12_POLE_REDUCTION_CHECK: rootSign="-1" coefficient=""Log[rT+zH-rT zH]"" status=zero"
"S12_POLE_REDUCTION_CHECK: rootSign="-1" coefficient=""Log[1+a]"" status=zero"
"S12_POLE_REDUCTION_CHECK: rootSign="-1" coefficient=constant status=zero"
"S12_POLE_REDUCTION_RESULT: Pg epsilon^-1 Endpoint exact zero in both physical root regions"
"S12_POLE_STAGE: projector=""Pg"" order=""Minus1"" field=""IntegrandPhiS"
"S12_POLE_STAGE: projector=""Pg"" order=""Minus1"" field=""IntegrandPhi0"
"S12_POLE_STAGE: projector=""PPP"" order=""Minus2"" field=""Endpoint"
"S12_POLE_STAGE: projector=""PPP"" order=""Minus2"" field=""IntegrandPhiS"
"S12_POLE_STAGE: projector=""PPP"" order=""Minus2"" field=""IntegrandPhi0"
"S12_POLE_STAGE: projector=""PPP"" order=""Minus1"" field=""Endpoint"
"S12_POLE_REDUCTION_STAGE: using exact physical endpoint single-pole decomposition for PPP epsilon^-1 Endpoint"
"S12_POLE_REDUCTION_RESULT: PPP epsilon^-1 Endpoint exact zero in both physical root regions"
"S12_POLE_STAGE: projector=""PPP"" order=""Minus1"" field=""IntegrandPhiS"
"S12_POLE_STAGE: projector=""PPP"" order=""Minus1"" field=""IntegrandPhi0"
"S12_STAGE: applying the physical Hermitian real projection to finite virtual endpoints"
"S12_STAGE: writing finite factorized Hqq result"
"S12_SUCCESS_FINITE_FACTORIZED_HQQ"
"S12_RESULT_PATH=/home/physics/projects/AI_Assisted_SIDIS/scripts/Hqq/s12_result"
"S12_RESULT_BYTES="442161370
"S12_POLE_RESIDUALS="InputForm[<|"Pg" -> <|"Minus2" -> <|"Endpoint" -> 0, "IntegrandPhiS" -> 0, "IntegrandPhi0" -> 0|>, "Minus1" -> <|"Endpoint" -> 0, "IntegrandPhiS" -> 0, "IntegrandPhi0" -> 0|>|>, "PPP" -> <|"Minus2" -> <|"Endpoint" -> 0, "IntegrandPhiS" -> 0, "IntegrandPhi0" -> 0|>, "Minus1" -> <|"Endpoint" -> 0, "IntegrandPhiS" -> 0, "IntegrandPhi0" -> 0|>|>|>]
"S12_CHECKS="InputForm[<|"S10ValidatedCachesAndS11InputValidated" -> True, "NoWholeExpressionSeriesOnLargeS10Branches" -> True, "S9P5V3StandardAndAlpha2MetadataUsed" -> True, "SpecialAlpha2ExpandedFactorwise" -> True, "StructuredSummandAndFactorLaurentExtractionEnabled" -> True, "BoundedParallelKernelCapConfigured" -> True, "AllParallelWorkersClosedBeforeVirtualLoad" -> True, "VirtualLaurentCacheDeferredUntilWorkersClosed" -> True, "OneAggregateCoefficientCacheFieldLoadedAtATime" -> True, "DiskBackedPerTermResumeEnabled" -> True, "AtomicCheckpointWritesEnabled" -> True, "AdaptiveMemoryAdmissionAndWorkerLimitsEnabled" -> True, "StructuralOutliersRunAlone" -> True, "WorkersRecycledAfterEveryBoundedEpoch" -> True, "TwoGGNestedEndpointPowersRefactoredAsAlpha2" -> True, "PgEvanescentStrongerEndpointPoleAbsentThroughFiniteOrder" -> True, "PPPEvanescentStrongerEndpointPoleAbsentThroughFiniteOrder" -> True, "ExactlyFourS11CountertermsUsed" -> True, "PhysicalS08MapRebuiltBeforeDistributionAction" -> True, "AllMappedBornDeltaRootsValidated" -> True, "PaperSEpsilonExpandedOnlyAsFarAsFiniteOrderRequires" -> True, "StandardQCDTFHalfApplied" -> True, "PgDoublePoleCancels" -> True, "PgSimplePoleCancels" -> True, "PPPDoublePoleCancels" -> True, "PPPSimplePoleCancels" -> True, "PhysicalHermitianFiniteEndpointProjectionApplied" -> True, "FiniteFunctionsContainNoEpsilon" -> True, "FiniteFunctionsContainNoDistributionPlaceholder" -> True, "FiniteFunctionsRetainOrdinaryS23Integral" -> True, "FiniteFunctionsRetainArbitrarySymbolicTest" -> True, "CalculationFullySymbolic" -> True|>]
