"S9P5_MEMORY_PLAN: availableGiB="12.85400390625`4." reserveGiB="6.`3." workerLimitGiB="1.25`3." requestedKernels="5
"S9P5_ENDPOINT_PARALLEL_KERNELS="5
"S9P5_ENDPOINT_STAGE: loading and validating s09 input without packages"
"S9P5_ENDPOINT_STAGE: completing all six endpoint caches"
"S9P5_ENDPOINT_STAGE: loading cache for Hqq;gg Pg"
"S9P5_ENDPOINT_STAGE: loading cache for Hqq;gg PPP"
"S9P5_ENDPOINT_STAGE: parallel batch for Hqq;q_qbar_sameFlavor Pg positions 1-5/56"
"kernel 2 (Local):"
"\"S9P5_ENDPOINT_STAGE: Laurent term Hqq;q_qbar_sameFlavor Pg 2/56\"\n"
"kernel 3 (Local):"
"\"S9P5_ENDPOINT_STAGE: Laurent term Hqq;q_qbar_sameFlavor Pg 3/56\"\n"
"kernel 1 (Local):"
"\"S9P5_ENDPOINT_STAGE: Laurent term Hqq;q_qbar_sameFlavor Pg 1/56\"\n"
"kernel 3 (Local):"
"\"S9P5_ENDPOINT_STAGE: exact regular extraction for Hqq;q_qbar_sameFlavor Pg term 3\"\n"
"kernel 4 (Local):"
"\"S9P5_ENDPOINT_STAGE: Laurent term Hqq;q_qbar_sameFlavor Pg 4/56\"\n"
"kernel 5 (Local):"
"\"S9P5_ENDPOINT_STAGE: Laurent term Hqq;q_qbar_sameFlavor Pg 5/56\"\n"
"kernel 1 (Local):"
"\"S9P5_ENDPOINT_STAGE: exact regular extraction for Hqq;q_qbar_sameFlavor Pg term 1\"\n"
"kernel 4 (Local):"
"\"S9P5_ENDPOINT_STAGE: exact regular extraction for Hqq;q_qbar_sameFlavor Pg term 4\"\n"
"kernel 2 (Local):"
"\"S9P5_ENDPOINT_STAGE: exact singular-factor extraction for Hqq;q_qbar_sameFlavor Pg term 2\"\n"
"kernel 5 (Local):"
"\"S9P5_ENDPOINT_STAGE: exact singular-factor extraction for Hqq;q_qbar_sameFlavor Pg term 5\"\n"
"S9P5_ENDPOINT_STAGE: parallel batch for Hqq;q_qbar_sameFlavor Pg positions 6-10/56"
"kernel 1 (Local):"
"\"S9P5_ENDPOINT_STAGE: Laurent term Hqq;q_qbar_sameFlavor Pg 6/56\"\n"
"kernel 2 (Local):"
"\"S9P5_ENDPOINT_STAGE: Laurent term Hqq;q_qbar_sameFlavor Pg 7/56\"\n"
"kernel 3 (Local):"
"\"S9P5_ENDPOINT_STAGE: Laurent term Hqq;q_qbar_sameFlavor Pg 8/56\"\n"
"kernel 4 (Local):"
"\"S9P5_ENDPOINT_STAGE: Laurent term Hqq;q_qbar_sameFlavor Pg 9/56\"\n"
"kernel 5 (Local):"
"\"S9P5_ENDPOINT_STAGE: Laurent term Hqq;q_qbar_sameFlavor Pg 10/56\"\n"
"kernel 1 (Local):"
"\"S9P5_ENDPOINT_STAGE: exact singular-factor extraction for Hqq;q_qbar_sameFlavor Pg term 6\"\n"
"kernel 5 (Local):"
"\"S9P5_ENDPOINT_STAGE: exact singular-factor extraction for Hqq;q_qbar_sameFlavor Pg term 10\"\n"
"kernel 2 (Local):"
"\"S9P5_ENDPOINT_STAGE: exact singular-factor extraction for Hqq;q_qbar_sameFlavor Pg term 7\"\n"
"kernel 3 (Local):"
"\"S9P5_ENDPOINT_STAGE: exact singular-factor extraction for Hqq;q_qbar_sameFlavor Pg term 8\"\n"
"kernel 4 (Local):"
"\"S9P5_ENDPOINT_STAGE: exact singular-factor extraction for Hqq;q_qbar_sameFlavor Pg term 9\"\n"
"S9P5_ENDPOINT_STAGE: parallel batch for Hqq;q_qbar_sameFlavor Pg positions 11-15/56"
"kernel 1 (Local):"
"\"S9P5_ENDPOINT_STAGE: Laurent term Hqq;q_qbar_sameFlavor Pg 11/56\"\n"
"kernel 2 (Local):"
"\"S9P5_ENDPOINT_STAGE: Laurent term Hqq;q_qbar_sameFlavor Pg 12/56\"\n"
"kernel 3 (Local):"
"\"S9P5_ENDPOINT_STAGE: Laurent term Hqq;q_qbar_sameFlavor Pg 13/56\"\n"
"kernel 4 (Local):"
"\"S9P5_ENDPOINT_STAGE: Laurent term Hqq;q_qbar_sameFlavor Pg 14/56\"\n"
"kernel 1 (Local):"
"\"S9P5_ENDPOINT_STAGE: exact regular extraction for Hqq;q_qbar_sameFlavor Pg term 11\"\n"
"kernel 5 (Local):"
"\"S9P5_ENDPOINT_STAGE: Laurent term Hqq;q_qbar_sameFlavor Pg 15/56\"\n"
"kernel 5 (Local):"
"\"S9P5_ENDPOINT_STAGE: exact regular extraction for Hqq;q_qbar_sameFlavor Pg term 15\"\n"
"kernel 3 (Local):"
"\"S9P5_ENDPOINT_STAGE: exact singular-factor extraction for Hqq;q_qbar_sameFlavor Pg term 13\"\n"
"kernel 2 (Local):"
"\"S9P5_ENDPOINT_STAGE: exact singular-factor extraction for Hqq;q_qbar_sameFlavor Pg term 12\"\n"
"kernel 4 (Local):"
"\"S9P5_ENDPOINT_STAGE: exact singular-factor extraction for Hqq;q_qbar_sameFlavor Pg term 14\"\n"
"S9P5_ENDPOINT_STAGE: parallel batch for Hqq;q_qbar_sameFlavor Pg positions 16-20/56"
"kernel 1 (Local):"
"\"S9P5_ENDPOINT_STAGE: Laurent term Hqq;q_qbar_sameFlavor Pg 16/56\"\n"
"kernel 2 (Local):"
"\"S9P5_ENDPOINT_STAGE: Laurent term Hqq;q_qbar_sameFlavor Pg 17/56\"\n"
"kernel 4 (Local):"
"\"S9P5_ENDPOINT_STAGE: Laurent term Hqq;q_qbar_sameFlavor Pg 19/56\"\n"
"kernel 1 (Local):"
"\"S9P5_ENDPOINT_STAGE: exact regular extraction for Hqq;q_qbar_sameFlavor Pg term 16\"\n"
"kernel 2 (Local):"
"\"S9P5_ENDPOINT_STAGE: exact regular extraction for Hqq;q_qbar_sameFlavor Pg term 17\"\n"
"kernel 3 (Local):"
"\"S9P5_ENDPOINT_STAGE: Laurent term Hqq;q_qbar_sameFlavor Pg 18/56\"\n"
"kernel 4 (Local):"
"\"S9P5_ENDPOINT_STAGE: exact regular extraction for Hqq;q_qbar_sameFlavor Pg term 19\"\n"
"kernel 5 (Local):"
"\"S9P5_ENDPOINT_STAGE: Laurent term Hqq;q_qbar_sameFlavor Pg 20/56\"\n"
"kernel 3 (Local):"
"\"S9P5_ENDPOINT_STAGE: exact regular extraction for Hqq;q_qbar_sameFlavor Pg term 18\"\n"
"kernel 5 (Local):"
"\"S9P5_ENDPOINT_STAGE: exact regular extraction for Hqq;q_qbar_sameFlavor Pg term 20\"\n"
"S9P5_ENDPOINT_STAGE: parallel batch for Hqq;q_qbar_sameFlavor Pg positions 21-25/56"
"kernel 1 (Local):"
"\"S9P5_ENDPOINT_STAGE: Laurent term Hqq;q_qbar_sameFlavor Pg 21/56\"\n"
"kernel 2 (Local):"
"\"S9P5_ENDPOINT_STAGE: Laurent term Hqq;q_qbar_sameFlavor Pg 22/56\"\n"
"kernel 3 (Local):"
"\"S9P5_ENDPOINT_STAGE: Laurent term Hqq;q_qbar_sameFlavor Pg 23/56\"\n"
"kernel 4 (Local):"
"\"S9P5_ENDPOINT_STAGE: Laurent term Hqq;q_qbar_sameFlavor Pg 24/56\"\n"
"kernel 2 (Local):"
"\"S9P5_ENDPOINT_STAGE: exact regular extraction for Hqq;q_qbar_sameFlavor Pg term 22\"\n"
"kernel 3 (Local):"
"\"S9P5_ENDPOINT_STAGE: exact regular extraction for Hqq;q_qbar_sameFlavor Pg term 23\"\n"
"kernel 4 (Local):"
"\"S9P5_ENDPOINT_STAGE: exact regular extraction for Hqq;q_qbar_sameFlavor Pg term 24\"\n"
"kernel 5 (Local):"
"\"S9P5_ENDPOINT_STAGE: Laurent term Hqq;q_qbar_sameFlavor Pg 25/56\"\n"
"kernel 1 (Local):"
"\"S9P5_ENDPOINT_STAGE: exact singular-factor extraction for Hqq;q_qbar_sameFlavor Pg term 21\"\n"
"kernel 5 (Local):"
"\"S9P5_ENDPOINT_STAGE: exact singular-factor extraction for Hqq;q_qbar_sameFlavor Pg term 25\"\n"
"S9P5_ENDPOINT_STAGE: parallel batch for Hqq;q_qbar_sameFlavor Pg positions 26-30/56"
"kernel 1 (Local):"
"\"S9P5_ENDPOINT_STAGE: Laurent term Hqq;q_qbar_sameFlavor Pg 26/56\"\n"
"kernel 2 (Local):"
"\"S9P5_ENDPOINT_STAGE: Laurent term Hqq;q_qbar_sameFlavor Pg 27/56\"\n"
"kernel 3 (Local):"
"\"S9P5_ENDPOINT_STAGE: Laurent term Hqq;q_qbar_sameFlavor Pg 28/56\"\n"
"kernel 4 (Local):"
"\"S9P5_ENDPOINT_STAGE: Laurent term Hqq;q_qbar_sameFlavor Pg 29/56\"\n"
"kernel 1 (Local):"
"\"S9P5_ENDPOINT_STAGE: exact regular extraction for Hqq;q_qbar_sameFlavor Pg term 26\"\n"
"kernel 2 (Local):"
"\"S9P5_ENDPOINT_STAGE: exact regular extraction for Hqq;q_qbar_sameFlavor Pg term 27\"\n"
"kernel 3 (Local):"
"\"S9P5_ENDPOINT_STAGE: exact regular extraction for Hqq;q_qbar_sameFlavor Pg term 28\"\n"
"kernel 4 (Local):"
"\"S9P5_ENDPOINT_STAGE: exact regular extraction for Hqq;q_qbar_sameFlavor Pg term 29\"\n"
"kernel 5 (Local):"
"\"S9P5_ENDPOINT_STAGE: Laurent term Hqq;q_qbar_sameFlavor Pg 30/56\"\n"
"kernel 5 (Local):"
"\"S9P5_ENDPOINT_STAGE: exact singular-factor extraction for Hqq;q_qbar_sameFlavor Pg term 30\"\n"
"S9P5_ENDPOINT_STAGE: parallel batch for Hqq;q_qbar_sameFlavor Pg positions 31-35/56"
"kernel 1 (Local):"
"\"S9P5_ENDPOINT_STAGE: Laurent term Hqq;q_qbar_sameFlavor Pg 31/56\"\n"
"kernel 2 (Local):"
"\"S9P5_ENDPOINT_STAGE: Laurent term Hqq;q_qbar_sameFlavor Pg 32/56\"\n"
"kernel 3 (Local):"
"\"S9P5_ENDPOINT_STAGE: Laurent term Hqq;q_qbar_sameFlavor Pg 33/56\"\n"
"kernel 4 (Local):"
"\"S9P5_ENDPOINT_STAGE: Laurent term Hqq;q_qbar_sameFlavor Pg 34/56\"\n"
"kernel 1 (Local):"
"\"S9P5_ENDPOINT_STAGE: exact regular extraction for Hqq;q_qbar_sameFlavor Pg term 31\"\n"
"kernel 2 (Local):"
"\"S9P5_ENDPOINT_STAGE: exact regular extraction for Hqq;q_qbar_sameFlavor Pg term 32\"\n"
"kernel 4 (Local):"
"\"S9P5_ENDPOINT_STAGE: exact regular extraction for Hqq;q_qbar_sameFlavor Pg term 34\"\n"
"kernel 5 (Local):"
"\"S9P5_ENDPOINT_STAGE: Laurent term Hqq;q_qbar_sameFlavor Pg 35/56\"\n"
"kernel 3 (Local):"
"\"S9P5_ENDPOINT_STAGE: exact singular-factor extraction for Hqq;q_qbar_sameFlavor Pg term 33\"\n"
"kernel 5 (Local):"
"\"S9P5_ENDPOINT_STAGE: exact singular-factor extraction for Hqq;q_qbar_sameFlavor Pg term 35\"\n"
"S9P5_ENDPOINT_STAGE: parallel batch for Hqq;q_qbar_sameFlavor Pg positions 36-40/56"
"kernel 1 (Local):"
"\"S9P5_ENDPOINT_STAGE: Laurent term Hqq;q_qbar_sameFlavor Pg 36/56\"\n"
"kernel 2 (Local):"
"\"S9P5_ENDPOINT_STAGE: Laurent term Hqq;q_qbar_sameFlavor Pg 37/56\"\n"
"kernel 3 (Local):"
"\"S9P5_ENDPOINT_STAGE: Laurent term Hqq;q_qbar_sameFlavor Pg 38/56\"\n"
"kernel 4 (Local):"
"\"S9P5_ENDPOINT_STAGE: Laurent term Hqq;q_qbar_sameFlavor Pg 39/56\"\n"
"kernel 2 (Local):"
"\"S9P5_ENDPOINT_STAGE: exact regular extraction for Hqq;q_qbar_sameFlavor Pg term 37\"\n"
"kernel 5 (Local):"
"\"S9P5_ENDPOINT_STAGE: Laurent term Hqq;q_qbar_sameFlavor Pg 40/56\"\n"
"kernel 5 (Local):"
"\"S9P5_ENDPOINT_STAGE: exact regular extraction for Hqq;q_qbar_sameFlavor Pg term 40\"\n"
"kernel 1 (Local):"
"\"S9P5_ENDPOINT_STAGE: exact singular-factor extraction for Hqq;q_qbar_sameFlavor Pg term 36\"\n"
"kernel 4 (Local):"
"\"S9P5_ENDPOINT_STAGE: exact singular-factor extraction for Hqq;q_qbar_sameFlavor Pg term 39\"\n"
"kernel 3 (Local):"
"\"S9P5_ENDPOINT_STAGE: exact singular-factor extraction for Hqq;q_qbar_sameFlavor Pg term 38\"\n"
"S9P5_ENDPOINT_STAGE: parallel batch for Hqq;q_qbar_sameFlavor Pg positions 41-45/56"
"kernel 1 (Local):"
"\"S9P5_ENDPOINT_STAGE: Laurent term Hqq;q_qbar_sameFlavor Pg 41/56\"\n"
"kernel 2 (Local):"
"\"S9P5_ENDPOINT_STAGE: Laurent term Hqq;q_qbar_sameFlavor Pg 42/56\"\n"
"kernel 3 (Local):"
"\"S9P5_ENDPOINT_STAGE: Laurent term Hqq;q_qbar_sameFlavor Pg 43/56\"\n"
"kernel 4 (Local):"
"\"S9P5_ENDPOINT_STAGE: Laurent term Hqq;q_qbar_sameFlavor Pg 44/56\"\n"
"kernel 5 (Local):"
"\"S9P5_ENDPOINT_STAGE: Laurent term Hqq;q_qbar_sameFlavor Pg 45/56\"\n"
"kernel 4 (Local):"
"\"S9P5_ENDPOINT_STAGE: exact singular-factor extraction for Hqq;q_qbar_sameFlavor Pg term 44\"\n"
"kernel 2 (Local):"
"\"S9P5_ENDPOINT_STAGE: exact singular-factor extraction for Hqq;q_qbar_sameFlavor Pg term 42\"\n"
"kernel 1 (Local):"
"\"S9P5_ENDPOINT_STAGE: exact singular-factor extraction for Hqq;q_qbar_sameFlavor Pg term 41\"\n"
"kernel 5 (Local):"
"\"S9P5_ENDPOINT_STAGE: exact singular-factor extraction for Hqq;q_qbar_sameFlavor Pg term 45\"\n"
"kernel 3 (Local):"
"\"S9P5_ENDPOINT_STAGE: exact singular-factor extraction for Hqq;q_qbar_sameFlavor Pg term 43\"\n"
"S9P5_ENDPOINT_STAGE: parallel batch for Hqq;q_qbar_sameFlavor Pg positions 46-50/56"
"kernel 1 (Local):"
"\"S9P5_ENDPOINT_STAGE: Laurent term Hqq;q_qbar_sameFlavor Pg 46/56\"\n"
"kernel 2 (Local):"
"\"S9P5_ENDPOINT_STAGE: Laurent term Hqq;q_qbar_sameFlavor Pg 47/56\"\n"
"kernel 3 (Local):"
"\"S9P5_ENDPOINT_STAGE: Laurent term Hqq;q_qbar_sameFlavor Pg 48/56\"\n"
"kernel 4 (Local):"
"\"S9P5_ENDPOINT_STAGE: Laurent term Hqq;q_qbar_sameFlavor Pg 49/56\"\n"
"kernel 1 (Local):"
"\"S9P5_ENDPOINT_STAGE: exact regular extraction for Hqq;q_qbar_sameFlavor Pg term 46\"\n"
"kernel 2 (Local):"
"\"S9P5_ENDPOINT_STAGE: exact regular extraction for Hqq;q_qbar_sameFlavor Pg term 47\"\n"
"kernel 4 (Local):"
"\"S9P5_ENDPOINT_STAGE: exact regular extraction for Hqq;q_qbar_sameFlavor Pg term 49\"\n"
"kernel 5 (Local):"
"\"S9P5_ENDPOINT_STAGE: Laurent term Hqq;q_qbar_sameFlavor Pg 50/56\"\n"
"kernel 3 (Local):"
"\"S9P5_ENDPOINT_STAGE: exact singular-factor extraction for Hqq;q_qbar_sameFlavor Pg term 48\"\n"
"kernel 5 (Local):"
"\"S9P5_ENDPOINT_STAGE: exact singular-factor extraction for Hqq;q_qbar_sameFlavor Pg term 50\"\n"
"S9P5_ENDPOINT_STAGE: parallel batch for Hqq;q_qbar_sameFlavor Pg positions 51-55/56"
"kernel 1 (Local):"
"\"S9P5_ENDPOINT_STAGE: Laurent term Hqq;q_qbar_sameFlavor Pg 51/56\"\n"
"kernel 2 (Local):"
"\"S9P5_ENDPOINT_STAGE: Laurent term Hqq;q_qbar_sameFlavor Pg 52/56\"\n"
"kernel 3 (Local):"
"\"S9P5_ENDPOINT_STAGE: Laurent term Hqq;q_qbar_sameFlavor Pg 53/56\"\n"
"kernel 4 (Local):"
"\"S9P5_ENDPOINT_STAGE: Laurent term Hqq;q_qbar_sameFlavor Pg 54/56\"\n"
"kernel 5 (Local):"
"\"S9P5_ENDPOINT_STAGE: Laurent term Hqq;q_qbar_sameFlavor Pg 55/56\"\n"
"kernel 1 (Local):"
"\"S9P5_ENDPOINT_STAGE: exact singular-factor extraction for Hqq;q_qbar_sameFlavor Pg term 51\"\n"
"kernel 2 (Local):"
"\"S9P5_ENDPOINT_STAGE: exact singular-factor extraction for Hqq;q_qbar_sameFlavor Pg term 52\"\n"
"kernel 3 (Local):"
"\"S9P5_ENDPOINT_STAGE: exact singular-factor extraction for Hqq;q_qbar_sameFlavor Pg term 53\"\n"
"kernel 4 (Local):"
"\"S9P5_ENDPOINT_STAGE: exact singular-factor extraction for Hqq;q_qbar_sameFlavor Pg term 54\"\n"
"kernel 5 (Local):"
"\"S9P5_ENDPOINT_STAGE: exact singular-factor extraction for Hqq;q_qbar_sameFlavor Pg term 55\"\n"
"S9P5_ENDPOINT_STAGE: parallel batch for Hqq;q_qbar_sameFlavor Pg positions 56-56/56"
"kernel 1 (Local):"
"\"S9P5_ENDPOINT_STAGE: Laurent term Hqq;q_qbar_sameFlavor Pg 56/56\"\n"
"kernel 1 (Local):"
"\"S9P5_ENDPOINT_STAGE: exact regular extraction for Hqq;q_qbar_sameFlavor Pg term 56\"\n"
"S9P5_COUPLED_ENDPOINT_STAGE: label=""Hqq;q_qbar_sameFlavor Pg"" sourceTerms="{17, 29, 39, 55}

                                 1
Power::infy: Infinite expression - encountered.
                                 0

                                 1
Power::infy: Infinite expression - encountered.
                                 0

                                 1
Power::infy: Infinite expression - encountered.
                                 0

General::stop: Further output of Power::infy will be suppressed during this calculation.
"S9P5_COUPLED_ENDPOINT_SUCCESS: label=""Hqq;q_qbar_sameFlavor Pg"" repairVersion="1
"S9P5_ENDPOINT_STAGE: parallel batch for Hqq;q_qbar_sameFlavor PPP positions 1-5/57"
"kernel 1 (Local):"
"\"S9P5_ENDPOINT_STAGE: Laurent term Hqq;q_qbar_sameFlavor PPP 1/57\"\n"
"kernel 2 (Local):"
"\"S9P5_ENDPOINT_STAGE: Laurent term Hqq;q_qbar_sameFlavor PPP 2/57\"\n"
"kernel 3 (Local):"
"\"S9P5_ENDPOINT_STAGE: Laurent term Hqq;q_qbar_sameFlavor PPP 3/57\"\n"
"kernel 4 (Local):"
"\"S9P5_ENDPOINT_STAGE: Laurent term Hqq;q_qbar_sameFlavor PPP 4/57\"\n"
"kernel 1 (Local):"
"\"S9P5_ENDPOINT_STAGE: exact regular extraction for Hqq;q_qbar_sameFlavor PPP term 1\"\n"
"kernel 2 (Local):"
"\"S9P5_ENDPOINT_STAGE: exact regular extraction for Hqq;q_qbar_sameFlavor PPP term 2\"\n"
"kernel 3 (Local):"
"\"S9P5_ENDPOINT_STAGE: exact regular extraction for Hqq;q_qbar_sameFlavor PPP term 3\"\n"
"kernel 4 (Local):"
"\"S9P5_ENDPOINT_STAGE: exact singular-factor extraction for Hqq;q_qbar_sameFlavor PPP term 4\"\n"
"kernel 5 (Local):"
"\"S9P5_ENDPOINT_STAGE: Laurent term Hqq;q_qbar_sameFlavor PPP 5/57\"\n"
"kernel 5 (Local):"
"\"S9P5_ENDPOINT_STAGE: exact regular extraction for Hqq;q_qbar_sameFlavor PPP term 5\"\n"
"S9P5_ENDPOINT_STAGE: parallel batch for Hqq;q_qbar_sameFlavor PPP positions 6-10/57"
"kernel 1 (Local):"
"\"S9P5_ENDPOINT_STAGE: Laurent term Hqq;q_qbar_sameFlavor PPP 6/57\"\n"
"kernel 2 (Local):"
"\"S9P5_ENDPOINT_STAGE: Laurent term Hqq;q_qbar_sameFlavor PPP 7/57\"\n"
"kernel 3 (Local):"
"\"S9P5_ENDPOINT_STAGE: Laurent term Hqq;q_qbar_sameFlavor PPP 8/57\"\n"
"kernel 4 (Local):"
"\"S9P5_ENDPOINT_STAGE: Laurent term Hqq;q_qbar_sameFlavor PPP 9/57\"\n"
"kernel 1 (Local):"
"\"S9P5_ENDPOINT_STAGE: exact regular extraction for Hqq;q_qbar_sameFlavor PPP term 6\"\n"
"kernel 2 (Local):"
"\"S9P5_ENDPOINT_STAGE: exact regular extraction for Hqq;q_qbar_sameFlavor PPP term 7\"\n"
"kernel 3 (Local):"
"\"S9P5_ENDPOINT_STAGE: exact regular extraction for Hqq;q_qbar_sameFlavor PPP term 8\"\n"
"kernel 4 (Local):"
"\"S9P5_ENDPOINT_STAGE: exact regular extraction for Hqq;q_qbar_sameFlavor PPP term 9\"\n"
"kernel 5 (Local):"
"\"S9P5_ENDPOINT_STAGE: Laurent term Hqq;q_qbar_sameFlavor PPP 10/57\"\n"
"kernel 5 (Local):"
"\"S9P5_ENDPOINT_STAGE: exact regular extraction for Hqq;q_qbar_sameFlavor PPP term 10\"\n"
"S9P5_ENDPOINT_STAGE: parallel batch for Hqq;q_qbar_sameFlavor PPP positions 11-15/57"
"kernel 1 (Local):"
"\"S9P5_ENDPOINT_STAGE: Laurent term Hqq;q_qbar_sameFlavor PPP 11/57\"\n"
"kernel 2 (Local):"
"\"S9P5_ENDPOINT_STAGE: Laurent term Hqq;q_qbar_sameFlavor PPP 12/57\"\n"
"kernel 3 (Local):"
"\"S9P5_ENDPOINT_STAGE: Laurent term Hqq;q_qbar_sameFlavor PPP 13/57\"\n"
"kernel 4 (Local):"
"\"S9P5_ENDPOINT_STAGE: Laurent term Hqq;q_qbar_sameFlavor PPP 14/57\"\n"
"kernel 5 (Local):"
"\"S9P5_ENDPOINT_STAGE: Laurent term Hqq;q_qbar_sameFlavor PPP 15/57\"\n"
"kernel 1 (Local):"
"\"S9P5_ENDPOINT_STAGE: exact regular extraction for Hqq;q_qbar_sameFlavor PPP term 11\"\n"
"kernel 3 (Local):"
"\"S9P5_ENDPOINT_STAGE: exact regular extraction for Hqq;q_qbar_sameFlavor PPP term 13\"\n"
"kernel 5 (Local):"
"\"S9P5_ENDPOINT_STAGE: exact regular extraction for Hqq;q_qbar_sameFlavor PPP term 15\"\n"
"kernel 2 (Local):"
"\"S9P5_ENDPOINT_STAGE: exact singular-factor extraction for Hqq;q_qbar_sameFlavor PPP term 12\"\n"
"kernel 4 (Local):"
"\"S9P5_ENDPOINT_STAGE: exact singular-factor extraction for Hqq;q_qbar_sameFlavor PPP term 14\"\n"
"S9P5_ENDPOINT_STAGE: parallel batch for Hqq;q_qbar_sameFlavor PPP positions 16-20/57"
"kernel 1 (Local):"
"\"S9P5_ENDPOINT_STAGE: Laurent term Hqq;q_qbar_sameFlavor PPP 16/57\"\n"
"kernel 2 (Local):"
"\"S9P5_ENDPOINT_STAGE: Laurent term Hqq;q_qbar_sameFlavor PPP 17/57\"\n"
"kernel 3 (Local):"
"\"S9P5_ENDPOINT_STAGE: Laurent term Hqq;q_qbar_sameFlavor PPP 18/57\"\n"
"kernel 4 (Local):"
"\"S9P5_ENDPOINT_STAGE: Laurent term Hqq;q_qbar_sameFlavor PPP 19/57\"\n"
"kernel 5 (Local):"
"\"S9P5_ENDPOINT_STAGE: Laurent term Hqq;q_qbar_sameFlavor PPP 20/57\"\n"
"kernel 1 (Local):"
"\"S9P5_ENDPOINT_STAGE: exact regular extraction for Hqq;q_qbar_sameFlavor PPP term 16\"\n"
"kernel 2 (Local):"
"\"S9P5_ENDPOINT_STAGE: exact regular extraction for Hqq;q_qbar_sameFlavor PPP term 17\"\n"
"kernel 3 (Local):"
"\"S9P5_ENDPOINT_STAGE: exact regular extraction for Hqq;q_qbar_sameFlavor PPP term 18\"\n"
"kernel 4 (Local):"
"\"S9P5_ENDPOINT_STAGE: exact regular extraction for Hqq;q_qbar_sameFlavor PPP term 19\"\n"
"kernel 5 (Local):"
"\"S9P5_ENDPOINT_STAGE: exact regular extraction for Hqq;q_qbar_sameFlavor PPP term 20\"\n"
"S9P5_ENDPOINT_STAGE: parallel batch for Hqq;q_qbar_sameFlavor PPP positions 21-25/57"
"kernel 1 (Local):"
"\"S9P5_ENDPOINT_STAGE: Laurent term Hqq;q_qbar_sameFlavor PPP 21/57\"\n"
"kernel 2 (Local):"
"\"S9P5_ENDPOINT_STAGE: Laurent term Hqq;q_qbar_sameFlavor PPP 22/57\"\n"
"kernel 4 (Local):"
"\"S9P5_ENDPOINT_STAGE: Laurent term Hqq;q_qbar_sameFlavor PPP 24/57\"\n"
"kernel 5 (Local):"
"\"S9P5_ENDPOINT_STAGE: Laurent term Hqq;q_qbar_sameFlavor PPP 25/57\"\n"
"kernel 3 (Local):"
"\"S9P5_ENDPOINT_STAGE: Laurent term Hqq;q_qbar_sameFlavor PPP 23/57\"\n"
"kernel 5 (Local):"
"\"S9P5_ENDPOINT_STAGE: exact singular-factor extraction for Hqq;q_qbar_sameFlavor PPP term 25\"\n"
"kernel 2 (Local):"
"\"S9P5_ENDPOINT_STAGE: exact singular-factor extraction for Hqq;q_qbar_sameFlavor PPP term 22\"\n"
"kernel 4 (Local):"
"\"S9P5_ENDPOINT_STAGE: exact singular-factor extraction for Hqq;q_qbar_sameFlavor PPP term 24\"\n"
"kernel 3 (Local):"
"\"S9P5_ENDPOINT_STAGE: exact singular-factor extraction for Hqq;q_qbar_sameFlavor PPP term 23\"\n"
"kernel 1 (Local):"
"\"S9P5_ENDPOINT_STAGE: exact singular-factor extraction for Hqq;q_qbar_sameFlavor PPP term 21\"\n"
"S9P5_ENDPOINT_STAGE: parallel batch for Hqq;q_qbar_sameFlavor PPP positions 26-30/57"
"kernel 1 (Local):"
"\"S9P5_ENDPOINT_STAGE: Laurent term Hqq;q_qbar_sameFlavor PPP 26/57\"\n"
"kernel 2 (Local):"
"\"S9P5_ENDPOINT_STAGE: Laurent term Hqq;q_qbar_sameFlavor PPP 27/57\"\n"
"kernel 3 (Local):"
"\"S9P5_ENDPOINT_STAGE: Laurent term Hqq;q_qbar_sameFlavor PPP 28/57\"\n"
"kernel 4 (Local):"
"\"S9P5_ENDPOINT_STAGE: Laurent term Hqq;q_qbar_sameFlavor PPP 29/57\"\n"
"kernel 2 (Local):"
"\"S9P5_ENDPOINT_STAGE: exact regular extraction for Hqq;q_qbar_sameFlavor PPP term 27\"\n"
"kernel 3 (Local):"
"\"S9P5_ENDPOINT_STAGE: exact regular extraction for Hqq;q_qbar_sameFlavor PPP term 28\"\n"
"kernel 4 (Local):"
"\"S9P5_ENDPOINT_STAGE: exact regular extraction for Hqq;q_qbar_sameFlavor PPP term 29\"\n"
"kernel 5 (Local):"
"\"S9P5_ENDPOINT_STAGE: Laurent term Hqq;q_qbar_sameFlavor PPP 30/57\"\n"
"kernel 5 (Local):"
"\"S9P5_ENDPOINT_STAGE: exact regular extraction for Hqq;q_qbar_sameFlavor PPP term 30\"\n"
"kernel 1 (Local):"
"\"S9P5_ENDPOINT_STAGE: exact singular-factor extraction for Hqq;q_qbar_sameFlavor PPP term 26\"\n"
"S9P5_ENDPOINT_STAGE: parallel batch for Hqq;q_qbar_sameFlavor PPP positions 31-35/57"
"kernel 1 (Local):"
"\"S9P5_ENDPOINT_STAGE: Laurent term Hqq;q_qbar_sameFlavor PPP 31/57\"\n"
"kernel 2 (Local):"
"\"S9P5_ENDPOINT_STAGE: Laurent term Hqq;q_qbar_sameFlavor PPP 32/57\"\n"
"kernel 3 (Local):"
"\"S9P5_ENDPOINT_STAGE: Laurent term Hqq;q_qbar_sameFlavor PPP 33/57\"\n"
"kernel 1 (Local):"
"\"S9P5_ENDPOINT_STAGE: exact regular extraction for Hqq;q_qbar_sameFlavor PPP term 31\"\n"
"kernel 3 (Local):"
"\"S9P5_ENDPOINT_STAGE: exact regular extraction for Hqq;q_qbar_sameFlavor PPP term 33\"\n"
"kernel 4 (Local):"
"\"S9P5_ENDPOINT_STAGE: Laurent term Hqq;q_qbar_sameFlavor PPP 34/57\"\n"
"kernel 5 (Local):"
"\"S9P5_ENDPOINT_STAGE: Laurent term Hqq;q_qbar_sameFlavor PPP 35/57\"\n"
"kernel 5 (Local):"
"\"S9P5_ENDPOINT_STAGE: exact regular extraction for Hqq;q_qbar_sameFlavor PPP term 35\"\n"
"kernel 2 (Local):"
"\"S9P5_ENDPOINT_STAGE: exact singular-factor extraction for Hqq;q_qbar_sameFlavor PPP term 32\"\n"
"kernel 4 (Local):"
"\"S9P5_ENDPOINT_STAGE: exact singular-factor extraction for Hqq;q_qbar_sameFlavor PPP term 34\"\n"
"S9P5_ENDPOINT_STAGE: parallel batch for Hqq;q_qbar_sameFlavor PPP positions 36-40/57"
"kernel 1 (Local):"
"\"S9P5_ENDPOINT_STAGE: Laurent term Hqq;q_qbar_sameFlavor PPP 36/57\"\n"
"kernel 2 (Local):"
"\"S9P5_ENDPOINT_STAGE: Laurent term Hqq;q_qbar_sameFlavor PPP 37/57\"\n"
"kernel 3 (Local):"
"\"S9P5_ENDPOINT_STAGE: Laurent term Hqq;q_qbar_sameFlavor PPP 38/57\"\n"
"kernel 1 (Local):"
"\"S9P5_ENDPOINT_STAGE: exact regular extraction for Hqq;q_qbar_sameFlavor PPP term 36\"\n"
"kernel 2 (Local):"
"\"S9P5_ENDPOINT_STAGE: exact regular extraction for Hqq;q_qbar_sameFlavor PPP term 37\"\n"
"kernel 4 (Local):"
"\"S9P5_ENDPOINT_STAGE: Laurent term Hqq;q_qbar_sameFlavor PPP 39/57\"\n"
"kernel 5 (Local):"
"\"S9P5_ENDPOINT_STAGE: Laurent term Hqq;q_qbar_sameFlavor PPP 40/57\"\n"
"kernel 5 (Local):"
"\"S9P5_ENDPOINT_STAGE: exact regular extraction for Hqq;q_qbar_sameFlavor PPP term 40\"\n"
"kernel 3 (Local):"
"\"S9P5_ENDPOINT_STAGE: exact singular-factor extraction for Hqq;q_qbar_sameFlavor PPP term 38\"\n"
"kernel 4 (Local):"
"\"S9P5_ENDPOINT_STAGE: exact singular-factor extraction for Hqq;q_qbar_sameFlavor PPP term 39\"\n"
"S9P5_ENDPOINT_STAGE: parallel batch for Hqq;q_qbar_sameFlavor PPP positions 41-45/57"
"kernel 1 (Local):"
"\"S9P5_ENDPOINT_STAGE: Laurent term Hqq;q_qbar_sameFlavor PPP 41/57\"\n"
"kernel 2 (Local):"
"\"S9P5_ENDPOINT_STAGE: Laurent term Hqq;q_qbar_sameFlavor PPP 42/57\"\n"
"kernel 3 (Local):"
"\"S9P5_ENDPOINT_STAGE: Laurent term Hqq;q_qbar_sameFlavor PPP 43/57\"\n"
"kernel 1 (Local):"
"\"S9P5_ENDPOINT_STAGE: exact regular extraction for Hqq;q_qbar_sameFlavor PPP term 41\"\n"
"kernel 5 (Local):"
"\"S9P5_ENDPOINT_STAGE: Laurent term Hqq;q_qbar_sameFlavor PPP 45/57\"\n"
"kernel 4 (Local):"
"\"S9P5_ENDPOINT_STAGE: Laurent term Hqq;q_qbar_sameFlavor PPP 44/57\"\n"
"kernel 4 (Local):"
"\"S9P5_ENDPOINT_STAGE: exact regular extraction for Hqq;q_qbar_sameFlavor PPP term 44\"\n"
"kernel 2 (Local):"
"\"S9P5_ENDPOINT_STAGE: exact singular-factor extraction for Hqq;q_qbar_sameFlavor PPP term 42\"\n"
"kernel 5 (Local):"
"\"S9P5_ENDPOINT_STAGE: exact singular-factor extraction for Hqq;q_qbar_sameFlavor PPP term 45\"\n"
"kernel 3 (Local):"
"\"S9P5_ENDPOINT_STAGE: exact singular-factor extraction for Hqq;q_qbar_sameFlavor PPP term 43\"\n"
"S9P5_ENDPOINT_STAGE: parallel batch for Hqq;q_qbar_sameFlavor PPP positions 46-50/57"
"kernel 1 (Local):"
"\"S9P5_ENDPOINT_STAGE: Laurent term Hqq;q_qbar_sameFlavor PPP 46/57\"\n"
"kernel 2 (Local):"
"\"S9P5_ENDPOINT_STAGE: Laurent term Hqq;q_qbar_sameFlavor PPP 47/57\"\n"
"kernel 3 (Local):"
"\"S9P5_ENDPOINT_STAGE: Laurent term Hqq;q_qbar_sameFlavor PPP 48/57\"\n"
"kernel 4 (Local):"
"\"S9P5_ENDPOINT_STAGE: Laurent term Hqq;q_qbar_sameFlavor PPP 49/57\"\n"
"kernel 3 (Local):"
"\"S9P5_ENDPOINT_STAGE: exact regular extraction for Hqq;q_qbar_sameFlavor PPP term 48\"\n"
"kernel 4 (Local):"
"\"S9P5_ENDPOINT_STAGE: exact regular extraction for Hqq;q_qbar_sameFlavor PPP term 49\"\n"
"kernel 5 (Local):"
"\"S9P5_ENDPOINT_STAGE: Laurent term Hqq;q_qbar_sameFlavor PPP 50/57\"\n"
"kernel 2 (Local):"
"\"S9P5_ENDPOINT_STAGE: exact singular-factor extraction for Hqq;q_qbar_sameFlavor PPP term 47\"\n"
"kernel 1 (Local):"
"\"S9P5_ENDPOINT_STAGE: exact singular-factor extraction for Hqq;q_qbar_sameFlavor PPP term 46\"\n"
"kernel 5 (Local):"
"\"S9P5_ENDPOINT_STAGE: exact singular-factor extraction for Hqq;q_qbar_sameFlavor PPP term 50\"\n"
"S9P5_ENDPOINT_STAGE: parallel batch for Hqq;q_qbar_sameFlavor PPP positions 51-55/57"
"kernel 1 (Local):"
"\"S9P5_ENDPOINT_STAGE: Laurent term Hqq;q_qbar_sameFlavor PPP 51/57\"\n"
"kernel 2 (Local):"
"\"S9P5_ENDPOINT_STAGE: Laurent term Hqq;q_qbar_sameFlavor PPP 52/57\"\n"
"kernel 3 (Local):"
"\"S9P5_ENDPOINT_STAGE: Laurent term Hqq;q_qbar_sameFlavor PPP 53/57\"\n"
"kernel 4 (Local):"
"\"S9P5_ENDPOINT_STAGE: Laurent term Hqq;q_qbar_sameFlavor PPP 54/57\"\n"
"kernel 4 (Local):"
"\"S9P5_ENDPOINT_STAGE: exact regular extraction for Hqq;q_qbar_sameFlavor PPP term 54\"\n"
"kernel 5 (Local):"
"\"S9P5_ENDPOINT_STAGE: Laurent term Hqq;q_qbar_sameFlavor PPP 55/57\"\n"
"kernel 1 (Local):"
"\"S9P5_ENDPOINT_STAGE: exact singular-factor extraction for Hqq;q_qbar_sameFlavor PPP term 51\"\n"
"kernel 2 (Local):"
"\"S9P5_ENDPOINT_STAGE: exact singular-factor extraction for Hqq;q_qbar_sameFlavor PPP term 52\"\n"
"kernel 3 (Local):"
"\"S9P5_ENDPOINT_STAGE: exact singular-factor extraction for Hqq;q_qbar_sameFlavor PPP term 53\"\n"
"kernel 5 (Local):"
"\"S9P5_ENDPOINT_STAGE: exact singular-factor extraction for Hqq;q_qbar_sameFlavor PPP term 55\"\n"
"S9P5_ENDPOINT_STAGE: parallel batch for Hqq;q_qbar_sameFlavor PPP positions 56-57/57"
"kernel 1 (Local):"
"\"S9P5_ENDPOINT_STAGE: Laurent term Hqq;q_qbar_sameFlavor PPP 56/57\"\n"
"kernel 2 (Local):"
"\"S9P5_ENDPOINT_STAGE: Laurent term Hqq;q_qbar_sameFlavor PPP 57/57\"\n"
"kernel 1 (Local):"
"\"S9P5_ENDPOINT_STAGE: exact singular-factor extraction for Hqq;q_qbar_sameFlavor PPP term 56\"\n"
"kernel 2 (Local):"
"\"S9P5_ENDPOINT_STAGE: exact singular-factor extraction for Hqq;q_qbar_sameFlavor PPP term 57\"\n"
"S9P5_COUPLED_ENDPOINT_STAGE: label=""Hqq;q_qbar_sameFlavor PPP"" sourceTerms="{8, 35, 42, 57}
"S9P5_COUPLED_ENDPOINT_SUCCESS: label=""Hqq;q_qbar_sameFlavor PPP"" repairVersion="1
"S9P5_ENDPOINT_STAGE: loading cache for Hqq;qPrime_qbarPrime Pg"
"S9P5_ENDPOINT_STAGE: loading cache for Hqq;qPrime_qbarPrime PPP"
"S9P5_ENDPOINT_CACHE_SUCCESS"
