MONITOR_START job=14691692 host=n1157 kernel_pid=35129
"PASS: ""frozen s10_result.wl"
"PASS: ""frozen s10_final_hats.wl"
"PASS: ""frozen s10_F1_hat.wl"
"PASS: ""frozen s10_F2_hat.wl"
"PASS: ""frozen s02_result.wl"
"PASS: ""frozen s02_born_and_projectors.wl"
"PASS: ""S01 source"
"PASS: ""S01 result"
"PASS: ""reference sidis.py"
"PASS: ""reference LO.py"
"PASS: ""reference NLO/Pg/fchn2A.py"
"PASS: ""reference NLO/Pg/fchn2B.py"
"PASS: ""reference NLO/Pg/fchn2C.py"
"PASS: ""reference NLO/Ppp/fchn2A.py"
"PASS: ""reference NLO/Ppp/fchn2B.py"
"PASS: ""reference NLO/Ppp/fchn2C.py"
"PASS: ""accepted independent final hats"
"PASS: ""same NLO coupling at endpoint and interior"
"PASS: ""authors projectors equal current-channel Eq. 9"
"PASS: ""authors Hqq Born tensors equal current generated Born"
"PASS: ""ordinary distribution conversion"
"PASS: ""plus transport preserves defining test-function action"
"PASS: ""reference divisors were extracted"
"PASS: ""physical benchmark exists"
"PASS: ""physical benchmark exists"
"PASS: ""physical benchmark exists"
"PASS: ""physical benchmark exists"
"PASS: ""physical benchmark exists"
"PASS: ""physical benchmark exists"
"Selected benchmarks: "InputForm[{<|"ID" -> "q1_positive", "Branch" -> 1, "Input" -> <|"Q" -> 2, "s" -> 16, "t" -> -26/17, "s23" -> 2, "mu" -> 2, "B" -> 8, "nf" -> 4, "SUNN" -> 3, "alphaS" -> 1/5, "xh" -> 1/5, "qT2" -> 1|>|>, <|"ID" -> "q1_negative", "Branch" -> -1, "Input" -> <|"Q" -> 2, "s" -> 6, "t" -> -151/22, "s23" -> 3/4, "mu" -> 2, "B" -> 3, "nf" -> 4, "SUNN" -> 3, "alphaS" -> 1/5, "xh" -> 2/5, "qT2" -> 16|>|>, <|"ID" -> "q2_positive", "Branch" -> 1, "Input" -> <|"Q" -> 5, "s" -> 100, "t" -> -925/16, "s23" -> 25/2, "mu" -> 5, "B" -> 50, "nf" -> 4, "SUNN" -> 3, "alphaS" -> 1/5, "xh" -> 1/5, "qT2" -> 100|>|>, <|"ID" -> "q2_negative", "Branch" -> -1, "Input" -> <|"Q" -> 5, "s" -> 75/2, "t" -> -3775/88, "s23" -> 75/16, "mu" -> 5, "B" -> 75/4, "nf" -> 4, "SUNN" -> 3, "alphaS" -> 1/5, "xh" -> 2/5, "qT2" -> 100|>|>, <|"ID" -> "q3_positive", "Branch" -> 1, "Input" -> <|"Q" -> 10, "s" -> 400, "t" -> -925/4, "s23" -> 50, "mu" -> 10, "B" -> 200, "nf" -> 4, "SUNN" -> 3, "alphaS" -> 1/5, "xh" -> 1/5, "qT2" -> 400|>|>, <|"ID" -> "q3_negative", "Branch" -> -1, "Input" -> <|"Q" -> 10, "s" -> 150, "t" -> -3775/22, "s23" -> 75/4, "mu" -> 10, "B" -> 75, "nf" -> 4, "SUNN" -> 3, "alphaS" -> 1/5, "xh" -> 2/5, "qT2" -> 400|>|>}]
MONITOR_HEARTBEAT elapsed=31s rss=1003.8MiB peak=1003.8MiB
MONITOR_HEARTBEAT elapsed=61s rss=1003.8MiB peak=1003.8MiB
MONITOR_HEARTBEAT elapsed=92s rss=1569.1MiB peak=1569.1MiB
"Independent benchmark workers: "5
"From remote kernel:"
"\"Point start \"\"q1_negative\"\" memory=\"183281144\n"
"From remote kernel:"
"\"Point start \"\"q2_positive\"\" memory=\"183281376\n"
"From remote kernel:"
"\"Point start \"\"q2_negative\"\" memory=\"183281496\n"
"From remote kernel:"
"\"Point start \"\"q1_positive\"\" memory=\"183279688\n"
"From remote kernel:"
"\"Point start \"\"q3_positive\"\" memory=\"183281096\n"
"From remote kernel:"
"\"PASS: \"\"q1_positive PgA regular finite and real\"\n"
"From remote kernel:"
"\"PASS: \"\"q1_negative PgA regular finite and real\"\n"
"From remote kernel:"
"\"PASS: \"\"q2_positive PgA regular finite and real\"\n"
"From remote kernel:"
"\"PASS: \"\"q2_negative PgA regular finite and real\"\n"
"From remote kernel:"
"\"PASS: \"\"q3_positive PgA regular finite and real\"\n"
"From remote kernel:"
"\"PASS: \"\"q1_positive PgA plus1B finite and real\"\n"
"From remote kernel:"
"\"PASS: \"\"q1_negative PgA plus1B finite and real\"\n"
"From remote kernel:"
"\"PASS: \"\"q2_positive PgA plus1B finite and real\"\n"
"From remote kernel:"
"\"PASS: \"\"q2_negative PgA plus1B finite and real\"\n"
"From remote kernel:"
"\"PASS: \"\"q3_positive PgA plus1B finite and real\"\n"
"From remote kernel:"
"\"PASS: \"\"q1_positive PgA plus2B finite and real\"\n"
"From remote kernel:"
"\"PASS: \"\"q1_negative PgA plus2B finite and real\"\n"
"From remote kernel:"
"\"PASS: \"\"q2_positive PgA plus2B finite and real\"\n"
"From remote kernel:"
"\"PASS: \"\"q2_negative PgA plus2B finite and real\"\n"
"From remote kernel:"
"\"PASS: \"\"q3_positive PgA plus2B finite and real\"\n"
"From remote kernel:"
"\"Endpoint limit \"\"q1_positive PgA delta endpoint\"\n"
"From remote kernel:"
"\"Endpoint limit \"\"q1_negative PgA delta endpoint\"\n"
"From remote kernel:"
"\"Endpoint limit \"\"q2_positive PgA delta endpoint\"\n"
"From remote kernel:"
"\"Endpoint limit \"\"q2_negative PgA delta endpoint\"\n"
"From remote kernel:"
"\"Endpoint limit \"\"q3_positive PgA delta endpoint\"\n"
"From remote kernel:"
"\"PASS: \"\"q1_negative PgA delta endpoint finite and real\"\n"
"From remote kernel:"
"\"PASS: \"\"q1_negative PgA plus1B endpoint finite and real\"\n"
"From remote kernel:"
"\"PASS: \"\"q1_negative PgA plus2B endpoint finite and real\"\n"
"From remote kernel:"
"\"PASS: \"\"q1_negative PgC regular finite and real\"\n"
"From remote kernel:"
"\"PASS: \"\"q1_negative PgC plus1B finite and real\"\n"
"From remote kernel:"
"\"PASS: \"\"q1_negative PgC plus2B finite and real\"\n"
"From remote kernel:"
"\"PASS: \"\"q1_negative PgC delta endpoint finite and real\"\n"
"From remote kernel:"
"\"PASS: \"\"q1_negative PgC plus1B endpoint finite and real\"\n"
"From remote kernel:"
"\"PASS: \"\"q1_negative PgC plus2B endpoint finite and real\"\n"
"From remote kernel:"
"\"PASS: \"\"q1_negative PppA regular finite and real\"\n"
"From remote kernel:"
"\"PASS: \"\"q1_negative PppA plus1B finite and real\"\n"
"From remote kernel:"
"\"PASS: \"\"q1_negative PppA plus2B finite and real\"\n"
"From remote kernel:"
"\"PASS: \"\"q1_negative PppA delta endpoint finite and real\"\n"
"From remote kernel:"
"\"PASS: \"\"q1_negative PppA plus1B endpoint finite and real\"\n"
"From remote kernel:"
"\"PASS: \"\"q1_negative PppA plus2B endpoint finite and real\"\n"
"From remote kernel:"
"\"PASS: \"\"q1_negative PppC regular finite and real\"\n"
"From remote kernel:"
"\"PASS: \"\"q1_negative PppC plus1B finite and real\"\n"
"From remote kernel:"
"\"PASS: \"\"q1_negative PppC plus2B finite and real\"\n"
"From remote kernel:"
"\"PASS: \"\"q1_negative PppC delta endpoint finite and real\"\n"
"From remote kernel:"
"\"PASS: \"\"q1_negative PppC plus1B endpoint finite and real\"\n"
"From remote kernel:"
"\"PASS: \"\"q1_negative PppC plus2B endpoint finite and real\"\n"
"From remote kernel:"
"\"PASS: \"\"active flavor count agrees\"\n"
"From remote kernel:"
"\"PASS: \"\"driver primary charge weight\"\n"
"From remote kernel:"
"\"PASS: \"\"driver secondary charge weight equals saved flavor sum\"\n"
"From remote kernel:"
"\"PASS: \"\"physical mixed-charge luminosity vanishes\"\n"
"From remote kernel:"
"\"PASS: \"\"saved endpoint coefficients do not depend on recoil\"\n"
"From remote kernel:"
"\"PASS: \"\"q1_negative local up F1 LODelta finite and real\"\n"
"From remote kernel:"
"\"PASS: \"\"q1_negative reference up F1 LODelta finite and real\"\n"
"From remote kernel:"
"\"PASS: \"\"q2_negative PgA delta endpoint finite and real\"\n"
"From remote kernel:"
"\"PASS: \"\"q2_negative PgA plus1B endpoint finite and real\"\n"
"From remote kernel:"
"\"PASS: \"\"q2_negative PgA plus2B endpoint finite and real\"\n"
"From remote kernel:"
"\"PASS: \"\"q2_negative PgC regular finite and real\"\n"
"From remote kernel:"
"\"PASS: \"\"q2_negative PgC plus1B finite and real\"\n"
"From remote kernel:"
"\"PASS: \"\"q2_negative PgC plus2B finite and real\"\n"
"From remote kernel:"
"\"PASS: \"\"q2_negative PgC delta endpoint finite and real\"\n"
"From remote kernel:"
"\"PASS: \"\"q2_negative PgC plus1B endpoint finite and real\"\n"
"From remote kernel:"
"\"PASS: \"\"q2_negative PgC plus2B endpoint finite and real\"\n"
"From remote kernel:"
"\"PASS: \"\"q2_negative PppA regular finite and real\"\n"
"From remote kernel:"
"\"PASS: \"\"q2_negative PppA plus1B finite and real\"\n"
"From remote kernel:"
"\"PASS: \"\"q2_negative PppA plus2B finite and real\"\n"
"From remote kernel:"
"\"PASS: \"\"q1_negative local up F1 Delta finite and real\"\n"
"From remote kernel:"
"\"PASS: \"\"q2_negative PppA delta endpoint finite and real\"\n"
"From remote kernel:"
"\"PASS: \"\"q1_negative reference up F1 Delta finite and real\"\n"
"From remote kernel:"
"\"PASS: \"\"q2_negative PppA plus1B endpoint finite and real\"\n"
"From remote kernel:"
"\"PASS: \"\"q1_negative local up F1 L0 finite and real\"\n"
"From remote kernel:"
"\"PASS: \"\"q2_negative PppA plus2B endpoint finite and real\"\n"
"From remote kernel:"
"\"PASS: \"\"q1_negative reference up F1 L0 finite and real\"\n"
"From remote kernel:"
"\"PASS: \"\"q2_negative PppC regular finite and real\"\n"
"From remote kernel:"
"\"PASS: \"\"q1_negative local up F1 L1 finite and real\"\n"
"From remote kernel:"
"\"PASS: \"\"q2_negative PppC plus1B finite and real\"\n"
"From remote kernel:"
"\"PASS: \"\"q1_negative reference up F1 L1 finite and real\"\n"
"From remote kernel:"
"\"PASS: \"\"q2_negative PppC plus2B finite and real\"\n"
"From remote kernel:"
"\"PASS: \"\"q2_negative PppC delta endpoint finite and real\"\n"
"From remote kernel:"
"\"PASS: \"\"q2_negative PppC plus1B endpoint finite and real\"\n"
"From remote kernel:"
"\"PASS: \"\"q2_negative PppC plus2B endpoint finite and real\"\n"
"From remote kernel:"
"\"PASS: \"\"q1_negative local up F1 Regular finite and real\"\n"
"From remote kernel:"
"\"PASS: \"\"q1_negative reference up F1 Regular finite and real\"\n"
"From remote kernel:"
"\"PASS: \"\"q1_negative final expression up F1 finite and real\"\n"
"From remote kernel:"
"\"PASS: \"\"ordinary local coefficient reconstruction finite and real\"\n"
"From remote kernel:"
"\"PASS: \"\"final expression equals ordinary coefficient assembly\"\n"
"From remote kernel:"
"\"PASS: \"\"q1_negative ordinary reference up F1 finite and real\"\n"
"From remote kernel:"
"\"PASS: \"\"saved endpoint coefficients do not depend on recoil\"\n"
"From remote kernel:"
"\"PASS: \"\"q1_negative local up F2 LODelta finite and real\"\n"
"From remote kernel:"
"\"PASS: \"\"q1_negative reference up F2 LODelta finite and real\"\n"
"From remote kernel:"
"\"PASS: \"\"active flavor count agrees\"\n"
"From remote kernel:"
"\"PASS: \"\"driver primary charge weight\"\n"
"From remote kernel:"
"\"PASS: \"\"driver secondary charge weight equals saved flavor sum\"\n"
"From remote kernel:"
"\"PASS: \"\"physical mixed-charge luminosity vanishes\"\n"
"From remote kernel:"
"\"PASS: \"\"q1_negative local up F2 Delta finite and real\"\n"
"From remote kernel:"
"\"PASS: \"\"q1_negative reference up F2 Delta finite and real\"\n"
"From remote kernel:"
"\"PASS: \"\"q1_negative local up F2 L0 finite and real\"\n"
"From remote kernel:"
"\"PASS: \"\"q1_negative reference up F2 L0 finite and real\"\n"
"From remote kernel:"
"\"PASS: \"\"q1_negative local up F2 L1 finite and real\"\n"
"From remote kernel:"
"\"PASS: \"\"q1_negative reference up F2 L1 finite and real\"\n"
"From remote kernel:"
"\"PASS: \"\"saved endpoint coefficients do not depend on recoil\"\n"
"From remote kernel:"
"\"PASS: \"\"q2_negative local up F1 LODelta finite and real\"\n"
"From remote kernel:"
"\"PASS: \"\"q2_negative reference up F1 LODelta finite and real\"\n"
"From remote kernel:"
"\"PASS: \"\"q1_negative local up F2 Regular finite and real\"\n"
"From remote kernel:"
"\"PASS: \"\"q1_negative reference up F2 Regular finite and real\"\n"
"From remote kernel:"
"\"PASS: \"\"q2_negative local up F1 Delta finite and real\"\n"
"From remote kernel:"
"\"PASS: \"\"q2_negative reference up F1 Delta finite and real\"\n"
"From remote kernel:"
"\"PASS: \"\"q2_negative local up F1 L0 finite and real\"\n"
"From remote kernel:"
"\"PASS: \"\"q2_negative reference up F1 L0 finite and real\"\n"
"From remote kernel:"
"\"PASS: \"\"q2_negative local up F1 L1 finite and real\"\n"
"From remote kernel:"
"\"PASS: \"\"q2_negative reference up F1 L1 finite and real\"\n"
"From remote kernel:"
"\"PASS: \"\"q2_negative local up F1 Regular finite and real\"\n"
"From remote kernel:"
"\"PASS: \"\"q2_negative reference up F1 Regular finite and real\"\n"
"From remote kernel:"
"\"PASS: \"\"q1_negative final expression up F2 finite and real\"\n"
"From remote kernel:"
"\"PASS: \"\"ordinary local coefficient reconstruction finite and real\"\n"
"From remote kernel:"
"\"PASS: \"\"final expression equals ordinary coefficient assembly\"\n"
"From remote kernel:"
"\"PASS: \"\"q1_negative ordinary reference up F2 finite and real\"\n"
"From remote kernel:"
"\"PASS: \"\"active flavor count agrees\"\n"
"From remote kernel:"
"\"PASS: \"\"driver primary charge weight\"\n"
"From remote kernel:"
"\"PASS: \"\"driver secondary charge weight equals saved flavor sum\"\n"
"From remote kernel:"
"\"PASS: \"\"physical mixed-charge luminosity vanishes\"\n"
"From remote kernel:"
"\"PASS: \"\"saved endpoint coefficients do not depend on recoil\"\n"
"From remote kernel:"
"\"PASS: \"\"q1_negative local down F1 LODelta finite and real\"\n"
"From remote kernel:"
"\"PASS: \"\"q2_negative final expression up F1 finite and real\"\n"
"From remote kernel:"
"\"PASS: \"\"q1_negative reference down F1 LODelta finite and real\"\n"
"From remote kernel:"
"\"PASS: \"\"q1_negative local down F1 Delta finite and real\"\n"
"From remote kernel:"
"\"PASS: \"\"ordinary local coefficient reconstruction finite and real\"\n"
"From remote kernel:"
"\"PASS: \"\"q1_negative reference down F1 Delta finite and real\"\n"
"From remote kernel:"
"\"PASS: \"\"final expression equals ordinary coefficient assembly\"\n"
"From remote kernel:"
"\"PASS: \"\"q1_negative local down F1 L0 finite and real\"\n"
"From remote kernel:"
"\"PASS: \"\"q2_negative ordinary reference up F1 finite and real\"\n"
"From remote kernel:"
"\"PASS: \"\"q1_negative reference down F1 L0 finite and real\"\n"
"From remote kernel:"
"\"PASS: \"\"q1_negative local down F1 L1 finite and real\"\n"
"From remote kernel:"
"\"PASS: \"\"q1_negative reference down F1 L1 finite and real\"\n"
"From remote kernel:"
"\"PASS: \"\"saved endpoint coefficients do not depend on recoil\"\n"
"From remote kernel:"
"\"PASS: \"\"q2_negative local up F2 LODelta finite and real\"\n"
"From remote kernel:"
"\"PASS: \"\"q2_negative reference up F2 LODelta finite and real\"\n"
"From remote kernel:"
"\"PASS: \"\"q1_negative local down F1 Regular finite and real\"\n"
"From remote kernel:"
"\"PASS: \"\"q1_negative reference down F1 Regular finite and real\"\n"
"From remote kernel:"
"\"PASS: \"\"q2_negative local up F2 Delta finite and real\"\n"
"From remote kernel:"
"\"PASS: \"\"q2_negative reference up F2 Delta finite and real\"\n"
"From remote kernel:"
"\"PASS: \"\"q2_negative local up F2 L0 finite and real\"\n"
"From remote kernel:"
"\"PASS: \"\"q2_negative reference up F2 L0 finite and real\"\n"
"From remote kernel:"
"\"PASS: \"\"q2_negative local up F2 L1 finite and real\"\n"
"From remote kernel:"
"\"PASS: \"\"q2_negative reference up F2 L1 finite and real\"\n"
"From remote kernel:"
"\"PASS: \"\"q1_negative final expression down F1 finite and real\"\n"
"From remote kernel:"
"\"PASS: \"\"q2_negative local up F2 Regular finite and real\"\n"
"From remote kernel:"
"\"PASS: \"\"q2_negative reference up F2 Regular finite and real\"\n"
"From remote kernel:"
"\"PASS: \"\"ordinary local coefficient reconstruction finite and real\"\n"
"From remote kernel:"
"\"PASS: \"\"final expression equals ordinary coefficient assembly\"\n"
"From remote kernel:"
"\"PASS: \"\"q1_negative ordinary reference down F1 finite and real\"\n"
"From remote kernel:"
"\"PASS: \"\"saved endpoint coefficients do not depend on recoil\"\n"
"From remote kernel:"
"\"PASS: \"\"q1_negative local down F2 LODelta finite and real\"\n"
"From remote kernel:"
"\"PASS: \"\"q1_negative reference down F2 LODelta finite and real\"\n"
"From remote kernel:"
"\"PASS: \"\"q2_negative final expression up F2 finite and real\"\n"
"From remote kernel:"
"\"PASS: \"\"q1_negative local down F2 Delta finite and real\"\n"
"From remote kernel:"
"\"PASS: \"\"q1_negative reference down F2 Delta finite and real\"\n"
"From remote kernel:"
"\"PASS: \"\"q1_negative local down F2 L0 finite and real\"\n"
"From remote kernel:"
"\"PASS: \"\"q1_negative reference down F2 L0 finite and real\"\n"
"From remote kernel:"
"\"PASS: \"\"q1_negative local down F2 L1 finite and real\"\n"
"From remote kernel:"
"\"PASS: \"\"q1_negative reference down F2 L1 finite and real\"\n"
"From remote kernel:"
"\"PASS: \"\"ordinary local coefficient reconstruction finite and real\"\n"
"From remote kernel:"
"\"PASS: \"\"final expression equals ordinary coefficient assembly\"\n"
"From remote kernel:"
"\"PASS: \"\"q2_negative ordinary reference up F2 finite and real\"\n"
"From remote kernel:"
"\"PASS: \"\"active flavor count agrees\"\n"
"From remote kernel:"
"\"PASS: \"\"driver primary charge weight\"\n"
"From remote kernel:"
"\"PASS: \"\"driver secondary charge weight equals saved flavor sum\"\n"
"From remote kernel:"
"\"PASS: \"\"physical mixed-charge luminosity vanishes\"\n"
"From remote kernel:"
"\"PASS: \"\"q1_negative local down F2 Regular finite and real\"\n"
"From remote kernel:"
"\"PASS: \"\"q1_positive PgA delta endpoint finite and real\"\n"
"From remote kernel:"
"\"PASS: \"\"q1_negative reference down F2 Regular finite and real\"\n"
"From remote kernel:"
"\"PASS: \"\"q1_positive PgA plus1B endpoint finite and real\"\n"
"From remote kernel:"
"\"PASS: \"\"saved endpoint coefficients do not depend on recoil\"\n"
"From remote kernel:"
"\"PASS: \"\"q1_positive PgA plus2B endpoint finite and real\"\n"
"From remote kernel:"
"\"PASS: \"\"q2_negative local down F1 LODelta finite and real\"\n"
"From remote kernel:"
"\"PASS: \"\"q1_positive PgC regular finite and real\"\n"
"From remote kernel:"
"\"PASS: \"\"q2_negative reference down F1 LODelta finite and real\"\n"
"From remote kernel:"
"\"PASS: \"\"q1_positive PgC plus1B finite and real\"\n"
"From remote kernel:"
"\"PASS: \"\"q1_positive PgC plus2B finite and real\"\n"
"From remote kernel:"
"\"PASS: \"\"q1_positive PgC delta endpoint finite and real\"\n"
"From remote kernel:"
"\"PASS: \"\"q1_positive PgC plus1B endpoint finite and real\"\n"
"From remote kernel:"
"\"PASS: \"\"q1_positive PgC plus2B endpoint finite and real\"\n"
"From remote kernel:"
"\"PASS: \"\"q1_positive PppA regular finite and real\"\n"
"From remote kernel:"
"\"PASS: \"\"q1_positive PppA plus1B finite and real\"\n"
"From remote kernel:"
"\"PASS: \"\"q1_positive PppA plus2B finite and real\"\n"
"From remote kernel:"
"\"Endpoint limit \"\"q1_positive PppA delta endpoint\"\n"
"From remote kernel:"
"\"PASS: \"\"q2_negative local down F1 Delta finite and real\"\n"
"From remote kernel:"
"\"PASS: \"\"q2_negative reference down F1 Delta finite and real\"\n"
"From remote kernel:"
"\"PASS: \"\"q2_negative local down F1 L0 finite and real\"\n"
"From remote kernel:"
"\"PASS: \"\"q2_negative reference down F1 L0 finite and real\"\n"
"From remote kernel:"
"\"PASS: \"\"q2_negative local down F1 L1 finite and real\"\n"
"From remote kernel:"
"\"PASS: \"\"q2_negative reference down F1 L1 finite and real\"\n"
"From remote kernel:"
"\"PASS: \"\"q1_negative final expression down F2 finite and real\"\n"
"From remote kernel:"
"\"PASS: \"\"q2_negative local down F1 Regular finite and real\"\n"
"From remote kernel:"
"\"PASS: \"\"q2_negative reference down F1 Regular finite and real\"\n"
"From remote kernel:"
"\"PASS: \"\"ordinary local coefficient reconstruction finite and real\"\n"
"From remote kernel:"
"\"PASS: \"\"final expression equals ordinary coefficient assembly\"\n"
"From remote kernel:"
"\"PASS: \"\"q1_negative ordinary reference down F2 finite and real\"\n"
"From remote kernel:"
"\"Point complete \"\"q1_negative\"\" memory=\"415476112\n"
"From remote kernel:"
"\"PASS: \"\"q2_positive PgA delta endpoint finite and real\"\n"
"From remote kernel:"
"\"PASS: \"\"q2_positive PgA plus1B endpoint finite and real\"\n"
"From remote kernel:"
"\"PASS: \"\"q2_positive PgA plus2B endpoint finite and real\"\n"
"From remote kernel:"
"\"Point start \"\"q3_negative\"\" memory=\"406909432\n"
"From remote kernel:"
"\"PASS: \"\"q2_positive PgC regular finite and real\"\n"
"From remote kernel:"
"\"PASS: \"\"q3_negative PgA regular finite and real\"\n"
"From remote kernel:"
"\"PASS: \"\"q2_positive PgC plus1B finite and real\"\n"
"From remote kernel:"
"\"PASS: \"\"q2_positive PgC plus2B finite and real\"\n"
"From remote kernel:"
"\"PASS: \"\"q3_negative PgA plus1B finite and real\"\n"
"From remote kernel:"
"\"PASS: \"\"q2_positive PgC delta endpoint finite and real\"\n"
"From remote kernel:"
"\"PASS: \"\"q3_negative PgA plus2B finite and real\"\n"
"From remote kernel:"
"\"PASS: \"\"q2_positive PgC plus1B endpoint finite and real\"\n"
"From remote kernel:"
"\"Endpoint limit \"\"q3_negative PgA delta endpoint\"\n"
"From remote kernel:"
"\"PASS: \"\"q2_positive PgC plus2B endpoint finite and real\"\n"
"From remote kernel:"
"\"PASS: \"\"q2_positive PppA regular finite and real\"\n"
"From remote kernel:"
"\"PASS: \"\"q2_positive PppA plus1B finite and real\"\n"
"From remote kernel:"
"\"PASS: \"\"q2_positive PppA plus2B finite and real\"\n"
"From remote kernel:"
"\"Endpoint limit \"\"q2_positive PppA delta endpoint\"\n"
"From remote kernel:"
"\"PASS: \"\"q2_negative final expression down F1 finite and real\"\n"
"From remote kernel:"
"\"PASS: \"\"q3_positive PgA delta endpoint finite and real\"\n"
"From remote kernel:"
"\"PASS: \"\"q3_positive PgA plus1B endpoint finite and real\"\n"
"From remote kernel:"
"\"PASS: \"\"q3_positive PgA plus2B endpoint finite and real\"\n"
"From remote kernel:"
"\"PASS: \"\"q3_positive PgC regular finite and real\"\n"
"From remote kernel:"
"\"PASS: \"\"q3_positive PgC plus1B finite and real\"\n"
"From remote kernel:"
"\"PASS: \"\"ordinary local coefficient reconstruction finite and real\"\n"
"From remote kernel:"
"\"PASS: \"\"q3_positive PgC plus2B finite and real\"\n"
"From remote kernel:"
"\"PASS: \"\"final expression equals ordinary coefficient assembly\"\n"
"From remote kernel:"
"\"PASS: \"\"q3_positive PgC delta endpoint finite and real\"\n"
"From remote kernel:"
"\"PASS: \"\"q2_negative ordinary reference down F1 finite and real\"\n"
"From remote kernel:"
"\"PASS: \"\"q3_positive PgC plus1B endpoint finite and real\"\n"
"From remote kernel:"
"\"PASS: \"\"q3_positive PgC plus2B endpoint finite and real\"\n"
"From remote kernel:"
"\"PASS: \"\"q3_positive PppA regular finite and real\"\n"
"From remote kernel:"
"\"PASS: \"\"q3_positive PppA plus1B finite and real\"\n"
"From remote kernel:"
"\"PASS: \"\"q3_positive PppA plus2B finite and real\"\n"
"From remote kernel:"
"\"Endpoint limit \"\"q3_positive PppA delta endpoint\"\n"
"From remote kernel:"
"\"PASS: \"\"saved endpoint coefficients do not depend on recoil\"\n"
"From remote kernel:"
"\"PASS: \"\"q2_negative local down F2 LODelta finite and real\"\n"
"From remote kernel:"
"\"PASS: \"\"q2_negative reference down F2 LODelta finite and real\"\n"
"From remote kernel:"
"\"PASS: \"\"q2_negative local down F2 Delta finite and real\"\n"
"From remote kernel:"
"\"PASS: \"\"q2_negative reference down F2 Delta finite and real\"\n"
"From remote kernel:"
"\"PASS: \"\"q2_negative local down F2 L0 finite and real\"\n"
"From remote kernel:"
"\"PASS: \"\"q2_negative reference down F2 L0 finite and real\"\n"
"From remote kernel:"
"\"PASS: \"\"q2_negative local down F2 L1 finite and real\"\n"
"From remote kernel:"
"\"PASS: \"\"q2_negative reference down F2 L1 finite and real\"\n"
"From remote kernel:"
"\"PASS: \"\"q2_negative local down F2 Regular finite and real\"\n"
"From remote kernel:"
"\"PASS: \"\"q2_negative reference down F2 Regular finite and real\"\n"
"From remote kernel:"
"\"PASS: \"\"q2_negative final expression down F2 finite and real\"\n"
"From remote kernel:"
"\"PASS: \"\"ordinary local coefficient reconstruction finite and real\"\n"
"From remote kernel:"
"\"PASS: \"\"final expression equals ordinary coefficient assembly\"\n"
"From remote kernel:"
"\"PASS: \"\"q2_negative ordinary reference down F2 finite and real\"\n"
"From remote kernel:"
"\"Point complete \"\"q2_negative\"\" memory=\"418664760\n"
MONITOR_HEARTBEAT elapsed=122s rss=2779.2MiB peak=2783.3MiB
"From remote kernel:"
"\"PASS: \"\"q1_positive PppA delta endpoint finite and real\"\n"
"From remote kernel:"
"\"PASS: \"\"q1_positive PppA plus1B endpoint finite and real\"\n"
"From remote kernel:"
"\"PASS: \"\"q1_positive PppA plus2B endpoint finite and real\"\n"
"From remote kernel:"
"\"PASS: \"\"q1_positive PppC regular finite and real\"\n"
"From remote kernel:"
"\"PASS: \"\"q1_positive PppC plus1B finite and real\"\n"
"From remote kernel:"
"\"PASS: \"\"q1_positive PppC plus2B finite and real\"\n"
"From remote kernel:"
"\"PASS: \"\"q1_positive PppC delta endpoint finite and real\"\n"
"From remote kernel:"
"\"PASS: \"\"q1_positive PppC plus1B endpoint finite and real\"\n"
"From remote kernel:"
"\"PASS: \"\"q1_positive PppC plus2B endpoint finite and real\"\n"
"From remote kernel:"
"\"PASS: \"\"q2_positive PppA delta endpoint finite and real\"\n"
"From remote kernel:"
"\"PASS: \"\"q2_positive PppA plus1B endpoint finite and real\"\n"
"From remote kernel:"
"\"PASS: \"\"q2_positive PppA plus2B endpoint finite and real\"\n"
"From remote kernel:"
"\"PASS: \"\"q2_positive PppC regular finite and real\"\n"
"From remote kernel:"
"\"PASS: \"\"q2_positive PppC plus1B finite and real\"\n"
"From remote kernel:"
"\"PASS: \"\"q2_positive PppC plus2B finite and real\"\n"
"From remote kernel:"
"\"PASS: \"\"q2_positive PppC delta endpoint finite and real\"\n"
"From remote kernel:"
"\"PASS: \"\"active flavor count agrees\"\n"
"From remote kernel:"
"\"PASS: \"\"q2_positive PppC plus1B endpoint finite and real\"\n"
"From remote kernel:"
"\"PASS: \"\"q2_positive PppC plus2B endpoint finite and real\"\n"
"From remote kernel:"
"\"PASS: \"\"driver primary charge weight\"\n"
"From remote kernel:"
"\"PASS: \"\"driver secondary charge weight equals saved flavor sum\"\n"
"From remote kernel:"
"\"PASS: \"\"physical mixed-charge luminosity vanishes\"\n"
"From remote kernel:"
"\"PASS: \"\"saved endpoint coefficients do not depend on recoil\"\n"
"From remote kernel:"
"\"PASS: \"\"q1_positive local up F1 LODelta finite and real\"\n"
"From remote kernel:"
"\"PASS: \"\"q1_positive reference up F1 LODelta finite and real\"\n"
"From remote kernel:"
"\"PASS: \"\"q3_positive PppA delta endpoint finite and real\"\n"
"From remote kernel:"
"\"PASS: \"\"q3_positive PppA plus1B endpoint finite and real\"\n"
"From remote kernel:"
"\"PASS: \"\"q3_positive PppA plus2B endpoint finite and real\"\n"
"From remote kernel:"
"\"PASS: \"\"q3_positive PppC regular finite and real\"\n"
"From remote kernel:"
"\"PASS: \"\"q3_positive PppC plus1B finite and real\"\n"
"From remote kernel:"
"\"PASS: \"\"q3_positive PppC plus2B finite and real\"\n"
"From remote kernel:"
"\"PASS: \"\"q1_positive local up F1 Delta finite and real\"\n"
"From remote kernel:"
"\"PASS: \"\"q3_positive PppC delta endpoint finite and real\"\n"
"From remote kernel:"
"\"PASS: \"\"q1_positive reference up F1 Delta finite and real\"\n"
"From remote kernel:"
"\"PASS: \"\"q3_positive PppC plus1B endpoint finite and real\"\n"
"From remote kernel:"
"\"PASS: \"\"q1_positive local up F1 L0 finite and real\"\n"
"From remote kernel:"
"\"PASS: \"\"q3_positive PppC plus2B endpoint finite and real\"\n"
"From remote kernel:"
"\"PASS: \"\"q1_positive reference up F1 L0 finite and real\"\n"
"From remote kernel:"
"\"PASS: \"\"q1_positive local up F1 L1 finite and real\"\n"
"From remote kernel:"
"\"PASS: \"\"q1_positive reference up F1 L1 finite and real\"\n"
"From remote kernel:"
"\"PASS: \"\"q1_positive local up F1 Regular finite and real\"\n"
"From remote kernel:"
"\"PASS: \"\"q1_positive reference up F1 Regular finite and real\"\n"
"From remote kernel:"
"\"PASS: \"\"q1_positive final expression up F1 finite and real\"\n"
"From remote kernel:"
"\"PASS: \"\"ordinary local coefficient reconstruction finite and real\"\n"
"From remote kernel:"
"\"PASS: \"\"active flavor count agrees\"\n"
"From remote kernel:"
"\"PASS: \"\"final expression equals ordinary coefficient assembly\"\n"
"From remote kernel:"
"\"PASS: \"\"driver primary charge weight\"\n"
"From remote kernel:"
"\"PASS: \"\"q1_positive ordinary reference up F1 finite and real\"\n"
"From remote kernel:"
"\"PASS: \"\"driver secondary charge weight equals saved flavor sum\"\n"
"From remote kernel:"
"\"PASS: \"\"physical mixed-charge luminosity vanishes\"\n"
"From remote kernel:"
"\"PASS: \"\"saved endpoint coefficients do not depend on recoil\"\n"
"From remote kernel:"
"\"PASS: \"\"q1_positive local up F2 LODelta finite and real\"\n"
"From remote kernel:"
"\"PASS: \"\"q1_positive reference up F2 LODelta finite and real\"\n"
"From remote kernel:"
"\"PASS: \"\"saved endpoint coefficients do not depend on recoil\"\n"
"From remote kernel:"
"\"PASS: \"\"q2_positive local up F1 LODelta finite and real\"\n"
"From remote kernel:"
"\"PASS: \"\"q2_positive reference up F1 LODelta finite and real\"\n"
"From remote kernel:"
"\"PASS: \"\"active flavor count agrees\"\n"
"From remote kernel:"
"\"PASS: \"\"q1_positive local up F2 Delta finite and real\"\n"
"From remote kernel:"
"\"PASS: \"\"driver primary charge weight\"\n"
"From remote kernel:"
"\"PASS: \"\"q1_positive reference up F2 Delta finite and real\"\n"
"From remote kernel:"
"\"PASS: \"\"driver secondary charge weight equals saved flavor sum\"\n"
"From remote kernel:"
"\"PASS: \"\"q1_positive local up F2 L0 finite and real\"\n"
"From remote kernel:"
"\"PASS: \"\"physical mixed-charge luminosity vanishes\"\n"
"From remote kernel:"
"\"PASS: \"\"q1_positive reference up F2 L0 finite and real\"\n"
"From remote kernel:"
"\"PASS: \"\"q1_positive local up F2 L1 finite and real\"\n"
"From remote kernel:"
"\"PASS: \"\"q1_positive reference up F2 L1 finite and real\"\n"
"From remote kernel:"
"\"PASS: \"\"q2_positive local up F1 Delta finite and real\"\n"
"From remote kernel:"
"\"PASS: \"\"q2_positive reference up F1 Delta finite and real\"\n"
"From remote kernel:"
"\"PASS: \"\"q2_positive local up F1 L0 finite and real\"\n"
"From remote kernel:"
"\"PASS: \"\"q2_positive reference up F1 L0 finite and real\"\n"
"From remote kernel:"
"\"PASS: \"\"q2_positive local up F1 L1 finite and real\"\n"
"From remote kernel:"
"\"PASS: \"\"q2_positive reference up F1 L1 finite and real\"\n"
"From remote kernel:"
"\"PASS: \"\"saved endpoint coefficients do not depend on recoil\"\n"
"From remote kernel:"
"\"PASS: \"\"q3_positive local up F1 LODelta finite and real\"\n"
"From remote kernel:"
"\"PASS: \"\"q1_positive local up F2 Regular finite and real\"\n"
"From remote kernel:"
"\"PASS: \"\"q3_positive reference up F1 LODelta finite and real\"\n"
"From remote kernel:"
"\"PASS: \"\"q1_positive reference up F2 Regular finite and real\"\n"
"From remote kernel:"
"\"PASS: \"\"q2_positive local up F1 Regular finite and real\"\n"
"From remote kernel:"
"\"PASS: \"\"q2_positive reference up F1 Regular finite and real\"\n"
"From remote kernel:"
"\"PASS: \"\"q3_positive local up F1 Delta finite and real\"\n"
"From remote kernel:"
"\"PASS: \"\"q3_positive reference up F1 Delta finite and real\"\n"
"From remote kernel:"
"\"PASS: \"\"q3_positive local up F1 L0 finite and real\"\n"
"From remote kernel:"
"\"PASS: \"\"q3_positive reference up F1 L0 finite and real\"\n"
"From remote kernel:"
"\"PASS: \"\"q3_positive local up F1 L1 finite and real\"\n"
"From remote kernel:"
"\"PASS: \"\"q3_positive reference up F1 L1 finite and real\"\n"
"From remote kernel:"
"\"PASS: \"\"q1_positive final expression up F2 finite and real\"\n"
"From remote kernel:"
"\"PASS: \"\"q3_positive local up F1 Regular finite and real\"\n"
"From remote kernel:"
"\"PASS: \"\"q3_positive reference up F1 Regular finite and real\"\n"
"From remote kernel:"
"\"PASS: \"\"q2_positive final expression up F1 finite and real\"\n"
"From remote kernel:"
"\"PASS: \"\"ordinary local coefficient reconstruction finite and real\"\n"
"From remote kernel:"
"\"PASS: \"\"final expression equals ordinary coefficient assembly\"\n"
"From remote kernel:"
"\"PASS: \"\"q1_positive ordinary reference up F2 finite and real\"\n"
"From remote kernel:"
"\"PASS: \"\"active flavor count agrees\"\n"
"From remote kernel:"
"\"PASS: \"\"driver primary charge weight\"\n"
"From remote kernel:"
"\"PASS: \"\"driver secondary charge weight equals saved flavor sum\"\n"
"From remote kernel:"
"\"PASS: \"\"physical mixed-charge luminosity vanishes\"\n"
"From remote kernel:"
"\"PASS: \"\"saved endpoint coefficients do not depend on recoil\"\n"
"From remote kernel:"
"\"PASS: \"\"q1_positive local down F1 LODelta finite and real\"\n"
"From remote kernel:"
"\"PASS: \"\"q1_positive reference down F1 LODelta finite and real\"\n"
"From remote kernel:"
"\"PASS: \"\"ordinary local coefficient reconstruction finite and real\"\n"
"From remote kernel:"
"\"PASS: \"\"final expression equals ordinary coefficient assembly\"\n"
"From remote kernel:"
"\"PASS: \"\"q2_positive ordinary reference up F1 finite and real\"\n"
"From remote kernel:"
"\"PASS: \"\"q3_positive final expression up F1 finite and real\"\n"
"From remote kernel:"
"\"PASS: \"\"q1_positive local down F1 Delta finite and real\"\n"
"From remote kernel:"
"\"PASS: \"\"saved endpoint coefficients do not depend on recoil\"\n"
"From remote kernel:"
"\"PASS: \"\"q1_positive reference down F1 Delta finite and real\"\n"
"From remote kernel:"
"\"PASS: \"\"q2_positive local up F2 LODelta finite and real\"\n"
"From remote kernel:"
"\"PASS: \"\"q1_positive local down F1 L0 finite and real\"\n"
"From remote kernel:"
"\"PASS: \"\"q2_positive reference up F2 LODelta finite and real\"\n"
"From remote kernel:"
"\"PASS: \"\"q1_positive reference down F1 L0 finite and real\"\n"
"From remote kernel:"
"\"PASS: \"\"q1_positive local down F1 L1 finite and real\"\n"
"From remote kernel:"
"\"PASS: \"\"q1_positive reference down F1 L1 finite and real\"\n"
"From remote kernel:"
"\"PASS: \"\"ordinary local coefficient reconstruction finite and real\"\n"
"From remote kernel:"
"\"PASS: \"\"final expression equals ordinary coefficient assembly\"\n"
"From remote kernel:"
"\"PASS: \"\"q1_positive local down F1 Regular finite and real\"\n"
"From remote kernel:"
"\"PASS: \"\"q2_positive local up F2 Delta finite and real\"\n"
"From remote kernel:"
"\"PASS: \"\"q3_positive ordinary reference up F1 finite and real\"\n"
"From remote kernel:"
"\"PASS: \"\"q1_positive reference down F1 Regular finite and real\"\n"
"From remote kernel:"
"\"PASS: \"\"q2_positive reference up F2 Delta finite and real\"\n"
"From remote kernel:"
"\"PASS: \"\"q2_positive local up F2 L0 finite and real\"\n"
"From remote kernel:"
"\"PASS: \"\"q2_positive reference up F2 L0 finite and real\"\n"
"From remote kernel:"
"\"PASS: \"\"q2_positive local up F2 L1 finite and real\"\n"
"From remote kernel:"
"\"PASS: \"\"q2_positive reference up F2 L1 finite and real\"\n"
"From remote kernel:"
"\"PASS: \"\"saved endpoint coefficients do not depend on recoil\"\n"
"From remote kernel:"
"\"PASS: \"\"q3_positive local up F2 LODelta finite and real\"\n"
"From remote kernel:"
"\"PASS: \"\"q3_positive reference up F2 LODelta finite and real\"\n"
"From remote kernel:"
"\"PASS: \"\"q2_positive local up F2 Regular finite and real\"\n"
"From remote kernel:"
"\"PASS: \"\"q2_positive reference up F2 Regular finite and real\"\n"
"From remote kernel:"
"\"PASS: \"\"q3_positive local up F2 Delta finite and real\"\n"
"From remote kernel:"
"\"PASS: \"\"q3_positive reference up F2 Delta finite and real\"\n"
"From remote kernel:"
"\"PASS: \"\"q3_positive local up F2 L0 finite and real\"\n"
"From remote kernel:"
"\"PASS: \"\"q3_positive reference up F2 L0 finite and real\"\n"
"From remote kernel:"
"\"PASS: \"\"q3_positive local up F2 L1 finite and real\"\n"
"From remote kernel:"
"\"PASS: \"\"q3_positive reference up F2 L1 finite and real\"\n"
"From remote kernel:"
"\"PASS: \"\"q1_positive final expression down F1 finite and real\"\n"
"From remote kernel:"
"\"PASS: \"\"q3_positive local up F2 Regular finite and real\"\n"
"From remote kernel:"
"\"PASS: \"\"q3_positive reference up F2 Regular finite and real\"\n"
"From remote kernel:"
"\"PASS: \"\"ordinary local coefficient reconstruction finite and real\"\n"
"From remote kernel:"
"\"PASS: \"\"final expression equals ordinary coefficient assembly\"\n"
"From remote kernel:"
"\"PASS: \"\"q1_positive ordinary reference down F1 finite and real\"\n"
"From remote kernel:"
"\"PASS: \"\"q2_positive final expression up F2 finite and real\"\n"
"From remote kernel:"
"\"PASS: \"\"saved endpoint coefficients do not depend on recoil\"\n"
"From remote kernel:"
"\"PASS: \"\"q1_positive local down F2 LODelta finite and real\"\n"
"From remote kernel:"
"\"PASS: \"\"q1_positive reference down F2 LODelta finite and real\"\n"
"From remote kernel:"
"\"PASS: \"\"ordinary local coefficient reconstruction finite and real\"\n"
"From remote kernel:"
"\"PASS: \"\"final expression equals ordinary coefficient assembly\"\n"
"From remote kernel:"
"\"PASS: \"\"q2_positive ordinary reference up F2 finite and real\"\n"
"From remote kernel:"
"\"PASS: \"\"active flavor count agrees\"\n"
"From remote kernel:"
"\"PASS: \"\"driver primary charge weight\"\n"
"From remote kernel:"
"\"PASS: \"\"q1_positive local down F2 Delta finite and real\"\n"
"From remote kernel:"
"\"PASS: \"\"driver secondary charge weight equals saved flavor sum\"\n"
"From remote kernel:"
"\"PASS: \"\"q1_positive reference down F2 Delta finite and real\"\n"
"From remote kernel:"
"\"PASS: \"\"physical mixed-charge luminosity vanishes\"\n"
"From remote kernel:"
"\"PASS: \"\"q1_positive local down F2 L0 finite and real\"\n"
"From remote kernel:"
"\"PASS: \"\"q3_positive final expression up F2 finite and real\"\n"
"From remote kernel:"
"\"PASS: \"\"q1_positive reference down F2 L0 finite and real\"\n"
"From remote kernel:"
"\"PASS: \"\"q1_positive local down F2 L1 finite and real\"\n"
"From remote kernel:"
"\"PASS: \"\"saved endpoint coefficients do not depend on recoil\"\n"
"From remote kernel:"
"\"PASS: \"\"q1_positive reference down F2 L1 finite and real\"\n"
"From remote kernel:"
"\"PASS: \"\"q2_positive local down F1 LODelta finite and real\"\n"
"From remote kernel:"
"\"PASS: \"\"q2_positive reference down F1 LODelta finite and real\"\n"
"From remote kernel:"
"\"PASS: \"\"q1_positive local down F2 Regular finite and real\"\n"
"From remote kernel:"
"\"PASS: \"\"q1_positive reference down F2 Regular finite and real\"\n"
"From remote kernel:"
"\"PASS: \"\"ordinary local coefficient reconstruction finite and real\"\n"
"From remote kernel:"
"\"PASS: \"\"final expression equals ordinary coefficient assembly\"\n"
"From remote kernel:"
"\"PASS: \"\"q3_positive ordinary reference up F2 finite and real\"\n"
"From remote kernel:"
"\"PASS: \"\"q2_positive local down F1 Delta finite and real\"\n"
"From remote kernel:"
"\"PASS: \"\"active flavor count agrees\"\n"
"From remote kernel:"
"\"PASS: \"\"q2_positive reference down F1 Delta finite and real\"\n"
"From remote kernel:"
"\"PASS: \"\"driver primary charge weight\"\n"
"From remote kernel:"
"\"PASS: \"\"q2_positive local down F1 L0 finite and real\"\n"
"From remote kernel:"
"\"PASS: \"\"driver secondary charge weight equals saved flavor sum\"\n"
"From remote kernel:"
"\"PASS: \"\"q2_positive reference down F1 L0 finite and real\"\n"
"From remote kernel:"
"\"PASS: \"\"physical mixed-charge luminosity vanishes\"\n"
"From remote kernel:"
"\"PASS: \"\"q2_positive local down F1 L1 finite and real\"\n"
"From remote kernel:"
"\"PASS: \"\"q2_positive reference down F1 L1 finite and real\"\n"
"From remote kernel:"
"\"PASS: \"\"saved endpoint coefficients do not depend on recoil\"\n"
"From remote kernel:"
"\"PASS: \"\"q3_positive local down F1 LODelta finite and real\"\n"
"From remote kernel:"
"\"PASS: \"\"q3_positive reference down F1 LODelta finite and real\"\n"
"From remote kernel:"
"\"PASS: \"\"q2_positive local down F1 Regular finite and real\"\n"
"From remote kernel:"
"\"PASS: \"\"q2_positive reference down F1 Regular finite and real\"\n"
"From remote kernel:"
"\"PASS: \"\"q3_positive local down F1 Delta finite and real\"\n"
"From remote kernel:"
"\"PASS: \"\"q3_positive reference down F1 Delta finite and real\"\n"
"From remote kernel:"
"\"PASS: \"\"q1_positive final expression down F2 finite and real\"\n"
"From remote kernel:"
"\"PASS: \"\"q3_positive local down F1 L0 finite and real\"\n"
"From remote kernel:"
"\"PASS: \"\"q3_positive reference down F1 L0 finite and real\"\n"
"From remote kernel:"
"\"PASS: \"\"q3_positive local down F1 L1 finite and real\"\n"
"From remote kernel:"
"\"PASS: \"\"q3_positive reference down F1 L1 finite and real\"\n"
"From remote kernel:"
"\"PASS: \"\"q3_positive local down F1 Regular finite and real\"\n"
"From remote kernel:"
"\"PASS: \"\"ordinary local coefficient reconstruction finite and real\"\n"
"From remote kernel:"
"\"PASS: \"\"q3_positive reference down F1 Regular finite and real\"\n"
"From remote kernel:"
"\"PASS: \"\"final expression equals ordinary coefficient assembly\"\n"
"From remote kernel:"
"\"PASS: \"\"q1_positive ordinary reference down F2 finite and real\"\n"
"From remote kernel:"
"\"Point complete \"\"q1_positive\"\" memory=\"431065064\n"
"From remote kernel:"
"\"PASS: \"\"q2_positive final expression down F1 finite and real\"\n"
"From remote kernel:"
"\"PASS: \"\"ordinary local coefficient reconstruction finite and real\"\n"
"From remote kernel:"
"\"PASS: \"\"final expression equals ordinary coefficient assembly\"\n"
"From remote kernel:"
"\"PASS: \"\"q2_positive ordinary reference down F1 finite and real\"\n"
"From remote kernel:"
"\"PASS: \"\"q3_positive final expression down F1 finite and real\"\n"
"From remote kernel:"
"\"PASS: \"\"saved endpoint coefficients do not depend on recoil\"\n"
"From remote kernel:"
"\"PASS: \"\"q2_positive local down F2 LODelta finite and real\"\n"
"From remote kernel:"
"\"PASS: \"\"q2_positive reference down F2 LODelta finite and real\"\n"
"From remote kernel:"
"\"PASS: \"\"ordinary local coefficient reconstruction finite and real\"\n"
"From remote kernel:"
"\"PASS: \"\"final expression equals ordinary coefficient assembly\"\n"
"From remote kernel:"
"\"PASS: \"\"q3_positive ordinary reference down F1 finite and real\"\n"
"From remote kernel:"
"\"PASS: \"\"q2_positive local down F2 Delta finite and real\"\n"
"From remote kernel:"
"\"PASS: \"\"q2_positive reference down F2 Delta finite and real\"\n"
"From remote kernel:"
"\"PASS: \"\"q2_positive local down F2 L0 finite and real\"\n"
"From remote kernel:"
"\"PASS: \"\"q2_positive reference down F2 L0 finite and real\"\n"
"From remote kernel:"
"\"PASS: \"\"q2_positive local down F2 L1 finite and real\"\n"
"From remote kernel:"
"\"PASS: \"\"q2_positive reference down F2 L1 finite and real\"\n"
"From remote kernel:"
"\"PASS: \"\"saved endpoint coefficients do not depend on recoil\"\n"
"From remote kernel:"
"\"PASS: \"\"q3_positive local down F2 LODelta finite and real\"\n"
"From remote kernel:"
"\"PASS: \"\"q3_positive reference down F2 LODelta finite and real\"\n"
"From remote kernel:"
"\"PASS: \"\"q3_negative PgA delta endpoint finite and real\"\n"
"From remote kernel:"
"\"PASS: \"\"q2_positive local down F2 Regular finite and real\"\n"
"From remote kernel:"
"\"PASS: \"\"q3_negative PgA plus1B endpoint finite and real\"\n"
"From remote kernel:"
"\"PASS: \"\"q2_positive reference down F2 Regular finite and real\"\n"
"From remote kernel:"
"\"PASS: \"\"q3_negative PgA plus2B endpoint finite and real\"\n"
"From remote kernel:"
"\"PASS: \"\"q3_negative PgC regular finite and real\"\n"
"From remote kernel:"
"\"PASS: \"\"q3_negative PgC plus1B finite and real\"\n"
"From remote kernel:"
"\"PASS: \"\"q3_negative PgC plus2B finite and real\"\n"
"From remote kernel:"
"\"PASS: \"\"q3_positive local down F2 Delta finite and real\"\n"
"From remote kernel:"
"\"PASS: \"\"q3_negative PgC delta endpoint finite and real\"\n"
"From remote kernel:"
"\"PASS: \"\"q3_positive reference down F2 Delta finite and real\"\n"
"From remote kernel:"
"\"PASS: \"\"q3_negative PgC plus1B endpoint finite and real\"\n"
"From remote kernel:"
"\"PASS: \"\"q3_positive local down F2 L0 finite and real\"\n"
"From remote kernel:"
"\"PASS: \"\"q3_negative PgC plus2B endpoint finite and real\"\n"
"From remote kernel:"
"\"PASS: \"\"q3_positive reference down F2 L0 finite and real\"\n"
"From remote kernel:"
"\"PASS: \"\"q3_negative PppA regular finite and real\"\n"
"From remote kernel:"
"\"PASS: \"\"q3_positive local down F2 L1 finite and real\"\n"
"From remote kernel:"
"\"PASS: \"\"q3_negative PppA plus1B finite and real\"\n"
"From remote kernel:"
"\"PASS: \"\"q3_positive reference down F2 L1 finite and real\"\n"
"From remote kernel:"
"\"PASS: \"\"q3_negative PppA plus2B finite and real\"\n"
"From remote kernel:"
"\"PASS: \"\"q3_negative PppA delta endpoint finite and real\"\n"
"From remote kernel:"
"\"PASS: \"\"q3_negative PppA plus1B endpoint finite and real\"\n"
"From remote kernel:"
"\"PASS: \"\"q3_negative PppA plus2B endpoint finite and real\"\n"
"From remote kernel:"
"\"PASS: \"\"q3_negative PppC regular finite and real\"\n"
"From remote kernel:"
"\"PASS: \"\"q3_negative PppC plus1B finite and real\"\n"
"From remote kernel:"
"\"PASS: \"\"q3_negative PppC plus2B finite and real\"\n"
"From remote kernel:"
"\"PASS: \"\"q3_positive local down F2 Regular finite and real\"\n"
"From remote kernel:"
"\"PASS: \"\"q3_negative PppC delta endpoint finite and real\"\n"
"From remote kernel:"
"\"PASS: \"\"q3_positive reference down F2 Regular finite and real\"\n"
"From remote kernel:"
"\"PASS: \"\"q3_negative PppC plus1B endpoint finite and real\"\n"
"From remote kernel:"
"\"PASS: \"\"q3_negative PppC plus2B endpoint finite and real\"\n"
"From remote kernel:"
"\"PASS: \"\"active flavor count agrees\"\n"
"From remote kernel:"
"\"PASS: \"\"driver primary charge weight\"\n"
"From remote kernel:"
"\"PASS: \"\"driver secondary charge weight equals saved flavor sum\"\n"
"From remote kernel:"
"\"PASS: \"\"physical mixed-charge luminosity vanishes\"\n"
"From remote kernel:"
"\"PASS: \"\"saved endpoint coefficients do not depend on recoil\"\n"
"From remote kernel:"
"\"PASS: \"\"q3_negative local up F1 LODelta finite and real\"\n"
"From remote kernel:"
"\"PASS: \"\"q2_positive final expression down F2 finite and real\"\n"
"From remote kernel:"
"\"PASS: \"\"q3_negative reference up F1 LODelta finite and real\"\n"
"From remote kernel:"
"\"PASS: \"\"q3_negative local up F1 Delta finite and real\"\n"
"From remote kernel:"
"\"PASS: \"\"q3_negative reference up F1 Delta finite and real\"\n"
"From remote kernel:"
"\"PASS: \"\"q3_negative local up F1 L0 finite and real\"\n"
"From remote kernel:"
"\"PASS: \"\"q3_negative reference up F1 L0 finite and real\"\n"
"From remote kernel:"
"\"PASS: \"\"q3_negative local up F1 L1 finite and real\"\n"
"From remote kernel:"
"\"PASS: \"\"q3_negative reference up F1 L1 finite and real\"\n"
"From remote kernel:"
"\"PASS: \"\"ordinary local coefficient reconstruction finite and real\"\n"
"From remote kernel:"
"\"PASS: \"\"final expression equals ordinary coefficient assembly\"\n"
"From remote kernel:"
"\"PASS: \"\"q2_positive ordinary reference down F2 finite and real\"\n"
"From remote kernel:"
"\"Point complete \"\"q2_positive\"\" memory=\"430103736\n"
"From remote kernel:"
"\"PASS: \"\"q3_positive final expression down F2 finite and real\"\n"
"From remote kernel:"
"\"PASS: \"\"q3_negative local up F1 Regular finite and real\"\n"
"From remote kernel:"
"\"PASS: \"\"q3_negative reference up F1 Regular finite and real\"\n"
"From remote kernel:"
"\"PASS: \"\"ordinary local coefficient reconstruction finite and real\"\n"
"From remote kernel:"
"\"PASS: \"\"final expression equals ordinary coefficient assembly\"\n"
"From remote kernel:"
"\"PASS: \"\"q3_positive ordinary reference down F2 finite and real\"\n"
"From remote kernel:"
"\"Point complete \"\"q3_positive\"\" memory=\"434814688\n"
"From remote kernel:"
"\"PASS: \"\"q3_negative final expression up F1 finite and real\"\n"
"From remote kernel:"
"\"PASS: \"\"ordinary local coefficient reconstruction finite and real\"\n"
"From remote kernel:"
"\"PASS: \"\"final expression equals ordinary coefficient assembly\"\n"
"From remote kernel:"
"\"PASS: \"\"q3_negative ordinary reference up F1 finite and real\"\n"
"From remote kernel:"
"\"PASS: \"\"saved endpoint coefficients do not depend on recoil\"\n"
"From remote kernel:"
"\"PASS: \"\"q3_negative local up F2 LODelta finite and real\"\n"
"From remote kernel:"
"\"PASS: \"\"q3_negative reference up F2 LODelta finite and real\"\n"
"From remote kernel:"
"\"PASS: \"\"q3_negative local up F2 Delta finite and real\"\n"
"From remote kernel:"
"\"PASS: \"\"q3_negative reference up F2 Delta finite and real\"\n"
"From remote kernel:"
"\"PASS: \"\"q3_negative local up F2 L0 finite and real\"\n"
"From remote kernel:"
"\"PASS: \"\"q3_negative reference up F2 L0 finite and real\"\n"
"From remote kernel:"
"\"PASS: \"\"q3_negative local up F2 L1 finite and real\"\n"
"From remote kernel:"
"\"PASS: \"\"q3_negative reference up F2 L1 finite and real\"\n"
"From remote kernel:"
"\"PASS: \"\"q3_negative local up F2 Regular finite and real\"\n"
"From remote kernel:"
"\"PASS: \"\"q3_negative reference up F2 Regular finite and real\"\n"
"From remote kernel:"
"\"PASS: \"\"q3_negative final expression up F2 finite and real\"\n"
"From remote kernel:"
"\"PASS: \"\"ordinary local coefficient reconstruction finite and real\"\n"
"From remote kernel:"
"\"PASS: \"\"final expression equals ordinary coefficient assembly\"\n"
"From remote kernel:"
"\"PASS: \"\"q3_negative ordinary reference up F2 finite and real\"\n"
"From remote kernel:"
"\"PASS: \"\"active flavor count agrees\"\n"
"From remote kernel:"
"\"PASS: \"\"driver primary charge weight\"\n"
"From remote kernel:"
"\"PASS: \"\"driver secondary charge weight equals saved flavor sum\"\n"
"From remote kernel:"
"\"PASS: \"\"physical mixed-charge luminosity vanishes\"\n"
"From remote kernel:"
"\"PASS: \"\"saved endpoint coefficients do not depend on recoil\"\n"
"From remote kernel:"
"\"PASS: \"\"q3_negative local down F1 LODelta finite and real\"\n"
"From remote kernel:"
"\"PASS: \"\"q3_negative reference down F1 LODelta finite and real\"\n"
"From remote kernel:"
"\"PASS: \"\"q3_negative local down F1 Delta finite and real\"\n"
"From remote kernel:"
"\"PASS: \"\"q3_negative reference down F1 Delta finite and real\"\n"
"From remote kernel:"
"\"PASS: \"\"q3_negative local down F1 L0 finite and real\"\n"
"From remote kernel:"
"\"PASS: \"\"q3_negative reference down F1 L0 finite and real\"\n"
"From remote kernel:"
"\"PASS: \"\"q3_negative local down F1 L1 finite and real\"\n"
"From remote kernel:"
"\"PASS: \"\"q3_negative reference down F1 L1 finite and real\"\n"
"From remote kernel:"
"\"PASS: \"\"q3_negative local down F1 Regular finite and real\"\n"
"From remote kernel:"
"\"PASS: \"\"q3_negative reference down F1 Regular finite and real\"\n"
"From remote kernel:"
"\"PASS: \"\"q3_negative final expression down F1 finite and real\"\n"
"From remote kernel:"
"\"PASS: \"\"ordinary local coefficient reconstruction finite and real\"\n"
"From remote kernel:"
"\"PASS: \"\"final expression equals ordinary coefficient assembly\"\n"
"From remote kernel:"
"\"PASS: \"\"q3_negative ordinary reference down F1 finite and real\"\n"
"From remote kernel:"
"\"PASS: \"\"saved endpoint coefficients do not depend on recoil\"\n"
"From remote kernel:"
"\"PASS: \"\"q3_negative local down F2 LODelta finite and real\"\n"
"From remote kernel:"
"\"PASS: \"\"q3_negative reference down F2 LODelta finite and real\"\n"
"From remote kernel:"
"\"PASS: \"\"q3_negative local down F2 Delta finite and real\"\n"
"From remote kernel:"
"\"PASS: \"\"q3_negative reference down F2 Delta finite and real\"\n"
"From remote kernel:"
"\"PASS: \"\"q3_negative local down F2 L0 finite and real\"\n"
"From remote kernel:"
"\"PASS: \"\"q3_negative reference down F2 L0 finite and real\"\n"
"From remote kernel:"
"\"PASS: \"\"q3_negative local down F2 L1 finite and real\"\n"
"From remote kernel:"
"\"PASS: \"\"q3_negative reference down F2 L1 finite and real\"\n"
"From remote kernel:"
"\"PASS: \"\"q3_negative local down F2 Regular finite and real\"\n"
"From remote kernel:"
"\"PASS: \"\"q3_negative reference down F2 Regular finite and real\"\n"
"From remote kernel:"
"\"PASS: \"\"q3_negative final expression down F2 finite and real\"\n"
"From remote kernel:"
"\"PASS: \"\"ordinary local coefficient reconstruction finite and real\"\n"
"From remote kernel:"
"\"PASS: \"\"final expression equals ordinary coefficient assembly\"\n"
"From remote kernel:"
"\"PASS: \"\"q3_negative ordinary reference down F2 finite and real\"\n"
"From remote kernel:"
"\"Point complete \"\"q3_negative\"\" memory=\"437701640\n"
"PASS: ""all benchmark results present"

Export::jsonstrictencoding: Expression ToString cannot be exported as JSON.
"S02_SUCCESS; peak memory = "400258040" bytes."
MONITOR_WAKE {"stage": "s02", "source": "s02_compare_coefficients.wl", "source_sha256": "dfcf54bcc7416f86ec5e0b51d2dcf9a0910c5aed88f3522c38bcf3a780ff9dea", "job_id": "14691692", "host": "n1157", "exit_code": 0, "success_marker": true, "accepted_execution": true, "guard": null, "peak_rss_bytes": 3087552512, "elapsed_seconds": 140.89086802105885, "completed_utc": "2026-09-07T02:50:25.386355+00:00"}
