MONITOR_START job=14689165 host=n6378 kernel_pid=67603
"PASS: ""accepted Born and virtual inputs exist"
"PASS: ""S01 source identity"
"PASS: ""S02 source identity"
"PASS: ""S04 source identity"
"PASS: ""self-energy graph identity removes internal counts"
"Generate two-point diagrams: ""quark"
"PASS: ""generated two-point QCD coupling order"
"quark"": generated "1" diagrams."
"Generate two-point diagrams: ""gluon and ghost"
"PASS: ""generated two-point QCD coupling order"
"gluon and ghost"": generated "3" diagrams."
"Generate two-point diagrams: ""one quark flavor"
"Selected loop fermions: "InputForm[{F[3, {1, Index[Colour, 3]}], F[3, {1, Index[Colour, 4]}]}]
"PASS: ""closed flavor is exactly the selected massless quark"
"PASS: ""generated two-point QCD coupling order"
"one quark flavor"": generated "1" diagrams."
"Parallel budget inputs: "InputForm[{3, 1, Infinity}]

Global`$FeynCalcStartupMessages::shdw: Symbol $FeynCalcStartupMessages appears in multiple contexts {Global`, FeynCalc`}; definitions in context Global` may shadow or be shadowed by other definitions.

Global`$LoadAddOns::shdw: Symbol $LoadAddOns appears in multiple contexts {Global`, FeynCalc`}; definitions in context Global` may shadow or be shadowed by other definitions.
"PASS: ""residue workers share compute node and runtime"
"From remote kernel:"
"\"PASS: \"\"two-point color structure is the external identity\"\n"
MONITOR_HEARTBEAT elapsed=30s rss=641.4MiB peak=641.4MiB
"From remote kernel:"
"\"PASS: \"\"two-point color structure is the external identity\"\n"
"From remote kernel:"
"\"PASS: \"\"two external vector indices remain\"\n"
"From remote kernel:"
"\"quark\"\": reduce propagator insertion.\"\n"
"From remote kernel:"
"\"PASS: \"\"two-point color structure is the external identity\"\n"
"From remote kernel:"
"\"PASS: \"\"two external vector indices remain\"\n"
"From remote kernel:"
"\"PASS: \"\"on-shell residue has no undefined kinematic quotient\"\n"
"From remote kernel:"
"\"PASS: \"\"one quark flavor gluon self energy is transverse\"\n"
"From remote kernel:"
"\"PASS: \"\"gluon and ghost gluon self energy is transverse\"\n"
"From remote kernel:"
"\"one quark flavor\"\": reduce propagator insertion.\"\n"
"From remote kernel:"
"\"gluon and ghost\"\": reduce propagator insertion.\"\n"
"From remote kernel:"
"\"PASS: \"\"scaleless residue vanishes after identifying regulators\"\n"
"From remote kernel:"
"\"PASS: \"\"residue has both UV and IR parts\"\n"
"From remote kernel:"
"\"PASS: \"\"external residue is real\"\n"
"From remote kernel:"
"\"quark\"\" propagator residue: \"InputForm[((-1 + SUNN)*(1 + SUNN))/(32*EpsilonIR*Pi^2*SUNN) - ((-1 + SUNN)*(1 + SUNN))/(32*EpsilonUV*Pi^2*SUNN)]\n"
"From remote kernel:"
"\"PASS: \"\"on-shell residue has no undefined kinematic quotient\"\n"
"From remote kernel:"
"\"PASS: \"\"on-shell residue has no undefined kinematic quotient\"\n"
"From remote kernel:"
"\"PASS: \"\"scaleless residue vanishes after identifying regulators\"\n"
"From remote kernel:"
"\"PASS: \"\"residue has both UV and IR parts\"\n"
"From remote kernel:"
"\"PASS: \"\"external residue is real\"\n"
"From remote kernel:"
"\"one quark flavor\"\" propagator residue: \"InputForm[1/(24*EpsilonIR*Pi^2) - 1/(24*EpsilonUV*Pi^2)]\n"
"From remote kernel:"
"\"PASS: \"\"scaleless residue vanishes after identifying regulators\"\n"
"From remote kernel:"
"\"PASS: \"\"residue has both UV and IR parts\"\n"
"From remote kernel:"
"\"PASS: \"\"external residue is real\"\n"
"From remote kernel:"
"\"gluon and ghost\"\" propagator residue: \"InputForm[(-5*SUNN)/(48*EpsilonIR*Pi^2) + (5*SUNN)/(48*EpsilonUV*Pi^2)]\n"
"PASS: ""all generated propagator residues evaluated"
"PASS: ""Dirac-adjoint residue equals the real quark residue"
"PASS: ""all generated external fields have residues"
"PASS: ""generated Born has a unique strong-coupling degree"
"PASS: ""UV extraction contains no IR regulator"
"PASS: ""UV extraction contains no IR regulator"
"PASS: ""both projectors determine the same coupling UV residue"
"PASS: ""coupling UV residue is real and kinematics independent"
"Derived coupling residue per gs^2: "InputForm[-1/96*(-2*Nf + 11*SUNN)/Pi^2]
MONITOR_HEARTBEAT elapsed=61s rss=191.0MiB peak=680.5MiB
"PASS: ""Pg complete UV cancellation"
MONITOR_HEARTBEAT elapsed=91s rss=199.4MiB peak=680.5MiB
MONITOR_HEARTBEAT elapsed=121s rss=203.9MiB peak=680.5MiB
"PASS: ""Ppp complete UV cancellation"
"S07_SUCCESS; peak memory = "162745200" bytes."
MONITOR_WAKE {"stage": "s07", "source": "s07_renormalize_virtual.wl", "source_sha256": "113012c3858223143430a55c979c3b0611a85dc3ba86b4c68a2363522e86d0ff", "job_id": "14689165", "host": "n6378", "exit_code": 0, "success_marker": true, "accepted_execution": true, "guard": null, "peak_rss_bytes": 713596928, "elapsed_seconds": 142.69311201572418, "completed_utc": "2026-09-06T17:36:42.222443+00:00"}
