MONITOR_START job=14689280 host=n6439 kernel_pid=118557
"PASS: ""accepted S03 input exists"
"PASS: ""S03 source identity"
"PASS: ""all real Ward identities passed"
"PASS: ""eligible previous source identity"
"PASS: ""same-flavor pair checkpoints exist"
"PASS: ""same-flavor pair identities match S03"
"PASS: ""RealSame_Charge0__Pg pair sum reconstructs accepted S03"
"PASS: ""same-flavor pair checkpoints exist"
"PASS: ""same-flavor pair identities match S03"
MONITOR_HEARTBEAT elapsed=31s rss=210.3MiB peak=223.2MiB
"PASS: ""RealSame_Charge0__Ppp pair sum reconstructs accepted S03"
"PASS: ""geometry seed source/input identity"
"PASS: ""geometry seed source/input identity"
"PASS: ""geometry seed source/input identity"
"PASS: ""geometry seed source/input identity"
"PASS: ""geometry seed source/input identity"
"PASS: ""geometry seed source/input identity"
"PASS: ""geometry seed source/input identity"
"PASS: ""geometry seed source/input identity"
"PASS: ""physical rest-frame transverse square"
"PASS: ""rest-frame conditions resolved in the physical region"
"PASS: ""angular rules contain no unresolved conditions"
"PASS: ""rest frame reproduces all invariant scalar products"
"PASS: ""spectator exchange is an invariant involution"
"PASS: ""spectator exchange equals angular reversal"
"PASS: ""spectator exchange preserves the paper angular measure"
"Parallel budget inputs: "InputForm[{5, 1, Infinity}]
"PASS: ""angular workers share compute node and runtime"
MONITOR_HEARTBEAT elapsed=61s rss=895.8MiB peak=895.8MiB
"Angular worker count = "5
"From remote kernel:"
"\"RealSame_Charge0__Pg__Pair_RealSame_Pg_1_2\"\": factoring angular denominators.\"\n"
"From remote kernel:"
"\"RealSame_Charge0__Pg__Pair_RealSame_Pg_1_3\"\": factoring angular denominators.\"\n"
"From remote kernel:"
"\"RealSame_Charge0__Pg__Pair_RealSame_Pg_1_1\"\": factoring angular denominators.\"\n"
"From remote kernel:"
"\"PASS: \"\"previous component input identity\"\n"
"From remote kernel:"
"\"PASS: \"\"previous component input identity\"\n"
"From remote kernel:"
"\"PASS: \"\"angular scale sign determined\"\n"
"From remote kernel:"
"\"PASS: \"\"angular scale sign determined\"\n"
"From remote kernel:"
"\"PASS: \"\"angular scale sign determined\"\n"
"From remote kernel:"
"\"PASS: \"\"paper angular case applies\"\n"
"From remote kernel:"
"\"PASS: \"\"paper angular case applies\"\n"
"From remote kernel:"
"\"PASS: \"\"paper angular case applies\"\n"
"From remote kernel:"
"\"PASS: \"\"same-channel geometry reconstructs its defining angular form\"\n"
"From remote kernel:"
"\"PASS: \"\"same-channel geometry reconstructs its defining angular form\"\n"
"From remote kernel:"
"\"PASS: \"\"same-channel geometry reconstructs its defining angular form\"\n"
"From remote kernel:"
"\"PASS: \"\"same-channel geometry reconstructs its defining angular form\"\n"
"From remote kernel:"
"\"PASS: \"\"same-channel geometry reconstructs its defining angular form\"\n"
"From remote kernel:"
"\"PASS: \"\"same-channel geometry reconstructs its defining angular form\"\n"
"From remote kernel:"
"\"RealSame_Charge0__Pg__Pair_RealSame_Pg_1_2\"\": reducing \"1\" denominator terms.\"\n"
"From remote kernel:"
"\"PASS: \"\"same-channel geometry reconstructs its defining angular form\"\n"
"From remote kernel:"
"\"RealSame_Charge0__Pg__Pair_RealSame_Pg_1_1\"\": reducing \"1\" denominator terms.\"\n"
"From remote kernel:"
"\"RealSame_Charge0__Pg__Pair_RealSame_Pg_1_2\"\": coefficient coordinates \"{1, 3}\n"
"From remote kernel:"
"\"RealSame_Charge0__Pg__Pair_RealSame_Pg_1_3\"\": reducing \"1\" denominator terms.\"\n"
"From remote kernel:"
"\"RealSame_Charge0__Pg__Pair_RealSame_Pg_1_1\"\": coefficient coordinates \"{1, 3}\n"
"From remote kernel:"
"\"RealSame_Charge0__Pg__Pair_RealSame_Pg_1_3\"\": coefficient coordinates \"{1, 2}\n"
"From remote kernel:"
"\"PASS: \"\"denominator substitution conditions resolved\"\n"
"From remote kernel:"
"\"PASS: \"\"coefficients contain no angular variables\"\n"
"From remote kernel:"
"\"PASS: \"\"RealSame_Charge0__Pg__Pair_RealSame_Pg_1_3 exact angular reconstruction\"\n"
"From remote kernel:"
"\"RealSame_Charge0__Pg__Pair_RealSame_Pg_1_3\"\": \"6\" angular monomials accepted.\"\n"
"From remote kernel:"
"\"RealSame_Charge0__Pg__Pair_RealSame_Pg_1_4\"\": factoring angular denominators.\"\n"
"From remote kernel:"
"\"PASS: \"\"denominator substitution conditions resolved\"\n"
"From remote kernel:"
"\"PASS: \"\"denominator substitution conditions resolved\"\n"
"From remote kernel:"
"\"PASS: \"\"coefficients contain no angular variables\"\n"
"From remote kernel:"
"\"PASS: \"\"coefficients contain no angular variables\"\n"
"From remote kernel:"
"\"RealSame_Charge0__Pg__Pair_RealSame_Pg_1_4\"\": reducing \"1\" denominator terms.\"\n"
"From remote kernel:"
"\"RealSame_Charge0__Pg__Pair_RealSame_Pg_1_4\"\": coefficient coordinates \"{1, 3}\n"
"From remote kernel:"
"\"PASS: \"\"RealSame_Charge0__Pg__Pair_RealSame_Pg_1_2 exact angular reconstruction\"\n"
"From remote kernel:"
"\"PASS: \"\"RealSame_Charge0__Pg__Pair_RealSame_Pg_1_1 exact angular reconstruction\"\n"
"From remote kernel:"
"\"RealSame_Charge0__Pg__Pair_RealSame_Pg_1_2\"\": \"5\" angular monomials accepted.\"\n"
"From remote kernel:"
"\"RealSame_Charge0__Pg__Pair_RealSame_Pg_1_1\"\": \"5\" angular monomials accepted.\"\n"
"From remote kernel:"
"\"RealSame_Charge0__Pg__Pair_RealSame_Pg_1_5\"\": factoring angular denominators.\"\n"
"From remote kernel:"
"\"RealSame_Charge0__Pg__Pair_RealSame_Pg_1_6\"\": factoring angular denominators.\"\n"
"From remote kernel:"
"\"PASS: \"\"denominator substitution conditions resolved\"\n"
"From remote kernel:"
"\"PASS: \"\"coefficients contain no angular variables\"\n"
"From remote kernel:"
"\"PASS: \"\"same-channel geometry reconstructs its defining angular form\"\n"
"From remote kernel:"
"\"RealSame_Charge0__Pg__Pair_RealSame_Pg_1_5\"\": reducing \"1\" denominator terms.\"\n"
"From remote kernel:"
"\"PASS: \"\"RealSame_Charge0__Pg__Pair_RealSame_Pg_1_4 exact angular reconstruction\"\n"
"From remote kernel:"
"\"RealSame_Charge0__Pg__Pair_RealSame_Pg_1_5\"\": coefficient coordinates \"{1, 2}\n"
"From remote kernel:"
"\"RealSame_Charge0__Pg__Pair_RealSame_Pg_1_4\"\": \"6\" angular monomials accepted.\"\n"
"From remote kernel:"
"\"PASS: \"\"denominator substitution conditions resolved\"\n"
"From remote kernel:"
"\"PASS: \"\"coefficients contain no angular variables\"\n"
"From remote kernel:"
"\"RealSame_Charge0__Pg__Pair_RealSame_Pg_1_7\"\": factoring angular denominators.\"\n"
"From remote kernel:"
"\"PASS: \"\"same-channel geometry reconstructs its defining angular form\"\n"
"From remote kernel:"
"\"RealSame_Charge0__Pg__Pair_RealSame_Pg_1_7\"\": reducing \"1\" denominator terms.\"\n"
"From remote kernel:"
"\"RealSame_Charge0__Pg__Pair_RealSame_Pg_1_7\"\": coefficient coordinates \"{1, 2}\n"
"From remote kernel:"
"\"PASS: \"\"denominator substitution conditions resolved\"\n"
"From remote kernel:"
"\"PASS: \"\"coefficients contain no angular variables\"\n"
"From remote kernel:"
"\"PASS: \"\"RealSame_Charge0__Pg__Pair_RealSame_Pg_1_5 exact angular reconstruction\"\n"
"From remote kernel:"
"\"RealSame_Charge0__Pg__Pair_RealSame_Pg_1_5\"\": \"8\" angular monomials accepted.\"\n"
"From remote kernel:"
"\"PASS: \"\"same-channel geometry reconstructs its defining angular form\"\n"
"From remote kernel:"
"\"RealSame_Charge0__Pg__Pair_RealSame_Pg_1_6\"\": reducing \"1\" denominator terms.\"\n"
"From remote kernel:"
"\"PASS: \"\"RealSame_Charge0__Pg__Pair_RealSame_Pg_1_7 exact angular reconstruction\"\n"
"From remote kernel:"
"\"RealSame_Charge0__Pg__Pair_RealSame_Pg_1_6\"\": coefficient coordinates \"{1, 2}\n"
"From remote kernel:"
"\"RealSame_Charge0__Pg__Pair_RealSame_Pg_1_7\"\": \"8\" angular monomials accepted.\"\n"
"From remote kernel:"
"\"RealSame_Charge0__Pg__Pair_RealSame_Pg_1_8\"\": factoring angular denominators.\"\n"
"From remote kernel:"
"\"PASS: \"\"denominator substitution conditions resolved\"\n"
"From remote kernel:"
"\"PASS: \"\"coefficients contain no angular variables\"\n"
"From remote kernel:"
"\"RealSame_Charge0__Pg__Pair_RealSame_Pg_2_2\"\": factoring angular denominators.\"\n"
"From remote kernel:"
"\"PASS: \"\"same-channel geometry reconstructs its defining angular form\"\n"
"From remote kernel:"
"\"PASS: \"\"same-channel geometry reconstructs its defining angular form\"\n"
"From remote kernel:"
"\"RealSame_Charge0__Pg__Pair_RealSame_Pg_2_2\"\": reducing \"1\" denominator terms.\"\n"
"From remote kernel:"
"\"PASS: \"\"angular partial-fraction unity relation\"\n"
"From remote kernel:"
"\"RealSame_Charge0__Pg__Pair_RealSame_Pg_2_2\"\": coefficient coordinates \"{1, 2}\n"
"From remote kernel:"
"\"RealSame_Charge0__Pg__Pair_RealSame_Pg_1_8\"\": reducing \"3\" denominator terms.\"\n"
"From remote kernel:"
"\"PASS: \"\"denominator substitution conditions resolved\"\n"
"From remote kernel:"
"\"RealSame_Charge0__Pg__Pair_RealSame_Pg_1_8\"\": coefficient coordinates \"{2, 3}\n"
"From remote kernel:"
"\"PASS: \"\"coefficients contain no angular variables\"\n"
"From remote kernel:"
"\"PASS: \"\"RealQGG_Charge0__Pg reused basis reconstructs current input\"\n"
"From remote kernel:"
"\"PASS: \"\"denominator substitution conditions resolved\"\n"
"From remote kernel:"
"\"PASS: \"\"RealSame_Charge0__Pg__Pair_RealSame_Pg_1_6 exact angular reconstruction\"\n"
"From remote kernel:"
"\"PASS: \"\"RealSame_Charge0__Pg__Pair_RealSame_Pg_2_2 exact angular reconstruction\"\n"
"From remote kernel:"
"\"PASS: \"\"coefficients contain no angular variables\"\n"
"From remote kernel:"
"\"RealSame_Charge0__Pg__Pair_RealSame_Pg_1_6\"\": \"8\" angular monomials accepted.\"\n"
"From remote kernel:"
"\"RealSame_Charge0__Pg__Pair_RealSame_Pg_2_2\"\": \"5\" angular monomials accepted.\"\n"
"From remote kernel:"
"\"RealSame_Charge0__Pg__Pair_RealSame_Pg_1_8\"\": coefficient coordinates \"{1, 3}\n"
"From remote kernel:"
"\"PASS: \"\"denominator substitution conditions resolved\"\n"
"From remote kernel:"
"\"PASS: \"\"coefficients contain no angular variables\"\n"
"From remote kernel:"
"\"RealSame_Charge0__Pg__Pair_RealSame_Pg_2_4\"\": factoring angular denominators.\"\n"
"From remote kernel:"
"\"RealSame_Charge0__Pg__Pair_RealSame_Pg_1_8\"\": coefficient coordinates \"{1, 2}\n"
"From remote kernel:"
"\"RealSame_Charge0__Pg__Pair_RealSame_Pg_2_3\"\": factoring angular denominators.\"\n"
"From remote kernel:"
"\"RealSame_Charge0__Pg__Pair_RealSame_Pg_2_4\"\": reducing \"1\" denominator terms.\"\n"
"From remote kernel:"
"\"PASS: \"\"denominator substitution conditions resolved\"\n"
"From remote kernel:"
"\"PASS: \"\"same-channel geometry reconstructs its defining angular form\"\n"
"From remote kernel:"
"\"RealSame_Charge0__Pg__Pair_RealSame_Pg_2_4\"\": coefficient coordinates \"{1, 2}\n"
"From remote kernel:"
"\"PASS: \"\"coefficients contain no angular variables\"\n"
"From remote kernel:"
"\"RealSame_Charge0__Pg__Pair_RealSame_Pg_2_3\"\": reducing \"1\" denominator terms.\"\n"
"From remote kernel:"
"\"PASS: \"\"denominator substitution conditions resolved\"\n"
"From remote kernel:"
"\"RealSame_Charge0__Pg__Pair_RealSame_Pg_2_5\"\": factoring angular denominators.\"\n"
"From remote kernel:"
"\"RealSame_Charge0__Pg__Pair_RealSame_Pg_2_3\"\": coefficient coordinates \"{1, 2}\n"
"From remote kernel:"
"\"PASS: \"\"coefficients contain no angular variables\"\n"
"From remote kernel:"
"\"PASS: \"\"denominator substitution conditions resolved\"\n"
"From remote kernel:"
"\"PASS: \"\"RealSame_Charge0__Pg__Pair_RealSame_Pg_2_4 exact angular reconstruction\"\n"
"From remote kernel:"
"\"PASS: \"\"coefficients contain no angular variables\"\n"
"From remote kernel:"
"\"RealSame_Charge0__Pg__Pair_RealSame_Pg_2_4\"\": \"6\" angular monomials accepted.\"\n"
"From remote kernel:"
"\"PASS: \"\"same-channel geometry reconstructs its defining angular form\"\n"
"From remote kernel:"
"\"PASS: \"\"same-channel geometry reconstructs its defining angular form\"\n"
"From remote kernel:"
"\"PASS: \"\"same-channel geometry reconstructs its defining angular form\"\n"
"From remote kernel:"
"\"RealSame_Charge0__Pg__Pair_RealSame_Pg_2_6\"\": factoring angular denominators.\"\n"
"From remote kernel:"
"\"RealSame_Charge0__Pg__Pair_RealSame_Pg_2_5\"\": reducing \"1\" denominator terms.\"\n"
"From remote kernel:"
"\"PASS: \"\"RealSame_Charge0__Pg__Pair_RealSame_Pg_2_3 exact angular reconstruction\"\n"
"From remote kernel:"
"\"RealSame_Charge0__Pg__Pair_RealSame_Pg_2_5\"\": coefficient coordinates \"{1, 2}\n"
"From remote kernel:"
"\"RealSame_Charge0__Pg__Pair_RealSame_Pg_2_3\"\": \"6\" angular monomials accepted.\"\n"
"From remote kernel:"
"\"PASS: \"\"same-channel geometry reconstructs its defining angular form\"\n"
"From remote kernel:"
"\"RealSame_Charge0__Pg__Pair_RealSame_Pg_2_6\"\": reducing \"1\" denominator terms.\"\n"
"From remote kernel:"
"\"RealSame_Charge0__Pg__Pair_RealSame_Pg_2_6\"\": coefficient coordinates \"{1, 2}\n"
"From remote kernel:"
"\"RealSame_Charge0__Pg__Pair_RealSame_Pg_2_7\"\": factoring angular denominators.\"\n"
"From remote kernel:"
"\"PASS: \"\"RealSame_Charge0__Pg__Pair_RealSame_Pg_1_8 exact angular reconstruction\"\n"
"From remote kernel:"
"\"PASS: \"\"denominator substitution conditions resolved\"\n"
"From remote kernel:"
"\"RealSame_Charge0__Pg__Pair_RealSame_Pg_1_8\"\": \"24\" angular monomials accepted.\"\n"
"From remote kernel:"
"\"PASS: \"\"same-channel geometry reconstructs its defining angular form\"\n"
"From remote kernel:"
"\"PASS: \"\"coefficients contain no angular variables\"\n"
"From remote kernel:"
"\"RealSame_Charge0__Pg__Pair_RealSame_Pg_2_7\"\": reducing \"1\" denominator terms.\"\n"
"From remote kernel:"
"\"RealSame_Charge0__Pg__Pair_RealSame_Pg_2_7\"\": coefficient coordinates \"{1, 2}\n"
"From remote kernel:"
"\"PASS: \"\"denominator substitution conditions resolved\"\n"
"From remote kernel:"
"\"RealSame_Charge0__Pg__Pair_RealSame_Pg_2_8\"\": factoring angular denominators.\"\n"
"From remote kernel:"
"\"PASS: \"\"coefficients contain no angular variables\"\n"
"From remote kernel:"
"\"RealSame_Charge0__Pg__Pair_RealSame_Pg_2_8\"\": reducing \"1\" denominator terms.\"\n"
"From remote kernel:"
"\"PASS: \"\"RealSame_Charge0__Pg__Pair_RealSame_Pg_2_6 exact angular reconstruction\"\n"
"From remote kernel:"
"\"RealSame_Charge0__Pg__Pair_RealSame_Pg_2_8\"\": coefficient coordinates \"{1, 2}\n"
"From remote kernel:"
"\"RealSame_Charge0__Pg__Pair_RealSame_Pg_2_6\"\": \"8\" angular monomials accepted.\"\n"
"From remote kernel:"
"\"PASS: \"\"denominator substitution conditions resolved\"\n"
"From remote kernel:"
"\"PASS: \"\"RealSame_Charge0__Pg__Pair_RealSame_Pg_2_7 exact angular reconstruction\"\n"
"From remote kernel:"
"\"PASS: \"\"coefficients contain no angular variables\"\n"
"From remote kernel:"
"\"RealSame_Charge0__Pg__Pair_RealSame_Pg_2_7\"\": \"8\" angular monomials accepted.\"\n"
"From remote kernel:"
"\"RealSame_Charge0__Pg__Pair_RealSame_Pg_3_3\"\": factoring angular denominators.\"\n"
"From remote kernel:"
"\"RealSame_Charge0__Pg__Pair_RealSame_Pg_3_4\"\": factoring angular denominators.\"\n"
"From remote kernel:"
"\"PASS: \"\"angular scale sign determined\"\n"
"From remote kernel:"
"\"RealSame_Charge0__Pg__Pair_RealSame_Pg_3_4\"\": reducing \"1\" denominator terms.\"\n"
"From remote kernel:"
"\"PASS: \"\"paper angular case applies\"\n"
"From remote kernel:"
"\"RealSame_Charge0__Pg__Pair_RealSame_Pg_3_4\"\": coefficient coordinates \"{1, 2}\n"
"From remote kernel:"
"\"RealSame_Charge0__Pg__Pair_RealSame_Pg_3_3\"\": reducing \"1\" denominator terms.\"\n"
"From remote kernel:"
"\"PASS: \"\"denominator substitution conditions resolved\"\n"
"From remote kernel:"
"\"RealSame_Charge0__Pg__Pair_RealSame_Pg_3_3\"\": coefficient coordinates \"{1, 2}\n"
"From remote kernel:"
"\"PASS: \"\"coefficients contain no angular variables\"\n"
"From remote kernel:"
"\"PASS: \"\"denominator substitution conditions resolved\"\n"
"From remote kernel:"
"\"PASS: \"\"RealSame_Charge0__Pg__Pair_RealSame_Pg_2_8 exact angular reconstruction\"\n"
"From remote kernel:"
"\"PASS: \"\"coefficients contain no angular variables\"\n"
"From remote kernel:"
"\"RealSame_Charge0__Pg__Pair_RealSame_Pg_2_8\"\": \"9\" angular monomials accepted.\"\n"
"From remote kernel:"
"\"PASS: \"\"RealSame_Charge0__Pg__Pair_RealSame_Pg_3_3 exact angular reconstruction\"\n"
"From remote kernel:"
"\"PASS: \"\"RealSame_Charge0__Pg__Pair_RealSame_Pg_3_4 exact angular reconstruction\"\n"
"From remote kernel:"
"\"RealSame_Charge0__Pg__Pair_RealSame_Pg_3_3\"\": \"5\" angular monomials accepted.\"\n"
"From remote kernel:"
"\"RealSame_Charge0__Pg__Pair_RealSame_Pg_3_4\"\": \"5\" angular monomials accepted.\"\n"
"From remote kernel:"
"\"RealSame_Charge0__Pg__Pair_RealSame_Pg_3_6\"\": factoring angular denominators.\"\n"
"From remote kernel:"
"\"RealSame_Charge0__Pg__Pair_RealSame_Pg_3_5\"\": factoring angular denominators.\"\n"
"From remote kernel:"
"\"PASS: \"\"denominator substitution conditions resolved\"\n"
"From remote kernel:"
"\"RealSame_Charge0__Pg__Pair_RealSame_Pg_3_7\"\": factoring angular denominators.\"\n"
"From remote kernel:"
"\"PASS: \"\"coefficients contain no angular variables\"\n"
"From remote kernel:"
"\"PASS: \"\"same-channel geometry reconstructs its defining angular form\"\n"
"From remote kernel:"
"\"PASS: \"\"angular partial-fraction unity relation\"\n"
"From remote kernel:"
"\"PASS: \"\"angular scale sign determined\"\n"
"From remote kernel:"
"\"RealSame_Charge0__Pg__Pair_RealSame_Pg_3_7\"\": reducing \"3\" denominator terms.\"\n"
"From remote kernel:"
"\"PASS: \"\"paper angular case applies\"\n"
"From remote kernel:"
"\"PASS: \"\"RealSame_Charge0__Pg__Pair_RealSame_Pg_2_5 exact angular reconstruction\"\n"
"From remote kernel:"
"\"RealSame_Charge0__Pg__Pair_RealSame_Pg_3_7\"\": coefficient coordinates \"{2, 3}\n"
"From remote kernel:"
"\"RealSame_Charge0__Pg__Pair_RealSame_Pg_3_6\"\": reducing \"1\" denominator terms.\"\n"
"From remote kernel:"
"\"RealSame_Charge0__Pg__Pair_RealSame_Pg_2_5\"\": \"8\" angular monomials accepted.\"\n"
"From remote kernel:"
"\"PASS: \"\"denominator substitution conditions resolved\"\n"
"From remote kernel:"
"\"RealSame_Charge0__Pg__Pair_RealSame_Pg_3_6\"\": coefficient coordinates \"{1, 2}\n"
"From remote kernel:"
"\"PASS: \"\"coefficients contain no angular variables\"\n"
"From remote kernel:"
"\"PASS: \"\"denominator substitution conditions resolved\"\n"
"From remote kernel:"
"\"RealSame_Charge0__Pg__Pair_RealSame_Pg_3_7\"\": coefficient coordinates \"{1, 3}\n"
"From remote kernel:"
"\"PASS: \"\"coefficients contain no angular variables\"\n"
"From remote kernel:"
"\"RealSame_Charge0__Pg__Pair_RealSame_Pg_3_8\"\": factoring angular denominators.\"\n"
"From remote kernel:"
"\"PASS: \"\"denominator substitution conditions resolved\"\n"
"From remote kernel:"
"\"PASS: \"\"coefficients contain no angular variables\"\n"
"From remote kernel:"
"\"RealSame_Charge0__Pg__Pair_RealSame_Pg_3_7\"\": coefficient coordinates \"{1, 2}\n"
"From remote kernel:"
"\"RealSame_Charge0__Pg__Pair_RealSame_Pg_3_5\"\": reducing \"1\" denominator terms.\"\n"
"From remote kernel:"
"\"RealSame_Charge0__Pg__Pair_RealSame_Pg_3_5\"\": coefficient coordinates \"{1, 2}\n"
"From remote kernel:"
"\"PASS: \"\"denominator substitution conditions resolved\"\n"
"From remote kernel:"
"\"PASS: \"\"angular scale sign determined\"\n"
"From remote kernel:"
"\"PASS: \"\"coefficients contain no angular variables\"\n"
"From remote kernel:"
"\"PASS: \"\"denominator substitution conditions resolved\"\n"
"From remote kernel:"
"\"PASS: \"\"RealSame_Charge0__Pg__Pair_RealSame_Pg_3_6 exact angular reconstruction\"\n"
"From remote kernel:"
"\"RealSame_Charge0__Pg__Pair_RealSame_Pg_3_6\"\": \"8\" angular monomials accepted.\"\n"
"From remote kernel:"
"\"PASS: \"\"coefficients contain no angular variables\"\n"
"From remote kernel:"
"\"RealSame_Charge0__Pg__Pair_RealSame_Pg_4_4\"\": factoring angular denominators.\"\n"
"From remote kernel:"
"\"RealSame_Charge0__Pg__Pair_RealSame_Pg_4_4\"\": reducing \"1\" denominator terms.\"\n"
"From remote kernel:"
"\"PASS: \"\"paper angular case applies\"\n"
"From remote kernel:"
"\"RealSame_Charge0__Pg__Pair_RealSame_Pg_4_4\"\": coefficient coordinates \"{1, 2}\n"
"From remote kernel:"
"\"PASS: \"\"angular scale sign determined\"\n"
"From remote kernel:"
"\"PASS: \"\"denominator substitution conditions resolved\"\n"
"From remote kernel:"
"\"PASS: \"\"paper angular case applies\"\n"
"From remote kernel:"
"\"PASS: \"\"coefficients contain no angular variables\"\n"
"From remote kernel:"
"\"RealSame_Charge0__Pg__Pair_RealSame_Pg_3_8\"\": reducing \"1\" denominator terms.\"\n"
"From remote kernel:"
"\"PASS: \"\"RealSame_Charge0__Pg__Pair_RealSame_Pg_4_4 exact angular reconstruction\"\n"
"From remote kernel:"
"\"RealSame_Charge0__Pg__Pair_RealSame_Pg_3_8\"\": coefficient coordinates \"{1, 2}\n"
"From remote kernel:"
"\"RealSame_Charge0__Pg__Pair_RealSame_Pg_4_4\"\": \"5\" angular monomials accepted.\"\n"
"From remote kernel:"
"\"PASS: \"\"RealSame_Charge0__Pg__Pair_RealSame_Pg_3_5 exact angular reconstruction\"\n"
"From remote kernel:"
"\"PASS: \"\"denominator substitution conditions resolved\"\n"
"From remote kernel:"
"\"RealSame_Charge0__Pg__Pair_RealSame_Pg_3_5\"\": \"8\" angular monomials accepted.\"\n"
"From remote kernel:"
"\"PASS: \"\"coefficients contain no angular variables\"\n"
"From remote kernel:"
"\"RealSame_Charge0__Pg__Pair_RealSame_Pg_4_5\"\": factoring angular denominators.\"\n"
"From remote kernel:"
"\"RealSame_Charge0__Pg__Pair_RealSame_Pg_4_5\"\": reducing \"1\" denominator terms.\"\n"
"From remote kernel:"
"\"RealSame_Charge0__Pg__Pair_RealSame_Pg_4_6\"\": factoring angular denominators.\"\n"
"From remote kernel:"
"\"PASS: \"\"RealSame_Charge0__Pg__Pair_RealSame_Pg_3_8 exact angular reconstruction\"\n"
"From remote kernel:"
"\"RealSame_Charge0__Pg__Pair_RealSame_Pg_4_5\"\": coefficient coordinates \"{1, 2}\n"
"From remote kernel:"
"\"RealSame_Charge0__Pg__Pair_RealSame_Pg_4_6\"\": reducing \"1\" denominator terms.\"\n"
"From remote kernel:"
"\"RealSame_Charge0__Pg__Pair_RealSame_Pg_3_8\"\": \"8\" angular monomials accepted.\"\n"
"From remote kernel:"
"\"PASS: \"\"denominator substitution conditions resolved\"\n"
"From remote kernel:"
"\"RealSame_Charge0__Pg__Pair_RealSame_Pg_4_6\"\": coefficient coordinates \"{1, 2}\n"
"From remote kernel:"
"\"PASS: \"\"coefficients contain no angular variables\"\n"
"From remote kernel:"
"\"PASS: \"\"denominator substitution conditions resolved\"\n"
"From remote kernel:"
"\"PASS: \"\"coefficients contain no angular variables\"\n"
"From remote kernel:"
"\"RealSame_Charge0__Pg__Pair_RealSame_Pg_4_7\"\": factoring angular denominators.\"\n"
"From remote kernel:"
"\"PASS: \"\"same-channel geometry reconstructs its defining angular form\"\n"
"From remote kernel:"
"\"RealSame_Charge0__Pg__Pair_RealSame_Pg_4_7\"\": reducing \"1\" denominator terms.\"\n"
"From remote kernel:"
"\"RealSame_Charge0__Pg__Pair_RealSame_Pg_4_7\"\": coefficient coordinates \"{1, 2}\n"
"From remote kernel:"
"\"PASS: \"\"RealSame_Charge0__Pg__Pair_RealSame_Pg_4_5 exact angular reconstruction\"\n"
"From remote kernel:"
"\"PASS: \"\"denominator substitution conditions resolved\"\n"
"From remote kernel:"
"\"RealSame_Charge0__Pg__Pair_RealSame_Pg_4_5\"\": \"9\" angular monomials accepted.\"\n"
"From remote kernel:"
"\"PASS: \"\"RealSame_Charge0__Pg__Pair_RealSame_Pg_4_6 exact angular reconstruction\"\n"
"From remote kernel:"
"\"PASS: \"\"coefficients contain no angular variables\"\n"
"From remote kernel:"
"\"PASS: \"\"RealSame_Charge0__Pg__Pair_RealSame_Pg_3_7 exact angular reconstruction\"\n"
"From remote kernel:"
"\"RealSame_Charge0__Pg__Pair_RealSame_Pg_4_6\"\": \"9\" angular monomials accepted.\"\n"
"From remote kernel:"
"\"RealSame_Charge0__Pg__Pair_RealSame_Pg_3_7\"\": \"24\" angular monomials accepted.\"\n"
"From remote kernel:"
"\"PASS: \"\"RealSame_Charge0__Pg__Pair_RealSame_Pg_4_7 exact angular reconstruction\"\n"
"From remote kernel:"
"\"RealSame_Charge0__Pg__Pair_RealSame_Pg_4_7\"\": \"9\" angular monomials accepted.\"\n"
"From remote kernel:"
"\"RealSame_Charge0__Pg__Pair_RealSame_Pg_4_8\"\": factoring angular denominators.\"\n"
"From remote kernel:"
"\"RealSame_Charge0__Pg__Pair_RealSame_Pg_5_6\"\": factoring angular denominators.\"\n"
"From remote kernel:"
"\"RealSame_Charge0__Pg__Pair_RealSame_Pg_5_5\"\": factoring angular denominators.\"\n"
"From remote kernel:"
"\"PASS: \"\"angular partial-fraction unity relation\"\n"
"From remote kernel:"
"\"PASS: \"\"angular scale sign determined\"\n"
"From remote kernel:"
"\"RealSame_Charge0__Pg__Pair_RealSame_Pg_5_6\"\": reducing \"2\" denominator terms.\"\n"
"From remote kernel:"
"\"RealSame_Charge0__Pg__Pair_RealSame_Pg_5_7\"\": factoring angular denominators.\"\n"
"From remote kernel:"
"\"RealSame_Charge0__Pg__Pair_RealSame_Pg_5_6\"\": coefficient coordinates \"{2, 3}\n"
"From remote kernel:"
"\"PASS: \"\"denominator substitution conditions resolved\"\n"
"From remote kernel:"
"\"RealSame_Charge0__Pg__Pair_RealSame_Pg_5_5\"\": reducing \"1\" denominator terms.\"\n"
"From remote kernel:"
"\"PASS: \"\"coefficients contain no angular variables\"\n"
"From remote kernel:"
"\"RealSame_Charge0__Pg__Pair_RealSame_Pg_5_5\"\": coefficient coordinates \"{1, 2}\n"
"From remote kernel:"
"\"RealSame_Charge0__Pg__Pair_RealSame_Pg_5_7\"\": reducing \"1\" denominator terms.\"\n"
"From remote kernel:"
"\"PASS: \"\"denominator substitution conditions resolved\"\n"
"From remote kernel:"
"\"RealSame_Charge0__Pg__Pair_RealSame_Pg_5_7\"\": coefficient coordinates \"{1, 2}\n"
"From remote kernel:"
"\"PASS: \"\"coefficients contain no angular variables\"\n"
"From remote kernel:"
"\"PASS: \"\"denominator substitution conditions resolved\"\n"
"From remote kernel:"
"\"RealSame_Charge0__Pg__Pair_RealSame_Pg_5_6\"\": coefficient coordinates \"{1, 3}\n"
"From remote kernel:"
"\"PASS: \"\"coefficients contain no angular variables\"\n"
"From remote kernel:"
"\"PASS: \"\"paper angular case applies\"\n"
"From remote kernel:"
"\"PASS: \"\"denominator substitution conditions resolved\"\n"
"From remote kernel:"
"\"RealSame_Charge0__Pg__Pair_RealSame_Pg_4_8\"\": reducing \"1\" denominator terms.\"\n"
"From remote kernel:"
"\"PASS: \"\"coefficients contain no angular variables\"\n"
"From remote kernel:"
"\"PASS: \"\"RealSame_Charge0__Pg__Pair_RealSame_Pg_5_5 exact angular reconstruction\"\n"
"From remote kernel:"
"\"RealSame_Charge0__Pg__Pair_RealSame_Pg_4_8\"\": coefficient coordinates \"{1, 2}\n"
"From remote kernel:"
"\"RealSame_Charge0__Pg__Pair_RealSame_Pg_5_5\"\": \"6\" angular monomials accepted.\"\n"
"From remote kernel:"
"\"PASS: \"\"denominator substitution conditions resolved\"\n"
"From remote kernel:"
"\"PASS: \"\"coefficients contain no angular variables\"\n"
"From remote kernel:"
"\"PASS: \"\"RealSame_Charge0__Pg__Pair_RealSame_Pg_5_7 exact angular reconstruction\"\n"
"From remote kernel:"
"\"RealSame_Charge0__Pg__Pair_RealSame_Pg_5_8\"\": factoring angular denominators.\"\n"
"From remote kernel:"
"\"RealSame_Charge0__Pg__Pair_RealSame_Pg_5_7\"\": \"6\" angular monomials accepted.\"\n"
"From remote kernel:"
"\"PASS: \"\"angular partial-fraction unity relation\"\n"
"From remote kernel:"
"\"RealSame_Charge0__Pg__Pair_RealSame_Pg_5_8\"\": reducing \"2\" denominator terms.\"\n"
"From remote kernel:"
"\"RealSame_Charge0__Pg__Pair_RealSame_Pg_5_8\"\": coefficient coordinates \"{2, 3}\n"
"From remote kernel:"
"\"PASS: \"\"RealSame_Charge0__Pg__Pair_RealSame_Pg_4_8 exact angular reconstruction\"\n"
"From remote kernel:"
"\"RealSame_Charge0__Pg__Pair_RealSame_Pg_4_8\"\": \"8\" angular monomials accepted.\"\n"
"From remote kernel:"
"\"RealSame_Charge0__Pg__Pair_RealSame_Pg_6_6\"\": factoring angular denominators.\"\n"
"From remote kernel:"
"\"PASS: \"\"denominator substitution conditions resolved\"\n"
"From remote kernel:"
"\"PASS: \"\"coefficients contain no angular variables\"\n"
"From remote kernel:"
"\"RealSame_Charge0__Pg__Pair_RealSame_Pg_6_7\"\": factoring angular denominators.\"\n"
"From remote kernel:"
"\"PASS: \"\"same-channel geometry reconstructs its defining angular form\"\n"
"From remote kernel:"
"\"RealSame_Charge0__Pg__Pair_RealSame_Pg_5_8\"\": coefficient coordinates \"{1, 3}\n"
"From remote kernel:"
"\"PASS: \"\"same-channel geometry reconstructs its defining angular form\"\n"
"From remote kernel:"
"\"RealSame_Charge0__Pg__Pair_RealSame_Pg_6_6\"\": reducing \"1\" denominator terms.\"\n"
"From remote kernel:"
"\"PASS: \"\"angular partial-fraction unity relation\"\n"
"From remote kernel:"
"\"RealSame_Charge0__Pg__Pair_RealSame_Pg_6_6\"\": coefficient coordinates \"{1, 2}\n"
"From remote kernel:"
"\"PASS: \"\"RealSame_Charge0__Pg__Pair_RealSame_Pg_5_6 exact angular reconstruction\"\n"
"From remote kernel:"
"\"PASS: \"\"denominator substitution conditions resolved\"\n"
"From remote kernel:"
"\"RealSame_Charge0__Pg__Pair_RealSame_Pg_6_7\"\": reducing \"2\" denominator terms.\"\n"
"From remote kernel:"
"\"PASS: \"\"denominator substitution conditions resolved\"\n"
"From remote kernel:"
"\"RealSame_Charge0__Pg__Pair_RealSame_Pg_5_6\"\": \"12\" angular monomials accepted.\"\n"
"From remote kernel:"
"\"PASS: \"\"coefficients contain no angular variables\"\n"
"From remote kernel:"
"\"RealSame_Charge0__Pg__Pair_RealSame_Pg_6_7\"\": coefficient coordinates \"{1, 3}\n"
"From remote kernel:"
"\"PASS: \"\"coefficients contain no angular variables\"\n"
"From remote kernel:"
"\"PASS: \"\"denominator substitution conditions resolved\"\n"
"From remote kernel:"
"\"PASS: \"\"coefficients contain no angular variables\"\n"
"From remote kernel:"
"\"RealSame_Charge0__Pg__Pair_RealSame_Pg_6_8\"\": factoring angular denominators.\"\n"
"From remote kernel:"
"\"RealSame_Charge0__Pg__Pair_RealSame_Pg_6_7\"\": coefficient coordinates \"{1, 2}\n"
"From remote kernel:"
"\"PASS: \"\"RealSame_Charge0__Pg__Pair_RealSame_Pg_6_6 exact angular reconstruction\"\n"
"From remote kernel:"
"\"RealSame_Charge0__Pg__Pair_RealSame_Pg_6_6\"\": \"6\" angular monomials accepted.\"\n"
"From remote kernel:"
"\"PASS: \"\"denominator substitution conditions resolved\"\n"
"From remote kernel:"
"\"PASS: \"\"coefficients contain no angular variables\"\n"
"From remote kernel:"
"\"RealSame_Charge0__Pg__Pair_RealSame_Pg_7_7\"\": factoring angular denominators.\"\n"
"From remote kernel:"
"\"RealSame_Charge0__Pg__Pair_RealSame_Pg_6_8\"\": reducing \"1\" denominator terms.\"\n"
"From remote kernel:"
"\"RealSame_Charge0__Pg__Pair_RealSame_Pg_6_8\"\": coefficient coordinates \"{1, 2}\n"
"From remote kernel:"
"\"PASS: \"\"denominator substitution conditions resolved\"\n"
"From remote kernel:"
"\"PASS: \"\"coefficients contain no angular variables\"\n"
"From remote kernel:"
"\"RealSame_Charge0__Pg__Pair_RealSame_Pg_7_7\"\": reducing \"1\" denominator terms.\"\n"
"From remote kernel:"
"\"RealSame_Charge0__Pg__Pair_RealSame_Pg_7_7\"\": coefficient coordinates \"{1, 2}\n"
"From remote kernel:"
"\"PASS: \"\"denominator substitution conditions resolved\"\n"
"From remote kernel:"
"\"PASS: \"\"coefficients contain no angular variables\"\n"
"From remote kernel:"
"\"PASS: \"\"RealSame_Charge0__Pg__Pair_RealSame_Pg_7_7 exact angular reconstruction\"\n"
"From remote kernel:"
"\"PASS: \"\"RealSame_Charge0__Pg__Pair_RealSame_Pg_6_8 exact angular reconstruction\"\n"
"From remote kernel:"
"\"PASS: \"\"RealSame_Charge0__Pg__Pair_RealSame_Pg_5_8 exact angular reconstruction\"\n"
"From remote kernel:"
"\"RealSame_Charge0__Pg__Pair_RealSame_Pg_7_7\"\": \"6\" angular monomials accepted.\"\n"
"From remote kernel:"
"\"RealSame_Charge0__Pg__Pair_RealSame_Pg_6_8\"\": \"6\" angular monomials accepted.\"\n"
"From remote kernel:"
"\"RealSame_Charge0__Pg__Pair_RealSame_Pg_5_8\"\": \"12\" angular monomials accepted.\"\n"
"From remote kernel:"
"\"PASS: \"\"RealQGG_Charge0__Ppp reused basis reconstructs current input\"\n"
"From remote kernel:"
"\"PASS: \"\"RealSame_Charge0__Pg__Pair_RealSame_Pg_6_7 exact angular reconstruction\"\n"
"From remote kernel:"
"\"RealSame_Charge0__Pg__Pair_RealSame_Pg_6_7\"\": \"12\" angular monomials accepted.\"\n"
"From remote kernel:"
"\"RealSame_Charge0__Pg__Pair_RealSame_Pg_8_8\"\": factoring angular denominators.\"\n"
"From remote kernel:"
"\"RealSame_Charge0__Pg__Pair_RealSame_Pg_7_8\"\": factoring angular denominators.\"\n"
"From remote kernel:"
"\"RealSame_Charge0__Ppp__Pair_RealSame_Ppp_1_1\"\": factoring angular denominators.\"\n"
"From remote kernel:"
"\"PASS: \"\"same-channel geometry reconstructs its defining angular form\"\n"
"From remote kernel:"
"\"RealSame_Charge0__Ppp__Pair_RealSame_Ppp_1_2\"\": factoring angular denominators.\"\n"
"From remote kernel:"
"\"RealSame_Charge0__Ppp__Pair_RealSame_Ppp_1_1\"\": angular integral vanishes by exact spectator exchange.\"\n"
"From remote kernel:"
"\"PASS: \"\"angular scale sign determined\"\n"
"From remote kernel:"
"\"RealSame_Charge0__Ppp__Pair_RealSame_Ppp_1_3\"\": factoring angular denominators.\"\n"
"From remote kernel:"
"\"RealSame_Charge0__Ppp__Pair_RealSame_Ppp_1_3\"\": angular integral vanishes by exact spectator exchange.\"\n"
"From remote kernel:"
"\"RealSame_Charge0__Ppp__Pair_RealSame_Ppp_1_2\"\": angular integral vanishes by exact spectator exchange.\"\n"
"From remote kernel:"
"\"RealSame_Charge0__Ppp__Pair_RealSame_Ppp_1_4\"\": factoring angular denominators.\"\n"
"From remote kernel:"
"\"RealSame_Charge0__Ppp__Pair_RealSame_Ppp_1_4\"\": angular integral vanishes by exact spectator exchange.\"\n"
"From remote kernel:"
"\"RealSame_Charge0__Ppp__Pair_RealSame_Ppp_1_6\"\": factoring angular denominators.\"\n"
"From remote kernel:"
"\"RealSame_Charge0__Ppp__Pair_RealSame_Ppp_1_5\"\": factoring angular denominators.\"\n"
"From remote kernel:"
"\"RealSame_Charge0__Ppp__Pair_RealSame_Ppp_1_6\"\": angular integral vanishes by exact spectator exchange.\"\n"
"From remote kernel:"
"\"RealSame_Charge0__Ppp__Pair_RealSame_Ppp_1_5\"\": angular integral vanishes by exact spectator exchange.\"\n"
"From remote kernel:"
"\"RealSame_Charge0__Ppp__Pair_RealSame_Ppp_1_7\"\": factoring angular denominators.\"\n"
"From remote kernel:"
"\"RealSame_Charge0__Ppp__Pair_RealSame_Ppp_1_7\"\": angular integral vanishes by exact spectator exchange.\"\n"
"From remote kernel:"
"\"RealSame_Charge0__Ppp__Pair_RealSame_Ppp_1_8\"\": factoring angular denominators.\"\n"
"From remote kernel:"
"\"RealSame_Charge0__Ppp__Pair_RealSame_Ppp_1_8\"\": angular integral vanishes by exact spectator exchange.\"\n"
"From remote kernel:"
"\"PASS: \"\"same-channel geometry reconstructs its defining angular form\"\n"
"From remote kernel:"
"\"PASS: \"\"paper angular case applies\"\n"
"From remote kernel:"
"\"RealSame_Charge0__Pg__Pair_RealSame_Pg_8_8\"\": reducing \"1\" denominator terms.\"\n"
"From remote kernel:"
"\"RealSame_Charge0__Ppp__Pair_RealSame_Ppp_2_3\"\": factoring angular denominators.\"\n"
"From remote kernel:"
"\"PASS: \"\"angular partial-fraction unity relation\"\n"
"From remote kernel:"
"\"RealSame_Charge0__Ppp__Pair_RealSame_Ppp_2_2\"\": factoring angular denominators.\"\n"
"From remote kernel:"
"\"RealSame_Charge0__Pg__Pair_RealSame_Pg_8_8\"\": coefficient coordinates \"{1, 2}\n"
"From remote kernel:"
"\"RealSame_Charge0__Ppp__Pair_RealSame_Ppp_2_3\"\": angular integral vanishes by exact spectator exchange.\"\n"
"From remote kernel:"
"\"PASS: \"\"angular partial-fraction unity relation\"\n"
"From remote kernel:"
"\"RealSame_Charge0__Ppp__Pair_RealSame_Ppp_2_2\"\": angular integral vanishes by exact spectator exchange.\"\n"
"From remote kernel:"
"\"PASS: \"\"angular partial-fraction unity relation\"\n"
"From remote kernel:"
"\"PASS: \"\"denominator substitution conditions resolved\"\n"
"From remote kernel:"
"\"RealSame_Charge0__Ppp__Pair_RealSame_Ppp_2_4\"\": factoring angular denominators.\"\n"
"From remote kernel:"
"\"RealSame_Charge0__Pg__Pair_RealSame_Pg_7_8\"\": reducing \"5\" denominator terms.\"\n"
"From remote kernel:"
"\"PASS: \"\"coefficients contain no angular variables\"\n"
"From remote kernel:"
"\"RealSame_Charge0__Ppp__Pair_RealSame_Ppp_2_4\"\": angular integral vanishes by exact spectator exchange.\"\n"
"From remote kernel:"
"\"RealSame_Charge0__Pg__Pair_RealSame_Pg_7_8\"\": coefficient coordinates \"{3, 4}\n"
"From remote kernel:"
"\"PASS: \"\"denominator substitution conditions resolved\"\n"
"From remote kernel:"
"\"PASS: \"\"coefficients contain no angular variables\"\n"
"From remote kernel:"
"\"RealSame_Charge0__Ppp__Pair_RealSame_Ppp_2_5\"\": factoring angular denominators.\"\n"
"From remote kernel:"
"\"RealSame_Charge0__Ppp__Pair_RealSame_Ppp_2_6\"\": factoring angular denominators.\"\n"
"From remote kernel:"
"\"RealSame_Charge0__Pg__Pair_RealSame_Pg_7_8\"\": coefficient coordinates \"{2, 4}\n"
"From remote kernel:"
"\"RealSame_Charge0__Ppp__Pair_RealSame_Ppp_2_5\"\": angular integral vanishes by exact spectator exchange.\"\n"
"From remote kernel:"
"\"RealSame_Charge0__Ppp__Pair_RealSame_Ppp_2_6\"\": angular integral vanishes by exact spectator exchange.\"\n"
"From remote kernel:"
"\"RealSame_Charge0__Ppp__Pair_RealSame_Ppp_2_7\"\": factoring angular denominators.\"\n"
"From remote kernel:"
"\"PASS: \"\"denominator substitution conditions resolved\"\n"
"From remote kernel:"
"\"PASS: \"\"RealSame_Charge0__Pg__Pair_RealSame_Pg_8_8 exact angular reconstruction\"\n"
"From remote kernel:"
"\"RealSame_Charge0__Ppp__Pair_RealSame_Ppp_2_7\"\": angular integral vanishes by exact spectator exchange.\"\n"
"From remote kernel:"
"\"PASS: \"\"coefficients contain no angular variables\"\n"
"From remote kernel:"
"\"RealSame_Charge0__Pg__Pair_RealSame_Pg_8_8\"\": \"6\" angular monomials accepted.\"\n"
"From remote kernel:"
"\"RealSame_Charge0__Ppp__Pair_RealSame_Ppp_3_3\"\": factoring angular denominators.\"\n"
"From remote kernel:"
"\"RealSame_Charge0__Ppp__Pair_RealSame_Ppp_2_8\"\": factoring angular denominators.\"\n"
"From remote kernel:"
"\"RealSame_Charge0__Pg__Pair_RealSame_Pg_7_8\"\": coefficient coordinates \"{1, 4}\n"
"From remote kernel:"
"\"RealSame_Charge0__Ppp__Pair_RealSame_Ppp_3_4\"\": factoring angular denominators.\"\n"
"From remote kernel:"
"\"RealSame_Charge0__Ppp__Pair_RealSame_Ppp_2_8\"\": angular integral vanishes by exact spectator exchange.\"\n"
"From remote kernel:"
"\"RealSame_Charge0__Ppp__Pair_RealSame_Ppp_3_4\"\": reducing \"1\" denominator terms.\"\n"
"From remote kernel:"
"\"RealSame_Charge0__Ppp__Pair_RealSame_Ppp_3_4\"\": coefficient coordinates \"{1, 2}\n"
"From remote kernel:"
"\"RealSame_Charge0__Ppp__Pair_RealSame_Ppp_3_5\"\": factoring angular denominators.\"\n"
"From remote kernel:"
"\"RealSame_Charge0__Ppp__Pair_RealSame_Ppp_3_6\"\": factoring angular denominators.\"\n"
"From remote kernel:"
"\"PASS: \"\"denominator substitution conditions resolved\"\n"
"From remote kernel:"
"\"PASS: \"\"denominator substitution conditions resolved\"\n"
"From remote kernel:"
"\"PASS: \"\"coefficients contain no angular variables\"\n"
"From remote kernel:"
"\"PASS: \"\"coefficients contain no angular variables\"\n"
"From remote kernel:"
"\"RealSame_Charge0__Pg__Pair_RealSame_Pg_7_8\"\": coefficient coordinates \"{1, 3}\n"
"From remote kernel:"
"\"PASS: \"\"RealSame_Charge0__Ppp__Pair_RealSame_Ppp_3_4 exact angular reconstruction\"\n"
"From remote kernel:"
"\"PASS: \"\"angular scale sign determined\"\n"
"From remote kernel:"
"\"RealSame_Charge0__Ppp__Pair_RealSame_Ppp_3_4\"\": \"3\" angular monomials accepted.\"\n"
"From remote kernel:"
"\"RealSame_Charge0__Ppp__Pair_RealSame_Ppp_3_6\"\": reducing \"1\" denominator terms.\"\n"
"From remote kernel:"
"\"PASS: \"\"paper angular case applies\"\n"
"From remote kernel:"
"\"PASS: \"\"denominator substitution conditions resolved\"\n"
"From remote kernel:"
"\"RealSame_Charge0__Ppp__Pair_RealSame_Ppp_3_6\"\": coefficient coordinates \"{1, 2}\n"
"From remote kernel:"
"\"RealSame_Charge0__Ppp__Pair_RealSame_Ppp_3_5\"\": reducing \"1\" denominator terms.\"\n"
"From remote kernel:"
"\"PASS: \"\"coefficients contain no angular variables\"\n"
"From remote kernel:"
"\"RealSame_Charge0__Ppp__Pair_RealSame_Ppp_3_5\"\": coefficient coordinates \"{1, 2}\n"
"From remote kernel:"
"\"RealSame_Charge0__Ppp__Pair_RealSame_Ppp_3_7\"\": factoring angular denominators.\"\n"
"From remote kernel:"
"\"PASS: \"\"denominator substitution conditions resolved\"\n"
"From remote kernel:"
"\"PASS: \"\"denominator substitution conditions resolved\"\n"
"From remote kernel:"
"\"PASS: \"\"coefficients contain no angular variables\"\n"
"From remote kernel:"
"\"PASS: \"\"angular scale sign determined\"\n"
"From remote kernel:"
"\"RealSame_Charge0__Pg__Pair_RealSame_Pg_7_8\"\": coefficient coordinates \"{1, 2}\n"
"From remote kernel:"
"\"PASS: \"\"paper angular case applies\"\n"
"From remote kernel:"
"\"PASS: \"\"coefficients contain no angular variables\"\n"
"From remote kernel:"
"\"PASS: \"\"denominator substitution conditions resolved\"\n"
"From remote kernel:"
"\"PASS: \"\"same-channel geometry reconstructs its defining angular form\"\n"
"From remote kernel:"
"\"PASS: \"\"coefficients contain no angular variables\"\n"
"From remote kernel:"
"\"PASS: \"\"same-channel geometry reconstructs its defining angular form\"\n"
"From remote kernel:"
"\"PASS: \"\"angular partial-fraction unity relation\"\n"
"From remote kernel:"
"\"RealSame_Charge0__Ppp__Pair_RealSame_Ppp_3_3\"\": reducing \"1\" denominator terms.\"\n"
"From remote kernel:"
"\"RealSame_Charge0__Ppp__Pair_RealSame_Ppp_3_7\"\": reducing \"3\" denominator terms.\"\n"
"From remote kernel:"
"\"RealSame_Charge0__Ppp__Pair_RealSame_Ppp_3_3\"\": coefficient coordinates \"{1, 2}\n"
"From remote kernel:"
"\"RealSame_Charge0__Ppp__Pair_RealSame_Ppp_3_7\"\": coefficient coordinates \"{2, 3}\n"
"From remote kernel:"
"\"PASS: \"\"denominator substitution conditions resolved\"\n"
"From remote kernel:"
"\"PASS: \"\"coefficients contain no angular variables\"\n"
"From remote kernel:"
"\"RealSame_Charge0__Ppp__Pair_RealSame_Ppp_3_7\"\": coefficient coordinates \"{1, 3}\n"
"From remote kernel:"
"\"PASS: \"\"denominator substitution conditions resolved\"\n"
"From remote kernel:"
"\"PASS: \"\"coefficients contain no angular variables\"\n"
"From remote kernel:"
"\"RealSame_Charge0__Ppp__Pair_RealSame_Ppp_3_7\"\": coefficient coordinates \"{1, 2}\n"
"From remote kernel:"
"\"PASS: \"\"denominator substitution conditions resolved\"\n"
"From remote kernel:"
"\"PASS: \"\"coefficients contain no angular variables\"\n"
"From remote kernel:"
"\"PASS: \"\"denominator substitution conditions resolved\"\n"
"From remote kernel:"
"\"PASS: \"\"coefficients contain no angular variables\"\n"
"From remote kernel:"
"\"PASS: \"\"RealSame_Charge0__Ppp__Pair_RealSame_Ppp_3_3 exact angular reconstruction\"\n"
"From remote kernel:"
"\"RealSame_Charge0__Ppp__Pair_RealSame_Ppp_3_3\"\": \"3\" angular monomials accepted.\"\n"
"From remote kernel:"
"\"PASS: \"\"RealSame_Charge0__Ppp__Pair_RealSame_Ppp_3_5 exact angular reconstruction\"\n"
"From remote kernel:"
"\"RealSame_Charge0__Ppp__Pair_RealSame_Ppp_3_5\"\": \"7\" angular monomials accepted.\"\n"
"From remote kernel:"
"\"RealSame_Charge0__Ppp__Pair_RealSame_Ppp_3_8\"\": factoring angular denominators.\"\n"
"From remote kernel:"
"\"RealSame_Charge0__Ppp__Pair_RealSame_Ppp_4_4\"\": factoring angular denominators.\"\n"
"From remote kernel:"
"\"RealSame_Charge0__Ppp__Pair_RealSame_Ppp_4_4\"\": reducing \"1\" denominator terms.\"\n"
"From remote kernel:"
"\"RealSame_Charge0__Ppp__Pair_RealSame_Ppp_4_4\"\": coefficient coordinates \"{1, 2}\n"
"From remote kernel:"
"\"PASS: \"\"denominator substitution conditions resolved\"\n"
"From remote kernel:"
"\"PASS: \"\"coefficients contain no angular variables\"\n"
"From remote kernel:"
"\"PASS: \"\"angular scale sign determined\"\n"
"From remote kernel:"
"\"PASS: \"\"RealSame_Charge0__Ppp__Pair_RealSame_Ppp_4_4 exact angular reconstruction\"\n"
"From remote kernel:"
"\"PASS: \"\"RealSame_Charge0__Ppp__Pair_RealSame_Ppp_3_6 exact angular reconstruction\"\n"
"From remote kernel:"
"\"RealSame_Charge0__Ppp__Pair_RealSame_Ppp_4_4\"\": \"3\" angular monomials accepted.\"\n"
"From remote kernel:"
"\"RealSame_Charge0__Ppp__Pair_RealSame_Ppp_3_6\"\": \"7\" angular monomials accepted.\"\n"
"From remote kernel:"
"\"RealSame_Charge0__Ppp__Pair_RealSame_Ppp_4_5\"\": factoring angular denominators.\"\n"
"From remote kernel:"
"\"RealSame_Charge0__Ppp__Pair_RealSame_Ppp_4_6\"\": factoring angular denominators.\"\n"
"From remote kernel:"
"\"RealSame_Charge0__Ppp__Pair_RealSame_Ppp_4_5\"\": reducing \"1\" denominator terms.\"\n"
"From remote kernel:"
"\"PASS: \"\"paper angular case applies\"\n"
"From remote kernel:"
"\"RealSame_Charge0__Ppp__Pair_RealSame_Ppp_4_5\"\": coefficient coordinates \"{1, 2}\n"
"From remote kernel:"
"\"RealSame_Charge0__Ppp__Pair_RealSame_Ppp_4_6\"\": reducing \"1\" denominator terms.\"\n"
"From remote kernel:"
"\"RealSame_Charge0__Ppp__Pair_RealSame_Ppp_3_8\"\": reducing \"1\" denominator terms.\"\n"
"From remote kernel:"
"\"RealSame_Charge0__Ppp__Pair_RealSame_Ppp_4_6\"\": coefficient coordinates \"{1, 2}\n"
"From remote kernel:"
"\"RealSame_Charge0__Ppp__Pair_RealSame_Ppp_3_8\"\": coefficient coordinates \"{1, 2}\n"
"From remote kernel:"
"\"PASS: \"\"denominator substitution conditions resolved\"\n"
"From remote kernel:"
"\"PASS: \"\"denominator substitution conditions resolved\"\n"
"From remote kernel:"
"\"PASS: \"\"coefficients contain no angular variables\"\n"
"From remote kernel:"
"\"PASS: \"\"denominator substitution conditions resolved\"\n"
"From remote kernel:"
"\"PASS: \"\"coefficients contain no angular variables\"\n"
"From remote kernel:"
"\"PASS: \"\"RealSame_Charge0__Ppp__Pair_RealSame_Ppp_3_8 exact angular reconstruction\"\n"
"From remote kernel:"
"\"PASS: \"\"coefficients contain no angular variables\"\n"
"From remote kernel:"
"\"RealSame_Charge0__Ppp__Pair_RealSame_Ppp_3_8\"\": \"7\" angular monomials accepted.\"\n"
"From remote kernel:"
"\"RealSame_Charge0__Ppp__Pair_RealSame_Ppp_4_7\"\": factoring angular denominators.\"\n"
"From remote kernel:"
"\"PASS: \"\"RealSame_Charge0__Ppp__Pair_RealSame_Ppp_4_6 exact angular reconstruction\"\n"
"From remote kernel:"
"\"RealSame_Charge0__Ppp__Pair_RealSame_Ppp_4_6\"\": \"10\" angular monomials accepted.\"\n"
"From remote kernel:"
"\"RealSame_Charge0__Ppp__Pair_RealSame_Ppp_4_8\"\": factoring angular denominators.\"\n"
"From remote kernel:"
"\"PASS: \"\"RealSame_Charge0__Pg__Pair_RealSame_Pg_7_8 exact angular reconstruction\"\n"
"From remote kernel:"
"\"RealSame_Charge0__Pg__Pair_RealSame_Pg_7_8\"\": \"30\" angular monomials accepted.\"\n"
"From remote kernel:"
"\"PASS: \"\"same-channel geometry reconstructs its defining angular form\"\n"
"From remote kernel:"
"\"PASS: \"\"RealSame_Charge0__Ppp__Pair_RealSame_Ppp_4_5 exact angular reconstruction\"\n"
"From remote kernel:"
"\"RealSame_Charge0__Ppp__Pair_RealSame_Ppp_5_5\"\": factoring angular denominators.\"\n"
"From remote kernel:"
"\"PASS: \"\"same-channel geometry reconstructs its defining angular form\"\n"
"From remote kernel:"
"\"RealSame_Charge0__Ppp__Pair_RealSame_Ppp_4_5\"\": \"10\" angular monomials accepted.\"\n"
"From remote kernel:"
"\"RealSame_Charge0__Ppp__Pair_RealSame_Ppp_4_8\"\": reducing \"1\" denominator terms.\"\n"
"From remote kernel:"
"\"RealSame_Charge0__Ppp__Pair_RealSame_Ppp_4_7\"\": reducing \"1\" denominator terms.\"\n"
"From remote kernel:"
"\"RealSame_Charge0__Ppp__Pair_RealSame_Ppp_4_8\"\": coefficient coordinates \"{1, 2}\n"
"From remote kernel:"
"\"RealSame_Charge0__Ppp__Pair_RealSame_Ppp_4_7\"\": coefficient coordinates \"{1, 2}\n"
"From remote kernel:"
"\"PASS: \"\"denominator substitution conditions resolved\"\n"
"From remote kernel:"
"\"RealSame_Charge0__Ppp__Pair_RealSame_Ppp_5_6\"\": factoring angular denominators.\"\n"
"From remote kernel:"
"\"PASS: \"\"denominator substitution conditions resolved\"\n"
"From remote kernel:"
"\"PASS: \"\"coefficients contain no angular variables\"\n"
"From remote kernel:"
"\"PASS: \"\"angular partial-fraction unity relation\"\n"
"From remote kernel:"
"\"PASS: \"\"coefficients contain no angular variables\"\n"
"From remote kernel:"
"\"RealSame_Charge0__Ppp__Pair_RealSame_Ppp_5_6\"\": reducing \"2\" denominator terms.\"\n"
"From remote kernel:"
"\"RealSame_Charge0__Ppp__Pair_RealSame_Ppp_5_6\"\": coefficient coordinates \"{2, 3}\n"
"From remote kernel:"
"\"PASS: \"\"denominator substitution conditions resolved\"\n"
"From remote kernel:"
"\"RealSame_Charge0__Ppp__Pair_RealSame_Ppp_5_5\"\": reducing \"1\" denominator terms.\"\n"
"From remote kernel:"
"\"PASS: \"\"coefficients contain no angular variables\"\n"
"From remote kernel:"
"\"RealSame_Charge0__Ppp__Pair_RealSame_Ppp_5_5\"\": coefficient coordinates \"{1, 2}\n"
"From remote kernel:"
"\"PASS: \"\"denominator substitution conditions resolved\"\n"
"From remote kernel:"
"\"RealSame_Charge0__Ppp__Pair_RealSame_Ppp_5_6\"\": coefficient coordinates \"{1, 3}\n"
"From remote kernel:"
"\"PASS: \"\"coefficients contain no angular variables\"\n"
"From remote kernel:"
"\"PASS: \"\"RealSame_Charge0__Ppp__Pair_RealSame_Ppp_4_8 exact angular reconstruction\"\n"
"From remote kernel:"
"\"PASS: \"\"denominator substitution conditions resolved\"\n"
"From remote kernel:"
"\"RealSame_Charge0__Ppp__Pair_RealSame_Ppp_4_8\"\": \"7\" angular monomials accepted.\"\n"
"From remote kernel:"
"\"PASS: \"\"coefficients contain no angular variables\"\n"
"From remote kernel:"
"\"PASS: \"\"RealSame_Charge0__Ppp__Pair_RealSame_Ppp_4_7 exact angular reconstruction\"\n"
"From remote kernel:"
"\"RealSame_Charge0__Ppp__Pair_RealSame_Ppp_4_7\"\": \"10\" angular monomials accepted.\"\n"
"From remote kernel:"
"\"PASS: \"\"RealSame_Charge0__Ppp__Pair_RealSame_Ppp_3_7 exact angular reconstruction\"\n"
"From remote kernel:"
"\"RealSame_Charge0__Ppp__Pair_RealSame_Ppp_5_7\"\": factoring angular denominators.\"\n"
"From remote kernel:"
"\"PASS: \"\"RealSame_Charge0__Ppp__Pair_RealSame_Ppp_5_5 exact angular reconstruction\"\n"
"From remote kernel:"
"\"RealSame_Charge0__Ppp__Pair_RealSame_Ppp_3_7\"\": \"24\" angular monomials accepted.\"\n"
"From remote kernel:"
"\"RealSame_Charge0__Ppp__Pair_RealSame_Ppp_5_5\"\": \"14\" angular monomials accepted.\"\n"
"From remote kernel:"
"\"RealSame_Charge0__Ppp__Pair_RealSame_Ppp_5_7\"\": reducing \"1\" denominator terms.\"\n"
"From remote kernel:"
"\"RealSame_Charge0__Ppp__Pair_RealSame_Ppp_5_8\"\": factoring angular denominators.\"\n"
"From remote kernel:"
"\"RealSame_Charge0__Ppp__Pair_RealSame_Ppp_5_7\"\": coefficient coordinates \"{1, 2}\n"
"From remote kernel:"
"\"PASS: \"\"same-channel geometry reconstructs its defining angular form\"\n"
"From remote kernel:"
"\"RealSame_Charge0__Ppp__Pair_RealSame_Ppp_6_6\"\": factoring angular denominators.\"\n"
"From remote kernel:"
"\"PASS: \"\"denominator substitution conditions resolved\"\n"
"From remote kernel:"
"\"PASS: \"\"same-channel geometry reconstructs its defining angular form\"\n"
"From remote kernel:"
"\"RealSame_Charge0__Ppp__Pair_RealSame_Ppp_6_7\"\": factoring angular denominators.\"\n"
"From remote kernel:"
"\"PASS: \"\"angular partial-fraction unity relation\"\n"
"From remote kernel:"
"\"PASS: \"\"coefficients contain no angular variables\"\n"
"From remote kernel:"
"\"RealSame_Charge0__Ppp__Pair_RealSame_Ppp_5_8\"\": reducing \"2\" denominator terms.\"\n"
"From remote kernel:"
"\"RealSame_Charge0__Ppp__Pair_RealSame_Ppp_5_8\"\": coefficient coordinates \"{2, 3}\n"
"From remote kernel:"
"\"PASS: \"\"denominator substitution conditions resolved\"\n"
"From remote kernel:"
"\"RealSame_Charge0__Ppp__Pair_RealSame_Ppp_6_6\"\": reducing \"1\" denominator terms.\"\n"
"From remote kernel:"
"\"PASS: \"\"coefficients contain no angular variables\"\n"
"From remote kernel:"
"\"PASS: \"\"angular partial-fraction unity relation\"\n"
"From remote kernel:"
"\"RealSame_Charge0__Ppp__Pair_RealSame_Ppp_6_6\"\": coefficient coordinates \"{1, 2}\n"
"From remote kernel:"
"\"RealSame_Charge0__Ppp__Pair_RealSame_Ppp_6_7\"\": reducing \"2\" denominator terms.\"\n"
"From remote kernel:"
"\"PASS: \"\"denominator substitution conditions resolved\"\n"
"From remote kernel:"
"\"RealSame_Charge0__Ppp__Pair_RealSame_Ppp_5_8\"\": coefficient coordinates \"{1, 3}\n"
"From remote kernel:"
"\"RealSame_Charge0__Ppp__Pair_RealSame_Ppp_6_7\"\": coefficient coordinates \"{1, 3}\n"
"From remote kernel:"
"\"PASS: \"\"coefficients contain no angular variables\"\n"
"From remote kernel:"
"\"PASS: \"\"denominator substitution conditions resolved\"\n"
"From remote kernel:"
"\"PASS: \"\"denominator substitution conditions resolved\"\n"
"From remote kernel:"
"\"PASS: \"\"coefficients contain no angular variables\"\n"
"From remote kernel:"
"\"PASS: \"\"coefficients contain no angular variables\"\n"
"From remote kernel:"
"\"PASS: \"\"RealSame_Charge0__Ppp__Pair_RealSame_Ppp_6_6 exact angular reconstruction\"\n"
"From remote kernel:"
"\"PASS: \"\"RealSame_Charge0__Ppp__Pair_RealSame_Ppp_5_7 exact angular reconstruction\"\n"
"From remote kernel:"
"\"RealSame_Charge0__Ppp__Pair_RealSame_Ppp_6_6\"\": \"10\" angular monomials accepted.\"\n"
"From remote kernel:"
"\"RealSame_Charge0__Ppp__Pair_RealSame_Ppp_5_7\"\": \"10\" angular monomials accepted.\"\n"
"From remote kernel:"
"\"RealSame_Charge0__Ppp__Pair_RealSame_Ppp_6_7\"\": coefficient coordinates \"{1, 2}\n"
"From remote kernel:"
"\"RealSame_Charge0__Ppp__Pair_RealSame_Ppp_6_8\"\": factoring angular denominators.\"\n"
"From remote kernel:"
"\"RealSame_Charge0__Ppp__Pair_RealSame_Ppp_7_7\"\": factoring angular denominators.\"\n"
"From remote kernel:"
"\"PASS: \"\"denominator substitution conditions resolved\"\n"
"From remote kernel:"
"\"RealSame_Charge0__Ppp__Pair_RealSame_Ppp_7_7\"\": reducing \"1\" denominator terms.\"\n"
"From remote kernel:"
"\"RealSame_Charge0__Ppp__Pair_RealSame_Ppp_7_7\"\": coefficient coordinates \"{1, 2}\n"
"From remote kernel:"
"\"PASS: \"\"denominator substitution conditions resolved\"\n"
"From remote kernel:"
"\"PASS: \"\"coefficients contain no angular variables\"\n"
"From remote kernel:"
"\"PASS: \"\"coefficients contain no angular variables\"\n"
"From remote kernel:"
"\"PASS: \"\"RealSame_Charge0__Ppp__Pair_RealSame_Ppp_7_7 exact angular reconstruction\"\n"
"From remote kernel:"
"\"RealSame_Charge0__Ppp__Pair_RealSame_Ppp_6_8\"\": reducing \"1\" denominator terms.\"\n"
"From remote kernel:"
"\"RealSame_Charge0__Ppp__Pair_RealSame_Ppp_7_7\"\": \"10\" angular monomials accepted.\"\n"
"From remote kernel:"
"\"RealSame_Charge0__Ppp__Pair_RealSame_Ppp_6_8\"\": coefficient coordinates \"{1, 2}\n"
"From remote kernel:"
"\"PASS: \"\"denominator substitution conditions resolved\"\n"
"From remote kernel:"
"\"RealSame_Charge0__Ppp__Pair_RealSame_Ppp_7_8\"\": factoring angular denominators.\"\n"
"From remote kernel:"
"\"PASS: \"\"angular partial-fraction unity relation\"\n"
"From remote kernel:"
"\"PASS: \"\"RealSame_Charge0__Ppp__Pair_RealSame_Ppp_5_6 exact angular reconstruction\"\n"
"From remote kernel:"
"\"PASS: \"\"coefficients contain no angular variables\"\n"
"From remote kernel:"
"\"RealSame_Charge0__Ppp__Pair_RealSame_Ppp_5_6\"\": \"28\" angular monomials accepted.\"\n"
"From remote kernel:"
"\"PASS: \"\"angular partial-fraction unity relation\"\n"
"From remote kernel:"
"\"PASS: \"\"angular partial-fraction unity relation\"\n"
"From remote kernel:"
"\"RealSame_Charge0__Ppp__Pair_RealSame_Ppp_7_8\"\": reducing \"5\" denominator terms.\"\n"
"From remote kernel:"
"\"RealSame_Charge0__Ppp__Pair_RealSame_Ppp_8_8\"\": factoring angular denominators.\"\n"
"From remote kernel:"
"\"RealSame_Charge0__Ppp__Pair_RealSame_Ppp_7_8\"\": coefficient coordinates \"{3, 4}\n"
"From remote kernel:"
"\"PASS: \"\"denominator substitution conditions resolved\"\n"
"From remote kernel:"
"\"PASS: \"\"coefficients contain no angular variables\"\n"
"From remote kernel:"
"\"RealSame_Charge0__Ppp__Pair_RealSame_Ppp_7_8\"\": coefficient coordinates \"{2, 4}\n"
"From remote kernel:"
"\"PASS: \"\"RealSame_Charge0__Ppp__Pair_RealSame_Ppp_5_8 exact angular reconstruction\"\n"
"From remote kernel:"
"\"PASS: \"\"denominator substitution conditions resolved\"\n"
"From remote kernel:"
"\"RealSame_Charge0__Ppp__Pair_RealSame_Ppp_5_8\"\": \"18\" angular monomials accepted.\"\n"
"From remote kernel:"
"\"PASS: \"\"coefficients contain no angular variables\"\n"
"From remote kernel:"
"\"PASS: \"\"angular scale sign determined\"\n"
"From remote kernel:"
"\"RealSame_Charge0__Ppp__Pair_RealSame_Ppp_7_8\"\": coefficient coordinates \"{1, 4}\n"
"From remote kernel:"
"\"PASS: \"\"previous component input identity\"\n"
"From remote kernel:"
"\"PASS: \"\"RealDistinct_Charge0__Pg reused basis reconstructs current input\"\n"
"From remote kernel:"
"\"PASS: \"\"denominator substitution conditions resolved\"\n"
"From remote kernel:"
"\"PASS: \"\"coefficients contain no angular variables\"\n"
"From remote kernel:"
"\"RealSame_Charge0__Ppp__Pair_RealSame_Ppp_7_8\"\": coefficient coordinates \"{1, 3}\n"
"From remote kernel:"
"\"PASS: \"\"previous component input identity\"\n"
"From remote kernel:"
"\"PASS: \"\"denominator substitution conditions resolved\"\n"
"From remote kernel:"
"\"PASS: \"\"RealDistinct_Charge1__Pg reused basis reconstructs current input\"\n"
"From remote kernel:"
"\"PASS: \"\"RealSame_Charge0__Ppp__Pair_RealSame_Ppp_6_8 exact angular reconstruction\"\n"
"From remote kernel:"
"\"PASS: \"\"coefficients contain no angular variables\"\n"
"From remote kernel:"
"\"PASS: \"\"paper angular case applies\"\n"
"From remote kernel:"
"\"RealSame_Charge0__Ppp__Pair_RealSame_Ppp_6_8\"\": \"9\" angular monomials accepted.\"\n"
"From remote kernel:"
"\"RealSame_Charge0__Ppp__Pair_RealSame_Ppp_8_8\"\": reducing \"1\" denominator terms.\"\n"
"From remote kernel:"
"\"RealSame_Charge0__Ppp__Pair_RealSame_Ppp_8_8\"\": coefficient coordinates \"{1, 2}\n"
"From remote kernel:"
"\"RealSame_Charge0__Ppp__Pair_RealSame_Ppp_7_8\"\": coefficient coordinates \"{1, 2}\n"
"From remote kernel:"
"\"PASS: \"\"previous component input identity\"\n"
"From remote kernel:"
"\"PASS: \"\"previous component input identity\"\n"
"From remote kernel:"
"\"PASS: \"\"denominator substitution conditions resolved\"\n"
"From remote kernel:"
"\"PASS: \"\"RealDistinct_Charge0__Ppp reused basis reconstructs current input\"\n"
"From remote kernel:"
"\"PASS: \"\"denominator substitution conditions resolved\"\n"
"From remote kernel:"
"\"PASS: \"\"coefficients contain no angular variables\"\n"
"From remote kernel:"
"\"PASS: \"\"coefficients contain no angular variables\"\n"
"From remote kernel:"
"\"PASS: \"\"RealSame_Charge0__Ppp__Pair_RealSame_Ppp_6_7 exact angular reconstruction\"\n"
"From remote kernel:"
"\"RealSame_Charge0__Ppp__Pair_RealSame_Ppp_6_7\"\": \"28\" angular monomials accepted.\"\n"
"From remote kernel:"
"\"PASS: \"\"previous component input identity\"\n"
"From remote kernel:"
"\"PASS: \"\"RealSame_Charge0__Ppp__Pair_RealSame_Ppp_8_8 exact angular reconstruction\"\n"
"From remote kernel:"
"\"PASS: \"\"RealDistinct_Charge1__Ppp reused basis reconstructs current input\"\n"
"From remote kernel:"
"\"RealSame_Charge0__Ppp__Pair_RealSame_Ppp_8_8\"\": \"9\" angular monomials accepted.\"\n"
"From remote kernel:"
"\"PASS: \"\"previous component input identity\"\n"
"From remote kernel:"
"\"PASS: \"\"RealDistinct_Charge2__Pg reused basis reconstructs current input\"\n"
"From remote kernel:"
"\"PASS: \"\"RealDistinct_Charge2__Ppp reused basis reconstructs current input\"\n"
"From remote kernel:"
"\"PASS: \"\"RealSame_Charge0__Ppp__Pair_RealSame_Ppp_7_8 exact angular reconstruction\"\n"
"From remote kernel:"
"\"RealSame_Charge0__Ppp__Pair_RealSame_Ppp_7_8\"\": \"54\" angular monomials accepted.\"\n"
"PASS: ""all component angular bases completed"
"PASS: ""equal merged denominators have the same angular geometry"
"PASS: ""equal merged denominators have the same angular geometry"
"PASS: ""equal merged denominators have the same angular geometry"
"PASS: ""equal merged denominators have the same angular geometry"
"PASS: ""equal merged denominators have the same angular geometry"
"PASS: ""equal merged denominators have the same angular geometry"
"PASS: ""equal merged denominators have the same angular geometry"
"PASS: ""equal merged denominators have the same angular geometry"
"PASS: ""equal merged denominators have the same angular geometry"
"RealSame_Charge0__Pg"": merging "36" verified pairs into "157" angular monomials"
"RealSame_Charge0__Pg"" merged coefficient "1"/"157
"PASS: ""merged angular coefficient reconstructs its pair sum"
"RealSame_Charge0__Pg"" merged coefficient "2"/"157
"PASS: ""merged angular coefficient reconstructs its pair sum"
"RealSame_Charge0__Pg"" merged coefficient "3"/"157
"PASS: ""merged angular coefficient reconstructs its pair sum"
"RealSame_Charge0__Pg"" merged coefficient "4"/"157
"PASS: ""merged angular coefficient reconstructs its pair sum"
"RealSame_Charge0__Pg"" merged coefficient "5"/"157
"PASS: ""merged angular coefficient reconstructs its pair sum"
"RealSame_Charge0__Pg"" merged coefficient "6"/"157
"PASS: ""merged angular coefficient reconstructs its pair sum"
"RealSame_Charge0__Pg"" merged coefficient "7"/"157
"PASS: ""merged angular coefficient reconstructs its pair sum"
"RealSame_Charge0__Pg"" merged coefficient "8"/"157
"PASS: ""merged angular coefficient reconstructs its pair sum"
"RealSame_Charge0__Pg"" merged coefficient "9"/"157
"PASS: ""merged angular coefficient reconstructs its pair sum"
"RealSame_Charge0__Pg"" merged coefficient "10"/"157
"PASS: ""merged angular coefficient reconstructs its pair sum"
"RealSame_Charge0__Pg"" merged coefficient "11"/"157
"PASS: ""merged angular coefficient reconstructs its pair sum"
"RealSame_Charge0__Pg"" merged coefficient "12"/"157
"PASS: ""merged angular coefficient reconstructs its pair sum"
"RealSame_Charge0__Pg"" merged coefficient "13"/"157
"PASS: ""merged angular coefficient reconstructs its pair sum"
"RealSame_Charge0__Pg"" merged coefficient "14"/"157
"PASS: ""merged angular coefficient reconstructs its pair sum"
"RealSame_Charge0__Pg"" merged coefficient "15"/"157
"PASS: ""merged angular coefficient reconstructs its pair sum"
"RealSame_Charge0__Pg"" merged coefficient "16"/"157
"PASS: ""merged angular coefficient reconstructs its pair sum"
"RealSame_Charge0__Pg"" merged coefficient "17"/"157
"PASS: ""merged angular coefficient reconstructs its pair sum"
"RealSame_Charge0__Pg"" merged coefficient "18"/"157
"PASS: ""merged angular coefficient reconstructs its pair sum"
"RealSame_Charge0__Pg"" merged coefficient "19"/"157
"PASS: ""merged angular coefficient reconstructs its pair sum"
"RealSame_Charge0__Pg"" merged coefficient "20"/"157
"PASS: ""merged angular coefficient reconstructs its pair sum"
"RealSame_Charge0__Pg"" merged coefficient "21"/"157
"PASS: ""merged angular coefficient reconstructs its pair sum"
"RealSame_Charge0__Pg"" merged coefficient "22"/"157
"PASS: ""merged angular coefficient reconstructs its pair sum"
"RealSame_Charge0__Pg"" merged coefficient "23"/"157
"PASS: ""merged angular coefficient reconstructs its pair sum"
"RealSame_Charge0__Pg"" merged coefficient "24"/"157
"PASS: ""merged angular coefficient reconstructs its pair sum"
"RealSame_Charge0__Pg"" merged coefficient "25"/"157
"PASS: ""merged angular coefficient reconstructs its pair sum"
"RealSame_Charge0__Pg"" merged coefficient "26"/"157
"PASS: ""merged angular coefficient reconstructs its pair sum"
"RealSame_Charge0__Pg"" merged coefficient "27"/"157
"PASS: ""merged angular coefficient reconstructs its pair sum"
"RealSame_Charge0__Pg"" merged coefficient "28"/"157
"PASS: ""merged angular coefficient reconstructs its pair sum"
"RealSame_Charge0__Pg"" merged coefficient "29"/"157
"PASS: ""merged angular coefficient reconstructs its pair sum"
"RealSame_Charge0__Pg"" merged coefficient "30"/"157
"PASS: ""merged angular coefficient reconstructs its pair sum"
"RealSame_Charge0__Pg"" merged coefficient "31"/"157
"PASS: ""merged angular coefficient reconstructs its pair sum"
"RealSame_Charge0__Pg"" merged coefficient "32"/"157
"PASS: ""merged angular coefficient reconstructs its pair sum"
"RealSame_Charge0__Pg"" merged coefficient "33"/"157
"PASS: ""merged angular coefficient reconstructs its pair sum"
"RealSame_Charge0__Pg"" merged coefficient "34"/"157
"PASS: ""merged angular coefficient reconstructs its pair sum"
"RealSame_Charge0__Pg"" merged coefficient "35"/"157
"PASS: ""merged angular coefficient reconstructs its pair sum"
"RealSame_Charge0__Pg"" merged coefficient "36"/"157
"PASS: ""merged angular coefficient reconstructs its pair sum"
"RealSame_Charge0__Pg"" merged coefficient "37"/"157
"PASS: ""merged angular coefficient reconstructs its pair sum"
"RealSame_Charge0__Pg"" merged coefficient "38"/"157
"PASS: ""merged angular coefficient reconstructs its pair sum"
"RealSame_Charge0__Pg"" merged coefficient "39"/"157
"PASS: ""merged angular coefficient reconstructs its pair sum"
"RealSame_Charge0__Pg"" merged coefficient "40"/"157
"PASS: ""merged angular coefficient reconstructs its pair sum"
"RealSame_Charge0__Pg"" merged coefficient "41"/"157
"PASS: ""merged angular coefficient reconstructs its pair sum"
"RealSame_Charge0__Pg"" merged coefficient "42"/"157
"PASS: ""merged angular coefficient reconstructs its pair sum"
"RealSame_Charge0__Pg"" merged coefficient "43"/"157
"PASS: ""merged angular coefficient reconstructs its pair sum"
"RealSame_Charge0__Pg"" merged coefficient "44"/"157
"PASS: ""merged angular coefficient reconstructs its pair sum"
"RealSame_Charge0__Pg"" merged coefficient "45"/"157
"PASS: ""merged angular coefficient reconstructs its pair sum"
"RealSame_Charge0__Pg"" merged coefficient "46"/"157
"PASS: ""merged angular coefficient reconstructs its pair sum"
"RealSame_Charge0__Pg"" merged coefficient "47"/"157
"PASS: ""merged angular coefficient reconstructs its pair sum"
"RealSame_Charge0__Pg"" merged coefficient "48"/"157
"PASS: ""merged angular coefficient reconstructs its pair sum"
"RealSame_Charge0__Pg"" merged coefficient "49"/"157
"PASS: ""merged angular coefficient reconstructs its pair sum"
"RealSame_Charge0__Pg"" merged coefficient "50"/"157
"PASS: ""merged angular coefficient reconstructs its pair sum"
"RealSame_Charge0__Pg"" merged coefficient "51"/"157
"PASS: ""merged angular coefficient reconstructs its pair sum"
"RealSame_Charge0__Pg"" merged coefficient "52"/"157
"PASS: ""merged angular coefficient reconstructs its pair sum"
"RealSame_Charge0__Pg"" merged coefficient "53"/"157
"PASS: ""merged angular coefficient reconstructs its pair sum"
"RealSame_Charge0__Pg"" merged coefficient "54"/"157
"PASS: ""merged angular coefficient reconstructs its pair sum"
"RealSame_Charge0__Pg"" merged coefficient "55"/"157
"PASS: ""merged angular coefficient reconstructs its pair sum"
"RealSame_Charge0__Pg"" merged coefficient "56"/"157
"PASS: ""merged angular coefficient reconstructs its pair sum"
"RealSame_Charge0__Pg"" merged coefficient "57"/"157
"PASS: ""merged angular coefficient reconstructs its pair sum"
"RealSame_Charge0__Pg"" merged coefficient "58"/"157
"PASS: ""merged angular coefficient reconstructs its pair sum"
"RealSame_Charge0__Pg"" merged coefficient "59"/"157
"PASS: ""merged angular coefficient reconstructs its pair sum"
"RealSame_Charge0__Pg"" merged coefficient "60"/"157
"PASS: ""merged angular coefficient reconstructs its pair sum"
"RealSame_Charge0__Pg"" merged coefficient "61"/"157
"PASS: ""merged angular coefficient reconstructs its pair sum"
"RealSame_Charge0__Pg"" merged coefficient "62"/"157
"PASS: ""merged angular coefficient reconstructs its pair sum"
"RealSame_Charge0__Pg"" merged coefficient "63"/"157
"PASS: ""merged angular coefficient reconstructs its pair sum"
"RealSame_Charge0__Pg"" merged coefficient "64"/"157
"PASS: ""merged angular coefficient reconstructs its pair sum"
"RealSame_Charge0__Pg"" merged coefficient "65"/"157
"PASS: ""merged angular coefficient reconstructs its pair sum"
"RealSame_Charge0__Pg"" merged coefficient "66"/"157
"PASS: ""merged angular coefficient reconstructs its pair sum"
"RealSame_Charge0__Pg"" merged coefficient "67"/"157
"PASS: ""merged angular coefficient reconstructs its pair sum"
"RealSame_Charge0__Pg"" merged coefficient "68"/"157
"PASS: ""merged angular coefficient reconstructs its pair sum"
"RealSame_Charge0__Pg"" merged coefficient "69"/"157
"PASS: ""merged angular coefficient reconstructs its pair sum"
"RealSame_Charge0__Pg"" merged coefficient "70"/"157
"PASS: ""merged angular coefficient reconstructs its pair sum"
"RealSame_Charge0__Pg"" merged coefficient "71"/"157
"PASS: ""merged angular coefficient reconstructs its pair sum"
"RealSame_Charge0__Pg"" merged coefficient "72"/"157
"PASS: ""merged angular coefficient reconstructs its pair sum"
"RealSame_Charge0__Pg"" merged coefficient "73"/"157
"PASS: ""merged angular coefficient reconstructs its pair sum"
"RealSame_Charge0__Pg"" merged coefficient "74"/"157
"PASS: ""merged angular coefficient reconstructs its pair sum"
"RealSame_Charge0__Pg"" merged coefficient "75"/"157
"PASS: ""merged angular coefficient reconstructs its pair sum"
"RealSame_Charge0__Pg"" merged coefficient "76"/"157
"PASS: ""merged angular coefficient reconstructs its pair sum"
"RealSame_Charge0__Pg"" merged coefficient "77"/"157
"PASS: ""merged angular coefficient reconstructs its pair sum"
"RealSame_Charge0__Pg"" merged coefficient "78"/"157
"PASS: ""merged angular coefficient reconstructs its pair sum"
"RealSame_Charge0__Pg"" merged coefficient "79"/"157
"PASS: ""merged angular coefficient reconstructs its pair sum"
"RealSame_Charge0__Pg"" merged coefficient "80"/"157
"PASS: ""merged angular coefficient reconstructs its pair sum"
"RealSame_Charge0__Pg"" merged coefficient "81"/"157
"PASS: ""merged angular coefficient reconstructs its pair sum"
"RealSame_Charge0__Pg"" merged coefficient "82"/"157
"PASS: ""merged angular coefficient reconstructs its pair sum"
"RealSame_Charge0__Pg"" merged coefficient "83"/"157
"PASS: ""merged angular coefficient reconstructs its pair sum"
"RealSame_Charge0__Pg"" merged coefficient "84"/"157
"PASS: ""merged angular coefficient reconstructs its pair sum"
"RealSame_Charge0__Pg"" merged coefficient "85"/"157
"PASS: ""merged angular coefficient reconstructs its pair sum"
"RealSame_Charge0__Pg"" merged coefficient "86"/"157
"PASS: ""merged angular coefficient reconstructs its pair sum"
"RealSame_Charge0__Pg"" merged coefficient "87"/"157
"PASS: ""merged angular coefficient reconstructs its pair sum"
"RealSame_Charge0__Pg"" merged coefficient "88"/"157
"PASS: ""merged angular coefficient reconstructs its pair sum"
"RealSame_Charge0__Pg"" merged coefficient "89"/"157
"PASS: ""merged angular coefficient reconstructs its pair sum"
"RealSame_Charge0__Pg"" merged coefficient "90"/"157
"PASS: ""merged angular coefficient reconstructs its pair sum"
"RealSame_Charge0__Pg"" merged coefficient "91"/"157
"PASS: ""merged angular coefficient reconstructs its pair sum"
"RealSame_Charge0__Pg"" merged coefficient "92"/"157
"PASS: ""merged angular coefficient reconstructs its pair sum"
"RealSame_Charge0__Pg"" merged coefficient "93"/"157
"PASS: ""merged angular coefficient reconstructs its pair sum"
"RealSame_Charge0__Pg"" merged coefficient "94"/"157
"PASS: ""merged angular coefficient reconstructs its pair sum"
"RealSame_Charge0__Pg"" merged coefficient "95"/"157
"PASS: ""merged angular coefficient reconstructs its pair sum"
"RealSame_Charge0__Pg"" merged coefficient "96"/"157
"PASS: ""merged angular coefficient reconstructs its pair sum"
"RealSame_Charge0__Pg"" merged coefficient "97"/"157
"PASS: ""merged angular coefficient reconstructs its pair sum"
"RealSame_Charge0__Pg"" merged coefficient "98"/"157
"PASS: ""merged angular coefficient reconstructs its pair sum"
"RealSame_Charge0__Pg"" merged coefficient "99"/"157
"PASS: ""merged angular coefficient reconstructs its pair sum"
"RealSame_Charge0__Pg"" merged coefficient "100"/"157
"PASS: ""merged angular coefficient reconstructs its pair sum"
"RealSame_Charge0__Pg"" merged coefficient "101"/"157
"PASS: ""merged angular coefficient reconstructs its pair sum"
"RealSame_Charge0__Pg"" merged coefficient "102"/"157
"PASS: ""merged angular coefficient reconstructs its pair sum"
"RealSame_Charge0__Pg"" merged coefficient "103"/"157
"PASS: ""merged angular coefficient reconstructs its pair sum"
"RealSame_Charge0__Pg"" merged coefficient "104"/"157
"PASS: ""merged angular coefficient reconstructs its pair sum"
"RealSame_Charge0__Pg"" merged coefficient "105"/"157
"PASS: ""merged angular coefficient reconstructs its pair sum"
"RealSame_Charge0__Pg"" merged coefficient "106"/"157
"PASS: ""merged angular coefficient reconstructs its pair sum"
"RealSame_Charge0__Pg"" merged coefficient "107"/"157
"PASS: ""merged angular coefficient reconstructs its pair sum"
"RealSame_Charge0__Pg"" merged coefficient "108"/"157
"PASS: ""merged angular coefficient reconstructs its pair sum"
"RealSame_Charge0__Pg"" merged coefficient "109"/"157
"PASS: ""merged angular coefficient reconstructs its pair sum"
"RealSame_Charge0__Pg"" merged coefficient "110"/"157
"PASS: ""merged angular coefficient reconstructs its pair sum"
MONITOR_HEARTBEAT elapsed=92s rss=379.2MiB peak=2041.2MiB
"RealSame_Charge0__Pg"" merged coefficient "111"/"157
"PASS: ""merged angular coefficient reconstructs its pair sum"
"RealSame_Charge0__Pg"" merged coefficient "112"/"157
"PASS: ""merged angular coefficient reconstructs its pair sum"
"RealSame_Charge0__Pg"" merged coefficient "113"/"157
"PASS: ""merged angular coefficient reconstructs its pair sum"
"RealSame_Charge0__Pg"" merged coefficient "114"/"157
"PASS: ""merged angular coefficient reconstructs its pair sum"
"RealSame_Charge0__Pg"" merged coefficient "115"/"157
"PASS: ""merged angular coefficient reconstructs its pair sum"
"RealSame_Charge0__Pg"" merged coefficient "116"/"157
"PASS: ""merged angular coefficient reconstructs its pair sum"
"RealSame_Charge0__Pg"" merged coefficient "117"/"157
"PASS: ""merged angular coefficient reconstructs its pair sum"
"RealSame_Charge0__Pg"" merged coefficient "118"/"157
"PASS: ""merged angular coefficient reconstructs its pair sum"
"RealSame_Charge0__Pg"" merged coefficient "119"/"157
"PASS: ""merged angular coefficient reconstructs its pair sum"
"RealSame_Charge0__Pg"" merged coefficient "120"/"157
"PASS: ""merged angular coefficient reconstructs its pair sum"
"RealSame_Charge0__Pg"" merged coefficient "121"/"157
"PASS: ""merged angular coefficient reconstructs its pair sum"
"RealSame_Charge0__Pg"" merged coefficient "122"/"157
"PASS: ""merged angular coefficient reconstructs its pair sum"
"RealSame_Charge0__Pg"" merged coefficient "123"/"157
"PASS: ""merged angular coefficient reconstructs its pair sum"
"RealSame_Charge0__Pg"" merged coefficient "124"/"157
"PASS: ""merged angular coefficient reconstructs its pair sum"
"RealSame_Charge0__Pg"" merged coefficient "125"/"157
"PASS: ""merged angular coefficient reconstructs its pair sum"
"RealSame_Charge0__Pg"" merged coefficient "126"/"157
"PASS: ""merged angular coefficient reconstructs its pair sum"
"RealSame_Charge0__Pg"" merged coefficient "127"/"157
"PASS: ""merged angular coefficient reconstructs its pair sum"
"RealSame_Charge0__Pg"" merged coefficient "128"/"157
"PASS: ""merged angular coefficient reconstructs its pair sum"
"RealSame_Charge0__Pg"" merged coefficient "129"/"157
"PASS: ""merged angular coefficient reconstructs its pair sum"
"RealSame_Charge0__Pg"" merged coefficient "130"/"157
"PASS: ""merged angular coefficient reconstructs its pair sum"
"RealSame_Charge0__Pg"" merged coefficient "131"/"157
"PASS: ""merged angular coefficient reconstructs its pair sum"
"RealSame_Charge0__Pg"" merged coefficient "132"/"157
"PASS: ""merged angular coefficient reconstructs its pair sum"
"RealSame_Charge0__Pg"" merged coefficient "133"/"157
"PASS: ""merged angular coefficient reconstructs its pair sum"
"RealSame_Charge0__Pg"" merged coefficient "134"/"157
"PASS: ""merged angular coefficient reconstructs its pair sum"
"RealSame_Charge0__Pg"" merged coefficient "135"/"157
"PASS: ""merged angular coefficient reconstructs its pair sum"
"RealSame_Charge0__Pg"" merged coefficient "136"/"157
"PASS: ""merged angular coefficient reconstructs its pair sum"
"RealSame_Charge0__Pg"" merged coefficient "137"/"157
"PASS: ""merged angular coefficient reconstructs its pair sum"
"RealSame_Charge0__Pg"" merged coefficient "138"/"157
"PASS: ""merged angular coefficient reconstructs its pair sum"
"RealSame_Charge0__Pg"" merged coefficient "139"/"157
"PASS: ""merged angular coefficient reconstructs its pair sum"
"RealSame_Charge0__Pg"" merged coefficient "140"/"157
"PASS: ""merged angular coefficient reconstructs its pair sum"
"RealSame_Charge0__Pg"" merged coefficient "141"/"157
"PASS: ""merged angular coefficient reconstructs its pair sum"
"RealSame_Charge0__Pg"" merged coefficient "142"/"157
"PASS: ""merged angular coefficient reconstructs its pair sum"
"RealSame_Charge0__Pg"" merged coefficient "143"/"157
"PASS: ""merged angular coefficient reconstructs its pair sum"
"RealSame_Charge0__Pg"" merged coefficient "144"/"157
"PASS: ""merged angular coefficient reconstructs its pair sum"
"RealSame_Charge0__Pg"" merged coefficient "145"/"157
"PASS: ""merged angular coefficient reconstructs its pair sum"
"RealSame_Charge0__Pg"" merged coefficient "146"/"157
"PASS: ""merged angular coefficient reconstructs its pair sum"
"RealSame_Charge0__Pg"" merged coefficient "147"/"157
"PASS: ""merged angular coefficient reconstructs its pair sum"
"RealSame_Charge0__Pg"" merged coefficient "148"/"157
"PASS: ""merged angular coefficient reconstructs its pair sum"
"RealSame_Charge0__Pg"" merged coefficient "149"/"157
"PASS: ""merged angular coefficient reconstructs its pair sum"
"RealSame_Charge0__Pg"" merged coefficient "150"/"157
"PASS: ""merged angular coefficient reconstructs its pair sum"
"RealSame_Charge0__Pg"" merged coefficient "151"/"157
"PASS: ""merged angular coefficient reconstructs its pair sum"
"RealSame_Charge0__Pg"" merged coefficient "152"/"157
"PASS: ""merged angular coefficient reconstructs its pair sum"
"RealSame_Charge0__Pg"" merged coefficient "153"/"157
"PASS: ""merged angular coefficient reconstructs its pair sum"
"RealSame_Charge0__Pg"" merged coefficient "154"/"157
"PASS: ""merged angular coefficient reconstructs its pair sum"
"RealSame_Charge0__Pg"" merged coefficient "155"/"157
"PASS: ""merged angular coefficient reconstructs its pair sum"
"RealSame_Charge0__Pg"" merged coefficient "156"/"157
"PASS: ""merged angular coefficient reconstructs its pair sum"
"RealSame_Charge0__Pg"" merged coefficient "157"/"157
"PASS: ""merged angular coefficient reconstructs its pair sum"
"RealSame_Charge0__Pg"": "157" angular monomials accepted by the exact pair/merge identity chain"
"PASS: ""equal merged denominators have the same angular geometry"
"PASS: ""equal merged denominators have the same angular geometry"
"PASS: ""equal merged denominators have the same angular geometry"
"PASS: ""equal merged denominators have the same angular geometry"
"PASS: ""equal merged denominators have the same angular geometry"
"PASS: ""equal merged denominators have the same angular geometry"
"PASS: ""equal merged denominators have the same angular geometry"
"PASS: ""equal merged denominators have the same angular geometry"
"RealSame_Charge0__Ppp"": merging "36" verified pairs into "143" angular monomials"
"RealSame_Charge0__Ppp"" merged coefficient "1"/"143
"PASS: ""merged angular coefficient reconstructs its pair sum"
"RealSame_Charge0__Ppp"" merged coefficient "2"/"143
"PASS: ""merged angular coefficient reconstructs its pair sum"
"RealSame_Charge0__Ppp"" merged coefficient "3"/"143
"PASS: ""merged angular coefficient reconstructs its pair sum"
"RealSame_Charge0__Ppp"" merged coefficient "4"/"143
"PASS: ""merged angular coefficient reconstructs its pair sum"
"RealSame_Charge0__Ppp"" merged coefficient "5"/"143
"PASS: ""merged angular coefficient reconstructs its pair sum"
"RealSame_Charge0__Ppp"" merged coefficient "6"/"143
"PASS: ""merged angular coefficient reconstructs its pair sum"
"RealSame_Charge0__Ppp"" merged coefficient "7"/"143
"PASS: ""merged angular coefficient reconstructs its pair sum"
"RealSame_Charge0__Ppp"" merged coefficient "8"/"143
"PASS: ""merged angular coefficient reconstructs its pair sum"
"RealSame_Charge0__Ppp"" merged coefficient "9"/"143
"PASS: ""merged angular coefficient reconstructs its pair sum"
"RealSame_Charge0__Ppp"" merged coefficient "10"/"143
"PASS: ""merged angular coefficient reconstructs its pair sum"
"RealSame_Charge0__Ppp"" merged coefficient "11"/"143
"PASS: ""merged angular coefficient reconstructs its pair sum"
"RealSame_Charge0__Ppp"" merged coefficient "12"/"143
"PASS: ""merged angular coefficient reconstructs its pair sum"
"RealSame_Charge0__Ppp"" merged coefficient "13"/"143
"PASS: ""merged angular coefficient reconstructs its pair sum"
"RealSame_Charge0__Ppp"" merged coefficient "14"/"143
"PASS: ""merged angular coefficient reconstructs its pair sum"
"RealSame_Charge0__Ppp"" merged coefficient "15"/"143
"PASS: ""merged angular coefficient reconstructs its pair sum"
"RealSame_Charge0__Ppp"" merged coefficient "16"/"143
"PASS: ""merged angular coefficient reconstructs its pair sum"
"RealSame_Charge0__Ppp"" merged coefficient "17"/"143
"PASS: ""merged angular coefficient reconstructs its pair sum"
"RealSame_Charge0__Ppp"" merged coefficient "18"/"143
"PASS: ""merged angular coefficient reconstructs its pair sum"
"RealSame_Charge0__Ppp"" merged coefficient "19"/"143
"PASS: ""merged angular coefficient reconstructs its pair sum"
"RealSame_Charge0__Ppp"" merged coefficient "20"/"143
"PASS: ""merged angular coefficient reconstructs its pair sum"
"RealSame_Charge0__Ppp"" merged coefficient "21"/"143
"PASS: ""merged angular coefficient reconstructs its pair sum"
"RealSame_Charge0__Ppp"" merged coefficient "22"/"143
"PASS: ""merged angular coefficient reconstructs its pair sum"
"RealSame_Charge0__Ppp"" merged coefficient "23"/"143
"PASS: ""merged angular coefficient reconstructs its pair sum"
"RealSame_Charge0__Ppp"" merged coefficient "24"/"143
"PASS: ""merged angular coefficient reconstructs its pair sum"
"RealSame_Charge0__Ppp"" merged coefficient "25"/"143
"PASS: ""merged angular coefficient reconstructs its pair sum"
"RealSame_Charge0__Ppp"" merged coefficient "26"/"143
"PASS: ""merged angular coefficient reconstructs its pair sum"
"RealSame_Charge0__Ppp"" merged coefficient "27"/"143
"PASS: ""merged angular coefficient reconstructs its pair sum"
"RealSame_Charge0__Ppp"" merged coefficient "28"/"143
"PASS: ""merged angular coefficient reconstructs its pair sum"
"RealSame_Charge0__Ppp"" merged coefficient "29"/"143
"PASS: ""merged angular coefficient reconstructs its pair sum"
"RealSame_Charge0__Ppp"" merged coefficient "30"/"143
"PASS: ""merged angular coefficient reconstructs its pair sum"
"RealSame_Charge0__Ppp"" merged coefficient "31"/"143
"PASS: ""merged angular coefficient reconstructs its pair sum"
"RealSame_Charge0__Ppp"" merged coefficient "32"/"143
"PASS: ""merged angular coefficient reconstructs its pair sum"
"RealSame_Charge0__Ppp"" merged coefficient "33"/"143
"PASS: ""merged angular coefficient reconstructs its pair sum"
"RealSame_Charge0__Ppp"" merged coefficient "34"/"143
"PASS: ""merged angular coefficient reconstructs its pair sum"
"RealSame_Charge0__Ppp"" merged coefficient "35"/"143
"PASS: ""merged angular coefficient reconstructs its pair sum"
"RealSame_Charge0__Ppp"" merged coefficient "36"/"143
"PASS: ""merged angular coefficient reconstructs its pair sum"
"RealSame_Charge0__Ppp"" merged coefficient "37"/"143
"PASS: ""merged angular coefficient reconstructs its pair sum"
"RealSame_Charge0__Ppp"" merged coefficient "38"/"143
"PASS: ""merged angular coefficient reconstructs its pair sum"
"RealSame_Charge0__Ppp"" merged coefficient "39"/"143
"PASS: ""merged angular coefficient reconstructs its pair sum"
"RealSame_Charge0__Ppp"" merged coefficient "40"/"143
"PASS: ""merged angular coefficient reconstructs its pair sum"
"RealSame_Charge0__Ppp"" merged coefficient "41"/"143
"PASS: ""merged angular coefficient reconstructs its pair sum"
"RealSame_Charge0__Ppp"" merged coefficient "42"/"143
"PASS: ""merged angular coefficient reconstructs its pair sum"
"RealSame_Charge0__Ppp"" merged coefficient "43"/"143
"PASS: ""merged angular coefficient reconstructs its pair sum"
"RealSame_Charge0__Ppp"" merged coefficient "44"/"143
"PASS: ""merged angular coefficient reconstructs its pair sum"
"RealSame_Charge0__Ppp"" merged coefficient "45"/"143
"PASS: ""merged angular coefficient reconstructs its pair sum"
"RealSame_Charge0__Ppp"" merged coefficient "46"/"143
"PASS: ""merged angular coefficient reconstructs its pair sum"
"RealSame_Charge0__Ppp"" merged coefficient "47"/"143
"PASS: ""merged angular coefficient reconstructs its pair sum"
"RealSame_Charge0__Ppp"" merged coefficient "48"/"143
"PASS: ""merged angular coefficient reconstructs its pair sum"
"RealSame_Charge0__Ppp"" merged coefficient "49"/"143
"PASS: ""merged angular coefficient reconstructs its pair sum"
"RealSame_Charge0__Ppp"" merged coefficient "50"/"143
"PASS: ""merged angular coefficient reconstructs its pair sum"
"RealSame_Charge0__Ppp"" merged coefficient "51"/"143
"PASS: ""merged angular coefficient reconstructs its pair sum"
"RealSame_Charge0__Ppp"" merged coefficient "52"/"143
"PASS: ""merged angular coefficient reconstructs its pair sum"
"RealSame_Charge0__Ppp"" merged coefficient "53"/"143
"PASS: ""merged angular coefficient reconstructs its pair sum"
"RealSame_Charge0__Ppp"" merged coefficient "54"/"143
"PASS: ""merged angular coefficient reconstructs its pair sum"
"RealSame_Charge0__Ppp"" merged coefficient "55"/"143
"PASS: ""merged angular coefficient reconstructs its pair sum"
"RealSame_Charge0__Ppp"" merged coefficient "56"/"143
"PASS: ""merged angular coefficient reconstructs its pair sum"
"RealSame_Charge0__Ppp"" merged coefficient "57"/"143
"PASS: ""merged angular coefficient reconstructs its pair sum"
"RealSame_Charge0__Ppp"" merged coefficient "58"/"143
"PASS: ""merged angular coefficient reconstructs its pair sum"
"RealSame_Charge0__Ppp"" merged coefficient "59"/"143
"PASS: ""merged angular coefficient reconstructs its pair sum"
"RealSame_Charge0__Ppp"" merged coefficient "60"/"143
"PASS: ""merged angular coefficient reconstructs its pair sum"
"RealSame_Charge0__Ppp"" merged coefficient "61"/"143
"PASS: ""merged angular coefficient reconstructs its pair sum"
"RealSame_Charge0__Ppp"" merged coefficient "62"/"143
"PASS: ""merged angular coefficient reconstructs its pair sum"
"RealSame_Charge0__Ppp"" merged coefficient "63"/"143
"PASS: ""merged angular coefficient reconstructs its pair sum"
"RealSame_Charge0__Ppp"" merged coefficient "64"/"143
"PASS: ""merged angular coefficient reconstructs its pair sum"
"RealSame_Charge0__Ppp"" merged coefficient "65"/"143
"PASS: ""merged angular coefficient reconstructs its pair sum"
"RealSame_Charge0__Ppp"" merged coefficient "66"/"143
"PASS: ""merged angular coefficient reconstructs its pair sum"
"RealSame_Charge0__Ppp"" merged coefficient "67"/"143
"PASS: ""merged angular coefficient reconstructs its pair sum"
"RealSame_Charge0__Ppp"" merged coefficient "68"/"143
"PASS: ""merged angular coefficient reconstructs its pair sum"
"RealSame_Charge0__Ppp"" merged coefficient "69"/"143
"PASS: ""merged angular coefficient reconstructs its pair sum"
"RealSame_Charge0__Ppp"" merged coefficient "70"/"143
"PASS: ""merged angular coefficient reconstructs its pair sum"
"RealSame_Charge0__Ppp"" merged coefficient "71"/"143
"PASS: ""merged angular coefficient reconstructs its pair sum"
"RealSame_Charge0__Ppp"" merged coefficient "72"/"143
"PASS: ""merged angular coefficient reconstructs its pair sum"
"RealSame_Charge0__Ppp"" merged coefficient "73"/"143
"PASS: ""merged angular coefficient reconstructs its pair sum"
"RealSame_Charge0__Ppp"" merged coefficient "74"/"143
"PASS: ""merged angular coefficient reconstructs its pair sum"
"RealSame_Charge0__Ppp"" merged coefficient "75"/"143
"PASS: ""merged angular coefficient reconstructs its pair sum"
"RealSame_Charge0__Ppp"" merged coefficient "76"/"143
"PASS: ""merged angular coefficient reconstructs its pair sum"
"RealSame_Charge0__Ppp"" merged coefficient "77"/"143
"PASS: ""merged angular coefficient reconstructs its pair sum"
"RealSame_Charge0__Ppp"" merged coefficient "78"/"143
"PASS: ""merged angular coefficient reconstructs its pair sum"
"RealSame_Charge0__Ppp"" merged coefficient "79"/"143
"PASS: ""merged angular coefficient reconstructs its pair sum"
"RealSame_Charge0__Ppp"" merged coefficient "80"/"143
"PASS: ""merged angular coefficient reconstructs its pair sum"
"RealSame_Charge0__Ppp"" merged coefficient "81"/"143
"PASS: ""merged angular coefficient reconstructs its pair sum"
"RealSame_Charge0__Ppp"" merged coefficient "82"/"143
"PASS: ""merged angular coefficient reconstructs its pair sum"
"RealSame_Charge0__Ppp"" merged coefficient "83"/"143
"PASS: ""merged angular coefficient reconstructs its pair sum"
"RealSame_Charge0__Ppp"" merged coefficient "84"/"143
"PASS: ""merged angular coefficient reconstructs its pair sum"
"RealSame_Charge0__Ppp"" merged coefficient "85"/"143
"PASS: ""merged angular coefficient reconstructs its pair sum"
"RealSame_Charge0__Ppp"" merged coefficient "86"/"143
"PASS: ""merged angular coefficient reconstructs its pair sum"
"RealSame_Charge0__Ppp"" merged coefficient "87"/"143
"PASS: ""merged angular coefficient reconstructs its pair sum"
"RealSame_Charge0__Ppp"" merged coefficient "88"/"143
"PASS: ""merged angular coefficient reconstructs its pair sum"
"RealSame_Charge0__Ppp"" merged coefficient "89"/"143
"PASS: ""merged angular coefficient reconstructs its pair sum"
"RealSame_Charge0__Ppp"" merged coefficient "90"/"143
"PASS: ""merged angular coefficient reconstructs its pair sum"
"RealSame_Charge0__Ppp"" merged coefficient "91"/"143
"PASS: ""merged angular coefficient reconstructs its pair sum"
"RealSame_Charge0__Ppp"" merged coefficient "92"/"143
"PASS: ""merged angular coefficient reconstructs its pair sum"
"RealSame_Charge0__Ppp"" merged coefficient "93"/"143
"PASS: ""merged angular coefficient reconstructs its pair sum"
"RealSame_Charge0__Ppp"" merged coefficient "94"/"143
"PASS: ""merged angular coefficient reconstructs its pair sum"
"RealSame_Charge0__Ppp"" merged coefficient "95"/"143
"PASS: ""merged angular coefficient reconstructs its pair sum"
"RealSame_Charge0__Ppp"" merged coefficient "96"/"143
"PASS: ""merged angular coefficient reconstructs its pair sum"
"RealSame_Charge0__Ppp"" merged coefficient "97"/"143
"PASS: ""merged angular coefficient reconstructs its pair sum"
"RealSame_Charge0__Ppp"" merged coefficient "98"/"143
"PASS: ""merged angular coefficient reconstructs its pair sum"
"RealSame_Charge0__Ppp"" merged coefficient "99"/"143
"PASS: ""merged angular coefficient reconstructs its pair sum"
"RealSame_Charge0__Ppp"" merged coefficient "100"/"143
"PASS: ""merged angular coefficient reconstructs its pair sum"
"RealSame_Charge0__Ppp"" merged coefficient "101"/"143
"PASS: ""merged angular coefficient reconstructs its pair sum"
"RealSame_Charge0__Ppp"" merged coefficient "102"/"143
"PASS: ""merged angular coefficient reconstructs its pair sum"
"RealSame_Charge0__Ppp"" merged coefficient "103"/"143
"PASS: ""merged angular coefficient reconstructs its pair sum"
"RealSame_Charge0__Ppp"" merged coefficient "104"/"143
"PASS: ""merged angular coefficient reconstructs its pair sum"
"RealSame_Charge0__Ppp"" merged coefficient "105"/"143
"PASS: ""merged angular coefficient reconstructs its pair sum"
"RealSame_Charge0__Ppp"" merged coefficient "106"/"143
"PASS: ""merged angular coefficient reconstructs its pair sum"
"RealSame_Charge0__Ppp"" merged coefficient "107"/"143
"PASS: ""merged angular coefficient reconstructs its pair sum"
"RealSame_Charge0__Ppp"" merged coefficient "108"/"143
"PASS: ""merged angular coefficient reconstructs its pair sum"
"RealSame_Charge0__Ppp"" merged coefficient "109"/"143
"PASS: ""merged angular coefficient reconstructs its pair sum"
"RealSame_Charge0__Ppp"" merged coefficient "110"/"143
"PASS: ""merged angular coefficient reconstructs its pair sum"
"RealSame_Charge0__Ppp"" merged coefficient "111"/"143
"PASS: ""merged angular coefficient reconstructs its pair sum"
"RealSame_Charge0__Ppp"" merged coefficient "112"/"143
"PASS: ""merged angular coefficient reconstructs its pair sum"
"RealSame_Charge0__Ppp"" merged coefficient "113"/"143
"PASS: ""merged angular coefficient reconstructs its pair sum"
"RealSame_Charge0__Ppp"" merged coefficient "114"/"143
"PASS: ""merged angular coefficient reconstructs its pair sum"
"RealSame_Charge0__Ppp"" merged coefficient "115"/"143
"PASS: ""merged angular coefficient reconstructs its pair sum"
"RealSame_Charge0__Ppp"" merged coefficient "116"/"143
"PASS: ""merged angular coefficient reconstructs its pair sum"
"RealSame_Charge0__Ppp"" merged coefficient "117"/"143
"PASS: ""merged angular coefficient reconstructs its pair sum"
"RealSame_Charge0__Ppp"" merged coefficient "118"/"143
"PASS: ""merged angular coefficient reconstructs its pair sum"
"RealSame_Charge0__Ppp"" merged coefficient "119"/"143
"PASS: ""merged angular coefficient reconstructs its pair sum"
"RealSame_Charge0__Ppp"" merged coefficient "120"/"143
"PASS: ""merged angular coefficient reconstructs its pair sum"
"RealSame_Charge0__Ppp"" merged coefficient "121"/"143
"PASS: ""merged angular coefficient reconstructs its pair sum"
"RealSame_Charge0__Ppp"" merged coefficient "122"/"143
"PASS: ""merged angular coefficient reconstructs its pair sum"
"RealSame_Charge0__Ppp"" merged coefficient "123"/"143
"PASS: ""merged angular coefficient reconstructs its pair sum"
"RealSame_Charge0__Ppp"" merged coefficient "124"/"143
"PASS: ""merged angular coefficient reconstructs its pair sum"
"RealSame_Charge0__Ppp"" merged coefficient "125"/"143
"PASS: ""merged angular coefficient reconstructs its pair sum"
"RealSame_Charge0__Ppp"" merged coefficient "126"/"143
"PASS: ""merged angular coefficient reconstructs its pair sum"
"RealSame_Charge0__Ppp"" merged coefficient "127"/"143
"PASS: ""merged angular coefficient reconstructs its pair sum"
"RealSame_Charge0__Ppp"" merged coefficient "128"/"143
"PASS: ""merged angular coefficient reconstructs its pair sum"
"RealSame_Charge0__Ppp"" merged coefficient "129"/"143
"PASS: ""merged angular coefficient reconstructs its pair sum"
"RealSame_Charge0__Ppp"" merged coefficient "130"/"143
"PASS: ""merged angular coefficient reconstructs its pair sum"
"RealSame_Charge0__Ppp"" merged coefficient "131"/"143
"PASS: ""merged angular coefficient reconstructs its pair sum"
"RealSame_Charge0__Ppp"" merged coefficient "132"/"143
"PASS: ""merged angular coefficient reconstructs its pair sum"
"RealSame_Charge0__Ppp"" merged coefficient "133"/"143
"PASS: ""merged angular coefficient reconstructs its pair sum"
"RealSame_Charge0__Ppp"" merged coefficient "134"/"143
"PASS: ""merged angular coefficient reconstructs its pair sum"
"RealSame_Charge0__Ppp"" merged coefficient "135"/"143
"PASS: ""merged angular coefficient reconstructs its pair sum"
"RealSame_Charge0__Ppp"" merged coefficient "136"/"143
"PASS: ""merged angular coefficient reconstructs its pair sum"
"RealSame_Charge0__Ppp"" merged coefficient "137"/"143
"PASS: ""merged angular coefficient reconstructs its pair sum"
"RealSame_Charge0__Ppp"" merged coefficient "138"/"143
"PASS: ""merged angular coefficient reconstructs its pair sum"
"RealSame_Charge0__Ppp"" merged coefficient "139"/"143
"PASS: ""merged angular coefficient reconstructs its pair sum"
"RealSame_Charge0__Ppp"" merged coefficient "140"/"143
"PASS: ""merged angular coefficient reconstructs its pair sum"
"RealSame_Charge0__Ppp"" merged coefficient "141"/"143
"PASS: ""merged angular coefficient reconstructs its pair sum"
"RealSame_Charge0__Ppp"" merged coefficient "142"/"143
"PASS: ""merged angular coefficient reconstructs its pair sum"
"RealSame_Charge0__Ppp"" merged coefficient "143"/"143
"PASS: ""merged angular coefficient reconstructs its pair sum"
"RealSame_Charge0__Ppp"": "143" angular monomials accepted by the exact pair/merge identity chain"
"S05_SUCCESS; peak memory = "339389584" bytes."
MONITOR_WAKE {"stage": "s05", "source": "s05_real_angular_basis.wl", "source_sha256": "4d81b3f614259b70b7df63a821e87c019aee9016ce3d13361cc20f34733071fa", "job_id": "14689280", "host": "n6439", "exit_code": 0, "success_marker": true, "accepted_execution": true, "guard": null, "peak_rss_bytes": 2140340224, "elapsed_seconds": 98.8567862585187, "completed_utc": "2026-09-06T18:23:27.053839+00:00"}
