MONITOR_START job=14692874 host=n7404 kernel_pid=167634
"From remote kernel:"
"\"[SubTropica] FF/SPQR auto-detect aborted; falling back to PolynomialQuotient[].\"\n"
"From remote kernel:"
"\"[SubTropica] FF/SPQR auto-detect aborted; falling back to PolynomialQuotient[].\"\n"
"From remote kernel:"
"\"[SubTropica] FF/SPQR auto-detect aborted; falling back to PolynomialQuotient[].\"\n"
"From remote kernel:"
"\"[SubTropica] FF/SPQR auto-detect aborted; falling back to PolynomialQuotient[].\"\n"
"From remote kernel:"
"\"                                @@@@@@@\\n             ^^              @@@@@@@@@@@@@                 [×] polymake\\n        ^^        ^^       @@@@@@@@@@@@@@@@@\\n                          @@@@@@@@@@@@@@@@@@@           ^^\\n                         @@@@@@@@@@@@@@@@@@@@@\\n ~~~~ ~~~ ~~~~ ~~~~~ ~~  &&&&&&&&&&&&&&&&&&&&& ~~~~~~~ ~~~~~~~ ~~~ ~~~~\\n ~        ~~   ~  ~      ~~~~~~~~~~~~~~~~~~~~~ ~       ~~    ~~ ~  ~~~~\\n  ~ ~~     ~~~    ~  ~~   ~~    ~~~~~   ~~  ~~~    ~    ~~~    ~~  ~~\\n          [-] pySecDec  [-] FIESTA  [-] AMFlow  [-] feyntrop\\n     [-] FiniteFlow  [-] SPQR  [-] LiteRed  [-] FIRE  [-] HyperInt\\n         [-] maple  [-] ginsh  [-] python3  [\[Checkmark]] curl  [-] make\\n        [-] HyperFLINT  [-] HyperFORM  [-] IterInt  [-] msolve\\n                       [-] SOFIA  [-] Effortless\\n       [-] Kira  [-] FireFly  [-] Fermat  [-] NeatIBP  [-] SpaSM\\n   [-] Singular  [-] FORM  [-] PolyLogTools  [-] Libra  [-] DiffExp\\n ~  ~       ~ ~      ~           ~~ ~~~~~~  ~      ~~  ~             ~~\\n       ~             ~        ~      ~      ~~   ~             ~\\n\\nWelcome to SubTropica v1.2.10!\\n\\nby Mathieu Giroux, Sebastian Mizera, Giulio Salvatori\\n\\nNew install \[LongDash] run STBenchmark[] to verify your setup.\"\n"
"From remote kernel:"
"\"  \[WarningSign] \"\"polymake\"\" is REQUIRED: \"\"brew install polymake  |  apt install polymake  |  conda install -c conda-forge polymake\"\"\\n    \"\"If not on $PATH: ConfigureSubTropica[PolymakePath -> \\\"/absolute/path/to/polymake\\\"]\"\n"
"From remote kernel:"
"\"                                @@@@@@@\\n             ^^              @@@@@@@@@@@@@                 [×] polymake\\n        ^^        ^^       @@@@@@@@@@@@@@@@@\\n                          @@@@@@@@@@@@@@@@@@@           ^^\\n                         @@@@@@@@@@@@@@@@@@@@@\\n ~~~~ ~~~ ~~~~ ~~~~~ ~~  &&&&&&&&&&&&&&&&&&&&& ~~~~~~~ ~~~~~~~ ~~~ ~~~~\\n ~        ~~   ~  ~      ~~~~~~~~~~~~~~~~~~~~~ ~       ~~    ~~ ~  ~~~~\\n  ~ ~~     ~~~    ~  ~~   ~~    ~~~~~   ~~  ~~~    ~    ~~~    ~~  ~~\\n          [-] pySecDec  [-] FIESTA  [-] AMFlow  [-] feyntrop\\n     [-] FiniteFlow  [-] SPQR  [-] LiteRed  [-] FIRE  [-] HyperInt\\n         [-] maple  [-] ginsh  [-] python3  [\[Checkmark]] curl  [-] make\\n        [-] HyperFLINT  [-] HyperFORM  [-] IterInt  [-] msolve\\n                       [-] SOFIA  [-] Effortless\\n       [-] Kira  [-] FireFly  [-] Fermat  [-] NeatIBP  [-] SpaSM\\n   [-] Singular  [-] FORM  [-] PolyLogTools  [-] Libra  [-] DiffExp\\n ~  ~       ~ ~      ~           ~~ ~~~~~~  ~      ~~  ~             ~~\\n       ~             ~        ~      ~      ~~   ~             ~\\n\\nWelcome to SubTropica v1.2.10!\\n\\nby Mathieu Giroux, Sebastian Mizera, Giulio Salvatori\\n\\nNew install \[LongDash] run STBenchmark[] to verify your setup.\"\n"
"From remote kernel:"
"\"  \[WarningSign] \"\"polymake\"\" is REQUIRED: \"\"brew install polymake  |  apt install polymake  |  conda install -c conda-forge polymake\"\"\\n    \"\"If not on $PATH: ConfigureSubTropica[PolymakePath -> \\\"/absolute/path/to/polymake\\\"]\"\n"
"From remote kernel:"
"\"                                @@@@@@@\\n             ^^              @@@@@@@@@@@@@                 [×] polymake\\n        ^^        ^^       @@@@@@@@@@@@@@@@@\\n                          @@@@@@@@@@@@@@@@@@@           ^^\\n                         @@@@@@@@@@@@@@@@@@@@@\\n ~~~~ ~~~ ~~~~ ~~~~~ ~~  &&&&&&&&&&&&&&&&&&&&& ~~~~~~~ ~~~~~~~ ~~~ ~~~~\\n ~        ~~   ~  ~      ~~~~~~~~~~~~~~~~~~~~~ ~       ~~    ~~ ~  ~~~~\\n  ~ ~~     ~~~    ~  ~~   ~~    ~~~~~   ~~  ~~~    ~    ~~~    ~~  ~~\\n          [-] pySecDec  [-] FIESTA  [-] AMFlow  [-] feyntrop\\n     [-] FiniteFlow  [-] SPQR  [-] LiteRed  [-] FIRE  [-] HyperInt\\n         [-] maple  [-] ginsh  [-] python3  [\[Checkmark]] curl  [-] make\\n        [-] HyperFLINT  [-] HyperFORM  [-] IterInt  [-] msolve\\n                       [-] SOFIA  [-] Effortless\\n       [-] Kira  [-] FireFly  [-] Fermat  [-] NeatIBP  [-] SpaSM\\n   [-] Singular  [-] FORM  [-] PolyLogTools  [-] Libra  [-] DiffExp\\n ~  ~       ~ ~      ~           ~~ ~~~~~~  ~      ~~  ~             ~~\\n       ~             ~        ~      ~      ~~   ~             ~\\n\\nWelcome to SubTropica v1.2.10!\\n\\nby Mathieu Giroux, Sebastian Mizera, Giulio Salvatori\\n\\nNew install \[LongDash] run STBenchmark[] to verify your setup.\"\n"
"From remote kernel:"
"\"  \[WarningSign] \"\"polymake\"\" is REQUIRED: \"\"brew install polymake  |  apt install polymake  |  conda install -c conda-forge polymake\"\"\\n    \"\"If not on $PATH: ConfigureSubTropica[PolymakePath -> \\\"/absolute/path/to/polymake\\\"]\"\n"
"From remote kernel:"
"\"                                @@@@@@@\\n             ^^              @@@@@@@@@@@@@                 [×] polymake\\n        ^^        ^^       @@@@@@@@@@@@@@@@@\\n                          @@@@@@@@@@@@@@@@@@@           ^^\\n                         @@@@@@@@@@@@@@@@@@@@@\\n ~~~~ ~~~ ~~~~ ~~~~~ ~~  &&&&&&&&&&&&&&&&&&&&& ~~~~~~~ ~~~~~~~ ~~~ ~~~~\\n ~        ~~   ~  ~      ~~~~~~~~~~~~~~~~~~~~~ ~       ~~    ~~ ~  ~~~~\\n  ~ ~~     ~~~    ~  ~~   ~~    ~~~~~   ~~  ~~~    ~    ~~~    ~~  ~~\\n          [-] pySecDec  [-] FIESTA  [-] AMFlow  [-] feyntrop\\n     [-] FiniteFlow  [-] SPQR  [-] LiteRed  [-] FIRE  [-] HyperInt\\n         [-] maple  [-] ginsh  [-] python3  [\[Checkmark]] curl  [-] make\\n        [-] HyperFLINT  [-] HyperFORM  [-] IterInt  [-] msolve\\n                       [-] SOFIA  [-] Effortless\\n       [-] Kira  [-] FireFly  [-] Fermat  [-] NeatIBP  [-] SpaSM\\n   [-] Singular  [-] FORM  [-] PolyLogTools  [-] Libra  [-] DiffExp\\n ~  ~       ~ ~      ~           ~~ ~~~~~~  ~      ~~  ~             ~~\\n       ~             ~        ~      ~      ~~   ~             ~\\n\\nWelcome to SubTropica v1.2.10!\\n\\nby Mathieu Giroux, Sebastian Mizera, Giulio Salvatori\\n\\nNew install \[LongDash] run STBenchmark[] to verify your setup.\"\n"
"From remote kernel:"
"\"  \[WarningSign] \"\"polymake\"\" is REQUIRED: \"\"brew install polymake  |  apt install polymake  |  conda install -c conda-forge polymake\"\"\\n    \"\"If not on $PATH: ConfigureSubTropica[PolymakePath -> \\\"/absolute/path/to/polymake\\\"]\"\n"
"From remote kernel:"
"\"\[Checkmark]polymake  -ginsh  -IterInt  -maple  -HyperInt  -HyperFLINT  -HyperLogProcedures  -python3  -pySecDec  -FIESTA  -AMFlow  -LiteRed  -FIRE  -SPQR  -SOFIA  -Effortless  -feyntrop  -FiniteFlow  \[Checkmark]curl  -make  -Kira  -FireFly  -Fermat  -msolve  -NeatIBP  -SpaSM  -Singular  -FORM  -HyperFORM  -PolyLogTools  -Libra  -DiffExp\"\n"
"From remote kernel:"
"\"SUBTROPICA_START \"\"cut_pair_massless\"\" order \"1\" kernel \"2\n"
"From remote kernel:"
"\"\[Checkmark]polymake  -ginsh  -IterInt  -maple  -HyperInt  -HyperFLINT  -HyperLogProcedures  -python3  -pySecDec  -FIESTA  -AMFlow  -LiteRed  -FIRE  -SPQR  -SOFIA  -Effortless  -feyntrop  -FiniteFlow  \[Checkmark]curl  -make  -Kira  -FireFly  -Fermat  -msolve  -NeatIBP  -SpaSM  -Singular  -FORM  -HyperFORM  -PolyLogTools  -Libra  -DiffExp\"\n"
"From remote kernel:"
"\"SUBTROPICA_START \"\"cut_volume\"\" order \"2\" kernel \"1\n"
"From remote kernel:"
"\"\[Checkmark]polymake  -ginsh  -IterInt  -maple  -HyperInt  -HyperFLINT  -HyperLogProcedures  -python3  -pySecDec  -FIESTA  -AMFlow  -LiteRed  -FIRE  -SPQR  -SOFIA  -Effortless  -feyntrop  -FiniteFlow  \[Checkmark]curl  -make  -Kira  -FireFly  -Fermat  -msolve  -NeatIBP  -SpaSM  -Singular  -FORM  -HyperFORM  -PolyLogTools  -Libra  -DiffExp\"\n"
"From remote kernel:"
"\"\[Checkmark]polymake  -ginsh  -IterInt  -maple  -HyperInt  -HyperFLINT  -HyperLogProcedures  -python3  -pySecDec  -FIESTA  -AMFlow  -LiteRed  -FIRE  -SPQR  -SOFIA  -Effortless  -feyntrop  -FiniteFlow  \[Checkmark]curl  -make  -Kira  -FireFly  -Fermat  -msolve  -NeatIBP  -SpaSM  -Singular  -FORM  -HyperFORM  -PolyLogTools  -Libra  -DiffExp\"\n"
"From remote kernel:"
"\"SUBTROPICA_START \"\"cut_single_massive\"\" order \"1\" kernel \"3\n"
"From remote kernel:"
"\"SUBTROPICA_START \"\"cut_pair_one_massive\"\" order \"1\" kernel \"4\n"
"From remote kernel:"
"DistributeDefinitions::subnopar: Parallel programming is not available in subkernels of another parallel computation."
"From remote kernel:"
"\">> \"\"Problem ID:\"\" \"\"cut_pair_massless\"\n"
"From remote kernel:"
"Dynamic[Module[{SubTropica`Private`dt = AbsoluteTime[] - 3.997741046173393`16.354389648411722*^9}, Which[SubTropica`Private`dt < 60, Row[{\"Time elapsed: \", NumberForm[SubTropica`Private`dt, {4, 1}], \"s\"}], SubTropica`Private`dt < 3600, Row[{\"Time elapsed: \", Floor[SubTropica`Private`dt/60], \"m \", Mod[Round[SubTropica`Private`dt], 60], \"s\"}], True, Row[{\"Time elapsed: \", Floor[SubTropica`Private`dt/3600], \"h \", Floor[Mod[SubTropica`Private`dt, 3600]/60], \"m\"}]]], UpdateInterval -> 1]\n"
"From remote kernel:"
"\">> \"\"Parametric integrand:\"\" \"{1, (1 + xx1*zp)^eps/(1 + xx1), {xx1}, {zp}}\n"
"From remote kernel:"
"DistributeDefinitions::subnopar: Parallel programming is not available in subkernels of another parallel computation."
"From remote kernel:"
"\">> \"\"Problem ID:\"\" \"\"cut_volume\"\n"
"From remote kernel:"
"Dynamic[Module[{SubTropica`Private`dt = AbsoluteTime[] - 3.997741046227525`16.3543896484176*^9}, Which[SubTropica`Private`dt < 60, Row[{\"Time elapsed: \", NumberForm[SubTropica`Private`dt, {4, 1}], \"s\"}], SubTropica`Private`dt < 3600, Row[{\"Time elapsed: \", Floor[SubTropica`Private`dt/60], \"m \", Mod[Round[SubTropica`Private`dt], 60], \"s\"}], True, Row[{\"Time elapsed: \", Floor[SubTropica`Private`dt/3600], \"h \", Floor[Mod[SubTropica`Private`dt, 3600]/60], \"m\"}]]], UpdateInterval -> 1]\n"
"From remote kernel:"
"\">> \"\"Parametric integrand:\"\" \"{1, (2^(1 - 2*eps)*(1 + xx1)^(-2 + 2*eps))/xx1^eps, {xx1}, {}}\n"
"From remote kernel:"
"DistributeDefinitions::subnopar: Parallel programming is not available in subkernels of another parallel computation."
"From remote kernel:"
"DistributeDefinitions::subnopar: Parallel programming is not available in subkernels of another parallel computation."
"From remote kernel:"
"\">> \"\"Problem ID:\"\" \"\"cut_single_massive\"\n"
"From remote kernel:"
"\">> \"\"Problem ID:\"\" \"\"cut_pair_one_massive\"\n"
"From remote kernel:"
"Dynamic[Module[{SubTropica`Private`dt = AbsoluteTime[] - 3.997741046257251`16.354389648420835*^9}, Which[SubTropica`Private`dt < 60, Row[{\"Time elapsed: \", NumberForm[SubTropica`Private`dt, {4, 1}], \"s\"}], SubTropica`Private`dt < 3600, Row[{\"Time elapsed: \", Floor[SubTropica`Private`dt/60], \"m \", Mod[Round[SubTropica`Private`dt], 60], \"s\"}], True, Row[{\"Time elapsed: \", Floor[SubTropica`Private`dt/3600], \"h \", Floor[Mod[SubTropica`Private`dt, 3600]/60], \"m\"}]]], UpdateInterval -> 1]\n"
"From remote kernel:"
"Dynamic[Module[{SubTropica`Private`dt = AbsoluteTime[] - 3.997741046259703`16.3543896484211*^9}, Which[SubTropica`Private`dt < 60, Row[{\"Time elapsed: \", NumberForm[SubTropica`Private`dt, {4, 1}], \"s\"}], SubTropica`Private`dt < 3600, Row[{\"Time elapsed: \", Floor[SubTropica`Private`dt/60], \"m \", Mod[Round[SubTropica`Private`dt], 60], \"s\"}], True, Row[{\"Time elapsed: \", Floor[SubTropica`Private`dt/3600], \"h \", Floor[Mod[SubTropica`Private`dt, 3600]/60], \"m\"}]]], UpdateInterval -> 1]\n"
"From remote kernel:"
"\">> \"\"Parametric integrand:\"\" \"{1, ((1 + xx1)^(-1 + 2*eps)*(1 + Global`zz))/(4^eps*xx1^eps*(xx1 + Global`zz)), {xx1}, {Global`zz}}\n"
"From remote kernel:"
"\">> \"\"Parametric integrand:\"\" \"{1, ((1 + xx1*zm)*(1 + xx1*zp))^eps/(1 + xx1), {xx1}, {zm, zp}}\n"
"From remote kernel:"
"\">> \"\"Time taken to set up the integrands and directories:\"\" \"\"0.2s\"\n"
"From remote kernel:"
"\">> \"\"Time taken to set up the integrands and directories:\"\" \"\"0.2s\"\n"
"From remote kernel:"
"\">> \"\"Time taken to set up the integrands and directories:\"\" \"\"0.3s\"\n"
"From remote kernel:"
"\">> \"\"Time taken to set up the integrands and directories:\"\" \"\"0.3s\"\n"
"From remote kernel:"
"\"All integrands saved to: \"\"s10_all_integrands.wl\"\n"
"From remote kernel:"
"stDispatchFubini2::nocarrymma: Carry -> True has no effect on the HyperIntica/Mathematica LR engines (no carry tier); proceeding with strict FindRoots semantics."
"From remote kernel:"
"\"All integrands saved to: \"\"s10_all_integrands.wl\"\n"
"From remote kernel:"
"\">> \"\"Time taken to find the linear orderings:\"\" \"\"0.0s\"\n"
"From remote kernel:"
"\"All integrands saved to: \"\"s10_all_integrands.wl\"\n"
"From remote kernel:"
"stDispatchFubini2::nocarrymma: Carry -> True has no effect on the HyperIntica/Mathematica LR engines (no carry tier); proceeding with strict FindRoots semantics."
"From remote kernel:"
"ParallelEvaluate::subnopar: Parallel programming is not available in subkernels of another parallel computation."
"From remote kernel:"
"stDispatchFubini2::nocarrymma: Carry -> True has no effect on the HyperIntica/Mathematica LR engines (no carry tier); proceeding with strict FindRoots semantics."
"From remote kernel:"
"\">> \"\"Time taken to find the linear orderings:\"\" \"\"0.0s\"\n"
"From remote kernel:"
"\">> \"\"Time taken to set up the kernels:\"\" \"\"< 0.01s\"\n"
"From remote kernel:"
"\">> \"\"Time taken to find the linear orderings:\"\" \"\"0.0s\"\n"
"From remote kernel:"
"ParallelEvaluate::subnopar: Parallel programming is not available in subkernels of another parallel computation."
"From remote kernel:"
"DistributeDefinitions::subnopar: Parallel programming is not available in subkernels of another parallel computation."
"From remote kernel:"
"ParallelEvaluate::subnopar: Parallel programming is not available in subkernels of another parallel computation."
"From remote kernel:"
"\">> \"\"Time taken to set up the kernels:\"\" \"\"< 0.01s\"\n"
"From remote kernel:"
"\">> \"\"Time taken to set up the kernels:\"\" \"\"< 0.01s\"\n"
"From remote kernel:"
"ParallelMap::subpar: Parallel computations cannot be nested; proceeding with sequential evaluation."
"From remote kernel:"
"\"All integrands saved to: \"\"s10_all_integrands.wl\"\n"
"From remote kernel:"
"DistributeDefinitions::subnopar: Parallel programming is not available in subkernels of another parallel computation."
"From remote kernel:"
"DistributeDefinitions::subnopar: Parallel programming is not available in subkernels of another parallel computation."
"From remote kernel:"
"stDispatchFubini2::nocarrymma: Carry -> True has no effect on the HyperIntica/Mathematica LR engines (no carry tier); proceeding with strict FindRoots semantics."
"From remote kernel:"
"ParallelMap::subpar: Parallel computations cannot be nested; proceeding with sequential evaluation."
"From remote kernel:"
"\">> \"\"Time taken to integrate:\"\" \"\"0.1s\"\n"
"From remote kernel:"
"\">> \"\"Time taken to find the linear orderings:\"\" \"\"0.0s\"\n"
"From remote kernel:"
"ParallelMap::subpar: Parallel computations cannot be nested; proceeding with sequential evaluation."
"From remote kernel:"
"ParallelEvaluate::subnopar: Parallel programming is not available in subkernels of another parallel computation."
"From remote kernel:"
"ParallelEvaluate::subnopar: Parallel programming is not available in subkernels of another parallel computation."
"From remote kernel:"
"\">> \"\"Time taken to integrate:\"\" \"\"0.1s\"\n"
"From remote kernel:"
"\">> \"\"Overall timing:\"\" \"\"0.5s\"\n"
"From remote kernel:"
"\">> \"\"Time taken to set up the kernels:\"\" \"\"< 0.01s\"\n"
"From remote kernel:"
"\"SUBTROPICA_CUT_CLASS_ACCEPTED \"\"cut_single_massive\"\n"
"From remote kernel:"
"ParallelEvaluate::subnopar: Parallel programming is not available in subkernels of another parallel computation."
"From remote kernel:"
"DistributeDefinitions::subnopar: Parallel programming is not available in subkernels of another parallel computation."
"From remote kernel:"
"\">> \"\"Overall timing:\"\" \"\"0.6s\"\n"
"From remote kernel:"
"\"SUBTROPICA_CUT_CLASS_ACCEPTED \"\"cut_volume\"\n"
"From remote kernel:"
"ParallelMap::subpar: Parallel computations cannot be nested; proceeding with sequential evaluation."
"From remote kernel:"
"\">> \"\"Time taken to integrate:\"\" \"\"0.2s\"\n"
"From remote kernel:"
"ParallelEvaluate::subnopar: Parallel programming is not available in subkernels of another parallel computation."
"From remote kernel:"
"\">> \"\"Overall timing:\"\" \"\"0.7s\"\n"
"From remote kernel:"
"\"SUBTROPICA_CUT_CLASS_ACCEPTED \"\"cut_pair_massless\"\n"
"From remote kernel:"
"\">> \"\"Time taken to integrate:\"\" \"\"0.3s\"\n"
"From remote kernel:"
"ParallelEvaluate::subnopar: Parallel programming is not available in subkernels of another parallel computation."
"From remote kernel:"
"\">> \"\"Overall timing:\"\" \"\"0.9s\"\n"
"From remote kernel:"
"\"SUBTROPICA_CUT_CLASS_ACCEPTED \"\"cut_pair_one_massive\"\n"
"From remote kernel:"
"\"\[Checkmark]polymake  -ginsh  -IterInt  -maple  -HyperInt  -HyperFLINT  -HyperLogProcedures  -python3  -pySecDec  -FIESTA  -AMFlow  -LiteRed  -FIRE  -SPQR  -SOFIA  -Effortless  -feyntrop  -FiniteFlow  \[Checkmark]curl  -make  -Kira  -FireFly  -Fermat  -msolve  -NeatIBP  -SpaSM  -Singular  -FORM  -HyperFORM  -PolyLogTools  -Libra  -DiffExp\"\n"
"From remote kernel:"
"\"SUBTROPICA_START \"\"normalization_pair_rest\"\" order \"1\" kernel \"1\n"
"From remote kernel:"
"DistributeDefinitions::subnopar: Parallel programming is not available in subkernels of another parallel computation."
"From remote kernel:"
"\">> \"\"Problem ID:\"\" \"\"normalization_pair_rest\"\n"
"From remote kernel:"
"Dynamic[Module[{SubTropica`Private`dt = AbsoluteTime[] - 3.997741048117355`16.35438964862291*^9}, Which[SubTropica`Private`dt < 60, Row[{\"Time elapsed: \", NumberForm[SubTropica`Private`dt, {4, 1}], \"s\"}], SubTropica`Private`dt < 3600, Row[{\"Time elapsed: \", Floor[SubTropica`Private`dt/60], \"m \", Mod[Round[SubTropica`Private`dt], 60], \"s\"}], True, Row[{\"Time elapsed: \", Floor[SubTropica`Private`dt/3600], \"h \", Floor[Mod[SubTropica`Private`dt, 3600]/60], \"m\"}]]], UpdateInterval -> 1]\n"
"From remote kernel:"
"\">> \"\"Parametric integrand:\"\" \"{1, (1 + xx1)^(-1 + 2*eps), {xx1}, {}}\n"
"From remote kernel:"
"\">> \"\"Time taken to set up the integrands and directories:\"\" \"\"0.2s\"\n"
"From remote kernel:"
"\"All integrands saved to: \"\"s10_all_integrands.wl\"\n"
"From remote kernel:"
"\">> \"\"Time taken to find the linear orderings:\"\" \"\"0.0s\"\n"
"From remote kernel:"
"\"\[Checkmark]polymake  -ginsh  -IterInt  -maple  -HyperInt  -HyperFLINT  -HyperLogProcedures  -python3  -pySecDec  -FIESTA  -AMFlow  -LiteRed  -FIRE  -SPQR  -SOFIA  -Effortless  -feyntrop  -FiniteFlow  \[Checkmark]curl  -make  -Kira  -FireFly  -Fermat  -msolve  -NeatIBP  -SpaSM  -Singular  -FORM  -HyperFORM  -PolyLogTools  -Libra  -DiffExp\"\n"
"From remote kernel:"
"ParallelEvaluate::subnopar: Parallel programming is not available in subkernels of another parallel computation."
"From remote kernel:"
"\"SUBTROPICA_START \"\"normalization_direct_null\"\" order \"1\" kernel \"3\n"
"From remote kernel:"
"\">> \"\"Time taken to set up the kernels:\"\" \"\"< 0.01s\"\n"
"From remote kernel:"
"DistributeDefinitions::subnopar: Parallel programming is not available in subkernels of another parallel computation."
"From remote kernel:"
"DistributeDefinitions::subnopar: Parallel programming is not available in subkernels of another parallel computation."
"From remote kernel:"
"\">> \"\"Problem ID:\"\" \"\"normalization_direct_null\"\n"
"From remote kernel:"
"Dynamic[Module[{SubTropica`Private`dt = AbsoluteTime[] - 3.997741048394291`16.35438964865299*^9}, Which[SubTropica`Private`dt < 60, Row[{\"Time elapsed: \", NumberForm[SubTropica`Private`dt, {4, 1}], \"s\"}], SubTropica`Private`dt < 3600, Row[{\"Time elapsed: \", Floor[SubTropica`Private`dt/60], \"m \", Mod[Round[SubTropica`Private`dt], 60], \"s\"}], True, Row[{\"Time elapsed: \", Floor[SubTropica`Private`dt/3600], \"h \", Floor[Mod[SubTropica`Private`dt, 3600]/60], \"m\"}]]], UpdateInterval -> 1]\n"
"From remote kernel:"
"ParallelMap::subpar: Parallel computations cannot be nested; proceeding with sequential evaluation."
"From remote kernel:"
"\">> \"\"Parametric integrand:\"\" \"{1, (xx1^(-1 - eps)*(1 + xx1)^(-1 + 2*eps))/4^eps, {xx1}, {}}\n"
"From remote kernel:"
"\">> \"\"Time taken to integrate:\"\" \"\"0.1s\"\n"
"From remote kernel:"
"ParallelEvaluate::subnopar: Parallel programming is not available in subkernels of another parallel computation."
"From remote kernel:"
"\">> \"\"Overall timing:\"\" \"\"0.4s\"\n"
"From remote kernel:"
"\"SUBTROPICA_CUT_CLASS_ACCEPTED \"\"normalization_pair_rest\"\n"
"From remote kernel:"
"\">> \"\"Time taken to set up the integrands and directories:\"\" \"\"0.2s\"\n"
"From remote kernel:"
"\"All integrands saved to: \"\"s10_all_integrands.wl\"\n"
"From remote kernel:"
"\">> \"\"Time taken to find the linear orderings:\"\" \"\"0.0s\"\n"
"From remote kernel:"
"ParallelEvaluate::subnopar: Parallel programming is not available in subkernels of another parallel computation."
"From remote kernel:"
"\">> \"\"Time taken to set up the kernels:\"\" \"\"< 0.01s\"\n"
"From remote kernel:"
"DistributeDefinitions::subnopar: Parallel programming is not available in subkernels of another parallel computation."
"From remote kernel:"
"ParallelMap::subpar: Parallel computations cannot be nested; proceeding with sequential evaluation."
"From remote kernel:"
"\">> \"\"Time taken to integrate:\"\" \"\"0.1s\"\n"
"From remote kernel:"
"ParallelEvaluate::subnopar: Parallel programming is not available in subkernels of another parallel computation."
"From remote kernel:"
"\">> \"\"Overall timing:\"\" \"\"0.4s\"\n"
"From remote kernel:"
"\"SUBTROPICA_CUT_CLASS_ACCEPTED \"\"normalization_direct_null\"\n"
"S10_SUCCESS: "4" cut Euler classes evaluated; independent cut normalization passed."
MONITOR_WAKE {"stage": "s10", "source": "s10_evaluate_cut_masters.wl", "source_sha256": "5b8e29f097a6fb1452c5ea7d95a3ac89489abab96045fa4543241dbd23032c8b", "job_id": "14692874", "host": "n7404", "exit_code": 0, "success_marker": true, "accepted_execution": true, "guard": null, "peak_rss_bytes": 1686450176, "elapsed_seconds": 18.017942855134606, "completed_utc": "2026-09-07T10:37:29.113132+00:00"}
