MONITOR_START job=14688008 host=n7663 kernel_pid=36273
PASS: unique lepton mass-shell map
PASS: lepton map reconstructs defining constraints
PASS: exact azimuth quadrature (2, 0)
PASS: exact azimuth quadrature (1, 1)
PASS: exact azimuth quadrature (1, 0)
PASS: exact azimuth quadrature (0, 2)
PASS: exact azimuth quadrature (0, 1)
PASS: exact azimuth quadrature (0, 0)
PASS: born single subprocess
make: Nothing to be done for `all'.
PASS: born leg ordering
PASS: born final species
PASS: born generated spin/color/symmetry denominator
PASS: born tagged-quark normalization
PASS: born massless generated external states
PASS: born runtime couplings
PASS: born generated quark charge
PASS: born generated electron charge
PASS: born direct-driver precision format
PASS: born direct-driver momentum coverage
PASS: born finite positive matrix element
PASS: born direct/bridge equality
PASS: born finite sampling budget
PASS: born base conservation
PASS: born base masslessness
PASS: born base positive energies
PASS: born transverse lepton norm
PASS: born transverse basis
PASS: born alternative lepton kinematics
PASS: born rotated conservation
PASS: born rotated masslessness
PASS: born rotated positive energies
PASS: lepton trace is real
PASS: born finite positive matrix element
PASS: born rotated conservation
PASS: born rotated masslessness
PASS: born rotated positive energies
PASS: lepton trace is real
PASS: born finite positive matrix element
PASS: born rotated conservation
PASS: born rotated masslessness
PASS: born rotated positive energies
PASS: lepton trace is real
PASS: born finite positive matrix element
PASS: born rotated conservation
PASS: born rotated masslessness
PASS: born rotated positive energies
PASS: lepton trace is real
PASS: born finite positive matrix element
PASS: born averaged lepton projector decomposition
PASS: born alternative lepton kinematics
PASS: born rotated conservation
PASS: born rotated masslessness
PASS: born rotated positive energies
PASS: lepton trace is real
PASS: born finite positive matrix element
PASS: born rotated conservation
PASS: born rotated masslessness
PASS: born rotated positive energies
PASS: lepton trace is real
PASS: born finite positive matrix element
PASS: born rotated conservation
PASS: born rotated masslessness
PASS: born rotated positive energies
PASS: lepton trace is real
PASS: born finite positive matrix element
PASS: born rotated conservation
PASS: born rotated masslessness
PASS: born rotated positive energies
PASS: lepton trace is real
PASS: born finite positive matrix element
PASS: born averaged lepton projector decomposition
PASS: born independent lepton settings
SAMPLE born_01
PASS: born finite sampling budget
PASS: born base conservation
PASS: born base masslessness
PASS: born base positive energies
PASS: born transverse lepton norm
PASS: born transverse basis
PASS: born alternative lepton kinematics
PASS: born rotated conservation
PASS: born rotated masslessness
PASS: born rotated positive energies
PASS: lepton trace is real
PASS: born finite positive matrix element
PASS: born rotated conservation
PASS: born rotated masslessness
PASS: born rotated positive energies
PASS: lepton trace is real
PASS: born finite positive matrix element
PASS: born rotated conservation
PASS: born rotated masslessness
PASS: born rotated positive energies
PASS: lepton trace is real
PASS: born finite positive matrix element
PASS: born rotated conservation
PASS: born rotated masslessness
PASS: born rotated positive energies
PASS: lepton trace is real
PASS: born finite positive matrix element
PASS: born averaged lepton projector decomposition
PASS: born alternative lepton kinematics
PASS: born rotated conservation
PASS: born rotated masslessness
PASS: born rotated positive energies
PASS: lepton trace is real
PASS: born finite positive matrix element
PASS: born rotated conservation
PASS: born rotated masslessness
PASS: born rotated positive energies
PASS: lepton trace is real
PASS: born finite positive matrix element
PASS: born rotated conservation
PASS: born rotated masslessness
PASS: born rotated positive energies
PASS: lepton trace is real
PASS: born finite positive matrix element
PASS: born rotated conservation
PASS: born rotated masslessness
PASS: born rotated positive energies
PASS: lepton trace is real
PASS: born finite positive matrix element
PASS: born averaged lepton projector decomposition
PASS: born independent lepton settings
SAMPLE born_02
PASS: born finite sampling budget
PASS: born finite sampling budget
PASS: born base conservation
PASS: born base masslessness
PASS: born base positive energies
PASS: born transverse lepton norm
PASS: born transverse basis
PASS: born alternative lepton kinematics
PASS: born rotated conservation
PASS: born rotated masslessness
PASS: born rotated positive energies
PASS: lepton trace is real
PASS: born finite positive matrix element
PASS: born rotated conservation
PASS: born rotated masslessness
PASS: born rotated positive energies
PASS: lepton trace is real
PASS: born finite positive matrix element
PASS: born rotated conservation
PASS: born rotated masslessness
PASS: born rotated positive energies
PASS: lepton trace is real
PASS: born finite positive matrix element
PASS: born rotated conservation
PASS: born rotated masslessness
PASS: born rotated positive energies
PASS: lepton trace is real
PASS: born finite positive matrix element
PASS: born averaged lepton projector decomposition
PASS: born alternative lepton kinematics
PASS: born rotated conservation
PASS: born rotated masslessness
PASS: born rotated positive energies
PASS: lepton trace is real
PASS: born finite positive matrix element
PASS: born rotated conservation
PASS: born rotated masslessness
PASS: born rotated positive energies
PASS: lepton trace is real
PASS: born finite positive matrix element
PASS: born rotated conservation
PASS: born rotated masslessness
PASS: born rotated positive energies
PASS: lepton trace is real
PASS: born finite positive matrix element
PASS: born rotated conservation
PASS: born rotated masslessness
PASS: born rotated positive energies
PASS: lepton trace is real
PASS: born finite positive matrix element
PASS: born averaged lepton projector decomposition
PASS: born independent lepton settings
SAMPLE born_03
PASS: born finite sampling budget
PASS: born base conservation
PASS: born base masslessness
PASS: born base positive energies
PASS: born transverse lepton norm
PASS: born transverse basis
PASS: born alternative lepton kinematics
PASS: born rotated conservation
PASS: born rotated masslessness
PASS: born rotated positive energies
PASS: lepton trace is real
PASS: born finite positive matrix element
PASS: born rotated conservation
PASS: born rotated masslessness
PASS: born rotated positive energies
PASS: lepton trace is real
PASS: born finite positive matrix element
PASS: born rotated conservation
PASS: born rotated masslessness
PASS: born rotated positive energies
PASS: lepton trace is real
PASS: born finite positive matrix element
PASS: born rotated conservation
PASS: born rotated masslessness
PASS: born rotated positive energies
PASS: lepton trace is real
PASS: born finite positive matrix element
PASS: born averaged lepton projector decomposition
PASS: born alternative lepton kinematics
PASS: born rotated conservation
PASS: born rotated masslessness
PASS: born rotated positive energies
PASS: lepton trace is real
PASS: born finite positive matrix element
PASS: born rotated conservation
PASS: born rotated masslessness
PASS: born rotated positive energies
PASS: lepton trace is real
PASS: born finite positive matrix element
PASS: born rotated conservation
PASS: born rotated masslessness
PASS: born rotated positive energies
PASS: lepton trace is real
PASS: born finite positive matrix element
PASS: born rotated conservation
PASS: born rotated masslessness
PASS: born rotated positive energies
PASS: lepton trace is real
PASS: born finite positive matrix element
PASS: born averaged lepton projector decomposition
PASS: born independent lepton settings
SAMPLE born_04
PASS: born finite sampling budget
PASS: born base conservation
PASS: born base masslessness
PASS: born base positive energies
PASS: born transverse lepton norm
PASS: born transverse basis
PASS: born alternative lepton kinematics
PASS: born rotated conservation
PASS: born rotated masslessness
PASS: born rotated positive energies
PASS: lepton trace is real
PASS: born finite positive matrix element
PASS: born rotated conservation
PASS: born rotated masslessness
PASS: born rotated positive energies
PASS: lepton trace is real
PASS: born finite positive matrix element
PASS: born rotated conservation
PASS: born rotated masslessness
PASS: born rotated positive energies
PASS: lepton trace is real
PASS: born finite positive matrix element
PASS: born rotated conservation
PASS: born rotated masslessness
PASS: born rotated positive energies
PASS: lepton trace is real
PASS: born finite positive matrix element
PASS: born averaged lepton projector decomposition
PASS: born alternative lepton kinematics
PASS: born rotated conservation
PASS: born rotated masslessness
PASS: born rotated positive energies
PASS: lepton trace is real
PASS: born finite positive matrix element
PASS: born rotated conservation
PASS: born rotated masslessness
PASS: born rotated positive energies
PASS: lepton trace is real
PASS: born finite positive matrix element
PASS: born rotated conservation
PASS: born rotated masslessness
PASS: born rotated positive energies
PASS: lepton trace is real
PASS: born finite positive matrix element
PASS: born rotated conservation
PASS: born rotated masslessness
PASS: born rotated positive energies
PASS: lepton trace is real
PASS: born finite positive matrix element
PASS: born averaged lepton projector decomposition
PASS: born independent lepton settings
SAMPLE born_05
PASS: born finite sampling budget
PASS: born base conservation
PASS: born base masslessness
PASS: born base positive energies
PASS: born transverse lepton norm
PASS: born transverse basis
PASS: born alternative lepton kinematics
PASS: born rotated conservation
PASS: born rotated masslessness
PASS: born rotated positive energies
PASS: lepton trace is real
PASS: born finite positive matrix element
PASS: born rotated conservation
PASS: born rotated masslessness
PASS: born rotated positive energies
PASS: lepton trace is real
PASS: born finite positive matrix element
PASS: born rotated conservation
PASS: born rotated masslessness
PASS: born rotated positive energies
PASS: lepton trace is real
PASS: born finite positive matrix element
PASS: born rotated conservation
PASS: born rotated masslessness
PASS: born rotated positive energies
PASS: lepton trace is real
PASS: born finite positive matrix element
PASS: born averaged lepton projector decomposition
PASS: born alternative lepton kinematics
PASS: born rotated conservation
PASS: born rotated masslessness
PASS: born rotated positive energies
PASS: lepton trace is real
PASS: born finite positive matrix element
PASS: born rotated conservation
PASS: born rotated masslessness
PASS: born rotated positive energies
PASS: lepton trace is real
PASS: born finite positive matrix element
PASS: born rotated conservation
PASS: born rotated masslessness
PASS: born rotated positive energies
PASS: lepton trace is real
PASS: born finite positive matrix element
PASS: born rotated conservation
PASS: born rotated masslessness
PASS: born rotated positive energies
PASS: lepton trace is real
PASS: born finite positive matrix element
PASS: born averaged lepton projector decomposition
PASS: born independent lepton settings
SAMPLE born_06
PASS: born finite sampling budget
PASS: born base conservation
PASS: born base masslessness
PASS: born base positive energies
PASS: born transverse lepton norm
PASS: born transverse basis
PASS: born alternative lepton kinematics
PASS: born rotated conservation
PASS: born rotated masslessness
PASS: born rotated positive energies
PASS: lepton trace is real
PASS: born finite positive matrix element
PASS: born rotated conservation
PASS: born rotated masslessness
PASS: born rotated positive energies
PASS: lepton trace is real
PASS: born finite positive matrix element
PASS: born rotated conservation
PASS: born rotated masslessness
PASS: born rotated positive energies
PASS: lepton trace is real
PASS: born finite positive matrix element
PASS: born rotated conservation
PASS: born rotated masslessness
PASS: born rotated positive energies
PASS: lepton trace is real
PASS: born finite positive matrix element
PASS: born averaged lepton projector decomposition
PASS: born alternative lepton kinematics
PASS: born rotated conservation
PASS: born rotated masslessness
PASS: born rotated positive energies
PASS: lepton trace is real
PASS: born finite positive matrix element
PASS: born rotated conservation
PASS: born rotated masslessness
PASS: born rotated positive energies
PASS: lepton trace is real
PASS: born finite positive matrix element
PASS: born rotated conservation
PASS: born rotated masslessness
PASS: born rotated positive energies
PASS: lepton trace is real
PASS: born finite positive matrix element
PASS: born rotated conservation
PASS: born rotated masslessness
PASS: born rotated positive energies
PASS: lepton trace is real
PASS: born finite positive matrix element
PASS: born averaged lepton projector decomposition
PASS: born independent lepton settings
SAMPLE born_07
PASS: born finite sampling budget
PASS: born finite sampling budget
PASS: born base conservation
PASS: born base masslessness
PASS: born base positive energies
PASS: born transverse lepton norm
PASS: born transverse basis
PASS: born alternative lepton kinematics
PASS: born rotated conservation
PASS: born rotated masslessness
PASS: born rotated positive energies
PASS: lepton trace is real
PASS: born finite positive matrix element
PASS: born rotated conservation
PASS: born rotated masslessness
PASS: born rotated positive energies
PASS: lepton trace is real
PASS: born finite positive matrix element
PASS: born rotated conservation
PASS: born rotated masslessness
PASS: born rotated positive energies
PASS: lepton trace is real
PASS: born finite positive matrix element
PASS: born rotated conservation
PASS: born rotated masslessness
PASS: born rotated positive energies
PASS: lepton trace is real
PASS: born finite positive matrix element
PASS: born averaged lepton projector decomposition
PASS: born alternative lepton kinematics
PASS: born rotated conservation
PASS: born rotated masslessness
PASS: born rotated positive energies
PASS: lepton trace is real
PASS: born finite positive matrix element
PASS: born rotated conservation
PASS: born rotated masslessness
PASS: born rotated positive energies
PASS: lepton trace is real
PASS: born finite positive matrix element
PASS: born rotated conservation
PASS: born rotated masslessness
PASS: born rotated positive energies
PASS: lepton trace is real
PASS: born finite positive matrix element
PASS: born rotated conservation
PASS: born rotated masslessness
PASS: born rotated positive energies
PASS: lepton trace is real
PASS: born finite positive matrix element
PASS: born averaged lepton projector decomposition
PASS: born independent lepton settings
SAMPLE born_08
PASS: real single subprocess
make: Nothing to be done for `all'.
PASS: real leg ordering
PASS: real final species
PASS: real generated spin/color/symmetry denominator
PASS: real tagged-quark normalization
PASS: real massless generated external states
PASS: real runtime couplings
PASS: real generated quark charge
PASS: real generated electron charge
PASS: real direct-driver precision format
PASS: real direct-driver momentum coverage
PASS: real finite positive matrix element
PASS: real direct/bridge equality
PASS: real finite sampling budget
PASS: real base conservation
PASS: real base masslessness
PASS: real base positive energies
PASS: real transverse lepton norm
PASS: real transverse basis
PASS: real alternative lepton kinematics
PASS: real rotated conservation
PASS: real rotated masslessness
PASS: real rotated positive energies
PASS: lepton trace is real
PASS: real finite positive matrix element
PASS: real rotated conservation
PASS: real rotated masslessness
PASS: real rotated positive energies
PASS: lepton trace is real
PASS: real finite positive matrix element
PASS: real rotated conservation
PASS: real rotated masslessness
PASS: real rotated positive energies
PASS: lepton trace is real
PASS: real finite positive matrix element
PASS: real rotated conservation
PASS: real rotated masslessness
PASS: real rotated positive energies
PASS: lepton trace is real
PASS: real finite positive matrix element
PASS: real averaged lepton projector decomposition
PASS: real alternative lepton kinematics
PASS: real rotated conservation
PASS: real rotated masslessness
PASS: real rotated positive energies
PASS: lepton trace is real
PASS: real finite positive matrix element
PASS: real rotated conservation
PASS: real rotated masslessness
PASS: real rotated positive energies
PASS: lepton trace is real
PASS: real finite positive matrix element
PASS: real rotated conservation
PASS: real rotated masslessness
PASS: real rotated positive energies
PASS: lepton trace is real
PASS: real finite positive matrix element
PASS: real rotated conservation
PASS: real rotated masslessness
PASS: real rotated positive energies
PASS: lepton trace is real
PASS: real finite positive matrix element
PASS: real averaged lepton projector decomposition
PASS: real independent lepton settings
PASS: unique real recoil gluon
SAMPLE real_01
PASS: real finite sampling budget
PASS: real finite sampling budget
PASS: real base conservation
PASS: real base masslessness
PASS: real base positive energies
PASS: real transverse lepton norm
PASS: real transverse basis
PASS: real alternative lepton kinematics
PASS: real rotated conservation
PASS: real rotated masslessness
PASS: real rotated positive energies
PASS: lepton trace is real
PASS: real finite positive matrix element
PASS: real rotated conservation
PASS: real rotated masslessness
PASS: real rotated positive energies
PASS: lepton trace is real
PASS: real finite positive matrix element
PASS: real rotated conservation
PASS: real rotated masslessness
PASS: real rotated positive energies
PASS: lepton trace is real
PASS: real finite positive matrix element
PASS: real rotated conservation
PASS: real rotated masslessness
PASS: real rotated positive energies
PASS: lepton trace is real
PASS: real finite positive matrix element
PASS: real averaged lepton projector decomposition
PASS: real alternative lepton kinematics
PASS: real rotated conservation
PASS: real rotated masslessness
PASS: real rotated positive energies
PASS: lepton trace is real
PASS: real finite positive matrix element
PASS: real rotated conservation
PASS: real rotated masslessness
PASS: real rotated positive energies
PASS: lepton trace is real
PASS: real finite positive matrix element
PASS: real rotated conservation
PASS: real rotated masslessness
PASS: real rotated positive energies
PASS: lepton trace is real
PASS: real finite positive matrix element
PASS: real rotated conservation
PASS: real rotated masslessness
PASS: real rotated positive energies
PASS: lepton trace is real
PASS: real finite positive matrix element
PASS: real averaged lepton projector decomposition
PASS: real independent lepton settings
PASS: unique real recoil gluon
SAMPLE real_02
PASS: real finite sampling budget
PASS: real finite sampling budget
PASS: real base conservation
PASS: real base masslessness
PASS: real base positive energies
PASS: real transverse lepton norm
PASS: real transverse basis
PASS: real alternative lepton kinematics
PASS: real rotated conservation
PASS: real rotated masslessness
PASS: real rotated positive energies
PASS: lepton trace is real
PASS: real finite positive matrix element
PASS: real rotated conservation
PASS: real rotated masslessness
PASS: real rotated positive energies
PASS: lepton trace is real
PASS: real finite positive matrix element
PASS: real rotated conservation
PASS: real rotated masslessness
PASS: real rotated positive energies
PASS: lepton trace is real
PASS: real finite positive matrix element
PASS: real rotated conservation
PASS: real rotated masslessness
PASS: real rotated positive energies
PASS: lepton trace is real
PASS: real finite positive matrix element
PASS: real averaged lepton projector decomposition
PASS: real alternative lepton kinematics
PASS: real rotated conservation
PASS: real rotated masslessness
PASS: real rotated positive energies
PASS: lepton trace is real
PASS: real finite positive matrix element
PASS: real rotated conservation
PASS: real rotated masslessness
PASS: real rotated positive energies
PASS: lepton trace is real
PASS: real finite positive matrix element
PASS: real rotated conservation
PASS: real rotated masslessness
PASS: real rotated positive energies
PASS: lepton trace is real
PASS: real finite positive matrix element
PASS: real rotated conservation
PASS: real rotated masslessness
PASS: real rotated positive energies
PASS: lepton trace is real
PASS: real finite positive matrix element
PASS: real averaged lepton projector decomposition
PASS: real independent lepton settings
PASS: unique real recoil gluon
SAMPLE real_03
PASS: real finite sampling budget
PASS: real finite sampling budget
PASS: real finite sampling budget
PASS: real base conservation
PASS: real base masslessness
PASS: real base positive energies
PASS: real transverse lepton norm
PASS: real transverse basis
PASS: real alternative lepton kinematics
PASS: real rotated conservation
PASS: real rotated masslessness
PASS: real rotated positive energies
PASS: lepton trace is real
PASS: real finite positive matrix element
PASS: real rotated conservation
PASS: real rotated masslessness
PASS: real rotated positive energies
PASS: lepton trace is real
PASS: real finite positive matrix element
PASS: real rotated conservation
PASS: real rotated masslessness
PASS: real rotated positive energies
PASS: lepton trace is real
PASS: real finite positive matrix element
PASS: real rotated conservation
PASS: real rotated masslessness
PASS: real rotated positive energies
PASS: lepton trace is real
PASS: real finite positive matrix element
PASS: real averaged lepton projector decomposition
PASS: real alternative lepton kinematics
PASS: real rotated conservation
PASS: real rotated masslessness
PASS: real rotated positive energies
PASS: lepton trace is real
PASS: real finite positive matrix element
PASS: real rotated conservation
PASS: real rotated masslessness
PASS: real rotated positive energies
PASS: lepton trace is real
PASS: real finite positive matrix element
PASS: real rotated conservation
PASS: real rotated masslessness
PASS: real rotated positive energies
PASS: lepton trace is real
PASS: real finite positive matrix element
PASS: real rotated conservation
PASS: real rotated masslessness
PASS: real rotated positive energies
PASS: lepton trace is real
PASS: real finite positive matrix element
PASS: real averaged lepton projector decomposition
PASS: real independent lepton settings
PASS: unique real recoil gluon
SAMPLE real_04
PASS: real finite sampling budget
PASS: real base conservation
PASS: real base masslessness
PASS: real base positive energies
PASS: real transverse lepton norm
PASS: real transverse basis
PASS: real alternative lepton kinematics
PASS: real rotated conservation
PASS: real rotated masslessness
PASS: real rotated positive energies
PASS: lepton trace is real
PASS: real finite positive matrix element
PASS: real rotated conservation
PASS: real rotated masslessness
PASS: real rotated positive energies
PASS: lepton trace is real
PASS: real finite positive matrix element
PASS: real rotated conservation
PASS: real rotated masslessness
PASS: real rotated positive energies
PASS: lepton trace is real
PASS: real finite positive matrix element
PASS: real rotated conservation
PASS: real rotated masslessness
PASS: real rotated positive energies
PASS: lepton trace is real
PASS: real finite positive matrix element
PASS: real averaged lepton projector decomposition
PASS: real alternative lepton kinematics
PASS: real rotated conservation
PASS: real rotated masslessness
PASS: real rotated positive energies
PASS: lepton trace is real
PASS: real finite positive matrix element
PASS: real rotated conservation
PASS: real rotated masslessness
PASS: real rotated positive energies
PASS: lepton trace is real
PASS: real finite positive matrix element
PASS: real rotated conservation
PASS: real rotated masslessness
PASS: real rotated positive energies
PASS: lepton trace is real
PASS: real finite positive matrix element
PASS: real rotated conservation
PASS: real rotated masslessness
PASS: real rotated positive energies
PASS: lepton trace is real
PASS: real finite positive matrix element
PASS: real averaged lepton projector decomposition
PASS: real independent lepton settings
PASS: unique real recoil gluon
SAMPLE real_05
PASS: real finite sampling budget
PASS: real finite sampling budget
PASS: real base conservation
PASS: real base masslessness
PASS: real base positive energies
PASS: real transverse lepton norm
PASS: real transverse basis
PASS: real alternative lepton kinematics
PASS: real rotated conservation
PASS: real rotated masslessness
PASS: real rotated positive energies
PASS: lepton trace is real
PASS: real finite positive matrix element
PASS: real rotated conservation
PASS: real rotated masslessness
PASS: real rotated positive energies
PASS: lepton trace is real
PASS: real finite positive matrix element
PASS: real rotated conservation
PASS: real rotated masslessness
PASS: real rotated positive energies
PASS: lepton trace is real
PASS: real finite positive matrix element
PASS: real rotated conservation
PASS: real rotated masslessness
PASS: real rotated positive energies
PASS: lepton trace is real
PASS: real finite positive matrix element
PASS: real averaged lepton projector decomposition
PASS: real alternative lepton kinematics
PASS: real rotated conservation
PASS: real rotated masslessness
PASS: real rotated positive energies
PASS: lepton trace is real
PASS: real finite positive matrix element
PASS: real rotated conservation
PASS: real rotated masslessness
PASS: real rotated positive energies
PASS: lepton trace is real
PASS: real finite positive matrix element
PASS: real rotated conservation
PASS: real rotated masslessness
PASS: real rotated positive energies
PASS: lepton trace is real
PASS: real finite positive matrix element
PASS: real rotated conservation
PASS: real rotated masslessness
PASS: real rotated positive energies
PASS: lepton trace is real
PASS: real finite positive matrix element
PASS: real averaged lepton projector decomposition
PASS: real independent lepton settings
PASS: unique real recoil gluon
SAMPLE real_06
PASS: real finite sampling budget
PASS: real finite sampling budget
PASS: real base conservation
PASS: real base masslessness
PASS: real base positive energies
PASS: real transverse lepton norm
PASS: real transverse basis
PASS: real alternative lepton kinematics
PASS: real rotated conservation
PASS: real rotated masslessness
PASS: real rotated positive energies
PASS: lepton trace is real
PASS: real finite positive matrix element
PASS: real rotated conservation
PASS: real rotated masslessness
PASS: real rotated positive energies
PASS: lepton trace is real
PASS: real finite positive matrix element
PASS: real rotated conservation
PASS: real rotated masslessness
PASS: real rotated positive energies
PASS: lepton trace is real
PASS: real finite positive matrix element
PASS: real rotated conservation
PASS: real rotated masslessness
PASS: real rotated positive energies
PASS: lepton trace is real
PASS: real finite positive matrix element
PASS: real averaged lepton projector decomposition
PASS: real alternative lepton kinematics
PASS: real rotated conservation
PASS: real rotated masslessness
PASS: real rotated positive energies
PASS: lepton trace is real
PASS: real finite positive matrix element
PASS: real rotated conservation
PASS: real rotated masslessness
PASS: real rotated positive energies
PASS: lepton trace is real
PASS: real finite positive matrix element
PASS: real rotated conservation
PASS: real rotated masslessness
PASS: real rotated positive energies
PASS: lepton trace is real
PASS: real finite positive matrix element
PASS: real rotated conservation
PASS: real rotated masslessness
PASS: real rotated positive energies
PASS: lepton trace is real
PASS: real finite positive matrix element
PASS: real averaged lepton projector decomposition
PASS: real independent lepton settings
PASS: unique real recoil gluon
SAMPLE real_07
PASS: real finite sampling budget
PASS: real base conservation
PASS: real base masslessness
PASS: real base positive energies
PASS: real transverse lepton norm
PASS: real transverse basis
PASS: real alternative lepton kinematics
PASS: real rotated conservation
PASS: real rotated masslessness
PASS: real rotated positive energies
PASS: lepton trace is real
PASS: real finite positive matrix element
PASS: real rotated conservation
PASS: real rotated masslessness
PASS: real rotated positive energies
PASS: lepton trace is real
PASS: real finite positive matrix element
PASS: real rotated conservation
PASS: real rotated masslessness
PASS: real rotated positive energies
PASS: lepton trace is real
PASS: real finite positive matrix element
PASS: real rotated conservation
PASS: real rotated masslessness
PASS: real rotated positive energies
PASS: lepton trace is real
PASS: real finite positive matrix element
PASS: real averaged lepton projector decomposition
PASS: real alternative lepton kinematics
PASS: real rotated conservation
PASS: real rotated masslessness
PASS: real rotated positive energies
PASS: lepton trace is real
PASS: real finite positive matrix element
PASS: real rotated conservation
PASS: real rotated masslessness
PASS: real rotated positive energies
PASS: lepton trace is real
PASS: real finite positive matrix element
PASS: real rotated conservation
PASS: real rotated masslessness
PASS: real rotated positive energies
PASS: lepton trace is real
PASS: real finite positive matrix element
PASS: real rotated conservation
PASS: real rotated masslessness
PASS: real rotated positive energies
PASS: lepton trace is real
PASS: real finite positive matrix element
PASS: real averaged lepton projector decomposition
PASS: real independent lepton settings
PASS: unique real recoil gluon
SAMPLE real_08
PASS: complete deterministic sample
PASS: new sample result
PASS: sample reload
HGQ_MADGRAPH_S03_SUCCESS
MONITOR_WAKE {"stage": "s03", "source": "s03_sample_madgraph.py", "source_sha256": "d47225318d9fedccf268ecec7915b17ba80ecb0888def662f277419f52d2f738", "job_id": "14688008", "host": "n7663", "exit_code": 0, "success_marker": true, "accepted_execution": true, "guard": null, "peak_rss_bytes": 80097280, "elapsed_seconds": 4.129064014181495, "completed_utc": "2026-09-06T13:35:25.119039+00:00"}
