MONITOR_START job=14688010 host=n7404 kernel_pid=67113
"PASS: ""Hgq sample and source binding"
"PASS: ""accepted copied s02_born_and_projectors.wl"
"PASS: ""unchanged parent s02_born_and_projectors.wl"
"PASS: ""accepted copied s02_result.wl"
"PASS: ""unchanged parent s02_result.wl"
"PASS: ""accepted copied s01_generate_amplitudes.wl"
"PASS: ""unchanged parent s01_generate_amplitudes.wl"
"PASS: ""accepted copied s01_result.wl"
"PASS: ""unchanged parent s01_result.wl"
"PASS: ""accepted copied s03_contract_real.wl"
"PASS: ""unchanged parent s03_contract_real.wl"
"PASS: ""accepted copied s03_result.wl"
"PASS: ""unchanged parent s03_result.wl"
"PASS: ""accepted copied s10_final_hats.wl"
"PASS: ""unchanged parent s10_final_hats.wl"
"PASS: ""accepted copied s10_result.wl"
"PASS: ""unchanged parent s10_result.wl"
"PASS: ""accepted Born Ward identities"
"PASS: ""accepted real Ward identities"
"PASS: ""accepted real coupling convention"
"PASS: ""born gluon initial average agrees with the generated denominator"
"PASS: ""born measured amplitude degrees"
"PASS: ""born independent generated diagram count"
"PASS: ""born strong coupling order"
"PASS: ""born electron electromagnetic vertex"
"PASS: ""born model quark charge matches S03"
"PASS: ""real gluon initial average agrees with the generated denominator"
"PASS: ""real measured amplitude degrees"
"PASS: ""real independent generated diagram count"
"PASS: ""real strong coupling order"
"PASS: ""real electron electromagnetic vertex"
"PASS: ""S03 tag weight equals generated species weight"
"PASS: ""real model quark charge matches S03"
"PASS: ""born_01/Pg finite real scalar"
"PASS: ""born_01/Ppp finite real scalar"
"EVALUATED: ""born_01"
"PASS: ""born_02/Pg finite real scalar"
"PASS: ""born_02/Ppp finite real scalar"
"EVALUATED: ""born_02"
"PASS: ""born_03/Pg finite real scalar"
"PASS: ""born_03/Ppp finite real scalar"
"EVALUATED: ""born_03"
"PASS: ""born_04/Pg finite real scalar"
"PASS: ""born_04/Ppp finite real scalar"
"EVALUATED: ""born_04"
"PASS: ""born_05/Pg finite real scalar"
"PASS: ""born_05/Ppp finite real scalar"
"EVALUATED: ""born_05"
"PASS: ""born_06/Pg finite real scalar"
"PASS: ""born_06/Ppp finite real scalar"
"EVALUATED: ""born_06"
"PASS: ""born_07/Pg finite real scalar"
"PASS: ""born_07/Ppp finite real scalar"
"EVALUATED: ""born_07"
"PASS: ""born_08/Pg finite real scalar"
"PASS: ""born_08/Ppp finite real scalar"
"EVALUATED: ""born_08"
"PASS: ""real_01/Pg finite real scalar"
"PASS: ""real_01/Ppp finite real scalar"
"EVALUATED: ""real_01"
"PASS: ""real_02/Pg finite real scalar"
"PASS: ""real_02/Ppp finite real scalar"
"EVALUATED: ""real_02"
"PASS: ""real_03/Pg finite real scalar"
"PASS: ""real_03/Ppp finite real scalar"
"EVALUATED: ""real_03"
"PASS: ""real_04/Pg finite real scalar"
"PASS: ""real_04/Ppp finite real scalar"
"EVALUATED: ""real_04"
"PASS: ""real_05/Pg finite real scalar"
"PASS: ""real_05/Ppp finite real scalar"
"EVALUATED: ""real_05"
"PASS: ""real_06/Pg finite real scalar"
"PASS: ""real_06/Ppp finite real scalar"
"EVALUATED: ""real_06"
"PASS: ""real_07/Pg finite real scalar"
"PASS: ""real_07/Ppp finite real scalar"
"EVALUATED: ""real_07"
"PASS: ""real_08/Pg finite real scalar"
"PASS: ""real_08/Ppp finite real scalar"
"EVALUATED: ""real_08"
"PASS: ""complete local coverage"
"PASS: ""accepted copied s02_born_and_projectors.wl"
"PASS: ""unchanged parent s02_born_and_projectors.wl"
"PASS: ""accepted copied s02_result.wl"
"PASS: ""unchanged parent s02_result.wl"
"PASS: ""accepted copied s01_generate_amplitudes.wl"
"PASS: ""unchanged parent s01_generate_amplitudes.wl"
"PASS: ""accepted copied s01_result.wl"
"PASS: ""unchanged parent s01_result.wl"
"PASS: ""accepted copied s03_contract_real.wl"
"PASS: ""unchanged parent s03_contract_real.wl"
"PASS: ""accepted copied s03_result.wl"
"PASS: ""unchanged parent s03_result.wl"
"PASS: ""accepted copied s10_final_hats.wl"
"PASS: ""unchanged parent s10_final_hats.wl"
"PASS: ""accepted copied s10_result.wl"
"PASS: ""unchanged parent s10_result.wl"
"PASS: ""sample unchanged"
"PASS: ""new local output"
"PASS: ""local JSON reload"
"HGQ_MADGRAPH_S04_SUCCESS"
MONITOR_WAKE {"stage": "s04", "source": "s04_evaluate_local.wl", "source_sha256": "225cf8495532f3280baf7101a61d59a4e989cfa40cbd6ba4124ef8cc291f143c", "job_id": "14688010", "host": "n7404", "exit_code": 0, "success_marker": true, "accepted_execution": true, "guard": null, "peak_rss_bytes": 184213504, "elapsed_seconds": 8.763781877234578, "completed_utc": "2026-09-06T13:36:46.736206+00:00"}
