"PASS: ""frozen s12_final_hats.wl"
"PASS: ""frozen s12_result.wl"
"PASS: ""frozen s12_poles.wl"
"PASS: ""frozen s02_result.wl"
"PASS: ""frozen s09_result.wl"
"PASS: ""frozen s10_result.wl"
"PASS: ""frozen s11_result.wl"
"PASS: ""accepted Hqg S13 map"
"PASS: ""corrected Hqg author endpoint input"
"PASS: ""accepted Hqg source metadata"
"PASS: ""independent Hqg result accepted without author coefficients"
"PASS: ""both hats"
"PASS: ""new S01 output"
"PASS: ""unique physical upper-bound equation"
"PASS: ""upper bound maps to zeta=1"
"PASS: ""Jacobian equals the published driver definition"
"PASS: ""unique plus transport"
"PASS: ""plus transport reconstructs its action"
"PASS: ""unit strong coupling conversion"
"PASS: ""saved Hqg projector reconstruction"
"PASS: ""interior_1 physical interior"
"PASS: ""interior_1 physical invariants False"
"PASS: ""interior_1 physical invariants True"
"PASS: ""interior_2 physical interior"
"PASS: ""interior_2 physical invariants False"
"PASS: ""interior_2 physical invariants True"
"PASS: ""interior_3 physical interior"
"PASS: ""interior_3 physical invariants False"
"PASS: ""interior_3 physical invariants True"
"EVALUATE: ""interior_1"" ""F1"
"PASS: ""interior_1/F1/Born/local exact substitution"
"PASS: ""interior_1/F1/Born/local no remaining parameters"
"PASS: ""interior_1/F1/Born/local finite"
"PASS: ""interior_1/F1/Born/local real to evaluation precision"
"PASS: ""interior_1/F1/Born/local retained precision"
"PASS: ""interior_1/F1/Born/authors exact substitution"
"PASS: ""interior_1/F1/Born/authors no remaining parameters"
"PASS: ""interior_1/F1/Born/authors finite"
"PASS: ""interior_1/F1/Born/authors real to evaluation precision"
"PASS: ""interior_1/F1/Born/authors retained precision"
"PASS: ""interior_1/F1/Delta/local exact substitution"
"PASS: ""interior_1/F1/Delta/local no remaining parameters"
"PASS: ""interior_1/F1/Delta/local finite"
"PASS: ""interior_1/F1/Delta/local real to evaluation precision"
"PASS: ""interior_1/F1/Delta/local retained precision"
"PASS: ""interior_1/F1/Delta/authors exact substitution"
"PASS: ""interior_1/F1/Delta/authors no remaining parameters"
"PASS: ""interior_1/F1/Delta/authors finite"
"PASS: ""interior_1/F1/Delta/authors real to evaluation precision"
"PASS: ""interior_1/F1/Delta/authors retained precision"
"PASS: ""interior_1/F1/L0/local exact substitution"
"PASS: ""interior_1/F1/L0/local no remaining parameters"
"PASS: ""interior_1/F1/L0/local finite"
"PASS: ""interior_1/F1/L0/local real to evaluation precision"
"PASS: ""interior_1/F1/L0/local retained precision"
"PASS: ""interior_1/F1/L0/authors exact substitution"
"PASS: ""interior_1/F1/L0/authors no remaining parameters"
"PASS: ""interior_1/F1/L0/authors finite"
"PASS: ""interior_1/F1/L0/authors real to evaluation precision"
"PASS: ""interior_1/F1/L0/authors retained precision"
"PASS: ""interior_1/F1/L1/local exact substitution"
"PASS: ""interior_1/F1/L1/local no remaining parameters"
"PASS: ""interior_1/F1/L1/local finite"
"PASS: ""interior_1/F1/L1/local real to evaluation precision"
"PASS: ""interior_1/F1/L1/local retained precision"
"PASS: ""interior_1/F1/L1/authors exact substitution"
"PASS: ""interior_1/F1/L1/authors no remaining parameters"
"PASS: ""interior_1/F1/L1/authors finite"
"PASS: ""interior_1/F1/L1/authors real to evaluation precision"
"PASS: ""interior_1/F1/L1/authors retained precision"
"PASS: ""interior_1/F1/Regular/local exact substitution"
"PASS: ""interior_1/F1/Regular/local no remaining parameters"
"PASS: ""interior_1/F1/Regular/local finite"
"PASS: ""interior_1/F1/Regular/local real to evaluation precision"
"PASS: ""interior_1/F1/Regular/local retained precision"
"PASS: ""interior_1/F1/Regular/authors exact substitution"
"PASS: ""interior_1/F1/Regular/authors no remaining parameters"
"PASS: ""interior_1/F1/Regular/authors finite"
"PASS: ""interior_1/F1/Regular/authors real to evaluation precision"
"PASS: ""interior_1/F1/Regular/authors retained precision"
"PASS: ""interior_1F1/local interior density exact substitution"
"PASS: ""interior_1F1/local interior density no remaining parameters"
"PASS: ""interior_1F1/local interior density finite"
"PASS: ""interior_1F1/local interior density real to evaluation precision"
"PASS: ""interior_1F1/local interior density retained precision"
"PASS: ""interior_1F1/author interior density exact substitution"
"PASS: ""interior_1F1/author interior density no remaining parameters"
"PASS: ""interior_1F1/author interior density finite"
"PASS: ""interior_1F1/author interior density real to evaluation precision"
"PASS: ""interior_1F1/author interior density retained precision"
"EVALUATE: ""interior_1"" ""F2"
"PASS: ""interior_1/F2/Born/local exact substitution"
"PASS: ""interior_1/F2/Born/local no remaining parameters"
"PASS: ""interior_1/F2/Born/local finite"
"PASS: ""interior_1/F2/Born/local real to evaluation precision"
"PASS: ""interior_1/F2/Born/local retained precision"
"PASS: ""interior_1/F2/Born/authors exact substitution"
"PASS: ""interior_1/F2/Born/authors no remaining parameters"
"PASS: ""interior_1/F2/Born/authors finite"
"PASS: ""interior_1/F2/Born/authors real to evaluation precision"
"PASS: ""interior_1/F2/Born/authors retained precision"
"PASS: ""interior_1/F2/Delta/local exact substitution"
"PASS: ""interior_1/F2/Delta/local no remaining parameters"
"PASS: ""interior_1/F2/Delta/local finite"
"PASS: ""interior_1/F2/Delta/local real to evaluation precision"
"PASS: ""interior_1/F2/Delta/local retained precision"
"PASS: ""interior_1/F2/Delta/authors exact substitution"
"PASS: ""interior_1/F2/Delta/authors no remaining parameters"
"PASS: ""interior_1/F2/Delta/authors finite"
"PASS: ""interior_1/F2/Delta/authors real to evaluation precision"
"PASS: ""interior_1/F2/Delta/authors retained precision"
"PASS: ""interior_1/F2/L0/local exact substitution"
"PASS: ""interior_1/F2/L0/local no remaining parameters"
"PASS: ""interior_1/F2/L0/local finite"
"PASS: ""interior_1/F2/L0/local real to evaluation precision"
"PASS: ""interior_1/F2/L0/local retained precision"
"PASS: ""interior_1/F2/L0/authors exact substitution"
"PASS: ""interior_1/F2/L0/authors no remaining parameters"
"PASS: ""interior_1/F2/L0/authors finite"
"PASS: ""interior_1/F2/L0/authors real to evaluation precision"
"PASS: ""interior_1/F2/L0/authors retained precision"
"PASS: ""interior_1/F2/L1/local exact substitution"
"PASS: ""interior_1/F2/L1/local no remaining parameters"
"PASS: ""interior_1/F2/L1/local finite"
"PASS: ""interior_1/F2/L1/local real to evaluation precision"
"PASS: ""interior_1/F2/L1/local retained precision"
"PASS: ""interior_1/F2/L1/authors exact substitution"
"PASS: ""interior_1/F2/L1/authors no remaining parameters"
"PASS: ""interior_1/F2/L1/authors finite"
"PASS: ""interior_1/F2/L1/authors real to evaluation precision"
"PASS: ""interior_1/F2/L1/authors retained precision"
"PASS: ""interior_1/F2/Regular/local exact substitution"
"PASS: ""interior_1/F2/Regular/local no remaining parameters"
"PASS: ""interior_1/F2/Regular/local finite"
"PASS: ""interior_1/F2/Regular/local real to evaluation precision"
"PASS: ""interior_1/F2/Regular/local retained precision"
"PASS: ""interior_1/F2/Regular/authors exact substitution"
"PASS: ""interior_1/F2/Regular/authors no remaining parameters"
"PASS: ""interior_1/F2/Regular/authors finite"
"PASS: ""interior_1/F2/Regular/authors real to evaluation precision"
"PASS: ""interior_1/F2/Regular/authors retained precision"
"PASS: ""interior_1F2/local interior density exact substitution"
"PASS: ""interior_1F2/local interior density no remaining parameters"
"PASS: ""interior_1F2/local interior density finite"
"PASS: ""interior_1F2/local interior density real to evaluation precision"
"PASS: ""interior_1F2/local interior density retained precision"
"PASS: ""interior_1F2/author interior density exact substitution"
"PASS: ""interior_1F2/author interior density no remaining parameters"
"PASS: ""interior_1F2/author interior density finite"
"PASS: ""interior_1F2/author interior density real to evaluation precision"
"PASS: ""interior_1F2/author interior density retained precision"
"EVALUATE: ""interior_2"" ""F1"
"PASS: ""interior_2/F1/Born/local exact substitution"
"PASS: ""interior_2/F1/Born/local no remaining parameters"
"PASS: ""interior_2/F1/Born/local finite"
"PASS: ""interior_2/F1/Born/local real to evaluation precision"
"PASS: ""interior_2/F1/Born/local retained precision"
"PASS: ""interior_2/F1/Born/authors exact substitution"
"PASS: ""interior_2/F1/Born/authors no remaining parameters"
"PASS: ""interior_2/F1/Born/authors finite"
"PASS: ""interior_2/F1/Born/authors real to evaluation precision"
"PASS: ""interior_2/F1/Born/authors retained precision"
"PASS: ""interior_2/F1/Delta/local exact substitution"
"PASS: ""interior_2/F1/Delta/local no remaining parameters"
"PASS: ""interior_2/F1/Delta/local finite"
"PASS: ""interior_2/F1/Delta/local real to evaluation precision"
"PASS: ""interior_2/F1/Delta/local retained precision"
"PASS: ""interior_2/F1/Delta/authors exact substitution"
"PASS: ""interior_2/F1/Delta/authors no remaining parameters"
"PASS: ""interior_2/F1/Delta/authors finite"
"PASS: ""interior_2/F1/Delta/authors real to evaluation precision"
"PASS: ""interior_2/F1/Delta/authors retained precision"
"PASS: ""interior_2/F1/L0/local exact substitution"
"PASS: ""interior_2/F1/L0/local no remaining parameters"
"PASS: ""interior_2/F1/L0/local finite"
"PASS: ""interior_2/F1/L0/local real to evaluation precision"
"PASS: ""interior_2/F1/L0/local retained precision"
"PASS: ""interior_2/F1/L0/authors exact substitution"
"PASS: ""interior_2/F1/L0/authors no remaining parameters"
"PASS: ""interior_2/F1/L0/authors finite"
"PASS: ""interior_2/F1/L0/authors real to evaluation precision"
"PASS: ""interior_2/F1/L0/authors retained precision"
"PASS: ""interior_2/F1/L1/local exact substitution"
"PASS: ""interior_2/F1/L1/local no remaining parameters"
"PASS: ""interior_2/F1/L1/local finite"
"PASS: ""interior_2/F1/L1/local real to evaluation precision"
"PASS: ""interior_2/F1/L1/local retained precision"
"PASS: ""interior_2/F1/L1/authors exact substitution"
"PASS: ""interior_2/F1/L1/authors no remaining parameters"
"PASS: ""interior_2/F1/L1/authors finite"
"PASS: ""interior_2/F1/L1/authors real to evaluation precision"
"PASS: ""interior_2/F1/L1/authors retained precision"
"PASS: ""interior_2/F1/Regular/local exact substitution"
"PASS: ""interior_2/F1/Regular/local no remaining parameters"
"PASS: ""interior_2/F1/Regular/local finite"
"PASS: ""interior_2/F1/Regular/local real to evaluation precision"
"PASS: ""interior_2/F1/Regular/local retained precision"
"PASS: ""interior_2/F1/Regular/authors exact substitution"
"PASS: ""interior_2/F1/Regular/authors no remaining parameters"
"PASS: ""interior_2/F1/Regular/authors finite"
"PASS: ""interior_2/F1/Regular/authors real to evaluation precision"
"PASS: ""interior_2/F1/Regular/authors retained precision"
"PASS: ""interior_2F1/local interior density exact substitution"
"PASS: ""interior_2F1/local interior density no remaining parameters"
"PASS: ""interior_2F1/local interior density finite"
"PASS: ""interior_2F1/local interior density real to evaluation precision"
"PASS: ""interior_2F1/local interior density retained precision"
"PASS: ""interior_2F1/author interior density exact substitution"
"PASS: ""interior_2F1/author interior density no remaining parameters"
"PASS: ""interior_2F1/author interior density finite"
"PASS: ""interior_2F1/author interior density real to evaluation precision"
"PASS: ""interior_2F1/author interior density retained precision"
"EVALUATE: ""interior_2"" ""F2"
"PASS: ""interior_2/F2/Born/local exact substitution"
"PASS: ""interior_2/F2/Born/local no remaining parameters"
"PASS: ""interior_2/F2/Born/local finite"
"PASS: ""interior_2/F2/Born/local real to evaluation precision"
"PASS: ""interior_2/F2/Born/local retained precision"
"PASS: ""interior_2/F2/Born/authors exact substitution"
"PASS: ""interior_2/F2/Born/authors no remaining parameters"
"PASS: ""interior_2/F2/Born/authors finite"
"PASS: ""interior_2/F2/Born/authors real to evaluation precision"
"PASS: ""interior_2/F2/Born/authors retained precision"
"PASS: ""interior_2/F2/Delta/local exact substitution"
"PASS: ""interior_2/F2/Delta/local no remaining parameters"
"PASS: ""interior_2/F2/Delta/local finite"
"PASS: ""interior_2/F2/Delta/local real to evaluation precision"
"PASS: ""interior_2/F2/Delta/local retained precision"
"PASS: ""interior_2/F2/Delta/authors exact substitution"
"PASS: ""interior_2/F2/Delta/authors no remaining parameters"
"PASS: ""interior_2/F2/Delta/authors finite"
"PASS: ""interior_2/F2/Delta/authors real to evaluation precision"
"PASS: ""interior_2/F2/Delta/authors retained precision"
"PASS: ""interior_2/F2/L0/local exact substitution"
"PASS: ""interior_2/F2/L0/local no remaining parameters"
"PASS: ""interior_2/F2/L0/local finite"
"PASS: ""interior_2/F2/L0/local real to evaluation precision"
"PASS: ""interior_2/F2/L0/local retained precision"
"PASS: ""interior_2/F2/L0/authors exact substitution"
"PASS: ""interior_2/F2/L0/authors no remaining parameters"
"PASS: ""interior_2/F2/L0/authors finite"
"PASS: ""interior_2/F2/L0/authors real to evaluation precision"
"PASS: ""interior_2/F2/L0/authors retained precision"
"PASS: ""interior_2/F2/L1/local exact substitution"
"PASS: ""interior_2/F2/L1/local no remaining parameters"
"PASS: ""interior_2/F2/L1/local finite"
"PASS: ""interior_2/F2/L1/local real to evaluation precision"
"PASS: ""interior_2/F2/L1/local retained precision"
"PASS: ""interior_2/F2/L1/authors exact substitution"
"PASS: ""interior_2/F2/L1/authors no remaining parameters"
"PASS: ""interior_2/F2/L1/authors finite"
"PASS: ""interior_2/F2/L1/authors real to evaluation precision"
"PASS: ""interior_2/F2/L1/authors retained precision"
"PASS: ""interior_2/F2/Regular/local exact substitution"
"PASS: ""interior_2/F2/Regular/local no remaining parameters"
"PASS: ""interior_2/F2/Regular/local finite"
"PASS: ""interior_2/F2/Regular/local real to evaluation precision"
"PASS: ""interior_2/F2/Regular/local retained precision"
"PASS: ""interior_2/F2/Regular/authors exact substitution"
"PASS: ""interior_2/F2/Regular/authors no remaining parameters"
"PASS: ""interior_2/F2/Regular/authors finite"
"PASS: ""interior_2/F2/Regular/authors real to evaluation precision"
"PASS: ""interior_2/F2/Regular/authors retained precision"
"PASS: ""interior_2F2/local interior density exact substitution"
"PASS: ""interior_2F2/local interior density no remaining parameters"
"PASS: ""interior_2F2/local interior density finite"
"PASS: ""interior_2F2/local interior density real to evaluation precision"
"PASS: ""interior_2F2/local interior density retained precision"
"PASS: ""interior_2F2/author interior density exact substitution"
"PASS: ""interior_2F2/author interior density no remaining parameters"
"PASS: ""interior_2F2/author interior density finite"
"PASS: ""interior_2F2/author interior density real to evaluation precision"
"PASS: ""interior_2F2/author interior density retained precision"
"EVALUATE: ""interior_3"" ""F1"
"PASS: ""interior_3/F1/Born/local exact substitution"
"PASS: ""interior_3/F1/Born/local no remaining parameters"
"PASS: ""interior_3/F1/Born/local finite"
"PASS: ""interior_3/F1/Born/local real to evaluation precision"
"PASS: ""interior_3/F1/Born/local retained precision"
"PASS: ""interior_3/F1/Born/authors exact substitution"
"PASS: ""interior_3/F1/Born/authors no remaining parameters"
"PASS: ""interior_3/F1/Born/authors finite"
"PASS: ""interior_3/F1/Born/authors real to evaluation precision"
"PASS: ""interior_3/F1/Born/authors retained precision"
"PASS: ""interior_3/F1/Delta/local exact substitution"
"PASS: ""interior_3/F1/Delta/local no remaining parameters"
"PASS: ""interior_3/F1/Delta/local finite"
"PASS: ""interior_3/F1/Delta/local real to evaluation precision"
"PASS: ""interior_3/F1/Delta/local retained precision"
"PASS: ""interior_3/F1/Delta/authors exact substitution"
"PASS: ""interior_3/F1/Delta/authors no remaining parameters"
"PASS: ""interior_3/F1/Delta/authors finite"
"PASS: ""interior_3/F1/Delta/authors real to evaluation precision"
"PASS: ""interior_3/F1/Delta/authors retained precision"
"PASS: ""interior_3/F1/L0/local exact substitution"
"PASS: ""interior_3/F1/L0/local no remaining parameters"
"PASS: ""interior_3/F1/L0/local finite"
"PASS: ""interior_3/F1/L0/local real to evaluation precision"
"PASS: ""interior_3/F1/L0/local retained precision"
"PASS: ""interior_3/F1/L0/authors exact substitution"
"PASS: ""interior_3/F1/L0/authors no remaining parameters"
"PASS: ""interior_3/F1/L0/authors finite"
"PASS: ""interior_3/F1/L0/authors real to evaluation precision"
"PASS: ""interior_3/F1/L0/authors retained precision"
"PASS: ""interior_3/F1/L1/local exact substitution"
"PASS: ""interior_3/F1/L1/local no remaining parameters"
"PASS: ""interior_3/F1/L1/local finite"
"PASS: ""interior_3/F1/L1/local real to evaluation precision"
"PASS: ""interior_3/F1/L1/local retained precision"
"PASS: ""interior_3/F1/L1/authors exact substitution"
"PASS: ""interior_3/F1/L1/authors no remaining parameters"
"PASS: ""interior_3/F1/L1/authors finite"
"PASS: ""interior_3/F1/L1/authors real to evaluation precision"
"PASS: ""interior_3/F1/L1/authors retained precision"
"PASS: ""interior_3/F1/Regular/local exact substitution"
"PASS: ""interior_3/F1/Regular/local no remaining parameters"
"PASS: ""interior_3/F1/Regular/local finite"
"PASS: ""interior_3/F1/Regular/local real to evaluation precision"
"PASS: ""interior_3/F1/Regular/local retained precision"
"PASS: ""interior_3/F1/Regular/authors exact substitution"
"PASS: ""interior_3/F1/Regular/authors no remaining parameters"
"PASS: ""interior_3/F1/Regular/authors finite"
"PASS: ""interior_3/F1/Regular/authors real to evaluation precision"
"PASS: ""interior_3/F1/Regular/authors retained precision"
"PASS: ""interior_3F1/local interior density exact substitution"
"PASS: ""interior_3F1/local interior density no remaining parameters"
"PASS: ""interior_3F1/local interior density finite"
"PASS: ""interior_3F1/local interior density real to evaluation precision"
"PASS: ""interior_3F1/local interior density retained precision"
"PASS: ""interior_3F1/author interior density exact substitution"
"PASS: ""interior_3F1/author interior density no remaining parameters"
"PASS: ""interior_3F1/author interior density finite"
"PASS: ""interior_3F1/author interior density real to evaluation precision"
"PASS: ""interior_3F1/author interior density retained precision"
"EVALUATE: ""interior_3"" ""F2"
"PASS: ""interior_3/F2/Born/local exact substitution"
"PASS: ""interior_3/F2/Born/local no remaining parameters"
"PASS: ""interior_3/F2/Born/local finite"
"PASS: ""interior_3/F2/Born/local real to evaluation precision"
"PASS: ""interior_3/F2/Born/local retained precision"
"PASS: ""interior_3/F2/Born/authors exact substitution"
"PASS: ""interior_3/F2/Born/authors no remaining parameters"
"PASS: ""interior_3/F2/Born/authors finite"
"PASS: ""interior_3/F2/Born/authors real to evaluation precision"
"PASS: ""interior_3/F2/Born/authors retained precision"
"PASS: ""interior_3/F2/Delta/local exact substitution"
"PASS: ""interior_3/F2/Delta/local no remaining parameters"
"PASS: ""interior_3/F2/Delta/local finite"
"PASS: ""interior_3/F2/Delta/local real to evaluation precision"
"PASS: ""interior_3/F2/Delta/local retained precision"
"PASS: ""interior_3/F2/Delta/authors exact substitution"
"PASS: ""interior_3/F2/Delta/authors no remaining parameters"
"PASS: ""interior_3/F2/Delta/authors finite"
"PASS: ""interior_3/F2/Delta/authors real to evaluation precision"
"PASS: ""interior_3/F2/Delta/authors retained precision"
"PASS: ""interior_3/F2/L0/local exact substitution"
"PASS: ""interior_3/F2/L0/local no remaining parameters"
"PASS: ""interior_3/F2/L0/local finite"
"PASS: ""interior_3/F2/L0/local real to evaluation precision"
"PASS: ""interior_3/F2/L0/local retained precision"
"PASS: ""interior_3/F2/L0/authors exact substitution"
"PASS: ""interior_3/F2/L0/authors no remaining parameters"
"PASS: ""interior_3/F2/L0/authors finite"
"PASS: ""interior_3/F2/L0/authors real to evaluation precision"
"PASS: ""interior_3/F2/L0/authors retained precision"
"PASS: ""interior_3/F2/L1/local exact substitution"
"PASS: ""interior_3/F2/L1/local no remaining parameters"
"PASS: ""interior_3/F2/L1/local finite"
"PASS: ""interior_3/F2/L1/local real to evaluation precision"
"PASS: ""interior_3/F2/L1/local retained precision"
"PASS: ""interior_3/F2/L1/authors exact substitution"
"PASS: ""interior_3/F2/L1/authors no remaining parameters"
"PASS: ""interior_3/F2/L1/authors finite"
"PASS: ""interior_3/F2/L1/authors real to evaluation precision"
"PASS: ""interior_3/F2/L1/authors retained precision"
"PASS: ""interior_3/F2/Regular/local exact substitution"
"PASS: ""interior_3/F2/Regular/local no remaining parameters"
"PASS: ""interior_3/F2/Regular/local finite"
"PASS: ""interior_3/F2/Regular/local real to evaluation precision"
"PASS: ""interior_3/F2/Regular/local retained precision"
"PASS: ""interior_3/F2/Regular/authors exact substitution"
"PASS: ""interior_3/F2/Regular/authors no remaining parameters"
"PASS: ""interior_3/F2/Regular/authors finite"
"PASS: ""interior_3/F2/Regular/authors real to evaluation precision"
"PASS: ""interior_3/F2/Regular/authors retained precision"
"PASS: ""interior_3F2/local interior density exact substitution"
"PASS: ""interior_3F2/local interior density no remaining parameters"
"PASS: ""interior_3F2/local interior density finite"
"PASS: ""interior_3F2/local interior density real to evaluation precision"
"PASS: ""interior_3F2/local interior density retained precision"
"PASS: ""interior_3F2/author interior density exact substitution"
"PASS: ""interior_3F2/author interior density no remaining parameters"
"PASS: ""interior_3F2/author interior density finite"
"PASS: ""interior_3F2/author interior density real to evaluation precision"
"PASS: ""interior_3F2/author interior density retained precision"
"PASS: ""complete coefficient coverage"
"PASS: ""complete interior coverage"
"PASS: ""frozen s12_final_hats.wl"
"PASS: ""frozen s12_result.wl"
"PASS: ""frozen s12_poles.wl"
"PASS: ""frozen s02_result.wl"
"PASS: ""frozen s09_result.wl"
"PASS: ""frozen s10_result.wl"
"PASS: ""frozen s11_result.wl"
"PASS: ""author input unchanged"
"PASS: ""S13 map unchanged"
"PASS: ""no stale temporary output"
"PASS: ""JSON reload coverage"
"HQG_BIGTMD_S01_SUCCESS: ""/home/physics/projects/AI_Assisted_SIDIS/scripts/Hqg_v3/bigTMD/s01_result.json"
