MONITOR_START job=14688987 host=n7440 kernel_pid=1787
"PASS: ""S01 source identity"
"Charge measurement: "InputForm[<|"VertexSquare" -> (-16*(-2 + D)*kappa*SUNN)/9, "UnitCurrentSquare" -> -4*(-2 + D)*kappa*SUNN, "Ratio" -> 4/9, "FundamentalDimension" -> SUNN|>]
"PASS: ""model charge is a positive exact constant"
"Measured model charge squared = "InputForm[4/9]
"PASS: ""two generated normalization vertices coincide including sign"
"PASS: ""quark spin projector is idempotent"
"PASS: ""quark spin count is a positive exact constant"
"Derived quark spin count = "InputForm[2]
"PASS: ""physical gluon polarization trace evaluated"
"PASS: ""all initial-state averages determined"
"Derived initial averages = "InputForm[<|"Hqq" -> 1/(2*SUNN), "AuxHgq" -> 1/((-2 + D)*(-1 + SUNN)*(1 + SUNN)), "AuxHqg" -> 1/(2*SUNN)|>]
"PASS: ""invariant equations reconstruct exactly"
"Hqq"" Born ""Pg"
"PASS: ""Hqq has one generated gluon leg"
"PASS: ""Hqq Pg is scalar and exact"
"Hqq"" Born ""Ppp"
"PASS: ""Hqq has one generated gluon leg"
"PASS: ""Hqq Ppp is scalar and exact"
"Hqq"" Born ""PhotonWard"
"PASS: ""Hqq has one generated gluon leg"
"PASS: ""Hqq PhotonWard is scalar and exact"
"PASS: ""Hqq PhotonWard"
"Hqq"" Born ""GluonWard"
"PASS: ""Hqq has one generated gluon leg"
"PASS: ""Hqq GluonWard is scalar and exact"
"PASS: ""Hqq GluonWard"
"AuxHgq"" Born ""Pg"
"PASS: ""AuxHgq has one generated gluon leg"
"PASS: ""AuxHgq Pg is scalar and exact"
"AuxHgq"" Born ""Ppp"
"PASS: ""AuxHgq has one generated gluon leg"
"PASS: ""AuxHgq Ppp is scalar and exact"
"AuxHgq"" Born ""PhotonWard"
"PASS: ""AuxHgq has one generated gluon leg"
"PASS: ""AuxHgq PhotonWard is scalar and exact"
"PASS: ""AuxHgq PhotonWard"
"AuxHgq"" Born ""GluonWard"
"PASS: ""AuxHgq has one generated gluon leg"
"PASS: ""AuxHgq GluonWard is scalar and exact"
"PASS: ""AuxHgq GluonWard"
"AuxHqg"" Born ""Pg"
"PASS: ""AuxHqg has one generated gluon leg"
"PASS: ""AuxHqg Pg is scalar and exact"
"AuxHqg"" Born ""Ppp"
"PASS: ""AuxHqg has one generated gluon leg"
"PASS: ""AuxHqg Ppp is scalar and exact"
"AuxHqg"" Born ""PhotonWard"
"PASS: ""AuxHqg has one generated gluon leg"
"PASS: ""AuxHqg PhotonWard is scalar and exact"
"PASS: ""AuxHqg PhotonWard"
"AuxHqg"" Born ""GluonWard"
"PASS: ""AuxHqg has one generated gluon leg"
"PASS: ""AuxHqg GluonWard is scalar and exact"
"PASS: ""AuxHqg GluonWard"
"PASS: ""derived projectors equal paper Eq. 9"
"PASS: ""invariant equations reconstruct exactly"
"Hqq Born Pg = "InputForm[((-2 + D)*(-1 + SUNN)*(1 + SUNN)*(4*Q2^2 + 4*Q2*s - 2*s^2 + D*s^2 + 4*Q2*t - 8*s*t + 2*D*s*t - 2*t^2 + D*t^2))/(2*s*SUNN*t)]
"Hqq Born Ppp = "InputForm[((-2 + D)*(-1 + SUNN)*(1 + SUNN)*(Q2 + s + t))/(2*SUNN)]
"S02_SUCCESS; peak kernel memory = "270869144
MONITOR_WAKE {"stage": "s02", "source": "s02_born_and_projectors.wl", "source_sha256": "a3671e72f49871a6268c4fcec05364c102a4572baeae1bd6d2414479dee12776", "job_id": "14688987", "host": "n7440", "exit_code": 0, "success_marker": true, "accepted_execution": true, "guard": null, "peak_rss_bytes": 338800640, "elapsed_seconds": 18.731585770845413, "completed_utc": "2026-09-06T17:17:48.242520+00:00"}
