MONITOR_START job=14689094 host=n6405 kernel_pid=102006
"PASS: ""S01 source identity"
"PASS: ""S02 source identity"
"Generated tagging weights = "InputForm[<|"RealQGG" -> 1/2, "RealSame" -> 1, "RealDistinct" -> 1|>]
"PASS: ""photon-bearing open chains are present"
"PASS: ""each distinct diagram has one identified charge degree"
"PASS: ""photon-bearing open chains are present"
"PASS: ""each distinct diagram has one identified charge degree"
"PASS: ""photon-bearing open chains are present"
"PASS: ""each distinct diagram has one identified charge degree"
"PASS: ""photon-bearing open chains are present"
"PASS: ""each distinct diagram has one identified charge degree"
"PASS: ""distinct flavor count evaluated exactly"
"PASS: ""workers share allocated compute node and runtime"
"From remote kernel:"
"Style[\"Loading FeynCalc from /u/home/r/rushil/.Mathematica/Applications/FeynCalc/\", \"Text\"]\n"
"From remote kernel:"
"Style[\"Loading FeynCalc from /u/home/r/rushil/.Mathematica/Applications/FeynCalc/\", \"Text\"]\n"
"From remote kernel:"
"Style[\"Loading FeynCalc from /u/home/r/rushil/.Mathematica/Applications/FeynCalc/\", \"Text\"]\n"
"From remote kernel:"
"Style[\"Loading FeynCalc from /u/home/r/rushil/.Mathematica/Applications/FeynCalc/\", \"Text\"]\n"
"From remote kernel:"
"Style[\"Loading FeynCalc from /u/home/r/rushil/.Mathematica/Applications/FeynCalc/\", \"Text\"]\n"
"From remote kernel:"
"Style[\"Loading FeynCalc from /u/home/r/rushil/.Mathematica/Applications/FeynCalc/\", \"Text\"]\n"
"From remote kernel:"
"Style[\"Loading FeynCalc from /u/home/r/rushil/.Mathematica/Applications/FeynCalc/\", \"Text\"]\n"
"From remote kernel:"
"Style[\"Loading FeynCalc from /u/home/r/rushil/.Mathematica/Applications/FeynCalc/\", \"Text\"]\n"
"From remote kernel:"
"$PrePrint is set to FeynCalcForm. Use FI and FC to change the display format.\n"
"From remote kernel:"
"Style[\"FeynCalc \", \"Text\", Bold]Style[\"10.2.1 (stable version). For help, use the \", \"Text\"]Style[DisplayForm[ButtonBox[\"online documentation,\", ButtonData :> {URL[\"https://feyncalc.github.io/referenceDev\"], None}, BaseStyle -> \"Hyperlink\", ButtonNote -> \"https://feyncalc.github.io/referenceDev\"]], \"Text\"]Style[\" visit the \", \"Text\"]Style[DisplayForm[ButtonBox[\"forum\", ButtonData :> {URL[\"https://github.com/FeynCalc/feyncalc/discussions\"], None}, BaseStyle -> \"Hyperlink\", ButtonNote -> \"https://github.com/FeynCalc/feyncalc/discussions/\"]], \"Text\"]Style[\" and have a look at the supplied \", \"Text\"]Style[DisplayForm[ButtonBox[\"examples.\", BaseStyle -> \"Hyperlink\", ButtonFunction :> SystemOpen[FileNameJoin[{$FeynCalcDirectory, \"Examples\"}]], Evaluator -> Automatic, Method -> \"Preemptive\"]], \"Text\"]Style[\" The PDF-version of the manual can be downloaded \", \"Text\"]Style[DisplayForm[ButtonBox[\"here.\", ButtonData :> {URL[\"https://github.com/FeynCalc/feyncalc-manual/releases/download/dev-manual/FeynCalcManual.pdf\"], None}, BaseStyle -> \"Hyperlink\", ButtonNote -> \"https://github.com/FeynCalc/feyncalc-manual/releases/download/dev-manual/FeynCalcManual.pdf\"]], \"Text\"]\n"
"From remote kernel:"
"$PrePrint is set to FeynCalcForm. Use FI and FC to change the display format.\n"
"From remote kernel:"
"Style[\"If you use FeynCalc in your research, please evaluate FeynCalcHowToCite[] to learn how to cite this software.\", \"Text\"]\n"
"From remote kernel:"
"Style[\"Please keep in mind that the proper academic attribution of our work is crucial to ensure the future development of this package!\", {\"Text\", Italic}]\n"
"From remote kernel:"
"Style[\"FeynCalc \", \"Text\", Bold]Style[\"10.2.1 (stable version). For help, use the \", \"Text\"]Style[DisplayForm[ButtonBox[\"online documentation,\", ButtonData :> {URL[\"https://feyncalc.github.io/referenceDev\"], None}, BaseStyle -> \"Hyperlink\", ButtonNote -> \"https://feyncalc.github.io/referenceDev\"]], \"Text\"]Style[\" visit the \", \"Text\"]Style[DisplayForm[ButtonBox[\"forum\", ButtonData :> {URL[\"https://github.com/FeynCalc/feyncalc/discussions\"], None}, BaseStyle -> \"Hyperlink\", ButtonNote -> \"https://github.com/FeynCalc/feyncalc/discussions/\"]], \"Text\"]Style[\" and have a look at the supplied \", \"Text\"]Style[DisplayForm[ButtonBox[\"examples.\", BaseStyle -> \"Hyperlink\", ButtonFunction :> SystemOpen[FileNameJoin[{$FeynCalcDirectory, \"Examples\"}]], Evaluator -> Automatic, Method -> \"Preemptive\"]], \"Text\"]Style[\" The PDF-version of the manual can be downloaded \", \"Text\"]Style[DisplayForm[ButtonBox[\"here.\", ButtonData :> {URL[\"https://github.com/FeynCalc/feyncalc-manual/releases/download/dev-manual/FeynCalcManual.pdf\"], None}, BaseStyle -> \"Hyperlink\", ButtonNote -> \"https://github.com/FeynCalc/feyncalc-manual/releases/download/dev-manual/FeynCalcManual.pdf\"]], \"Text\"]\n"
"From remote kernel:"
"Style[\"If you use FeynCalc in your research, please evaluate FeynCalcHowToCite[] to learn how to cite this software.\", \"Text\"]\n"
"From remote kernel:"
"Style[\"Please keep in mind that the proper academic attribution of our work is crucial to ensure the future development of this package!\", {\"Text\", Italic}]\n"
"From remote kernel:"
"$PrePrint is set to FeynCalcForm. Use FI and FC to change the display format.\n"
"From remote kernel:"
"Style[\"FeynCalc \", \"Text\", Bold]Style[\"10.2.1 (stable version). For help, use the \", \"Text\"]Style[DisplayForm[ButtonBox[\"online documentation,\", ButtonData :> {URL[\"https://feyncalc.github.io/referenceDev\"], None}, BaseStyle -> \"Hyperlink\", ButtonNote -> \"https://feyncalc.github.io/referenceDev\"]], \"Text\"]Style[\" visit the \", \"Text\"]Style[DisplayForm[ButtonBox[\"forum\", ButtonData :> {URL[\"https://github.com/FeynCalc/feyncalc/discussions\"], None}, BaseStyle -> \"Hyperlink\", ButtonNote -> \"https://github.com/FeynCalc/feyncalc/discussions/\"]], \"Text\"]Style[\" and have a look at the supplied \", \"Text\"]Style[DisplayForm[ButtonBox[\"examples.\", BaseStyle -> \"Hyperlink\", ButtonFunction :> SystemOpen[FileNameJoin[{$FeynCalcDirectory, \"Examples\"}]], Evaluator -> Automatic, Method -> \"Preemptive\"]], \"Text\"]Style[\" The PDF-version of the manual can be downloaded \", \"Text\"]Style[DisplayForm[ButtonBox[\"here.\", ButtonData :> {URL[\"https://github.com/FeynCalc/feyncalc-manual/releases/download/dev-manual/FeynCalcManual.pdf\"], None}, BaseStyle -> \"Hyperlink\", ButtonNote -> \"https://github.com/FeynCalc/feyncalc-manual/releases/download/dev-manual/FeynCalcManual.pdf\"]], \"Text\"]\n"
"From remote kernel:"
"$PrePrint is set to FeynCalcForm. Use FI and FC to change the display format.\n"
"From remote kernel:"
"$PrePrint is set to FeynCalcForm. Use FI and FC to change the display format.\n"
"From remote kernel:"
"Style[\"If you use FeynCalc in your research, please evaluate FeynCalcHowToCite[] to learn how to cite this software.\", \"Text\"]\n"
"From remote kernel:"
"$PrePrint is set to FeynCalcForm. Use FI and FC to change the display format.\n"
"From remote kernel:"
"Style[\"Please keep in mind that the proper academic attribution of our work is crucial to ensure the future development of this package!\", {\"Text\", Italic}]\n"
"From remote kernel:"
"Style[\"FeynCalc \", \"Text\", Bold]Style[\"10.2.1 (stable version). For help, use the \", \"Text\"]Style[DisplayForm[ButtonBox[\"online documentation,\", ButtonData :> {URL[\"https://feyncalc.github.io/referenceDev\"], None}, BaseStyle -> \"Hyperlink\", ButtonNote -> \"https://feyncalc.github.io/referenceDev\"]], \"Text\"]Style[\" visit the \", \"Text\"]Style[DisplayForm[ButtonBox[\"forum\", ButtonData :> {URL[\"https://github.com/FeynCalc/feyncalc/discussions\"], None}, BaseStyle -> \"Hyperlink\", ButtonNote -> \"https://github.com/FeynCalc/feyncalc/discussions/\"]], \"Text\"]Style[\" and have a look at the supplied \", \"Text\"]Style[DisplayForm[ButtonBox[\"examples.\", BaseStyle -> \"Hyperlink\", ButtonFunction :> SystemOpen[FileNameJoin[{$FeynCalcDirectory, \"Examples\"}]], Evaluator -> Automatic, Method -> \"Preemptive\"]], \"Text\"]Style[\" The PDF-version of the manual can be downloaded \", \"Text\"]Style[DisplayForm[ButtonBox[\"here.\", ButtonData :> {URL[\"https://github.com/FeynCalc/feyncalc-manual/releases/download/dev-manual/FeynCalcManual.pdf\"], None}, BaseStyle -> \"Hyperlink\", ButtonNote -> \"https://github.com/FeynCalc/feyncalc-manual/releases/download/dev-manual/FeynCalcManual.pdf\"]], \"Text\"]\n"
"From remote kernel:"
"$PrePrint is set to FeynCalcForm. Use FI and FC to change the display format.\n"
"From remote kernel:"
"Style[\"FeynCalc \", \"Text\", Bold]Style[\"10.2.1 (stable version). For help, use the \", \"Text\"]Style[DisplayForm[ButtonBox[\"online documentation,\", ButtonData :> {URL[\"https://feyncalc.github.io/referenceDev\"], None}, BaseStyle -> \"Hyperlink\", ButtonNote -> \"https://feyncalc.github.io/referenceDev\"]], \"Text\"]Style[\" visit the \", \"Text\"]Style[DisplayForm[ButtonBox[\"forum\", ButtonData :> {URL[\"https://github.com/FeynCalc/feyncalc/discussions\"], None}, BaseStyle -> \"Hyperlink\", ButtonNote -> \"https://github.com/FeynCalc/feyncalc/discussions/\"]], \"Text\"]Style[\" and have a look at the supplied \", \"Text\"]Style[DisplayForm[ButtonBox[\"examples.\", BaseStyle -> \"Hyperlink\", ButtonFunction :> SystemOpen[FileNameJoin[{$FeynCalcDirectory, \"Examples\"}]], Evaluator -> Automatic, Method -> \"Preemptive\"]], \"Text\"]Style[\" The PDF-version of the manual can be downloaded \", \"Text\"]Style[DisplayForm[ButtonBox[\"here.\", ButtonData :> {URL[\"https://github.com/FeynCalc/feyncalc-manual/releases/download/dev-manual/FeynCalcManual.pdf\"], None}, BaseStyle -> \"Hyperlink\", ButtonNote -> \"https://github.com/FeynCalc/feyncalc-manual/releases/download/dev-manual/FeynCalcManual.pdf\"]], \"Text\"]\n"
"From remote kernel:"
"Style[\"FeynCalc \", \"Text\", Bold]Style[\"10.2.1 (stable version). For help, use the \", \"Text\"]Style[DisplayForm[ButtonBox[\"online documentation,\", ButtonData :> {URL[\"https://feyncalc.github.io/referenceDev\"], None}, BaseStyle -> \"Hyperlink\", ButtonNote -> \"https://feyncalc.github.io/referenceDev\"]], \"Text\"]Style[\" visit the \", \"Text\"]Style[DisplayForm[ButtonBox[\"forum\", ButtonData :> {URL[\"https://github.com/FeynCalc/feyncalc/discussions\"], None}, BaseStyle -> \"Hyperlink\", ButtonNote -> \"https://github.com/FeynCalc/feyncalc/discussions/\"]], \"Text\"]Style[\" and have a look at the supplied \", \"Text\"]Style[DisplayForm[ButtonBox[\"examples.\", BaseStyle -> \"Hyperlink\", ButtonFunction :> SystemOpen[FileNameJoin[{$FeynCalcDirectory, \"Examples\"}]], Evaluator -> Automatic, Method -> \"Preemptive\"]], \"Text\"]Style[\" The PDF-version of the manual can be downloaded \", \"Text\"]Style[DisplayForm[ButtonBox[\"here.\", ButtonData :> {URL[\"https://github.com/FeynCalc/feyncalc-manual/releases/download/dev-manual/FeynCalcManual.pdf\"], None}, BaseStyle -> \"Hyperlink\", ButtonNote -> \"https://github.com/FeynCalc/feyncalc-manual/releases/download/dev-manual/FeynCalcManual.pdf\"]], \"Text\"]\n"
"From remote kernel:"
"Style[\"If you use FeynCalc in your research, please evaluate FeynCalcHowToCite[] to learn how to cite this software.\", \"Text\"]\n"
"From remote kernel:"
"Style[\"If you use FeynCalc in your research, please evaluate FeynCalcHowToCite[] to learn how to cite this software.\", \"Text\"]\n"
"From remote kernel:"
"Style[\"If you use FeynCalc in your research, please evaluate FeynCalcHowToCite[] to learn how to cite this software.\", \"Text\"]\n"
"From remote kernel:"
"Style[\"Please keep in mind that the proper academic attribution of our work is crucial to ensure the future development of this package!\", {\"Text\", Italic}]\n"
"From remote kernel:"
"Style[\"Please keep in mind that the proper academic attribution of our work is crucial to ensure the future development of this package!\", {\"Text\", Italic}]\n"
"From remote kernel:"
"Style[\"Please keep in mind that the proper academic attribution of our work is crucial to ensure the future development of this package!\", {\"Text\", Italic}]\n"
"From remote kernel:"
"Style[\"FeynCalc \", \"Text\", Bold]Style[\"10.2.1 (stable version). For help, use the \", \"Text\"]Style[DisplayForm[ButtonBox[\"online documentation,\", ButtonData :> {URL[\"https://feyncalc.github.io/referenceDev\"], None}, BaseStyle -> \"Hyperlink\", ButtonNote -> \"https://feyncalc.github.io/referenceDev\"]], \"Text\"]Style[\" visit the \", \"Text\"]Style[DisplayForm[ButtonBox[\"forum\", ButtonData :> {URL[\"https://github.com/FeynCalc/feyncalc/discussions\"], None}, BaseStyle -> \"Hyperlink\", ButtonNote -> \"https://github.com/FeynCalc/feyncalc/discussions/\"]], \"Text\"]Style[\" and have a look at the supplied \", \"Text\"]Style[DisplayForm[ButtonBox[\"examples.\", BaseStyle -> \"Hyperlink\", ButtonFunction :> SystemOpen[FileNameJoin[{$FeynCalcDirectory, \"Examples\"}]], Evaluator -> Automatic, Method -> \"Preemptive\"]], \"Text\"]Style[\" The PDF-version of the manual can be downloaded \", \"Text\"]Style[DisplayForm[ButtonBox[\"here.\", ButtonData :> {URL[\"https://github.com/FeynCalc/feyncalc-manual/releases/download/dev-manual/FeynCalcManual.pdf\"], None}, BaseStyle -> \"Hyperlink\", ButtonNote -> \"https://github.com/FeynCalc/feyncalc-manual/releases/download/dev-manual/FeynCalcManual.pdf\"]], \"Text\"]\n"
"From remote kernel:"
"Style[\"If you use FeynCalc in your research, please evaluate FeynCalcHowToCite[] to learn how to cite this software.\", \"Text\"]\n"
"From remote kernel:"
"$PrePrint is set to FeynCalcForm. Use FI and FC to change the display format.\n"
"From remote kernel:"
"Style[\"Please keep in mind that the proper academic attribution of our work is crucial to ensure the future development of this package!\", {\"Text\", Italic}]\n"
"From remote kernel:"
"Style[\"FeynCalc \", \"Text\", Bold]Style[\"10.2.1 (stable version). For help, use the \", \"Text\"]Style[DisplayForm[ButtonBox[\"online documentation,\", ButtonData :> {URL[\"https://feyncalc.github.io/referenceDev\"], None}, BaseStyle -> \"Hyperlink\", ButtonNote -> \"https://feyncalc.github.io/referenceDev\"]], \"Text\"]Style[\" visit the \", \"Text\"]Style[DisplayForm[ButtonBox[\"forum\", ButtonData :> {URL[\"https://github.com/FeynCalc/feyncalc/discussions\"], None}, BaseStyle -> \"Hyperlink\", ButtonNote -> \"https://github.com/FeynCalc/feyncalc/discussions/\"]], \"Text\"]Style[\" and have a look at the supplied \", \"Text\"]Style[DisplayForm[ButtonBox[\"examples.\", BaseStyle -> \"Hyperlink\", ButtonFunction :> SystemOpen[FileNameJoin[{$FeynCalcDirectory, \"Examples\"}]], Evaluator -> Automatic, Method -> \"Preemptive\"]], \"Text\"]Style[\" The PDF-version of the manual can be downloaded \", \"Text\"]Style[DisplayForm[ButtonBox[\"here.\", ButtonData :> {URL[\"https://github.com/FeynCalc/feyncalc-manual/releases/download/dev-manual/FeynCalcManual.pdf\"], None}, BaseStyle -> \"Hyperlink\", ButtonNote -> \"https://github.com/FeynCalc/feyncalc-manual/releases/download/dev-manual/FeynCalcManual.pdf\"]], \"Text\"]\n"
"From remote kernel:"
"Style[\"If you use FeynCalc in your research, please evaluate FeynCalcHowToCite[] to learn how to cite this software.\", \"Text\"]\n"
"From remote kernel:"
"Style[\"Please keep in mind that the proper academic attribution of our work is crucial to ensure the future development of this package!\", {\"Text\", Italic}]\n"
"Independent-pair worker count = "8
"From remote kernel:"
"\"RealQGG\"\" \"\"Pg\"\" pair \"1\",\"1\"; kernel \"1\"; memory \"82528408\n"
"From remote kernel:"
"\"RealQGG\"\" \"\"Pg\"\" pair \"1\",\"2\"; kernel \"2\"; memory \"82532824\n"
"From remote kernel:"
"\"RealQGG\"\" \"\"Pg\"\" pair \"1\",\"3\"; kernel \"3\"; memory \"82532816\n"
"From remote kernel:"
"\"RealQGG\"\" \"\"Pg\"\" pair \"1\",\"4\"; kernel \"4\"; memory \"82532752\n"
"From remote kernel:"
"\"RealQGG\"\" \"\"Pg\"\" pair \"1\",\"5\"; kernel \"5\"; memory \"82532824\n"
"From remote kernel:"
"\"RealQGG\"\" \"\"Pg\"\" pair \"1\",\"6\"; kernel \"6\"; memory \"82533064\n"
"From remote kernel:"
"\"RealQGG\"\" \"\"Pg\"\" pair \"1\",\"7\"; kernel \"7\"; memory \"82528640\n"
"From remote kernel:"
"\"RealQGG\"\" \"\"Pg\"\" pair \"1\",\"8\"; kernel \"8\"; memory \"82532976\n"
MONITOR_HEARTBEAT elapsed=30s rss=1604.4MiB peak=1604.4MiB
"From remote kernel:"
"\"PASS: \"\"pair is scalar and exact\"\n"
"From remote kernel:"
"\"RealQGG\"\" \"\"Pg\"\" pair \"2\",\"2\"; kernel \"8\"; memory \"92007032\n"
"From remote kernel:"
"\"PASS: \"\"pair is scalar and exact\"\n"
"From remote kernel:"
"\"RealQGG\"\" \"\"Pg\"\" pair \"2\",\"3\"; kernel \"7\"; memory \"90557128\n"
"From remote kernel:"
"\"PASS: \"\"pair is scalar and exact\"\n"
"From remote kernel:"
"\"PASS: \"\"pair is scalar and exact\"\n"
"From remote kernel:"
"\"RealQGG\"\" \"\"Pg\"\" pair \"2\",\"4\"; kernel \"4\"; memory \"104014056\n"
"From remote kernel:"
"\"RealQGG\"\" \"\"Pg\"\" pair \"2\",\"5\"; kernel \"5\"; memory \"95849232\n"
"From remote kernel:"
"\"PASS: \"\"pair is scalar and exact\"\n"
"From remote kernel:"
"\"RealQGG\"\" \"\"Pg\"\" pair \"2\",\"6\"; kernel \"3\"; memory \"94095968\n"
"From remote kernel:"
"\"PASS: \"\"pair is scalar and exact\"\n"
"From remote kernel:"
"\"RealQGG\"\" \"\"Pg\"\" pair \"2\",\"7\"; kernel \"6\"; memory \"93871328\n"
"From remote kernel:"
"\"PASS: \"\"pair is scalar and exact\"\n"
"From remote kernel:"
"\"RealQGG\"\" \"\"Pg\"\" pair \"2\",\"8\"; kernel \"1\"; memory \"89740688\n"
"From remote kernel:"
"\"PASS: \"\"pair is scalar and exact\"\n"
"From remote kernel:"
"\"RealQGG\"\" \"\"Pg\"\" pair \"3\",\"3\"; kernel \"6\"; memory \"98954424\n"
"From remote kernel:"
"\"PASS: \"\"pair is scalar and exact\"\n"
"From remote kernel:"
"\"RealQGG\"\" \"\"Pg\"\" pair \"3\",\"4\"; kernel \"1\"; memory \"100036112\n"
"From remote kernel:"
"\"PASS: \"\"pair is scalar and exact\"\n"
"From remote kernel:"
"\"RealQGG\"\" \"\"Pg\"\" pair \"3\",\"5\"; kernel \"2\"; memory \"130870288\n"
"From remote kernel:"
"\"PASS: \"\"pair is scalar and exact\"\n"
"From remote kernel:"
"\"RealQGG\"\" \"\"Pg\"\" pair \"3\",\"6\"; kernel \"7\"; memory \"114055000\n"
"From remote kernel:"
"\"PASS: \"\"pair is scalar and exact\"\n"
"From remote kernel:"
"\"RealQGG\"\" \"\"Pg\"\" pair \"3\",\"7\"; kernel \"4\"; memory \"111045160\n"
"From remote kernel:"
"\"PASS: \"\"pair is scalar and exact\"\n"
"From remote kernel:"
"\"RealQGG\"\" \"\"Pg\"\" pair \"3\",\"8\"; kernel \"5\"; memory \"118549368\n"
"From remote kernel:"
"\"PASS: \"\"pair is scalar and exact\"\n"
"From remote kernel:"
"\"RealQGG\"\" \"\"Pg\"\" pair \"4\",\"4\"; kernel \"8\"; memory \"123875360\n"
"From remote kernel:"
"\"PASS: \"\"pair is scalar and exact\"\n"
"From remote kernel:"
"\"RealQGG\"\" \"\"Pg\"\" pair \"4\",\"5\"; kernel \"6\"; memory \"103577440\n"
"From remote kernel:"
"\"PASS: \"\"pair is scalar and exact\"\n"
"From remote kernel:"
"\"RealQGG\"\" \"\"Pg\"\" pair \"4\",\"6\"; kernel \"3\"; memory \"120950864\n"
"From remote kernel:"
"\"PASS: \"\"pair is scalar and exact\"\n"
"From remote kernel:"
"\"RealQGG\"\" \"\"Pg\"\" pair \"4\",\"7\"; kernel \"4\"; memory \"115517344\n"
"From remote kernel:"
"\"PASS: \"\"pair is scalar and exact\"\n"
"From remote kernel:"
"\"RealQGG\"\" \"\"Pg\"\" pair \"4\",\"8\"; kernel \"8\"; memory \"125763832\n"
"From remote kernel:"
"\"PASS: \"\"pair is scalar and exact\"\n"
"From remote kernel:"
"\"RealQGG\"\" \"\"Pg\"\" pair \"5\",\"5\"; kernel \"5\"; memory \"125509176\n"
"From remote kernel:"
"\"PASS: \"\"pair is scalar and exact\"\n"
"From remote kernel:"
"\"RealQGG\"\" \"\"Pg\"\" pair \"5\",\"6\"; kernel \"7\"; memory \"123515352\n"
"From remote kernel:"
"\"PASS: \"\"pair is scalar and exact\"\n"
"From remote kernel:"
"\"RealQGG\"\" \"\"Pg\"\" pair \"5\",\"7\"; kernel \"1\"; memory \"104448768\n"
"From remote kernel:"
"\"PASS: \"\"pair is scalar and exact\"\n"
"From remote kernel:"
"\"RealQGG\"\" \"\"Pg\"\" pair \"5\",\"8\"; kernel \"2\"; memory \"135468448\n"
"From remote kernel:"
"\"PASS: \"\"pair is scalar and exact\"\n"
"From remote kernel:"
"\"RealQGG\"\" \"\"Pg\"\" pair \"6\",\"6\"; kernel \"6\"; memory \"107392992\n"
"From remote kernel:"
"\"PASS: \"\"pair is scalar and exact\"\n"
"From remote kernel:"
"\"RealQGG\"\" \"\"Pg\"\" pair \"6\",\"7\"; kernel \"4\"; memory \"122128568\n"
"From remote kernel:"
"\"PASS: \"\"pair is scalar and exact\"\n"
"From remote kernel:"
"\"RealQGG\"\" \"\"Pg\"\" pair \"6\",\"8\"; kernel \"8\"; memory \"129845640\n"
"From remote kernel:"
"\"PASS: \"\"pair is scalar and exact\"\n"
"From remote kernel:"
"\"RealQGG\"\" \"\"Pg\"\" pair \"7\",\"7\"; kernel \"3\"; memory \"124995848\n"
"From remote kernel:"
"\"PASS: \"\"pair is scalar and exact\"\n"
"From remote kernel:"
"\"PASS: \"\"pair is scalar and exact\"\n"
"From remote kernel:"
"\"RealQGG\"\" \"\"Pg\"\" pair \"7\",\"8\"; kernel \"5\"; memory \"127510544\n"
"From remote kernel:"
"\"RealQGG\"\" \"\"Pg\"\" pair \"8\",\"8\"; kernel \"1\"; memory \"108162808\n"
"From remote kernel:"
"\"PASS: \"\"pair is scalar and exact\"\n"
"From remote kernel:"
"\"PASS: \"\"pair is scalar and exact\"\n"
"From remote kernel:"
"\"PASS: \"\"pair is scalar and exact\"\n"
"From remote kernel:"
"\"PASS: \"\"pair is scalar and exact\"\n"
"From remote kernel:"
"\"PASS: \"\"pair is scalar and exact\"\n"
"From remote kernel:"
"\"PASS: \"\"pair is scalar and exact\"\n"
"From remote kernel:"
"\"PASS: \"\"pair is scalar and exact\"\n"
MONITOR_HEARTBEAT elapsed=61s rss=1907.6MiB peak=1907.6MiB
"From remote kernel:"
"\"PASS: \"\"pair is scalar and exact\"\n"
"PASS: ""RealQGG Pg pairs complete"
"RealQGG_Charge0"" ""Pg"": combining "36" pairs"
"RealQGG_Charge0__Pg"" complete; leaves = "23884
"From remote kernel:"
"\"RealQGG\"\" \"\"Ppp\"\" pair \"1\",\"1\"; kernel \"1\"; memory \"109573032\n"
"From remote kernel:"
"\"RealQGG\"\" \"\"Ppp\"\" pair \"1\",\"2\"; kernel \"2\"; memory \"140360768\n"
"From remote kernel:"
"\"RealQGG\"\" \"\"Ppp\"\" pair \"1\",\"3\"; kernel \"3\"; memory \"126547072\n"
"From remote kernel:"
"\"RealQGG\"\" \"\"Ppp\"\" pair \"1\",\"4\"; kernel \"4\"; memory \"126146192\n"
"From remote kernel:"
"\"RealQGG\"\" \"\"Ppp\"\" pair \"1\",\"5\"; kernel \"5\"; memory \"129672504\n"
"From remote kernel:"
"\"RealQGG\"\" \"\"Ppp\"\" pair \"1\",\"6\"; kernel \"6\"; memory \"110135552\n"
"From remote kernel:"
"\"RealQGG\"\" \"\"Ppp\"\" pair \"1\",\"7\"; kernel \"7\"; memory \"126313352\n"
"From remote kernel:"
"\"RealQGG\"\" \"\"Ppp\"\" pair \"1\",\"8\"; kernel \"8\"; memory \"136390672\n"
"From remote kernel:"
"\"PASS: \"\"pair is scalar and exact\"\n"
"From remote kernel:"
"\"RealQGG\"\" \"\"Ppp\"\" pair \"2\",\"2\"; kernel \"7\"; memory \"127502328\n"
"From remote kernel:"
"\"PASS: \"\"pair is scalar and exact\"\n"
"From remote kernel:"
"\"RealQGG\"\" \"\"Ppp\"\" pair \"2\",\"3\"; kernel \"8\"; memory \"137525776\n"
"From remote kernel:"
"\"PASS: \"\"pair is scalar and exact\"\n"
"From remote kernel:"
"\"RealQGG\"\" \"\"Ppp\"\" pair \"2\",\"4\"; kernel \"4\"; memory \"127551400\n"
"From remote kernel:"
"\"PASS: \"\"pair is scalar and exact\"\n"
"From remote kernel:"
"\"RealQGG\"\" \"\"Ppp\"\" pair \"2\",\"5\"; kernel \"5\"; memory \"131474176\n"
"From remote kernel:"
"\"PASS: \"\"pair is scalar and exact\"\n"
"From remote kernel:"
"\"RealQGG\"\" \"\"Ppp\"\" pair \"2\",\"6\"; kernel \"3\"; memory \"128391392\n"
"From remote kernel:"
"\"PASS: \"\"pair is scalar and exact\"\n"
"From remote kernel:"
"\"RealQGG\"\" \"\"Ppp\"\" pair \"2\",\"7\"; kernel \"6\"; memory \"111921992\n"
"From remote kernel:"
"\"PASS: \"\"pair is scalar and exact\"\n"
"From remote kernel:"
"\"RealQGG\"\" \"\"Ppp\"\" pair \"2\",\"8\"; kernel \"1\"; memory \"111941968\n"
"From remote kernel:"
"\"PASS: \"\"pair is scalar and exact\"\n"
"From remote kernel:"
"\"RealQGG\"\" \"\"Ppp\"\" pair \"3\",\"3\"; kernel \"2\"; memory \"143035280\n"
"From remote kernel:"
"\"PASS: \"\"pair is scalar and exact\"\n"
"From remote kernel:"
"\"RealQGG\"\" \"\"Ppp\"\" pair \"3\",\"4\"; kernel \"6\"; memory \"112861024\n"
"From remote kernel:"
"\"PASS: \"\"pair is scalar and exact\"\n"
"From remote kernel:"
"\"PASS: \"\"pair is scalar and exact\"\n"
"From remote kernel:"
"\"RealQGG\"\" \"\"Ppp\"\" pair \"3\",\"5\"; kernel \"4\"; memory \"129034760\n"
"From remote kernel:"
"\"RealQGG\"\" \"\"Ppp\"\" pair \"3\",\"6\"; kernel \"8\"; memory \"140936368\n"
"From remote kernel:"
"\"PASS: \"\"pair is scalar and exact\"\n"
"From remote kernel:"
"\"RealQGG\"\" \"\"Ppp\"\" pair \"3\",\"7\"; kernel \"7\"; memory \"130953280\n"
"From remote kernel:"
"\"PASS: \"\"pair is scalar and exact\"\n"
"From remote kernel:"
"\"RealQGG\"\" \"\"Ppp\"\" pair \"3\",\"8\"; kernel \"1\"; memory \"113658768\n"
"From remote kernel:"
"\"PASS: \"\"pair is scalar and exact\"\n"
"From remote kernel:"
"\"RealQGG\"\" \"\"Ppp\"\" pair \"4\",\"4\"; kernel \"2\"; memory \"148066184\n"
"From remote kernel:"
"\"PASS: \"\"pair is scalar and exact\"\n"
"From remote kernel:"
"\"RealQGG\"\" \"\"Ppp\"\" pair \"4\",\"5\"; kernel \"5\"; memory \"132963368\n"
"From remote kernel:"
"\"PASS: \"\"pair is scalar and exact\"\n"
"From remote kernel:"
"\"RealQGG\"\" \"\"Ppp\"\" pair \"4\",\"6\"; kernel \"3\"; memory \"130169544\n"
"From remote kernel:"
"\"PASS: \"\"pair is scalar and exact\"\n"
"From remote kernel:"
"\"RealQGG\"\" \"\"Ppp\"\" pair \"4\",\"7\"; kernel \"7\"; memory \"133341920\n"
"From remote kernel:"
"\"PASS: \"\"pair is scalar and exact\"\n"
"From remote kernel:"
"\"RealQGG\"\" \"\"Ppp\"\" pair \"4\",\"8\"; kernel \"6\"; memory \"116403544\n"
"From remote kernel:"
"\"PASS: \"\"pair is scalar and exact\"\n"
"From remote kernel:"
"\"RealQGG\"\" \"\"Ppp\"\" pair \"5\",\"5\"; kernel \"1\"; memory \"116949144\n"
"From remote kernel:"
"\"PASS: \"\"pair is scalar and exact\"\n"
"From remote kernel:"
"\"RealQGG\"\" \"\"Ppp\"\" pair \"5\",\"6\"; kernel \"2\"; memory \"149873232\n"
"From remote kernel:"
"\"PASS: \"\"pair is scalar and exact\"\n"
"From remote kernel:"
"\"RealQGG\"\" \"\"Ppp\"\" pair \"5\",\"7\"; kernel \"8\"; memory \"143537136\n"
"From remote kernel:"
"\"PASS: \"\"pair is scalar and exact\"\n"
"From remote kernel:"
"\"RealQGG\"\" \"\"Ppp\"\" pair \"5\",\"8\"; kernel \"4\"; memory \"131077064\n"
"From remote kernel:"
"\"PASS: \"\"pair is scalar and exact\"\n"
"From remote kernel:"
"\"RealQGG\"\" \"\"Ppp\"\" pair \"6\",\"6\"; kernel \"5\"; memory \"135464512\n"
"From remote kernel:"
"\"PASS: \"\"pair is scalar and exact\"\n"
"From remote kernel:"
"\"RealQGG\"\" \"\"Ppp\"\" pair \"6\",\"7\"; kernel \"3\"; memory \"131347304\n"
"From remote kernel:"
"\"PASS: \"\"pair is scalar and exact\"\n"
"From remote kernel:"
"\"RealQGG\"\" \"\"Ppp\"\" pair \"6\",\"8\"; kernel \"6\"; memory \"118837400\n"
"From remote kernel:"
"\"PASS: \"\"pair is scalar and exact\"\n"
"From remote kernel:"
"\"RealQGG\"\" \"\"Ppp\"\" pair \"7\",\"7\"; kernel \"7\"; memory \"136180216\n"
"From remote kernel:"
"\"PASS: \"\"pair is scalar and exact\"\n"
"From remote kernel:"
"\"RealQGG\"\" \"\"Ppp\"\" pair \"7\",\"8\"; kernel \"1\"; memory \"118629136\n"
"From remote kernel:"
"\"PASS: \"\"pair is scalar and exact\"\n"
"From remote kernel:"
"\"RealQGG\"\" \"\"Ppp\"\" pair \"8\",\"8\"; kernel \"8\"; memory \"145979584\n"
"From remote kernel:"
"\"PASS: \"\"pair is scalar and exact\"\n"
"From remote kernel:"
"\"PASS: \"\"pair is scalar and exact\"\n"
"From remote kernel:"
"\"PASS: \"\"pair is scalar and exact\"\n"
"From remote kernel:"
"\"PASS: \"\"pair is scalar and exact\"\n"
"From remote kernel:"
"\"PASS: \"\"pair is scalar and exact\"\n"
"From remote kernel:"
"\"PASS: \"\"pair is scalar and exact\"\n"
"From remote kernel:"
"\"PASS: \"\"pair is scalar and exact\"\n"
"From remote kernel:"
"\"PASS: \"\"pair is scalar and exact\"\n"
"PASS: ""RealQGG Ppp pairs complete"
"RealQGG_Charge0"" ""Ppp"": combining "36" pairs"
"RealQGG_Charge0__Ppp"" complete; leaves = "11347
"From remote kernel:"
"\"RealQGG\"\" \"\"PhotonWard\"\" pair \"1\",\"1\"; kernel \"1\"; memory \"120970712\n"
"From remote kernel:"
"\"RealQGG\"\" \"\"PhotonWard\"\" pair \"1\",\"2\"; kernel \"2\"; memory \"151748000\n"
"From remote kernel:"
"\"RealQGG\"\" \"\"PhotonWard\"\" pair \"1\",\"3\"; kernel \"3\"; memory \"135530600\n"
"From remote kernel:"
"\"RealQGG\"\" \"\"PhotonWard\"\" pair \"1\",\"4\"; kernel \"4\"; memory \"134293448\n"
"From remote kernel:"
"\"RealQGG\"\" \"\"PhotonWard\"\" pair \"1\",\"5\"; kernel \"5\"; memory \"137307728\n"
"From remote kernel:"
"\"RealQGG\"\" \"\"PhotonWard\"\" pair \"1\",\"6\"; kernel \"6\"; memory \"123339744\n"
"From remote kernel:"
"\"RealQGG\"\" \"\"PhotonWard\"\" pair \"1\",\"7\"; kernel \"7\"; memory \"137709392\n"
"From remote kernel:"
"\"RealQGG\"\" \"\"PhotonWard\"\" pair \"1\",\"8\"; kernel \"8\"; memory \"149387232\n"
"From remote kernel:"
"\"PASS: \"\"pair is scalar and exact\"\n"
MONITOR_HEARTBEAT elapsed=91s rss=2033.2MiB peak=2033.2MiB
"From remote kernel:"
"\"RealQGG\"\" \"\"PhotonWard\"\" pair \"2\",\"2\"; kernel \"8\"; memory \"153153552\n"
"From remote kernel:"
"\"PASS: \"\"pair is scalar and exact\"\n"
"From remote kernel:"
"\"RealQGG\"\" \"\"PhotonWard\"\" pair \"2\",\"3\"; kernel \"7\"; memory \"144215424\n"
"From remote kernel:"
"\"PASS: \"\"pair is scalar and exact\"\n"
"From remote kernel:"
"\"RealQGG\"\" \"\"PhotonWard\"\" pair \"2\",\"4\"; kernel \"4\"; memory \"138820864\n"
"From remote kernel:"
"\"PASS: \"\"pair is scalar and exact\"\n"
"From remote kernel:"
"\"RealQGG\"\" \"\"PhotonWard\"\" pair \"2\",\"5\"; kernel \"3\"; memory \"140066432\n"
"From remote kernel:"
"\"PASS: \"\"pair is scalar and exact\"\n"
"From remote kernel:"
"\"RealQGG\"\" \"\"PhotonWard\"\" pair \"2\",\"6\"; kernel \"5\"; memory \"142656120\n"
"From remote kernel:"
"\"PASS: \"\"pair is scalar and exact\"\n"
"From remote kernel:"
"\"PASS: \"\"pair is scalar and exact\"\n"
"From remote kernel:"
"\"RealQGG\"\" \"\"PhotonWard\"\" pair \"2\",\"7\"; kernel \"1\"; memory \"126542888\n"
"From remote kernel:"
"\"RealQGG\"\" \"\"PhotonWard\"\" pair \"2\",\"8\"; kernel \"6\"; memory \"128613184\n"
"From remote kernel:"
"\"PASS: \"\"pair is scalar and exact\"\n"
"From remote kernel:"
"\"RealQGG\"\" \"\"PhotonWard\"\" pair \"3\",\"3\"; kernel \"2\"; memory \"160639760\n"
"From remote kernel:"
"\"PASS: \"\"pair is scalar and exact\"\n"
"From remote kernel:"
"\"PASS: \"\"pair is scalar and exact\"\n"
"From remote kernel:"
"\"PASS: \"\"pair is scalar and exact\"\n"
"From remote kernel:"
"\"RealQGG\"\" \"\"PhotonWard\"\" pair \"3\",\"4\"; kernel \"1\"; memory \"133193888\n"
"From remote kernel:"
"\"RealQGG\"\" \"\"PhotonWard\"\" pair \"3\",\"5\"; kernel \"4\"; memory \"141609504\n"
"From remote kernel:"
"\"RealQGG\"\" \"\"PhotonWard\"\" pair \"3\",\"6\"; kernel \"7\"; memory \"153673648\n"
"From remote kernel:"
"\"PASS: \"\"pair is scalar and exact\"\n"
"From remote kernel:"
"\"RealQGG\"\" \"\"PhotonWard\"\" pair \"3\",\"7\"; kernel \"8\"; memory \"160274320\n"
"From remote kernel:"
"\"PASS: \"\"pair is scalar and exact\"\n"
"From remote kernel:"
"\"RealQGG\"\" \"\"PhotonWard\"\" pair \"3\",\"8\"; kernel \"3\"; memory \"148878840\n"
"From remote kernel:"
"\"PASS: \"\"pair is scalar and exact\"\n"
"From remote kernel:"
"\"RealQGG\"\" \"\"PhotonWard\"\" pair \"4\",\"4\"; kernel \"6\"; memory \"142217784\n"
"From remote kernel:"
"\"PASS: \"\"pair is scalar and exact\"\n"
"From remote kernel:"
"\"RealQGG\"\" \"\"PhotonWard\"\" pair \"4\",\"5\"; kernel \"2\"; memory \"161802072\n"
"From remote kernel:"
"\"PASS: \"\"pair is scalar and exact\"\n"
"From remote kernel:"
"\"RealQGG\"\" \"\"PhotonWard\"\" pair \"4\",\"6\"; kernel \"5\"; memory \"149244880\n"
"From remote kernel:"
"\"PASS: \"\"pair is scalar and exact\"\n"
"From remote kernel:"
"\"RealQGG\"\" \"\"PhotonWard\"\" pair \"4\",\"7\"; kernel \"6\"; memory \"143497648\n"
"From remote kernel:"
"\"PASS: \"\"pair is scalar and exact\"\n"
"From remote kernel:"
"\"PASS: \"\"pair is scalar and exact\"\n"
"From remote kernel:"
"\"RealQGG\"\" \"\"PhotonWard\"\" pair \"4\",\"8\"; kernel \"7\"; memory \"154972816\n"
"From remote kernel:"
"\"RealQGG\"\" \"\"PhotonWard\"\" pair \"5\",\"5\"; kernel \"8\"; memory \"165637552\n"
"From remote kernel:"
"\"PASS: \"\"pair is scalar and exact\"\n"
"From remote kernel:"
"\"RealQGG\"\" \"\"PhotonWard\"\" pair \"5\",\"6\"; kernel \"2\"; memory \"164308896\n"
"From remote kernel:"
"\"PASS: \"\"pair is scalar and exact\"\n"
"From remote kernel:"
"\"RealQGG\"\" \"\"PhotonWard\"\" pair \"5\",\"7\"; kernel \"3\"; memory \"155764736\n"
"From remote kernel:"
"\"PASS: \"\"pair is scalar and exact\"\n"
"From remote kernel:"
"\"RealQGG\"\" \"\"PhotonWard\"\" pair \"5\",\"8\"; kernel \"4\"; memory \"143670672\n"
"From remote kernel:"
"\"PASS: \"\"pair is scalar and exact\"\n"
"From remote kernel:"
"\"RealQGG\"\" \"\"PhotonWard\"\" pair \"6\",\"6\"; kernel \"1\"; memory \"137964096\n"
"From remote kernel:"
"\"PASS: \"\"pair is scalar and exact\"\n"
"From remote kernel:"
"\"RealQGG\"\" \"\"PhotonWard\"\" pair \"6\",\"7\"; kernel \"6\"; memory \"146737192\n"
"From remote kernel:"
"\"PASS: \"\"pair is scalar and exact\"\n"
"From remote kernel:"
"\"RealQGG\"\" \"\"PhotonWard\"\" pair \"6\",\"8\"; kernel \"5\"; memory \"153513696\n"
"From remote kernel:"
"\"PASS: \"\"pair is scalar and exact\"\n"
"From remote kernel:"
"\"RealQGG\"\" \"\"PhotonWard\"\" pair \"7\",\"7\"; kernel \"7\"; memory \"157530608\n"
"From remote kernel:"
"\"PASS: \"\"pair is scalar and exact\"\n"
"From remote kernel:"
"\"RealQGG\"\" \"\"PhotonWard\"\" pair \"7\",\"8\"; kernel \"3\"; memory \"158562096\n"
"From remote kernel:"
"\"PASS: \"\"pair is scalar and exact\"\n"
"From remote kernel:"
"\"RealQGG\"\" \"\"PhotonWard\"\" pair \"8\",\"8\"; kernel \"4\"; memory \"146978048\n"
"From remote kernel:"
"\"PASS: \"\"pair is scalar and exact\"\n"
"From remote kernel:"
"\"PASS: \"\"pair is scalar and exact\"\n"
"From remote kernel:"
"\"PASS: \"\"pair is scalar and exact\"\n"
"From remote kernel:"
"\"PASS: \"\"pair is scalar and exact\"\n"
"From remote kernel:"
"\"PASS: \"\"pair is scalar and exact\"\n"
"From remote kernel:"
"\"PASS: \"\"pair is scalar and exact\"\n"
"From remote kernel:"
"\"PASS: \"\"pair is scalar and exact\"\n"
"From remote kernel:"
"\"PASS: \"\"pair is scalar and exact\"\n"
"PASS: ""RealQGG PhotonWard pairs complete"
"RealQGG_Charge0"" ""PhotonWard"": combining "36" pairs"
"PASS: ""RealQGG_Charge0__PhotonWard"
"RealQGG_Charge0__PhotonWard"" complete; leaves = "1
"From remote kernel:"
"\"RealQGG\"\" \"\"GluonWard_k2\"\" pair \"1\",\"1\"; kernel \"1\"; memory \"139454256\n"
"From remote kernel:"
"\"RealQGG\"\" \"\"GluonWard_k2\"\" pair \"1\",\"2\"; kernel \"2\"; memory \"165773816\n"
"From remote kernel:"
"\"RealQGG\"\" \"\"GluonWard_k2\"\" pair \"1\",\"3\"; kernel \"3\"; memory \"160089496\n"
"From remote kernel:"
"\"RealQGG\"\" \"\"GluonWard_k2\"\" pair \"1\",\"4\"; kernel \"4\"; memory \"147729720\n"
"From remote kernel:"
"\"RealQGG\"\" \"\"GluonWard_k2\"\" pair \"1\",\"5\"; kernel \"5\"; memory \"157348992\n"
"From remote kernel:"
"\"RealQGG\"\" \"\"GluonWard_k2\"\" pair \"1\",\"6\"; kernel \"6\"; memory \"150481520\n"
"From remote kernel:"
"\"RealQGG\"\" \"\"GluonWard_k2\"\" pair \"1\",\"7\"; kernel \"7\"; memory \"159618888\n"
"From remote kernel:"
"\"RealQGG\"\" \"\"GluonWard_k2\"\" pair \"1\",\"8\"; kernel \"8\"; memory \"167097848\n"
"From remote kernel:"
"\"PASS: \"\"pair is scalar and exact\"\n"
"From remote kernel:"
"\"RealQGG\"\" \"\"GluonWard_k2\"\" pair \"2\",\"2\"; kernel \"8\"; memory \"167582440\n"
"From remote kernel:"
"\"PASS: \"\"pair is scalar and exact\"\n"
"From remote kernel:"
"\"PASS: \"\"pair is scalar and exact\"\n"
"From remote kernel:"
"\"PASS: \"\"pair is scalar and exact\"\n"
"From remote kernel:"
"\"PASS: \"\"pair is scalar and exact\"\n"
MONITOR_HEARTBEAT elapsed=121s rss=2185.4MiB peak=2185.4MiB
"From remote kernel:"
"\"PASS: \"\"pair is scalar and exact\"\n"
"From remote kernel:"
"\"PASS: \"\"pair is scalar and exact\"\n"
"From remote kernel:"
"\"PASS: \"\"pair is scalar and exact\"\n"
"From remote kernel:"
"\"RealQGG\"\" \"\"GluonWard_k2\"\" pair \"2\",\"3\"; kernel \"4\"; memory \"149304784\n"
"From remote kernel:"
"\"RealQGG\"\" \"\"GluonWard_k2\"\" pair \"2\",\"5\"; kernel \"1\"; memory \"140557440\n"
"From remote kernel:"
"\"RealQGG\"\" \"\"GluonWard_k2\"\" pair \"2\",\"4\"; kernel \"5\"; memory \"158914656\n"
"From remote kernel:"
"\"RealQGG\"\" \"\"GluonWard_k2\"\" pair \"2\",\"6\"; kernel \"6\"; memory \"154156824\n"
"From remote kernel:"
"\"RealQGG\"\" \"\"GluonWard_k2\"\" pair \"2\",\"7\"; kernel \"2\"; memory \"169291896\n"
"From remote kernel:"
"\"RealQGG\"\" \"\"GluonWard_k2\"\" pair \"2\",\"8\"; kernel \"3\"; memory \"162396576\n"
"From remote kernel:"
"\"RealQGG\"\" \"\"GluonWard_k2\"\" pair \"3\",\"3\"; kernel \"7\"; memory \"161686880\n"
"From remote kernel:"
"\"PASS: \"\"pair is scalar and exact\"\n"
"From remote kernel:"
"\"RealQGG\"\" \"\"GluonWard_k2\"\" pair \"3\",\"4\"; kernel \"3\"; memory \"163355488\n"
"From remote kernel:"
"\"PASS: \"\"pair is scalar and exact\"\n"
"From remote kernel:"
"\"RealQGG\"\" \"\"GluonWard_k2\"\" pair \"3\",\"5\"; kernel \"8\"; memory \"170982648\n"
"From remote kernel:"
"\"PASS: \"\"pair is scalar and exact\"\n"
"From remote kernel:"
"\"RealQGG\"\" \"\"GluonWard_k2\"\" pair \"3\",\"6\"; kernel \"7\"; memory \"162432080\n"
"From remote kernel:"
"\"PASS: \"\"pair is scalar and exact\"\n"
"From remote kernel:"
"\"RealQGG\"\" \"\"GluonWard_k2\"\" pair \"3\",\"7\"; kernel \"1\"; memory \"145088144\n"
"From remote kernel:"
"\"PASS: \"\"pair is scalar and exact\"\n"
"From remote kernel:"
"\"RealQGG\"\" \"\"GluonWard_k2\"\" pair \"3\",\"8\"; kernel \"5\"; memory \"165678144\n"
"From remote kernel:"
"\"PASS: \"\"pair is scalar and exact\"\n"
"From remote kernel:"
"\"RealQGG\"\" \"\"GluonWard_k2\"\" pair \"4\",\"4\"; kernel \"2\"; memory \"172227320\n"
"From remote kernel:"
"\"PASS: \"\"pair is scalar and exact\"\n"
"From remote kernel:"
"\"PASS: \"\"pair is scalar and exact\"\n"
"From remote kernel:"
"\"RealQGG\"\" \"\"GluonWard_k2\"\" pair \"4\",\"5\"; kernel \"6\"; memory \"156116480\n"
"From remote kernel:"
"\"RealQGG\"\" \"\"GluonWard_k2\"\" pair \"4\",\"6\"; kernel \"4\"; memory \"151513088\n"
"From remote kernel:"
"\"PASS: \"\"pair is scalar and exact\"\n"
"From remote kernel:"
"\"RealQGG\"\" \"\"GluonWard_k2\"\" pair \"4\",\"7\"; kernel \"3\"; memory \"164770856\n"
"From remote kernel:"
"\"PASS: \"\"pair is scalar and exact\"\n"
"From remote kernel:"
"\"RealQGG\"\" \"\"GluonWard_k2\"\" pair \"4\",\"8\"; kernel \"8\"; memory \"171989984\n"
"From remote kernel:"
"\"PASS: \"\"pair is scalar and exact\"\n"
"From remote kernel:"
"\"RealQGG\"\" \"\"GluonWard_k2\"\" pair \"5\",\"5\"; kernel \"5\"; memory \"166063528\n"
"From remote kernel:"
"\"PASS: \"\"pair is scalar and exact\"\n"
"From remote kernel:"
"\"RealQGG\"\" \"\"GluonWard_k2\"\" pair \"5\",\"6\"; kernel \"7\"; memory \"162702952\n"
"From remote kernel:"
"\"PASS: \"\"pair is scalar and exact\"\n"
"From remote kernel:"
"\"RealQGG\"\" \"\"GluonWard_k2\"\" pair \"5\",\"7\"; kernel \"2\"; memory \"172881296\n"
"From remote kernel:"
"\"PASS: \"\"pair is scalar and exact\"\n"
"From remote kernel:"
"\"RealQGG\"\" \"\"GluonWard_k2\"\" pair \"5\",\"8\"; kernel \"8\"; memory \"172657104\n"
"From remote kernel:"
"\"PASS: \"\"pair is scalar and exact\"\n"
"From remote kernel:"
"\"RealQGG\"\" \"\"GluonWard_k2\"\" pair \"6\",\"6\"; kernel \"1\"; memory \"148637008\n"
"From remote kernel:"
"\"PASS: \"\"pair is scalar and exact\"\n"
"From remote kernel:"
"\"RealQGG\"\" \"\"GluonWard_k2\"\" pair \"6\",\"7\"; kernel \"6\"; memory \"156243096\n"
"From remote kernel:"
"\"PASS: \"\"pair is scalar and exact\"\n"
"From remote kernel:"
"\"RealQGG\"\" \"\"GluonWard_k2\"\" pair \"6\",\"8\"; kernel \"4\"; memory \"152309584\n"
"From remote kernel:"
"\"PASS: \"\"pair is scalar and exact\"\n"
"From remote kernel:"
"\"RealQGG\"\" \"\"GluonWard_k2\"\" pair \"7\",\"7\"; kernel \"5\"; memory \"166547800\n"
"From remote kernel:"
"\"PASS: \"\"pair is scalar and exact\"\n"
"From remote kernel:"
"\"RealQGG\"\" \"\"GluonWard_k2\"\" pair \"7\",\"8\"; kernel \"3\"; memory \"166278104\n"
"From remote kernel:"
"\"PASS: \"\"pair is scalar and exact\"\n"
"From remote kernel:"
"\"RealQGG\"\" \"\"GluonWard_k2\"\" pair \"8\",\"8\"; kernel \"8\"; memory \"173460376\n"
"From remote kernel:"
"\"PASS: \"\"pair is scalar and exact\"\n"
"From remote kernel:"
"\"PASS: \"\"pair is scalar and exact\"\n"
"From remote kernel:"
"\"PASS: \"\"pair is scalar and exact\"\n"
"From remote kernel:"
"\"PASS: \"\"pair is scalar and exact\"\n"
"From remote kernel:"
"\"PASS: \"\"pair is scalar and exact\"\n"
"From remote kernel:"
"\"PASS: \"\"pair is scalar and exact\"\n"
"From remote kernel:"
"\"PASS: \"\"pair is scalar and exact\"\n"
"From remote kernel:"
"\"PASS: \"\"pair is scalar and exact\"\n"
"PASS: ""RealQGG GluonWard_k2 pairs complete"
"RealQGG_Charge0"" ""GluonWard_k2"": combining "36" pairs"
"PASS: ""RealQGG_Charge0__GluonWard_k2"
"RealQGG_Charge0__GluonWard_k2"" complete; leaves = "1
"From remote kernel:"
"\"RealQGG\"\" \"\"GluonWard_k3\"\" pair \"1\",\"1\"; kernel \"1\"; memory \"149427456\n"
"From remote kernel:"
"\"RealQGG\"\" \"\"GluonWard_k3\"\" pair \"1\",\"2\"; kernel \"2\"; memory \"173286048\n"
"From remote kernel:"
"\"RealQGG\"\" \"\"GluonWard_k3\"\" pair \"1\",\"3\"; kernel \"3\"; memory \"166897200\n"
"From remote kernel:"
"\"RealQGG\"\" \"\"GluonWard_k3\"\" pair \"1\",\"4\"; kernel \"4\"; memory \"155469248\n"
"From remote kernel:"
"\"RealQGG\"\" \"\"GluonWard_k3\"\" pair \"1\",\"5\"; kernel \"5\"; memory \"168040080\n"
"From remote kernel:"
"\"RealQGG\"\" \"\"GluonWard_k3\"\" pair \"1\",\"6\"; kernel \"6\"; memory \"157080016\n"
"From remote kernel:"
"\"RealQGG\"\" \"\"GluonWard_k3\"\" pair \"1\",\"7\"; kernel \"7\"; memory \"163557656\n"
"From remote kernel:"
"\"RealQGG\"\" \"\"GluonWard_k3\"\" pair \"1\",\"8\"; kernel \"8\"; memory \"173666904\n"
"From remote kernel:"
"\"PASS: \"\"pair is scalar and exact\"\n"
"From remote kernel:"
"\"RealQGG\"\" \"\"GluonWard_k3\"\" pair \"2\",\"2\"; kernel \"7\"; memory \"164862576\n"
"From remote kernel:"
"\"PASS: \"\"pair is scalar and exact\"\n"
"From remote kernel:"
"\"RealQGG\"\" \"\"GluonWard_k3\"\" pair \"2\",\"3\"; kernel \"8\"; memory \"176163640\n"
"From remote kernel:"
"\"PASS: \"\"pair is scalar and exact\"\n"
"From remote kernel:"
"\"PASS: \"\"pair is scalar and exact\"\n"
"From remote kernel:"
"\"PASS: \"\"pair is scalar and exact\"\n"
"From remote kernel:"
"\"PASS: \"\"pair is scalar and exact\"\n"
"From remote kernel:"
"\"RealQGG\"\" \"\"GluonWard_k3\"\" pair \"2\",\"4\"; kernel \"3\"; memory \"168159288\n"
"From remote kernel:"
"\"RealQGG\"\" \"\"GluonWard_k3\"\" pair \"2\",\"5\"; kernel \"4\"; memory \"156841752\n"
"From remote kernel:"
"\"RealQGG\"\" \"\"GluonWard_k3\"\" pair \"2\",\"6\"; kernel \"5\"; memory \"171726728\n"
"From remote kernel:"
"\"RealQGG\"\" \"\"GluonWard_k3\"\" pair \"2\",\"7\"; kernel \"1\"; memory \"150321432\n"
"From remote kernel:"
"\"PASS: \"\"pair is scalar and exact\"\n"
"From remote kernel:"
"\"PASS: \"\"pair is scalar and exact\"\n"
"From remote kernel:"
"\"RealQGG\"\" \"\"GluonWard_k3\"\" pair \"2\",\"8\"; kernel \"6\"; memory \"158152016\n"
"From remote kernel:"
"\"RealQGG\"\" \"\"GluonWard_k3\"\" pair \"3\",\"3\"; kernel \"2\"; memory \"176250568\n"
"From remote kernel:"
"\"PASS: \"\"pair is scalar and exact\"\n"
"From remote kernel:"
"\"RealQGG\"\" \"\"GluonWard_k3\"\" pair \"3\",\"4\"; kernel \"1\"; memory \"151768632\n"
"From remote kernel:"
"\"PASS: \"\"pair is scalar and exact\"\n"
"From remote kernel:"
"\"RealQGG\"\" \"\"GluonWard_k3\"\" pair \"3\",\"5\"; kernel \"7\"; memory \"173165912\n"
"From remote kernel:"
"\"PASS: \"\"pair is scalar and exact\"\n"
"From remote kernel:"
"\"RealQGG\"\" \"\"GluonWard_k3\"\" pair \"3\",\"6\"; kernel \"4\"; memory \"160349384\n"
"From remote kernel:"
"\"PASS: \"\"pair is scalar and exact\"\n"
"From remote kernel:"
"\"RealQGG\"\" \"\"GluonWard_k3\"\" pair \"3\",\"7\"; kernel \"2\"; memory \"178260816\n"
"From remote kernel:"
"\"PASS: \"\"pair is scalar and exact\"\n"
"From remote kernel:"
"\"RealQGG\"\" \"\"GluonWard_k3\"\" pair \"3\",\"8\"; kernel \"3\"; memory \"171458632\n"
"From remote kernel:"
"\"PASS: \"\"pair is scalar and exact\"\n"
"From remote kernel:"
"\"PASS: \"\"pair is scalar and exact\"\n"
"From remote kernel:"
"\"RealQGG\"\" \"\"GluonWard_k3\"\" pair \"4\",\"4\"; kernel \"8\"; memory \"176872328\n"
"From remote kernel:"
"\"RealQGG\"\" \"\"GluonWard_k3\"\" pair \"4\",\"5\"; kernel \"6\"; memory \"164533816\n"
"From remote kernel:"
"\"PASS: \"\"pair is scalar and exact\"\n"
"From remote kernel:"
"\"RealQGG\"\" \"\"GluonWard_k3\"\" pair \"4\",\"6\"; kernel \"5\"; memory \"174499488\n"
"From remote kernel:"
"\"PASS: \"\"pair is scalar and exact\"\n"
"From remote kernel:"
"\"RealQGG\"\" \"\"GluonWard_k3\"\" pair \"4\",\"7\"; kernel \"1\"; memory \"152435912\n"
"From remote kernel:"
"\"PASS: \"\"pair is scalar and exact\"\n"
"From remote kernel:"
"\"RealQGG\"\" \"\"GluonWard_k3\"\" pair \"4\",\"8\"; kernel \"2\"; memory \"178517048\n"
"From remote kernel:"
"\"PASS: \"\"pair is scalar and exact\"\n"
"From remote kernel:"
"\"PASS: \"\"pair is scalar and exact\"\n"
"From remote kernel:"
"\"RealQGG\"\" \"\"GluonWard_k3\"\" pair \"5\",\"5\"; kernel \"6\"; memory \"166039032\n"
"From remote kernel:"
"\"RealQGG\"\" \"\"GluonWard_k3\"\" pair \"5\",\"6\"; kernel \"7\"; memory \"174578824\n"
"From remote kernel:"
"\"PASS: \"\"pair is scalar and exact\"\n"
"From remote kernel:"
"\"RealQGG\"\" \"\"GluonWard_k3\"\" pair \"5\",\"7\"; kernel \"8\"; memory \"177402456\n"
"From remote kernel:"
"\"PASS: \"\"pair is scalar and exact\"\n"
"From remote kernel:"
"\"RealQGG\"\" \"\"GluonWard_k3\"\" pair \"5\",\"8\"; kernel \"3\"; memory \"173101472\n"
"From remote kernel:"
"\"PASS: \"\"pair is scalar and exact\"\n"
"From remote kernel:"
"\"RealQGG\"\" \"\"GluonWard_k3\"\" pair \"6\",\"6\"; kernel \"4\"; memory \"162018840\n"
"From remote kernel:"
"\"PASS: \"\"pair is scalar and exact\"\n"
"From remote kernel:"
"\"RealQGG\"\" \"\"GluonWard_k3\"\" pair \"6\",\"7\"; kernel \"1\"; memory \"153588528\n"
"From remote kernel:"
"\"PASS: \"\"pair is scalar and exact\"\n"
"From remote kernel:"
"\"RealQGG\"\" \"\"GluonWard_k3\"\" pair \"6\",\"8\"; kernel \"8\"; memory \"178267056\n"
"From remote kernel:"
"\"PASS: \"\"pair is scalar and exact\"\n"
"From remote kernel:"
"\"RealQGG\"\" \"\"GluonWard_k3\"\" pair \"7\",\"7\"; kernel \"2\"; memory \"179913960\n"
"From remote kernel:"
"\"PASS: \"\"pair is scalar and exact\"\n"
"From remote kernel:"
"\"RealQGG\"\" \"\"GluonWard_k3\"\" pair \"7\",\"8\"; kernel \"6\"; memory \"166650200\n"
"From remote kernel:"
"\"PASS: \"\"pair is scalar and exact\"\n"
"From remote kernel:"
"\"PASS: \"\"pair is scalar and exact\"\n"
"From remote kernel:"
"\"RealQGG\"\" \"\"GluonWard_k3\"\" pair \"8\",\"8\"; kernel \"3\"; memory \"173980360\n"
"From remote kernel:"
"\"PASS: \"\"pair is scalar and exact\"\n"
"From remote kernel:"
"\"PASS: \"\"pair is scalar and exact\"\n"
"From remote kernel:"
"\"PASS: \"\"pair is scalar and exact\"\n"
"From remote kernel:"
"\"PASS: \"\"pair is scalar and exact\"\n"
"From remote kernel:"
"\"PASS: \"\"pair is scalar and exact\"\n"
"From remote kernel:"
"\"PASS: \"\"pair is scalar and exact\"\n"
MONITOR_HEARTBEAT elapsed=151s rss=2292.4MiB peak=2292.4MiB
"From remote kernel:"
"\"PASS: \"\"pair is scalar and exact\"\n"
"PASS: ""RealQGG GluonWard_k3 pairs complete"
"RealQGG_Charge0"" ""GluonWard_k3"": combining "36" pairs"
"PASS: ""RealQGG_Charge0__GluonWard_k3"
"RealQGG_Charge0__GluonWard_k3"" complete; leaves = "1
"From remote kernel:"
"\"RealSame\"\" \"\"Pg\"\" pair \"1\",\"1\"; kernel \"1\"; memory \"157000304\n"
"From remote kernel:"
"\"RealSame\"\" \"\"Pg\"\" pair \"1\",\"2\"; kernel \"2\"; memory \"180128376\n"
"From remote kernel:"
"\"RealSame\"\" \"\"Pg\"\" pair \"1\",\"3\"; kernel \"3\"; memory \"175138856\n"
"From remote kernel:"
"\"RealSame\"\" \"\"Pg\"\" pair \"1\",\"4\"; kernel \"4\"; memory \"163571104\n"
"From remote kernel:"
"\"RealSame\"\" \"\"Pg\"\" pair \"1\",\"5\"; kernel \"5\"; memory \"174325120\n"
"From remote kernel:"
"\"RealSame\"\" \"\"Pg\"\" pair \"1\",\"6\"; kernel \"6\"; memory \"167384936\n"
"From remote kernel:"
"\"RealSame\"\" \"\"Pg\"\" pair \"1\",\"7\"; kernel \"7\"; memory \"174848032\n"
"From remote kernel:"
"\"RealSame\"\" \"\"Pg\"\" pair \"1\",\"8\"; kernel \"8\"; memory \"178548104\n"
"From remote kernel:"
"\"PASS: \"\"pair is scalar and exact\"\n"
"From remote kernel:"
"\"RealSame\"\" \"\"Pg\"\" pair \"2\",\"2\"; kernel \"2\"; memory \"179325248\n"
"From remote kernel:"
"\"PASS: \"\"pair is scalar and exact\"\n"
"From remote kernel:"
"\"RealSame\"\" \"\"Pg\"\" pair \"2\",\"3\"; kernel \"1\"; memory \"157422216\n"
"From remote kernel:"
"\"PASS: \"\"pair is scalar and exact\"\n"
"From remote kernel:"
"\"RealSame\"\" \"\"Pg\"\" pair \"2\",\"4\"; kernel \"5\"; memory \"174323136\n"
"From remote kernel:"
"\"PASS: \"\"pair is scalar and exact\"\n"
"From remote kernel:"
"\"RealSame\"\" \"\"Pg\"\" pair \"2\",\"5\"; kernel \"4\"; memory \"165485504\n"
"From remote kernel:"
"\"PASS: \"\"pair is scalar and exact\"\n"
"From remote kernel:"
"\"RealSame\"\" \"\"Pg\"\" pair \"2\",\"6\"; kernel \"2\"; memory \"179548368\n"
"From remote kernel:"
"\"PASS: \"\"pair is scalar and exact\"\n"
"From remote kernel:"
"\"RealSame\"\" \"\"Pg\"\" pair \"2\",\"7\"; kernel \"6\"; memory \"165956424\n"
"From remote kernel:"
"\"PASS: \"\"pair is scalar and exact\"\n"
"From remote kernel:"
"\"RealSame\"\" \"\"Pg\"\" pair \"2\",\"8\"; kernel \"1\"; memory \"158712592\n"
"From remote kernel:"
"\"PASS: \"\"pair is scalar and exact\"\n"
"From remote kernel:"
"\"RealSame\"\" \"\"Pg\"\" pair \"3\",\"3\"; kernel \"7\"; memory \"175457168\n"
"From remote kernel:"
"\"PASS: \"\"pair is scalar and exact\"\n"
"From remote kernel:"
"\"RealSame\"\" \"\"Pg\"\" pair \"3\",\"4\"; kernel \"6\"; memory \"164496208\n"
"From remote kernel:"
"\"PASS: \"\"pair is scalar and exact\"\n"
"From remote kernel:"
"\"RealSame\"\" \"\"Pg\"\" pair \"3\",\"5\"; kernel \"5\"; memory \"175086864\n"
"From remote kernel:"
"\"PASS: \"\"pair is scalar and exact\"\n"
"From remote kernel:"
"\"RealSame\"\" \"\"Pg\"\" pair \"3\",\"6\"; kernel \"1\"; memory \"159505584\n"
"From remote kernel:"
"\"PASS: \"\"pair is scalar and exact\"\n"
"From remote kernel:"
"\"RealSame\"\" \"\"Pg\"\" pair \"3\",\"7\"; kernel \"6\"; memory \"163236752\n"
"From remote kernel:"
"\"PASS: \"\"pair is scalar and exact\"\n"
"From remote kernel:"
"\"RealSame\"\" \"\"Pg\"\" pair \"3\",\"8\"; kernel \"7\"; memory \"175894016\n"
"From remote kernel:"
"\"PASS: \"\"pair is scalar and exact\"\n"
"From remote kernel:"
"\"RealSame\"\" \"\"Pg\"\" pair \"4\",\"4\"; kernel \"5\"; memory \"173856688\n"
"From remote kernel:"
"\"PASS: \"\"pair is scalar and exact\"\n"
"From remote kernel:"
"\"RealSame\"\" \"\"Pg\"\" pair \"4\",\"5\"; kernel \"1\"; memory \"158631728\n"
"From remote kernel:"
"\"PASS: \"\"pair is scalar and exact\"\n"
"From remote kernel:"
"\"RealSame\"\" \"\"Pg\"\" pair \"4\",\"6\"; kernel \"3\"; memory \"176270160\n"
"From remote kernel:"
"\"PASS: \"\"pair is scalar and exact\"\n"
"From remote kernel:"
"\"RealSame\"\" \"\"Pg\"\" pair \"4\",\"7\"; kernel \"8\"; memory \"178899760\n"
"From remote kernel:"
"\"PASS: \"\"pair is scalar and exact\"\n"
"From remote kernel:"
"\"PASS: \"\"pair is scalar and exact\"\n"
"From remote kernel:"
"\"PASS: \"\"pair is scalar and exact\"\n"
"From remote kernel:"
"\"PASS: \"\"pair is scalar and exact\"\n"
"From remote kernel:"
"\"RealSame\"\" \"\"Pg\"\" pair \"4\",\"8\"; kernel \"2\"; memory \"180467216\n"
"From remote kernel:"
"\"RealSame\"\" \"\"Pg\"\" pair \"5\",\"5\"; kernel \"4\"; memory \"165695648\n"
"From remote kernel:"
"\"RealSame\"\" \"\"Pg\"\" pair \"5\",\"6\"; kernel \"5\"; memory \"174623120\n"
"From remote kernel:"
"\"RealSame\"\" \"\"Pg\"\" pair \"5\",\"7\"; kernel \"7\"; memory \"176507920\n"
"From remote kernel:"
"\"PASS: \"\"pair is scalar and exact\"\n"
"From remote kernel:"
"\"RealSame\"\" \"\"Pg\"\" pair \"5\",\"8\"; kernel \"8\"; memory \"178290072\n"
"From remote kernel:"
"\"PASS: \"\"pair is scalar and exact\"\n"
"From remote kernel:"
"\"RealSame\"\" \"\"Pg\"\" pair \"6\",\"6\"; kernel \"7\"; memory \"176443528\n"
"From remote kernel:"
"\"PASS: \"\"pair is scalar and exact\"\n"
"From remote kernel:"
"\"RealSame\"\" \"\"Pg\"\" pair \"6\",\"7\"; kernel \"2\"; memory \"179609160\n"
"From remote kernel:"
"\"PASS: \"\"pair is scalar and exact\"\n"
"From remote kernel:"
"\"RealSame\"\" \"\"Pg\"\" pair \"6\",\"8\"; kernel \"4\"; memory \"166850272\n"
"From remote kernel:"
"\"PASS: \"\"pair is scalar and exact\"\n"
"From remote kernel:"
"\"RealSame\"\" \"\"Pg\"\" pair \"7\",\"7\"; kernel \"8\"; memory \"178120544\n"
"From remote kernel:"
"\"PASS: \"\"pair is scalar and exact\"\n"
"From remote kernel:"
"\"RealSame\"\" \"\"Pg\"\" pair \"7\",\"8\"; kernel \"5\"; memory \"175239680\n"
"From remote kernel:"
"\"PASS: \"\"pair is scalar and exact\"\n"
"From remote kernel:"
"\"PASS: \"\"pair is scalar and exact\"\n"
"From remote kernel:"
"\"PASS: \"\"pair is scalar and exact\"\n"
"From remote kernel:"
"\"PASS: \"\"pair is scalar and exact\"\n"
"From remote kernel:"
"\"RealSame\"\" \"\"Pg\"\" pair \"8\",\"8\"; kernel \"2\"; memory \"179842040\n"
"From remote kernel:"
"\"PASS: \"\"pair is scalar and exact\"\n"
"From remote kernel:"
"\"PASS: \"\"pair is scalar and exact\"\n"
"From remote kernel:"
"\"PASS: \"\"pair is scalar and exact\"\n"
"From remote kernel:"
"\"PASS: \"\"pair is scalar and exact\"\n"
"From remote kernel:"
"\"PASS: \"\"pair is scalar and exact\"\n"
"PASS: ""RealSame Pg pairs complete"
"RealSame_Charge0"" ""Pg"": combining "36" pairs"
"RealSame_Charge0__Pg"" complete; leaves = "782320
"From remote kernel:"
"\"RealSame\"\" \"\"Ppp\"\" pair \"1\",\"1\"; kernel \"1\"; memory \"159654280\n"
"From remote kernel:"
"\"RealSame\"\" \"\"Ppp\"\" pair \"1\",\"2\"; kernel \"2\"; memory \"180461888\n"
"From remote kernel:"
"\"RealSame\"\" \"\"Ppp\"\" pair \"1\",\"3\"; kernel \"3\"; memory \"177151400\n"
"From remote kernel:"
"\"RealSame\"\" \"\"Ppp\"\" pair \"1\",\"4\"; kernel \"4\"; memory \"166941712\n"
"From remote kernel:"
"\"RealSame\"\" \"\"Ppp\"\" pair \"1\",\"5\"; kernel \"5\"; memory \"175063128\n"
"From remote kernel:"
"\"RealSame\"\" \"\"Ppp\"\" pair \"1\",\"6\"; kernel \"6\"; memory \"163991672\n"
"From remote kernel:"
"\"RealSame\"\" \"\"Ppp\"\" pair \"1\",\"7\"; kernel \"7\"; memory \"176371448\n"
"From remote kernel:"
"\"RealSame\"\" \"\"Ppp\"\" pair \"1\",\"8\"; kernel \"8\"; memory \"179030552\n"
"From remote kernel:"
"\"PASS: \"\"pair is scalar and exact\"\n"
"From remote kernel:"
"\"PASS: \"\"pair is scalar and exact\"\n"
"From remote kernel:"
"\"RealSame\"\" \"\"Ppp\"\" pair \"2\",\"2\"; kernel \"2\"; memory \"180516800\n"
"From remote kernel:"
"\"RealSame\"\" \"\"Ppp\"\" pair \"2\",\"3\"; kernel \"1\"; memory \"159716064\n"
"From remote kernel:"
"\"PASS: \"\"pair is scalar and exact\"\n"
"From remote kernel:"
"\"RealSame\"\" \"\"Ppp\"\" pair \"2\",\"4\"; kernel \"7\"; memory \"176455896\n"
"From remote kernel:"
"\"PASS: \"\"pair is scalar and exact\"\n"
"From remote kernel:"
"\"PASS: \"\"pair is scalar and exact\"\n"
"From remote kernel:"
"\"PASS: \"\"pair is scalar and exact\"\n"
"From remote kernel:"
"\"RealSame\"\" \"\"Ppp\"\" pair \"2\",\"5\"; kernel \"2\"; memory \"180574688\n"
"From remote kernel:"
"\"RealSame\"\" \"\"Ppp\"\" pair \"2\",\"6\"; kernel \"3\"; memory \"177270064\n"
"From remote kernel:"
"\"PASS: \"\"pair is scalar and exact\"\n"
"From remote kernel:"
"\"RealSame\"\" \"\"Ppp\"\" pair \"2\",\"7\"; kernel \"8\"; memory \"179219184\n"
"From remote kernel:"
"\"RealSame\"\" \"\"Ppp\"\" pair \"2\",\"8\"; kernel \"5\"; memory \"175231728\n"
"From remote kernel:"
"\"PASS: \"\"pair is scalar and exact\"\n"
"From remote kernel:"
"\"RealSame\"\" \"\"Ppp\"\" pair \"3\",\"3\"; kernel \"1\"; memory \"159470360\n"
"From remote kernel:"
"\"PASS: \"\"pair is scalar and exact\"\n"
"From remote kernel:"
"\"PASS: \"\"pair is scalar and exact\"\n"
"From remote kernel:"
"\"RealSame\"\" \"\"Ppp\"\" pair \"3\",\"4\"; kernel \"4\"; memory \"167025888\n"
"From remote kernel:"
"\"PASS: \"\"pair is scalar and exact\"\n"
"From remote kernel:"
"\"RealSame\"\" \"\"Ppp\"\" pair \"3\",\"5\"; kernel \"7\"; memory \"176561912\n"
"From remote kernel:"
"\"RealSame\"\" \"\"Ppp\"\" pair \"3\",\"6\"; kernel \"6\"; memory \"163563896\n"
"From remote kernel:"
"\"PASS: \"\"pair is scalar and exact\"\n"
"From remote kernel:"
"\"PASS: \"\"pair is scalar and exact\"\n"
"From remote kernel:"
"\"PASS: \"\"pair is scalar and exact\"\n"
"From remote kernel:"
"\"PASS: \"\"pair is scalar and exact\"\n"
MONITOR_HEARTBEAT elapsed=182s rss=2381.8MiB peak=2431.3MiB
"From remote kernel:"
"\"RealSame\"\" \"\"Ppp\"\" pair \"3\",\"7\"; kernel \"3\"; memory \"177419168\n"
"From remote kernel:"
"\"PASS: \"\"pair is scalar and exact\"\n"
"From remote kernel:"
"\"PASS: \"\"pair is scalar and exact\"\n"
"From remote kernel:"
"\"RealSame\"\" \"\"Ppp\"\" pair \"3\",\"8\"; kernel \"2\"; memory \"180710104\n"
"From remote kernel:"
"\"RealSame\"\" \"\"Ppp\"\" pair \"4\",\"4\"; kernel \"5\"; memory \"173584832\n"
"From remote kernel:"
"\"RealSame\"\" \"\"Ppp\"\" pair \"4\",\"5\"; kernel \"8\"; memory \"178141344\n"
"From remote kernel:"
"\"RealSame\"\" \"\"Ppp\"\" pair \"4\",\"6\"; kernel \"1\"; memory \"159457024\n"
"From remote kernel:"
"\"RealSame\"\" \"\"Ppp\"\" pair \"4\",\"7\"; kernel \"4\"; memory \"167036272\n"
"From remote kernel:"
"\"PASS: \"\"pair is scalar and exact\"\n"
"From remote kernel:"
"\"RealSame\"\" \"\"Ppp\"\" pair \"4\",\"8\"; kernel \"6\"; memory \"163242280\n"
"From remote kernel:"
"\"PASS: \"\"pair is scalar and exact\"\n"
"From remote kernel:"
"\"RealSame\"\" \"\"Ppp\"\" pair \"5\",\"5\"; kernel \"7\"; memory \"177357520\n"
"From remote kernel:"
"\"PASS: \"\"pair is scalar and exact\"\n"
"From remote kernel:"
"\"RealSame\"\" \"\"Ppp\"\" pair \"5\",\"6\"; kernel \"5\"; memory \"173647272\n"
"From remote kernel:"
"\"PASS: \"\"pair is scalar and exact\"\n"
"From remote kernel:"
"\"RealSame\"\" \"\"Ppp\"\" pair \"5\",\"7\"; kernel \"7\"; memory \"176213256\n"
"From remote kernel:"
"\"PASS: \"\"pair is scalar and exact\"\n"
"From remote kernel:"
"\"RealSame\"\" \"\"Ppp\"\" pair \"5\",\"8\"; kernel \"2\"; memory \"181323976\n"
"From remote kernel:"
"\"PASS: \"\"pair is scalar and exact\"\n"
"From remote kernel:"
"\"RealSame\"\" \"\"Ppp\"\" pair \"6\",\"6\"; kernel \"6\"; memory \"162524320\n"
"From remote kernel:"
"\"PASS: \"\"pair is scalar and exact\"\n"
"From remote kernel:"
"\"RealSame\"\" \"\"Ppp\"\" pair \"6\",\"7\"; kernel \"3\"; memory \"177782296\n"
"From remote kernel:"
"\"PASS: \"\"pair is scalar and exact\"\n"
"From remote kernel:"
"\"RealSame\"\" \"\"Ppp\"\" pair \"6\",\"8\"; kernel \"4\"; memory \"164896832\n"
"From remote kernel:"
"\"PASS: \"\"pair is scalar and exact\"\n"
"From remote kernel:"
"\"RealSame\"\" \"\"Ppp\"\" pair \"7\",\"7\"; kernel \"1\"; memory \"159978904\n"
"From remote kernel:"
"\"PASS: \"\"pair is scalar and exact\"\n"
"From remote kernel:"
"\"RealSame\"\" \"\"Ppp\"\" pair \"7\",\"8\"; kernel \"6\"; memory \"162762488\n"
"From remote kernel:"
"\"PASS: \"\"pair is scalar and exact\"\n"
"From remote kernel:"
"\"PASS: \"\"pair is scalar and exact\"\n"
"From remote kernel:"
"\"RealSame\"\" \"\"Ppp\"\" pair \"8\",\"8\"; kernel \"8\"; memory \"178796488\n"
"From remote kernel:"
"\"PASS: \"\"pair is scalar and exact\"\n"
"From remote kernel:"
"\"PASS: \"\"pair is scalar and exact\"\n"
"From remote kernel:"
"\"PASS: \"\"pair is scalar and exact\"\n"
"From remote kernel:"
"\"PASS: \"\"pair is scalar and exact\"\n"
"From remote kernel:"
"\"PASS: \"\"pair is scalar and exact\"\n"
"From remote kernel:"
"\"PASS: \"\"pair is scalar and exact\"\n"
"From remote kernel:"
"\"PASS: \"\"pair is scalar and exact\"\n"
"PASS: ""RealSame Ppp pairs complete"
"RealSame_Charge0"" ""Ppp"": combining "36" pairs"
"RealSame_Charge0__Ppp"" complete; leaves = "278114
"From remote kernel:"
"\"RealSame\"\" \"\"PhotonWard\"\" pair \"1\",\"1\"; kernel \"1\"; memory \"160242536\n"
"From remote kernel:"
"\"RealSame\"\" \"\"PhotonWard\"\" pair \"1\",\"2\"; kernel \"2\"; memory \"181869192\n"
"From remote kernel:"
"\"RealSame\"\" \"\"PhotonWard\"\" pair \"1\",\"3\"; kernel \"3\"; memory \"178842256\n"
"From remote kernel:"
"\"RealSame\"\" \"\"PhotonWard\"\" pair \"1\",\"4\"; kernel \"4\"; memory \"164667168\n"
"From remote kernel:"
"\"RealSame\"\" \"\"PhotonWard\"\" pair \"1\",\"5\"; kernel \"5\"; memory \"174106032\n"
"From remote kernel:"
"\"RealSame\"\" \"\"PhotonWard\"\" pair \"1\",\"6\"; kernel \"6\"; memory \"163725608\n"
"From remote kernel:"
"\"RealSame\"\" \"\"PhotonWard\"\" pair \"1\",\"7\"; kernel \"7\"; memory \"176936424\n"
"From remote kernel:"
"\"RealSame\"\" \"\"PhotonWard\"\" pair \"1\",\"8\"; kernel \"8\"; memory \"178949816\n"
"From remote kernel:"
"\"PASS: \"\"pair is scalar and exact\"\n"
"From remote kernel:"
"\"PASS: \"\"pair is scalar and exact\"\n"
"From remote kernel:"
"\"RealSame\"\" \"\"PhotonWard\"\" pair \"2\",\"2\"; kernel \"2\"; memory \"181832376\n"
"From remote kernel:"
"\"PASS: \"\"pair is scalar and exact\"\n"
"From remote kernel:"
"\"RealSame\"\" \"\"PhotonWard\"\" pair \"2\",\"3\"; kernel \"1\"; memory \"160659728\n"
"From remote kernel:"
"\"RealSame\"\" \"\"PhotonWard\"\" pair \"2\",\"4\"; kernel \"4\"; memory \"164414952\n"
"From remote kernel:"
"\"PASS: \"\"pair is scalar and exact\"\n"
"From remote kernel:"
"\"RealSame\"\" \"\"PhotonWard\"\" pair \"2\",\"5\"; kernel \"5\"; memory \"174864368\n"
"From remote kernel:"
"\"PASS: \"\"pair is scalar and exact\"\n"
"From remote kernel:"
"\"RealSame\"\" \"\"PhotonWard\"\" pair \"2\",\"6\"; kernel \"2\"; memory \"182033512\n"
"From remote kernel:"
"\"PASS: \"\"pair is scalar and exact\"\n"
"From remote kernel:"
"\"PASS: \"\"pair is scalar and exact\"\n"
"From remote kernel:"
"\"RealSame\"\" \"\"PhotonWard\"\" pair \"2\",\"7\"; kernel \"1\"; memory \"160697752\n"
"From remote kernel:"
"\"RealSame\"\" \"\"PhotonWard\"\" pair \"2\",\"8\"; kernel \"6\"; memory \"162252304\n"
"From remote kernel:"
"\"PASS: \"\"pair is scalar and exact\"\n"
"From remote kernel:"
"\"RealSame\"\" \"\"PhotonWard\"\" pair \"3\",\"3\"; kernel \"1\"; memory \"159776576\n"
"From remote kernel:"
"\"PASS: \"\"pair is scalar and exact\"\n"
"From remote kernel:"
"\"RealSame\"\" \"\"PhotonWard\"\" pair \"3\",\"4\"; kernel \"4\"; memory \"165382104\n"
"From remote kernel:"
"\"PASS: \"\"pair is scalar and exact\"\n"
"From remote kernel:"
"\"RealSame\"\" \"\"PhotonWard\"\" pair \"3\",\"5\"; kernel \"6\"; memory \"162192608\n"
"From remote kernel:"
"\"PASS: \"\"pair is scalar and exact\"\n"
"From remote kernel:"
"\"RealSame\"\" \"\"PhotonWard\"\" pair \"3\",\"6\"; kernel \"7\"; memory \"177368240\n"
"From remote kernel:"
"\"PASS: \"\"pair is scalar and exact\"\n"
"From remote kernel:"
"\"RealSame\"\" \"\"PhotonWard\"\" pair \"3\",\"7\"; kernel \"4\"; memory \"164151072\n"
"From remote kernel:"
"\"PASS: \"\"pair is scalar and exact\"\n"
"From remote kernel:"
"\"PASS: \"\"pair is scalar and exact\"\n"
"From remote kernel:"
"\"RealSame\"\" \"\"PhotonWard\"\" pair \"3\",\"8\"; kernel \"1\"; memory \"160470064\n"
"From remote kernel:"
"\"RealSame\"\" \"\"PhotonWard\"\" pair \"4\",\"4\"; kernel \"7\"; memory \"177727616\n"
"From remote kernel:"
"\"PASS: \"\"pair is scalar and exact\"\n"
"From remote kernel:"
"\"RealSame\"\" \"\"PhotonWard\"\" pair \"4\",\"5\"; kernel \"6\"; memory \"161774736\n"
"From remote kernel:"
"\"PASS: \"\"pair is scalar and exact\"\n"
"From remote kernel:"
"\"RealSame\"\" \"\"PhotonWard\"\" pair \"4\",\"6\"; kernel \"3\"; memory \"179316400\n"
"From remote kernel:"
"\"PASS: \"\"pair is scalar and exact\"\n"
"From remote kernel:"
"\"PASS: \"\"pair is scalar and exact\"\n"
"From remote kernel:"
"\"PASS: \"\"pair is scalar and exact\"\n"
"From remote kernel:"
"\"RealSame\"\" \"\"PhotonWard\"\" pair \"4\",\"7\"; kernel \"5\"; memory \"175213656\n"
"From remote kernel:"
"\"PASS: \"\"pair is scalar and exact\"\n"
"From remote kernel:"
"\"RealSame\"\" \"\"PhotonWard\"\" pair \"4\",\"8\"; kernel \"7\"; memory \"178254776\n"
"From remote kernel:"
"\"RealSame\"\" \"\"PhotonWard\"\" pair \"5\",\"5\"; kernel \"8\"; memory \"179526000\n"
"From remote kernel:"
"\"RealSame\"\" \"\"PhotonWard\"\" pair \"5\",\"6\"; kernel \"2\"; memory \"182602800\n"
"From remote kernel:"
"\"PASS: \"\"pair is scalar and exact\"\n"
"From remote kernel:"
"\"RealSame\"\" \"\"PhotonWard\"\" pair \"5\",\"7\"; kernel \"1\"; memory \"161566704\n"
"From remote kernel:"
"\"PASS: \"\"pair is scalar and exact\"\n"
"From remote kernel:"
"\"RealSame\"\" \"\"PhotonWard\"\" pair \"5\",\"8\"; kernel \"5\"; memory \"174862984\n"
"From remote kernel:"
"\"PASS: \"\"pair is scalar and exact\"\n"
"From remote kernel:"
"\"RealSame\"\" \"\"PhotonWard\"\" pair \"6\",\"6\"; kernel \"7\"; memory \"178248800\n"
"From remote kernel:"
"\"PASS: \"\"pair is scalar and exact\"\n"
"From remote kernel:"
"\"RealSame\"\" \"\"PhotonWard\"\" pair \"6\",\"7\"; kernel \"1\"; memory \"162349928\n"
"From remote kernel:"
"\"PASS: \"\"pair is scalar and exact\"\n"
"From remote kernel:"
"\"RealSame\"\" \"\"PhotonWard\"\" pair \"6\",\"8\"; kernel \"8\"; memory \"180544488\n"
"From remote kernel:"
"\"PASS: \"\"pair is scalar and exact\"\n"
"From remote kernel:"
"\"RealSame\"\" \"\"PhotonWard\"\" pair \"7\",\"7\"; kernel \"5\"; memory \"174840544\n"
"From remote kernel:"
"\"PASS: \"\"pair is scalar and exact\"\n"
"From remote kernel:"
"\"RealSame\"\" \"\"PhotonWard\"\" pair \"7\",\"8\"; kernel \"8\"; memory \"181259784\n"
"From remote kernel:"
"\"PASS: \"\"pair is scalar and exact\"\n"
"From remote kernel:"
"\"RealSame\"\" \"\"PhotonWard\"\" pair \"8\",\"8\"; kernel \"4\"; memory \"163934552\n"
"From remote kernel:"
"\"PASS: \"\"pair is scalar and exact\"\n"
"From remote kernel:"
"\"PASS: \"\"pair is scalar and exact\"\n"
"From remote kernel:"
"\"PASS: \"\"pair is scalar and exact\"\n"
"From remote kernel:"
"\"PASS: \"\"pair is scalar and exact\"\n"
"From remote kernel:"
"\"PASS: \"\"pair is scalar and exact\"\n"
"From remote kernel:"
"\"PASS: \"\"pair is scalar and exact\"\n"
"From remote kernel:"
"\"PASS: \"\"pair is scalar and exact\"\n"
"From remote kernel:"
"\"PASS: \"\"pair is scalar and exact\"\n"
"PASS: ""RealSame PhotonWard pairs complete"
MONITOR_HEARTBEAT elapsed=212s rss=2400.4MiB peak=2431.3MiB
"RealSame_Charge0"" ""PhotonWard"": combining "36" pairs"
"PASS: ""RealSame_Charge0__PhotonWard"
"RealSame_Charge0__PhotonWard"" complete; leaves = "1
"From remote kernel:"
"\"RealDistinct\"\" \"\"Pg\"\" pair \"1\",\"1\"; kernel \"1\"; memory \"162317576\n"
"From remote kernel:"
"\"RealDistinct\"\" \"\"Pg\"\" pair \"1\",\"2\"; kernel \"2\"; memory \"184040160\n"
"From remote kernel:"
"\"RealDistinct\"\" \"\"Pg\"\" pair \"1\",\"3\"; kernel \"3\"; memory \"180120520\n"
"From remote kernel:"
"\"RealDistinct\"\" \"\"Pg\"\" pair \"1\",\"4\"; kernel \"4\"; memory \"164276576\n"
"From remote kernel:"
"\"RealDistinct\"\" \"\"Pg\"\" pair \"2\",\"2\"; kernel \"5\"; memory \"175873080\n"
"From remote kernel:"
"\"RealDistinct\"\" \"\"Pg\"\" pair \"2\",\"3\"; kernel \"6\"; memory \"162386536\n"
"From remote kernel:"
"\"RealDistinct\"\" \"\"Pg\"\" pair \"2\",\"4\"; kernel \"7\"; memory \"179240424\n"
"From remote kernel:"
"\"RealDistinct\"\" \"\"Pg\"\" pair \"3\",\"3\"; kernel \"8\"; memory \"182002616\n"
"From remote kernel:"
"\"PASS: \"\"pair is scalar and exact\"\n"
"From remote kernel:"
"\"RealDistinct\"\" \"\"Pg\"\" pair \"3\",\"4\"; kernel \"1\"; memory \"162424088\n"
"From remote kernel:"
"\"PASS: \"\"pair is scalar and exact\"\n"
"From remote kernel:"
"\"RealDistinct\"\" \"\"Pg\"\" pair \"4\",\"4\"; kernel \"2\"; memory \"184818984\n"
"From remote kernel:"
"\"PASS: \"\"pair is scalar and exact\"\n"
"From remote kernel:"
"\"PASS: \"\"pair is scalar and exact\"\n"
"From remote kernel:"
"\"PASS: \"\"pair is scalar and exact\"\n"
"From remote kernel:"
"\"PASS: \"\"pair is scalar and exact\"\n"
"From remote kernel:"
"\"PASS: \"\"pair is scalar and exact\"\n"
"From remote kernel:"
"\"PASS: \"\"pair is scalar and exact\"\n"
"From remote kernel:"
"\"PASS: \"\"pair is scalar and exact\"\n"
"From remote kernel:"
"\"PASS: \"\"pair is scalar and exact\"\n"
"PASS: ""RealDistinct Pg pairs complete"
"RealDistinct_Charge0"" ""Pg"": combining "3" pairs"
"RealDistinct_Charge0__Pg"" complete; leaves = "563
"RealDistinct_Charge1"" ""Pg"": combining "4" pairs"
"RealDistinct_Charge1__Pg"" complete; leaves = "2162
"RealDistinct_Charge2"" ""Pg"": combining "3" pairs"
"RealDistinct_Charge2__Pg"" complete; leaves = "4553
"From remote kernel:"
"\"RealDistinct\"\" \"\"Ppp\"\" pair \"1\",\"1\"; kernel \"1\"; memory \"163363040\n"
"From remote kernel:"
"\"RealDistinct\"\" \"\"Ppp\"\" pair \"1\",\"2\"; kernel \"2\"; memory \"185376192\n"
"From remote kernel:"
"\"RealDistinct\"\" \"\"Ppp\"\" pair \"1\",\"3\"; kernel \"3\"; memory \"180356728\n"
"From remote kernel:"
"\"RealDistinct\"\" \"\"Ppp\"\" pair \"1\",\"4\"; kernel \"4\"; memory \"165121376\n"
"From remote kernel:"
"\"RealDistinct\"\" \"\"Ppp\"\" pair \"2\",\"2\"; kernel \"5\"; memory \"176520632\n"
"From remote kernel:"
"\"RealDistinct\"\" \"\"Ppp\"\" pair \"2\",\"3\"; kernel \"6\"; memory \"162751072\n"
"From remote kernel:"
"\"RealDistinct\"\" \"\"Ppp\"\" pair \"2\",\"4\"; kernel \"7\"; memory \"180209720\n"
"From remote kernel:"
"\"RealDistinct\"\" \"\"Ppp\"\" pair \"3\",\"3\"; kernel \"8\"; memory \"183207800\n"
"From remote kernel:"
"\"PASS: \"\"pair is scalar and exact\"\n"
"From remote kernel:"
"\"RealDistinct\"\" \"\"Ppp\"\" pair \"3\",\"4\"; kernel \"1\"; memory \"163422096\n"
"From remote kernel:"
"\"PASS: \"\"pair is scalar and exact\"\n"
"From remote kernel:"
"\"RealDistinct\"\" \"\"Ppp\"\" pair \"4\",\"4\"; kernel \"2\"; memory \"185452184\n"
"From remote kernel:"
"\"PASS: \"\"pair is scalar and exact\"\n"
"From remote kernel:"
"\"PASS: \"\"pair is scalar and exact\"\n"
"From remote kernel:"
"\"PASS: \"\"pair is scalar and exact\"\n"
"From remote kernel:"
"\"PASS: \"\"pair is scalar and exact\"\n"
"From remote kernel:"
"\"PASS: \"\"pair is scalar and exact\"\n"
"From remote kernel:"
"\"PASS: \"\"pair is scalar and exact\"\n"
"From remote kernel:"
"\"PASS: \"\"pair is scalar and exact\"\n"
"From remote kernel:"
"\"PASS: \"\"pair is scalar and exact\"\n"
"PASS: ""RealDistinct Ppp pairs complete"
"RealDistinct_Charge0"" ""Ppp"": combining "3" pairs"
"RealDistinct_Charge0__Ppp"" complete; leaves = "73
"RealDistinct_Charge1"" ""Ppp"": combining "4" pairs"
"RealDistinct_Charge1__Ppp"" complete; leaves = "1664
"RealDistinct_Charge2"" ""Ppp"": combining "3" pairs"
"RealDistinct_Charge2__Ppp"" complete; leaves = "5122
"From remote kernel:"
"\"RealDistinct\"\" \"\"PhotonWard\"\" pair \"1\",\"1\"; kernel \"1\"; memory \"163867528\n"
"From remote kernel:"
"\"RealDistinct\"\" \"\"PhotonWard\"\" pair \"1\",\"2\"; kernel \"2\"; memory \"185693832\n"
"From remote kernel:"
"\"RealDistinct\"\" \"\"PhotonWard\"\" pair \"1\",\"3\"; kernel \"3\"; memory \"180491696\n"
"From remote kernel:"
"\"RealDistinct\"\" \"\"PhotonWard\"\" pair \"1\",\"4\"; kernel \"4\"; memory \"165301952\n"
"From remote kernel:"
"\"RealDistinct\"\" \"\"PhotonWard\"\" pair \"2\",\"2\"; kernel \"5\"; memory \"176676624\n"
"From remote kernel:"
"\"RealDistinct\"\" \"\"PhotonWard\"\" pair \"2\",\"3\"; kernel \"6\"; memory \"163339296\n"
"From remote kernel:"
"\"RealDistinct\"\" \"\"PhotonWard\"\" pair \"2\",\"4\"; kernel \"7\"; memory \"180303520\n"
"From remote kernel:"
"\"RealDistinct\"\" \"\"PhotonWard\"\" pair \"3\",\"3\"; kernel \"8\"; memory \"183820840\n"
"From remote kernel:"
"\"PASS: \"\"pair is scalar and exact\"\n"
"From remote kernel:"
"\"RealDistinct\"\" \"\"PhotonWard\"\" pair \"3\",\"4\"; kernel \"1\"; memory \"164013928\n"
"From remote kernel:"
"\"PASS: \"\"pair is scalar and exact\"\n"
"From remote kernel:"
"\"RealDistinct\"\" \"\"PhotonWard\"\" pair \"4\",\"4\"; kernel \"5\"; memory \"177293456\n"
"From remote kernel:"
"\"PASS: \"\"pair is scalar and exact\"\n"
"From remote kernel:"
"\"PASS: \"\"pair is scalar and exact\"\n"
"From remote kernel:"
"\"PASS: \"\"pair is scalar and exact\"\n"
"From remote kernel:"
"\"PASS: \"\"pair is scalar and exact\"\n"
"From remote kernel:"
"\"PASS: \"\"pair is scalar and exact\"\n"
"From remote kernel:"
"\"PASS: \"\"pair is scalar and exact\"\n"
"From remote kernel:"
"\"PASS: \"\"pair is scalar and exact\"\n"
"From remote kernel:"
"\"PASS: \"\"pair is scalar and exact\"\n"
"PASS: ""RealDistinct PhotonWard pairs complete"
"RealDistinct_Charge0"" ""PhotonWard"": combining "3" pairs"
"PASS: ""RealDistinct_Charge0__PhotonWard"
"RealDistinct_Charge0__PhotonWard"" complete; leaves = "1
"RealDistinct_Charge1"" ""PhotonWard"": combining "4" pairs"
"PASS: ""RealDistinct_Charge1__PhotonWard"
"RealDistinct_Charge1__PhotonWard"" complete; leaves = "1
"RealDistinct_Charge2"" ""PhotonWard"": combining "3" pairs"
"PASS: ""RealDistinct_Charge2__PhotonWard"
"RealDistinct_Charge2__PhotonWard"" complete; leaves = "1
"S03_SUCCESS; peak main-kernel memory = "427079816
MONITOR_WAKE {"stage": "s03", "source": "s03_contract_real.wl", "source_sha256": "7f79d99eea7a3da932f45cc1c7c4d30e91e0acf30111259b316c50fdc329c4e0", "job_id": "14689094", "host": "n6405", "exit_code": 0, "success_marker": true, "accepted_execution": true, "guard": null, "peak_rss_bytes": 2549448704, "elapsed_seconds": 228.72345545887947, "completed_utc": "2026-09-06T17:25:20.181650+00:00"}
