MONITOR_START job=14689100 host=n7678 kernel_pid=28753
"PASS: ""S02 source identity"
"PASS: ""S01 source identity"
"PASS: ""splitting-function tool evaluated"
"PASS: ""gluon momentum sum rule fixes one kernel normalization"
"PASS: ""kernel normalizations are exact constants"
"PASS: ""Pqq agrees with paper Eq. 51"
"PASS: ""Pqg agrees with paper Eq. 52"
"PASS: ""Pgq agrees with paper Eq. 53"
"PASS: ""quark number sum rule"
"PASS: ""quark momentum sum rule"
"PASS: ""gluon momentum sum rule"
"Derived kernel normalizations = "InputForm[<|"Pqq" -> 1/2, "Pqg" -> 1/4, "Pgq" -> 1/2, "Pgg" -> 1/2|>]
"PASS: ""generated Born observation momentum is k1"
"PASS: ""generated Born observation momentum is k1"
"PASS: ""generated Born observation momentum is k1"
"PASS: ""selected routes have generated tagged Born inputs and tool kernels"
"PASS: ""Eq. 46 routes are unique"
"Generated Eq. 46 routes = "InputForm[{<|"Born" -> "Born", "Incoming" -> quark, "Observed" -> quark, "Side" -> "PDF", "Kernel" -> "Pqq"|>, <|"Born" -> "AuxHgqBorn", "Incoming" -> gluon, "Observed" -> quark, "Side" -> "PDF", "Kernel" -> "Pgq"|>, <|"Born" -> "Born", "Incoming" -> quark, "Observed" -> quark, "Side" -> "FF", "Kernel" -> "Pqq"|>, <|"Born" -> "AuxHqgBorn", "Incoming" -> quark, "Observed" -> gluon, "Side" -> "FF", "Kernel" -> "Pqg"|>}]
"PASS: ""scaled invariants contain no unresolved scalar products"
"PASS: ""unscaled recoil is s23"
"PASS: ""convolution roots lie inside the partonic support"
"PASS: ""projector conversion does not depend on the tensor coefficients"
"PASS: ""plus mapping has a positive endpoint scale"
"PASS: ""auxiliary endpoint pole cancels"
"PASS: ""mapped convolution reconstructs its ordinary part"
"PASS: ""mapped convolution reconstructs its ordinary part"
"PASS: ""plus mapping has a positive endpoint scale"
"PASS: ""auxiliary endpoint pole cancels"
"PASS: ""mapped convolution reconstructs its ordinary part"
"PASS: ""mapped convolution reconstructs its ordinary part"
"PASS: ""plus mapping has a positive endpoint scale"
"PASS: ""auxiliary endpoint pole cancels"
"PASS: ""mapped convolution reconstructs its ordinary part"
"PASS: ""mapped convolution reconstructs its ordinary part"
"PASS: ""plus mapping has a positive endpoint scale"
"PASS: ""auxiliary endpoint pole cancels"
"PASS: ""mapped convolution reconstructs its ordinary part"
"PASS: ""mapped convolution reconstructs its ordinary part"
"S08_SUCCESS; peak memory = "296337296" bytes."
MONITOR_WAKE {"stage": "s08", "source": "s08_collinear_subtraction.wl", "source_sha256": "6b821fc64d1b8b593f6635dd49269a36b62588903c1681763a1e6b034cfe865d", "job_id": "14689100", "host": "n7678", "exit_code": 0, "success_marker": true, "accepted_execution": true, "guard": null, "peak_rss_bytes": 366780416, "elapsed_seconds": 15.538834359496832, "completed_utc": "2026-09-06T17:23:37.417020+00:00"}
