"S03_CHANNEL_START ""Hqq_v2"
"S03_CHANNEL_REUSED ""Hqq_v2"
"S03_CHANNEL_START ""Hgg"
"S03_CHANNEL_REUSED ""Hgg"
"S03_CHANNEL_START ""Hqqbar"
"S03_CHANNEL_REUSED ""Hqqbar"
"S03_CHANNEL_START ""Hqqprime"
"S03_CHANNEL_REUSED ""Hqqprime"
"S03_CHANNEL_START ""Hgq_v4"
"S03_LOAD ""Fhats/Hgq_v4/s10_result.wl"
"S03_LOADED ""Fhats/Hgq_v4/s10_result.wl"" memory="319934560
"S03_V4_ACCEPTANCE_PASSED"
"S03_V4_PLUS_PASSED "InputForm[{s23/B}]
"S03_V4_CHARGE_DEGREES "InputForm[{2}]
"S03_V4_LO_DEGREES "InputForm[{1}]
"S03_V4_CONSUMER "InputForm[<|"Status" -> "Complete", "InputSHA256" -> "575ea96993eb9a86cfeddb6e10d61c0147e3bf74d35bc25eaf3dbb03fceb9bfe", "Checks" -> <|"source_hash" -> True, "regulator_cancellation" -> True, "pole_acceptance" -> True, "pole_input_identity" -> True, "all_pole_residues_zero" -> True|>, "PlusDefinition" -> "\"Ln=[Log[s23/B]^n/s23]_+ on [0,B]\"", "PlusLogArgument" -> "ss/B", "NormalizedPlusLogarithm" -> True, "BranchCoordinates" -> "<|1 -> omega -> s + t, -1 -> omega -> -s - t|>", "BranchDomains" -> "<|1 -> s + t > 0, -1 -> s + t < 0|>", "CoordinateBoundaryPresent" -> True, "ChargeDegree" -> 2, "LOAlphaDegree" -> 1, "NLOAlphaDegree" -> 2|>]
"S03_INSPECTED ""Fhats/Hgq_v4/s10_result.wl"" memory="534961144
"S03_CHANNEL_DONE ""Hgq_v4"
"S03_CHANNEL_START ""Hqg_v3"
"S03_CHANNEL_REUSED ""Hqg_v3"
"S03_SUCCESS"
