"PASS: ""authorized local assembly"
"PASS: ""complete source syntax"
"PASS: ""pinned GitHub real assembly"
"PASS: ""accepted real scalar map"
"PASS: ""complete real reduction coverage"
"PASS: ""accepted unchanged scalar library"
"PASS: ""s08 unchanged scalar input"
"PASS: ""s10 unchanged scalar input"
"PASS: ""s15 unchanged scalar input"
"PASS: ""accepted cut values and regions"
"PASS: ""region input identity s08_result.wl"
"PASS: ""region input identity s10_result.wl"
"PASS: ""recorded scalar coordinate conversion"
"PASS: ""every required master has its unchanged value"
"PASS: ""regulated endpoint integral evaluated"
"PASS: ""actual local master-coefficient runtime"
"PASS: ""accepted local master-coefficient receipt"
"PASS: ""complete real-assembly component interface"
"PASS: ""exact real-assembly consumer values retained"
"S12_INPUT_PROJECTION "InputForm[<|"OriginalComponentBytes" -> 1092116496, "ProjectedComponentBytes" -> 1083454464, "ComponentCount" -> 98, "Fields" -> {"Sector", "Kind", "Index", "ReducedCoefficients"}|>]
"PASS: ""memory-only source edit coverage"
"PASS: ""complete memory-only source reconstruction"
"PASS: ""complete previous calculation identity retained"
"PASS: ""pinned accepted component cache"
"PASS: ""cached component index in actual map"
"PASS: ""accepted component and unchanged actual input"
"PASS: ""entire cached payload preserved"
"PASS: ""bounded compressed assembly file"
"PASS: ""exact native assembly reload"
"ACCEPTED_COMPONENTS_REUSED "35" "{1, 2, 3, 4, 5, 6, 7, 8, 9, 10, 11, 12, 13, 14, 15, 16, 17, 18, 19, 20, 21, 22, 23, 24, 25, 26, 27, 28, 29, 30, 31, 32, 33, 34, 81}
"PASS: ""pinned executed reference recurrence and receipt"
"PASS: ""accepted reference recurrence with unchanged equations"
"PASS: ""same standalone reference implementation"
"PASS: ""same accepted scalar master s08"
"PASS: ""same accepted scalar master s10"
"PASS: ""same accepted scalar master s15"
"PASS: ""unique executed recurrence predicate"
"PASS: ""native recurrence predicate syntax"
"PASS: ""accepted exact argument comparison receipt"
"PASS: ""exact executed argument normalization installed"
"PASS: ""exact executed recurrence definitions installed"
"PASS: ""unique complete reference product definition"
"PASS: ""single bounded product correction"
"PASS: ""complete product correction syntax and reversible source"
"PASS: ""accepted reference factorization definitions"
"PASS: ""exact reference endpoint factorization installed"
"PASS: ""original ordinary coefficient calculation syntax"
"PASS: ""own nonzero ordinary control available"
"OWN_REFERENCE_SERIES_CONTROL ""Hgg"" component "81" input_bytes "1898280
"PASS: ""exact saved original ordinary reused"
"PASS: ""candidate preserves transverse substitution"
"PASS: ""native master retains its regulator remainder"
"PASS: ""coefficient valuation is rational"
"PASS: ""integer coefficient regulator valuation"
"PASS: ""actual coefficient preserves required master depth"
"PASS: ""integer master Laurent support"
"PASS: ""master Laurent coefficients independent of regulator"
"PASS: ""complete master Laurent reconstruction"
"PASS: ""rational coefficient has polynomial regulator support"
"PASS: ""integer rational identity coverage"
"PASS: ""complete truncated rational numerator reconstruction"
"RATIONAL_MASTER_SERIES "{81, CutIntegral["R01", {1, 1, 0, 0}]}" order "0" seconds "0.017076" input bytes "924048" output bytes "505560
"PASS: ""canonical special-function argument exactly preserved"
"PASS: ""product agrees through requested regulator order"
"PASS: ""native product contains no higher regulator powers"
"RATIONAL_MASTER_SERIES "{81, CutIntegral["R01", {1, 1, 1, 1}]}" order "1" seconds "0.001036" input bytes "32480" output bytes "46376
"RATIONAL_MASTER_SERIES "{81, CutIntegral["R02", {1, 1, 1, 1}]}" order "1" seconds "0.007865" input bytes "356016" output bytes "359456
"RATIONAL_MASTER_SERIES "{81, CutIntegral["R03", {1, 1, 0, 1}]}" order "0" seconds "0.019389" input bytes "1142632" output bytes "112280
"RATIONAL_MASTER_SERIES "{81, CutIntegral["R03", {1, 1, 1, 1}]}" order "1" seconds "0.011762" input bytes "460088" output bytes "686360
"RATIONAL_MASTER_SERIES "{81, CutIntegral["R04", {1, 1, 1, 1}]}" order "1" seconds "0.009844" input bytes "232208" output bytes "239080
"RATIONAL_MASTER_SERIES "{81, CutIntegral["R09", {1, 1, 1, 1}]}" order "1" seconds "0.008584" input bytes "364728" output bytes "513208
"RATIONAL_MASTER_SERIES "{81, CutIntegral["R10", {1, 1, 1, 1}]}" order "1" seconds "0.012976" input bytes "398912" output bytes "282528
"PASS: ""own complete original ordinary contribution reproduced"
"PASS: ""bounded own recurrence comparison output"
"PASS: ""exact own recurrence comparison reload"
"PASS: ""own reference recurrence comparison accepted"
"OWN_REFERENCE_SERIES_ACCEPTED ""Hgg"" "InputForm[<|"ControlIndex" -> 81, "OriginalSeconds" -> 0, "CandidateSeconds" -> 32.137221|>]
"PASS: ""only general recoil definition retained"
"PASS: ""accepted own complete original control"
"REAL_ASSEMBLY ""Hgg"" "81" ""Real"" ""ExtendedResponse"" "{7, 4, 3}
"PASS: ""physical transverse coordinate inserted"
"PASS: ""reused own ordinary coefficient exact task"
"PASS: ""ordinary cut contraction is symbolic and evaluated"
"REAL_ENDPOINT ""Hgg"" "81" branch "1
"PASS: ""regulated soft power is affine with integer recoil degree"
"PASS: ""exact factored recoil coefficient"
"PASS: ""exact reduced logarithmic derivative"
"PASS: ""factored recoil valuation is an unconditional integer"
"RECOIL_FACTORIZATION branch "1" factor_seconds "0.504928" original_bytes "943600" factored_bytes "235232" derivative_bytes "1592608" reduced_bytes "1240544" valuation "InputForm[0]
"PASS: ""spin coefficient has integer recoil valuation"
"PASS: ""unique physical soft-region parameter"
"PASS: ""region recoil valuation is a positive integer"
"PASS: ""region expansion remains on its positive physical side"
"RECOIL_FACTORIZATION branch "1" factor_seconds "0.046264" original_bytes "65912" factored_bytes "7872" derivative_bytes "54800" reduced_bytes "65392" valuation "InputForm[1]
"RECOIL_FACTORIZATION branch "1" factor_seconds "0.305302" original_bytes "515048" factored_bytes "116016" derivative_bytes "659168" reduced_bytes "424224" valuation "InputForm[0]
"RECOIL_FACTORIZATION branch "1" factor_seconds "0.501417" original_bytes "896792" factored_bytes "230368" derivative_bytes "1330808" reduced_bytes "953560" valuation "InputForm[0]
"RECOIL_FACTORIZATION branch "1" factor_seconds "0.407571" original_bytes "757632" factored_bytes "31568" derivative_bytes "241688" reduced_bytes "448088" valuation "InputForm[0]
"RECOIL_FACTORIZATION branch "1" factor_seconds "0.025427" original_bytes "104104" factored_bytes "71568" derivative_bytes "329784" reduced_bytes "236992" valuation "InputForm[0]
"RECOIL_FACTORIZATION branch "1" factor_seconds "0.355352" original_bytes "649800" factored_bytes "20104" derivative_bytes "155992" reduced_bytes "226256" valuation "InputForm[0]
"RECOIL_FACTORIZATION branch "1" factor_seconds "0.292332" original_bytes "477328" factored_bytes "116712" derivative_bytes "549904" reduced_bytes "457384" valuation "InputForm[0]
"PASS: ""endpoint regulator has the defining convergence orientation"
"PASS: ""no higher logarithmic plus distribution survives"
"REAL_ENDPOINT ""Hgg"" "81" branch "-1
"RECOIL_FACTORIZATION branch "-1" factor_seconds "0.541443" original_bytes "1006048" factored_bytes "235136" derivative_bytes "1592032" reduced_bytes "1240352" valuation "InputForm[0]
"RECOIL_FACTORIZATION branch "-1" factor_seconds "0.045362" original_bytes "70400" factored_bytes "7800" derivative_bytes "54416" reduced_bytes "65200" valuation "InputForm[1]
"RECOIL_FACTORIZATION branch "-1" factor_seconds "0.32067" original_bytes "550232" factored_bytes "115920" derivative_bytes "658688" reduced_bytes "424080" valuation "InputForm[0]
"RECOIL_FACTORIZATION branch "-1" factor_seconds "0.50592" original_bytes "955808" factored_bytes "230392" derivative_bytes "1331144" reduced_bytes "953512" valuation "InputForm[0]
"RECOIL_FACTORIZATION branch "-1" factor_seconds "0.443766" original_bytes "808656" factored_bytes "31328" derivative_bytes "239912" reduced_bytes "447728" valuation "InputForm[0]
"RECOIL_FACTORIZATION branch "-1" factor_seconds "0.024612" original_bytes "104152" factored_bytes "71424" derivative_bytes "329088" reduced_bytes "236776" valuation "InputForm[0]
"RECOIL_FACTORIZATION branch "-1" factor_seconds "0.381524" original_bytes "693768" factored_bytes "20176" derivative_bytes "156592" reduced_bytes "226208" valuation "InputForm[0]
"RECOIL_FACTORIZATION branch "-1" factor_seconds "0.288575" original_bytes "509320" factored_bytes "116712" derivative_bytes "550072" reduced_bytes "457360" valuation "InputForm[0]
"PASS: ""bounded compressed assembly file"
"PASS: ""exact native assembly reload"
"REAL_ASSEMBLY_ACCEPTED ""Hgg"" "81
"PASS: ""component recoil definitions restored"
"COMPONENT_MEMORY "81" temporary_memo_bytes "19363144" memory_before "1349116128" memory_after "1221830040
"PASS: ""own factored full component accepted"
"PASS: ""own complete ordinary unchanged"
"PASS: ""own complete branch assumptions unchanged"
"PASS: ""own complete branch {1, Delta}"
"PASS: ""own complete branch {1, L0}"
"PASS: ""own complete branch {1, L1}"
"PASS: ""own complete branch {1, Regular}"
"PASS: ""own soft support unchanged"
"PASS: ""own soft coefficients unchanged"
"PASS: ""own complete branch {-1, Delta}"
"PASS: ""own complete branch {-1, L0}"
"PASS: ""own complete branch {-1, L1}"
"PASS: ""own complete branch {-1, Regular}"
"PASS: ""bounded factored comparison output"
"PASS: ""exact factored comparison reload"
"PASS: ""complete own factored-input comparison accepted"
"OWN_FACTORED_INPUTS_ACCEPTED ""Hgg"" "InputForm[<|"ControlIndex" -> 81, "OriginalSeconds" -> 0, "ControlSeconds" -> 40.188104|>]
"PASS: ""unique unchanged integration worker and output interfaces"
"PASS: ""complete original integration tail retained"
"PASS: ""unique local assembly export"
"PASS: ""unchanged complete integration tail after provenance"
"PASS: ""complete worker task-call coverage"
"PASS: ""only task memory scope changed"
"PASS: ""bounded local assembly workers"
"PASS: ""local assembly worker runtime"
"PASS: ""workers share compute allocation"
"kernel 1 (localhost):"
"Style[\"Loading FeynCalc from /home/physics/.WolframEngine/Applications/FeynCalc/\", \"Text\"]\n"
"kernel 2 (localhost):"
"Style[\"Loading FeynCalc from /home/physics/.WolframEngine/Applications/FeynCalc/\", \"Text\"]\n"
"kernel 1 (localhost):"
"$PrePrint is set to FeynCalcForm. Use FI and FC to change the display format.\n"
"kernel 2 (localhost):"
"$PrePrint is set to FeynCalcForm. Use FI and FC to change the display format.\n"
"kernel 1 (localhost):"
"Style[\"FeynCalc \", \"Text\", Bold]Style[\"10.2.1 (stable version). For help, use the \", \"Text\"]Style[DisplayForm[ButtonBox[\"online documentation,\", ButtonData :> {URL[\"https://feyncalc.github.io/referenceDev\"], None}, BaseStyle -> \"Hyperlink\", ButtonNote -> \"https://feyncalc.github.io/referenceDev\"]], \"Text\"]Style[\" visit the \", \"Text\"]Style[DisplayForm[ButtonBox[\"forum\", ButtonData :> {URL[\"https://github.com/FeynCalc/feyncalc/discussions\"], None}, BaseStyle -> \"Hyperlink\", ButtonNote -> \"https://github.com/FeynCalc/feyncalc/discussions/\"]], \"Text\"]Style[\" and have a look at the supplied \", \"Text\"]Style[DisplayForm[ButtonBox[\"examples.\", BaseStyle -> \"Hyperlink\", ButtonFunction :> SystemOpen[FileNameJoin[{$FeynCalcDirectory, \"Examples\"}]], Evaluator -> Automatic, Method -> \"Preemptive\"]], \"Text\"]Style[\" The PDF-version of the manual can be downloaded \", \"Text\"]Style[DisplayForm[ButtonBox[\"here.\", ButtonData :> {URL[\"https://github.com/FeynCalc/feyncalc-manual/releases/download/dev-manual/FeynCalcManual.pdf\"], None}, BaseStyle -> \"Hyperlink\", ButtonNote -> \"https://github.com/FeynCalc/feyncalc-manual/releases/download/dev-manual/FeynCalcManual.pdf\"]], \"Text\"]\n"
"kernel 1 (localhost):"
"Style[\"If you use FeynCalc in your research, please evaluate FeynCalcHowToCite[] to learn how to cite this software.\", \"Text\"]\n"
"kernel 2 (localhost):"
"Style[\"FeynCalc \", \"Text\", Bold]Style[\"10.2.1 (stable version). For help, use the \", \"Text\"]Style[DisplayForm[ButtonBox[\"online documentation,\", ButtonData :> {URL[\"https://feyncalc.github.io/referenceDev\"], None}, BaseStyle -> \"Hyperlink\", ButtonNote -> \"https://feyncalc.github.io/referenceDev\"]], \"Text\"]Style[\" visit the \", \"Text\"]Style[DisplayForm[ButtonBox[\"forum\", ButtonData :> {URL[\"https://github.com/FeynCalc/feyncalc/discussions\"], None}, BaseStyle -> \"Hyperlink\", ButtonNote -> \"https://github.com/FeynCalc/feyncalc/discussions/\"]], \"Text\"]Style[\" and have a look at the supplied \", \"Text\"]Style[DisplayForm[ButtonBox[\"examples.\", BaseStyle -> \"Hyperlink\", ButtonFunction :> SystemOpen[FileNameJoin[{$FeynCalcDirectory, \"Examples\"}]], Evaluator -> Automatic, Method -> \"Preemptive\"]], \"Text\"]Style[\" The PDF-version of the manual can be downloaded \", \"Text\"]Style[DisplayForm[ButtonBox[\"here.\", ButtonData :> {URL[\"https://github.com/FeynCalc/feyncalc-manual/releases/download/dev-manual/FeynCalcManual.pdf\"], None}, BaseStyle -> \"Hyperlink\", ButtonNote -> \"https://github.com/FeynCalc/feyncalc-manual/releases/download/dev-manual/FeynCalcManual.pdf\"]], \"Text\"]\n"
"kernel 1 (localhost):"
"Style[\"Please keep in mind that the proper academic attribution of our work is crucial to ensure the future development of this package!\", {\"Text\", Italic}]\n"
"kernel 2 (localhost):"
"Style[\"If you use FeynCalc in your research, please evaluate FeynCalcHowToCite[] to learn how to cite this software.\", \"Text\"]\n"
"kernel 2 (localhost):"
"Style[\"Please keep in mind that the proper academic attribution of our work is crucial to ensure the future development of this package!\", {\"Text\", Italic}]\n"
"kernel 1 (localhost):"
"\"PASS: \"\"component recoil definitions restored\"\n"
"kernel 1 (localhost):"
"\"COMPONENT_MEMORY \"1\" temporary_memo_bytes \"5016\" memory_before \"173345376\" memory_after \"185251288\n"
"kernel 2 (localhost):"
"\"PASS: \"\"component recoil definitions restored\"\n"
"kernel 2 (localhost):"
"\"COMPONENT_MEMORY \"2\" temporary_memo_bytes \"5016\" memory_before \"169824296\" memory_after \"179265928\n"
"kernel 1 (localhost):"
"\"COMPONENT_MEMORY \"3\" temporary_memo_bytes \"5016\" memory_before \"168953680\" memory_after \"171089256\n"
"kernel 2 (localhost):"
"\"COMPONENT_MEMORY \"4\" temporary_memo_bytes \"5016\" memory_before \"169375160\" memory_after \"178247280\n"
"kernel 2 (localhost):"
"\"COMPONENT_MEMORY \"6\" temporary_memo_bytes \"5016\" memory_before \"167513888\" memory_after \"169241664\n"
"kernel 1 (localhost):"
"\"COMPONENT_MEMORY \"5\" temporary_memo_bytes \"5016\" memory_before \"172209176\" memory_after \"186049392\n"
"kernel 2 (localhost):"
"\"COMPONENT_MEMORY \"7\" temporary_memo_bytes \"5016\" memory_before \"166421040\" memory_after \"175531816\n"
"kernel 1 (localhost):"
"\"COMPONENT_MEMORY \"8\" temporary_memo_bytes \"5016\" memory_before \"165983800\" memory_after \"169171576\n"
"kernel 2 (localhost):"
"\"COMPONENT_MEMORY \"9\" temporary_memo_bytes \"5016\" memory_before \"170617704\" memory_after \"173435400\n"
"kernel 1 (localhost):"
"\"COMPONENT_MEMORY \"10\" temporary_memo_bytes \"5016\" memory_before \"169483144\" memory_after \"172177208\n"
"kernel 2 (localhost):"
"\"COMPONENT_MEMORY \"11\" temporary_memo_bytes \"5016\" memory_before \"172500296\" memory_after \"174729096\n"
"kernel 1 (localhost):"
"\"COMPONENT_MEMORY \"12\" temporary_memo_bytes \"5016\" memory_before \"187069032\" memory_after \"220248864\n"
"kernel 2 (localhost):"
"\"COMPONENT_MEMORY \"13\" temporary_memo_bytes \"5016\" memory_before \"180754912\" memory_after \"209031504\n"
"kernel 1 (localhost):"
"\"COMPONENT_MEMORY \"14\" temporary_memo_bytes \"5016\" memory_before \"179679800\" memory_after \"186313048\n"
"kernel 2 (localhost):"
"\"COMPONENT_MEMORY \"15\" temporary_memo_bytes \"5016\" memory_before \"180293520\" memory_after \"207550792\n"
"kernel 1 (localhost):"
"\"COMPONENT_MEMORY \"16\" temporary_memo_bytes \"5016\" memory_before \"184286544\" memory_after \"217614800\n"
"kernel 2 (localhost):"
"\"COMPONENT_MEMORY \"17\" temporary_memo_bytes \"5016\" memory_before \"177100992\" memory_after \"182998200\n"
"kernel 1 (localhost):"
"\"COMPONENT_MEMORY \"18\" temporary_memo_bytes \"5016\" memory_before \"172541088\" memory_after \"197085696\n"
"kernel 2 (localhost):"
"\"COMPONENT_MEMORY \"19\" temporary_memo_bytes \"5016\" memory_before \"174165760\" memory_after \"193090088\n"
"kernel 1 (localhost):"
"\"COMPONENT_MEMORY \"20\" temporary_memo_bytes \"5016\" memory_before \"180098336\" memory_after \"187004336\n"
"kernel 2 (localhost):"
"\"COMPONENT_MEMORY \"21\" temporary_memo_bytes \"5016\" memory_before \"178061576\" memory_after \"184525608\n"
"kernel 1 (localhost):"
"\"COMPONENT_MEMORY \"22\" temporary_memo_bytes \"5016\" memory_before \"184146728\" memory_after \"189776240\n"
"kernel 2 (localhost):"
"\"COMPONENT_MEMORY \"23\" temporary_memo_bytes \"5016\" memory_before \"181839936\" memory_after \"204706200\n"
"kernel 1 (localhost):"
"\"COMPONENT_MEMORY \"24\" temporary_memo_bytes \"5016\" memory_before \"176234616\" memory_after \"194978080\n"
"kernel 2 (localhost):"
"\"COMPONENT_MEMORY \"25\" temporary_memo_bytes \"5016\" memory_before \"175851656\" memory_after \"180414440\n"
"kernel 1 (localhost):"
"\"COMPONENT_MEMORY \"26\" temporary_memo_bytes \"5016\" memory_before \"176235536\" memory_after \"194979376\n"
"kernel 2 (localhost):"
"\"COMPONENT_MEMORY \"27\" temporary_memo_bytes \"5016\" memory_before \"179656456\" memory_after \"202900544\n"
"kernel 1 (localhost):"
"\"COMPONENT_MEMORY \"28\" temporary_memo_bytes \"5016\" memory_before \"174202992\" memory_after \"178498040\n"
"kernel 1 (localhost):"
"\"COMPONENT_MEMORY \"30\" temporary_memo_bytes \"5016\" memory_before \"160947320\" memory_after \"160954792\n"
"kernel 1 (localhost):"
"\"COMPONENT_MEMORY \"31\" temporary_memo_bytes \"5016\" memory_before \"160947536\" memory_after \"160955008\n"
"kernel 2 (localhost):"
"\"COMPONENT_MEMORY \"29\" temporary_memo_bytes \"5016\" memory_before \"169342568\" memory_after \"183901384\n"
"kernel 1 (localhost):"
"\"COMPONENT_MEMORY \"32\" temporary_memo_bytes \"5016\" memory_before \"171655512\" memory_after \"183968824\n"
"kernel 2 (localhost):"
"\"COMPONENT_MEMORY \"33\" temporary_memo_bytes \"5016\" memory_before \"175852984\" memory_after \"180419120\n"
"kernel 1 (localhost):"
"\"COMPONENT_MEMORY \"34\" temporary_memo_bytes \"5016\" memory_before \"174200752\" memory_after \"178492944\n"
"kernel 2 (localhost):"
"\"REAL_ASSEMBLY \"\"Hgg\"\" \"35\" \"\"Real\"\" \"\"ExtendedResponse\"\" \"{3, 5, 5}\n"
"kernel 2 (localhost):"
"\"PASS: \"\"physical transverse coordinate inserted\"\n"
"kernel 2 (localhost):"
"\"PASS: \"\"candidate preserves transverse substitution\"\n"
"kernel 2 (localhost):"
"\"PASS: \"\"native master retains its regulator remainder\"\n"
"kernel 1 (localhost):"
"\"REAL_ASSEMBLY \"\"Hgg\"\" \"36\" \"\"Real\"\" \"\"ExtendedResponse\"\" \"{4, 1, 1}\n"
"kernel 1 (localhost):"
"\"PASS: \"\"physical transverse coordinate inserted\"\n"
"kernel 1 (localhost):"
"\"PASS: \"\"candidate preserves transverse substitution\"\n"
"kernel 1 (localhost):"
"\"PASS: \"\"native master retains its regulator remainder\"\n"
"kernel 2 (localhost):"
"\"PASS: \"\"coefficient valuation is rational\"\n"
"kernel 2 (localhost):"
"\"PASS: \"\"integer coefficient regulator valuation\"\n"
"kernel 2 (localhost):"
"\"PASS: \"\"actual coefficient preserves required master depth\"\n"
"kernel 2 (localhost):"
"\"PASS: \"\"integer master Laurent support\"\n"
"kernel 2 (localhost):"
"\"PASS: \"\"master Laurent coefficients independent of regulator\"\n"
"kernel 2 (localhost):"
"\"PASS: \"\"complete master Laurent reconstruction\"\n"
"kernel 2 (localhost):"
"\"PASS: \"\"rational coefficient has polynomial regulator support\"\n"
"kernel 2 (localhost):"
"\"PASS: \"\"integer rational identity coverage\"\n"
"kernel 2 (localhost):"
"\"PASS: \"\"complete truncated rational numerator reconstruction\"\n"
"kernel 2 (localhost):"
"\"RATIONAL_MASTER_SERIES \"{35, CutIntegral[\"R01\", {1, 1, 0, 0}]}\" order \"0\" seconds \"0.052606\" input bytes \"5269280\" output bytes \"565552\n"
"kernel 2 (localhost):"
"\"PASS: \"\"canonical special-function argument exactly preserved\"\n"
"kernel 2 (localhost):"
"\"PASS: \"\"product agrees through requested regulator order\"\n"
"kernel 2 (localhost):"
"\"MASTER_PRODUCT_TRUNCATED \"{35, CutIntegral[\"R01\", {1, 1, 0, 0}]}\" first_discarded_power \"1\" requested_order \"0\n"
"kernel 2 (localhost):"
"\"PASS: \"\"native product contains no higher regulator powers\"\n"
"kernel 2 (localhost):"
"\"RATIONAL_MASTER_SERIES \"{35, CutIntegral[\"R01\", {1, 1, 1, 1}]}\" order \"1\" seconds \"0.000779\" input bytes \"79352\" output bytes \"18376\n"
"kernel 2 (localhost):"
"\"RATIONAL_MASTER_SERIES \"{35, CutIntegral[\"R02\", {1, 1, 1, 1}]}\" order \"1\" seconds \"0.007666\" input bytes \"908760\" output bytes \"122072\n"
"kernel 2 (localhost):"
"\"RATIONAL_MASTER_SERIES \"{35, CutIntegral[\"R03\", {1, 1, 0, 1}]}\" order \"0\" seconds \"0.070113\" input bytes \"7043120\" output bytes \"16\n"
"kernel 2 (localhost):"
"\"RATIONAL_MASTER_SERIES \"{35, CutIntegral[\"R03\", {1, 1, 1, 1}]}\" order \"1\" seconds \"0.012472\" input bytes \"1367024\" output bytes \"218256\n"
"kernel 2 (localhost):"
"\"RATIONAL_MASTER_SERIES \"{35, CutIntegral[\"R04\", {1, 1, 1, 1}]}\" order \"1\" seconds \"0.004226\" input bytes \"703576\" output bytes \"86560\n"
"kernel 2 (localhost):"
"\"RATIONAL_MASTER_SERIES \"{35, CutIntegral[\"R09\", {1, 1, 1, 1}]}\" order \"1\" seconds \"0.013255\" input bytes \"1367024\" output bytes \"218256\n"
"kernel 2 (localhost):"
"\"RATIONAL_MASTER_SERIES \"{35, CutIntegral[\"R10\", {1, 1, 1, 1}]}\" order \"1\" seconds \"0.004049\" input bytes \"703552\" output bytes \"86560\n"
"kernel 2 (localhost):"
"\"PASS: \"\"ordinary cut contraction is symbolic and evaluated\"\n"
"kernel 2 (localhost):"
"\"REAL_ENDPOINT \"\"Hgg\"\" \"35\" branch \"1\n"
"kernel 2 (localhost):"
"\"PASS: \"\"regulated soft power is affine with integer recoil degree\"\n"
"kernel 2 (localhost):"
"\"PASS: \"\"exact factored recoil coefficient\"\n"
"kernel 2 (localhost):"
"\"PASS: \"\"exact reduced logarithmic derivative\"\n"
"kernel 2 (localhost):"
"\"PASS: \"\"factored recoil valuation is an unconditional integer\"\n"
"kernel 2 (localhost):"
"\"RECOIL_FACTORIZATION branch \"1\" factor_seconds \"0.185438\" original_bytes \"4416104\" factored_bytes \"3756904\" derivative_bytes \"18391352\" reduced_bytes \"10112312\" valuation \"InputForm[0]\n"
"kernel 2 (localhost):"
"\"PASS: \"\"spin coefficient has integer recoil valuation\"\n"
"kernel 2 (localhost):"
"\"RECOIL_FACTORIZATION branch \"1\" factor_seconds \"0.008182\" original_bytes \"150408\" factored_bytes \"31984\" derivative_bytes \"184744\" reduced_bytes \"150008\" valuation \"InputForm[1]\n"
"kernel 2 (localhost):"
"\"RECOIL_FACTORIZATION branch \"1\" factor_seconds \"0.048147\" original_bytes \"1145368\" factored_bytes \"778960\" derivative_bytes \"3702832\" reduced_bytes \"1585744\" valuation \"InputForm[0]\n"
"kernel 1 (localhost):"
"\"FAIL: \"\"coefficient regulator valuation memory limit\"\n"
"kernel 1 (localhost):"
"\"COMPONENT_MEMORY \"36\" temporary_memo_bytes \"5016\" memory_before \"179314816\" memory_after \"195698640\n"
"kernel 1 (localhost):"
"\"REAL_ASSEMBLY \"\"Hgg\"\" \"37\" \"\"Real\"\" \"\"ExtendedResponse\"\" \"{4, 1, 2}\n"
"kernel 1 (localhost):"
"\"PASS: \"\"physical transverse coordinate inserted\"\n"
"kernel 1 (localhost):"
"\"PASS: \"\"candidate preserves transverse substitution\"\n"
"kernel 1 (localhost):"
"\"PASS: \"\"native master retains its regulator remainder\"\n"
"kernel 2 (localhost):"
"\"RECOIL_FACTORIZATION branch \"1\" factor_seconds \"0.397697\" original_bytes \"6388552\" factored_bytes \"4731472\" derivative_bytes \"23177728\" reduced_bytes \"12591160\" valuation \"InputForm[0]\n"
"kernel 2 (localhost):"
"\"RECOIL_FACTORIZATION branch \"1\" factor_seconds \"0.103511\" original_bytes \"2356392\" factored_bytes \"256824\" derivative_bytes \"1736016\" reduced_bytes \"2294224\" valuation \"InputForm[0]\n"
"kernel 2 (localhost):"
"\"RECOIL_FACTORIZATION branch \"1\" factor_seconds \"0.102523\" original_bytes \"1780760\" factored_bytes \"1237632\" derivative_bytes \"4679120\" reduced_bytes \"2669264\" valuation \"InputForm[0]\n"
"kernel 2 (localhost):"
"\"RECOIL_FACTORIZATION branch \"1\" factor_seconds \"0.08884\" original_bytes \"2326008\" factored_bytes \"304056\" derivative_bytes \"2068000\" reduced_bytes \"2190592\" valuation \"InputForm[0]\n"
"kernel 2 (localhost):"
"\"RECOIL_FACTORIZATION branch \"1\" factor_seconds \"0.040912\" original_bytes \"905792\" factored_bytes \"633672\" derivative_bytes \"2401280\" reduced_bytes \"1387200\" valuation \"InputForm[0]\n"
"kernel 2 (localhost):"
"\"PASS: \"\"endpoint regulator has the defining convergence orientation\"\n"
"kernel 2 (localhost):"
"\"PASS: \"\"no higher logarithmic plus distribution survives\"\n"
"kernel 2 (localhost):"
"\"REAL_ENDPOINT \"\"Hgg\"\" \"35\" branch \"-1\n"
"kernel 2 (localhost):"
"\"RECOIL_FACTORIZATION branch \"-1\" factor_seconds \"0.196907\" original_bytes \"4416152\" factored_bytes \"3756760\" derivative_bytes \"18390680\" reduced_bytes \"10112264\" valuation \"InputForm[0]\n"
"kernel 2 (localhost):"
"\"RECOIL_FACTORIZATION branch \"-1\" factor_seconds \"0.010381\" original_bytes \"150240\" factored_bytes \"31816\" derivative_bytes \"183712\" reduced_bytes \"149672\" valuation \"InputForm[1]\n"
"kernel 2 (localhost):"
"\"RECOIL_FACTORIZATION branch \"-1\" factor_seconds \"0.052676\" original_bytes \"1145416\" factored_bytes \"778744\" derivative_bytes \"3701776\" reduced_bytes \"1585552\" valuation \"InputForm[0]\n"
"kernel 2 (localhost):"
"\"RECOIL_FACTORIZATION branch \"-1\" factor_seconds \"0.35385\" original_bytes \"6388720\" factored_bytes \"4731304\" derivative_bytes \"23176936\" reduced_bytes \"12591208\" valuation \"InputForm[0]\n"
