"PASS: ""amplitude and Born inputs exist"
"PASS: ""FeynArts Born agrees with the independently constructed current"
"PASS: ""model charge normalization is a positive exact constant"
"Model charge squared = "InputForm[4/9]
"Measured tagged phase-space weight = "1
"Pg"": combining checkpointed pairs."
"Pg"" complete; leaves = "97217
"Ppp"": combining checkpointed pairs."
"Ppp"" complete; leaves = "31793
"PhotonWard"": combining checkpointed pairs."
"PASS: ""PhotonWard"
"PhotonWard"" complete; leaves = "1
"Gluon1Ward"": combining checkpointed pairs."
"PASS: ""Gluon1Ward"
"Gluon1Ward"" complete; leaves = "1
"Gluon3Ward"" pair "1","6"; memory = "211294336" bytes."
"PASS: ""pair is a scalar rational expression"
"Gluon3Ward"" pair "1","7"; memory = "217077256" bytes."
"PASS: ""pair is a scalar rational expression"
"Gluon3Ward"" pair "1","8"; memory = "229817736" bytes."
"PASS: ""pair is a scalar rational expression"
"Gluon3Ward"" pair "2","2"; memory = "232375768" bytes."
"PASS: ""pair is a scalar rational expression"
"Gluon3Ward"" pair "2","3"; memory = "239583856" bytes."
"PASS: ""pair is a scalar rational expression"
"Gluon3Ward"" pair "2","4"; memory = "247544384" bytes."
"PASS: ""pair is a scalar rational expression"
"Gluon3Ward"" pair "2","5"; memory = "250408728" bytes."
"PASS: ""pair is a scalar rational expression"
"Gluon3Ward"" pair "2","6"; memory = "251930320" bytes."
"PASS: ""pair is a scalar rational expression"
"Gluon3Ward"" pair "2","7"; memory = "256279280" bytes."
"PASS: ""pair is a scalar rational expression"
"Gluon3Ward"" pair "2","8"; memory = "262183216" bytes."
"PASS: ""pair is a scalar rational expression"
"Gluon3Ward"" pair "3","3"; memory = "266110776" bytes."
"PASS: ""pair is a scalar rational expression"
"Gluon3Ward"" pair "3","4"; memory = "266978392" bytes."
"PASS: ""pair is a scalar rational expression"
"Gluon3Ward"" pair "3","5"; memory = "269406504" bytes."
"PASS: ""pair is a scalar rational expression"
"Gluon3Ward"" pair "3","6"; memory = "270101640" bytes."
"PASS: ""pair is a scalar rational expression"
"Gluon3Ward"" pair "3","7"; memory = "272331768" bytes."
"PASS: ""pair is a scalar rational expression"
"Gluon3Ward"" pair "3","8"; memory = "278361552" bytes."
"PASS: ""pair is a scalar rational expression"
"Gluon3Ward"" pair "4","4"; memory = "280119704" bytes."
"PASS: ""pair is a scalar rational expression"
"Gluon3Ward"" pair "4","5"; memory = "281588904" bytes."
"PASS: ""pair is a scalar rational expression"
"Gluon3Ward"" pair "4","6"; memory = "282593808" bytes."
"PASS: ""pair is a scalar rational expression"
"Gluon3Ward"" pair "4","7"; memory = "283726112" bytes."
"PASS: ""pair is a scalar rational expression"
"Gluon3Ward"" pair "4","8"; memory = "286325448" bytes."
"PASS: ""pair is a scalar rational expression"
"Gluon3Ward"" pair "5","5"; memory = "287986248" bytes."
"PASS: ""pair is a scalar rational expression"
"Gluon3Ward"" pair "5","6"; memory = "288222568" bytes."
"PASS: ""pair is a scalar rational expression"
"Gluon3Ward"" pair "5","7"; memory = "288720616" bytes."
"PASS: ""pair is a scalar rational expression"
"Gluon3Ward"" pair "5","8"; memory = "289857088" bytes."
"PASS: ""pair is a scalar rational expression"
"Gluon3Ward"" pair "6","6"; memory = "290296944" bytes."
"PASS: ""pair is a scalar rational expression"
"Gluon3Ward"" pair "6","7"; memory = "290917360" bytes."
"PASS: ""pair is a scalar rational expression"
"Gluon3Ward"" pair "6","8"; memory = "293251560" bytes."
"PASS: ""pair is a scalar rational expression"
"Gluon3Ward"" pair "7","7"; memory = "295025936" bytes."
"PASS: ""pair is a scalar rational expression"
"Gluon3Ward"" pair "7","8"; memory = "298139216" bytes."
"PASS: ""pair is a scalar rational expression"
"Gluon3Ward"" pair "8","8"; memory = "301587200" bytes."
"PASS: ""pair is a scalar rational expression"
"Gluon3Ward"": combining checkpointed pairs."
"PASS: ""Gluon3Ward"
"Gluon3Ward"" complete; leaves = "1
"Wrote s05_result.wl; peak memory = "326919400" bytes."
