"PASS: ""accepted S05 input exists"
"PASS: ""all real Ward identities passed"
"PASS: ""physical rest-frame transverse square"
"PASS: ""rest frame reproduces all invariant scalar products"
"Pg"": factoring angular denominators."
"PASS: ""angular scale sign determined"
"Angular norm and gap: "InputForm[{(s - s23)^2/4, 0}]
"PASS: ""paper angular case applies"
"PASS: ""angular scale sign determined"
"Angular norm and gap: "InputForm[{(s - s23)^2/4, 0}]
"PASS: ""paper angular case applies"
"PASS: ""angular scale sign determined"
"Angular norm and gap: "InputForm[{(s^2 + 4*Q2*s23 + 2*s*t + t^2)/4, Q2*(Q2 + s - s23 + t)}]
"PASS: ""paper angular case applies"
"PASS: ""angular scale sign determined"
"Angular norm and gap: "InputForm[{((-s + s23)^2*(s23 - t)^2)/(4*(s - s23)^2), 0}]
"PASS: ""paper angular case applies"
"PASS: ""angular partial-fraction unity relation"
"PASS: ""angular partial-fraction unity relation"
"PASS: ""angular partial-fraction unity relation"
"PASS: ""angular partial-fraction unity relation"
"PASS: ""angular partial-fraction unity relation"
"PASS: ""angular partial-fraction unity relation"
"PASS: ""angular partial-fraction unity relation"
"PASS: ""angular partial-fraction unity relation"
"Pg"": reducing "11" denominator terms."
"PASS: ""coefficients contain no angular variables"
"PASS: ""coefficients contain no angular variables"
"PASS: ""coefficients contain no angular variables"
"PASS: ""coefficients contain no angular variables"
"PASS: ""coefficients contain no angular variables"
"PASS: ""coefficients contain no angular variables"
"PASS: ""coefficients contain no angular variables"
"PASS: ""coefficients contain no angular variables"
"PASS: ""coefficients contain no angular variables"
"PASS: ""coefficients contain no angular variables"
"PASS: ""coefficients contain no angular variables"
"PASS: ""Pg exact angular reconstruction"
"Pg"": "187" angular monomials accepted."
"Ppp"": factoring angular denominators."
"PASS: ""angular scale sign determined"
"Angular norm and gap: "InputForm[{(s - s23)^2/4, 0}]
"PASS: ""paper angular case applies"
"PASS: ""angular scale sign determined"
"Angular norm and gap: "InputForm[{(s - s23)^2/4, 0}]
"PASS: ""paper angular case applies"
"PASS: ""angular scale sign determined"
"Angular norm and gap: "InputForm[{(s^2 + 4*Q2*s23 + 2*s*t + t^2)/4, Q2*(Q2 + s - s23 + t)}]
"PASS: ""paper angular case applies"
"PASS: ""angular scale sign determined"
"Angular norm and gap: "InputForm[{((-s + s23)^2*(s23 - t)^2)/(4*(s - s23)^2), 0}]
"PASS: ""paper angular case applies"
"PASS: ""angular partial-fraction unity relation"
"PASS: ""angular partial-fraction unity relation"
"PASS: ""angular partial-fraction unity relation"
"PASS: ""angular partial-fraction unity relation"
"PASS: ""angular partial-fraction unity relation"
"Ppp"": reducing "8" denominator terms."
"PASS: ""coefficients contain no angular variables"
"PASS: ""coefficients contain no angular variables"
"PASS: ""coefficients contain no angular variables"
"PASS: ""coefficients contain no angular variables"
"PASS: ""coefficients contain no angular variables"
"PASS: ""coefficients contain no angular variables"
"PASS: ""coefficients contain no angular variables"
"PASS: ""coefficients contain no angular variables"
"PASS: ""Ppp exact angular reconstruction"
"Ppp"": "147" angular monomials accepted."
"Wrote s07_result.wl; peak memory = "570353392" bytes."
