"PASS: ""accepted Born and virtual inputs exist"
"Generate two-point diagrams: ""quark"
"PASS: ""generated two-point QCD coupling order"
"quark"": generated "1" diagrams."
"Generate two-point diagrams: ""gluon and ghost"
"PASS: ""generated two-point QCD coupling order"
"gluon and ghost"": generated "3" diagrams."
"Generate two-point diagrams: ""one quark flavor"
"Selected loop fermions: "InputForm[{F[3, {1, Index[Colour, 3]}], F[3, {1, Index[Colour, 4]}]}]
"PASS: ""closed flavor is exactly the selected massless quark"
"PASS: ""generated two-point QCD coupling order"
"one quark flavor"": generated "1" diagrams."
"PASS: ""two-point color structure is the external identity"
"quark"": reduce propagator insertion."
"PASS: ""on-shell residue has no undefined kinematic quotient"
"PASS: ""scaleless residue vanishes after identifying regulators"
"PASS: ""residue has both UV and IR parts"
"PASS: ""external residue is real"
"quark"" propagator residue: "InputForm[((-1 + SUNN)*(1 + SUNN))/(32*EpsilonIR*Pi^2*SUNN) - ((-1 + SUNN)*(1 + SUNN))/(32*EpsilonUV*Pi^2*SUNN)]
"PASS: ""two-point color structure is the external identity"
"PASS: ""two external vector indices remain"
"PASS: ""gluon and ghost gluon self energy is transverse"
"gluon and ghost"": reduce propagator insertion."
"PASS: ""on-shell residue has no undefined kinematic quotient"
"PASS: ""scaleless residue vanishes after identifying regulators"
"PASS: ""residue has both UV and IR parts"
"PASS: ""external residue is real"
"gluon and ghost"" propagator residue: "InputForm[(-5*SUNN)/(48*EpsilonIR*Pi^2) + (5*SUNN)/(48*EpsilonUV*Pi^2)]
"PASS: ""two-point color structure is the external identity"
"PASS: ""two external vector indices remain"
"PASS: ""one quark flavor gluon self energy is transverse"
"one quark flavor"": reduce propagator insertion."
"PASS: ""on-shell residue has no undefined kinematic quotient"
"PASS: ""scaleless residue vanishes after identifying regulators"
"PASS: ""residue has both UV and IR parts"
"PASS: ""external residue is real"
"one quark flavor"" propagator residue: "InputForm[1/(24*EpsilonIR*Pi^2) - 1/(24*EpsilonUV*Pi^2)]
"PASS: ""UV extraction contains no IR regulator"
"PASS: ""UV extraction contains no IR regulator"
"PASS: ""both projectors determine the same coupling UV residue"
"PASS: ""coupling UV residue is real and kinematics independent"
"Derived coupling residue per gs^2: "InputForm[-1/96*(-2*Nf + 11*SUNN)/Pi^2]
"PASS: ""Pg complete UV cancellation"
"PASS: ""Ppp complete UV cancellation"
"Wrote s09_result.wl; peak memory = "250074944" bytes."
