"Derive dilogarithm argument "z^(-1)
"PASS: ""identity derivative is polynomial in its formal log basis"
"PASS: ""derivative fixes the logarithmic coefficients uniquely"
"PASS: ""identity has a finite argument endpoint"
"PASS: ""identity constant is evaluated exactly"
"PASS: ""identity derivative vanishes"
"PASS: ""identity endpoint residual vanishes"
"Derive dilogarithm argument "z/(-1 + z)
"PASS: ""identity derivative is polynomial in its formal log basis"
"PASS: ""derivative fixes the logarithmic coefficients uniquely"
"PASS: ""identity has a finite argument endpoint"
"PASS: ""identity constant is evaluated exactly"
"PASS: ""identity derivative vanishes"
"PASS: ""identity endpoint residual vanishes"
"Derive dilogarithm argument "1 - z
"PASS: ""identity derivative is polynomial in its formal log basis"
"PASS: ""derivative fixes the logarithmic coefficients uniquely"
"PASS: ""identity has a finite argument endpoint"
"PASS: ""identity constant is evaluated exactly"
"PASS: ""identity derivative vanishes"
"PASS: ""identity endpoint residual vanishes"
"PASS: ""defining series has a summable absolute majorant"
"PASS: ""majorant sum is finite"
"PASS: ""defining real series equals the canonical dilogarithm"
"PASS: ""defining imaginary series vanishes"
"Wrote exact dilogarithm identities."
"Delta diagnostic: raw finite = "True
"Delta diagnostic stage ""ArcTanh"
"Delta diagnostic ""ArcTanh"" finite = "True
"Delta diagnostic stage ""Refine"
"Delta diagnostic ""Refine"" finite = "False
"Wrote delta transformation diagnostic."
"Inspect "82" distinct functions before refinement"
"Inspected functions "10"/"82
"Singular refinement at function "12
"Inspected functions "20"/"82
"Inspected functions "30"/"82
"Inspected functions "40"/"82
"Inspected functions "50"/"82
"Inspected functions "60"/"82
"Inspected functions "70"/"82
"Inspected functions "80"/"82
"Wrote delta function diagnostic; singular function count = "1
