"PASS: ""required earlier stages exist"
"PASS: ""Born normalization accepted"
"PASS: ""inputs have no floating-point numbers"
"Assembling ""Pg""."
"PASS: ""physical endpoint term is finite and evaluated"
"PASS: ""physical endpoint term is finite and evaluated"
"PASS: ""physical endpoint term is finite and evaluated"
"PASS: ""physical endpoint term is finite and evaluated"
"PASS: ""physical endpoint term is finite and evaluated"
"PASS: ""physical endpoint term is finite and evaluated"
"PASS: ""physical endpoint term is finite and evaluated"
"PASS: ""physical endpoint term is finite and evaluated"
"PASS: ""physical endpoint term is finite and evaluated"
"PASS: ""physical endpoint term is finite and evaluated"
"PASS: ""physical endpoint term is finite and evaluated"
"PASS: ""physical endpoint term is finite and evaluated"
"PASS: ""physical endpoint term is finite and evaluated"
"PASS: ""physical endpoint term is finite and evaluated"
"PASS: ""physical endpoint term is finite and evaluated"
"PASS: ""physical endpoint term is finite and evaluated"
"PASS: ""physical endpoint term is finite and evaluated"
"PASS: ""physical endpoint term is finite and evaluated"
"PASS: ""physical endpoint term is finite and evaluated"
"PASS: ""physical endpoint term is finite and evaluated"
"PASS: ""physical endpoint term is finite and evaluated"
"PASS: ""physical endpoint term is finite and evaluated"
"PASS: ""physical endpoint term is finite and evaluated"
"PASS: ""physical endpoint term is finite and evaluated"
"PASS: ""physical endpoint term is finite and evaluated"
"PASS: ""physical endpoint term is finite and evaluated"
"PASS: ""physical endpoint term is finite and evaluated"
"PASS: ""physical endpoint term is finite and evaluated"
"PASS: ""physical endpoint term is finite and evaluated"
"PASS: ""physical endpoint term is finite and evaluated"
"PASS: ""physical endpoint term is finite and evaluated"
"PASS: ""physical endpoint term is finite and evaluated"
"PASS: ""physical endpoint term is finite and evaluated"
"PASS: ""physical endpoint term is finite and evaluated"
"PASS: ""physical endpoint term is finite and evaluated"
"PASS: ""physical endpoint term is finite and evaluated"
"PASS: ""physical endpoint term is finite and evaluated"
"PASS: ""physical endpoint term is finite and evaluated"
"PASS: ""physical endpoint term is finite and evaluated"
"PASS: ""physical endpoint term is finite and evaluated"
"PASS: ""physical endpoint term is finite and evaluated"
"PASS: ""physical endpoint term is finite and evaluated"
"PASS: ""physical endpoint term is finite and evaluated"
"PASS: ""physical endpoint term is finite and evaluated"
"PASS: ""physical endpoint term is finite and evaluated"
"PASS: ""physical endpoint term is finite and evaluated"
"PASS: ""physical endpoint term is finite and evaluated"
"Physical endpoint limit: branch "1", term "48"/"51
"PASS: ""physical endpoint term is finite and evaluated"
"PASS: ""physical endpoint term is finite and evaluated"
"Physical endpoint limit: branch "1", term "50"/"51
"PASS: ""physical endpoint term is finite and evaluated"
"PASS: ""physical endpoint term is finite and evaluated"
"PASS: ""physical endpoint term is finite and evaluated"
"PASS: ""physical endpoint term is finite and evaluated"
"PASS: ""physical endpoint term is finite and evaluated"
"PASS: ""physical endpoint term is finite and evaluated"
"PASS: ""physical endpoint term is finite and evaluated"
"PASS: ""physical endpoint term is finite and evaluated"
"PASS: ""physical endpoint term is finite and evaluated"
"PASS: ""physical endpoint term is finite and evaluated"
"PASS: ""physical endpoint term is finite and evaluated"
"PASS: ""physical endpoint term is finite and evaluated"
"PASS: ""physical endpoint term is finite and evaluated"
"PASS: ""physical endpoint term is finite and evaluated"
"PASS: ""physical endpoint term is finite and evaluated"
"PASS: ""physical endpoint term is finite and evaluated"
"PASS: ""physical endpoint term is finite and evaluated"
"PASS: ""physical endpoint term is finite and evaluated"
"PASS: ""physical endpoint term is finite and evaluated"
"PASS: ""physical endpoint term is finite and evaluated"
"PASS: ""physical endpoint term is finite and evaluated"
"PASS: ""physical endpoint term is finite and evaluated"
"PASS: ""physical endpoint term is finite and evaluated"
"PASS: ""physical endpoint term is finite and evaluated"
"PASS: ""physical endpoint term is finite and evaluated"
"PASS: ""physical endpoint term is finite and evaluated"
"PASS: ""physical endpoint term is finite and evaluated"
"PASS: ""physical endpoint term is finite and evaluated"
"PASS: ""physical endpoint term is finite and evaluated"
"PASS: ""physical endpoint term is finite and evaluated"
"PASS: ""physical endpoint term is finite and evaluated"
"PASS: ""physical endpoint term is finite and evaluated"
"PASS: ""physical endpoint term is finite and evaluated"
"PASS: ""physical endpoint term is finite and evaluated"
"PASS: ""physical endpoint term is finite and evaluated"
"PASS: ""physical endpoint term is finite and evaluated"
"PASS: ""physical endpoint term is finite and evaluated"
"PASS: ""physical endpoint term is finite and evaluated"
"PASS: ""physical endpoint term is finite and evaluated"
"PASS: ""physical endpoint term is finite and evaluated"
"PASS: ""physical endpoint term is finite and evaluated"
"PASS: ""physical endpoint term is finite and evaluated"
"PASS: ""physical endpoint term is finite and evaluated"
"PASS: ""physical endpoint term is finite and evaluated"
"PASS: ""physical endpoint term is finite and evaluated"
"PASS: ""physical endpoint term is finite and evaluated"
"PASS: ""physical endpoint term is finite and evaluated"
"PASS: ""physical endpoint term is finite and evaluated"
"PASS: ""physical endpoint term is finite and evaluated"
"PASS: ""physical endpoint term is finite and evaluated"
"PASS: ""physical endpoint term is finite and evaluated"
"PASS: ""physical endpoint term is finite and evaluated"
"PASS: ""physical endpoint term is finite and evaluated"
"PASS: ""physical endpoint term is finite and evaluated"
"PASS: ""physical endpoint term is finite and evaluated"
"PASS: ""physical endpoint term is finite and evaluated"
"PASS: ""physical endpoint term is finite and evaluated"
"PASS: ""physical endpoint term is finite and evaluated"
"PASS: ""physical endpoint term is finite and evaluated"
"PASS: ""physical endpoint term is finite and evaluated"
"PASS: ""physical endpoint term is finite and evaluated"
"PASS: ""physical endpoint term is finite and evaluated"
"PASS: ""physical endpoint term is finite and evaluated"
"PASS: ""physical endpoint term is finite and evaluated"
"PASS: ""physical endpoint term is finite and evaluated"
"PASS: ""physical endpoint term is finite and evaluated"
"PASS: ""physical endpoint term is finite and evaluated"
"PASS: ""physical endpoint term is finite and evaluated"
"PASS: ""physical endpoint term is finite and evaluated"
"PASS: ""physical endpoint term is finite and evaluated"
"PASS: ""physical endpoint term is finite and evaluated"
"PASS: ""physical endpoint term is finite and evaluated"
"PASS: ""physical endpoint term is finite and evaluated"
"PASS: ""physical endpoint term is finite and evaluated"
"PASS: ""physical endpoint term is finite and evaluated"
"PASS: ""physical endpoint term is finite and evaluated"
"PASS: ""physical endpoint term is finite and evaluated"
"PASS: ""physical endpoint term is finite and evaluated"
"PASS: ""physical endpoint term is finite and evaluated"
"PASS: ""physical endpoint term is finite and evaluated"
"PASS: ""physical endpoint term is finite and evaluated"
"PASS: ""Pg exact endpoint exists"
"Pg"": checking endpoint/plus cutoff dependence."
"PASS: ""Pg endpoint and plus cutoff dependence agrees"
"Pg"": collecting endpoint coefficient."
"Pg"" checkpoint saved; kernel memory = "243950424" bytes."
"Assembling ""Ppp""."
"PASS: ""physical endpoint term is finite and evaluated"
"PASS: ""physical endpoint term is finite and evaluated"
"PASS: ""physical endpoint term is finite and evaluated"
"PASS: ""physical endpoint term is finite and evaluated"
"PASS: ""physical endpoint term is finite and evaluated"
"PASS: ""physical endpoint term is finite and evaluated"
"PASS: ""physical endpoint term is finite and evaluated"
"PASS: ""physical endpoint term is finite and evaluated"
"PASS: ""physical endpoint term is finite and evaluated"
"PASS: ""physical endpoint term is finite and evaluated"
"PASS: ""physical endpoint term is finite and evaluated"
"PASS: ""physical endpoint term is finite and evaluated"
"PASS: ""physical endpoint term is finite and evaluated"
"PASS: ""physical endpoint term is finite and evaluated"
"PASS: ""physical endpoint term is finite and evaluated"
"PASS: ""physical endpoint term is finite and evaluated"
"PASS: ""physical endpoint term is finite and evaluated"
"PASS: ""physical endpoint term is finite and evaluated"
"PASS: ""physical endpoint term is finite and evaluated"
"PASS: ""physical endpoint term is finite and evaluated"
"PASS: ""physical endpoint term is finite and evaluated"
"PASS: ""physical endpoint term is finite and evaluated"
"PASS: ""physical endpoint term is finite and evaluated"
"PASS: ""physical endpoint term is finite and evaluated"
"PASS: ""physical endpoint term is finite and evaluated"
"PASS: ""physical endpoint term is finite and evaluated"
"PASS: ""physical endpoint term is finite and evaluated"
"PASS: ""physical endpoint term is finite and evaluated"
"PASS: ""physical endpoint term is finite and evaluated"
"PASS: ""physical endpoint term is finite and evaluated"
"PASS: ""physical endpoint term is finite and evaluated"
"PASS: ""physical endpoint term is finite and evaluated"
"PASS: ""physical endpoint term is finite and evaluated"
"PASS: ""physical endpoint term is finite and evaluated"
"PASS: ""physical endpoint term is finite and evaluated"
"PASS: ""physical endpoint term is finite and evaluated"
"PASS: ""physical endpoint term is finite and evaluated"
"PASS: ""physical endpoint term is finite and evaluated"
"Physical endpoint limit: branch "1", term "39"/"51
"PASS: ""physical endpoint term is finite and evaluated"
"Physical endpoint limit: branch "1", term "40"/"51
"PASS: ""physical endpoint term is finite and evaluated"
"Physical endpoint limit: branch "1", term "41"/"51
"PASS: ""physical endpoint term is finite and evaluated"
"PASS: ""physical endpoint term is finite and evaluated"
"PASS: ""physical endpoint term is finite and evaluated"
"PASS: ""physical endpoint term is finite and evaluated"
"PASS: ""physical endpoint term is finite and evaluated"
"PASS: ""physical endpoint term is finite and evaluated"
"PASS: ""physical endpoint term is finite and evaluated"
"Physical endpoint limit: branch "1", term "48"/"51
"PASS: ""physical endpoint term is finite and evaluated"
"PASS: ""physical endpoint term is finite and evaluated"
"Physical endpoint limit: branch "1", term "50"/"51
"PASS: ""physical endpoint term is finite and evaluated"
"PASS: ""physical endpoint term is finite and evaluated"
"PASS: ""physical endpoint term is finite and evaluated"
"PASS: ""physical endpoint term is finite and evaluated"
"PASS: ""physical endpoint term is finite and evaluated"
"PASS: ""physical endpoint term is finite and evaluated"
"PASS: ""physical endpoint term is finite and evaluated"
"PASS: ""physical endpoint term is finite and evaluated"
"PASS: ""physical endpoint term is finite and evaluated"
"PASS: ""physical endpoint term is finite and evaluated"
"PASS: ""physical endpoint term is finite and evaluated"
"PASS: ""physical endpoint term is finite and evaluated"
"PASS: ""physical endpoint term is finite and evaluated"
"PASS: ""physical endpoint term is finite and evaluated"
"PASS: ""physical endpoint term is finite and evaluated"
"PASS: ""physical endpoint term is finite and evaluated"
"PASS: ""physical endpoint term is finite and evaluated"
"PASS: ""physical endpoint term is finite and evaluated"
"PASS: ""physical endpoint term is finite and evaluated"
"PASS: ""physical endpoint term is finite and evaluated"
"PASS: ""physical endpoint term is finite and evaluated"
"PASS: ""physical endpoint term is finite and evaluated"
"PASS: ""physical endpoint term is finite and evaluated"
"PASS: ""physical endpoint term is finite and evaluated"
"PASS: ""physical endpoint term is finite and evaluated"
"PASS: ""physical endpoint term is finite and evaluated"
"PASS: ""physical endpoint term is finite and evaluated"
"PASS: ""physical endpoint term is finite and evaluated"
"PASS: ""physical endpoint term is finite and evaluated"
"PASS: ""physical endpoint term is finite and evaluated"
"PASS: ""physical endpoint term is finite and evaluated"
"PASS: ""physical endpoint term is finite and evaluated"
"PASS: ""physical endpoint term is finite and evaluated"
"PASS: ""physical endpoint term is finite and evaluated"
"PASS: ""physical endpoint term is finite and evaluated"
"PASS: ""physical endpoint term is finite and evaluated"
"PASS: ""physical endpoint term is finite and evaluated"
"PASS: ""physical endpoint term is finite and evaluated"
"PASS: ""physical endpoint term is finite and evaluated"
"PASS: ""physical endpoint term is finite and evaluated"
"Physical endpoint limit: branch "-1", term "39"/"51
"PASS: ""physical endpoint term is finite and evaluated"
"Physical endpoint limit: branch "-1", term "40"/"51
"PASS: ""physical endpoint term is finite and evaluated"
"Physical endpoint limit: branch "-1", term "41"/"51
"PASS: ""physical endpoint term is finite and evaluated"
"PASS: ""physical endpoint term is finite and evaluated"
"PASS: ""physical endpoint term is finite and evaluated"
"PASS: ""physical endpoint term is finite and evaluated"
"PASS: ""physical endpoint term is finite and evaluated"
"PASS: ""physical endpoint term is finite and evaluated"
"PASS: ""physical endpoint term is finite and evaluated"
"PASS: ""physical endpoint term is finite and evaluated"
"PASS: ""physical endpoint term is finite and evaluated"
"PASS: ""physical endpoint term is finite and evaluated"
"PASS: ""physical endpoint term is finite and evaluated"
"PASS: ""physical endpoint term is finite and evaluated"
"PASS: ""physical endpoint term is finite and evaluated"
"PASS: ""physical endpoint term is finite and evaluated"
"PASS: ""physical endpoint term is finite and evaluated"
"PASS: ""physical endpoint term is finite and evaluated"
"PASS: ""physical endpoint term is finite and evaluated"
"PASS: ""physical endpoint term is finite and evaluated"
"PASS: ""physical endpoint term is finite and evaluated"
"PASS: ""physical endpoint term is finite and evaluated"
"PASS: ""physical endpoint term is finite and evaluated"
"PASS: ""physical endpoint term is finite and evaluated"
"PASS: ""physical endpoint term is finite and evaluated"
"PASS: ""physical endpoint term is finite and evaluated"
"PASS: ""physical endpoint term is finite and evaluated"
"PASS: ""physical endpoint term is finite and evaluated"
"PASS: ""physical endpoint term is finite and evaluated"
"PASS: ""physical endpoint term is finite and evaluated"
"PASS: ""physical endpoint term is finite and evaluated"
"PASS: ""physical endpoint term is finite and evaluated"
"PASS: ""physical endpoint term is finite and evaluated"
"PASS: ""physical endpoint term is finite and evaluated"
"PASS: ""physical endpoint term is finite and evaluated"
"PASS: ""physical endpoint term is finite and evaluated"
"PASS: ""physical endpoint term is finite and evaluated"
"PASS: ""physical endpoint term is finite and evaluated"
"PASS: ""physical endpoint term is finite and evaluated"
"PASS: ""physical endpoint term is finite and evaluated"
"PASS: ""physical endpoint term is finite and evaluated"
"PASS: ""Ppp exact endpoint exists"
"Ppp"": checking endpoint/plus cutoff dependence."
"PASS: ""Ppp endpoint and plus cutoff dependence agrees"
"Ppp"": collecting endpoint coefficient."
"Ppp"" checkpoint saved; kernel memory = "250886120" bytes."
"PASS: ""kinematic equations close"
"PASS: ""final expressions contain no floats or unevaluated integrals"
"PASS: ""final expressions have no epsilon poles"
"Born Fhat1 delta coefficient = "InputForm[(4*alphaS*eq^2*(Q^6 + 2*Q^4*s + 2*Q^2*s^2 + 2*Q^2*s*t + Q^2*t^2 - 2*Q^2*s*t*xh^2 - 2*s^2*t*xh^2 - 2*s*t^2*xh^2))/(3*Pi^2*Q^2*s*(Q^2 + s + t))]
"Born Fhat2 delta coefficient = "InputForm[(8*alphaS*eq^2*xh*(Q^6 + 2*Q^4*s + 2*Q^2*s^2 + 2*Q^2*s*t + Q^2*t^2 - 6*Q^2*s*t*xh^2 - 6*s^2*t*xh^2 - 6*s*t^2*xh^2))/(3*Pi^2*Q^2*s*(Q^2 + s + t))]
"Wrote s03_result.wl. Leaf counts = "{156946, 156933}
"Peak kernel memory = "264109128" bytes."
