"PASS: ""all assembly inputs exist"
"PASS: ""Pg ordinary real-distribution reconstruction, branch 1"
"PASS: ""Pg ordinary real-distribution reconstruction, branch -1"
"PASS: ""Ppp ordinary real-distribution reconstruction, branch 1"
"PASS: ""Ppp ordinary real-distribution reconstruction, branch -1"
"Assemble ""Ppp"" "1" ""Regular""; memory = "1367887112
"PASS: ""combined input is a Laurent polynomial in the common regulator"
"PASS: ""Ppp 1 Regular IR -1"
"PASS: ""finite contraction has no regulator or unresolved integral"
"Assemble ""Ppp"" "1" ""Delta""; memory = "1808325176
"PASS: ""combined input is a Laurent polynomial in the common regulator"
"PASS: ""Ppp 1 Delta IR -2"
"PASS: ""Ppp 1 Delta IR -1"
"PASS: ""finite contraction has no regulator or unresolved integral"
"Assemble ""Ppp"" "-1" ""L1""; memory = "1814187448
"PASS: ""combined input is a Laurent polynomial in the common regulator"
"PASS: ""finite contraction has no regulator or unresolved integral"
"Assemble ""Ppp"" "-1" ""L0""; memory = "1814188304
"PASS: ""combined input is a Laurent polynomial in the common regulator"
"PASS: ""Ppp -1 L0 IR -1"
"PASS: ""finite contraction has no regulator or unresolved integral"
"Assemble ""Ppp"" "-1" ""Regular""; memory = "1814267904
