MONITOR_START job=14687444 host=n6405 kernel_pid=262689
"Loading FeynCalc and the Package-X interface."
"Loop interface loaded."
"PASS: ""loop backend evaluates the spacelike bubble"
"PASS: ""bubble distinguishes UV from IR"
"Loop backend: "InputForm[I/16/(EpsilonUV*Pi^2) - (I/16*(-2 + EulerGamma - Log[4*Pi] - Log[mu^2/Q2]))/Pi^2]
"PASS: ""generated amplitudes and accepted Born input exist"
"PASS: ""S01 source identity"
"PASS: ""S02 source identity"
"Serial execution: allocation or license provides no multiple local kernels."
"Independent-diagram worker count = "0
"Pg"" virtual diagram "1"; contracting; memory = "122786320
"PASS: ""virtual interference has no open spin, color, or polarization objects"
"Pg"" virtual diagram "1"; PV reduction."
"PASS: ""PV reduction eliminates loop momentum"
"Pg"" virtual diagram "1"; analytic loop integrals."
"PASS: ""all loop integrals evaluated"
"Pg"" virtual diagram "2"; contracting; memory = "141749608
"PASS: ""virtual interference has no open spin, color, or polarization objects"
"Pg"" virtual diagram "2"; PV reduction."
"PASS: ""PV reduction eliminates loop momentum"
"Pg"" virtual diagram "2"; analytic loop integrals."
"PASS: ""all loop integrals evaluated"
"Pg"" virtual diagram "3"; contracting; memory = "149066840
"PASS: ""virtual interference has no open spin, color, or polarization objects"
"Pg"" virtual diagram "3"; PV reduction."
MONITOR_HEARTBEAT elapsed=31s rss=215.4MiB peak=215.4MiB
"PASS: ""PV reduction eliminates loop momentum"
"Pg"" virtual diagram "3"; analytic loop integrals."
"PASS: ""all loop integrals evaluated"
"Pg"" virtual diagram "4"; contracting; memory = "165304184
"PASS: ""virtual interference has no open spin, color, or polarization objects"
"Pg"" virtual diagram "4"; PV reduction."
"PASS: ""PV reduction eliminates loop momentum"
"Pg"" virtual diagram "4"; analytic loop integrals."
"PASS: ""all loop integrals evaluated"
"Pg"" virtual diagram "5"; contracting; memory = "168540696
"PASS: ""virtual interference has no open spin, color, or polarization objects"
"Pg"" virtual diagram "5"; PV reduction."
"PASS: ""PV reduction eliminates loop momentum"
"Pg"" virtual diagram "5"; analytic loop integrals."
"PASS: ""all loop integrals evaluated"
"Pg"" virtual diagram "6"; contracting; memory = "171862592
"PASS: ""virtual interference has no open spin, color, or polarization objects"
"Pg"" virtual diagram "6"; PV reduction."
"PASS: ""PV reduction eliminates loop momentum"
"Pg"" virtual diagram "6"; analytic loop integrals."
"PASS: ""all loop integrals evaluated"
"Pg"" virtual diagram "7"; contracting; memory = "176870984
"PASS: ""virtual interference has no open spin, color, or polarization objects"
"Pg"" virtual diagram "7"; PV reduction."
MONITOR_HEARTBEAT elapsed=61s rss=240.4MiB peak=240.6MiB
"PASS: ""PV reduction eliminates loop momentum"
"Pg"" virtual diagram "7"; analytic loop integrals."
"PASS: ""all loop integrals evaluated"
"Pg"" virtual diagram "8"; contracting; memory = "343386800
"PASS: ""virtual interference has no open spin, color, or polarization objects"
"Pg"" virtual diagram "8"; PV reduction."
"PASS: ""PV reduction eliminates loop momentum"
"Pg"" virtual diagram "8"; analytic loop integrals."
"PASS: ""all loop integrals evaluated"
"Pg"" virtual diagram "9"; contracting; memory = "349317152
"PASS: ""virtual interference has no open spin, color, or polarization objects"
"Pg"" virtual diagram "9"; PV reduction."
"PASS: ""PV reduction eliminates loop momentum"
"Pg"" virtual diagram "9"; analytic loop integrals."
"PASS: ""all loop integrals evaluated"
"Pg"" virtual diagram "10"; contracting; memory = "355941904
MONITOR_HEARTBEAT elapsed=92s rss=408.6MiB peak=408.9MiB
"PASS: ""virtual interference has no open spin, color, or polarization objects"
"Pg"" virtual diagram "10"; PV reduction."
"PASS: ""PV reduction eliminates loop momentum"
"Pg"" virtual diagram "10"; analytic loop integrals."
"PASS: ""all loop integrals evaluated"
"Pg"" virtual diagram "11"; contracting; memory = "359225608
"PASS: ""virtual interference has no open spin, color, or polarization objects"
"Pg"" virtual diagram "11"; PV reduction."
"PASS: ""PV reduction eliminates loop momentum"
"Pg"" virtual diagram "11"; analytic loop integrals."
"PASS: ""all loop integrals evaluated"
"Pg"" virtual diagram "12"; contracting; memory = "365842992
MONITOR_HEARTBEAT elapsed=123s rss=420.9MiB peak=420.9MiB
"PASS: ""virtual interference has no open spin, color, or polarization objects"
"Pg"" virtual diagram "12"; PV reduction."
"PASS: ""PV reduction eliminates loop momentum"
"Pg"" virtual diagram "12"; analytic loop integrals."
"PASS: ""all loop integrals evaluated"
"Pg"" virtual diagram "13"; contracting; memory = "381018320
MONITOR_HEARTBEAT elapsed=154s rss=438.8MiB peak=438.8MiB
"PASS: ""virtual interference has no open spin, color, or polarization objects"
"Pg"" virtual diagram "13"; PV reduction."
"PASS: ""PV reduction eliminates loop momentum"
"Pg"" virtual diagram "13"; analytic loop integrals."
"PASS: ""all loop integrals evaluated"
"Pg"" virtual diagram "14"; contracting; memory = "389708080
"PASS: ""virtual interference has no open spin, color, or polarization objects"
"Pg"" virtual diagram "14"; PV reduction."
"PASS: ""PV reduction eliminates loop momentum"
"Pg"" virtual diagram "14"; analytic loop integrals."
"PASS: ""all loop integrals evaluated"
"Pg"" virtual diagram "15"; contracting; memory = "389157208
"PASS: ""virtual interference has no open spin, color, or polarization objects"
"Pg"" virtual diagram "15"; PV reduction."
"PASS: ""PV reduction eliminates loop momentum"
"Pg"" virtual diagram "15"; analytic loop integrals."
"PASS: ""all loop integrals evaluated"
"PASS: ""Pg all virtual diagrams completed"
"Ppp"" virtual diagram "1"; contracting; memory = "388690360
"PASS: ""virtual interference has no open spin, color, or polarization objects"
"Ppp"" virtual diagram "1"; PV reduction."
"PASS: ""PV reduction eliminates loop momentum"
"Ppp"" virtual diagram "1"; analytic loop integrals."
"PASS: ""all loop integrals evaluated"
"Ppp"" virtual diagram "2"; contracting; memory = "389785384
"PASS: ""virtual interference has no open spin, color, or polarization objects"
"Ppp"" virtual diagram "2"; PV reduction."
"PASS: ""PV reduction eliminates loop momentum"
"Ppp"" virtual diagram "2"; analytic loop integrals."
"PASS: ""all loop integrals evaluated"
"Ppp"" virtual diagram "3"; contracting; memory = "390136288
"PASS: ""virtual interference has no open spin, color, or polarization objects"
"Ppp"" virtual diagram "3"; PV reduction."
MONITOR_HEARTBEAT elapsed=185s rss=443.5MiB peak=443.6MiB
"PASS: ""PV reduction eliminates loop momentum"
"Ppp"" virtual diagram "3"; analytic loop integrals."
"PASS: ""all loop integrals evaluated"
"Ppp"" virtual diagram "4"; contracting; memory = "390817720
"PASS: ""virtual interference has no open spin, color, or polarization objects"
"Ppp"" virtual diagram "4"; PV reduction."
"PASS: ""PV reduction eliminates loop momentum"
"Ppp"" virtual diagram "4"; analytic loop integrals."
"PASS: ""all loop integrals evaluated"
"Ppp"" virtual diagram "5"; contracting; memory = "391736216
"PASS: ""virtual interference has no open spin, color, or polarization objects"
"Ppp"" virtual diagram "5"; PV reduction."
"PASS: ""PV reduction eliminates loop momentum"
"Ppp"" virtual diagram "5"; analytic loop integrals."
"PASS: ""all loop integrals evaluated"
"Ppp"" virtual diagram "6"; contracting; memory = "392086768
"PASS: ""virtual interference has no open spin, color, or polarization objects"
"Ppp"" virtual diagram "6"; PV reduction."
"PASS: ""PV reduction eliminates loop momentum"
"Ppp"" virtual diagram "6"; analytic loop integrals."
"PASS: ""all loop integrals evaluated"
"Ppp"" virtual diagram "7"; contracting; memory = "392762088
"PASS: ""virtual interference has no open spin, color, or polarization objects"
"Ppp"" virtual diagram "7"; PV reduction."
"PASS: ""PV reduction eliminates loop momentum"
"Ppp"" virtual diagram "7"; analytic loop integrals."
"PASS: ""all loop integrals evaluated"
"Ppp"" virtual diagram "8"; contracting; memory = "396938128
"PASS: ""virtual interference has no open spin, color, or polarization objects"
"Ppp"" virtual diagram "8"; PV reduction."
"PASS: ""PV reduction eliminates loop momentum"
"Ppp"" virtual diagram "8"; analytic loop integrals."
"PASS: ""all loop integrals evaluated"
"Ppp"" virtual diagram "9"; contracting; memory = "398396440
"PASS: ""virtual interference has no open spin, color, or polarization objects"
"Ppp"" virtual diagram "9"; PV reduction."
"PASS: ""PV reduction eliminates loop momentum"
"Ppp"" virtual diagram "9"; analytic loop integrals."
MONITOR_HEARTBEAT elapsed=216s rss=450.4MiB peak=450.4MiB
"PASS: ""all loop integrals evaluated"
"Ppp"" virtual diagram "10"; contracting; memory = "400362272
"PASS: ""virtual interference has no open spin, color, or polarization objects"
"Ppp"" virtual diagram "10"; PV reduction."
"PASS: ""PV reduction eliminates loop momentum"
"Ppp"" virtual diagram "10"; analytic loop integrals."
"PASS: ""all loop integrals evaluated"
"Ppp"" virtual diagram "11"; contracting; memory = "401874072
"PASS: ""virtual interference has no open spin, color, or polarization objects"
"Ppp"" virtual diagram "11"; PV reduction."
"PASS: ""PV reduction eliminates loop momentum"
"Ppp"" virtual diagram "11"; analytic loop integrals."
"PASS: ""all loop integrals evaluated"
"Ppp"" virtual diagram "12"; contracting; memory = "403612240
"PASS: ""virtual interference has no open spin, color, or polarization objects"
"Ppp"" virtual diagram "12"; PV reduction."
"PASS: ""PV reduction eliminates loop momentum"
"Ppp"" virtual diagram "12"; analytic loop integrals."
"PASS: ""all loop integrals evaluated"
"Ppp"" virtual diagram "13"; contracting; memory = "404286352
MONITOR_HEARTBEAT elapsed=247s rss=456.1MiB peak=456.1MiB
"PASS: ""virtual interference has no open spin, color, or polarization objects"
"Ppp"" virtual diagram "13"; PV reduction."
"PASS: ""PV reduction eliminates loop momentum"
"Ppp"" virtual diagram "13"; analytic loop integrals."
"PASS: ""all loop integrals evaluated"
"Ppp"" virtual diagram "14"; contracting; memory = "413037328
"PASS: ""virtual interference has no open spin, color, or polarization objects"
"Ppp"" virtual diagram "14"; PV reduction."
"PASS: ""PV reduction eliminates loop momentum"
"Ppp"" virtual diagram "14"; analytic loop integrals."
"PASS: ""all loop integrals evaluated"
"Ppp"" virtual diagram "15"; contracting; memory = "413164448
"PASS: ""virtual interference has no open spin, color, or polarization objects"
"Ppp"" virtual diagram "15"; PV reduction."
"PASS: ""PV reduction eliminates loop momentum"
"Ppp"" virtual diagram "15"; analytic loop integrals."
"PASS: ""all loop integrals evaluated"
"PASS: ""Ppp all virtual diagrams completed"
"S04_SUCCESS; peak main-kernel memory = "416003224" bytes."
MONITOR_WAKE {"stage": "s04", "source": "s04_virtual_integrals.wl", "source_sha256": "453e1ef3ac7893e0867df417f293b637c957a32c0ac4bde7f2ce1a2d16fd2d50", "job_id": "14687444", "host": "n6405", "exit_code": 0, "success_marker": true, "accepted_execution": true, "guard": null, "peak_rss_bytes": 485912576, "elapsed_seconds": 258.24496501497924, "completed_utc": "2026-09-06T07:56:52.258685+00:00"}
