MONITOR_START job=14687454 host=n7404 kernel_pid=34018
"PASS: ""S02 source identity"
"PASS: ""S01 source identity"
"PASS: ""splitting-function tool evaluated"
"PASS: ""gluon momentum sum rule fixes one kernel normalization"
"PASS: ""kernel normalizations are exact constants"
"PASS: ""Pqq agrees with paper Eq. 51"
"PASS: ""Pqg agrees with paper Eq. 52"
"PASS: ""quark number sum rule"
"PASS: ""quark momentum sum rule"
"PASS: ""gluon momentum sum rule"
"Derived kernel normalizations = "InputForm[<|"Pqq" -> 1/2, "Pqg" -> 1/4, "Pgg" -> 1/2|>]
"PASS: ""selected routes have generated observed-quark Born inputs"
"Generated Eq. 46 routes = "InputForm[{<|"Born" -> "Born", "Incoming" -> gluon, "Observed" -> quark, "Side" -> "PDF", "Kernel" -> "Pgg"|>, <|"Born" -> "AuxHqqBorn", "Incoming" -> quark, "Observed" -> quark, "Side" -> "PDF", "Kernel" -> "Pqg"|>, <|"Born" -> "Born", "Incoming" -> gluon, "Observed" -> quark, "Side" -> "FF", "Kernel" -> "Pqq"|>}]
"PASS: ""scaled invariants contain no unresolved scalar products"
"PASS: ""unscaled recoil is s23"
"PASS: ""convolution roots lie inside the partonic support"
"PASS: ""projector conversion does not depend on the tensor coefficients"
"PASS: ""plus mapping has a positive endpoint scale"
"PASS: ""auxiliary endpoint pole cancels"
"PASS: ""mapped convolution reconstructs its ordinary part"
"PASS: ""mapped convolution reconstructs its ordinary part"
"PASS: ""plus mapping has a positive endpoint scale"
"PASS: ""auxiliary endpoint pole cancels"
"PASS: ""mapped convolution reconstructs its ordinary part"
"PASS: ""plus mapping has a positive endpoint scale"
"PASS: ""auxiliary endpoint pole cancels"
"PASS: ""mapped convolution reconstructs its ordinary part"
"PASS: ""mapped convolution reconstructs its ordinary part"
"PASS: ""plus mapping has a positive endpoint scale"
"PASS: ""auxiliary endpoint pole cancels"
"PASS: ""mapped convolution reconstructs its ordinary part"
"S08_SUCCESS; peak memory = "289877288" bytes."
MONITOR_WAKE {"stage": "s08", "source": "s08_collinear_subtraction.wl", "source_sha256": "17fedfd567c9dc835f81675115f8ba7fde925e1b4722fa4ee3de071454a54011", "job_id": "14687454", "host": "n7404", "exit_code": 0, "success_marker": true, "accepted_execution": true, "guard": null, "peak_rss_bytes": 354963456, "elapsed_seconds": 13.076887732371688, "completed_utc": "2026-09-06T08:00:41.864148+00:00"}
