MONITOR_START job=14693218 host=n7439 kernel_pid=3561
"From remote kernel:"
"Style[\"Loading FeynCalc from /u/home/r/rushil/.Mathematica/Applications/FeynCalc/\", \"Text\"]\n"
"From remote kernel:"
"Style[\"Loading FeynCalc from /u/home/r/rushil/.Mathematica/Applications/FeynCalc/\", \"Text\"]\n"
"From remote kernel:"
"Style[\"Loading FeynCalc from /u/home/r/rushil/.Mathematica/Applications/FeynCalc/\", \"Text\"]\n"
"From remote kernel:"
"Style[\"Loading FeynCalc from /u/home/r/rushil/.Mathematica/Applications/FeynCalc/\", \"Text\"]\n"
"From remote kernel:"
"$PrePrint is set to FeynCalcForm. Use FI and FC to change the display format.\n"
"From remote kernel:"
"$PrePrint is set to FeynCalcForm. Use FI and FC to change the display format.\n"
"From remote kernel:"
"Style[\"FeynCalc \", \"Text\", Bold]Style[\"10.2.1 (stable version). For help, use the \", \"Text\"]Style[DisplayForm[ButtonBox[\"online documentation,\", ButtonData :> {URL[\"https://feyncalc.github.io/referenceDev\"], None}, BaseStyle -> \"Hyperlink\", ButtonNote -> \"https://feyncalc.github.io/referenceDev\"]], \"Text\"]Style[\" visit the \", \"Text\"]Style[DisplayForm[ButtonBox[\"forum\", ButtonData :> {URL[\"https://github.com/FeynCalc/feyncalc/discussions\"], None}, BaseStyle -> \"Hyperlink\", ButtonNote -> \"https://github.com/FeynCalc/feyncalc/discussions/\"]], \"Text\"]Style[\" and have a look at the supplied \", \"Text\"]Style[DisplayForm[ButtonBox[\"examples.\", BaseStyle -> \"Hyperlink\", ButtonFunction :> SystemOpen[FileNameJoin[{$FeynCalcDirectory, \"Examples\"}]], Evaluator -> Automatic, Method -> \"Preemptive\"]], \"Text\"]Style[\" The PDF-version of the manual can be downloaded \", \"Text\"]Style[DisplayForm[ButtonBox[\"here.\", ButtonData :> {URL[\"https://github.com/FeynCalc/feyncalc-manual/releases/download/dev-manual/FeynCalcManual.pdf\"], None}, BaseStyle -> \"Hyperlink\", ButtonNote -> \"https://github.com/FeynCalc/feyncalc-manual/releases/download/dev-manual/FeynCalcManual.pdf\"]], \"Text\"]\n"
"From remote kernel:"
"Style[\"If you use FeynCalc in your research, please evaluate FeynCalcHowToCite[] to learn how to cite this software.\", \"Text\"]\n"
"From remote kernel:"
"$PrePrint is set to FeynCalcForm. Use FI and FC to change the display format.\n"
"From remote kernel:"
"Style[\"Please keep in mind that the proper academic attribution of our work is crucial to ensure the future development of this package!\", {\"Text\", Italic}]\n"
"From remote kernel:"
"Style[\"FeynCalc \", \"Text\", Bold]Style[\"10.2.1 (stable version). For help, use the \", \"Text\"]Style[DisplayForm[ButtonBox[\"online documentation,\", ButtonData :> {URL[\"https://feyncalc.github.io/referenceDev\"], None}, BaseStyle -> \"Hyperlink\", ButtonNote -> \"https://feyncalc.github.io/referenceDev\"]], \"Text\"]Style[\" visit the \", \"Text\"]Style[DisplayForm[ButtonBox[\"forum\", ButtonData :> {URL[\"https://github.com/FeynCalc/feyncalc/discussions\"], None}, BaseStyle -> \"Hyperlink\", ButtonNote -> \"https://github.com/FeynCalc/feyncalc/discussions/\"]], \"Text\"]Style[\" and have a look at the supplied \", \"Text\"]Style[DisplayForm[ButtonBox[\"examples.\", BaseStyle -> \"Hyperlink\", ButtonFunction :> SystemOpen[FileNameJoin[{$FeynCalcDirectory, \"Examples\"}]], Evaluator -> Automatic, Method -> \"Preemptive\"]], \"Text\"]Style[\" The PDF-version of the manual can be downloaded \", \"Text\"]Style[DisplayForm[ButtonBox[\"here.\", ButtonData :> {URL[\"https://github.com/FeynCalc/feyncalc-manual/releases/download/dev-manual/FeynCalcManual.pdf\"], None}, BaseStyle -> \"Hyperlink\", ButtonNote -> \"https://github.com/FeynCalc/feyncalc-manual/releases/download/dev-manual/FeynCalcManual.pdf\"]], \"Text\"]\n"
"From remote kernel:"
"Style[\"If you use FeynCalc in your research, please evaluate FeynCalcHowToCite[] to learn how to cite this software.\", \"Text\"]\n"
"From remote kernel:"
"Style[\"Please keep in mind that the proper academic attribution of our work is crucial to ensure the future development of this package!\", {\"Text\", Italic}]\n"
"From remote kernel:"
"Style[\"FeynCalc \", \"Text\", Bold]Style[\"10.2.1 (stable version). For help, use the \", \"Text\"]Style[DisplayForm[ButtonBox[\"online documentation,\", ButtonData :> {URL[\"https://feyncalc.github.io/referenceDev\"], None}, BaseStyle -> \"Hyperlink\", ButtonNote -> \"https://feyncalc.github.io/referenceDev\"]], \"Text\"]Style[\" visit the \", \"Text\"]Style[DisplayForm[ButtonBox[\"forum\", ButtonData :> {URL[\"https://github.com/FeynCalc/feyncalc/discussions\"], None}, BaseStyle -> \"Hyperlink\", ButtonNote -> \"https://github.com/FeynCalc/feyncalc/discussions/\"]], \"Text\"]Style[\" and have a look at the supplied \", \"Text\"]Style[DisplayForm[ButtonBox[\"examples.\", BaseStyle -> \"Hyperlink\", ButtonFunction :> SystemOpen[FileNameJoin[{$FeynCalcDirectory, \"Examples\"}]], Evaluator -> Automatic, Method -> \"Preemptive\"]], \"Text\"]Style[\" The PDF-version of the manual can be downloaded \", \"Text\"]Style[DisplayForm[ButtonBox[\"here.\", ButtonData :> {URL[\"https://github.com/FeynCalc/feyncalc-manual/releases/download/dev-manual/FeynCalcManual.pdf\"], None}, BaseStyle -> \"Hyperlink\", ButtonNote -> \"https://github.com/FeynCalc/feyncalc-manual/releases/download/dev-manual/FeynCalcManual.pdf\"]], \"Text\"]\n"
"From remote kernel:"
"$PrePrint is set to FeynCalcForm. Use FI and FC to change the display format.\n"
"From remote kernel:"
"Style[\"If you use FeynCalc in your research, please evaluate FeynCalcHowToCite[] to learn how to cite this software.\", \"Text\"]\n"
"From remote kernel:"
"Style[\"Please keep in mind that the proper academic attribution of our work is crucial to ensure the future development of this package!\", {\"Text\", Italic}]\n"
"From remote kernel:"
"Style[\"FeynCalc \", \"Text\", Bold]Style[\"10.2.1 (stable version). For help, use the \", \"Text\"]Style[DisplayForm[ButtonBox[\"online documentation,\", ButtonData :> {URL[\"https://feyncalc.github.io/referenceDev\"], None}, BaseStyle -> \"Hyperlink\", ButtonNote -> \"https://feyncalc.github.io/referenceDev\"]], \"Text\"]Style[\" visit the \", \"Text\"]Style[DisplayForm[ButtonBox[\"forum\", ButtonData :> {URL[\"https://github.com/FeynCalc/feyncalc/discussions\"], None}, BaseStyle -> \"Hyperlink\", ButtonNote -> \"https://github.com/FeynCalc/feyncalc/discussions/\"]], \"Text\"]Style[\" and have a look at the supplied \", \"Text\"]Style[DisplayForm[ButtonBox[\"examples.\", BaseStyle -> \"Hyperlink\", ButtonFunction :> SystemOpen[FileNameJoin[{$FeynCalcDirectory, \"Examples\"}]], Evaluator -> Automatic, Method -> \"Preemptive\"]], \"Text\"]Style[\" The PDF-version of the manual can be downloaded \", \"Text\"]Style[DisplayForm[ButtonBox[\"here.\", ButtonData :> {URL[\"https://github.com/FeynCalc/feyncalc-manual/releases/download/dev-manual/FeynCalcManual.pdf\"], None}, BaseStyle -> \"Hyperlink\", ButtonNote -> \"https://github.com/FeynCalc/feyncalc-manual/releases/download/dev-manual/FeynCalcManual.pdf\"]], \"Text\"]\n"
"From remote kernel:"
"Style[\"If you use FeynCalc in your research, please evaluate FeynCalcHowToCite[] to learn how to cite this software.\", \"Text\"]\n"
"From remote kernel:"
"Style[\"Please keep in mind that the proper academic attribution of our work is crucial to ensure the future development of this package!\", {\"Text\", Italic}]\n"
"From remote kernel:"
"Global`SUNN::shdw: Symbol SUNN appears in multiple contexts {Global`, FeynCalc`}; definitions in context Global` may shadow or be shadowed by other definitions."
"From remote kernel:"
"Global`Nf::shdw: Symbol Nf appears in multiple contexts {Global`, FeynCalc`}; definitions in context Global` may shadow or be shadowed by other definitions."
"From remote kernel:"
"Global`SUNN::shdw: Symbol SUNN appears in multiple contexts {Global`, FeynCalc`}; definitions in context Global` may shadow or be shadowed by other definitions."
"From remote kernel:"
"Global`Nf::shdw: Symbol Nf appears in multiple contexts {Global`, FeynCalc`}; definitions in context Global` may shadow or be shadowed by other definitions."
"From remote kernel:"
"Global`SUNN::shdw: Symbol SUNN appears in multiple contexts {Global`, FeynCalc`}; definitions in context Global` may shadow or be shadowed by other definitions."
"From remote kernel:"
"Global`Nf::shdw: Symbol Nf appears in multiple contexts {Global`, FeynCalc`}; definitions in context Global` may shadow or be shadowed by other definitions."
"From remote kernel:"
"Global`SUNN::shdw: Symbol SUNN appears in multiple contexts {Global`, FeynCalc`}; definitions in context Global` may shadow or be shadowed by other definitions."
"From remote kernel:"
"Global`Nf::shdw: Symbol Nf appears in multiple contexts {Global`, FeynCalc`}; definitions in context Global` may shadow or be shadowed by other definitions."
"From remote kernel:"
"\"POLE_ASSEMBLY \"\"Hqqprime_g_Regular\"\n"
"From remote kernel:"
"\"POLE_ASSEMBLY \"\"Hqqbar_g_Regular\"\n"
"From remote kernel:"
"\"POLE_ASSEMBLY \"\"Hgg_g_Regular\"\n"
"From remote kernel:"
"\"POLE_ASSEMBLY \"\"Hqq_Pg_1_L1\"\n"
"From remote kernel:"
"\"POLE_ASSEMBLY \"\"Hqq_Pg_1_L0\"\n"
"From remote kernel:"
"\"POLE_ASSEMBLY \"\"Hgg_pp_Regular\"\n"
"From remote kernel:"
"\"POLE_ASSEMBLY \"\"Hqq_Pg_1_Regular\"\n"
"From remote kernel:"
"\"FINAL_HATS_ACCEPTED \"\"Hgg\"\n"
"From remote kernel:"
"\"POLE_ASSEMBLY \"\"Hqg_Pg_1_L1\"\n"
"From remote kernel:"
"\"POLE_ASSEMBLY \"\"Hqg_Pg_1_L0\"\n"
"From remote kernel:"
"\"POLE_ASSEMBLY \"\"Hqg_Pg_1_Regular\"\n"
"From remote kernel:"
"\"POLE_ASSEMBLY \"\"Hqqprime_pp_Regular\"\n"
"From remote kernel:"
"\"POLE_ASSEMBLY \"\"Hqqbar_pp_Regular\"\n"
"From remote kernel:"
"\"FINAL_HATS_ACCEPTED \"\"Hqqprime\"\n"
"From remote kernel:"
"\"POLE_ASSEMBLY \"\"Hgq_Pg_1_L1\"\n"
"From remote kernel:"
"\"POLE_ASSEMBLY \"\"Hgq_Pg_1_L0\"\n"
"From remote kernel:"
"\"POLE_ASSEMBLY \"\"Hgq_Pg_1_Regular\"\n"
MONITOR_HEARTBEAT elapsed=30s rss=1030.1MiB peak=1044.3MiB
"From remote kernel:"
"\"FINAL_HATS_ACCEPTED \"\"Hqqbar\"\n"
"From remote kernel:"
"\"POLE_ASSEMBLY \"\"Hqg_Pg_1_Delta\"\n"
"From remote kernel:"
"\"POLE_ASSEMBLY \"\"Hqg_Pg_-1_L1\"\n"
"From remote kernel:"
"\"POLE_ASSEMBLY \"\"Hqg_Pg_-1_L0\"\n"
"From remote kernel:"
"\"POLE_ASSEMBLY \"\"Hqg_Pg_-1_Regular\"\n"
"From remote kernel:"
"\"POLE_ASSEMBLY \"\"Hgq_Pg_1_Delta\"\n"
"From remote kernel:"
"\"POLE_ASSEMBLY \"\"Hgq_Pg_-1_L1\"\n"
"From remote kernel:"
"\"POLE_ASSEMBLY \"\"Hgq_Pg_-1_L0\"\n"
"From remote kernel:"
"\"POLE_ASSEMBLY \"\"Hgq_Pg_-1_Regular\"\n"
"From remote kernel:"
"\"POLE_ASSEMBLY \"\"Hqg_Pg_-1_Delta\"\n"
"From remote kernel:"
"\"POLE_ASSEMBLY \"\"Hqg_Ppp_1_L1\"\n"
"From remote kernel:"
"\"POLE_ASSEMBLY \"\"Hqg_Ppp_1_L0\"\n"
"From remote kernel:"
"\"POLE_ASSEMBLY \"\"Hqg_Ppp_1_Regular\"\n"
"From remote kernel:"
"\"POLE_ASSEMBLY \"\"Hqq_Pg_1_Delta\"\n"
"From remote kernel:"
"\"POLE_ASSEMBLY \"\"Hqq_Pg_-1_L1\"\n"
"From remote kernel:"
"\"POLE_ASSEMBLY \"\"Hqq_Pg_-1_L0\"\n"
"From remote kernel:"
"\"POLE_ASSEMBLY \"\"Hgq_Pg_-1_Delta\"\n"
"From remote kernel:"
"\"POLE_ASSEMBLY \"\"Hqq_Pg_-1_Regular\"\n"
"From remote kernel:"
"\"POLE_ASSEMBLY \"\"Hqg_Ppp_1_Delta\"\n"
"From remote kernel:"
"\"POLE_ASSEMBLY \"\"Hgq_Ppp_1_L1\"\n"
"From remote kernel:"
"\"POLE_ASSEMBLY \"\"Hgq_Ppp_1_L0\"\n"
"From remote kernel:"
"\"POLE_ASSEMBLY \"\"Hqg_Ppp_-1_L1\"\n"
"From remote kernel:"
"\"POLE_ASSEMBLY \"\"Hqg_Ppp_-1_L0\"\n"
"From remote kernel:"
"\"POLE_ASSEMBLY \"\"Hgq_Ppp_1_Regular\"\n"
"From remote kernel:"
"\"POLE_ASSEMBLY \"\"Hqg_Ppp_-1_Regular\"\n"
"From remote kernel:"
"\"POLE_ASSEMBLY \"\"Hqg_Ppp_-1_Delta\"\n"
"From remote kernel:"
"\"POLE_ASSEMBLY \"\"Hgq_Ppp_1_Delta\"\n"
"From remote kernel:"
"\"POLE_ASSEMBLY \"\"Hgq_Ppp_-1_L1\"\n"
"From remote kernel:"
"                                 1\nPower::infy: Infinite expression - encountered.\n                                 0"
"From remote kernel:"
"\"POLE_ASSEMBLY \"\"Hgq_Ppp_-1_L0\"\n"
"From remote kernel:"
"                                  -2\nPower::infy: Infinite expression 0   encountered."
"From remote kernel:"
"                                  -2\nPower::infy: Infinite expression 0   encountered."
"From remote kernel:"
"General::stop: Further output of Power::infy will be suppressed during this calculation."
"From remote kernel:"
"                                                                                                                                                                                                                                                                                                                                                                                                                                                                                                                                                                                                                                                                                                                                                                                                                                                                                                                                                                                                                                                                                                                                                                                                                                                                                                                                                                                                                                                                                                                                                                                                                                                                                                                                                                                                                                                                                                                                                                                                                                                                                                                                                                                                                                                                                                                                                                                                                                                                                                                                                                                                                                                                                                                                                                                                                                                                                                                                                                                                                                                                                                                                                                                                                                                                                                                                                                                                                                                                                         2               2                             Q2                                                                                                                             s        2               2                             s\n                                                                                                                                                                                                                                                                                                                                                                                                                                                                                                                                                                                                                                                                                                                                                                                                                                                                                                                                                                                                                                                                                                                                                                                                                                                                                                                                                                                                                                                                                                                                                                                                                                                                                                                                                                                                                                                                                                                                                                                                                                                                                                                                                                                                                                                                                                                                                                                                                                                                                                                                                                                                                                                                                                                                                2             2                                                                        2                  2                                 2                 2       2     2                  2     2              2                         2      2     2                 2     2                                 2               2       2     2              2      2     2                                        2               2       2     2              2      2     2                                         2               2       2     2              2      2     2                                                                            2               2     2     2              2    2     2            (Q2  + 2 Q2 s + 2 s ) (-1 + SUNN) (1 + SUNN) Log[--]                             2               2     2     2              2    2     2           s (-1 + SUNN) (1 + SUNN) Log[--]   (Q2  + 2 Q2 s + 3 s ) (-1 + SUNN) (1 + SUNN) Log[--]      2             2                              2\n                                                                                                                                                                                                                                                                                                                                                                                                                                                                                                                                                                                                                                                                                                                                                                                                                                                                                                                                                                                                                                                                                                                                                                                                                                                                                                                                                                                                                                                                                                                                                                                                                                                                                                                                                                                                                                                                                                                                                                                                                                                                                                                                                                                                                                                                                                                                                                                                                                                                                                                                                                                                                                                                                                                                             (Q2  + 2 Q2 s + s ) (-1 + SUNN) (1 + SUNN) (-2 Nf + 11 SUNN)   (-1 + SUNN) (1 + SUNN) (-Q2  - 2 EulerGamma Q2  + 6 Q2 s - 4 EulerGamma Q2 s - s  - 2 EulerGamma s  + 5 Q2  SUNN  + 4 EulerGamma Q2  SUNN  - 6 Q2 s SUNN  + 8 EulerGamma Q2 s SUNN  + 5 s  SUNN  + 4 EulerGamma s  SUNN )   (-1 + SUNN) (1 + SUNN) (-2 Q2  - 4 Q2 s - 2 s  + 4 Q2  SUNN  + 8 Q2 s SUNN  + 4 s  SUNN ) Log[mu]   (-1 + SUNN) (1 + SUNN) (2 Q2  + 4 Q2 s + 2 s  - 4 Q2  SUNN  - 8 Q2 s SUNN  - 4 s  SUNN ) Log[Pi]   (-1 + SUNN) (1 + SUNN) (-2 Q2  - 4 Q2 s - 2 s  + 4 Q2  SUNN  + 8 Q2 s SUNN  + 4 s  SUNN ) Log[2 Pi]   s (-1 + SUNN) (1 + SUNN) Log[Q2]   (-1 + SUNN) (1 + SUNN) (-Q2  - 2 Q2 s - 3 s  + Q2  SUNN  + 2 Q2 s SUNN  + s  SUNN ) Log[Q2]                                                    s     (-1 + SUNN) (1 + SUNN) (Q2  + 2 Q2 s + 2 s  + Q2  SUNN  + 2 Q2 s SUNN  + s  SUNN ) Log[s]                                Q2                                                     Q2    (Q2  + 2 Q2 s + s ) (-1 + SUNN) (1 + SUNN) Log[s ]\n                                                                                                                                                                                                                                                                                                                                                                                                                                                                                                                                                                                                                                                                                             2               2                             Q2 2                                                                                                                                                                                                                                                                                                                                                                                                                                                                                                          2                2                                   2               2                             s          2                2                                   2               2                             s          2      2               2                             s        2             2                             s  2      2             2                             s  2                                s  2      2               2                             s  2                                                                                                                                                                    s                                                                                                                                                                                                                                                                                                                                                                                                                                                                                                                   2               2                             Q2                                                                                                                             s        2               2                             s                                                           ------------------------------------------------------------ - ------------------------------------------------------------------------------------------------------------------------------------------------------------------------------------------------------------------------- + ------------------------------------------------------------------------------------------------- + ------------------------------------------------------------------------------------------------ + --------------------------------------------------------------------------------------------------- - -------------------------------- - ------------------------------------------------------------------------------------------- - ---------------------------------------------------- - ----------------------------------------------------------------------------------------- - -------------------------------- + ---------------------------------------------------- + --------------------------------------------------                                                                                                                                                                                                                                                                                                                                                                             2               2                             Q2                                                                                                                             s        2               2                             s                                                                                                                                                                                                                                                                                                                                                                                                                                                                                                                                                                             2               2                             Q2                                                                                                                             s        2               2                             s                                                                                                                                                                      2               2                             s                                                                                                                                                                                                                                     2               2                                    Q2 - s       2             2                                       Q2 + s        2               2                                       Q2 + s\n                                                                     2             2       2     2              2      2     2                                                             2             2                                     2         2      2             2                                     2         2      2             2                                     2           2                                                   2             2         2             2         2             2                                                               2                              2               2     2     2              2    2     2         2   (Q2  + 2 Q2 s + 2 s ) (-1 + SUNN) (1 + SUNN) Log[--]                                4                  4       3                    3         2  2                   2  2         3                     3      4                 4       4     2                  4     2       3       2                  3       2       2  2     2                   2  2     2         3     2                    3     2      4     2                 4     2                                     2               2     2     2              2    2     2        2   (2 Q2  + EulerGamma Q2  + 3 Q2 s + 2 EulerGamma Q2 s + 2 s  + EulerGamma s ) (-1 + SUNN) (1 + SUNN) Log[--]   (2 Q2  + EulerGamma Q2  + 3 Q2 s + 2 EulerGamma Q2 s + 2 s  + EulerGamma s ) (-1 + SUNN) (1 + SUNN) Log[--]   (2 Q2  + 2 s  + EulerGamma s ) (-1 + SUNN) (1 + SUNN) Log[--]   (Q2  + 2 Q2 s + s ) (-1 + SUNN) (1 + SUNN) Log[--]    (Q2  + 2 Q2 s + s ) (-1 + SUNN) (1 + SUNN) Log[--]    s (-1 + SUNN) (1 + SUNN) Log[--]    (Q2  + 2 Q2 s + 3 s ) (-1 + SUNN) (1 + SUNN) Log[--]               4                4       3         2  2                  2  2         3      4               4                           s (-1 + SUNN) (1 + SUNN) Log[--]               2             2                              2 2                                       2                  2                                 2                 2       2     2                  2     2              2                         2      2     2                 2     2       2             2                                     2                                                                            2               2     2     2              2    2     2            (Q2  + 2 Q2 s + 2 s ) (-1 + SUNN) (1 + SUNN) Log[--]                             2               2     2     2              2    2     2           s (-1 + SUNN) (1 + SUNN) Log[--]   (Q2  + 2 Q2 s + 3 s ) (-1 + SUNN) (1 + SUNN) Log[--]      2             2                              2                                2                                                                                                                                           2          2                                                                                                                                                    2          2                                                                                        2          2                                                                                        2          2                                                          2        2                                                     2          2                                                               2          2                                                             2          2                                                     2        2                                  2          2                                          2          2                                                         2                  2                                 2                 2       2     2                  2     2              2                         2      2     2                 2     2                                                                  2               2     2     2              2    2     2            (Q2  + 2 Q2 s + 2 s ) (-1 + SUNN) (1 + SUNN) Log[--]                             2               2     2     2              2    2     2           s (-1 + SUNN) (1 + SUNN) Log[--]   (Q2  + 2 Q2 s + 3 s ) (-1 + SUNN) (1 + SUNN) Log[--]      2             2                              2                                        2                  2                                 2                 2       2     2                  2     2              2                         2      2     2                 2     2       2             2                                     2               2             2                                     2                                                                            2               2     2     2              2    2     2            (Q2  + 2 Q2 s + 2 s ) (-1 + SUNN) (1 + SUNN) Log[--]                             2               2     2     2              2    2     2           s (-1 + SUNN) (1 + SUNN) Log[--]   (Q2  + 2 Q2 s + 3 s ) (-1 + SUNN) (1 + SUNN) Log[--]      2             2                              2                   2                2                          2                 2                           (Q2  + 2 Q2 s + 2 s ) (-1 + SUNN) (1 + SUNN) Log[--]      2               2                              2                        2                2                          2                 2                              2               2                              2     (Q2  + 2 Q2 s + 3 s ) (-1 + SUNN) (1 + SUNN) PolyLog[2, ------]   (Q2  + 2 Q2 s + s ) (-1 + SUNN) (1 + SUNN) Re[PolyLog[2, ------]]   (Q2  + 2 Q2 s + 2 s ) (-1 + SUNN) (1 + SUNN) Re[PolyLog[2, ------]]\n                                          (-1 + SUNN) (1 + SUNN) (-Q2  - 2 Q2 s - s  + 2 Q2  SUNN  + 4 Q2 s SUNN  + 2 s  SUNN )                                                         (Q2  + 2 Q2 s + s ) (-1 + SUNN) (1 + SUNN) (-1 + 2 SUNN ) Log[mu]    (Q2  + 2 Q2 s + s ) (-1 + SUNN) (1 + SUNN) (-1 + 2 SUNN ) Log[Pi]    (Q2  + 2 Q2 s + s ) (-1 + SUNN) (1 + SUNN) (-1 + 2 SUNN ) Log[2 Pi]    (-1 + SUNN) (1 + SUNN) (-2 Nf + 11 SUNN) (-4 (Q2  - 2 Q2 s + s ) - 4 (Q2  + 2 Q2 s + s ) + 4 (Q2  + 2 Q2 s + s ) (-EulerGamma + Log[4 Pi]))   s (-1 + SUNN) (1 + SUNN) Log[Q2]    (-1 + SUNN) (1 + SUNN) (-Q2  - 2 Q2 s - 3 s  + Q2  SUNN  + 2 Q2 s SUNN  + s  SUNN ) Log[Q2]                                                     s      (-1 + SUNN) (1 + SUNN) (4 Q2  + 2 EulerGamma Q2  + 8 Q2  s + 8 EulerGamma Q2  s + 5 Q2  s  + 14 EulerGamma Q2  s  + 6 Q2 s  + 12 EulerGamma Q2 s  + 4 s  + 4 EulerGamma s  + 4 Q2  SUNN  + 2 EulerGamma Q2  SUNN  + 8 Q2  s SUNN  + 8 EulerGamma Q2  s SUNN  + 9 Q2  s  SUNN  + 12 EulerGamma Q2  s  SUNN  + 8 Q2 s  SUNN  + 8 EulerGamma Q2 s  SUNN  + 4 s  SUNN  + 2 EulerGamma s  SUNN ) Log[s]   (-1 + SUNN) (1 + SUNN) (Q2  + 2 Q2 s + 2 s  + Q2  SUNN  + 2 Q2 s SUNN  + s  SUNN ) Log[s]                                                                                                            Q2                                                                                                            Q2                                                              Q2                                                   Q2                                                    Q2                                  Q2                                                      Q2        1  (2 Q2  + EulerGamma Q2  - 4 Q2  s + 8 Q2  s  - 2 EulerGamma Q2  s  - 6 Q2 s  + 2 s  + EulerGamma s ) (-1 + SUNN) (1 + SUNN)                                Q2        2    (Q2  + 2 Q2 s + s ) (-1 + SUNN) (1 + SUNN) Log[s ]             (-1 + SUNN) (1 + SUNN) (-Q2  - 2 EulerGamma Q2  + 6 Q2 s - 4 EulerGamma Q2 s - s  - 2 EulerGamma s  + 5 Q2  SUNN  + 4 EulerGamma Q2  SUNN  - 6 Q2 s SUNN  + 8 EulerGamma Q2 s SUNN  + 5 s  SUNN  + 4 EulerGamma s  SUNN )   (Q2  + 2 Q2 s + s ) (-1 + SUNN) (1 + SUNN) (-1 + 2 SUNN ) Log[2 Pi]   s (-1 + SUNN) (1 + SUNN) Log[Q2]   (-1 + SUNN) (1 + SUNN) (-Q2  - 2 Q2 s - 3 s  + Q2  SUNN  + 2 Q2 s SUNN  + s  SUNN ) Log[Q2]                                                    s     (-1 + SUNN) (1 + SUNN) (Q2  + 2 Q2 s + 2 s  + Q2  SUNN  + 2 Q2 s SUNN  + s  SUNN ) Log[s]                                Q2                                                     Q2    (Q2  + 2 Q2 s + s ) (-1 + SUNN) (1 + SUNN) Log[s ]                          24 Pi  Q2 s SUNN                                                                                                                             8 Pi  Q2 s SUNN                                                                                                                                                 4 Pi  Q2 s SUNN                                                                                     8 Pi  Q2 s SUNN                                                                                     4 Pi  Q2 s SUNN                                                       4 Pi  Q2 SUNN                                                  4 Pi  Q2 s SUNN                                                            8 Pi  Q2 s SUNN                                                          4 Pi  Q2 s SUNN                                                  8 Pi  Q2 SUNN                               8 Pi  Q2 s SUNN                                       8 Pi  Q2 s SUNN                                (-1 + SUNN) (1 + SUNN) (Q2  + 2 EulerGamma Q2  - 6 Q2 s + 4 EulerGamma Q2 s + s  + 2 EulerGamma s  - 5 Q2  SUNN  - 4 EulerGamma Q2  SUNN  + 6 Q2 s SUNN  - 8 EulerGamma Q2 s SUNN  - 5 s  SUNN  - 4 EulerGamma s  SUNN )   s (-1 + SUNN) (1 + SUNN) Log[Q2]   (-1 + SUNN) (1 + SUNN) (-Q2  - 2 Q2 s - 3 s  + Q2  SUNN  + 2 Q2 s SUNN  + s  SUNN ) Log[Q2]                                                    s     (-1 + SUNN) (1 + SUNN) (Q2  + 2 Q2 s + 2 s  + Q2  SUNN  + 2 Q2 s SUNN  + s  SUNN ) Log[s]                                Q2                                                     Q2    (Q2  + 2 Q2 s + s ) (-1 + SUNN) (1 + SUNN) Log[s ]             (-1 + SUNN) (1 + SUNN) (Q2  + 2 EulerGamma Q2  - 6 Q2 s + 4 EulerGamma Q2 s + s  + 2 EulerGamma s  - 5 Q2  SUNN  - 4 EulerGamma Q2  SUNN  + 6 Q2 s SUNN  - 8 EulerGamma Q2 s SUNN  - 5 s  SUNN  - 4 EulerGamma s  SUNN )   (Q2  + 2 Q2 s + s ) (-1 + SUNN) (1 + SUNN) (-1 + 2 SUNN ) Log[Pi]   (Q2  + 2 Q2 s + s ) (-1 + SUNN) (1 + SUNN) (-1 + 2 SUNN ) Log[2 Pi]   s (-1 + SUNN) (1 + SUNN) Log[Q2]   (-1 + SUNN) (1 + SUNN) (-Q2  - 2 Q2 s - 3 s  + Q2  SUNN  + 2 Q2 s SUNN  + s  SUNN ) Log[Q2]                                                    s     (-1 + SUNN) (1 + SUNN) (Q2  + 2 Q2 s + 2 s  + Q2  SUNN  + 2 Q2 s SUNN  + s  SUNN ) Log[s]                                Q2                                                     Q2    (Q2  + 2 Q2 s + s ) (-1 + SUNN) (1 + SUNN) Log[s ]        Q2   (2 Q2  + EulerGamma Q2  + 2 EulerGamma Q2 s + 2 s  + 2 EulerGamma s ) (-1 + SUNN) (1 + SUNN)                                                    Q2    (Q2  + 2 Q2 s + 2 s ) (-1 + SUNN) (1 + SUNN) Log[s ]        s      1  (4 Q2  + EulerGamma Q2  + 2 EulerGamma Q2 s + 4 s  + 3 EulerGamma s ) (-1 + SUNN) (1 + SUNN)   (Q2  + 2 Q2 s + 3 s ) (-1 + SUNN) (1 + SUNN) Log[s ]                                                              Q2                                                                 Q2                                                                    s\nInfinity::indet: Indeterminate expression ------------------------------------------------------------------------------------- + ComplexInfinity + ComplexInfinity + ComplexInfinity + ------------------------------------------------------------------ + ------------------------------------------------------------------ + -------------------------------------------------------------------- + ------------------------------------------------------------------------------------------------------------------------------------------- + --------------------------------- + -------------------------------------------------------------------------------------------- - ----------------------------------------------------- + -------------------------------------------------------------------------------------------------------------------------------------------------------------------------------------------------------------------------------------------------------------------------------------------------------------------------------------------------------------------------------------------------- + ------------------------------------------------------------------------------------------ - ----------------------------------------------------------------------------------------------------------- + ----------------------------------------------------------------------------------------------------------- + ------------------------------------------------------------- - --------------------------------------------------- + --------------------------------------------------- + --------------------------------- - ----------------------------------------------------- + (-(-) --------------------------------------------------------------------------------------------------------------------------- + --------------------------------) Log[s ] - --------------------------------------------------- + Log[Pi] (------------------------------------------------------------------------------------------------------------------------------------------------------------------------------------------------------------------------- - ------------------------------------------------------------------- + -------------------------------- + ------------------------------------------------------------------------------------------- + ---------------------------------------------------- + ----------------------------------------------------------------------------------------- + -------------------------------- - ---------------------------------------------------- - --------------------------------------------------) + ---------------------------------------------------------------------------------------------------------------------------------------------------------------------------------------------------------------------------------------------------------------------------------------------------------------------------------------------------------------------------------------------------------------------------------------------------------------------------------------------------------------------------------------------------------------------------------------------------------------------------------------------------------------------------------------------------------------------------------------------------------------------------------------------------------------------------------------------------------------------------------------------------------------------------------------------------------------------------------------------------------------------------------------- + Log[2 Pi] (------------------------------------------------------------------------------------------------------------------------------------------------------------------------------------------------------------------------ - -------------------------------- - ------------------------------------------------------------------------------------------- - ---------------------------------------------------- - ----------------------------------------------------------------------------------------- - -------------------------------- + ---------------------------------------------------- + --------------------------------------------------) + Log[mu] (------------------------------------------------------------------------------------------------------------------------------------------------------------------------------------------------------------------------ - ----------------------------------------------------------------- + ------------------------------------------------------------------- - -------------------------------- - ------------------------------------------------------------------------------------------- - ---------------------------------------------------- - ----------------------------------------------------------------------------------------- - -------------------------------- + ---------------------------------------------------- + --------------------------------------------------) + Log[--] (-------------------------------------------------------------------------------------------- - ---------------------------------------------------- + ----------------------------------------------------) + Log[--] (-(-) -------------------------------------------------------------------------------------------- - ----------------------------------------------------) - --------------------------------------------------------------- + ----------------------------------------------------------------- + ------------------------------------------------------------------- encountered.\n                                                                               2   2          2                                                                                                                      2          2                                                         2          2                                                          2          2                                                                                               2                                                                                        2        2                                                       2          2                                                                2          2                                                                                                                                                                                                             2              2     2                                                                                                                                                                                                                                2          2                                                                                            2                                                                                                             2                                                                                   2          2                                                   2                                                     2                                          2        2                                   2          2                        8                                                     2            2       2                                                                  2        2                                           2          2                                                                                                                                     2          2                                                                                                                                     2          2                                          2        2                                                     2          2                                                               2          2                                                             2          2                                                     2        2                                  2          2                                          2          2                                                                                                                                                                                                                                                                                                                                                                                                                                                                                                                                       eps                                                                                                                                                                                                                                                                                                                                                                                                                                                                                                                                                                                                                                         2          2                                                                                                                    2        2                                                     2          2                                                               2          2                                                             2          2                                                     2        2                                  2          2                                          2          2                                                                                                                                      2          2                                                                                                                                   2          2                                                        2          2                                           2        2                                                     2          2                                                               2          2                                                             2          2                                                     2        2                                  2          2                                          2          2                         s                                              2          2                                                               2          2                                           2          2                          Q2     8                                           2          2                                                                2          2                                                 2          2                                                          2                                                                 2          2\n                                                                          4 eps  Pi  Q2 s SUNN                                                                                                                   2 Pi  Q2 s SUNN                                                      8 Pi  Q2 s SUNN                                                       2 Pi  Q2 s SUNN                                                                                           96 Pi  Q2 s SUNN                                                                          8 Pi  Q2 SUNN                                                    8 Pi  Q2 s SUNN                                                            16 Pi  Q2 s SUNN                                                                                                                                                                                                          8 Pi  Q2 s (Q2 + s)  SUNN                                                                                                                                                                                                                             8 Pi  Q2 s SUNN                                                                                         8 Pi  Q2 s                                                                                                    8 Pi  Q2 s                                                                          8 Pi  Q2 s SUNN                                               16 Pi  Q2 s                                           16 Pi  Q2 s                                16 Pi  Q2 SUNN                               16 Pi  Q2 s SUNN                                                                             Pi  Q2 (Q2 - s)  s SUNN                                                              16 Pi  Q2 SUNN                                       32 Pi  Q2 s SUNN                                                                                                                                  8 Pi  Q2 s SUNN                                                                                                                                  2 Pi  Q2 s SUNN                                       4 Pi  Q2 SUNN                                                  4 Pi  Q2 s SUNN                                                            8 Pi  Q2 s SUNN                                                          4 Pi  Q2 s SUNN                                                  8 Pi  Q2 SUNN                               8 Pi  Q2 s SUNN                                       8 Pi  Q2 s SUNN                                                                                                                                                                                                                                                                                                                                                                                                                                                                                                                                                                                                                                                                                                                                                                                                                                                                                                                                                                                                                                                                                                                                                                                4 Pi  Q2 s SUNN                                                                                                                 2 Pi  Q2 SUNN                                                  2 Pi  Q2 s SUNN                                                            4 Pi  Q2 s SUNN                                                          2 Pi  Q2 s SUNN                                                  4 Pi  Q2 SUNN                               4 Pi  Q2 s SUNN                                       4 Pi  Q2 s SUNN                                                                                                                                   4 Pi  Q2 s SUNN                                                                                                                                2 Pi  Q2 s SUNN                                                       Pi  Q2 s SUNN                                        2 Pi  Q2 SUNN                                                  2 Pi  Q2 s SUNN                                                            4 Pi  Q2 s SUNN                                                          2 Pi  Q2 s SUNN                                                  4 Pi  Q2 SUNN                               4 Pi  Q2 s SUNN                                       4 Pi  Q2 s SUNN                                                                     8 Pi  Q2 s SUNN                                                            8 Pi  Q2 s SUNN                                       16 Pi  Q2 s SUNN                                                                            Pi  Q2 s SUNN                                                            16 Pi  Q2 s SUNN                                              4 Pi  Q2 s SUNN                                                       4 Pi  Q2 s                                                        4 Pi  Q2 s SUNN"
"From remote kernel:"
"\"POLE_ASSEMBLY \"\"Hqg_Pg_0_Delta\"\n"
"From remote kernel:"
"\"FAIL: \"\"Hqg_Pg_0_Delta finite evaluated tensor\"\n"
MONITOR_WAKE {"stage": "s20", "source": "s20_final_hats.wl", "source_sha256": "2bbd6e7b3dff8aa38c2eca34038b34747557fcbf79024936252f16adfa6713ff", "job_id": "14693218", "host": "n7439", "exit_code": -9, "success_marker": false, "accepted_execution": false, "guard": "stage gate failure", "peak_rss_bytes": 1852477440, "elapsed_seconds": 52.162498738616705, "completed_utc": "2026-09-07T13:05:39.341345+00:00"}
