"PASS: ""authorized local finite assembly"
"PASS: ""complete source syntax"
"PASS: ""known assembly channel"
"PASS: ""pinned original final assembly"
"PASS: ""required input common/s02_result/s02_result.wl"
"PASS: ""required input common/s06_result/s06_result.wl"
"PASS: ""accepted spin basis and scalar library"
"PASS: ""s02 pinned library geometry"
"PASS: ""s08 pinned library geometry"
"PASS: ""required input misc/s11_result/s11_result.wl"
"PASS: ""actual accepted local integrated input"
"PASS: ""required input Hgg/s05_result/s05_result.wl"
"PASS: ""own native-subtraction assembly"
"PASS: ""required input Hgg/s11_native_result/s11_result.wl"
"PASS: ""bound accepted native subtraction"
"PASS: ""accepted integrated real tensor"
"PASS: ""accepted real tensor and subtraction"
"PASS: ""same physical spin and photon bases"
"PASS: ""matching explicit regulator scheme"
"PASS: ""pinned Hgg/s14_result/reference/phase_input.json"
"PASS: ""pinned Hgg/s11_result/reference/github_s09_result_s09_result.wl"
"PASS: ""pinned Hgg/s14_result/reference/unpolarized_F1_hat.wl"
"PASS: ""pinned Hgg/s14_result/reference/unpolarized_F2_hat.wl"
"PASS: ""reference hat symbols match inherited conventions"
"PASS: ""original projectors fully resolved"
"PASS: ""linear original scalar projectors"
"PASS: ""released spin tensor preserves exact frame"
"S14_INPUT_RELEASE "InputForm[<|"TensorBytes" -> 8515568, "MemoryBefore" -> 1005305432, "MemoryAfter" -> 998004824|>]
"PASS: ""incoming vector reconstructed in photon frame"
"PASS: ""original hat weights are independent of recoil and branch"
"PASS: ""small counterterm normalization"
"PASS: ""required input Hgg/s01_result/reference/s01_result/s01_inputs/s01_result/real.wl"
"PASS: ""generated fields match momenta"
"PASS: ""one tagged momentum"
"PASS: ""one small-channel sector"
"PASS: ""spectator weight matches contracted tensor"
"PASS: ""original small-channel phase normalization"
"PASS: ""real and subtraction coupling degrees match"
"PASS: ""no mixed color symbol contexts"
"PASS: ""unique integrated physical components"
"PASS: ""accepted reference phase implementation"
"PASS: ""unique original finite export"
"PASS: ""original finite assembly tail syntax"
"PASS: ""unique finite native export"
"PASS: ""unchanged finite assembly with compact storage"
"PASS: ""complete compact finite assembly syntax"
"PASS: ""accepted complete phase optimization"
"PASS: ""exact phase proof source and runtime"
"PASS: ""all original mathematical assembly inputs unchanged"
"PASS: ""pinned original Laurent implementation"
"PASS: ""unique complete Laurent definition"
"PASS: ""unique regulator expansion change"
"PASS: ""entire original Laurent algorithm retained"
"PASS: ""validated complete phase implementation installed"
"PASS: ""original complete assembly source pinned for reuse"
"PASS: ""accepted exact scoped Laurent predicate"
"PASS: ""bound accepted predicate parent generation"
"PASS: ""accepted full-component parent generation"
"PASS: ""accepted exact pole summation proof"
"PASS: ""exact sum proof source and control"
"PASS: ""unique original pole simplifier source"
"PASS: ""all original pole and finite gates retained"
"PASS: ""accepted complete actual final comparison"
"PASS: ""exact reference helper source and runtime"
"PASS: ""unique complete native polynomial implementation"
"PASS: ""all transfer equations and gates unchanged"
"PASS: ""accepted complete native storage interface"
"PASS: ""unique native Hgg finite export"
"PASS: ""all original final Hgg gates retained"
"PASS: ""complete source exactly reconstructed"
"PASS: ""complete reviewed final consumer syntax"
"PASS: ""pinned accepted finite checkpoint {{1, 1, 1}, 1, \"Regular\"}"
"PASS: ""exact accepted finite checkpoint identity {{1, 1, 1}, 1, \"Regular\"}"
"PASS: ""entire accepted checkpoint payload preserved Own"
"PASS: ""actual native checkpoint reader interface Own"
"PASS: ""pinned accepted finite checkpoint {{4, 1, 1}, 1, \"Regular\"}"
"PASS: ""exact accepted finite checkpoint identity {{4, 1, 1}, 1, \"Regular\"}"
"PASS: ""entire accepted checkpoint payload preserved Actual"
"PASS: ""actual native checkpoint reader interface Actual"
"PASS: ""same previously reviewed final exporter parent"
"PASS: ""unique final storage source edit"
"PASS: ""complete final exporter source reconstruction"
"PASS: ""unique terminal final builder"
"PASS: ""single inherited package load"
"PASS: ""unchanged final builder after package initialization"
"PASS: ""unique reviewed final interfaces"
"PASS: ""complete original final implementation preserved"
"PASS: ""entire final consumer storage interface"
"PASS: ""native chunk marker is unassigned"
"PASS: ""bounded native chunk"
"PASS: ""exact native chunk reload"
"PASS: ""entire native record exactly reconstructs"
"PASS: ""unique native manifest insertion"
"PASS: ""bounded complete native index"
"PASS: ""exact native index bytes"
"NATIVE_CHUNK_RECORD ""s14_storage_interface.wl"" pieces "1" memory_before "897861248" memory_after "897976800
"PASS: ""actual assembly storage handoff exact native fields"
"PASS: complete Hgg finite resume interface"
