Style["Loading FeynCalc from /home/physics/.WolframEngine/Applications/FeynCalc/", "Text"]
$PrePrint is set to FeynCalcForm. Use FI and FC to change the display format.
Style["FeynCalc ", "Text", Bold]Style["10.2.1 (stable version). For help, use the ", "Text"]Style[DisplayForm[ButtonBox["online documentation,", ButtonData :> {URL["https://feyncalc.github.io/referenceDev"], None}, BaseStyle -> "Hyperlink", ButtonNote -> "https://feyncalc.github.io/referenceDev"]], "Text"]Style[" visit the ", "Text"]Style[DisplayForm[ButtonBox["forum", ButtonData :> {URL["https://github.com/FeynCalc/feyncalc/discussions"], None}, BaseStyle -> "Hyperlink", ButtonNote -> "https://github.com/FeynCalc/feyncalc/discussions/"]], "Text"]Style[" and have a look at the supplied ", "Text"]Style[DisplayForm[ButtonBox["examples.", BaseStyle -> "Hyperlink", ButtonFunction :> SystemOpen[FileNameJoin[{$FeynCalcDirectory, "Examples"}]], Evaluator -> Automatic, Method -> "Preemptive"]], "Text"]Style[" The PDF-version of the manual can be downloaded ", "Text"]Style[DisplayForm[ButtonBox["here.", ButtonData :> {URL["https://github.com/FeynCalc/feyncalc-manual/releases/download/dev-manual/FeynCalcManual.pdf"], None}, BaseStyle -> "Hyperlink", ButtonNote -> "https://github.com/FeynCalc/feyncalc-manual/releases/download/dev-manual/FeynCalcManual.pdf"]], "Text"]
Style["If you use FeynCalc in your research, please evaluate FeynCalcHowToCite[] to learn how to cite this software.", "Text"]
Style["Please keep in mind that the proper academic attribution of our work is crucial to ensure the future development of this package!", {"Text", Italic}]
"S08_STAGE: validating paper and accepted Hqqprime S07 handoff"
"S08_STAGE: validating Appendix-D frame identities"
"S08_STAGE: launching three independent charge workers"
"kernel 1 (Local):"
"Style[\"Loading FeynCalc from /home/physics/.WolframEngine/Applications/FeynCalc/\", \"Text\"]\n"
"kernel 1 (Local):"
"$PrePrint is set to FeynCalcForm. Use FI and FC to change the display format.\n"
"kernel 1 (Local):"
"Style[\"FeynCalc \", \"Text\", Bold]Style[\"10.2.1 (stable version). For help, use the \", \"Text\"]Style[DisplayForm[ButtonBox[\"online documentation,\", ButtonData :> {URL[\"https://feyncalc.github.io/referenceDev\"], None}, BaseStyle -> \"Hyperlink\", ButtonNote -> \"https://feyncalc.github.io/referenceDev\"]], \"Text\"]Style[\" visit the \", \"Text\"]Style[DisplayForm[ButtonBox[\"forum\", ButtonData :> {URL[\"https://github.com/FeynCalc/feyncalc/discussions\"], None}, BaseStyle -> \"Hyperlink\", ButtonNote -> \"https://github.com/FeynCalc/feyncalc/discussions/\"]], \"Text\"]Style[\" and have a look at the supplied \", \"Text\"]Style[DisplayForm[ButtonBox[\"examples.\", BaseStyle -> \"Hyperlink\", ButtonFunction :> SystemOpen[FileNameJoin[{$FeynCalcDirectory, \"Examples\"}]], Evaluator -> Automatic, Method -> \"Preemptive\"]], \"Text\"]Style[\" The PDF-version of the manual can be downloaded \", \"Text\"]Style[DisplayForm[ButtonBox[\"here.\", ButtonData :> {URL[\"https://github.com/FeynCalc/feyncalc-manual/releases/download/dev-manual/FeynCalcManual.pdf\"], None}, BaseStyle -> \"Hyperlink\", ButtonNote -> \"https://github.com/FeynCalc/feyncalc-manual/releases/download/dev-manual/FeynCalcManual.pdf\"]], \"Text\"]\n"
"kernel 1 (Local):"
"Style[\"If you use FeynCalc in your research, please evaluate FeynCalcHowToCite[] to learn how to cite this software.\", \"Text\"]\n"
"kernel 1 (Local):"
"Style[\"Please keep in mind that the proper academic attribution of our work is crucial to ensure the future development of this package!\", {\"Text\", Italic}]\n"
"kernel 2 (Local):"
"Style[\"Loading FeynCalc from /home/physics/.WolframEngine/Applications/FeynCalc/\", \"Text\"]\n"
"kernel 2 (Local):"
"$PrePrint is set to FeynCalcForm. Use FI and FC to change the display format.\n"
"kernel 2 (Local):"
"Style[\"FeynCalc \", \"Text\", Bold]Style[\"10.2.1 (stable version). For help, use the \", \"Text\"]Style[DisplayForm[ButtonBox[\"online documentation,\", ButtonData :> {URL[\"https://feyncalc.github.io/referenceDev\"], None}, BaseStyle -> \"Hyperlink\", ButtonNote -> \"https://feyncalc.github.io/referenceDev\"]], \"Text\"]Style[\" visit the \", \"Text\"]Style[DisplayForm[ButtonBox[\"forum\", ButtonData :> {URL[\"https://github.com/FeynCalc/feyncalc/discussions\"], None}, BaseStyle -> \"Hyperlink\", ButtonNote -> \"https://github.com/FeynCalc/feyncalc/discussions/\"]], \"Text\"]Style[\" and have a look at the supplied \", \"Text\"]Style[DisplayForm[ButtonBox[\"examples.\", BaseStyle -> \"Hyperlink\", ButtonFunction :> SystemOpen[FileNameJoin[{$FeynCalcDirectory, \"Examples\"}]], Evaluator -> Automatic, Method -> \"Preemptive\"]], \"Text\"]Style[\" The PDF-version of the manual can be downloaded \", \"Text\"]Style[DisplayForm[ButtonBox[\"here.\", ButtonData :> {URL[\"https://github.com/FeynCalc/feyncalc-manual/releases/download/dev-manual/FeynCalcManual.pdf\"], None}, BaseStyle -> \"Hyperlink\", ButtonNote -> \"https://github.com/FeynCalc/feyncalc-manual/releases/download/dev-manual/FeynCalcManual.pdf\"]], \"Text\"]\n"
"kernel 2 (Local):"
"Style[\"If you use FeynCalc in your research, please evaluate FeynCalcHowToCite[] to learn how to cite this software.\", \"Text\"]\n"
"kernel 2 (Local):"
"Style[\"Please keep in mind that the proper academic attribution of our work is crucial to ensure the future development of this package!\", {\"Text\", Italic}]\n"
"kernel 3 (Local):"
"Style[\"Loading FeynCalc from /home/physics/.WolframEngine/Applications/FeynCalc/\", \"Text\"]\n"
"kernel 3 (Local):"
"$PrePrint is set to FeynCalcForm. Use FI and FC to change the display format.\n"
"kernel 3 (Local):"
"Style[\"FeynCalc \", \"Text\", Bold]Style[\"10.2.1 (stable version). For help, use the \", \"Text\"]Style[DisplayForm[ButtonBox[\"online documentation,\", ButtonData :> {URL[\"https://feyncalc.github.io/referenceDev\"], None}, BaseStyle -> \"Hyperlink\", ButtonNote -> \"https://feyncalc.github.io/referenceDev\"]], \"Text\"]Style[\" visit the \", \"Text\"]Style[DisplayForm[ButtonBox[\"forum\", ButtonData :> {URL[\"https://github.com/FeynCalc/feyncalc/discussions\"], None}, BaseStyle -> \"Hyperlink\", ButtonNote -> \"https://github.com/FeynCalc/feyncalc/discussions/\"]], \"Text\"]Style[\" and have a look at the supplied \", \"Text\"]Style[DisplayForm[ButtonBox[\"examples.\", BaseStyle -> \"Hyperlink\", ButtonFunction :> SystemOpen[FileNameJoin[{$FeynCalcDirectory, \"Examples\"}]], Evaluator -> Automatic, Method -> \"Preemptive\"]], \"Text\"]Style[\" The PDF-version of the manual can be downloaded \", \"Text\"]Style[DisplayForm[ButtonBox[\"here.\", ButtonData :> {URL[\"https://github.com/FeynCalc/feyncalc-manual/releases/download/dev-manual/FeynCalcManual.pdf\"], None}, BaseStyle -> \"Hyperlink\", ButtonNote -> \"https://github.com/FeynCalc/feyncalc-manual/releases/download/dev-manual/FeynCalcManual.pdf\"]], \"Text\"]\n"
"kernel 3 (Local):"
"Style[\"If you use FeynCalc in your research, please evaluate FeynCalcHowToCite[] to learn how to cite this software.\", \"Text\"]\n"
"kernel 3 (Local):"
"Style[\"Please keep in mind that the proper academic attribution of our work is crucial to ensure the future development of this package!\", {\"Text\", Italic}]\n"
"S08_STAGE: dispatching three charge tasks across three Engine-15 kernels"
"kernel 1 (Local):"
"\"S08_STAGE: exposing and combining Pg IncomingChargeSquared\"\n"
"kernel 2 (Local):"
"\"S08_STAGE: exposing and combining Pg PrimeChargeSquared\"\n"
"kernel 3 (Local):"
"\"S08_STAGE: exposing and combining Pg MixedIncomingPrimeCharge\"\n"
"kernel 2 (Local):"
"\"S08_STAGE: Appendix D start Hqqprime Pg PrimeChargeSquared, terms 182\"\n"
"kernel 1 (Local):"
"\"S08_STAGE: Appendix D start Hqqprime Pg IncomingChargeSquared, terms 182\"\n"
"kernel 2 (Local):"
"\"S08_STAGE: Appendix D exact partitioned reconstruction Hqqprime Pg PrimeChargeSquared, chunks 3\"\n"
"kernel 1 (Local):"
"\"S08_STAGE: Appendix D exact partitioned reconstruction Hqqprime Pg IncomingChargeSquared, chunks 3\"\n"
"kernel 3 (Local):"
"\"S08_STAGE: Appendix D start Hqqprime Pg MixedIncomingPrimeCharge, terms 272\"\n"
"kernel 3 (Local):"
"\"S08_STAGE: Appendix D exact partitioned reconstruction Hqqprime Pg MixedIncomingPrimeCharge, chunks 5\"\n"
"kernel 2 (Local):"
"\"S08_STAGE: exact reconstruction Hqqprime Pg PrimeChargeSquared chunk 3/3\"\n"
"kernel 1 (Local):"
"\"S08_STAGE: exact reconstruction Hqqprime Pg IncomingChargeSquared chunk 3/3\"\n"
"kernel 2 (Local):"
"\"S08_STAGE: Appendix D reconstruction passed Hqqprime Pg PrimeChargeSquared, reduced terms 1368\"\n"
"kernel 2 (Local):"
"\"S08_STAGE: grouping angular masters for Hqqprime Pg PrimeChargeSquared\"\n"
"kernel 1 (Local):"
"\"S08_STAGE: Appendix D reconstruction passed Hqqprime Pg IncomingChargeSquared, reduced terms 1870\"\n"
"kernel 1 (Local):"
"\"S08_STAGE: grouping angular masters for Hqqprime Pg IncomingChargeSquared\"\n"
"kernel 2 (Local):"
"\"S08_STAGE: angular master count Hqqprime Pg PrimeChargeSquared = 17\"\n"
"kernel 2 (Local):"
"\"S08_CHECKPOINT: completed \"\"Pg\"\" \"\"PrimeChargeSquared\"\" pre/physical leaf counts \"InputForm[{8168, 8168}]\n"
"kernel 2 (Local):"
"\"S08_STAGE: exposing and combining PPP PrimeChargeSquared\"\n"
"kernel 2 (Local):"
"\"S08_STAGE: Appendix D start Hqqprime PPP PrimeChargeSquared, terms 40\"\n"
"kernel 2 (Local):"
"\"S08_STAGE: Appendix D exact partitioned reconstruction Hqqprime PPP PrimeChargeSquared, chunks 1\"\n"
"kernel 2 (Local):"
"\"S08_STAGE: exact reconstruction Hqqprime PPP PrimeChargeSquared chunk 1/1\"\n"
"kernel 2 (Local):"
"\"S08_STAGE: Appendix D reconstruction passed Hqqprime PPP PrimeChargeSquared, reduced terms 290\"\n"
"kernel 2 (Local):"
"\"S08_STAGE: grouping angular masters for Hqqprime PPP PrimeChargeSquared\"\n"
"kernel 2 (Local):"
"\"S08_STAGE: angular master count Hqqprime PPP PrimeChargeSquared = 14\"\n"
"kernel 2 (Local):"
"\"S08_CHECKPOINT: completed \"\"PPP\"\" \"\"PrimeChargeSquared\"\" pre/physical leaf counts \"InputForm[{4241, 4241}]\n"
"kernel 1 (Local):"
"\"S08_STAGE: angular master count Hqqprime Pg IncomingChargeSquared = 18\"\n"
"kernel 1 (Local):"
"\"S08_CHECKPOINT: completed \"\"Pg\"\" \"\"IncomingChargeSquared\"\" pre/physical leaf counts \"InputForm[{15067, 15067}]\n"
"kernel 1 (Local):"
"\"S08_STAGE: exposing and combining PPP IncomingChargeSquared\"\n"
"kernel 1 (Local):"
"\"S08_STAGE: Appendix D start Hqqprime PPP IncomingChargeSquared, terms 10\"\n"
"kernel 1 (Local):"
"\"S08_STAGE: Appendix D exact partitioned reconstruction Hqqprime PPP IncomingChargeSquared, chunks 1\"\n"
"kernel 1 (Local):"
"\"S08_STAGE: exact reconstruction Hqqprime PPP IncomingChargeSquared chunk 1/1\"\n"
"kernel 1 (Local):"
"\"S08_STAGE: Appendix D reconstruction passed Hqqprime PPP IncomingChargeSquared, reduced terms 260\"\n"
"kernel 1 (Local):"
"\"S08_STAGE: grouping angular masters for Hqqprime PPP IncomingChargeSquared\"\n"
"kernel 1 (Local):"
"\"S08_STAGE: angular master count Hqqprime PPP IncomingChargeSquared = 10\"\n"
"kernel 1 (Local):"
"\"S08_CHECKPOINT: completed \"\"PPP\"\" \"\"IncomingChargeSquared\"\" pre/physical leaf counts \"InputForm[{8001, 8001}]\n"
"kernel 3 (Local):"
"\"S08_STAGE: exact reconstruction Hqqprime Pg MixedIncomingPrimeCharge chunk 5/5\"\n"
"kernel 3 (Local):"
"\"S08_STAGE: Appendix D reconstruction passed Hqqprime Pg MixedIncomingPrimeCharge, reduced terms 4064\"\n"
"kernel 3 (Local):"
"\"S08_STAGE: grouping angular masters for Hqqprime Pg MixedIncomingPrimeCharge\"\n"
"kernel 3 (Local):"
"\"S08_STAGE: angular master count Hqqprime Pg MixedIncomingPrimeCharge = 28\"\n"
"kernel 3 (Local):"
"\"S08_CHECKPOINT: completed \"\"Pg\"\" \"\"MixedIncomingPrimeCharge\"\" pre/physical leaf counts \"InputForm[{60617, 60617}]\n"
"kernel 3 (Local):"
"\"S08_STAGE: exposing and combining PPP MixedIncomingPrimeCharge\"\n"
"kernel 3 (Local):"
"\"S08_STAGE: Appendix D start Hqqprime PPP MixedIncomingPrimeCharge, terms 60\"\n"
"kernel 3 (Local):"
"\"S08_STAGE: Appendix D exact partitioned reconstruction Hqqprime PPP MixedIncomingPrimeCharge, chunks 1\"\n"
"kernel 3 (Local):"
"\"S08_STAGE: exact reconstruction Hqqprime PPP MixedIncomingPrimeCharge chunk 1/1\"\n"
"kernel 3 (Local):"
"\"S08_STAGE: Appendix D reconstruction passed Hqqprime PPP MixedIncomingPrimeCharge, reduced terms 1860\"\n"
"kernel 3 (Local):"
"\"S08_STAGE: grouping angular masters for Hqqprime PPP MixedIncomingPrimeCharge\"\n"
"kernel 3 (Local):"
"\"S08_STAGE: angular master count Hqqprime PPP MixedIncomingPrimeCharge = 33\"\n"
"kernel 3 (Local):"
"\"S08_CHECKPOINT: completed \"\"PPP\"\" \"\"MixedIncomingPrimeCharge\"\" pre/physical leaf counts \"InputForm[{49754, 49754}]\n"
"S08_STAGE: applying the exact zeta-to-s23 change of variables"
"S08_STAGE: validating finalized six-cache inventory"
"S08_STAGE: atomically writing Hqqprime S08 result"
"S08_SUCCESS"
"S08_PROGRAM_SHA256=dbbc23d05697f4e45c23471be8f3ed12448d8db0d973e60d67cdebbcabec8ed4"
"S08_RESULT_PATH=/home/physics/projects/AI_Assisted_SIDIS/scripts/Hqqprime/s08_result"
"S08_RESULT_SHA256=4916b943c1bbc7b1aeeb91d5fa022d00b5341166fc805b95e21e8ee4f99bb246"
"S08_CACHE_SHA256="InputForm[<|"Pg" -> <|"IncomingChargeSquared" -> "855101208854c720385e89785464f77cfe71a947728fd6b6d022f95130d0f781", "PrimeChargeSquared" -> "5c3ead313a0e228174fa5c334d9144d8ce04bad5ec33dfb7d7170b3589d83c28", "MixedIncomingPrimeCharge" -> "f9ac39e5b22e1484ec012a17609bf0b5e00a54d3a153705d669ba8a29b63caaa"|>, "PPP" -> <|"IncomingChargeSquared" -> "7518ed803aa4dd136405665f9a6c294f7c5b9056f3e911ea63e85a21e1b1e70c", "PrimeChargeSquared" -> "bf567c8652ba861dd029abf20bf74ebf992cc7d91aa93c440ae6058fd4ebba43", "MixedIncomingPrimeCharge" -> "e8e3de995b764e528495be129c99ff52b66f6207ca016db139a62d849366e491"|>|>]
"S08_CHECK_COUNT="38
"S08_CASE2_MASTER_COUNT="47
"S08_ANGULAR_LEAF_COUNTS="InputForm[<|"PreSymmetry" -> <|"Pg" -> <|"IncomingChargeSquared" -> 15067, "PrimeChargeSquared" -> 8168, "MixedIncomingPrimeCharge" -> 60617|>, "PPP" -> <|"IncomingChargeSquared" -> 8001, "PrimeChargeSquared" -> 4241, "MixedIncomingPrimeCharge" -> 49754|>|>, "Physical" -> <|"Pg" -> <|"IncomingChargeSquared" -> 15067, "PrimeChargeSquared" -> 8168, "MixedIncomingPrimeCharge" -> 60617|>, "PPP" -> <|"IncomingChargeSquared" -> 8001, "PrimeChargeSquared" -> 4241, "MixedIncomingPrimeCharge" -> 49754|>|>|>]
"S08_TRANSFORMED_LEAF_COUNTS="InputForm[<|"Pg" -> <|"IncomingChargeSquared" -> 72767, "PrimeChargeSquared" -> 47994, "MixedIncomingPrimeCharge" -> 405479|>, "PPP" -> <|"IncomingChargeSquared" -> 42619, "PrimeChargeSquared" -> 28358, "MixedIncomingPrimeCharge" -> 375160|>|>]
"S08_RESULT_BYTES="3850571
S08_PRODUCTION_SHELL_EXIT=0
