Style["Loading FeynCalc from /home/physics/.WolframEngine/Applications/FeynCalc/", "Text"]
$PrePrint is set to FeynCalcForm. Use FI and FC to change the display format.
Style["FeynCalc ", "Text", Bold]Style["10.2.1 (stable version). For help, use the ", "Text"]Style[DisplayForm[ButtonBox["online documentation,", ButtonData :> {URL["https://feyncalc.github.io/referenceDev"], None}, BaseStyle -> "Hyperlink", ButtonNote -> "https://feyncalc.github.io/referenceDev"]], "Text"]Style[" visit the ", "Text"]Style[DisplayForm[ButtonBox["forum", ButtonData :> {URL["https://github.com/FeynCalc/feyncalc/discussions"], None}, BaseStyle -> "Hyperlink", ButtonNote -> "https://github.com/FeynCalc/feyncalc/discussions/"]], "Text"]Style[" and have a look at the supplied ", "Text"]Style[DisplayForm[ButtonBox["examples.", BaseStyle -> "Hyperlink", ButtonFunction :> SystemOpen[FileNameJoin[{$FeynCalcDirectory, "Examples"}]], Evaluator -> Automatic, Method -> "Preemptive"]], "Text"]Style[" The PDF-version of the manual can be downloaded ", "Text"]Style[DisplayForm[ButtonBox["here.", ButtonData :> {URL["https://github.com/FeynCalc/feyncalc-manual/releases/download/dev-manual/FeynCalcManual.pdf"], None}, BaseStyle -> "Hyperlink", ButtonNote -> "https://github.com/FeynCalc/feyncalc-manual/releases/download/dev-manual/FeynCalcManual.pdf"]], "Text"]
Style["If you use FeynCalc in your research, please evaluate FeynCalcHowToCite[] to learn how to cite this software.", "Text"]
Style["Please keep in mind that the proper academic attribution of our work is crucial to ensure the future development of this package!", {"Text", Italic}]
"S09_STAGE: validating the paper and accepted Hqqprime S07/S08 handoff"
"S09_MASTER_PAIRS="InputForm[{{-2, 0}, {-2, 1}, {-1, -1}, {-1, 0}, {-1, 1}, {-1, 2}, {0, -2}, {0, -1}, {0, 1}, {0, 2}, {1, -3}, {1, -2}, {1, -1}, {1, 0}, {1, 1}, {1, 2}, {2, -2}, {2, -1}, {2, 0}, {2, 1}, {2, 2}}]
"S09_MASTER_OCCURRENCES="InputForm[<|"Pg" -> <|"IncomingChargeSquared" -> 16, "PrimeChargeSquared" -> 12, "MixedIncomingPrimeCharge" -> 24|>, "PPP" -> <|"IncomingChargeSquared" -> 9, "PrimeChargeSquared" -> 11, "MixedIncomingPrimeCharge" -> 26|>|>]
"S09_DISTINCT_MASTER_INSTANCES="InputForm[<|"Pg" -> <|"IncomingChargeSquared" -> 16, "PrimeChargeSquared" -> 12, "MixedIncomingPrimeCharge" -> 24|>, "PPP" -> <|"IncomingChargeSquared" -> 9, "PrimeChargeSquared" -> 11, "MixedIncomingPrimeCharge" -> 26|>|>]
"S09_STAGE: checking Appendix-F formulas with the exact B19 recurrence"
"S09_APPENDIX_F_RECURRENCE_RESIDUALS="InputForm[<|"F16_to_F17_l0" -> 0, "F22_to_F23_l1" -> 0, "F15_to_B18_lMinus1" -> 0, "F17_to_B18_l0" -> 0, "F23_to_B18_l1" -> 0, "F27_to_B18_l2" -> 0, "F12_to_F13_lMinus2" -> 0, "F20_to_F21_lMinus1" -> 0, "F18_to_F19_l0" -> 0, "F24_to_F25_l1" -> 0, "F28_to_F29_l2" -> 0|>]
"S09_F8_B19_MOMENT_RESIDUALS="InputForm[<|"F8LeadingFromB19Moments" -> 0, "F8EpsilonFromB19Moments" -> 0|>]
"S09_APPENDIX_F_RECURRENCE_CHECKS="InputForm[<|"F16_to_F17_l0" -> True, "F22_to_F23_l1" -> True, "F15_to_B18_lMinus1" -> True, "F17_to_B18_l0" -> True, "F23_to_B18_l1" -> True, "F27_to_B18_l2" -> True, "F12_to_F13_lMinus2" -> True, "F20_to_F21_lMinus1" -> True, "F18_to_F19_l0" -> True, "F24_to_F25_l1" -> True, "F28_to_F29_l2" -> True|>]
"S09_B27_SIGNATURES="InputForm[<|"Pg" -> <|"IncomingChargeSquared" -> {}, "PrimeChargeSquared" -> {}, "MixedIncomingPrimeCharge" -> {HoldComplete[1, 1, 1 - epsilon]}|>, "PPP" -> <|"IncomingChargeSquared" -> {}, "PrimeChargeSquared" -> {}, "MixedIncomingPrimeCharge" -> {HoldComplete[1, 1, 1 - epsilon]}|>|>]
"S09_B27_COUNTS="InputForm[<|"Pg" -> <|"IncomingChargeSquared" -> 0, "PrimeChargeSquared" -> 0, "MixedIncomingPrimeCharge" -> 1|>, "PPP" -> <|"IncomingChargeSquared" -> 0, "PrimeChargeSquared" -> 0, "MixedIncomingPrimeCharge" -> 1|>|>]
"S09_B18_BETA_SIGNATURES="InputForm[{HoldComplete[1 - epsilon, 1 - epsilon], HoldComplete[2 - epsilon, -epsilon], HoldComplete[3 - epsilon, -epsilon], HoldComplete[-epsilon, 2 - epsilon], HoldComplete[-epsilon, -epsilon]}]
"S09_B18_GAMMA_OBJECTS="InputForm[{Gamma[1 - 2*epsilon], Gamma[1 - epsilon]}]
"S09_STAGE: launching three independent charge workers"
"kernel 1 (Local):"
"Style[\"Loading FeynCalc from /home/physics/.WolframEngine/Applications/FeynCalc/\", \"Text\"]\n"
"kernel 1 (Local):"
"$PrePrint is set to FeynCalcForm. Use FI and FC to change the display format.\n"
"kernel 1 (Local):"
"Style[\"FeynCalc \", \"Text\", Bold]Style[\"10.2.1 (stable version). For help, use the \", \"Text\"]Style[DisplayForm[ButtonBox[\"online documentation,\", ButtonData :> {URL[\"https://feyncalc.github.io/referenceDev\"], None}, BaseStyle -> \"Hyperlink\", ButtonNote -> \"https://feyncalc.github.io/referenceDev\"]], \"Text\"]Style[\" visit the \", \"Text\"]Style[DisplayForm[ButtonBox[\"forum\", ButtonData :> {URL[\"https://github.com/FeynCalc/feyncalc/discussions\"], None}, BaseStyle -> \"Hyperlink\", ButtonNote -> \"https://github.com/FeynCalc/feyncalc/discussions/\"]], \"Text\"]Style[\" and have a look at the supplied \", \"Text\"]Style[DisplayForm[ButtonBox[\"examples.\", BaseStyle -> \"Hyperlink\", ButtonFunction :> SystemOpen[FileNameJoin[{$FeynCalcDirectory, \"Examples\"}]], Evaluator -> Automatic, Method -> \"Preemptive\"]], \"Text\"]Style[\" The PDF-version of the manual can be downloaded \", \"Text\"]Style[DisplayForm[ButtonBox[\"here.\", ButtonData :> {URL[\"https://github.com/FeynCalc/feyncalc-manual/releases/download/dev-manual/FeynCalcManual.pdf\"], None}, BaseStyle -> \"Hyperlink\", ButtonNote -> \"https://github.com/FeynCalc/feyncalc-manual/releases/download/dev-manual/FeynCalcManual.pdf\"]], \"Text\"]\n"
"kernel 1 (Local):"
"Style[\"If you use FeynCalc in your research, please evaluate FeynCalcHowToCite[] to learn how to cite this software.\", \"Text\"]\n"
"kernel 1 (Local):"
"Style[\"Please keep in mind that the proper academic attribution of our work is crucial to ensure the future development of this package!\", {\"Text\", Italic}]\n"
"kernel 2 (Local):"
"Style[\"Loading FeynCalc from /home/physics/.WolframEngine/Applications/FeynCalc/\", \"Text\"]\n"
"kernel 2 (Local):"
"$PrePrint is set to FeynCalcForm. Use FI and FC to change the display format.\n"
"kernel 2 (Local):"
"Style[\"FeynCalc \", \"Text\", Bold]Style[\"10.2.1 (stable version). For help, use the \", \"Text\"]Style[DisplayForm[ButtonBox[\"online documentation,\", ButtonData :> {URL[\"https://feyncalc.github.io/referenceDev\"], None}, BaseStyle -> \"Hyperlink\", ButtonNote -> \"https://feyncalc.github.io/referenceDev\"]], \"Text\"]Style[\" visit the \", \"Text\"]Style[DisplayForm[ButtonBox[\"forum\", ButtonData :> {URL[\"https://github.com/FeynCalc/feyncalc/discussions\"], None}, BaseStyle -> \"Hyperlink\", ButtonNote -> \"https://github.com/FeynCalc/feyncalc/discussions/\"]], \"Text\"]Style[\" and have a look at the supplied \", \"Text\"]Style[DisplayForm[ButtonBox[\"examples.\", BaseStyle -> \"Hyperlink\", ButtonFunction :> SystemOpen[FileNameJoin[{$FeynCalcDirectory, \"Examples\"}]], Evaluator -> Automatic, Method -> \"Preemptive\"]], \"Text\"]Style[\" The PDF-version of the manual can be downloaded \", \"Text\"]Style[DisplayForm[ButtonBox[\"here.\", ButtonData :> {URL[\"https://github.com/FeynCalc/feyncalc-manual/releases/download/dev-manual/FeynCalcManual.pdf\"], None}, BaseStyle -> \"Hyperlink\", ButtonNote -> \"https://github.com/FeynCalc/feyncalc-manual/releases/download/dev-manual/FeynCalcManual.pdf\"]], \"Text\"]\n"
"kernel 2 (Local):"
"Style[\"If you use FeynCalc in your research, please evaluate FeynCalcHowToCite[] to learn how to cite this software.\", \"Text\"]\n"
"kernel 2 (Local):"
"Style[\"Please keep in mind that the proper academic attribution of our work is crucial to ensure the future development of this package!\", {\"Text\", Italic}]\n"
"kernel 3 (Local):"
"Style[\"Loading FeynCalc from /home/physics/.WolframEngine/Applications/FeynCalc/\", \"Text\"]\n"
"kernel 3 (Local):"
"$PrePrint is set to FeynCalcForm. Use FI and FC to change the display format.\n"
"kernel 3 (Local):"
"Style[\"FeynCalc \", \"Text\", Bold]Style[\"10.2.1 (stable version). For help, use the \", \"Text\"]Style[DisplayForm[ButtonBox[\"online documentation,\", ButtonData :> {URL[\"https://feyncalc.github.io/referenceDev\"], None}, BaseStyle -> \"Hyperlink\", ButtonNote -> \"https://feyncalc.github.io/referenceDev\"]], \"Text\"]Style[\" visit the \", \"Text\"]Style[DisplayForm[ButtonBox[\"forum\", ButtonData :> {URL[\"https://github.com/FeynCalc/feyncalc/discussions\"], None}, BaseStyle -> \"Hyperlink\", ButtonNote -> \"https://github.com/FeynCalc/feyncalc/discussions/\"]], \"Text\"]Style[\" and have a look at the supplied \", \"Text\"]Style[DisplayForm[ButtonBox[\"examples.\", BaseStyle -> \"Hyperlink\", ButtonFunction :> SystemOpen[FileNameJoin[{$FeynCalcDirectory, \"Examples\"}]], Evaluator -> Automatic, Method -> \"Preemptive\"]], \"Text\"]Style[\" The PDF-version of the manual can be downloaded \", \"Text\"]Style[DisplayForm[ButtonBox[\"here.\", ButtonData :> {URL[\"https://github.com/FeynCalc/feyncalc-manual/releases/download/dev-manual/FeynCalcManual.pdf\"], None}, BaseStyle -> \"Hyperlink\", ButtonNote -> \"https://github.com/FeynCalc/feyncalc-manual/releases/download/dev-manual/FeynCalcManual.pdf\"]], \"Text\"]\n"
"kernel 3 (Local):"
"Style[\"If you use FeynCalc in your research, please evaluate FeynCalcHowToCite[] to learn how to cite this software.\", \"Text\"]\n"
"kernel 3 (Local):"
"Style[\"Please keep in mind that the proper academic attribution of our work is crucial to ensure the future development of this package!\", {\"Text\", Italic}]\n"
"S09_STAGE: dispatching three charge tasks across three Engine-15 kernels"
"S09_CHECKPOINT: completed ""Pg"" ""IncomingChargeSquared"" expanded leaf/byte counts "InputForm[{146839, 4201920}]
"S09_CHECKPOINT: completed ""Pg"" ""PrimeChargeSquared"" expanded leaf/byte counts "InputForm[{110679, 3160376}]
"S09_CHECKPOINT: completed ""Pg"" ""MixedIncomingPrimeCharge"" expanded leaf/byte counts "InputForm[{555363, 15821008}]
"S09_CHECKPOINT: completed ""PPP"" ""IncomingChargeSquared"" expanded leaf/byte counts "InputForm[{99781, 2848360}]
"S09_CHECKPOINT: completed ""PPP"" ""PrimeChargeSquared"" expanded leaf/byte counts "InputForm[{105885, 3013568}]
"S09_CHECKPOINT: completed ""PPP"" ""MixedIncomingPrimeCharge"" expanded leaf/byte counts "InputForm[{564118, 16046064}]
"S09_STAGE: atomically publishing new source-bound branch caches"
"S09_STAGE: validating all six finalized source-bound caches"
"S09_STAGE: atomically writing the compact Hqqprime S09 result"
"S09_SUCCESS"
"S09_PROGRAM_SHA256=d1e2c26ccbb5bb0413f930f36b0428346dd621c27d9b52101f54bad16c06ae5f"
"S09_RESULT_PATH=/home/physics/projects/AI_Assisted_SIDIS/scripts/Hqqprime/s09_result"
"S09_RESULT_SHA256=f2da97c62e8de83e24bbec0c80f89ca1dd966db66effe37902c70fce49fe0193"
"S09_RESULT_BYTES="25552
"S09_CACHE_SHA256="InputForm[<|"Pg" -> <|"IncomingChargeSquared" -> "159b8d9926103ca9cdc317886cec8cd72fe165420f99a237a2fb7202e86da512", "PrimeChargeSquared" -> "6290657216f198e91b72f7fed91652b2a1ec77007394894621bdc28a1af75c06", "MixedIncomingPrimeCharge" -> "165cce56c1eb186ef6ea1647d2314c9a264bdaadfc5b50daf181a4bad867c75a"|>, "PPP" -> <|"IncomingChargeSquared" -> "a75be55b428da0fb9f4be7932a53004898a7d1e0f7f59172b364f9038f1cd8ef", "PrimeChargeSquared" -> "b861d0d7e6b3cf9cce07faefd4ae605545f2428bd90b8d9a8081a71283d3504d", "MixedIncomingPrimeCharge" -> "4ed9ff250fd5097ddf0918407e07725a35386ca1dabfa49b2fae3ccf998f2f6c"|>|>]
"S09_CHECKS="InputForm[<|"AuthoritativePaperHashValidated" -> True, "AcceptedS07SourceAndResultHashesValidated" -> True, "AcceptedS08SourceResultAndSixCacheHashesValidated" -> True, "AllThirtyEightS08ChecksValidated" -> True, "SixS08CachePayloadsExactlyMatchPhysicalFactorOneInputs" -> True, "OrderedPgPPPAndThreeChargeInputsOnly" -> True, "AcceptedXiS23BranchesReconstructedExactlyFromAngularInputs" -> True, "ExactTwentyOneMasterClassUnionValidated" -> True, "ExactSixBranchMasterClassInventoriesValidated" -> True, "ExactNinetyEightMasterOccurrencesValidated" -> True, "ExactFortySevenDistinctMasterInstancesValidated" -> True, "EveryRetainedMasterHasFiveArguments" -> True, "AllPhysicalAppendixFFormulasImplemented" -> True, "ElevenExactB19DerivativeRecurrencesPassed" -> True, "RequiredF8ExactB19MomentReductionPassed" -> True, "PrintedUnusedF9ExcludedWithoutPatch" -> True, "B18ZeroJExpandedThroughEpsilonSquared" -> True, "OnlyB27ResidualSignatureAndTwoMixedOccurrencesPresent" -> True, "B27ExpandedThroughEpsilonSquared" -> True, "IndividualGammaSeriesReconstructBothRatiosThroughEpsilonSquared" -> True, "AllBetaGammaAndCase2MasterHeadsRemoved" -> True, "AppendixFSubstitutionCommutesWithExactXiS23MapByBranch" -> True, "B18B27SubstitutionCommutesWithExactXiS23MapByBranch" -> True, "AllSixExpandedBranchesCompleted" -> True, "NestedAssociationValueMappingShapeAndValuesVerified" -> True, "ExactlyThreeChargeWorkersUsed" -> True, "ProjectorsSerialWithinEachChargeWorker" -> True, "WorkersNeverWriteCachesOrResult" -> True, "AdditionalMultiplicativeWeightIsExactlyOne" -> True, "DistinctFinalStateSymmetryFactorDerivedAsOne" -> True, "NoNontrivialSymmetryFactorAppliedOrDeferred" -> True, "SingleInheritedScaleMuPowerPreserved" -> True, "NoExtraMSBarSEpsilonIntroduced" -> True, "ThreeChargeTensorsRemainSeparateAndChargeFree" -> True, "PhysicalOrderedFlavorChargeAssemblyStillDeferred" -> True, "NoVirtualBranchIntroduced" -> True, "FormalBoundedEndpointIdentityValidatedThroughEpsilonSquared" -> True, "AllSixEndpointValuesExplicitlyUnresolved" -> True, "FactorizationAndResolvedDistributionActionNotApplied" -> True, "Eq9FiniteLimitFHatAndExternalComparisonNotClaimed" -> True, "S10NotCreatedOrLaunched" -> True, "SixAtomicBranchCachesReloadedAndValidated" -> True, "ActualDiskCacheHashesMappedByNestedAssociationValues" -> True, "CompactResultDoesNotDuplicateExpandedKernels" -> True|>]
