Style["Loading FeynCalc from /home/physics/.WolframEngine/Applications/FeynCalc/", "Text"]
$PrePrint is set to FeynCalcForm. Use FI and FC to change the display format.
Style["FeynCalc ", "Text", Bold]Style["10.2.1 (stable version). For help, use the ", "Text"]Style[DisplayForm[ButtonBox["online documentation,", ButtonData :> {URL["https://feyncalc.github.io/referenceDev"], None}, BaseStyle -> "Hyperlink", ButtonNote -> "https://feyncalc.github.io/referenceDev"]], "Text"]Style[" visit the ", "Text"]Style[DisplayForm[ButtonBox["forum", ButtonData :> {URL["https://github.com/FeynCalc/feyncalc/discussions"], None}, BaseStyle -> "Hyperlink", ButtonNote -> "https://github.com/FeynCalc/feyncalc/discussions/"]], "Text"]Style[" and have a look at the supplied ", "Text"]Style[DisplayForm[ButtonBox["examples.", BaseStyle -> "Hyperlink", ButtonFunction :> SystemOpen[FileNameJoin[{$FeynCalcDirectory, "Examples"}]], Evaluator -> Automatic, Method -> "Preemptive"]], "Text"]Style[" The PDF-version of the manual can be downloaded ", "Text"]Style[DisplayForm[ButtonBox["here.", ButtonData :> {URL["https://github.com/FeynCalc/feyncalc-manual/releases/download/dev-manual/FeynCalcManual.pdf"], None}, BaseStyle -> "Hyperlink", ButtonNote -> "https://github.com/FeynCalc/feyncalc-manual/releases/download/dev-manual/FeynCalcManual.pdf"]], "Text"]
Style["If you use FeynCalc in your research, please evaluate FeynCalcHowToCite[] to learn how to cite this software.", "Text"]
Style["Please keep in mind that the proper academic attribution of our work is crucial to ensure the future development of this package!", {"Text", Italic}]
"S10_STAGE: validating paper and accepted Hqqprime S09 handoff"
"S10_STAGE: loading and validating the six accepted S09 caches"
"S10_CHECKPOINT: accepted S09 metadata and expressions validated"
"S10_STAGE: launching the contracted three-worker calculation"
"kernel 1 (Local):"
"Style[\"Loading FeynCalc from /home/physics/.WolframEngine/Applications/FeynCalc/\", \"Text\"]\n"
"kernel 1 (Local):"
"$PrePrint is set to FeynCalcForm. Use FI and FC to change the display format.\n"
"kernel 1 (Local):"
"Style[\"FeynCalc \", \"Text\", Bold]Style[\"10.2.1 (stable version). For help, use the \", \"Text\"]Style[DisplayForm[ButtonBox[\"online documentation,\", ButtonData :> {URL[\"https://feyncalc.github.io/referenceDev\"], None}, BaseStyle -> \"Hyperlink\", ButtonNote -> \"https://feyncalc.github.io/referenceDev\"]], \"Text\"]Style[\" visit the \", \"Text\"]Style[DisplayForm[ButtonBox[\"forum\", ButtonData :> {URL[\"https://github.com/FeynCalc/feyncalc/discussions\"], None}, BaseStyle -> \"Hyperlink\", ButtonNote -> \"https://github.com/FeynCalc/feyncalc/discussions/\"]], \"Text\"]Style[\" and have a look at the supplied \", \"Text\"]Style[DisplayForm[ButtonBox[\"examples.\", BaseStyle -> \"Hyperlink\", ButtonFunction :> SystemOpen[FileNameJoin[{$FeynCalcDirectory, \"Examples\"}]], Evaluator -> Automatic, Method -> \"Preemptive\"]], \"Text\"]Style[\" The PDF-version of the manual can be downloaded \", \"Text\"]Style[DisplayForm[ButtonBox[\"here.\", ButtonData :> {URL[\"https://github.com/FeynCalc/feyncalc-manual/releases/download/dev-manual/FeynCalcManual.pdf\"], None}, BaseStyle -> \"Hyperlink\", ButtonNote -> \"https://github.com/FeynCalc/feyncalc-manual/releases/download/dev-manual/FeynCalcManual.pdf\"]], \"Text\"]\n"
"kernel 1 (Local):"
"Style[\"If you use FeynCalc in your research, please evaluate FeynCalcHowToCite[] to learn how to cite this software.\", \"Text\"]\n"
"kernel 1 (Local):"
"Style[\"Please keep in mind that the proper academic attribution of our work is crucial to ensure the future development of this package!\", {\"Text\", Italic}]\n"
"kernel 2 (Local):"
"Style[\"Loading FeynCalc from /home/physics/.WolframEngine/Applications/FeynCalc/\", \"Text\"]\n"
"kernel 2 (Local):"
"$PrePrint is set to FeynCalcForm. Use FI and FC to change the display format.\n"
"kernel 2 (Local):"
"Style[\"FeynCalc \", \"Text\", Bold]Style[\"10.2.1 (stable version). For help, use the \", \"Text\"]Style[DisplayForm[ButtonBox[\"online documentation,\", ButtonData :> {URL[\"https://feyncalc.github.io/referenceDev\"], None}, BaseStyle -> \"Hyperlink\", ButtonNote -> \"https://feyncalc.github.io/referenceDev\"]], \"Text\"]Style[\" visit the \", \"Text\"]Style[DisplayForm[ButtonBox[\"forum\", ButtonData :> {URL[\"https://github.com/FeynCalc/feyncalc/discussions\"], None}, BaseStyle -> \"Hyperlink\", ButtonNote -> \"https://github.com/FeynCalc/feyncalc/discussions/\"]], \"Text\"]Style[\" and have a look at the supplied \", \"Text\"]Style[DisplayForm[ButtonBox[\"examples.\", BaseStyle -> \"Hyperlink\", ButtonFunction :> SystemOpen[FileNameJoin[{$FeynCalcDirectory, \"Examples\"}]], Evaluator -> Automatic, Method -> \"Preemptive\"]], \"Text\"]Style[\" The PDF-version of the manual can be downloaded \", \"Text\"]Style[DisplayForm[ButtonBox[\"here.\", ButtonData :> {URL[\"https://github.com/FeynCalc/feyncalc-manual/releases/download/dev-manual/FeynCalcManual.pdf\"], None}, BaseStyle -> \"Hyperlink\", ButtonNote -> \"https://github.com/FeynCalc/feyncalc-manual/releases/download/dev-manual/FeynCalcManual.pdf\"]], \"Text\"]\n"
"kernel 2 (Local):"
"Style[\"If you use FeynCalc in your research, please evaluate FeynCalcHowToCite[] to learn how to cite this software.\", \"Text\"]\n"
"kernel 2 (Local):"
"Style[\"Please keep in mind that the proper academic attribution of our work is crucial to ensure the future development of this package!\", {\"Text\", Italic}]\n"
"kernel 3 (Local):"
"Style[\"Loading FeynCalc from /home/physics/.WolframEngine/Applications/FeynCalc/\", \"Text\"]\n"
"kernel 3 (Local):"
"$PrePrint is set to FeynCalcForm. Use FI and FC to change the display format.\n"
"kernel 3 (Local):"
"Style[\"FeynCalc \", \"Text\", Bold]Style[\"10.2.1 (stable version). For help, use the \", \"Text\"]Style[DisplayForm[ButtonBox[\"online documentation,\", ButtonData :> {URL[\"https://feyncalc.github.io/referenceDev\"], None}, BaseStyle -> \"Hyperlink\", ButtonNote -> \"https://feyncalc.github.io/referenceDev\"]], \"Text\"]Style[\" visit the \", \"Text\"]Style[DisplayForm[ButtonBox[\"forum\", ButtonData :> {URL[\"https://github.com/FeynCalc/feyncalc/discussions\"], None}, BaseStyle -> \"Hyperlink\", ButtonNote -> \"https://github.com/FeynCalc/feyncalc/discussions/\"]], \"Text\"]Style[\" and have a look at the supplied \", \"Text\"]Style[DisplayForm[ButtonBox[\"examples.\", BaseStyle -> \"Hyperlink\", ButtonFunction :> SystemOpen[FileNameJoin[{$FeynCalcDirectory, \"Examples\"}]], Evaluator -> Automatic, Method -> \"Preemptive\"]], \"Text\"]Style[\" The PDF-version of the manual can be downloaded \", \"Text\"]Style[DisplayForm[ButtonBox[\"here.\", ButtonData :> {URL[\"https://github.com/FeynCalc/feyncalc-manual/releases/download/dev-manual/FeynCalcManual.pdf\"], None}, BaseStyle -> \"Hyperlink\", ButtonNote -> \"https://github.com/FeynCalc/feyncalc-manual/releases/download/dev-manual/FeynCalcManual.pdf\"]], \"Text\"]\n"
"kernel 3 (Local):"
"Style[\"If you use FeynCalc in your research, please evaluate FeynCalcHowToCite[] to learn how to cite this software.\", \"Text\"]\n"
"kernel 3 (Local):"
"Style[\"Please keep in mind that the proper academic attribution of our work is crucial to ensure the future development of this package!\", {\"Text\", Italic}]\n"
"S10_STAGE: dispatching three charge tasks across three Engine-15 kernels"
"S10_STAGE: atomically publishing six source-bound endpoint caches"
"S10_STAGE: atomically writing compact Hqqprime S10 result"
"S10_SUCCESS"
"S10_PROGRAM_SHA256=9ec4991d19fc5e61bc79ecb35f90062d15e8b2cd427ede637ed596519f05e988"
"S10_RESULT_PATH=/home/physics/projects/AI_Assisted_SIDIS/scripts/Hqqprime/s10_result"
"S10_RESULT_SHA256=1ce9ef022312ff333b2dc949a858a5883380106c63742fada970f5ebc0d12c25"
"S10_RESULT_BYTES="21013
"S10_CACHE_SHA256="InputForm[<|"Pg" -> <|"IncomingChargeSquared" -> "c89636c1233f201751231f7f41b5948aee4c217bc8daea936569c0e328870cae", "PrimeChargeSquared" -> "971a9a7aa07f496f64fc6c5f8b333d156bfbf27ebeadc8d88297a4b11c85452f", "MixedIncomingPrimeCharge" -> "a1de00773858b02a79e0952183769f85a4678114fc6af9859e15302df412d8bb"|>, "PPP" -> <|"IncomingChargeSquared" -> "29135863a484eeae754f54750635916e9908e6582dc4ae5cbca6d5414f2f2346", "PrimeChargeSquared" -> "80d2704635b95253c41c31468d4df41b7832081c15780c32e50a11197e8cbe9a", "MixedIncomingPrimeCharge" -> "714352bcd6a33806222f6706c3f7731aca03d98221e1a935f9669b0c717ad21c"|>|>]
"S10_CHECKS="InputForm[<|"AuthoritativePaperHashValidated" -> True, "AcceptedS09SourceResultAndSixCacheHashesValidated" -> True, "AcceptedS09ExpressionHashesAndSizesValidated" -> True, "AllFortyFourS09ChecksValidated" -> True, "FeynCalcLoadedBeforeArtifactDeserialization" -> True, "ProjectorFirstChargeSecondOrderPreserved" -> True, "SixFormalEndpointDescriptorsReceived" -> True, "EighteenFormalPlusHeadsReceived" -> True, "ExactSixSourceTermInventoriesValidated" -> True, "AllSixScaleCoresDerivedByDegreeOneCertificate" -> True, "AllSixBranchesAreAlphaOneOnly" -> True, "AllDirectSingularLogInventoriesEmpty" -> True, "PhysicalRootInventoriesValidated" -> True, "CoupledGroupsDerivedAndValidated" -> True, "AllSourceTermsResolvedWithCompleteOrderedCoverage" -> True, "StrongerEndpointPoleAbsentThroughFiniteRequirement" -> True, "FormalDistributionSkeletonsReconstructedExactly" -> True, "AllSixDistributionActionsResolved" -> True, "FinalActionsContainNoDistributionPlaceholders" -> True, "FinalActionsContainOneEndpointSubtractedIntegralEach" -> True, "AdditionalMultiplicativeWeightIsExactlyOne" -> True, "DistinctFinalStateFactorRemainsExactlyOne" -> True, "ThreeChargeTensorsRemainSeparateAndChargeFree" -> True, "PhysicalOrderedFlavorChargeAssemblyStillDeferred" -> True, "SingleInheritedScaleMuPowerPreserved" -> True, "NoExtraMSBarSEpsilonIntroduced" -> True, "NoVirtualBranchIntroduced" -> True, "ExactlyThreeEngine15ChargeWorkersUsed" -> True, "WorkersReturnedDeterministicChargeOrder" -> True, "SixAtomicSourceBoundCachesDiskHashValidated" -> True, "CompactResultDoesNotDuplicateResolvedActions" -> True, "Eq46FiniteHardPartEq9FHatAndExternalComparisonNotClaimed" -> True|>]
