Style["Loading FeynCalc from /home/physics/.WolframEngine/Applications/FeynCalc/", "Text"]
$PrePrint is set to FeynCalcForm. Use FI and FC to change the display format.
Style["FeynCalc ", "Text", Bold]Style["10.2.1 (stable version). For help, use the ", "Text"]Style[DisplayForm[ButtonBox["online documentation,", ButtonData :> {URL["https://feyncalc.github.io/referenceDev"], None}, BaseStyle -> "Hyperlink", ButtonNote -> "https://feyncalc.github.io/referenceDev"]], "Text"]Style[" visit the ", "Text"]Style[DisplayForm[ButtonBox["forum", ButtonData :> {URL["https://github.com/FeynCalc/feyncalc/discussions"], None}, BaseStyle -> "Hyperlink", ButtonNote -> "https://github.com/FeynCalc/feyncalc/discussions/"]], "Text"]Style[" and have a look at the supplied ", "Text"]Style[DisplayForm[ButtonBox["examples.", BaseStyle -> "Hyperlink", ButtonFunction :> SystemOpen[FileNameJoin[{$FeynCalcDirectory, "Examples"}]], Evaluator -> Automatic, Method -> "Preemptive"]], "Text"]Style[" The PDF-version of the manual can be downloaded ", "Text"]Style[DisplayForm[ButtonBox["here.", ButtonData :> {URL["https://github.com/FeynCalc/feyncalc-manual/releases/download/dev-manual/FeynCalcManual.pdf"], None}, BaseStyle -> "Hyperlink", ButtonNote -> "https://github.com/FeynCalc/feyncalc-manual/releases/download/dev-manual/FeynCalcManual.pdf"]], "Text"]
Style["If you use FeynCalc in your research, please evaluate FeynCalcHowToCite[] to learn how to cite this software.", "Text"]
Style["Please keep in mind that the proper academic attribution of our work is crucial to ensure the future development of this package!", {"Text", Italic}]
"S12_STAGE: deriving exact SU(N) canonicalization with FeynCalc"
"S12_STAGE: validating exact paper, S10, S11, and cache bindings"
"S12_STAGE: mapping and independently rebuilding Eq. (46) branches"
"S12_STAGE: checking source-bound branch-cache resume inventory"
"S12_STAGE: launching "3" Engine-15 charge workers"
"kernel 1 (Local):"
"Style[\"Loading FeynCalc from /home/physics/.WolframEngine/Applications/FeynCalc/\", \"Text\"]\n"
"kernel 1 (Local):"
"$PrePrint is set to FeynCalcForm. Use FI and FC to change the display format.\n"
"kernel 1 (Local):"
"Style[\"FeynCalc \", \"Text\", Bold]Style[\"10.2.1 (stable version). For help, use the \", \"Text\"]Style[DisplayForm[ButtonBox[\"online documentation,\", ButtonData :> {URL[\"https://feyncalc.github.io/referenceDev\"], None}, BaseStyle -> \"Hyperlink\", ButtonNote -> \"https://feyncalc.github.io/referenceDev\"]], \"Text\"]Style[\" visit the \", \"Text\"]Style[DisplayForm[ButtonBox[\"forum\", ButtonData :> {URL[\"https://github.com/FeynCalc/feyncalc/discussions\"], None}, BaseStyle -> \"Hyperlink\", ButtonNote -> \"https://github.com/FeynCalc/feyncalc/discussions/\"]], \"Text\"]Style[\" and have a look at the supplied \", \"Text\"]Style[DisplayForm[ButtonBox[\"examples.\", BaseStyle -> \"Hyperlink\", ButtonFunction :> SystemOpen[FileNameJoin[{$FeynCalcDirectory, \"Examples\"}]], Evaluator -> Automatic, Method -> \"Preemptive\"]], \"Text\"]Style[\" The PDF-version of the manual can be downloaded \", \"Text\"]Style[DisplayForm[ButtonBox[\"here.\", ButtonData :> {URL[\"https://github.com/FeynCalc/feyncalc-manual/releases/download/dev-manual/FeynCalcManual.pdf\"], None}, BaseStyle -> \"Hyperlink\", ButtonNote -> \"https://github.com/FeynCalc/feyncalc-manual/releases/download/dev-manual/FeynCalcManual.pdf\"]], \"Text\"]\n"
"kernel 1 (Local):"
"Style[\"If you use FeynCalc in your research, please evaluate FeynCalcHowToCite[] to learn how to cite this software.\", \"Text\"]\n"
"kernel 1 (Local):"
"Style[\"Please keep in mind that the proper academic attribution of our work is crucial to ensure the future development of this package!\", {\"Text\", Italic}]\n"
"kernel 2 (Local):"
"Style[\"Loading FeynCalc from /home/physics/.WolframEngine/Applications/FeynCalc/\", \"Text\"]\n"
"kernel 2 (Local):"
"$PrePrint is set to FeynCalcForm. Use FI and FC to change the display format.\n"
"kernel 2 (Local):"
"Style[\"FeynCalc \", \"Text\", Bold]Style[\"10.2.1 (stable version). For help, use the \", \"Text\"]Style[DisplayForm[ButtonBox[\"online documentation,\", ButtonData :> {URL[\"https://feyncalc.github.io/referenceDev\"], None}, BaseStyle -> \"Hyperlink\", ButtonNote -> \"https://feyncalc.github.io/referenceDev\"]], \"Text\"]Style[\" visit the \", \"Text\"]Style[DisplayForm[ButtonBox[\"forum\", ButtonData :> {URL[\"https://github.com/FeynCalc/feyncalc/discussions\"], None}, BaseStyle -> \"Hyperlink\", ButtonNote -> \"https://github.com/FeynCalc/feyncalc/discussions/\"]], \"Text\"]Style[\" and have a look at the supplied \", \"Text\"]Style[DisplayForm[ButtonBox[\"examples.\", BaseStyle -> \"Hyperlink\", ButtonFunction :> SystemOpen[FileNameJoin[{$FeynCalcDirectory, \"Examples\"}]], Evaluator -> Automatic, Method -> \"Preemptive\"]], \"Text\"]Style[\" The PDF-version of the manual can be downloaded \", \"Text\"]Style[DisplayForm[ButtonBox[\"here.\", ButtonData :> {URL[\"https://github.com/FeynCalc/feyncalc-manual/releases/download/dev-manual/FeynCalcManual.pdf\"], None}, BaseStyle -> \"Hyperlink\", ButtonNote -> \"https://github.com/FeynCalc/feyncalc-manual/releases/download/dev-manual/FeynCalcManual.pdf\"]], \"Text\"]\n"
"kernel 2 (Local):"
"Style[\"If you use FeynCalc in your research, please evaluate FeynCalcHowToCite[] to learn how to cite this software.\", \"Text\"]\n"
"kernel 2 (Local):"
"Style[\"Please keep in mind that the proper academic attribution of our work is crucial to ensure the future development of this package!\", {\"Text\", Italic}]\n"
"kernel 3 (Local):"
"Style[\"Loading FeynCalc from /home/physics/.WolframEngine/Applications/FeynCalc/\", \"Text\"]\n"
"kernel 3 (Local):"
"$PrePrint is set to FeynCalcForm. Use FI and FC to change the display format.\n"
"kernel 3 (Local):"
"Style[\"FeynCalc \", \"Text\", Bold]Style[\"10.2.1 (stable version). For help, use the \", \"Text\"]Style[DisplayForm[ButtonBox[\"online documentation,\", ButtonData :> {URL[\"https://feyncalc.github.io/referenceDev\"], None}, BaseStyle -> \"Hyperlink\", ButtonNote -> \"https://feyncalc.github.io/referenceDev\"]], \"Text\"]Style[\" visit the \", \"Text\"]Style[DisplayForm[ButtonBox[\"forum\", ButtonData :> {URL[\"https://github.com/FeynCalc/feyncalc/discussions\"], None}, BaseStyle -> \"Hyperlink\", ButtonNote -> \"https://github.com/FeynCalc/feyncalc/discussions/\"]], \"Text\"]Style[\" and have a look at the supplied \", \"Text\"]Style[DisplayForm[ButtonBox[\"examples.\", BaseStyle -> \"Hyperlink\", ButtonFunction :> SystemOpen[FileNameJoin[{$FeynCalcDirectory, \"Examples\"}]], Evaluator -> Automatic, Method -> \"Preemptive\"]], \"Text\"]Style[\" The PDF-version of the manual can be downloaded \", \"Text\"]Style[DisplayForm[ButtonBox[\"here.\", ButtonData :> {URL[\"https://github.com/FeynCalc/feyncalc-manual/releases/download/dev-manual/FeynCalcManual.pdf\"], None}, BaseStyle -> \"Hyperlink\", ButtonNote -> \"https://github.com/FeynCalc/feyncalc-manual/releases/download/dev-manual/FeynCalcManual.pdf\"]], \"Text\"]\n"
"kernel 3 (Local):"
"Style[\"If you use FeynCalc in your research, please evaluate FeynCalcHowToCite[] to learn how to cite this software.\", \"Text\"]\n"
"kernel 3 (Local):"
"Style[\"Please keep in mind that the proper academic attribution of our work is crucial to ensure the future development of this package!\", {\"Text\", Italic}]\n"
"kernel 2 (Local):"
"\"S12_WORKER_BRANCH: \"\"Pg\"\"/\"\"PrimeChargeSquared\"\" sourceTerms=\"13\" leafCount=\"109465\n"
"kernel 1 (Local):"
"\"S12_WORKER_BRANCH: \"\"Pg\"\"/\"\"IncomingChargeSquared\"\" sourceTerms=\"17\" leafCount=\"144505\n"
"kernel 3 (Local):"
"\"S12_WORKER_BRANCH: \"\"Pg\"\"/\"\"MixedIncomingPrimeCharge\"\" sourceTerms=\"28\" leafCount=\"547819\n"
"kernel 2 (Local):"
"\"S12_WORKER_BRANCH: \"\"PPP\"\"/\"\"PrimeChargeSquared\"\" sourceTerms=\"12\" leafCount=\"105411\n"
"kernel 1 (Local):"
"\"S12_WORKER_BRANCH: \"\"PPP\"\"/\"\"IncomingChargeSquared\"\" sourceTerms=\"10\" leafCount=\"98627\n"
"kernel 3 (Local):"
"\"S12_WORKER_BRANCH: \"\"PPP\"\"/\"\"MixedIncomingPrimeCharge\"\" sourceTerms=\"30\" leafCount=\"558324\n"
"S12_BRANCH_CHECKPOINT: ""Pg""/""IncomingChargeSquared"" sha256=""f02f3c2868d86013d11d75a3faa4d64441b2b092a02f12951d59d4546e583073"
"S12_BRANCH_CHECKPOINT: ""PPP""/""IncomingChargeSquared"" sha256=""3556a2da658e3b856302890412db5bad11fd8c1b37b77144749b728ec0f5472e"
"S12_BRANCH_CHECKPOINT: ""Pg""/""PrimeChargeSquared"" sha256=""5fdab81e9aba825f637f7f207707b33f2d2e1bbdde688ad43c63538e4adba5a7"
"S12_BRANCH_CHECKPOINT: ""PPP""/""PrimeChargeSquared"" sha256=""961b388a5bde4b6edaea25bde101365e3aca53af9f63ba870a887495da78b558"
"S12_BRANCH_CHECKPOINT: ""Pg""/""MixedIncomingPrimeCharge"" sha256=""283246c13375c77a52da2351e18febe57a13593b79b9038478118f650ac64b02"
"S12_BRANCH_CHECKPOINT: ""PPP""/""MixedIncomingPrimeCharge"" sha256=""3329786307d17486a62f0ce0a887797f1b2ddfcd869bec06028030ff6d19d504"
"S12_STAGE: writing and exactly reloading compact finite result"
"S12_SUCCESS_FINITE_FACTORIZED_HQQPRIME"
"S12_RESULT_PATH=""/home/physics/projects/AI_Assisted_SIDIS/scripts/Hqqprime/s12_result"
"S12_RESULT_BYTES="18312
"S12_RESULT_SHA256=""c7ba66cf0bb12cd77822d3831dbcf3e0ff64a1be18b28f040df6caf12ee19dbf"
"S12_CACHE_SHA256="InputForm[<|"Pg" -> <|"IncomingChargeSquared" -> "f02f3c2868d86013d11d75a3faa4d64441b2b092a02f12951d59d4546e583073", "PrimeChargeSquared" -> "5fdab81e9aba825f637f7f207707b33f2d2e1bbdde688ad43c63538e4adba5a7", "MixedIncomingPrimeCharge" -> "283246c13375c77a52da2351e18febe57a13593b79b9038478118f650ac64b02"|>, "PPP" -> <|"IncomingChargeSquared" -> "3556a2da658e3b856302890412db5bad11fd8c1b37b77144749b728ec0f5472e", "PrimeChargeSquared" -> "961b388a5bde4b6edaea25bde101365e3aca53af9f63ba870a887495da78b558", "MixedIncomingPrimeCharge" -> "3329786307d17486a62f0ce0a887797f1b2ddfcd869bec06028030ff6d19d504"|>|>]
"S12_SOURCE_TERM_COUNTS="InputForm[<|"Pg" -> <|"IncomingChargeSquared" -> 17, "PrimeChargeSquared" -> 13, "MixedIncomingPrimeCharge" -> 28|>, "PPP" -> <|"IncomingChargeSquared" -> 10, "PrimeChargeSquared" -> 12, "MixedIncomingPrimeCharge" -> 30|>|>]
"S12_POLE_RESIDUALS="InputForm[<|"Pg" -> <|"IncomingChargeSquared" -> <|"Minus2" -> <|"Endpoint" -> 0, "IntegrandPhiS" -> 0, "IntegrandPhi0" -> 0|>, "Minus1" -> <|"Endpoint" -> 0, "IntegrandPhiS" -> 0, "IntegrandPhi0" -> 0|>|>, "PrimeChargeSquared" -> <|"Minus2" -> <|"Endpoint" -> 0, "IntegrandPhiS" -> 0, "IntegrandPhi0" -> 0|>, "Minus1" -> <|"Endpoint" -> 0, "IntegrandPhiS" -> 0, "IntegrandPhi0" -> 0|>|>, "MixedIncomingPrimeCharge" -> <|"Minus2" -> <|"Endpoint" -> 0, "IntegrandPhiS" -> 0, "IntegrandPhi0" -> 0|>, "Minus1" -> <|"Endpoint" -> 0, "IntegrandPhiS" -> 0, "IntegrandPhi0" -> 0|>|>|>, "PPP" -> <|"IncomingChargeSquared" -> <|"Minus2" -> <|"Endpoint" -> 0, "IntegrandPhiS" -> 0, "IntegrandPhi0" -> 0|>, "Minus1" -> <|"Endpoint" -> 0, "IntegrandPhiS" -> 0, "IntegrandPhi0" -> 0|>|>, "PrimeChargeSquared" -> <|"Minus2" -> <|"Endpoint" -> 0, "IntegrandPhiS" -> 0, "IntegrandPhi0" -> 0|>, "Minus1" -> <|"Endpoint" -> 0, "IntegrandPhiS" -> 0, "IntegrandPhi0" -> 0|>|>, "MixedIncomingPrimeCharge" -> <|"Minus2" -> <|"Endpoint" -> 0, "IntegrandPhiS" -> 0, "IntegrandPhi0" -> 0|>, "Minus1" -> <|"Endpoint" -> 0, "IntegrandPhiS" -> 0, "IntegrandPhi0" -> 0|>|>|>|>]
"S12_CHECKS="InputForm[<|"ExactPaperS10S11ProgramsAndResultsPinned" -> True, "AllSixS10EndpointCachesPinned" -> True, "AllAcceptedS10AndS11ChecksTrue" -> True, "FeynCalcLoadedBeforeSerializedArtifacts" -> True, "ProjectorAndChargeOrderPreserved" -> True, "PhysicalEq29ToEq32MapRebuilt" -> True, "AllPhysicalMapAndBornShellResidualsExactZero" -> True, "FourNonzeroAndTwoStructuralZeroCountertermsPreserved" -> True, "EverySavedCountertermMappedAndIndependentlyRebuilt" -> True, "OnlyPPPPDFReceivesOneOverYSquared" -> True, "PositiveEq46SignInherited" -> True, "ExactMSBarSEpsilonExpandedByWolframSeries" -> True, "FeynCalcDerivedTFAndCFCanonicalization" -> True, "SUNNToCACombinationRegressionExact" -> True, "AllSixCurrentS10ActionPartitionsRemeasured" -> True, "AllSixBranchesAlphaOneOnly" -> True, "AllSixDoublePoleRecordsExactZeroByField" -> True, "AllSixSimplePoleRecordsExactZeroByField" -> True, "MixedSimplePolesCancelWithStructuralZeroCounterterms" -> True, "SixFiniteCoefficientPairsAndActionsSavedInCaches" -> True, "SixFiniteActionsExactContextCleanAndOneIntegral" -> True, "UnitWeightFinalStateFactorAndAbsentVirtualPreserved" -> True, "ThreeChargeTensorsRemainSeparateAndChargeFree" -> True, "NoAdditionalScaleOrMSBarFactorApplied" -> True, "PhysicalOrderedFlavorChargeAssemblyDeferred" -> True, "ExactlyThreeWorkersUsedForFreshThreeChargeRun" -> True, "WorkersReturnedDeterministicChargeOrderAndWroteNothing" -> True, "SixAtomicSourceBoundCachesReloadValidated" -> True, "CompactResultDoesNotDuplicateFiniteActions" -> True, "Eq9FHatPhysicalAssemblyAndExternalComparisonDeferred" -> True|>]
