"PASS: ""required earlier stages exist"
"PASS: ""Born normalization accepted"
"PASS: ""inputs have no floating-point numbers"
"Assembling ""Pg""."
"PASS: ""endpoint term evaluated"
"PASS: ""endpoint term evaluated"
"PASS: ""endpoint term evaluated"
"PASS: ""endpoint term evaluated"
"PASS: ""endpoint term evaluated"
"PASS: ""endpoint term evaluated"
"PASS: ""endpoint term evaluated"
"PASS: ""endpoint term evaluated"
"PASS: ""endpoint term evaluated"
"PASS: ""endpoint term evaluated"
"PASS: ""endpoint term evaluated"
"PASS: ""endpoint term evaluated"
"PASS: ""endpoint term evaluated"
"PASS: ""endpoint term evaluated"
"PASS: ""endpoint term evaluated"
"PASS: ""endpoint term evaluated"
"PASS: ""endpoint term evaluated"
"PASS: ""endpoint term evaluated"
"PASS: ""endpoint term evaluated"
"PASS: ""endpoint term evaluated"
"PASS: ""endpoint term evaluated"
"PASS: ""endpoint term evaluated"
"PASS: ""endpoint term evaluated"
"PASS: ""endpoint term evaluated"
"PASS: ""endpoint term evaluated"
"PASS: ""endpoint term evaluated"
"PASS: ""endpoint term evaluated"
"PASS: ""endpoint term evaluated"
"PASS: ""endpoint term evaluated"
"PASS: ""endpoint term evaluated"
"PASS: ""endpoint term evaluated"
"PASS: ""endpoint term evaluated"
"PASS: ""endpoint term evaluated"
"PASS: ""endpoint term evaluated"
"PASS: ""endpoint term evaluated"
"PASS: ""endpoint term evaluated"
"PASS: ""endpoint term evaluated"
"PASS: ""endpoint term evaluated"
"PASS: ""endpoint term evaluated"
"PASS: ""endpoint term evaluated"
"PASS: ""endpoint term evaluated"
"PASS: ""endpoint term evaluated"
"PASS: ""endpoint term evaluated"
"PASS: ""endpoint term evaluated"
"PASS: ""endpoint term evaluated"
"PASS: ""endpoint term evaluated"
"PASS: ""endpoint term evaluated"
"PASS: ""endpoint term evaluated"
"Taking analytic endpoint limit of a term with "1413" leaves."
"PASS: ""endpoint term evaluated"
"PASS: ""endpoint term evaluated"
"Taking analytic endpoint limit of a term with "1350" leaves."
"PASS: ""endpoint term evaluated"
"PASS: ""endpoint term evaluated"
"PASS: ""endpoint term evaluated"
"PASS: ""endpoint term evaluated"
"PASS: ""endpoint term evaluated"
"PASS: ""endpoint term evaluated"
"PASS: ""endpoint term evaluated"
"PASS: ""endpoint term evaluated"
"PASS: ""endpoint term evaluated"
"PASS: ""endpoint term evaluated"
"PASS: ""endpoint term evaluated"
"PASS: ""endpoint term evaluated"
"PASS: ""endpoint term evaluated"
"PASS: ""endpoint term evaluated"
"PASS: ""endpoint term evaluated"
"PASS: ""Pg exact endpoint exists"
"Pg"": checking endpoint/plus cutoff dependence."
"PASS: ""Pg endpoint and plus cutoff dependence agrees"
"Pg"": collecting endpoint coefficient."
"Pg"" checkpoint saved; kernel memory = "101554024" bytes."
"Assembling ""Ppp""."
"PASS: ""endpoint term evaluated"
"PASS: ""endpoint term evaluated"
"PASS: ""endpoint term evaluated"
"PASS: ""endpoint term evaluated"
"PASS: ""endpoint term evaluated"
"PASS: ""endpoint term evaluated"
"PASS: ""endpoint term evaluated"
"PASS: ""endpoint term evaluated"
"PASS: ""endpoint term evaluated"
"PASS: ""endpoint term evaluated"
"PASS: ""endpoint term evaluated"
"PASS: ""endpoint term evaluated"
"PASS: ""endpoint term evaluated"
"PASS: ""endpoint term evaluated"
"PASS: ""endpoint term evaluated"
"PASS: ""endpoint term evaluated"
"PASS: ""endpoint term evaluated"
"PASS: ""endpoint term evaluated"
"PASS: ""endpoint term evaluated"
"PASS: ""endpoint term evaluated"
"PASS: ""endpoint term evaluated"
"PASS: ""endpoint term evaluated"
"PASS: ""endpoint term evaluated"
"PASS: ""endpoint term evaluated"
"PASS: ""endpoint term evaluated"
"PASS: ""endpoint term evaluated"
"PASS: ""endpoint term evaluated"
"PASS: ""endpoint term evaluated"
"PASS: ""endpoint term evaluated"
"PASS: ""endpoint term evaluated"
"PASS: ""endpoint term evaluated"
"PASS: ""endpoint term evaluated"
"PASS: ""endpoint term evaluated"
"PASS: ""endpoint term evaluated"
"PASS: ""endpoint term evaluated"
"PASS: ""endpoint term evaluated"
"PASS: ""endpoint term evaluated"
"PASS: ""endpoint term evaluated"
"Taking analytic endpoint limit of a term with "1463" leaves."
"PASS: ""endpoint term evaluated"
"Taking analytic endpoint limit of a term with "1526" leaves."
"PASS: ""endpoint term evaluated"
"Taking analytic endpoint limit of a term with "1878" leaves."
"PASS: ""endpoint term evaluated"
"PASS: ""endpoint term evaluated"
"PASS: ""endpoint term evaluated"
"PASS: ""endpoint term evaluated"
"PASS: ""endpoint term evaluated"
"PASS: ""endpoint term evaluated"
"PASS: ""endpoint term evaluated"
"PASS: ""endpoint term evaluated"
"Taking analytic endpoint limit of a term with "1397" leaves."
"PASS: ""endpoint term evaluated"
"PASS: ""endpoint term evaluated"
"Taking analytic endpoint limit of a term with "1364" leaves."
"PASS: ""endpoint term evaluated"
"PASS: ""endpoint term evaluated"
"PASS: ""endpoint term evaluated"
"PASS: ""endpoint term evaluated"
"PASS: ""endpoint term evaluated"
"PASS: ""endpoint term evaluated"
"PASS: ""endpoint term evaluated"
"PASS: ""endpoint term evaluated"
"PASS: ""endpoint term evaluated"
"PASS: ""endpoint term evaluated"
"PASS: ""endpoint term evaluated"
"PASS: ""endpoint term evaluated"
"PASS: ""endpoint term evaluated"
"PASS: ""endpoint term evaluated"
"PASS: ""endpoint term evaluated"
"PASS: ""Ppp exact endpoint exists"
"Ppp"": checking endpoint/plus cutoff dependence."
"PASS: ""Ppp endpoint and plus cutoff dependence agrees"
"Ppp"": collecting endpoint coefficient."
"Ppp"" checkpoint saved; kernel memory = "146087736" bytes."
"PASS: ""kinematic equations close"
"PASS: ""final expressions contain no floats or unevaluated integrals"
"PASS: ""final expressions have no epsilon poles"
"Born Fhat1 delta coefficient = "InputForm[(4*alphaS*eq^2*(Q^6 + 2*Q^4*s + 2*Q^2*s^2 + 2*Q^2*s*t + Q^2*t^2 - 2*Q^2*s*t*xh^2 - 2*s^2*t*xh^2 - 2*s*t^2*xh^2))/(3*Pi^2*Q^2*s*(Q^2 + s + t))]
"Born Fhat2 delta coefficient = "InputForm[(8*alphaS*eq^2*xh*(Q^6 + 2*Q^4*s + 2*Q^2*s^2 + 2*Q^2*s*t + Q^2*t^2 - 6*Q^2*s*t*xh^2 - 6*s^2*t*xh^2 - 6*s*t^2*xh^2))/(3*Pi^2*Q^2*s*(Q^2 + s + t))]
"Wrote s03_result.wl. Leaf counts = "{71524, 71497}
"Peak kernel memory = "149295456" bytes."
