COUPLINGS    9.2677064023538064E-02    1.2177157847767197E+00    2.0530251149624587E-01
CURRENT   1   0    4.5011781273809294E-03
CURRENT   1   1    1.8987125011276262E-02
CURRENT   1   2    1.6248558832628959E-02
CURRENT   1   3    3.8269881128589795E-03
CURRENT   1   4    4.4408895977923918E-01
CURRENT   1   5    2.9680720365167735E-32
CURRENT   2   0    1.2490888062306455E-02
CURRENT   2   1    4.5429535409493106E-02
CURRENT   2   2    3.7272422371913652E-02
CURRENT   2   3    9.4001020810781880E-03
CURRENT   2   4    1.2323585802049177E+00
CURRENT   2   5    2.7877835945005239E-32
CURRENT   3   0    2.5024391689997633E-01
CURRENT   3   1    6.1794856410438220E-02
CURRENT   3   2    9.0716147657206467E-02
CURRENT   3   3    1.6830250599974647E-01
CURRENT   3   4    2.5316936927386347E+01
CURRENT   3   5    1.1610548916819467E-31
CURRENT   4   0    4.3248492709894025E-02
CURRENT   4   1    1.5615949113349833E-01
CURRENT   4   2    6.5839270130665747E-02
CURRENT   4   3    3.9959902104554336E-02
CURRENT   4   4    4.3754085042497151E+00
CURRENT   4   5    6.9290679554731895E-32
CURRENT   5   0    9.9192213615340377E-02
CURRENT   5   1    1.2601214114737724E-01
CURRENT   5   2    2.5636603753366433E-01
CURRENT   5   3    5.8376748953887524E-02
CURRENT   5   4    9.7863638620913189E+00
CURRENT   5   5    3.3125995043460457E-32
CURRENT   6   0    1.9074911131738678E-01
CURRENT   6   1    6.3643076483092836E-02
CURRENT   6   2    1.7756718133455429E-01
CURRENT   6   3    1.6933159957678171E-01
CURRENT   6   4    3.2041197591853745E+01
CURRENT   6   5    5.7349913899531024E-31
