"PASS: ""all assembly inputs exist"
"PASS: ""Pg ordinary real-distribution reconstruction, branch 1"
"PASS: ""Pg ordinary real-distribution reconstruction, branch -1"
"PASS: ""Ppp ordinary real-distribution reconstruction, branch 1"
"PASS: ""Ppp ordinary real-distribution reconstruction, branch -1"
"Coordinate boundary ""F1"" ""Delta"
"Simplify boundary ""F1"" ""Delta"" "-1
"Expand boundary ""F1"" ""Delta"" "-1
"PASS: ""one-sided boundary is evaluated and finite"
"Saved boundary ""F1"" ""Delta"" "-1
"PASS: ""soft-coordinate boundary limits agree"
"PASS: ""boundary limit is evaluated and finite"
"Coordinate boundary ""F1"" ""L0"
"Simplify boundary ""F1"" ""L0"" "1
"Expand boundary ""F1"" ""L0"" "1
"PASS: ""one-sided boundary is evaluated and finite"
"Saved boundary ""F1"" ""L0"" "1
"Simplify boundary ""F1"" ""L0"" "-1
"Expand boundary ""F1"" ""L0"" "-1
"PASS: ""one-sided boundary is evaluated and finite"
"Saved boundary ""F1"" ""L0"" "-1
"PASS: ""soft-coordinate boundary limits agree"
"PASS: ""boundary limit is evaluated and finite"
"Coordinate boundary ""F1"" ""L1"
"Simplify boundary ""F1"" ""L1"" "1
"Expand boundary ""F1"" ""L1"" "1
"PASS: ""one-sided boundary is evaluated and finite"
"Saved boundary ""F1"" ""L1"" "1
"Simplify boundary ""F1"" ""L1"" "-1
"Expand boundary ""F1"" ""L1"" "-1
"PASS: ""one-sided boundary is evaluated and finite"
"Saved boundary ""F1"" ""L1"" "-1
"PASS: ""soft-coordinate boundary limits agree"
"PASS: ""boundary limit is evaluated and finite"
"Coordinate boundary ""F1"" ""Regular"
"Simplify boundary ""F1"" ""Regular"" "1
