"PASS: ""all assembly inputs exist"
"PASS: ""Pg ordinary real-distribution reconstruction, branch 1"
"PASS: ""Pg ordinary real-distribution reconstruction, branch -1"
"PASS: ""Ppp ordinary real-distribution reconstruction, branch 1"
"PASS: ""Ppp ordinary real-distribution reconstruction, branch -1"
"Assemble ""Pg"" "1" ""L1""; memory = "209302712
"PASS: ""combined input is a Laurent polynomial in the common regulator"
"PASS: ""finite contraction has no regulator or unresolved integral"
"Assemble ""Pg"" "1" ""L0""; memory = "209304768
"PASS: ""combined input is a Laurent polynomial in the common regulator"
"PASS: ""Pg 1 L0 IR -1"
"PASS: ""finite contraction has no regulator or unresolved integral"
"Assemble ""Pg"" "1" ""Regular""; memory = "209320296
"PASS: ""combined input is a Laurent polynomial in the common regulator"
"PASS: ""Pg 1 Regular IR -1"
"PASS: ""finite contraction has no regulator or unresolved integral"
"Assemble ""Pg"" "1" ""Delta""; memory = "213584440
"PASS: ""combined input is a Laurent polynomial in the common regulator"
"PASS: ""Pg 1 Delta IR -2"
"PASS: ""Pg 1 Delta IR -1"
"PASS: ""finite contraction has no regulator or unresolved integral"
"Assemble ""Pg"" "-1" ""L1""; memory = "227315656
"PASS: ""combined input is a Laurent polynomial in the common regulator"
"PASS: ""finite contraction has no regulator or unresolved integral"
"Assemble ""Pg"" "-1" ""L0""; memory = "227316232
"PASS: ""combined input is a Laurent polynomial in the common regulator"
"PASS: ""Pg -1 L0 IR -1"
"PASS: ""finite contraction has no regulator or unresolved integral"
"Assemble ""Pg"" "-1" ""Regular""; memory = "227328744
"PASS: ""combined input is a Laurent polynomial in the common regulator"
"PASS: ""Pg -1 Regular IR -1"
"PASS: ""finite contraction has no regulator or unresolved integral"
"Assemble ""Pg"" "-1" ""Delta""; memory = "228525272
"PASS: ""combined input is a Laurent polynomial in the common regulator"
"PASS: ""Pg -1 Delta IR -2"
"PASS: ""Pg -1 Delta IR -1"
"PASS: ""finite contraction has no regulator or unresolved integral"
"Assemble ""Ppp"" "1" ""L1""; memory = "235248744
"PASS: ""combined input is a Laurent polynomial in the common regulator"
"PASS: ""finite contraction has no regulator or unresolved integral"
"Assemble ""Ppp"" "1" ""L0""; memory = "235249152
"PASS: ""combined input is a Laurent polynomial in the common regulator"
"PASS: ""Ppp 1 L0 IR -1"
"PASS: ""finite contraction has no regulator or unresolved integral"
"Assemble ""Ppp"" "1" ""Regular""; memory = "235256568
"PASS: ""combined input is a Laurent polynomial in the common regulator"
"PASS: ""Ppp 1 Regular IR -1"
"PASS: ""finite contraction has no regulator or unresolved integral"
"Assemble ""Ppp"" "1" ""Delta""; memory = "235589384
"PASS: ""combined input is a Laurent polynomial in the common regulator"
"PASS: ""Ppp 1 Delta IR -2"
"PASS: ""Ppp 1 Delta IR -1"
"PASS: ""finite contraction has no regulator or unresolved integral"
"Assemble ""Ppp"" "-1" ""L1""; memory = "241043720
"PASS: ""combined input is a Laurent polynomial in the common regulator"
"PASS: ""finite contraction has no regulator or unresolved integral"
"Assemble ""Ppp"" "-1" ""L0""; memory = "241044184
"PASS: ""combined input is a Laurent polynomial in the common regulator"
"PASS: ""Ppp -1 L0 IR -1"
"PASS: ""finite contraction has no regulator or unresolved integral"
"Assemble ""Ppp"" "-1" ""Regular""; memory = "241050264
"PASS: ""combined input is a Laurent polynomial in the common regulator"
"PASS: ""Ppp -1 Regular IR -1"
"PASS: ""finite contraction has no regulator or unresolved integral"
"Assemble ""Ppp"" "-1" ""Delta""; memory = "241408336
"PASS: ""combined input is a Laurent polynomial in the common regulator"
"PASS: ""Ppp -1 Delta IR -2"
"PASS: ""Ppp -1 Delta IR -1"
"PASS: ""finite contraction has no regulator or unresolved integral"
"Coordinate boundary ""F1"" ""Delta"
"Time limit: "{"F1", "Delta", "right limit"}
