/u/scratch/r/rushil/AI_Assisted_SIDIS/SIDIS_20260907/numerics/s06_cache/s06_pkhff_adapted.f:208:25:

  208 |       uff(1) = FINT(NARG,ZT,NA,ARRF,ZU ) * (1.D0-Z)**4 * Z**0.5 / Z
      |                         1
Warning: Actual argument contains too few elements for dummy argument 'arg' (2/5) at (1)
/u/scratch/r/rushil/AI_Assisted_SIDIS/SIDIS_20260907/numerics/s06_cache/s06_pkhff_adapted.f:208:28:

  208 |       uff(1) = FINT(NARG,ZT,NA,ARRF,ZU ) * (1.D0-Z)**4 * Z**0.5 / Z
      |                            1
Warning: Actual argument contains too few elements for dummy argument 'nent' (2/5) at (1)
/u/scratch/r/rushil/AI_Assisted_SIDIS/SIDIS_20260907/numerics/s06_cache/s06_pkhff_adapted.f:209:25:

  209 |       uff(2) = FINT(NARG,ZT,NA,ARRF,ZUB) * (1.D0-Z)**4 * Z**0.5 / Z
      |                         1
Warning: Actual argument contains too few elements for dummy argument 'arg' (2/5) at (1)
/u/scratch/r/rushil/AI_Assisted_SIDIS/SIDIS_20260907/numerics/s06_cache/s06_pkhff_adapted.f:209:28:

  209 |       uff(2) = FINT(NARG,ZT,NA,ARRF,ZUB) * (1.D0-Z)**4 * Z**0.5 / Z
      |                            1
Warning: Actual argument contains too few elements for dummy argument 'nent' (2/5) at (1)
/u/scratch/r/rushil/AI_Assisted_SIDIS/SIDIS_20260907/numerics/s06_cache/s06_pkhff_adapted.f:210:25:

  210 |       dff(1) = FINT(NARG,ZT,NA,ARRF,ZD ) * (1.D0-Z)**4 * Z**0.5 / Z
      |                         1
Warning: Actual argument contains too few elements for dummy argument 'arg' (2/5) at (1)
/u/scratch/r/rushil/AI_Assisted_SIDIS/SIDIS_20260907/numerics/s06_cache/s06_pkhff_adapted.f:210:28:

  210 |       dff(1) = FINT(NARG,ZT,NA,ARRF,ZD ) * (1.D0-Z)**4 * Z**0.5 / Z
      |                            1
Warning: Actual argument contains too few elements for dummy argument 'nent' (2/5) at (1)
/u/scratch/r/rushil/AI_Assisted_SIDIS/SIDIS_20260907/numerics/s06_cache/s06_pkhff_adapted.f:211:25:

  211 |       dff(2) = FINT(NARG,ZT,NA,ARRF,ZDB) * (1.D0-Z)**4 * Z**0.5 / Z
      |                         1
Warning: Actual argument contains too few elements for dummy argument 'arg' (2/5) at (1)
/u/scratch/r/rushil/AI_Assisted_SIDIS/SIDIS_20260907/numerics/s06_cache/s06_pkhff_adapted.f:211:28:

  211 |       dff(2) = FINT(NARG,ZT,NA,ARRF,ZDB) * (1.D0-Z)**4 * Z**0.5 / Z
      |                            1
Warning: Actual argument contains too few elements for dummy argument 'nent' (2/5) at (1)
/u/scratch/r/rushil/AI_Assisted_SIDIS/SIDIS_20260907/numerics/s06_cache/s06_pkhff_adapted.f:212:25:

  212 |       sff(1) = FINT(NARG,ZT,NA,ARRF,ZS ) * (1.D0-Z)**4 * Z**0.5 / Z
      |                         1
Warning: Actual argument contains too few elements for dummy argument 'arg' (2/5) at (1)
/u/scratch/r/rushil/AI_Assisted_SIDIS/SIDIS_20260907/numerics/s06_cache/s06_pkhff_adapted.f:212:28:

  212 |       sff(1) = FINT(NARG,ZT,NA,ARRF,ZS ) * (1.D0-Z)**4 * Z**0.5 / Z
      |                            1
Warning: Actual argument contains too few elements for dummy argument 'nent' (2/5) at (1)
/u/scratch/r/rushil/AI_Assisted_SIDIS/SIDIS_20260907/numerics/s06_cache/s06_pkhff_adapted.f:213:25:

  213 |       sff(2) = FINT(NARG,ZT,NA,ARRF,ZSB) * (1.D0-Z)**4 * Z**0.5 / Z
      |                         1
Warning: Actual argument contains too few elements for dummy argument 'arg' (2/5) at (1)
/u/scratch/r/rushil/AI_Assisted_SIDIS/SIDIS_20260907/numerics/s06_cache/s06_pkhff_adapted.f:213:28:

  213 |       sff(2) = FINT(NARG,ZT,NA,ARRF,ZSB) * (1.D0-Z)**4 * Z**0.5 / Z
      |                            1
Warning: Actual argument contains too few elements for dummy argument 'nent' (2/5) at (1)
/u/scratch/r/rushil/AI_Assisted_SIDIS/SIDIS_20260907/numerics/s06_cache/s06_pkhff_adapted.f:214:25:

  214 |       cff(1) = FINT(NARG,ZT,NA,ARRF,ZC)  * (1.D0-Z)**7 * Z**0.3 / Z
      |                         1
Warning: Actual argument contains too few elements for dummy argument 'arg' (2/5) at (1)
/u/scratch/r/rushil/AI_Assisted_SIDIS/SIDIS_20260907/numerics/s06_cache/s06_pkhff_adapted.f:214:28:

  214 |       cff(1) = FINT(NARG,ZT,NA,ARRF,ZC)  * (1.D0-Z)**7 * Z**0.3 / Z
      |                            1
Warning: Actual argument contains too few elements for dummy argument 'nent' (2/5) at (1)
/u/scratch/r/rushil/AI_Assisted_SIDIS/SIDIS_20260907/numerics/s06_cache/s06_pkhff_adapted.f:216:25:

  216 |       bff(1) = FINT(NARG,ZT,NA,ARRF,ZB)  * (1.D0-Z)**7 * Z**0.3 / Z
      |                         1
Warning: Actual argument contains too few elements for dummy argument 'arg' (2/5) at (1)
/u/scratch/r/rushil/AI_Assisted_SIDIS/SIDIS_20260907/numerics/s06_cache/s06_pkhff_adapted.f:216:28:

  216 |       bff(1) = FINT(NARG,ZT,NA,ARRF,ZB)  * (1.D0-Z)**7 * Z**0.3 / Z
      |                            1
Warning: Actual argument contains too few elements for dummy argument 'nent' (2/5) at (1)
/u/scratch/r/rushil/AI_Assisted_SIDIS/SIDIS_20260907/numerics/s06_cache/s06_pkhff_adapted.f:218:25:

  218 |       gff    = FINT(NARG,ZT,NA,ARRF,ZG)  * (1.D0-Z)**8 * Z**0.3 / Z
      |                         1
Warning: Actual argument contains too few elements for dummy argument 'arg' (2/5) at (1)
/u/scratch/r/rushil/AI_Assisted_SIDIS/SIDIS_20260907/numerics/s06_cache/s06_pkhff_adapted.f:218:28:

  218 |       gff    = FINT(NARG,ZT,NA,ARRF,ZG)  * (1.D0-Z)**8 * Z**0.3 / Z
      |                            1
Warning: Actual argument contains too few elements for dummy argument 'nent' (2/5) at (1)
/u/scratch/r/rushil/AI_Assisted_SIDIS/SIDIS_20260907/numerics/s06_cache/s06_pkhff_adapted.f:220:25:

  220 |       uff(2) = FINT(NARG,ZT,NA,ARRF,ZU ) * (1.D0-Z)**4 * Z**0.5 / Z
      |                         1
Warning: Actual argument contains too few elements for dummy argument 'arg' (2/5) at (1)
/u/scratch/r/rushil/AI_Assisted_SIDIS/SIDIS_20260907/numerics/s06_cache/s06_pkhff_adapted.f:220:28:

  220 |       uff(2) = FINT(NARG,ZT,NA,ARRF,ZU ) * (1.D0-Z)**4 * Z**0.5 / Z
      |                            1
Warning: Actual argument contains too few elements for dummy argument 'nent' (2/5) at (1)
/u/scratch/r/rushil/AI_Assisted_SIDIS/SIDIS_20260907/numerics/s06_cache/s06_pkhff_adapted.f:221:25:

  221 |       uff(1) = FINT(NARG,ZT,NA,ARRF,ZUB) * (1.D0-Z)**4 * Z**0.5 / Z
      |                         1
Warning: Actual argument contains too few elements for dummy argument 'arg' (2/5) at (1)
/u/scratch/r/rushil/AI_Assisted_SIDIS/SIDIS_20260907/numerics/s06_cache/s06_pkhff_adapted.f:221:28:

  221 |       uff(1) = FINT(NARG,ZT,NA,ARRF,ZUB) * (1.D0-Z)**4 * Z**0.5 / Z
      |                            1
Warning: Actual argument contains too few elements for dummy argument 'nent' (2/5) at (1)
/u/scratch/r/rushil/AI_Assisted_SIDIS/SIDIS_20260907/numerics/s06_cache/s06_pkhff_adapted.f:222:25:

  222 |       dff(2) = FINT(NARG,ZT,NA,ARRF,ZD ) * (1.D0-Z)**4 * Z**0.5 / Z
      |                         1
Warning: Actual argument contains too few elements for dummy argument 'arg' (2/5) at (1)
/u/scratch/r/rushil/AI_Assisted_SIDIS/SIDIS_20260907/numerics/s06_cache/s06_pkhff_adapted.f:222:28:

  222 |       dff(2) = FINT(NARG,ZT,NA,ARRF,ZD ) * (1.D0-Z)**4 * Z**0.5 / Z
      |                            1
Warning: Actual argument contains too few elements for dummy argument 'nent' (2/5) at (1)
/u/scratch/r/rushil/AI_Assisted_SIDIS/SIDIS_20260907/numerics/s06_cache/s06_pkhff_adapted.f:223:25:

  223 |       dff(1) = FINT(NARG,ZT,NA,ARRF,ZDB) * (1.D0-Z)**4 * Z**0.5 / Z
      |                         1
Warning: Actual argument contains too few elements for dummy argument 'arg' (2/5) at (1)
/u/scratch/r/rushil/AI_Assisted_SIDIS/SIDIS_20260907/numerics/s06_cache/s06_pkhff_adapted.f:223:28:

  223 |       dff(1) = FINT(NARG,ZT,NA,ARRF,ZDB) * (1.D0-Z)**4 * Z**0.5 / Z
      |                            1
Warning: Actual argument contains too few elements for dummy argument 'nent' (2/5) at (1)
/u/scratch/r/rushil/AI_Assisted_SIDIS/SIDIS_20260907/numerics/s06_cache/s06_pkhff_adapted.f:224:25:

  224 |       sff(2) = FINT(NARG,ZT,NA,ARRF,ZS ) * (1.D0-Z)**4 * Z**0.5 / Z
      |                         1
Warning: Actual argument contains too few elements for dummy argument 'arg' (2/5) at (1)
/u/scratch/r/rushil/AI_Assisted_SIDIS/SIDIS_20260907/numerics/s06_cache/s06_pkhff_adapted.f:224:28:

  224 |       sff(2) = FINT(NARG,ZT,NA,ARRF,ZS ) * (1.D0-Z)**4 * Z**0.5 / Z
      |                            1
Warning: Actual argument contains too few elements for dummy argument 'nent' (2/5) at (1)
/u/scratch/r/rushil/AI_Assisted_SIDIS/SIDIS_20260907/numerics/s06_cache/s06_pkhff_adapted.f:225:25:

  225 |       sff(1) = FINT(NARG,ZT,NA,ARRF,ZSB) * (1.D0-Z)**4 * Z**0.5 / Z
      |                         1
Warning: Actual argument contains too few elements for dummy argument 'arg' (2/5) at (1)
/u/scratch/r/rushil/AI_Assisted_SIDIS/SIDIS_20260907/numerics/s06_cache/s06_pkhff_adapted.f:225:28:

  225 |       sff(1) = FINT(NARG,ZT,NA,ARRF,ZSB) * (1.D0-Z)**4 * Z**0.5 / Z
      |                            1
Warning: Actual argument contains too few elements for dummy argument 'nent' (2/5) at (1)
/u/scratch/r/rushil/AI_Assisted_SIDIS/SIDIS_20260907/numerics/s06_cache/s06_pkhff_adapted.f:226:25:

  226 |       cff(2) = FINT(NARG,ZT,NA,ARRF,ZC)  * (1.D0-Z)**7 * Z**0.3 / Z
      |                         1
Warning: Actual argument contains too few elements for dummy argument 'arg' (2/5) at (1)
/u/scratch/r/rushil/AI_Assisted_SIDIS/SIDIS_20260907/numerics/s06_cache/s06_pkhff_adapted.f:226:28:

  226 |       cff(2) = FINT(NARG,ZT,NA,ARRF,ZC)  * (1.D0-Z)**7 * Z**0.3 / Z
      |                            1
Warning: Actual argument contains too few elements for dummy argument 'nent' (2/5) at (1)
/u/scratch/r/rushil/AI_Assisted_SIDIS/SIDIS_20260907/numerics/s06_cache/s06_pkhff_adapted.f:228:25:

  228 |       bff(2) = FINT(NARG,ZT,NA,ARRF,ZB)  * (1.D0-Z)**7 * Z**0.3 / Z
      |                         1
Warning: Actual argument contains too few elements for dummy argument 'arg' (2/5) at (1)
/u/scratch/r/rushil/AI_Assisted_SIDIS/SIDIS_20260907/numerics/s06_cache/s06_pkhff_adapted.f:228:28:

  228 |       bff(2) = FINT(NARG,ZT,NA,ARRF,ZB)  * (1.D0-Z)**7 * Z**0.3 / Z
      |                            1
Warning: Actual argument contains too few elements for dummy argument 'nent' (2/5) at (1)
/u/scratch/r/rushil/AI_Assisted_SIDIS/SIDIS_20260907/numerics/s06_cache/s06_pkhff_adapted.f:230:25:

  230 |       gff    = FINT(NARG,ZT,NA,ARRF,ZG)  * (1.D0-Z)**8 * Z**0.3 / Z
      |                         1
Warning: Actual argument contains too few elements for dummy argument 'arg' (2/5) at (1)
/u/scratch/r/rushil/AI_Assisted_SIDIS/SIDIS_20260907/numerics/s06_cache/s06_pkhff_adapted.f:230:28:

  230 |       gff    = FINT(NARG,ZT,NA,ARRF,ZG)  * (1.D0-Z)**8 * Z**0.3 / Z
      |                            1
Warning: Actual argument contains too few elements for dummy argument 'nent' (2/5) at (1)
/u/scratch/r/rushil/AI_Assisted_SIDIS/SIDIS_20260907/numerics/s06_cache/s06_pkhff_adapted.f:232:25:

  232 |       uff(1) = FINT(NARG,ZT,NA,ARRF,ZU ) * (1.D0-Z)**4 * Z**0.5 / Z
      |                         1
Warning: Actual argument contains too few elements for dummy argument 'arg' (2/5) at (1)
/u/scratch/r/rushil/AI_Assisted_SIDIS/SIDIS_20260907/numerics/s06_cache/s06_pkhff_adapted.f:232:28:

  232 |       uff(1) = FINT(NARG,ZT,NA,ARRF,ZU ) * (1.D0-Z)**4 * Z**0.5 / Z
      |                            1
Warning: Actual argument contains too few elements for dummy argument 'nent' (2/5) at (1)
/u/scratch/r/rushil/AI_Assisted_SIDIS/SIDIS_20260907/numerics/s06_cache/s06_pkhff_adapted.f:233:25:

  233 |      >       + FINT(NARG,ZT,NA,ARRF,ZUB) * (1.D0-Z)**4 * Z**0.5 / Z
      |                         1
Warning: Actual argument contains too few elements for dummy argument 'arg' (2/5) at (1)
/u/scratch/r/rushil/AI_Assisted_SIDIS/SIDIS_20260907/numerics/s06_cache/s06_pkhff_adapted.f:233:28:

  233 |      >       + FINT(NARG,ZT,NA,ARRF,ZUB) * (1.D0-Z)**4 * Z**0.5 / Z
      |                            1
Warning: Actual argument contains too few elements for dummy argument 'nent' (2/5) at (1)
/u/scratch/r/rushil/AI_Assisted_SIDIS/SIDIS_20260907/numerics/s06_cache/s06_pkhff_adapted.f:235:25:

  235 |       dff(1) = FINT(NARG,ZT,NA,ARRF,ZD ) * (1.D0-Z)**4 * Z**0.5 / Z
      |                         1
Warning: Actual argument contains too few elements for dummy argument 'arg' (2/5) at (1)
/u/scratch/r/rushil/AI_Assisted_SIDIS/SIDIS_20260907/numerics/s06_cache/s06_pkhff_adapted.f:235:28:

  235 |       dff(1) = FINT(NARG,ZT,NA,ARRF,ZD ) * (1.D0-Z)**4 * Z**0.5 / Z
      |                            1
Warning: Actual argument contains too few elements for dummy argument 'nent' (2/5) at (1)
/u/scratch/r/rushil/AI_Assisted_SIDIS/SIDIS_20260907/numerics/s06_cache/s06_pkhff_adapted.f:236:25:

  236 |      >       + FINT(NARG,ZT,NA,ARRF,ZDB) * (1.D0-Z)**4 * Z**0.5 / Z
      |                         1
Warning: Actual argument contains too few elements for dummy argument 'arg' (2/5) at (1)
/u/scratch/r/rushil/AI_Assisted_SIDIS/SIDIS_20260907/numerics/s06_cache/s06_pkhff_adapted.f:236:28:

  236 |      >       + FINT(NARG,ZT,NA,ARRF,ZDB) * (1.D0-Z)**4 * Z**0.5 / Z
      |                            1
Warning: Actual argument contains too few elements for dummy argument 'nent' (2/5) at (1)
/u/scratch/r/rushil/AI_Assisted_SIDIS/SIDIS_20260907/numerics/s06_cache/s06_pkhff_adapted.f:238:25:

  238 |       sff(1) = FINT(NARG,ZT,NA,ARRF,ZS ) * (1.D0-Z)**4 * Z**0.5 / Z
      |                         1
Warning: Actual argument contains too few elements for dummy argument 'arg' (2/5) at (1)
/u/scratch/r/rushil/AI_Assisted_SIDIS/SIDIS_20260907/numerics/s06_cache/s06_pkhff_adapted.f:238:28:

  238 |       sff(1) = FINT(NARG,ZT,NA,ARRF,ZS ) * (1.D0-Z)**4 * Z**0.5 / Z
      |                            1
Warning: Actual argument contains too few elements for dummy argument 'nent' (2/5) at (1)
/u/scratch/r/rushil/AI_Assisted_SIDIS/SIDIS_20260907/numerics/s06_cache/s06_pkhff_adapted.f:239:25:

  239 |      >       + FINT(NARG,ZT,NA,ARRF,ZSB) * (1.D0-Z)**4 * Z**0.5 / Z
      |                         1
Warning: Actual argument contains too few elements for dummy argument 'arg' (2/5) at (1)
/u/scratch/r/rushil/AI_Assisted_SIDIS/SIDIS_20260907/numerics/s06_cache/s06_pkhff_adapted.f:239:28:

  239 |      >       + FINT(NARG,ZT,NA,ARRF,ZSB) * (1.D0-Z)**4 * Z**0.5 / Z
      |                            1
Warning: Actual argument contains too few elements for dummy argument 'nent' (2/5) at (1)
/u/scratch/r/rushil/AI_Assisted_SIDIS/SIDIS_20260907/numerics/s06_cache/s06_pkhff_adapted.f:241:25:

  241 |       cff(1) = FINT(NARG,ZT,NA,ARRF,ZC)  * (1.D0-Z)**7 * Z**0.3 / Z
      |                         1
Warning: Actual argument contains too few elements for dummy argument 'arg' (2/5) at (1)
/u/scratch/r/rushil/AI_Assisted_SIDIS/SIDIS_20260907/numerics/s06_cache/s06_pkhff_adapted.f:241:28:

  241 |       cff(1) = FINT(NARG,ZT,NA,ARRF,ZC)  * (1.D0-Z)**7 * Z**0.3 / Z
      |                            1
Warning: Actual argument contains too few elements for dummy argument 'nent' (2/5) at (1)
/u/scratch/r/rushil/AI_Assisted_SIDIS/SIDIS_20260907/numerics/s06_cache/s06_pkhff_adapted.f:244:25:

  244 |       bff(1) = FINT(NARG,ZT,NA,ARRF,ZB)  * (1.D0-Z)**7 * Z**0.3 / Z
      |                         1
Warning: Actual argument contains too few elements for dummy argument 'arg' (2/5) at (1)
/u/scratch/r/rushil/AI_Assisted_SIDIS/SIDIS_20260907/numerics/s06_cache/s06_pkhff_adapted.f:244:28:

  244 |       bff(1) = FINT(NARG,ZT,NA,ARRF,ZB)  * (1.D0-Z)**7 * Z**0.3 / Z
      |                            1
Warning: Actual argument contains too few elements for dummy argument 'nent' (2/5) at (1)
/u/scratch/r/rushil/AI_Assisted_SIDIS/SIDIS_20260907/numerics/s06_cache/s06_pkhff_adapted.f:247:25:

  247 |       gff    = FINT(NARG,ZT,NA,ARRF,ZG)  * (1.D0-Z)**8 * Z**0.3 / Z
      |                         1
Warning: Actual argument contains too few elements for dummy argument 'arg' (2/5) at (1)
/u/scratch/r/rushil/AI_Assisted_SIDIS/SIDIS_20260907/numerics/s06_cache/s06_pkhff_adapted.f:247:28:

  247 |       gff    = FINT(NARG,ZT,NA,ARRF,ZG)  * (1.D0-Z)**8 * Z**0.3 / Z
      |                            1
Warning: Actual argument contains too few elements for dummy argument 'nent' (2/5) at (1)
