S07_TRANSLATE Hqq_v2_F1Hat_LODelta_1
S07_CHECKED Hqq_v2_F1Hat_LODelta_1 operations 89 passed True
S07_TRANSLATE Hqq_v2_F1Hat_Delta_1
S07_CHECKED Hqq_v2_F1Hat_Delta_1 operations 1769 passed True
S07_TRANSLATE Hqq_v2_F1Hat_L0_1
S07_CHECKED Hqq_v2_F1Hat_L0_1 operations 177 passed True
S07_TRANSLATE Hqq_v2_F1Hat_L1_1
S07_CHECKED Hqq_v2_F1Hat_L1_1 operations 92 passed True
S07_TRANSLATE Hqq_v2_F1Hat_Regular_1
S07_CHECKED Hqq_v2_F1Hat_Regular_1 operations 425910 passed True
S07_TRANSLATE Hqq_v2_F1Hat_LODelta_m1
S07_CHECKED Hqq_v2_F1Hat_LODelta_m1 operations 89 passed True
S07_TRANSLATE Hqq_v2_F1Hat_Delta_m1
S07_CHECKED Hqq_v2_F1Hat_Delta_m1 operations 1771 passed True
S07_TRANSLATE Hqq_v2_F1Hat_L0_m1
S07_CHECKED Hqq_v2_F1Hat_L0_m1 operations 177 passed True
S07_TRANSLATE Hqq_v2_F1Hat_L1_m1
S07_CHECKED Hqq_v2_F1Hat_L1_m1 operations 92 passed True
S07_TRANSLATE Hqq_v2_F1Hat_Regular_m1
S07_CHECKED Hqq_v2_F1Hat_Regular_m1 operations 425911 passed True
S07_TRANSLATE Hqq_v2_F2Hat_LODelta_1
S07_CHECKED Hqq_v2_F2Hat_LODelta_1 operations 98 passed True
S07_TRANSLATE Hqq_v2_F2Hat_Delta_1
S07_CHECKED Hqq_v2_F2Hat_Delta_1 operations 1827 passed True
S07_TRANSLATE Hqq_v2_F2Hat_L0_1
S07_CHECKED Hqq_v2_F2Hat_L0_1 operations 188 passed True
S07_TRANSLATE Hqq_v2_F2Hat_L1_1
S07_CHECKED Hqq_v2_F2Hat_L1_1 operations 100 passed True
S07_TRANSLATE Hqq_v2_F2Hat_Regular_1
S07_CHECKED Hqq_v2_F2Hat_Regular_1 operations 425911 passed True
S07_TRANSLATE Hqq_v2_F2Hat_LODelta_m1
S07_CHECKED Hqq_v2_F2Hat_LODelta_m1 operations 98 passed True
S07_TRANSLATE Hqq_v2_F2Hat_Delta_m1
S07_CHECKED Hqq_v2_F2Hat_Delta_m1 operations 1828 passed True
S07_TRANSLATE Hqq_v2_F2Hat_L0_m1
S07_CHECKED Hqq_v2_F2Hat_L0_m1 operations 188 passed True
S07_TRANSLATE Hqq_v2_F2Hat_L1_m1
S07_CHECKED Hqq_v2_F2Hat_L1_m1 operations 100 passed True
S07_TRANSLATE Hqq_v2_F2Hat_Regular_m1
S07_CHECKED Hqq_v2_F2Hat_Regular_m1 operations 425913 passed True
S07_PAIRED Hqq_v2_LODelta_1 operations 110
S07_PAIRED Hqq_v2_Delta_1 operations 2838
S07_PAIRED Hqq_v2_L0_1 operations 262
S07_PAIRED Hqq_v2_L1_1 operations 113
S07_PAIRED Hqq_v2_Regular_1 operations 426401
S07_PAIRED Hqq_v2_LODelta_m1 operations 110
S07_PAIRED Hqq_v2_Delta_m1 operations 2841
S07_PAIRED Hqq_v2_L0_m1 operations 262
S07_PAIRED Hqq_v2_L1_m1 operations 113
S07_PAIRED Hqq_v2_Regular_m1 operations 426402
S07_SUCCESS Hqq_v2 168
