/home/physics/projects/AI_Assisted_SIDIS/scripts/numerics/s07_cache/s07_Hqg_v3_F1_Delta_1.cpp: In function ‘void Hqg_v3_F1_Delta_1(const double*, double*)’:
/home/physics/projects/AI_Assisted_SIDIS/scripts/numerics/s07_cache/s07_Hqg_v3_F1_Delta_1.cpp:69:21: error: too many arguments to function ‘Z ArcTan(Z)’
   69 |  const Z w164=ArcTan(Q2,0.0L);
      |               ~~~~~~^~~~~~~~~
/home/physics/projects/AI_Assisted_SIDIS/scripts/numerics/s07_cache/s07_Hqg_v3_F1_Delta_1.cpp:14:10: note: declared here
   14 | static Z ArcTan(Z a){return std::atan(a);}
      |          ^~~~~~
/home/physics/projects/AI_Assisted_SIDIS/scripts/numerics/s07_cache/s07_Hqg_v3_F1_Delta_1.cpp:75:21: error: too many arguments to function ‘Z ArcTan(Z)’
   75 |  const Z w209=ArcTan(w208,0.0L);
      |               ~~~~~~^~~~~~~~~~~
/home/physics/projects/AI_Assisted_SIDIS/scripts/numerics/s07_cache/s07_Hqg_v3_F1_Delta_1.cpp:14:10: note: declared here
   14 | static Z ArcTan(Z a){return std::atan(a);}
      |          ^~~~~~
/home/physics/projects/AI_Assisted_SIDIS/scripts/numerics/s07_cache/s07_Hqg_v3_F1_Delta_1.cpp:77:21: error: too many arguments to function ‘Z ArcTan(Z)’
   77 |  const Z w251=ArcTan(w12,0.0L);
      |               ~~~~~~^~~~~~~~~~
/home/physics/projects/AI_Assisted_SIDIS/scripts/numerics/s07_cache/s07_Hqg_v3_F1_Delta_1.cpp:14:10: note: declared here
   14 | static Z ArcTan(Z a){return std::atan(a);}
      |          ^~~~~~
/home/physics/projects/AI_Assisted_SIDIS/scripts/numerics/s07_cache/s07_Hqg_v3_F1_Delta_1.cpp:82:21: error: too many arguments to function ‘Z ArcTan(Z)’
   82 |  const Z w285=ArcTan(w284,0.0L);
      |               ~~~~~~^~~~~~~~~~~
/home/physics/projects/AI_Assisted_SIDIS/scripts/numerics/s07_cache/s07_Hqg_v3_F1_Delta_1.cpp:14:10: note: declared here
   14 | static Z ArcTan(Z a){return std::atan(a);}
      |          ^~~~~~
/home/physics/projects/AI_Assisted_SIDIS/scripts/numerics/s07_cache/s07_Hqg_v3_F1_Delta_1.cpp:86:21: error: too many arguments to function ‘Z ArcTan(Z)’
   86 |  const Z w331=ArcTan(w330,0.0L);
      |               ~~~~~~^~~~~~~~~~~
/home/physics/projects/AI_Assisted_SIDIS/scripts/numerics/s07_cache/s07_Hqg_v3_F1_Delta_1.cpp:14:10: note: declared here
   14 | static Z ArcTan(Z a){return std::atan(a);}
      |          ^~~~~~
/home/physics/projects/AI_Assisted_SIDIS/scripts/numerics/s07_cache/s07_Hqg_v3_F1_Delta_1.cpp:90:21: error: too many arguments to function ‘Z ArcTan(Z)’
   90 |  const Z w353=ArcTan(w352,0.0L);
      |               ~~~~~~^~~~~~~~~~~
/home/physics/projects/AI_Assisted_SIDIS/scripts/numerics/s07_cache/s07_Hqg_v3_F1_Delta_1.cpp:14:10: note: declared here
   14 | static Z ArcTan(Z a){return std::atan(a);}
      |          ^~~~~~
/home/physics/projects/AI_Assisted_SIDIS/scripts/numerics/s07_cache/s07_Hqg_v3_F1_Delta_1.cpp:94:21: error: too many arguments to function ‘Z ArcTan(Z)’
   94 |  const Z w377=ArcTan(w376,0.0L);
      |               ~~~~~~^~~~~~~~~~~
/home/physics/projects/AI_Assisted_SIDIS/scripts/numerics/s07_cache/s07_Hqg_v3_F1_Delta_1.cpp:14:10: note: declared here
   14 | static Z ArcTan(Z a){return std::atan(a);}
      |          ^~~~~~
/home/physics/projects/AI_Assisted_SIDIS/scripts/numerics/s07_cache/s07_Hqg_v3_F1_Delta_1.cpp:216:22: error: too many arguments to function ‘Z ArcTan(Z)’
  216 |  const Z w3587=ArcTan(s,0.0L);
      |                ~~~~~~^~~~~~~~
/home/physics/projects/AI_Assisted_SIDIS/scripts/numerics/s07_cache/s07_Hqg_v3_F1_Delta_1.cpp:14:10: note: declared here
   14 | static Z ArcTan(Z a){return std::atan(a);}
      |          ^~~~~~
