S07_TRANSLATE Hqg_v3_F1_LODelta_1
S07_CHECKED Hqg_v3_F1_LODelta_1 operations 89 passed True
S07_TRANSLATE Hqg_v3_F1_Delta_1
S07_CHECKED Hqg_v3_F1_Delta_1 operations 9532 passed True
S07_TRANSLATE Hqg_v3_F1_L0_1
S07_CHECKED Hqg_v3_F1_L0_1 operations 855 passed True
S07_TRANSLATE Hqg_v3_F1_L1_1
S07_CHECKED Hqg_v3_F1_L1_1 operations 92 passed True
S07_TRANSLATE Hqg_v3_F1_Regular_1
S07_CHECKED Hqg_v3_F1_Regular_1 operations 28908 passed True
S07_TRANSLATE Hqg_v3_F1_LODelta_m1
S07_CHECKED Hqg_v3_F1_LODelta_m1 operations 89 passed True
S07_TRANSLATE Hqg_v3_F1_Delta_m1
S07_CHECKED Hqg_v3_F1_Delta_m1 operations 9844 passed True
S07_TRANSLATE Hqg_v3_F1_L0_m1
S07_CHECKED Hqg_v3_F1_L0_m1 operations 944 passed True
S07_TRANSLATE Hqg_v3_F1_L1_m1
S07_CHECKED Hqg_v3_F1_L1_m1 operations 92 passed True
S07_TRANSLATE Hqg_v3_F1_Regular_m1
S07_CHECKED Hqg_v3_F1_Regular_m1 operations 28871 passed True
S07_TRANSLATE Hqg_v3_F2_LODelta_1
S07_CHECKED Hqg_v3_F2_LODelta_1 operations 100 passed True
S07_TRANSLATE Hqg_v3_F2_Delta_1
S07_CHECKED Hqg_v3_F2_Delta_1 operations 9738 passed True
S07_TRANSLATE Hqg_v3_F2_L0_1
S07_CHECKED Hqg_v3_F2_L0_1 operations 883 passed True
S07_TRANSLATE Hqg_v3_F2_L1_1
S07_CHECKED Hqg_v3_F2_L1_1 operations 102 passed True
S07_TRANSLATE Hqg_v3_F2_Regular_1
S07_CHECKED Hqg_v3_F2_Regular_1 operations 28966 passed True
S07_TRANSLATE Hqg_v3_F2_LODelta_m1
S07_CHECKED Hqg_v3_F2_LODelta_m1 operations 100 passed True
S07_TRANSLATE Hqg_v3_F2_Delta_m1
S07_CHECKED Hqg_v3_F2_Delta_m1 operations 10038 passed True
S07_TRANSLATE Hqg_v3_F2_L0_m1
S07_CHECKED Hqg_v3_F2_L0_m1 operations 969 passed True
S07_TRANSLATE Hqg_v3_F2_L1_m1
S07_CHECKED Hqg_v3_F2_L1_m1 operations 102 passed True
S07_TRANSLATE Hqg_v3_F2_Regular_m1
S07_CHECKED Hqg_v3_F2_Regular_m1 operations 28932 passed True
S07_TRANSLATE Hgg_F1Hat_Regular_1
S07_CHECKED Hgg_F1Hat_Regular_1 operations 38165 passed True
S07_TRANSLATE Hgg_F1Hat_Regular_m1
S07_CHECKED Hgg_F1Hat_Regular_m1 operations 38165 passed True
S07_TRANSLATE Hgg_F2Hat_Regular_1
S07_CHECKED Hgg_F2Hat_Regular_1 operations 38705 passed True
S07_TRANSLATE Hgg_F2Hat_Regular_m1
S07_CHECKED Hgg_F2Hat_Regular_m1 operations 38705 passed True
S07_TRANSLATE Hqqbar_F1Hat_Regular_1
S07_CHECKED Hqqbar_F1Hat_Regular_1 operations 19676 passed True
S07_TRANSLATE Hqqbar_F1Hat_Regular_m1
S07_CHECKED Hqqbar_F1Hat_Regular_m1 operations 19676 passed True
S07_TRANSLATE Hqqbar_F2Hat_Regular_1
S07_CHECKED Hqqbar_F2Hat_Regular_1 operations 19711 passed True
S07_TRANSLATE Hqqbar_F2Hat_Regular_m1
S07_CHECKED Hqqbar_F2Hat_Regular_m1 operations 19711 passed True
S07_TRANSLATE Hqqprime_F1Hat_IncomingChargeSquared_Regular_1
S07_CHECKED Hqqprime_F1Hat_IncomingChargeSquared_Regular_1 operations 5017 passed True
S07_TRANSLATE Hqqprime_F1Hat_IncomingChargeSquared_Regular_m1
S07_CHECKED Hqqprime_F1Hat_IncomingChargeSquared_Regular_m1 operations 5017 passed True
S07_TRANSLATE Hqqprime_F1Hat_PrimeChargeSquared_Regular_1
S07_CHECKED Hqqprime_F1Hat_PrimeChargeSquared_Regular_1 operations 7897 passed True
S07_TRANSLATE Hqqprime_F1Hat_PrimeChargeSquared_Regular_m1
S07_CHECKED Hqqprime_F1Hat_PrimeChargeSquared_Regular_m1 operations 7897 passed True
S07_TRANSLATE Hqqprime_F1Hat_MixedIncomingPrimeCharge_Regular_1
S07_CHECKED Hqqprime_F1Hat_MixedIncomingPrimeCharge_Regular_1 operations 23517 passed True
S07_TRANSLATE Hqqprime_F1Hat_MixedIncomingPrimeCharge_Regular_m1
S07_CHECKED Hqqprime_F1Hat_MixedIncomingPrimeCharge_Regular_m1 operations 23517 passed True
S07_TRANSLATE Hqqprime_F2Hat_IncomingChargeSquared_Regular_1
S07_CHECKED Hqqprime_F2Hat_IncomingChargeSquared_Regular_1 operations 5057 passed True
S07_TRANSLATE Hqqprime_F2Hat_IncomingChargeSquared_Regular_m1
S07_CHECKED Hqqprime_F2Hat_IncomingChargeSquared_Regular_m1 operations 5057 passed True
S07_TRANSLATE Hqqprime_F2Hat_PrimeChargeSquared_Regular_1
S07_CHECKED Hqqprime_F2Hat_PrimeChargeSquared_Regular_1 operations 7930 passed True
S07_TRANSLATE Hqqprime_F2Hat_PrimeChargeSquared_Regular_m1
S07_CHECKED Hqqprime_F2Hat_PrimeChargeSquared_Regular_m1 operations 7930 passed True
S07_TRANSLATE Hqqprime_F2Hat_MixedIncomingPrimeCharge_Regular_1
S07_CHECKED Hqqprime_F2Hat_MixedIncomingPrimeCharge_Regular_1 operations 23761 passed True
S07_TRANSLATE Hqqprime_F2Hat_MixedIncomingPrimeCharge_Regular_m1
S07_CHECKED Hqqprime_F2Hat_MixedIncomingPrimeCharge_Regular_m1 operations 23761 passed True
S07_PAIRED Hqg_v3_LODelta_1 operations 113
S07_PAIRED Hqg_v3_Delta_1 operations 15796
S07_PAIRED Hqg_v3_L0_1 operations 1255
S07_PAIRED Hqg_v3_L1_1 operations 116
S07_PAIRED Hqg_v3_Regular_1 operations 38917
S07_PAIRED Hqg_v3_LODelta_m1 operations 113
S07_PAIRED Hqg_v3_Delta_m1 operations 16305
S07_PAIRED Hqg_v3_L0_m1 operations 1365
S07_PAIRED Hqg_v3_L1_m1 operations 116
S07_PAIRED Hqg_v3_Regular_m1 operations 38879
S07_PAIRED Hgg_Regular_1 operations 62429
S07_PAIRED Hgg_Regular_m1 operations 62429
S07_PAIRED Hqqbar_Regular_1 operations 30382
S07_PAIRED Hqqbar_Regular_m1 operations 30382
S07_PAIRED Hqqprime_IncomingChargeSquared_Regular_1 operations 7006
S07_PAIRED Hqqprime_IncomingChargeSquared_Regular_m1 operations 7006
S07_PAIRED Hqqprime_PrimeChargeSquared_Regular_1 operations 10535
S07_PAIRED Hqqprime_PrimeChargeSquared_Regular_m1 operations 10535
S07_PAIRED Hqqprime_MixedIncomingPrimeCharge_Regular_1 operations 38368
S07_PAIRED Hqqprime_MixedIncomingPrimeCharge_Regular_m1 operations 38368
S07_SUCCESS Hqg_v3_Hgg_Hqqbar_Hqqprime 288
