/home/physics/projects/AI_Assisted_SIDIS/scripts/numerics/s07_cache/s07_Hqg_v3_F1_Delta_m1.cpp: In function ‘void Hqg_v3_F1_Delta_m1(const double*, double*)’:
/home/physics/projects/AI_Assisted_SIDIS/scripts/numerics/s07_cache/s07_Hqg_v3_F1_Delta_m1.cpp:73:21: error: too many arguments to function ‘Z ArcTan(Z)’
   73 |  const Z w168=ArcTan(Q2,0.0L);
      |               ~~~~~~^~~~~~~~~
/home/physics/projects/AI_Assisted_SIDIS/scripts/numerics/s07_cache/s07_Hqg_v3_F1_Delta_m1.cpp:14:10: note: declared here
   14 | static Z ArcTan(Z a){return std::atan(a);}
      |          ^~~~~~
/home/physics/projects/AI_Assisted_SIDIS/scripts/numerics/s07_cache/s07_Hqg_v3_F1_Delta_m1.cpp:79:21: error: too many arguments to function ‘Z ArcTan(Z)’
   79 |  const Z w213=ArcTan(w212,0.0L);
      |               ~~~~~~^~~~~~~~~~~
/home/physics/projects/AI_Assisted_SIDIS/scripts/numerics/s07_cache/s07_Hqg_v3_F1_Delta_m1.cpp:14:10: note: declared here
   14 | static Z ArcTan(Z a){return std::atan(a);}
      |          ^~~~~~
/home/physics/projects/AI_Assisted_SIDIS/scripts/numerics/s07_cache/s07_Hqg_v3_F1_Delta_m1.cpp:81:21: error: too many arguments to function ‘Z ArcTan(Z)’
   81 |  const Z w255=ArcTan(w32,0.0L);
      |               ~~~~~~^~~~~~~~~~
/home/physics/projects/AI_Assisted_SIDIS/scripts/numerics/s07_cache/s07_Hqg_v3_F1_Delta_m1.cpp:14:10: note: declared here
   14 | static Z ArcTan(Z a){return std::atan(a);}
      |          ^~~~~~
/home/physics/projects/AI_Assisted_SIDIS/scripts/numerics/s07_cache/s07_Hqg_v3_F1_Delta_m1.cpp:86:21: error: too many arguments to function ‘Z ArcTan(Z)’
   86 |  const Z w289=ArcTan(w288,0.0L);
      |               ~~~~~~^~~~~~~~~~~
/home/physics/projects/AI_Assisted_SIDIS/scripts/numerics/s07_cache/s07_Hqg_v3_F1_Delta_m1.cpp:14:10: note: declared here
   14 | static Z ArcTan(Z a){return std::atan(a);}
      |          ^~~~~~
/home/physics/projects/AI_Assisted_SIDIS/scripts/numerics/s07_cache/s07_Hqg_v3_F1_Delta_m1.cpp:90:21: error: too many arguments to function ‘Z ArcTan(Z)’
   90 |  const Z w335=ArcTan(w334,0.0L);
      |               ~~~~~~^~~~~~~~~~~
/home/physics/projects/AI_Assisted_SIDIS/scripts/numerics/s07_cache/s07_Hqg_v3_F1_Delta_m1.cpp:14:10: note: declared here
   14 | static Z ArcTan(Z a){return std::atan(a);}
      |          ^~~~~~
/home/physics/projects/AI_Assisted_SIDIS/scripts/numerics/s07_cache/s07_Hqg_v3_F1_Delta_m1.cpp:94:21: error: too many arguments to function ‘Z ArcTan(Z)’
   94 |  const Z w357=ArcTan(w356,0.0L);
      |               ~~~~~~^~~~~~~~~~~
/home/physics/projects/AI_Assisted_SIDIS/scripts/numerics/s07_cache/s07_Hqg_v3_F1_Delta_m1.cpp:14:10: note: declared here
   14 | static Z ArcTan(Z a){return std::atan(a);}
      |          ^~~~~~
/home/physics/projects/AI_Assisted_SIDIS/scripts/numerics/s07_cache/s07_Hqg_v3_F1_Delta_m1.cpp:98:21: error: too many arguments to function ‘Z ArcTan(Z)’
   98 |  const Z w381=ArcTan(w380,0.0L);
      |               ~~~~~~^~~~~~~~~~~
/home/physics/projects/AI_Assisted_SIDIS/scripts/numerics/s07_cache/s07_Hqg_v3_F1_Delta_m1.cpp:14:10: note: declared here
   14 | static Z ArcTan(Z a){return std::atan(a);}
      |          ^~~~~~
/home/physics/projects/AI_Assisted_SIDIS/scripts/numerics/s07_cache/s07_Hqg_v3_F1_Delta_m1.cpp:217:22: error: too many arguments to function ‘Z ArcTan(Z)’
  217 |  const Z w3588=ArcTan(s,0.0L);
      |                ~~~~~~^~~~~~~~
/home/physics/projects/AI_Assisted_SIDIS/scripts/numerics/s07_cache/s07_Hqg_v3_F1_Delta_m1.cpp:14:10: note: declared here
   14 | static Z ArcTan(Z a){return std::atan(a);}
      |          ^~~~~~
