MONITOR_START job=14693192 host=n7439 kernel_pid=266188
"From remote kernel:"
"\"REAL_ASSEMBLY \"\"Hqq\"\" \"\"RealQGG_Charge0__Ppp\"\" kernel \"2\n"
"From remote kernel:"
"\"REAL_ASSEMBLY \"\"Hqq\"\" \"\"RealQGG_Charge0__Pg\"\" kernel \"1\n"
"From remote kernel:"
"\"REAL_ASSEMBLY \"\"Hqq\"\" \"\"RealSame_Charge0__Pg\"\" kernel \"3\n"
"From remote kernel:"
"\"REAL_ASSEMBLY \"\"Hqq\"\" \"\"RealSame_Charge0__Ppp\"\" kernel \"4\n"
"From remote kernel:"
"\"REAL_ENDPOINT \"\"Hqq\"\" \"\"RealQGG_Charge0__Ppp\"\" branch \"1\n"
"From remote kernel:"
"\"REAL_ENDPOINT \"\"Hqq\"\" \"\"RealQGG_Charge0__Pg\"\" branch \"1\n"
"From remote kernel:"
"\"REAL_ENDPOINT \"\"Hqq\"\" \"\"RealSame_Charge0__Pg\"\" branch \"1\n"
MONITOR_HEARTBEAT elapsed=30s rss=1398.2MiB peak=1398.2MiB
"From remote kernel:"
"\"REAL_ENDPOINT \"\"Hqq\"\" \"\"RealSame_Charge0__Ppp\"\" branch \"1\n"
MONITOR_HEARTBEAT elapsed=61s rss=1602.3MiB peak=1617.7MiB
"From remote kernel:"
"\"REAL_ENDPOINT \"\"Hqq\"\" \"\"RealQGG_Charge0__Ppp\"\" branch \"-1\n"
"From remote kernel:"
"\"REAL_ENDPOINT \"\"Hqq\"\" \"\"RealQGG_Charge0__Pg\"\" branch \"-1\n"
MONITOR_HEARTBEAT elapsed=92s rss=1762.5MiB peak=1762.5MiB
"From remote kernel:"
"\"REAL_ASSEMBLY_ACCEPTED \"\"Hqq\"\" \"\"RealQGG_Charge0__Ppp\"\n"
"From remote kernel:"
"\"REAL_ASSEMBLY \"\"Hqq\"\" \"\"RealDistinct_Charge0__Pg\"\" kernel \"2\n"
"From remote kernel:"
"\"REAL_ENDPOINT \"\"Hqq\"\" \"\"RealDistinct_Charge0__Pg\"\" branch \"1\n"
"From remote kernel:"
"\"REAL_ENDPOINT \"\"Hqq\"\" \"\"RealDistinct_Charge0__Pg\"\" branch \"-1\n"
"From remote kernel:"
"\"REAL_ASSEMBLY_ACCEPTED \"\"Hqq\"\" \"\"RealDistinct_Charge0__Pg\"\n"
"From remote kernel:"
"\"REAL_ASSEMBLY \"\"Hqq\"\" \"\"RealDistinct_Charge1__Pg\"\" kernel \"2\n"
"From remote kernel:"
"\"REAL_ENDPOINT \"\"Hqq\"\" \"\"RealDistinct_Charge1__Pg\"\" branch \"1\n"
"From remote kernel:"
"\"REAL_ENDPOINT \"\"Hqq\"\" \"\"RealDistinct_Charge1__Pg\"\" branch \"-1\n"
"From remote kernel:"
"\"REAL_ASSEMBLY_ACCEPTED \"\"Hqq\"\" \"\"RealDistinct_Charge1__Pg\"\n"
"From remote kernel:"
"\"REAL_ASSEMBLY \"\"Hqq\"\" \"\"RealDistinct_Charge2__Pg\"\" kernel \"2\n"
"From remote kernel:"
"\"REAL_ENDPOINT \"\"Hqq\"\" \"\"RealDistinct_Charge2__Pg\"\" branch \"1\n"
"From remote kernel:"
"\"REAL_ENDPOINT \"\"Hqq\"\" \"\"RealDistinct_Charge2__Pg\"\" branch \"-1\n"
"From remote kernel:"
"\"REAL_ASSEMBLY_ACCEPTED \"\"Hqq\"\" \"\"RealDistinct_Charge2__Pg\"\n"
"From remote kernel:"
"\"REAL_ASSEMBLY \"\"Hqq\"\" \"\"RealDistinct_Charge0__Ppp\"\" kernel \"2\n"
"From remote kernel:"
"\"REAL_ENDPOINT \"\"Hqq\"\" \"\"RealDistinct_Charge0__Ppp\"\" branch \"1\n"
"From remote kernel:"
"\"REAL_ENDPOINT \"\"Hqq\"\" \"\"RealDistinct_Charge0__Ppp\"\" branch \"-1\n"
"From remote kernel:"
"\"REAL_ASSEMBLY_ACCEPTED \"\"Hqq\"\" \"\"RealDistinct_Charge0__Ppp\"\n"
"From remote kernel:"
"\"REAL_ASSEMBLY \"\"Hqq\"\" \"\"RealDistinct_Charge1__Ppp\"\" kernel \"2\n"
"From remote kernel:"
"\"REAL_ASSEMBLY_ACCEPTED \"\"Hqq\"\" \"\"RealQGG_Charge0__Pg\"\n"
"From remote kernel:"
"\"REAL_ENDPOINT \"\"Hqq\"\" \"\"RealDistinct_Charge1__Ppp\"\" branch \"1\n"
"From remote kernel:"
"\"REAL_ENDPOINT \"\"Hqq\"\" \"\"RealDistinct_Charge1__Ppp\"\" branch \"-1\n"
"From remote kernel:"
"\"REAL_ASSEMBLY_ACCEPTED \"\"Hqq\"\" \"\"RealDistinct_Charge1__Ppp\"\n"
"From remote kernel:"
"\"REAL_ASSEMBLY \"\"Hqq\"\" \"\"RealDistinct_Charge2__Ppp\"\" kernel \"1\n"
"From remote kernel:"
"\"REAL_ENDPOINT \"\"Hqq\"\" \"\"RealDistinct_Charge2__Ppp\"\" branch \"1\n"
"From remote kernel:"
"\"REAL_ENDPOINT \"\"Hqq\"\" \"\"RealDistinct_Charge2__Ppp\"\" branch \"-1\n"
"From remote kernel:"
"\"REAL_ASSEMBLY_ACCEPTED \"\"Hqq\"\" \"\"RealDistinct_Charge2__Ppp\"\n"
MONITOR_HEARTBEAT elapsed=122s rss=1726.0MiB peak=1791.9MiB
"From remote kernel:"
"\"REAL_ENDPOINT \"\"Hqq\"\" \"\"RealSame_Charge0__Pg\"\" branch \"-1\n"
MONITOR_HEARTBEAT elapsed=153s rss=1730.3MiB peak=1791.9MiB
"From remote kernel:"
"\"REAL_ENDPOINT \"\"Hqq\"\" \"\"RealSame_Charge0__Ppp\"\" branch \"-1\n"
MONITOR_HEARTBEAT elapsed=183s rss=1736.7MiB peak=1791.9MiB
MONITOR_HEARTBEAT elapsed=214s rss=1737.2MiB peak=1791.9MiB
MONITOR_HEARTBEAT elapsed=244s rss=1738.3MiB peak=1791.9MiB
"From remote kernel:"
"\"REAL_ASSEMBLY_ACCEPTED \"\"Hqq\"\" \"\"RealSame_Charge0__Pg\"\n"
"From remote kernel:"
"\"REAL_ASSEMBLY_ACCEPTED \"\"Hqq\"\" \"\"RealSame_Charge0__Ppp\"\n"
"From remote kernel:"
"\"REAL_ASSEMBLY \"\"Hqg\"\" \"\"Pg\"\" kernel \"1\n"
"From remote kernel:"
"\"REAL_ASSEMBLY \"\"Hqg\"\" \"\"Ppp\"\" kernel \"2\n"
MONITOR_HEARTBEAT elapsed=275s rss=1801.2MiB peak=1801.4MiB
"From remote kernel:"
"\"REAL_ENDPOINT \"\"Hqg\"\" \"\"Pg\"\" branch \"1\n"
"From remote kernel:"
"\"REAL_ENDPOINT \"\"Hqg\"\" \"\"Ppp\"\" branch \"1\n"
MONITOR_HEARTBEAT elapsed=305s rss=1806.0MiB peak=1806.0MiB
MONITOR_HEARTBEAT elapsed=336s rss=1810.3MiB peak=1810.6MiB
MONITOR_HEARTBEAT elapsed=366s rss=1813.9MiB peak=1813.9MiB
"From remote kernel:"
"\"REAL_ENDPOINT \"\"Hqg\"\" \"\"Pg\"\" branch \"-1\n"
"From remote kernel:"
"\"REAL_ENDPOINT \"\"Hqg\"\" \"\"Ppp\"\" branch \"-1\n"
MONITOR_HEARTBEAT elapsed=397s rss=1818.8MiB peak=1818.8MiB
MONITOR_HEARTBEAT elapsed=427s rss=1819.8MiB peak=1819.8MiB
MONITOR_HEARTBEAT elapsed=458s rss=1820.7MiB peak=1822.0MiB
"From remote kernel:"
"\"REAL_ASSEMBLY_ACCEPTED \"\"Hqg\"\" \"\"Pg\"\n"
MONITOR_HEARTBEAT elapsed=488s rss=1819.4MiB peak=1822.0MiB
"From remote kernel:"
"\"REAL_ASSEMBLY_ACCEPTED \"\"Hqg\"\" \"\"Ppp\"\n"
"From remote kernel:"
"\"REAL_ASSEMBLY \"\"Hgq\"\" \"\"Pg\"\" kernel \"1\n"
"From remote kernel:"
"\"REAL_ASSEMBLY \"\"Hgq\"\" \"\"Ppp\"\" kernel \"2\n"
"From remote kernel:"
"\"REAL_ENDPOINT \"\"Hgq\"\" \"\"Pg\"\" branch \"1\n"
"From remote kernel:"
"\"REAL_ENDPOINT \"\"Hgq\"\" \"\"Pg\"\" branch \"-1\n"
"From remote kernel:"
"\"REAL_ASSEMBLY_ACCEPTED \"\"Hgq\"\" \"\"Pg\"\n"
"From remote kernel:"
"\"REAL_ENDPOINT \"\"Hgq\"\" \"\"Ppp\"\" branch \"1\n"
"From remote kernel:"
"\"REAL_ENDPOINT \"\"Hgq\"\" \"\"Ppp\"\" branch \"-1\n"
"From remote kernel:"
"\"REAL_ASSEMBLY_ACCEPTED \"\"Hgq\"\" \"\"Ppp\"\n"
"From remote kernel:"
"\"REAL_ASSEMBLY \"\"Hgg\"\" \"\"g\"\" kernel \"1\n"
"From remote kernel:"
"\"REAL_ASSEMBLY \"\"Hgg\"\" \"\"pp\"\" kernel \"2\n"
"From remote kernel:"
"\"REAL_ENDPOINT \"\"Hgg\"\" \"\"g\"\" branch \"1\n"
"From remote kernel:"
"\"REAL_ENDPOINT \"\"Hgg\"\" \"\"g\"\" branch \"-1\n"
"From remote kernel:"
"\"REAL_ASSEMBLY_ACCEPTED \"\"Hgg\"\" \"\"g\"\n"
MONITOR_HEARTBEAT elapsed=519s rss=1899.8MiB peak=1899.8MiB
"From remote kernel:"
"\"REAL_ENDPOINT \"\"Hgg\"\" \"\"pp\"\" branch \"1\n"
"From remote kernel:"
"\"REAL_ENDPOINT \"\"Hgg\"\" \"\"pp\"\" branch \"-1\n"
"From remote kernel:"
"\"REAL_ASSEMBLY_ACCEPTED \"\"Hgg\"\" \"\"pp\"\n"
"From remote kernel:"
"\"REAL_ASSEMBLY \"\"Hqqbar\"\" \"\"g\"\" kernel \"1\n"
"From remote kernel:"
"\"REAL_ASSEMBLY \"\"Hqqbar\"\" \"\"pp\"\" kernel \"2\n"
"From remote kernel:"
"\"REAL_ENDPOINT \"\"Hqqbar\"\" \"\"pp\"\" branch \"1\n"
"From remote kernel:"
"\"REAL_ENDPOINT \"\"Hqqbar\"\" \"\"pp\"\" branch \"-1\n"
"From remote kernel:"
"\"REAL_ASSEMBLY_ACCEPTED \"\"Hqqbar\"\" \"\"pp\"\n"
"From remote kernel:"
"\"REAL_ENDPOINT \"\"Hqqbar\"\" \"\"g\"\" branch \"1\n"
"From remote kernel:"
"\"REAL_ENDPOINT \"\"Hqqbar\"\" \"\"g\"\" branch \"-1\n"
"From remote kernel:"
"\"REAL_ASSEMBLY_ACCEPTED \"\"Hqqbar\"\" \"\"g\"\n"
"From remote kernel:"
"\"REAL_ASSEMBLY \"\"Hqqprime\"\" \"\"g\"\" kernel \"1\n"
"From remote kernel:"
"\"REAL_ASSEMBLY \"\"Hqqprime\"\" \"\"pp\"\" kernel \"2\n"
"From remote kernel:"
"\"REAL_ENDPOINT \"\"Hqqprime\"\" \"\"pp\"\" branch \"1\n"
"From remote kernel:"
"\"REAL_ENDPOINT \"\"Hqqprime\"\" \"\"pp\"\" branch \"-1\n"
"From remote kernel:"
"\"REAL_ENDPOINT \"\"Hqqprime\"\" \"\"g\"\" branch \"1\n"
"From remote kernel:"
"\"REAL_ASSEMBLY_ACCEPTED \"\"Hqqprime\"\" \"\"pp\"\n"
"From remote kernel:"
"\"REAL_ENDPOINT \"\"Hqqprime\"\" \"\"g\"\" branch \"-1\n"
"From remote kernel:"
"\"REAL_ASSEMBLY_ACCEPTED \"\"Hqqprime\"\" \"\"g\"\n"
"S17_SUCCESS: new cut-measure real distributions assembled for all six channels."
MONITOR_WAKE {"stage": "s17", "source": "s17_assemble_real.wl", "source_sha256": "64384610fabf610f54fad5b3d66409cd197fbe970b0ab7a062e3f6591fc22290", "job_id": "14693192", "host": "n7439", "exit_code": 0, "success_marker": true, "accepted_execution": true, "guard": null, "peak_rss_bytes": 1992105984, "elapsed_seconds": 547.4222702048719, "completed_utc": "2026-09-07T12:54:05.830740+00:00"}
