make: Entering directory '/home/physics/projects/AI_Assisted_SIDIS/scripts/Hqq_v2/madgraph_check/generated_process/SubProcesses'
make -C "/home/physics/projects/AI_Assisted_SIDIS/scripts/Hqq_v2/madgraph_check/generated_process/SubProcesses//../lib//../Source/DHELAS" shared
make[1]: Entering directory '/home/physics/projects/AI_Assisted_SIDIS/scripts/Hqq_v2/madgraph_check/generated_process/Source/DHELAS'
gfortran -shared -o ../../lib/libdhelas.so aloha_functions.o FFV1P0_3.o FFV1_0.o FFV1_1.o FFV1_2.o VVV1P0_1.o -lstdc++ 
make[1]: Leaving directory '/home/physics/projects/AI_Assisted_SIDIS/scripts/Hqq_v2/madgraph_check/generated_process/Source/DHELAS'
make -C "/home/physics/projects/AI_Assisted_SIDIS/scripts/Hqq_v2/madgraph_check/generated_process/SubProcesses//../lib//../Source/MODEL" shared
make[1]: Entering directory '/home/physics/projects/AI_Assisted_SIDIS/scripts/Hqq_v2/madgraph_check/generated_process/Source/MODEL'
gfortran -shared -o ../../lib/libmodel.so couplings.o lha_read.o printout.o rw_para.o model_functions.o alfas_functions.o couplings1.o couplings2.o couplings3.o -lstdc++ 
make[1]: Leaving directory '/home/physics/projects/AI_Assisted_SIDIS/scripts/Hqq_v2/madgraph_check/generated_process/Source/MODEL'
gfortran -w -fPIC  -ffixed-line-length-132  -c -o all_matrix.o all_matrix.f
make -C P1_emu_emugg_no_zh matrix.o
make[1]: Entering directory '/home/physics/projects/AI_Assisted_SIDIS/scripts/Hqq_v2/madgraph_check/generated_process/SubProcesses/P1_emu_emugg_no_zh'
gfortran -w -fPIC  -ffixed-line-length-132  -c -o matrix.o matrix.f
make[1]: Leaving directory '/home/physics/projects/AI_Assisted_SIDIS/scripts/Hqq_v2/madgraph_check/generated_process/SubProcesses/P1_emu_emugg_no_zh'
make -C P2_emu_emuuux_no_zh matrix.o
make[1]: Entering directory '/home/physics/projects/AI_Assisted_SIDIS/scripts/Hqq_v2/madgraph_check/generated_process/SubProcesses/P2_emu_emuuux_no_zh'
gfortran -w -fPIC  -ffixed-line-length-132  -c -o matrix.o matrix.f
make[1]: Leaving directory '/home/physics/projects/AI_Assisted_SIDIS/scripts/Hqq_v2/madgraph_check/generated_process/SubProcesses/P2_emu_emuuux_no_zh'
make -C P3_emu_emuddx_no_zh matrix.o
make[1]: Entering directory '/home/physics/projects/AI_Assisted_SIDIS/scripts/Hqq_v2/madgraph_check/generated_process/SubProcesses/P3_emu_emuddx_no_zh'
gfortran -w -fPIC  -ffixed-line-length-132  -c -o matrix.o matrix.f
make[1]: Leaving directory '/home/physics/projects/AI_Assisted_SIDIS/scripts/Hqq_v2/madgraph_check/generated_process/SubProcesses/P3_emu_emuddx_no_zh'
gfortran -shared -fPIC -Wl,-soname,liball_2me.so -o liball_2me.so all_matrix.o */matrix.o ../Source/DHELAS/*.o ../Source/MODEL/*.o
make: Leaving directory '/home/physics/projects/AI_Assisted_SIDIS/scripts/Hqq_v2/madgraph_check/generated_process/SubProcesses'
