
file::shdw: Symbol file appears in multiple contexts {FeynCalc`, Global`}; definitions in context FeynCalc` may shadow or be shadowed by other definitions.
"PASS: ""compute allocation"
"PASS: ""isolated runtime"
"PASS: ""complete source syntax"
"PASS: ""known assembly channel"
"PASS: ""pinned original final assembly"
"PASS: ""required input common/s02_result/s02_result.wl"
"PASS: ""required input common/s06_result/s06_result.wl"
"PASS: ""accepted spin basis and scalar library"
"PASS: ""s02 pinned library geometry"
"PASS: ""s08 pinned library geometry"
"PASS: ""required input Hgq/s12_result/s12_result.wl"
"PASS: ""required input Hgq/s05_result/s05_result.wl"
"PASS: ""required input Hgq/s11_result/s11_result.wl"
"PASS: ""accepted integrated real tensor"
"PASS: ""accepted real tensor and subtraction"
"PASS: ""same physical spin and photon bases"
"PASS: ""matching explicit regulator scheme"
"PASS: ""pinned Hgq/s14_result/reference/phase_input.json"
"PASS: ""pinned Hgq/s01_result/reference/s01_result/s01_inputs/s02_result.wl"
"PASS: ""pinned Hgq/s14_result/reference/unpolarized_F1_hat.wl"
"PASS: ""pinned Hgq/s14_result/reference/unpolarized_F2_hat.wl"
"PASS: ""reference hat symbols match inherited conventions"
"PASS: ""original projectors fully resolved"
"PASS: ""linear original scalar projectors"
"PASS: ""incoming vector reconstructed in photon frame"
"PASS: ""original hat weights are independent of recoil and branch"
"PASS: ""required input Hgq/s13_result/s13_result.wl"
"PASS: ""required input Hgq/s03_result/s03_result.wl"
"PASS: ""accepted renormalized virtual and Born tensors"
"PASS: ""core counterterm normalization"
"PASS: ""pinned Hgq/s14_result/reference/unpolarized_definitions.wl"
"PASS: ""original core phase normalization"
"PASS: ""no mixed color symbol contexts"
"PASS: ""unique integrated physical components"
"PASS: ""accepted reference phase implementation"
"PASS: ""accepted own pole-refinement execution"
"PASS: ""accepted saved and original input-sum poles"
"PASS: ""own exact pole-refinement inputs"
"PASS: ""reviewed pole-refinement source"
"PASS: ""unchanged exact branch conditions"
"PASS: ""unchanged original finite extraction and zero predicate"
"PASS: ""accepted own complete root-normalization controls"
"PASS: ""exact certified root normalization installed"
"PASS: ""exact original assembly fallback restored"
"PASS: ""exact executed factor-certificate definitions installed"
"PASS: ""one original finite pole predicate"
"PASS: ""exact reconstruction of original finite extraction"
"PASS: ""original finite calls available for checkpoint deferral"
"PASS: ""integer finite Laurent support"
"PASS: ""complete Laurent polynomial"
"PASS: ""regulator-independent Laurent coefficients"
"PASS: ""exact Laurent polynomial reconstruction"
"PASS: ""phase kernel has no truncated input series"
"PASS: ""reference phase product evaluated"
"PASS: ""own phase Laurent monomial equals original series {-2, 0}"
"PASS: ""own phase Laurent monomial equals original series {-1, 0}"
"PASS: ""own phase Laurent monomial equals original series {0, 0}"
"PASS: ""real endpoint branches share a boundary"
"PASS: ""finite physical component"
"PASS: ""accepted complete own checkpoint control"
"PASS: ""exact original assembler restoration"
"PASS: ""real endpoint branches share a boundary"
"PASS: ""finite physical component"
"PASS: ""deferred inputs preserve complete own accepted component"
"FINITE_CHECKPOINT_COMPARISON "InputForm[<|"Index" -> {1, 1, 1}, "OriginalSeconds" -> 11.821622, "DeferredSeconds" -> 1.77935, "ExactCompleteComponentComparison" -> True|>]
"PASS: ""unique original phase assembly execution"
"PASS: ""retained phase adapter syntax"
"PASS: ""unique original finite export"
"PASS: ""original finite assembly tail syntax"
"PASS: ""unique original reference-comparison boundaries"
"PASS: ""two original final-reference zero calls"
"PASS: ""exact original comparison restoration"
"PASS: ""bound own accepted reference-reduction control"
"PASS: ""own reference-reduction control schema"
"REFERENCE_PRECOLLECT_BEGIN "InputForm[{"own accepted finite control", {{1, 1, 1}, 1, "Regular"}}]" bytes "14372016" functions "15
"PASS: ""exact reference regrouping {\"own accepted finite control\", {{1, 1, 1}, 1, \"Regular\"}}"
"REFERENCE_PRECOLLECT "InputForm[{"own accepted finite control", {{1, 1, 1}, 1, "Regular"}}]" "InputForm[<|"InputBytes" -> 14372016, "PreparedBytes" -> 463776, "Seconds" -> 3.713058, "Functions" -> {Log[mu], Log[2*Pi], Log[4*Pi], Log[Pi], Log[Q], Log[Q^2/(omega + Q^2)], Log[Pi*(omega + Q^2)], Log[-((omega + Q^2)/(omega*s - s^2))], Log[(1 - Sqrt[1 - (4*Q^2*(omega + Q^2 - s23))/(omega + 2*Q^2)^2])/(1 + Sqrt[1 - (4*Q^2*(omega + Q^2 - s23))/(omega + 2*Q^2)^2])], Log[s23], Log[((s - s23)*(-omega + s + s23))/((omega + Q^2 - s23)*s23)], Log[-(((s - s23)*(-omega + s + s23))/((omega - s)*s + Q^2*s23))], Log[((omega + 2*Q^2)^2*(omega - s - s23)^2*(1 - Sqrt[((omega - s)^2 + 2*(omega - s)*s + s^2 + 4*Q^2*s23)/(omega + 2*Q^2)^2])*(1 + Sqrt[((omega - s)^2 + 2*(omega - s)*s + s^2 + 4*Q^2*s23)/(omega + 2*Q^2)^2]))/(4*(omega - s)^2*(omega + Q^2 - s23)^2)], Log[((omega + 2*Q^2)^2*(s - s23)^2*(1 - Sqrt[((omega - s)^2 + 2*(omega - s)*s + s^2 + 4*Q^2*s23)/(omega + 2*Q^2)^2])*(1 + Sqrt[((omega - s)^2 + 2*(omega - s)*s + s^2 + 4*Q^2*s23)/(omega + 2*Q^2)^2]))/(4*s^2*(omega + Q^2 - s23)^2)], Log[((omega + 2*Q^2)^2*(omega - s - s23)^2*(1 - Sqrt[((omega - s)^2 + 2*(omega - s)*s + s^2 + 4*Q^2*s23)/(omega + 2*Q^2)^2])*(1 + Sqrt[((omega - s)^2 + 2*(omega - s)*s + s^2 + 4*Q^2*s23)/(omega + 2*Q^2)^2]))/(4*(Q^2*(omega - s) - 2*Q^2*s23 - s*s23)^2)]}, "ExactReconstruction" -> True|>]
"PASS: ""own accepted finite output preserved by precollection"
"PASS: ""unique phase-adapted final export"
"PASS: ""complete refined finite assembly syntax"
"PASS: ""own finite-update channel"
"PASS: ""real endpoint branches share a boundary"
"PASS: ""finite physical component"
"PASS: ""own accepted assembly control retained"
"PASS: ""accepted finite MS subtraction execution"
"PASS: ""complete native subtraction comparison"
"PASS: ""same physical subtraction basis"
"PASS: ""actual full-spin counterterm difference is finite"
"PASS: ""exact subtraction difference from native comparison"
"PASS: ""required own accepted finite checkpoint"
"PASS: ""bound own finite checkpoint"
"PASS: ""finite updated physical component"
"PASS: ""own accepted complete output comparison"
"PASS: ""a changed physical component is available"
"DIRECT_FINITE_UPDATE_CONTROL "InputForm[{1, 1, 1}]
"PASS: ""integer finite Laurent support"
"PASS: ""complete Laurent polynomial"
"PASS: ""regulator-independent Laurent coefficients"
"PASS: ""exact Laurent polynomial reconstruction"
"PASS: ""phase kernel has no truncated input series"
"PASS: ""reference phase product evaluated"
"POLE_ASSEMBLY "{{1, 1, 1}, 1, "Delta"}
"PASS: ""finite symbolic input parts"
"PASS: ""evaluated Laurent polynomial"
"PASS: ""root variables real 33821197011331868352684439061334197786747950783442501908063519313632833395241"
"PASS: ""root normalization domain nonempty 33821197011331868352684439061334197786747950783442501908063519313632833395241"
"PASS: ""every applied root replacement certified 33821197011331868352684439061334197786747950783442501908063519313632833395241"
"ROOT_NORMALIZATION "InputForm[<|"InputBytes" -> 5864, "NormalizedBytes" -> 16, "Powers" -> 0, "CertifiedRules" -> 0, "Seconds" -> 0.001336, "ExactZero" -> True|>]
"PASS: ""{{1, 1, 1}, 1, \"Delta\"} pole -2"
"PASS: ""{{1, 1, 1}, 1, \"Delta\"} pole -1"
"PASS: ""finite evaluated tensor"
"POLE_ASSEMBLY "{{1, 1, 1}, 1, "L0"}
"PASS: ""{{1, 1, 1}, 1, \"L0\"} pole -1"
"POLE_ASSEMBLY "{{1, 1, 1}, 1, "L1"}
"POLE_ASSEMBLY "{{1, 1, 1}, 1, "Regular"}
"PASS: ""root variables real 7962001636826314110197687572717293140604618683113281888651538151853871690438"
"PASS: ""root normalization domain nonempty 7962001636826314110197687572717293140604618683113281888651538151853871690438"
"PASS: ""every applied root replacement certified 7962001636826314110197687572717293140604618683113281888651538151853871690438"
"ROOT_NORMALIZATION "InputForm[<|"InputBytes" -> 1951912, "NormalizedBytes" -> 16, "Powers" -> 0, "CertifiedRules" -> 0, "Seconds" -> 0.341139, "ExactZero" -> True|>]
"PASS: ""{{1, 1, 1}, 1, \"Regular\"} pole -1"
"POLE_ASSEMBLY "{{1, 1, 1}, -1, "Delta"}
"PASS: ""root variables real 100888372361836188185874815288568401414256023056139713829407694758495678633142"
"PASS: ""root normalization domain nonempty 100888372361836188185874815288568401414256023056139713829407694758495678633142"
"PASS: ""every applied root replacement certified 100888372361836188185874815288568401414256023056139713829407694758495678633142"
"ROOT_NORMALIZATION "InputForm[<|"InputBytes" -> 6296, "NormalizedBytes" -> 16, "Powers" -> 0, "CertifiedRules" -> 0, "Seconds" -> 0.00138, "ExactZero" -> True|>]
"PASS: ""{{1, 1, 1}, -1, \"Delta\"} pole -2"
"PASS: ""{{1, 1, 1}, -1, \"Delta\"} pole -1"
"POLE_ASSEMBLY "{{1, 1, 1}, -1, "L0"}
"PASS: ""{{1, 1, 1}, -1, \"L0\"} pole -1"
"POLE_ASSEMBLY "{{1, 1, 1}, -1, "L1"}
"POLE_ASSEMBLY "{{1, 1, 1}, -1, "Regular"}
"PASS: ""root variables real 7137570017798374504127850215924125009351676602362970474574170390261879531470"
"PASS: ""root normalization domain nonempty 7137570017798374504127850215924125009351676602362970474574170390261879531470"
"PASS: ""every applied root replacement certified 7137570017798374504127850215924125009351676602362970474574170390261879531470"
"ROOT_NORMALIZATION "InputForm[<|"InputBytes" -> 2124280, "NormalizedBytes" -> 16, "Powers" -> 0, "CertifiedRules" -> 0, "Seconds" -> 0.298117, "ExactZero" -> True|>]
"PASS: ""{{1, 1, 1}, -1, \"Regular\"} pole -1"
"PASS: ""real endpoint branches share a boundary"
"POLE_ASSEMBLY "{{1, 1, 1}, 0, "Delta"}
"PASS: ""root variables real 104848802908369205212133595238979106898402845819758050214243131790489465059078"
"PASS: ""root normalization domain nonempty 104848802908369205212133595238979106898402845819758050214243131790489465059078"
"PASS: ""every applied root replacement certified 104848802908369205212133595238979106898402845819758050214243131790489465059078"
"ROOT_NORMALIZATION "InputForm[<|"InputBytes" -> 4256, "NormalizedBytes" -> 16, "Powers" -> 0, "CertifiedRules" -> 0, "Seconds" -> 0.00104, "ExactZero" -> True|>]
"PASS: ""{{1, 1, 1}, 0, \"Delta\"} pole -2"
"PASS: ""{{1, 1, 1}, 0, \"Delta\"} pole -1"
"POLE_ASSEMBLY "{{1, 1, 1}, 0, "L0"}
"PASS: ""{{1, 1, 1}, 0, \"L0\"} pole -1"
"POLE_ASSEMBLY "{{1, 1, 1}, 0, "L1"}
"POLE_ASSEMBLY "{{1, 1, 1}, 0, "Regular"}
"PASS: ""root variables real 66639460631848350196118502464226091452327068136923255713220772646877540605746"
"PASS: ""root normalization domain nonempty 66639460631848350196118502464226091452327068136923255713220772646877540605746"
"PASS: ""every applied root replacement certified 66639460631848350196118502464226091452327068136923255713220772646877540605746"
"ROOT_NORMALIZATION "InputForm[<|"InputBytes" -> 164000, "NormalizedBytes" -> 16, "Powers" -> 0, "CertifiedRules" -> 0, "Seconds" -> 0.048908, "ExactZero" -> True|>]
"PASS: ""{{1, 1, 1}, 0, \"Regular\"} pole -1"
"PASS: ""finite physical component"
"PASS: ""direct updated assembly control accepted"
"PASS: ""required own accepted finite checkpoint"
"PASS: ""bound own finite checkpoint"
"PASS: ""finite updated physical component"
"PASS: ""updated complete component equals direct assembly"
"FINITE_UPDATE_COMPARISON "InputForm[<|"Index" -> {1, 1, 1}, "DirectSeconds" -> 21.097776, "ReuseSeconds" -> 1.385211, "OwnAcceptedOutputComparison" -> True, "DirectUpdatedComponentComparison" -> True, "FiniteCountertermDifference" -> True|>]
"PASS: ""unique original final finite export"
"PASS: ""complete updated finite assembly syntax"
"PASS: ""required own accepted finite checkpoint"
"PASS: ""bound own finite checkpoint"
"PASS: ""finite updated physical component"
"PASS: ""required own accepted finite checkpoint"
"PASS: ""bound own finite checkpoint"
"PASS: ""finite updated physical component"
"PASS: ""required own accepted finite checkpoint"
"PASS: ""bound own finite checkpoint"
"PASS: ""finite updated physical component"
"PASS: ""required own accepted finite checkpoint"
"PASS: ""bound own finite checkpoint"
"PASS: ""finite updated physical component"
"PASS: ""required own accepted finite checkpoint"
"PASS: ""bound own finite checkpoint"
"PASS: ""finite updated physical component"
"PASS: ""required own accepted finite checkpoint"
"PASS: ""bound own finite checkpoint"
"PASS: ""finite updated physical component"
"PASS: ""required own accepted finite checkpoint"
"PASS: ""bound own finite checkpoint"
"PASS: ""finite updated physical component"
"PASS: ""required own accepted finite checkpoint"
"PASS: ""bound own finite checkpoint"
"PASS: ""finite updated physical component"
"PASS: ""required own accepted finite checkpoint"
"PASS: ""bound own finite checkpoint"
"PASS: ""finite updated physical component"
"PASS: ""required own accepted finite checkpoint"
"PASS: ""bound own finite checkpoint"
"PASS: ""finite updated physical component"
"PASS: ""required own accepted finite checkpoint"
"PASS: ""bound own finite checkpoint"
"PASS: ""finite updated physical component"
"PASS: ""required own accepted finite checkpoint"
"PASS: ""bound own finite checkpoint"
"PASS: ""finite updated physical component"
"PASS: ""required own accepted finite checkpoint"
"PASS: ""bound own finite checkpoint"
"PASS: ""finite updated physical component"
"PASS: ""required own accepted finite checkpoint"
"PASS: ""bound own finite checkpoint"
"PASS: ""finite updated physical component"
"PASS: ""required own accepted finite checkpoint"
"PASS: ""bound own finite checkpoint"
"PASS: ""finite updated physical component"
"PASS: ""required own accepted finite checkpoint"
"PASS: ""bound own finite checkpoint"
"PASS: ""finite updated physical component"
"PASS: ""required own accepted finite checkpoint"
"PASS: ""bound own finite checkpoint"
"PASS: ""finite updated physical component"
"PASS: ""required own accepted finite checkpoint"
"PASS: ""bound own finite checkpoint"
"PASS: ""finite updated physical component"
"PASS: ""required own accepted finite checkpoint"
"PASS: ""bound own finite checkpoint"
"PASS: ""finite updated physical component"
"PASS: ""required own accepted finite checkpoint"
"PASS: ""bound own finite checkpoint"
"PASS: ""finite updated physical component"
"PASS: ""required own accepted finite checkpoint"
"PASS: ""bound own finite checkpoint"
"PASS: ""finite updated physical component"
"PASS: ""required own accepted finite checkpoint"
"PASS: ""bound own finite checkpoint"
"PASS: ""finite updated physical component"
"PASS: ""required own accepted finite checkpoint"
"PASS: ""bound own finite checkpoint"
"PASS: ""finite updated physical component"
"PASS: ""required own accepted finite checkpoint"
"PASS: ""bound own finite checkpoint"
"PASS: ""finite updated physical component"
"PASS: ""required own accepted finite checkpoint"
"PASS: ""bound own finite checkpoint"
"PASS: ""finite updated physical component"
"PASS: ""required own accepted finite checkpoint"
"PASS: ""bound own finite checkpoint"
"PASS: ""finite updated physical component"
"PASS: ""required own accepted finite checkpoint"
"PASS: ""bound own finite checkpoint"
"PASS: ""finite updated physical component"
"PASS: ""required own accepted finite checkpoint"
"PASS: ""bound own finite checkpoint"
"PASS: ""finite updated physical component"
"PASS: ""required own accepted finite checkpoint"
"PASS: ""bound own finite checkpoint"
"PASS: ""finite updated physical component"
"PASS: ""required own accepted finite checkpoint"
"PASS: ""bound own finite checkpoint"
"PASS: ""finite updated physical component"
"PASS: ""required own accepted finite checkpoint"
"PASS: ""bound own finite checkpoint"
"PASS: ""finite updated physical component"
"PASS: ""required own accepted finite checkpoint"
"PASS: ""bound own finite checkpoint"
"PASS: ""finite updated physical component"
"PASS: ""required own accepted finite checkpoint"
"PASS: ""bound own finite checkpoint"
"PASS: ""finite updated physical component"
"PASS: ""required own accepted finite checkpoint"
"PASS: ""bound own finite checkpoint"
"PASS: ""finite updated physical component"
"PASS: ""required own accepted finite checkpoint"
"PASS: ""bound own finite checkpoint"
"PASS: ""finite updated physical component"
"PASS: ""required own accepted finite checkpoint"
"PASS: ""bound own finite checkpoint"
"PASS: ""finite updated physical component"
"PASS: ""required own accepted finite checkpoint"
"PASS: ""bound own finite checkpoint"
"PASS: ""finite updated physical component"
"PASS: ""required own accepted finite checkpoint"
"PASS: ""bound own finite checkpoint"
"PASS: ""finite updated physical component"
"PASS: ""required own accepted finite checkpoint"
"PASS: ""bound own finite checkpoint"
"PASS: ""finite updated physical component"
"PASS: ""required own accepted finite checkpoint"
"PASS: ""bound own finite checkpoint"
"PASS: ""finite updated physical component"
"PASS: ""required own accepted finite checkpoint"
"PASS: ""bound own finite checkpoint"
"PASS: ""finite updated physical component"
"PASS: ""required own accepted finite checkpoint"
"PASS: ""bound own finite checkpoint"
"PASS: ""finite updated physical component"
"PASS: ""required own accepted finite checkpoint"
"PASS: ""bound own finite checkpoint"
"PASS: ""finite updated physical component"
"PASS: ""required own accepted finite checkpoint"
"PASS: ""bound own finite checkpoint"
"PASS: ""finite updated physical component"
"PASS: ""required own accepted finite checkpoint"
"PASS: ""bound own finite checkpoint"
"PASS: ""finite updated physical component"
"PASS: ""required own accepted finite checkpoint"
"PASS: ""bound own finite checkpoint"
"PASS: ""finite updated physical component"
"PASS: ""required own accepted finite checkpoint"
"PASS: ""bound own finite checkpoint"
"PASS: ""finite updated physical component"
"PASS: ""required own accepted finite checkpoint"
"PASS: ""bound own finite checkpoint"
"PASS: ""finite updated physical component"
"PASS: ""required own accepted finite checkpoint"
"PASS: ""bound own finite checkpoint"
"PASS: ""finite updated physical component"
"PASS: ""required own accepted finite checkpoint"
"PASS: ""bound own finite checkpoint"
"PASS: ""finite updated physical component"
"PASS: ""required own accepted finite checkpoint"
"PASS: ""bound own finite checkpoint"
"PASS: ""finite updated physical component"
"PASS: ""required own accepted finite checkpoint"
"PASS: ""bound own finite checkpoint"
"PASS: ""finite updated physical component"
"PASS: ""required own accepted finite checkpoint"
"PASS: ""bound own finite checkpoint"
"PASS: ""finite updated physical component"
"PASS: ""required own accepted finite checkpoint"
"PASS: ""bound own finite checkpoint"
"PASS: ""finite updated physical component"
"PASS: ""required own accepted finite checkpoint"
"PASS: ""bound own finite checkpoint"
"PASS: ""finite updated physical component"
"PASS: ""required own accepted finite checkpoint"
"PASS: ""bound own finite checkpoint"
"PASS: ""finite updated physical component"
"PASS: ""required own accepted finite checkpoint"
"PASS: ""bound own finite checkpoint"
"PASS: ""finite updated physical component"
"PASS: ""required own accepted finite checkpoint"
"PASS: ""bound own finite checkpoint"
"PASS: ""finite updated physical component"
"PASS: ""required own accepted finite checkpoint"
"PASS: ""bound own finite checkpoint"
"PASS: ""finite updated physical component"
"PASS: ""required own accepted finite checkpoint"
"PASS: ""bound own finite checkpoint"
"PASS: ""finite updated physical component"
"PASS: ""required own accepted finite checkpoint"
"PASS: ""bound own finite checkpoint"
"PASS: ""finite updated physical component"
"PASS: ""required own accepted finite checkpoint"
"PASS: ""bound own finite checkpoint"
"PASS: ""finite updated physical component"
"PASS: ""required own accepted finite checkpoint"
"PASS: ""bound own finite checkpoint"
"PASS: ""finite updated physical component"
"PASS: ""required own accepted finite checkpoint"
"PASS: ""bound own finite checkpoint"
"PASS: ""finite updated physical component"
"PASS: ""required own accepted finite checkpoint"
"PASS: ""bound own finite checkpoint"
"PASS: ""finite updated physical component"
"PASS: ""required own accepted finite checkpoint"
"PASS: ""bound own finite checkpoint"
"PASS: ""finite updated physical component"
"PASS: ""required own accepted finite checkpoint"
"PASS: ""bound own finite checkpoint"
"PASS: ""finite updated physical component"
"PASS: ""required own accepted finite checkpoint"
"PASS: ""bound own finite checkpoint"
"PASS: ""finite updated physical component"
"PASS: ""required own accepted finite checkpoint"
"PASS: ""bound own finite checkpoint"
"PASS: ""finite updated physical component"
"PASS: ""required own accepted finite checkpoint"
"PASS: ""bound own finite checkpoint"
"PASS: ""finite updated physical component"
"PASS: ""required own accepted finite checkpoint"
"PASS: ""bound own finite checkpoint"
"PASS: ""finite updated physical component"
"PASS: ""required own accepted finite checkpoint"
"PASS: ""bound own finite checkpoint"
"PASS: ""finite updated physical component"
"PASS: ""required own accepted finite checkpoint"
"PASS: ""bound own finite checkpoint"
"PASS: ""finite updated physical component"
"PASS: ""required own accepted finite checkpoint"
"PASS: ""bound own finite checkpoint"
"PASS: ""finite updated physical component"
"PASS: ""required own accepted finite checkpoint"
"PASS: ""bound own finite checkpoint"
"PASS: ""finite updated physical component"
"PASS: ""required own accepted finite checkpoint"
"PASS: ""bound own finite checkpoint"
"PASS: ""finite updated physical component"
"PASS: ""required own accepted finite checkpoint"
"PASS: ""bound own finite checkpoint"
"PASS: ""finite updated physical component"
"PASS: ""required own accepted finite checkpoint"
"PASS: ""bound own finite checkpoint"
"PASS: ""finite updated physical component"
"PASS: ""required own accepted finite checkpoint"
"PASS: ""bound own finite checkpoint"
"PASS: ""finite updated physical component"
"PASS: ""required own accepted finite checkpoint"
"PASS: ""bound own finite checkpoint"
"PASS: ""finite updated physical component"
"PASS: ""required own accepted finite checkpoint"
"PASS: ""bound own finite checkpoint"
"PASS: ""finite updated physical component"
"PASS: ""required own accepted finite checkpoint"
"PASS: ""bound own finite checkpoint"
"PASS: ""finite updated physical component"
"PASS: ""required own accepted finite checkpoint"
"PASS: ""bound own finite checkpoint"
"PASS: ""finite updated physical component"
"PASS: ""required own accepted finite checkpoint"
"PASS: ""bound own finite checkpoint"
"PASS: ""finite updated physical component"
"PASS: ""required own accepted finite checkpoint"
"PASS: ""bound own finite checkpoint"
"PASS: ""finite updated physical component"
"PASS: ""required own accepted finite checkpoint"
"PASS: ""bound own finite checkpoint"
"PASS: ""finite updated physical component"
"PASS: ""required own accepted finite checkpoint"
"PASS: ""bound own finite checkpoint"
"PASS: ""finite updated physical component"
"PASS: ""required own accepted finite checkpoint"
"PASS: ""bound own finite checkpoint"
"PASS: ""finite updated physical component"
"PASS: ""required own accepted finite checkpoint"
"PASS: ""bound own finite checkpoint"
"PASS: ""finite updated physical component"
"PASS: ""required own accepted finite checkpoint"
"PASS: ""bound own finite checkpoint"
"PASS: ""finite updated physical component"
"PASS: ""required own accepted finite checkpoint"
"PASS: ""bound own finite checkpoint"
"PASS: ""finite updated physical component"
"PASS: ""required own accepted finite checkpoint"
"PASS: ""bound own finite checkpoint"
"PASS: ""finite updated physical component"
"PASS: ""required own accepted finite checkpoint"
"PASS: ""bound own finite checkpoint"
"PASS: ""finite updated physical component"
"PASS: ""required own accepted finite checkpoint"
"PASS: ""bound own finite checkpoint"
"PASS: ""finite updated physical component"
"PASS: ""required own accepted finite checkpoint"
"PASS: ""bound own finite checkpoint"
"PASS: ""finite updated physical component"
"PASS: ""required own accepted finite checkpoint"
"PASS: ""bound own finite checkpoint"
"PASS: ""finite updated physical component"
"PASS: ""required own accepted finite checkpoint"
"PASS: ""bound own finite checkpoint"
"PASS: ""finite updated physical component"
"PASS: ""required own accepted finite checkpoint"
"PASS: ""bound own finite checkpoint"
"PASS: ""finite updated physical component"
"PASS: ""required own accepted finite checkpoint"
"PASS: ""bound own finite checkpoint"
"PASS: ""finite updated physical component"
"PASS: ""required own accepted finite checkpoint"
"PASS: ""bound own finite checkpoint"
"PASS: ""finite updated physical component"
"PASS: ""required own accepted finite checkpoint"
"PASS: ""bound own finite checkpoint"
"PASS: ""finite updated physical component"
"PASS: ""required own accepted finite checkpoint"
"PASS: ""bound own finite checkpoint"
"PASS: ""finite updated physical component"
"PASS: ""required own accepted finite checkpoint"
"PASS: ""bound own finite checkpoint"
"PASS: ""finite updated physical component"
"PASS: ""required own accepted finite checkpoint"
"PASS: ""bound own finite checkpoint"
"PASS: ""finite updated physical component"
"PASS: ""required own accepted finite checkpoint"
"PASS: ""bound own finite checkpoint"
"PASS: ""finite updated physical component"
"PASS: ""required own accepted finite checkpoint"
"PASS: ""bound own finite checkpoint"
"PASS: ""finite updated physical component"
"PASS: ""required own accepted finite checkpoint"
"PASS: ""bound own finite checkpoint"
"PASS: ""finite updated physical component"
"PASS: ""required own accepted finite checkpoint"
"PASS: ""bound own finite checkpoint"
"PASS: ""finite updated physical component"
"PASS: ""required own accepted finite checkpoint"
"PASS: ""bound own finite checkpoint"
"PASS: ""finite updated physical component"
"PASS: ""required own accepted finite checkpoint"
"PASS: ""bound own finite checkpoint"
"PASS: ""finite updated physical component"
"PASS: ""required own accepted finite checkpoint"
"PASS: ""bound own finite checkpoint"
"PASS: ""finite updated physical component"
"PASS: ""required own accepted finite checkpoint"
"PASS: ""bound own finite checkpoint"
"PASS: ""finite updated physical component"
"PASS: ""required own accepted finite checkpoint"
"PASS: ""bound own finite checkpoint"
"PASS: ""finite updated physical component"
"PASS: ""required own accepted finite checkpoint"
"PASS: ""bound own finite checkpoint"
"PASS: ""finite updated physical component"
"PASS: ""required own accepted finite checkpoint"
"PASS: ""bound own finite checkpoint"
"PASS: ""finite updated physical component"
"PASS: ""required own accepted finite checkpoint"
"PASS: ""bound own finite checkpoint"
"PASS: ""finite updated physical component"
"PASS: ""required own accepted finite checkpoint"
"PASS: ""bound own finite checkpoint"
"PASS: ""finite updated physical component"
"PASS: ""required own accepted finite checkpoint"
"PASS: ""bound own finite checkpoint"
"PASS: ""finite updated physical component"
"PASS: ""required own accepted finite checkpoint"
"PASS: ""bound own finite checkpoint"
"PASS: ""finite updated physical component"
"PASS: ""required own accepted finite checkpoint"
"PASS: ""bound own finite checkpoint"
"PASS: ""finite updated physical component"
"PASS: ""required own accepted finite checkpoint"
"PASS: ""bound own finite checkpoint"
"PASS: ""finite updated physical component"
"PASS: ""required own accepted finite checkpoint"
"PASS: ""bound own finite checkpoint"
"PASS: ""finite updated physical component"
"PASS: ""required own accepted finite checkpoint"
"PASS: ""bound own finite checkpoint"
"PASS: ""finite updated physical component"
"PASS: ""required own accepted finite checkpoint"
"PASS: ""bound own finite checkpoint"
"PASS: ""finite updated physical component"
"PASS: ""required own accepted finite checkpoint"
"PASS: ""bound own finite checkpoint"
"PASS: ""finite updated physical component"
"PASS: ""required own accepted finite checkpoint"
"PASS: ""bound own finite checkpoint"
"PASS: ""finite updated physical component"
"PASS: ""required own accepted finite checkpoint"
"PASS: ""bound own finite checkpoint"
"PASS: ""finite updated physical component"
"PASS: ""required own accepted finite checkpoint"
"PASS: ""bound own finite checkpoint"
"PASS: ""finite updated physical component"
"PASS: ""required own accepted finite checkpoint"
"PASS: ""bound own finite checkpoint"
"PASS: ""finite updated physical component"
"PASS: ""required own accepted finite checkpoint"
"PASS: ""bound own finite checkpoint"
"PASS: ""finite updated physical component"
"PASS: ""required own accepted finite checkpoint"
"PASS: ""bound own finite checkpoint"
"PASS: ""finite updated physical component"
"PASS: ""required own accepted finite checkpoint"
"PASS: ""bound own finite checkpoint"
"PASS: ""finite updated physical component"
"PASS: ""required own accepted finite checkpoint"
"PASS: ""bound own finite checkpoint"
"PASS: ""finite updated physical component"
"PASS: ""required own accepted finite checkpoint"
"PASS: ""bound own finite checkpoint"
"PASS: ""finite updated physical component"
"PASS: ""required own accepted finite checkpoint"
"PASS: ""bound own finite checkpoint"
"PASS: ""finite updated physical component"
"PASS: ""required own accepted finite checkpoint"
"PASS: ""bound own finite checkpoint"
"PASS: ""finite updated physical component"
"PASS: ""required own accepted finite checkpoint"
"PASS: ""bound own finite checkpoint"
"PASS: ""finite updated physical component"
"PASS: ""required own accepted finite checkpoint"
"PASS: ""bound own finite checkpoint"
"PASS: ""finite updated physical component"
"PASS: ""required own accepted finite checkpoint"
"PASS: ""bound own finite checkpoint"
"PASS: ""finite updated physical component"
"PASS: ""required own accepted finite checkpoint"
"PASS: ""bound own finite checkpoint"
"PASS: ""finite updated physical component"
"PASS: ""required own accepted finite checkpoint"
"PASS: ""bound own finite checkpoint"
"PASS: ""finite updated physical component"
"PASS: ""required own accepted finite checkpoint"
"PASS: ""bound own finite checkpoint"
"PASS: ""finite updated physical component"
"PASS: ""required own accepted finite checkpoint"
"PASS: ""bound own finite checkpoint"
"PASS: ""finite updated physical component"
"PASS: ""required own accepted finite checkpoint"
"PASS: ""bound own finite checkpoint"
"PASS: ""finite updated physical component"
"PASS: ""all physical components finite"
"PASS: ""all component checks accepted"
"PASS: ""finite original hat projections"
"FINITE_STORAGE_BEFORE_SHARING "1903539520
"FINITE_STORAGE_SHARING "InputForm[<|"BeforeBytes" -> 1903539520, "AfterBytes" -> 1896398072, "ShareRecoveredBytes" -> 7141496, "Seconds" -> 1.319238|>]
"REFERENCE_PRECOLLECT_BEGIN "InputForm[{"F1", sign, distribution}]" bytes "6032" functions "0
"PASS: ""exact reference regrouping {\"F1\", sign, distribution}"
"REFERENCE_PRECOLLECT "InputForm[{"F1", sign, distribution}]" "InputForm[<|"InputBytes" -> 6032, "PreparedBytes" -> 16, "Seconds" -> 0.001887, "Functions" -> {}, "ExactReconstruction" -> True|>]
"PASS: ""F1 original unpolarized Born hat"
"REFERENCE_PRECOLLECT_BEGIN "InputForm[{"F1", 1, "Delta"}]" bytes "3782576" functions "33
"PASS: ""exact reference regrouping {\"F1\", 1, \"Delta\"}"
"REFERENCE_PRECOLLECT "InputForm[{"F1", 1, "Delta"}]" "InputForm[<|"InputBytes" -> 3782576, "PreparedBytes" -> 474432, "Seconds" -> 2.063317, "Functions" -> {Log[mu], Log[Pi], Log[2*Pi], Log[4*Pi], Log[Q], Log[omega + Q^2], Log[-(B/(omega - s))], Log[-((omega - s)/(omega + Q^2))], Log[(omega - s)^2], Log[B/s], Log[-((omega - s)/s)], Log[s], Log[s/(omega + Q^2)], Log[B], Log[Q^2/(omega + Q^2)], Log[Pi*(omega + Q^2)], Log[-((omega + Q^2)/(omega*s - s^2))], PolyLog[2, omega/(omega + Q^2)], Log[Pi*Q], PolyLog[2, -(omega/Q^2)], PolyLog[2, (omega + Q^2 - s)/Q^2], PolyLog[2, (Q^2 + s)/Q^2], Re[PolyLog[2, (Q^2 + s)/Q^2]], PolyLog[2, (Q^2 + s)/s], Re[PolyLog[2, (Q^2 + s)/s]], Log[Q^2], Log[-((omega - s)/Q^2)], Log[Q^2/s], Log[s/Q^2], Log[(Pi*(omega + Q^2))/Q^2], ArcTanh[omega/(omega + 2*Q^2)], Log[Q^2/(Pi^2*(omega + Q^2))], Log[(omega + Q^2)/Q^2]}, "ExactReconstruction" -> True|>]
"PASS: ""F1 original unpolarized finite hat {1, \"Delta\"}"
"REFERENCE_PRECOLLECT_BEGIN "InputForm[{"F1", 1, "L0"}]" bytes "376872" functions "10
"PASS: ""exact reference regrouping {\"F1\", 1, \"L0\"}"
"REFERENCE_PRECOLLECT "InputForm[{"F1", 1, "L0"}]" "InputForm[<|"InputBytes" -> 376872, "PreparedBytes" -> 15632, "Seconds" -> 0.257579, "Functions" -> {Log[mu], Log[2*Pi], Log[4*Pi], Log[B], Log[Pi], Log[Q], Log[Q^2/(omega + Q^2)], Log[Pi*(omega + Q^2)], Log[-((omega + Q^2)/(omega*s - s^2))], Log[(Pi*(omega + Q^2))/Q^2]}, "ExactReconstruction" -> True|>]
"PASS: ""F1 original unpolarized finite hat {1, \"L0\"}"
"REFERENCE_PRECOLLECT_BEGIN "InputForm[{"F1", 1, "L1"}]" bytes "29640" functions "0
"PASS: ""exact reference regrouping {\"F1\", 1, \"L1\"}"
"REFERENCE_PRECOLLECT "InputForm[{"F1", 1, "L1"}]" "InputForm[<|"InputBytes" -> 29640, "PreparedBytes" -> 16, "Seconds" -> 0.004574, "Functions" -> {}, "ExactReconstruction" -> True|>]
"PASS: ""F1 original unpolarized finite hat {1, \"L1\"}"
"REFERENCE_PRECOLLECT_BEGIN "InputForm[{"F1", 1, "Regular"}]" bytes "86295392" functions "16
"PASS: ""exact reference regrouping {\"F1\", 1, \"Regular\"}"
"REFERENCE_PRECOLLECT "InputForm[{"F1", 1, "Regular"}]" "InputForm[<|"InputBytes" -> 86295392, "PreparedBytes" -> 15872, "Seconds" -> 73.423763, "Functions" -> {Log[mu], Log[2*Pi], Log[4*Pi], Log[Pi], Log[Q], Log[Q^2/(omega + Q^2)], Log[Pi*(omega + Q^2)], Log[-((omega + Q^2)/(omega*s - s^2))], Log[(1 - Sqrt[1 - (4*Q^2*(omega + Q^2 - s23))/(omega + 2*Q^2)^2])/(1 + Sqrt[1 - (4*Q^2*(omega + Q^2 - s23))/(omega + 2*Q^2)^2])], Log[s23], Log[((s - s23)*(-omega + s + s23))/((omega + Q^2 - s23)*s23)], Log[-(((s - s23)*(-omega + s + s23))/((omega - s)*s + Q^2*s23))], Log[((omega + 2*Q^2)^2*(omega - s - s23)^2*(1 - Sqrt[((omega - s)^2 + 2*(omega - s)*s + s^2 + 4*Q^2*s23)/(omega + 2*Q^2)^2])*(1 + Sqrt[((omega - s)^2 + 2*(omega - s)*s + s^2 + 4*Q^2*s23)/(omega + 2*Q^2)^2]))/(4*(omega - s)^2*(omega + Q^2 - s23)^2)], Log[((omega + 2*Q^2)^2*(s - s23)^2*(1 - Sqrt[((omega - s)^2 + 2*(omega - s)*s + s^2 + 4*Q^2*s23)/(omega + 2*Q^2)^2])*(1 + Sqrt[((omega - s)^2 + 2*(omega - s)*s + s^2 + 4*Q^2*s23)/(omega + 2*Q^2)^2]))/(4*s^2*(omega + Q^2 - s23)^2)], Log[((omega + 2*Q^2)^2*(omega - s - s23)^2*(1 - Sqrt[((omega - s)^2 + 2*(omega - s)*s + s^2 + 4*Q^2*s23)/(omega + 2*Q^2)^2])*(1 + Sqrt[((omega - s)^2 + 2*(omega - s)*s + s^2 + 4*Q^2*s23)/(omega + 2*Q^2)^2]))/(4*(Q^2*(omega - s) - 2*Q^2*s23 - s*s23)^2)], Log[(Pi*(omega + Q^2))/Q^2]}, "ExactReconstruction" -> True|>]
"PASS: ""F1 original unpolarized finite hat {1, \"Regular\"}"
"REFERENCE_PRECOLLECT_BEGIN "InputForm[{"F1", -1, "Delta"}]" bytes "3977320" functions "32
"PASS: ""exact reference regrouping {\"F1\", -1, \"Delta\"}"
"REFERENCE_PRECOLLECT "InputForm[{"F1", -1, "Delta"}]" "InputForm[<|"InputBytes" -> 3977320, "PreparedBytes" -> 492920, "Seconds" -> 2.119723, "Functions" -> {Log[mu], Log[Pi], Log[2*Pi], Log[4*Pi], Log[Q], Log[-omega + Q^2], Log[-(B/(-omega - s))], Log[-((-omega - s)/(-omega + Q^2))], Log[(-omega - s)^2], Log[B/s], Log[-((-omega - s)/s)], Log[s], Log[s/(-omega + Q^2)], Log[B], Log[Q^2/(-omega + Q^2)], Log[Pi*(-omega + Q^2)], Log[-((s*(omega + s))/(omega - Q^2))], Log[Pi - (omega*Pi)/Q^2], ArcTanh[omega/(omega - 2*Q^2)], PolyLog[2, -(omega/(-omega + Q^2))], PolyLog[2, (-omega + Q^2 - s)/Q^2], PolyLog[2, (Q^2 + s)/Q^2], Re[PolyLog[2, (Q^2 + s)/Q^2]], PolyLog[2, (Q^2 + s)/s], Re[PolyLog[2, (Q^2 + s)/s]], Log[Q^2], Log[-((-omega - s)/Q^2)], Log[Q^2/s], Log[s/Q^2], Log[1 - omega/Q^2], Log[-(Q^2/(omega - Q^2))], Log[Q^2/(Pi^2*(-omega + Q^2))]}, "ExactReconstruction" -> True|>]
"PASS: ""F1 original unpolarized finite hat {-1, \"Delta\"}"
"REFERENCE_PRECOLLECT_BEGIN "InputForm[{"F1", -1, "L0"}]" bytes "385728" functions "11
"PASS: ""exact reference regrouping {\"F1\", -1, \"L0\"}"
"REFERENCE_PRECOLLECT "InputForm[{"F1", -1, "L0"}]" "InputForm[<|"InputBytes" -> 385728, "PreparedBytes" -> 26376, "Seconds" -> 0.233166, "Functions" -> {Log[mu], Log[2*Pi], Log[4*Pi], Log[B], Log[Pi], Log[Q], Log[Q^2/(-omega + Q^2)], Log[Pi*(-omega + Q^2)], Log[-((s*(omega + s))/(omega - Q^2))], Log[1 - omega/Q^2], Log[Pi - (omega*Pi)/Q^2]}, "ExactReconstruction" -> True|>]
"PASS: ""F1 original unpolarized finite hat {-1, \"L0\"}"
"REFERENCE_PRECOLLECT_BEGIN "InputForm[{"F1", -1, "L1"}]" bytes "29640" functions "0
"PASS: ""exact reference regrouping {\"F1\", -1, \"L1\"}"
"REFERENCE_PRECOLLECT "InputForm[{"F1", -1, "L1"}]" "InputForm[<|"InputBytes" -> 29640, "PreparedBytes" -> 16, "Seconds" -> 0.004678, "Functions" -> {}, "ExactReconstruction" -> True|>]
"PASS: ""F1 original unpolarized finite hat {-1, \"L1\"}"
"REFERENCE_PRECOLLECT_BEGIN "InputForm[{"F1", -1, "Regular"}]" bytes "95990664" functions "17
"PASS: ""exact reference regrouping {\"F1\", -1, \"Regular\"}"
"REFERENCE_PRECOLLECT "InputForm[{"F1", -1, "Regular"}]" "InputForm[<|"InputBytes" -> 95990664, "PreparedBytes" -> 26776, "Seconds" -> 82.377789, "Functions" -> {Log[mu], Log[2*Pi], Log[4*Pi], Log[Pi], Log[Q], Log[Q^2/(-omega + Q^2)], Log[Pi*(-omega + Q^2)], Log[-((s*(omega + s))/(omega - Q^2))], Log[(1 - Sqrt[1 - (4*Q^2*(-omega + Q^2 - s23))/(-omega + 2*Q^2)^2])/(1 + Sqrt[1 - (4*Q^2*(-omega + Q^2 - s23))/(-omega + 2*Q^2)^2])], Log[s23], Log[((s - s23)*(omega + s + s23))/((-omega + Q^2 - s23)*s23)], Log[-(((s - s23)*(omega + s + s23))/((-omega - s)*s + Q^2*s23))], Log[((-omega + 2*Q^2)^2*(-omega - s - s23)^2*(1 - Sqrt[((-omega - s)^2 + 2*(-omega - s)*s + s^2 + 4*Q^2*s23)/(-omega + 2*Q^2)^2])*(1 + Sqrt[((-omega - s)^2 + 2*(-omega - s)*s + s^2 + 4*Q^2*s23)/(-omega + 2*Q^2)^2]))/(4*(-omega - s)^2*(-omega + Q^2 - s23)^2)], Log[((-omega + 2*Q^2)^2*(s - s23)^2*(1 - Sqrt[((-omega - s)^2 + 2*(-omega - s)*s + s^2 + 4*Q^2*s23)/(-omega + 2*Q^2)^2])*(1 + Sqrt[((-omega - s)^2 + 2*(-omega - s)*s + s^2 + 4*Q^2*s23)/(-omega + 2*Q^2)^2]))/(4*s^2*(-omega + Q^2 - s23)^2)], Log[((-omega + 2*Q^2)^2*(-omega - s - s23)^2*(1 - Sqrt[((-omega - s)^2 + 2*(-omega - s)*s + s^2 + 4*Q^2*s23)/(-omega + 2*Q^2)^2])*(1 + Sqrt[((-omega - s)^2 + 2*(-omega - s)*s + s^2 + 4*Q^2*s23)/(-omega + 2*Q^2)^2]))/(4*(Q^2*(-omega - s) - 2*Q^2*s23 - s*s23)^2)], Log[1 - omega/Q^2], Log[Pi - (omega*Pi)/Q^2]}, "ExactReconstruction" -> True|>]
"PASS: ""F1 original unpolarized finite hat {-1, \"Regular\"}"
"REFERENCE_PRECOLLECT_BEGIN "InputForm[{"F1", 0, "Delta"}]" bytes "510712" functions "17
"PASS: ""exact reference regrouping {\"F1\", 0, \"Delta\"}"
"REFERENCE_PRECOLLECT "InputForm[{"F1", 0, "Delta"}]" "InputForm[<|"InputBytes" -> 510712, "PreparedBytes" -> 39048, "Seconds" -> 0.574728, "Functions" -> {Log[2], Log[mu], Log[Pi], Log[2*Pi], Log[Q^2], Log[4*Pi], Log[B/s], Log[s], Log[B], PolyLog[2, 1 - s/Q^2], PolyLog[2, (Q^2 + s)/Q^2], Re[PolyLog[2, (Q^2 + s)/Q^2]], PolyLog[2, (Q^2 + s)/s], Re[PolyLog[2, (Q^2 + s)/s]], Log[Q], PolyLog[2, 1 + s/Q^2], Re[PolyLog[2, 1 + s/Q^2]]}, "ExactReconstruction" -> True|>]
"PASS: ""F1 original unpolarized finite hat {0, \"Delta\"}"
"REFERENCE_PRECOLLECT_BEGIN "InputForm[{"F1", 0, "L0"}]" bytes "53344" functions "8
"PASS: ""exact reference regrouping {\"F1\", 0, \"L0\"}"
"REFERENCE_PRECOLLECT "InputForm[{"F1", 0, "L0"}]" "InputForm[<|"InputBytes" -> 53344, "PreparedBytes" -> 2176, "Seconds" -> 0.050173, "Functions" -> {Log[mu], Log[2*Pi], Log[4*Pi], Log[B], Log[Pi], Log[Q], Log[s], Log[Q^2]}, "ExactReconstruction" -> True|>]
"PASS: ""F1 original unpolarized finite hat {0, \"L0\"}"
"REFERENCE_PRECOLLECT_BEGIN "InputForm[{"F1", 0, "L1"}]" bytes "7544" functions "0
"PASS: ""exact reference regrouping {\"F1\", 0, \"L1\"}"
"REFERENCE_PRECOLLECT "InputForm[{"F1", 0, "L1"}]" "InputForm[<|"InputBytes" -> 7544, "PreparedBytes" -> 16, "Seconds" -> 0.003834, "Functions" -> {}, "ExactReconstruction" -> True|>]
"PASS: ""F1 original unpolarized finite hat {0, \"L1\"}"
"REFERENCE_PRECOLLECT_BEGIN "InputForm[{"F1", 0, "Regular"}]" bytes "7680336" functions "16
