MONITOR_START job=14693759 host=n6138 kernel_pid=10717
PROGRESS SIDIS numerics S04 2026-09-07T16:28:31.910635+00:00: Requested common six-channel convolution. Starting symbolic derivation of laboratory and partonic maps and Jacobians from the paper definitions. Next gate these identities and save s04_result.
PROGRESS SIDIS numerics S04 2026-09-07T16:28:44.674905+00:00: Symbolic maps completed with every embedded identity check passing; definitions, generated expressions and C expressions saved in s04_result. No numerical cross section produced. Next prepare the common hard-function evaluator and original PDF/FF library, then perform convolution.
{
  "status": "Complete",
  "checks": {
    "photon_virtuality": true,
    "scattered_lepton_mass_shell": true,
    "pion_mass_shell": true,
    "pion_z_definition": true,
    "transverse_basis": true,
    "recoil_definition": true,
    "mandelstam_sum": true,
    "fragmentation_upper_limit": true,
    "incoming_lower_limit": true,
    "projector_inverse": true,
    "ordered_hadron_fraction_bounds": true
  }
}
MONITOR_WAKE {"stage": "s04", "source": "s04_derive_convolution_maps.py", "source_sha256": "3e18b4a795d0e057a9a0598afc2ec13c144e82753e9c5f1345753a63b498136a", "job_id": "14693759", "host": "n6138", "exit_code": 0, "success_marker": false, "result_checks": {"s04_result": true}, "command": ["/u/local/apps/anaconda3/2023.03/bin/python", "-u", "/u/scratch/r/rushil/AI_Assisted_SIDIS/SIDIS_20260907/numerics/s04_derive_convolution_maps.py"], "accepted_execution": true, "guard": null, "peak_rss_bytes": 51662848, "elapsed_seconds": 16.450830452144146, "completed_utc": "2026-09-07T16:28:44.773339+00:00"}
