MONITOR_START job=14693758 host=n6132 kernel_pid=30185
PROGRESS SIDIS numerics S06 2026-09-07T16:28:32.439115+00:00: Requested original Fig. 3 PDF/FF inputs. Starting original Fortran library build, PDF/FF convention gates and coupling calibration. Next save s06_result only after the checks pass.
PROGRESS SIDIS numerics S06 2026-09-07T16:28:34.687949+00:00: Original PDF/FF library completed; all sum-rule, pion-charge and coupling checks passed. s06_result binds vendor hashes, compiled library and numeric validation. Vendor copies and build products have production/provenance value. Next use this library with validated imported hard functions in the convolution.
{
  "status": "Complete",
  "checks": {
    "alpha_at_MZ": true,
    "valence_number_sum_rules": true,
    "momentum_sum_rule": true,
    "KKP_pi0_identity_0.1": true,
    "Kretzer_charge_sum_0.1": true,
    "finite_FFs_0.1": true,
    "KKP_pi0_identity_0.3": true,
    "Kretzer_charge_sum_0.3": true,
    "finite_FFs_0.3": true,
    "KKP_pi0_identity_0.7": true,
    "Kretzer_charge_sum_0.7": true,
    "finite_FFs_0.7": true
  },
  "valence": [
    1.9488111475446825,
    0.9882566690579228
  ],
  "momentum": 0.9990053454580333
}
MONITOR_WAKE {"stage": "s06", "source": "s06_prepare_pdf_ff.py", "source_sha256": "bde2bd9d9a0ec4ba531898775badfdbab3f74ec9773665509b9735e6512ccbfe", "job_id": "14693758", "host": "n6132", "exit_code": 0, "success_marker": false, "result_checks": {"s06_result": true}, "command": ["/u/local/apps/anaconda3/2023.03/bin/python", "-u", "/u/scratch/r/rushil/AI_Assisted_SIDIS/SIDIS_20260907/numerics/s06_prepare_pdf_ff.py"], "accepted_execution": true, "guard": null, "peak_rss_bytes": 55992320, "elapsed_seconds": 6.95719160605222, "completed_utc": "2026-09-07T16:28:34.732783+00:00"}
