MONITOR_START job=14693777 host=n6044 kernel_pid=46072
PROGRESS SIDIS numerics S07 2026-09-07T16:41:16.307159+00:00: Starting compact native operation-table build and direct-Wolfram checks for Hqq,Hgg,Hqqbar,Hqqprime,Hgq,Hqg. Next accept only finite values and cancelled singular-log coefficients.
S07_TRANSLATE Hqq_F1_LODelta_1
S07_CHECKED Hqq_F1_LODelta_1 operations 89 passed True
S07_TRANSLATE Hqq_F1_Delta_1
S07_CHECKED Hqq_F1_Delta_1 operations 2419 passed True
S07_TRANSLATE Hqq_F1_L0_1
S07_CHECKED Hqq_F1_L0_1 operations 315 passed True
S07_TRANSLATE Hqq_F1_L1_1
S07_CHECKED Hqq_F1_L1_1 operations 86 passed True
S07_TRANSLATE Hqq_F1_Regular_1
S07_CHECKED Hqq_F1_Regular_1 operations 16889 passed True
MONITOR_HEARTBEAT elapsed=30s rss=78.6MiB peak=671.4MiB
S07_TRANSLATE Hqq_F1_LODelta_m1
S07_CHECKED Hqq_F1_LODelta_m1 operations 89 passed True
S07_TRANSLATE Hqq_F1_Delta_m1
S07_CHECKED Hqq_F1_Delta_m1 operations 2446 passed True
S07_TRANSLATE Hqq_F1_L0_m1
S07_CHECKED Hqq_F1_L0_m1 operations 321 passed True
S07_TRANSLATE Hqq_F1_L1_m1
S07_CHECKED Hqq_F1_L1_m1 operations 87 passed True
S07_TRANSLATE Hqq_F1_Regular_m1
S07_CHECKED Hqq_F1_Regular_m1 operations 16940 passed True
S07_TRANSLATE Hqq_F1_LODelta_0
S07_CHECKED Hqq_F1_LODelta_0 operations 89 passed True
S07_TRANSLATE Hqq_F1_Delta_0
S07_CHECKED Hqq_F1_Delta_0 operations 807 passed True
S07_TRANSLATE Hqq_F1_L0_0
S07_CHECKED Hqq_F1_L0_0 operations 189 passed True
S07_TRANSLATE Hqq_F1_L1_0
S07_CHECKED Hqq_F1_L1_0 operations 69 passed True
S07_TRANSLATE Hqq_F1_Regular_0
S07_CHECKED Hqq_F1_Regular_0 operations 2442 passed True
S07_TRANSLATE Hqq_F2_LODelta_1
S07_CHECKED Hqq_F2_LODelta_1 operations 98 passed True
S07_TRANSLATE Hqq_F2_Delta_1
S07_CHECKED Hqq_F2_Delta_1 operations 2431 passed True
S07_TRANSLATE Hqq_F2_L0_1
S07_CHECKED Hqq_F2_L0_1 operations 319 passed True
S07_TRANSLATE Hqq_F2_L1_1
S07_CHECKED Hqq_F2_L1_1 operations 89 passed True
S07_TRANSLATE Hqq_F2_Regular_1
S07_CHECKED Hqq_F2_Regular_1 operations 16888 passed True
S07_TRANSLATE Hqq_F2_LODelta_m1
S07_CHECKED Hqq_F2_LODelta_m1 operations 98 passed True
S07_TRANSLATE Hqq_F2_Delta_m1
S07_CHECKED Hqq_F2_Delta_m1 operations 2454 passed True
S07_TRANSLATE Hqq_F2_L0_m1
S07_CHECKED Hqq_F2_L0_m1 operations 325 passed True
S07_TRANSLATE Hqq_F2_L1_m1
S07_CHECKED Hqq_F2_L1_m1 operations 90 passed True
S07_TRANSLATE Hqq_F2_Regular_m1
S07_CHECKED Hqq_F2_Regular_m1 operations 16935 passed True
S07_TRANSLATE Hqq_F2_LODelta_0
S07_CHECKED Hqq_F2_LODelta_0 operations 98 passed True
S07_TRANSLATE Hqq_F2_Delta_0
S07_CHECKED Hqq_F2_Delta_0 operations 804 passed True
S07_TRANSLATE Hqq_F2_L0_0
S07_CHECKED Hqq_F2_L0_0 operations 189 passed True
S07_TRANSLATE Hqq_F2_L1_0
S07_CHECKED Hqq_F2_L1_0 operations 75 passed True
S07_TRANSLATE Hqq_F2_Regular_0
S07_CHECKED Hqq_F2_Regular_0 operations 2443 passed True
S07_TRANSLATE Hgg_F1_Regular_1
S07_CHECKED Hgg_F1_Regular_1 operations 6462 passed True
S07_TRANSLATE Hgg_F1_Regular_m1
S07_CHECKED Hgg_F1_Regular_m1 operations 6462 passed True
S07_TRANSLATE Hgg_F2_Regular_1
S07_CHECKED Hgg_F2_Regular_1 operations 6514 passed True
S07_TRANSLATE Hgg_F2_Regular_m1
S07_CHECKED Hgg_F2_Regular_m1 operations 6514 passed True
S07_TRANSLATE Hqqbar_F1_Regular_1
S07_CHECKED Hqqbar_F1_Regular_1 operations 5971 passed True
S07_TRANSLATE Hqqbar_F1_Regular_m1
S07_CHECKED Hqqbar_F1_Regular_m1 operations 5971 passed True
S07_TRANSLATE Hqqbar_F2_Regular_1
S07_CHECKED Hqqbar_F2_Regular_1 operations 5957 passed True
S07_TRANSLATE Hqqbar_F2_Regular_m1
S07_CHECKED Hqqbar_F2_Regular_m1 operations 5957 passed True
S07_TRANSLATE Hqqprime_F1_PrimeChargeSquared_Regular_1
S07_CHECKED Hqqprime_F1_PrimeChargeSquared_Regular_1 operations 3265 passed True
S07_TRANSLATE Hqqprime_F1_PrimeChargeSquared_Regular_m1
S07_CHECKED Hqqprime_F1_PrimeChargeSquared_Regular_m1 operations 3265 passed True
S07_TRANSLATE Hqqprime_F1_MixedIncomingPrimeCharge_Regular_1
S07_CHECKED Hqqprime_F1_MixedIncomingPrimeCharge_Regular_1 operations 2862 passed True
S07_TRANSLATE Hqqprime_F1_MixedIncomingPrimeCharge_Regular_m1
S07_CHECKED Hqqprime_F1_MixedIncomingPrimeCharge_Regular_m1 operations 2862 passed True
S07_TRANSLATE Hqqprime_F1_IncomingChargeSquared_Regular_1
S07_CHECKED Hqqprime_F1_IncomingChargeSquared_Regular_1 operations 2709 passed True
S07_TRANSLATE Hqqprime_F1_IncomingChargeSquared_Regular_m1
S07_CHECKED Hqqprime_F1_IncomingChargeSquared_Regular_m1 operations 2709 passed True
S07_TRANSLATE Hqqprime_F2_PrimeChargeSquared_Regular_1
S07_CHECKED Hqqprime_F2_PrimeChargeSquared_Regular_1 operations 3278 passed True
S07_TRANSLATE Hqqprime_F2_PrimeChargeSquared_Regular_m1
S07_CHECKED Hqqprime_F2_PrimeChargeSquared_Regular_m1 operations 3278 passed True
S07_TRANSLATE Hqqprime_F2_MixedIncomingPrimeCharge_Regular_1
S07_CHECKED Hqqprime_F2_MixedIncomingPrimeCharge_Regular_1 operations 2840 passed True
S07_TRANSLATE Hqqprime_F2_MixedIncomingPrimeCharge_Regular_m1
S07_CHECKED Hqqprime_F2_MixedIncomingPrimeCharge_Regular_m1 operations 2840 passed True
S07_TRANSLATE Hqqprime_F2_IncomingChargeSquared_Regular_1
S07_CHECKED Hqqprime_F2_IncomingChargeSquared_Regular_1 operations 2709 passed True
S07_TRANSLATE Hqqprime_F2_IncomingChargeSquared_Regular_m1
S07_CHECKED Hqqprime_F2_IncomingChargeSquared_Regular_m1 operations 2709 passed True
S07_TRANSLATE Hgq_F1_LODelta_1
S07_CHECKED Hgq_F1_LODelta_1 operations 74 passed True
S07_TRANSLATE Hgq_F1_Delta_1
S07_CHECKED Hgq_F1_Delta_1 operations 2701 passed True
S07_TRANSLATE Hgq_F1_L0_1
S07_CHECKED Hgq_F1_L0_1 operations 310 passed True
S07_TRANSLATE Hgq_F1_L1_1
S07_CHECKED Hgq_F1_L1_1 operations 87 passed True
S07_TRANSLATE Hgq_F1_Regular_1
S07_CHECKED Hgq_F1_Regular_1 operations 8891 passed True
S07_TRANSLATE Hgq_F1_LODelta_m1
S07_CHECKED Hgq_F1_LODelta_m1 operations 74 passed True
S07_TRANSLATE Hgq_F1_Delta_m1
S07_CHECKED Hgq_F1_Delta_m1 operations 2669 passed True
S07_TRANSLATE Hgq_F1_L0_m1
S07_CHECKED Hgq_F1_L0_m1 operations 322 passed True
S07_TRANSLATE Hgq_F1_L1_m1
S07_CHECKED Hgq_F1_L1_m1 operations 87 passed True
S07_TRANSLATE Hgq_F1_Regular_m1
S07_CHECKED Hgq_F1_Regular_m1 operations 8936 passed True
S07_TRANSLATE Hgq_F1_LODelta_0
S07_CHECKED Hgq_F1_LODelta_0 operations 74 passed True
S07_TRANSLATE Hgq_F1_Delta_0
S07_CHECKED Hgq_F1_Delta_0 operations 1258 passed True
S07_TRANSLATE Hgq_F1_L0_0
S07_CHECKED Hgq_F1_L0_0 operations 222 passed True
S07_TRANSLATE Hgq_F1_L1_0
S07_CHECKED Hgq_F1_L1_0 operations 77 passed True
S07_TRANSLATE Hgq_F1_Regular_0
S07_CHECKED Hgq_F1_Regular_0 operations 1948 passed True
S07_TRANSLATE Hgq_F2_LODelta_1
S07_CHECKED Hgq_F2_LODelta_1 operations 100 passed True
S07_TRANSLATE Hgq_F2_Delta_1
S07_CHECKED Hgq_F2_Delta_1 operations 2704 passed True
S07_TRANSLATE Hgq_F2_L0_1
S07_CHECKED Hgq_F2_L0_1 operations 310 passed True
S07_TRANSLATE Hgq_F2_L1_1
S07_CHECKED Hgq_F2_L1_1 operations 89 passed True
S07_TRANSLATE Hgq_F2_Regular_1
S07_CHECKED Hgq_F2_Regular_1 operations 8897 passed True
S07_TRANSLATE Hgq_F2_LODelta_m1
S07_CHECKED Hgq_F2_LODelta_m1 operations 100 passed True
S07_TRANSLATE Hgq_F2_Delta_m1
S07_CHECKED Hgq_F2_Delta_m1 operations 2673 passed True
S07_TRANSLATE Hgq_F2_L0_m1
S07_CHECKED Hgq_F2_L0_m1 operations 323 passed True
S07_TRANSLATE Hgq_F2_L1_m1
S07_CHECKED Hgq_F2_L1_m1 operations 89 passed True
S07_TRANSLATE Hgq_F2_Regular_m1
S07_CHECKED Hgq_F2_Regular_m1 operations 8940 passed True
S07_TRANSLATE Hgq_F2_LODelta_0
S07_CHECKED Hgq_F2_LODelta_0 operations 100 passed True
S07_TRANSLATE Hgq_F2_Delta_0
S07_CHECKED Hgq_F2_Delta_0 operations 1249 passed True
S07_TRANSLATE Hgq_F2_L0_0
S07_CHECKED Hgq_F2_L0_0 operations 216 passed True
S07_TRANSLATE Hgq_F2_L1_0
S07_CHECKED Hgq_F2_L1_0 operations 77 passed True
S07_TRANSLATE Hgq_F2_Regular_0
S07_CHECKED Hgq_F2_Regular_0 operations 1953 passed True
S07_TRANSLATE Hqg_F1_LODelta_1
S07_CHECKED Hqg_F1_LODelta_1 operations 89 passed True
S07_TRANSLATE Hqg_F1_Delta_1
S07_CHECKED Hqg_F1_Delta_1 operations 2537 passed True
S07_TRANSLATE Hqg_F1_L0_1
S07_CHECKED Hqg_F1_L0_1 operations 303 passed True
S07_TRANSLATE Hqg_F1_L1_1
S07_CHECKED Hqg_F1_L1_1 operations 85 passed True
S07_TRANSLATE Hqg_F1_Regular_1
S07_CHECKED Hqg_F1_Regular_1 operations 8400 passed True
S07_TRANSLATE Hqg_F1_LODelta_m1
S07_CHECKED Hqg_F1_LODelta_m1 operations 89 passed True
S07_TRANSLATE Hqg_F1_Delta_m1
S07_CHECKED Hqg_F1_Delta_m1 operations 2540 passed True
S07_TRANSLATE Hqg_F1_L0_m1
S07_CHECKED Hqg_F1_L0_m1 operations 308 passed True
S07_TRANSLATE Hqg_F1_L1_m1
S07_CHECKED Hqg_F1_L1_m1 operations 84 passed True
S07_TRANSLATE Hqg_F1_Regular_m1
S07_CHECKED Hqg_F1_Regular_m1 operations 8494 passed True
S07_TRANSLATE Hqg_F1_LODelta_0
S07_CHECKED Hqg_F1_LODelta_0 operations 89 passed True
S07_TRANSLATE Hqg_F1_Delta_0
S07_CHECKED Hqg_F1_Delta_0 operations 1258 passed True
S07_TRANSLATE Hqg_F1_L0_0
S07_CHECKED Hqg_F1_L0_0 operations 224 passed True
S07_TRANSLATE Hqg_F1_L1_0
S07_CHECKED Hqg_F1_L1_0 operations 81 passed True
S07_TRANSLATE Hqg_F1_Regular_0
S07_CHECKED Hqg_F1_Regular_0 operations 1929 passed True
S07_TRANSLATE Hqg_F2_LODelta_1
S07_CHECKED Hqg_F2_LODelta_1 operations 100 passed True
S07_TRANSLATE Hqg_F2_Delta_1
S07_CHECKED Hqg_F2_Delta_1 operations 2546 passed True
S07_TRANSLATE Hqg_F2_L0_1
S07_CHECKED Hqg_F2_L0_1 operations 305 passed True
S07_TRANSLATE Hqg_F2_L1_1
S07_CHECKED Hqg_F2_L1_1 operations 88 passed True
S07_TRANSLATE Hqg_F2_Regular_1
S07_CHECKED Hqg_F2_Regular_1 operations 8403 passed True
S07_TRANSLATE Hqg_F2_LODelta_m1
S07_CHECKED Hqg_F2_LODelta_m1 operations 100 passed True
S07_TRANSLATE Hqg_F2_Delta_m1
S07_CHECKED Hqg_F2_Delta_m1 operations 2543 passed True
S07_TRANSLATE Hqg_F2_L0_m1
S07_CHECKED Hqg_F2_L0_m1 operations 310 passed True
S07_TRANSLATE Hqg_F2_L1_m1
S07_CHECKED Hqg_F2_L1_m1 operations 87 passed True
S07_TRANSLATE Hqg_F2_Regular_m1
S07_CHECKED Hqg_F2_Regular_m1 operations 8491 passed True
S07_TRANSLATE Hqg_F2_LODelta_0
S07_CHECKED Hqg_F2_LODelta_0 operations 100 passed True
S07_TRANSLATE Hqg_F2_Delta_0
S07_CHECKED Hqg_F2_Delta_0 operations 1255 passed True
S07_TRANSLATE Hqg_F2_L0_0
S07_CHECKED Hqg_F2_L0_0 operations 225 passed True
S07_TRANSLATE Hqg_F2_L1_0
S07_CHECKED Hqg_F2_L1_0 operations 86 passed True
S07_TRANSLATE Hqg_F2_Regular_0
S07_CHECKED Hqg_F2_Regular_0 operations 1928 passed True
S07_PAIRED Hqq_LODelta_1 operations 110
S07_PAIRED Hqq_Delta_1 operations 3152
S07_PAIRED Hqq_L0_1 operations 332
S07_PAIRED Hqq_L1_1 operations 106
S07_PAIRED Hqq_Regular_1 operations 19591
S07_PAIRED Hqq_LODelta_m1 operations 110
S07_PAIRED Hqq_Delta_m1 operations 2890
S07_PAIRED Hqq_L0_m1 operations 348
S07_PAIRED Hqq_L1_m1 operations 107
S07_PAIRED Hqq_Regular_m1 operations 20435
S07_PAIRED Hqq_LODelta_0 operations 110
S07_PAIRED Hqq_Delta_0 operations 1032
S07_PAIRED Hqq_L0_0 operations 221
S07_PAIRED Hqq_L1_0 operations 88
S07_PAIRED Hqq_Regular_0 operations 2832
S07_PAIRED Hgg_Regular_1 operations 9117
S07_PAIRED Hgg_Regular_m1 operations 9117
S07_PAIRED Hqqbar_Regular_1 operations 7941
S07_PAIRED Hqqbar_Regular_m1 operations 7941
S07_PAIRED Hqqprime_PrimeChargeSquared_Regular_1 operations 4675
S07_PAIRED Hqqprime_PrimeChargeSquared_Regular_m1 operations 4675
S07_PAIRED Hqqprime_MixedIncomingPrimeCharge_Regular_1 operations 4032
S07_PAIRED Hqqprime_MixedIncomingPrimeCharge_Regular_m1 operations 4032
S07_PAIRED Hqqprime_IncomingChargeSquared_Regular_1 operations 3804
S07_PAIRED Hqqprime_IncomingChargeSquared_Regular_m1 operations 3804
S07_PAIRED Hgq_LODelta_1 operations 121
S07_PAIRED Hgq_Delta_1 operations 2996
S07_PAIRED Hgq_L0_1 operations 328
S07_PAIRED Hgq_L1_1 operations 107
S07_PAIRED Hgq_Regular_1 operations 11114
S07_PAIRED Hgq_LODelta_m1 operations 121
S07_PAIRED Hgq_Delta_m1 operations 3019
S07_PAIRED Hgq_L0_m1 operations 385
S07_PAIRED Hgq_L1_m1 operations 107
S07_PAIRED Hgq_Regular_m1 operations 10580
S07_PAIRED Hgq_LODelta_0 operations 121
S07_PAIRED Hgq_Delta_0 operations 1691
S07_PAIRED Hgq_L0_0 operations 270
S07_PAIRED Hgq_L1_0 operations 95
S07_PAIRED Hgq_Regular_0 operations 2267
S07_PAIRED Hqg_LODelta_1 operations 113
S07_PAIRED Hqg_Delta_1 operations 3345
S07_PAIRED Hqg_L0_1 operations 354
S07_PAIRED Hqg_L1_1 operations 105
S07_PAIRED Hqg_Regular_1 operations 8465
S07_PAIRED Hqg_LODelta_m1 operations 113
S07_PAIRED Hqg_Delta_m1 operations 3312
S07_PAIRED Hqg_L0_m1 operations 363
S07_PAIRED Hqg_L1_m1 operations 104
S07_PAIRED Hqg_Regular_m1 operations 8541
S07_PAIRED Hqg_LODelta_0 operations 113
S07_PAIRED Hqg_Delta_0 operations 1691
S07_PAIRED Hqg_L0_0 operations 261
S07_PAIRED Hqg_L1_0 operations 99
S07_PAIRED Hqg_Regular_0 operations 2081
PROGRESS SIDIS numerics S07 2026-09-07T16:42:02.952071+00:00: Native evaluator completed for Hqq,Hgg,Hqqbar,Hqqprime,Hgq,Hqg; all 7662 direct-Wolfram comparisons passed. Operation tables, source and checks retain production/provenance value. Next complete remaining channels and run the full convolution.
S07_SUCCESS all 7662
MONITOR_WAKE {"stage": "s07", "source": "s07_compile_hard_functions.py", "source_sha256": "eb710c9604d4bbe8a493e18e02e89a904868295003fc67467839cc3592124c4c", "job_id": "14693777", "host": "n6044", "exit_code": 0, "success_marker": true, "result_checks": {"s07_result": true}, "command": ["/u/local/apps/anaconda3/2023.03/bin/python", "-u", "-c", "import os,sys\nfrom pathlib import Path\nfor name in ['s07_evaluator.cpp','s07_evaluator.so']:\n p=Path('s07_cache')/name\n if p.exists():p.unlink()\nos.execv(sys.executable,[sys.executable,'-u','s07_compile_hard_functions.py'])"], "accepted_execution": true, "guard": null, "peak_rss_bytes": 704008192, "elapsed_seconds": 48.42550669051707, "completed_utc": "2026-09-07T16:42:03.340004+00:00"}
