"PASS: ""explicit authorized single local kernel"
"PASS: ""bound complete local source"
"PASS: ""pinned input Hgg/s08_mapping_inputs_result/s08_component_0008.wl"
"PASS: ""pinned input Hgg/s08_mapping_inputs_result/s08_recovery_execution.json"
"PASS: ""pinned input common/s08_inputs.json"
"PASS: ""pinned input common/s08_result/reference/s03_real_families.wl"
"PASS: ""pinned input common/s08_result/reference/s11_real_master_coefficients.wl"
"PASS: ""pinned input Hgg/s05_result/s05_result.wl"
"PASS: ""pinned input common/s06_result/s06_result.wl"
"PASS: ""pinned input common/s06_result/reference/s02_result.wl"
"PASS: ""pinned input common/s06_result/reference/s04_result.wl"
"PASS: ""pinned input common/s08_result/reference/s08_map_real_spin_before_known_denominator.wls"
"PASS: ""pinned input common/s08_resume_Hqg_polynomial_maps.wls"
"PASS: ""pinned input common/s08_map_Hgg_component_inputs.wls"
"PASS: ""pinned input common/s08_map_Hgg_factored_inputs.wls"
"PASS: ""pinned input common/s05_project_Hgg_piecewise_storage.wls"
"PASS: ""pinned input Hgg/s05_result/s05_metadata.wl"
"PASS: ""pinned input Hgg/s05_result/s05_component_manifest.json"
"PASS: ""pinned input Hgg/s05_result/s05_execution.json"
"PASS: ""pinned input Hgq/s08_certified_denominator_result/s08_result.wl"
"PASS: ""pinned input misc/s06_imported_groups.json"
"PASS: ""pinned input Hqg/s08_polynomial_group_result/s08_result.wl"
"PASS: ""pinned input Hqg/s08_polynomial_group_result/s08_execution.json"
"PASS: ""pinned input Hgg/s08_factored_atom_certificate_result/s08_result.wl"
"PASS: ""pinned input Hgg/s08_factored_atom_certificate_result/s08_execution.json"
"PASS: ""pinned input Hgg/s08_scalar_certificate_result/s08_result.wl"
"PASS: ""pinned input Hgg/s08_scalar_certificate_result/s08_execution.json"
"PASS: ""pinned input Hgg/s08_compact_groups_result/s08_result.wl"
"PASS: ""pinned input Hgg/s08_compact_groups_result/s08_execution.json"
"PASS: ""pinned input Hgg/s08_external_factor_result/s08_result.wl"
"PASS: ""pinned input Hgg/s08_external_factor_result/s08_execution.json"
"PASS: ""pinned input Hgg/s08_response_read_result/s08_result.wl"
"PASS: ""pinned input Hgg/s08_response_read_result/s08_execution.json"
"PASS: ""pinned input Hgg/s05_projected_components_result/Photon_4/s05_payload_0018.txt"
"PASS: ""pinned input Hgg/s05_projected_components_result/Photon_4/s05_payload_0022.txt"
"PASS: ""pinned input Hgg/s05_projected_components_result/Photon_4/s05_payload_0019.txt"
"PASS: ""pinned input Hgg/s05_projected_components_result/Photon_4/s05_payload_0015.txt"
"PASS: ""pinned input Hgg/s05_projected_components_result/Photon_4/s05_payload_0008.txt"
"PASS: ""pinned input Hgg/s05_projected_components_result/Photon_4/s05_payload_0014.txt"
"PASS: ""pinned input Hgg/s05_projected_components_result/Photon_4/s05_payload_0005.txt"
"PASS: ""pinned input Hgg/s05_projected_components_result/Photon_4/s05_payload_0023.txt"
"PASS: ""pinned input Hgg/s05_projected_components_result/Photon_4/s05_payload_0010.txt"
"PASS: ""pinned input Hgg/s05_projected_components_result/Photon_4/s05_payload_0006.txt"
"PASS: ""pinned input Hgg/s05_projected_components_result/Photon_4/s05_payload_0027.txt"
"PASS: ""pinned input Hgg/s05_projected_components_result/Photon_4/s05_payload_0004.txt"
"PASS: ""pinned input Hgg/s05_projected_components_result/Photon_4/s05_payload_0011.txt"
"PASS: ""pinned input Hgg/s05_projected_components_result/Photon_4/s05_payload_0001.txt"
"PASS: ""pinned input Hgg/s05_projected_components_result/Photon_4/s05_payload_0012.txt"
"PASS: ""pinned input Hgg/s05_projected_components_result/Photon_4/s05_payload_0003.txt"
"PASS: ""pinned input Hgg/s05_projected_components_result/Photon_4/s05_payload_0028.txt"
"PASS: ""pinned input Hgg/s05_projected_components_result/Photon_4/s05_execution.json"
"PASS: ""pinned input Hgg/s05_projected_components_result/Photon_4/s05_payload_0007.txt"
"PASS: ""pinned input Hgg/s05_projected_components_result/Photon_4/s05_payload_0025.txt"
"PASS: ""pinned input Hgg/s05_projected_components_result/Photon_4/s05_checks.json"
"PASS: ""pinned input Hgg/s05_projected_components_result/Photon_4/s05_result.wl"
"PASS: ""pinned input Hgg/s05_projected_components_result/Photon_4/s05_payload_0009.txt"
"PASS: ""pinned input Hgg/s05_projected_components_result/Photon_4/s05_payload_0016.txt"
"PASS: ""pinned input Hgg/s05_projected_components_result/Photon_4/s05_payload_0013.txt"
"PASS: ""pinned input Hgg/s05_projected_components_result/Photon_4/s05_payload_0026.txt"
"PASS: ""pinned input Hgg/s05_projected_components_result/Photon_4/s05_payload_manifest.json"
"PASS: ""pinned input Hgg/s05_projected_components_result/Photon_4/s05_payload_0017.txt"
"PASS: ""pinned input Hgg/s05_projected_components_result/Photon_4/s05_payload_0002.txt"
"PASS: ""pinned input Hgg/s05_projected_components_result/Photon_4/s05_payload_0021.txt"
"PASS: ""pinned input Hgg/s05_projected_components_result/Photon_4/s05_payload_0024.txt"
"PASS: ""pinned input Hgg/s05_projected_components_result/Photon_4/s05_payload_0020.txt"
"PASS: ""pinned input misc/s06_work/cache/s08_Hgg_grouped/244be3fbf4bd6c97320bdf9194b8d1744e45b97597929aba9717bf70927353ec_numeric_phase/component_38_outer_1_group_0001.wl"
"PASS: ""pinned input misc/s06_work/cache/s08_Hgg_grouped/244be3fbf4bd6c97320bdf9194b8d1744e45b97597929aba9717bf70927353ec_numeric_phase/component_38_outer_1_group_0002.wl"
"PASS: ""pinned input misc/s06_work/cache/s08_Hgg_grouped/244be3fbf4bd6c97320bdf9194b8d1744e45b97597929aba9717bf70927353ec_numeric_phase/component_38_outer_1_group_0003.wl"
"PASS: ""pinned input misc/s06_work/cache/s08_Hgg_grouped/244be3fbf4bd6c97320bdf9194b8d1744e45b97597929aba9717bf70927353ec_numeric_phase/component_38_outer_1_group_0004.wl"
"PASS: ""pinned input misc/s06_work/cache/s08_Hgg_grouped/244be3fbf4bd6c97320bdf9194b8d1744e45b97597929aba9717bf70927353ec_numeric_phase/component_38_outer_1_group_0005.wl"
"PASS: ""pinned input misc/s06_work/cache/s08_Hgg_grouped/244be3fbf4bd6c97320bdf9194b8d1744e45b97597929aba9717bf70927353ec_numeric_phase/component_38_outer_1_group_0006.wl"
"PASS: ""pinned input misc/s06_work/cache/s08_Hgg_grouped/244be3fbf4bd6c97320bdf9194b8d1744e45b97597929aba9717bf70927353ec_numeric_phase/component_38_outer_1_group_0007.wl"
"PASS: ""pinned input misc/s06_work/cache/s08_Hgg_grouped/244be3fbf4bd6c97320bdf9194b8d1744e45b97597929aba9717bf70927353ec_numeric_phase/component_38_outer_1_group_0008.wl"
"PASS: ""pinned input misc/s06_work/cache/s08_Hgg_grouped/244be3fbf4bd6c97320bdf9194b8d1744e45b97597929aba9717bf70927353ec_numeric_phase/component_38_outer_1_group_0009.wl"
"PASS: ""pinned input misc/s06_work/cache/s08_Hgg_grouped/244be3fbf4bd6c97320bdf9194b8d1744e45b97597929aba9717bf70927353ec_numeric_phase/component_38_outer_1_group_0010.wl"
"PASS: ""pinned input misc/s06_work/cache/s08_Hgg_grouped/244be3fbf4bd6c97320bdf9194b8d1744e45b97597929aba9717bf70927353ec_numeric_phase/component_38_outer_1_group_0011.wl"
"PASS: ""pinned input misc/s06_work/cache/s08_Hgg_grouped/244be3fbf4bd6c97320bdf9194b8d1744e45b97597929aba9717bf70927353ec_numeric_phase/component_38_outer_1_group_0012.wl"
"PASS: ""pinned input misc/s06_work/cache/s08_Hgg_grouped/244be3fbf4bd6c97320bdf9194b8d1744e45b97597929aba9717bf70927353ec_numeric_phase/component_38_outer_1_group_0013.wl"
"PASS: ""pinned input misc/s06_work/cache/s08_Hgg_grouped/244be3fbf4bd6c97320bdf9194b8d1744e45b97597929aba9717bf70927353ec_numeric_phase/component_38_outer_1_group_0014.wl"
"PASS: ""pinned input misc/s06_work/cache/s08_Hgg_grouped/244be3fbf4bd6c97320bdf9194b8d1744e45b97597929aba9717bf70927353ec_numeric_phase/component_38_outer_1_group_0015.wl"
"PASS: ""pinned input misc/s06_work/cache/s08_Hgg_grouped/244be3fbf4bd6c97320bdf9194b8d1744e45b97597929aba9717bf70927353ec_numeric_phase/component_38_outer_1_group_0016.wl"
"PASS: ""pinned input misc/s06_work/cache/s08_Hgg_grouped/244be3fbf4bd6c97320bdf9194b8d1744e45b97597929aba9717bf70927353ec_numeric_phase/component_38_outer_1_group_0017.wl"
"PASS: ""pinned input misc/s06_work/cache/s08_Hgg_grouped/244be3fbf4bd6c97320bdf9194b8d1744e45b97597929aba9717bf70927353ec_numeric_phase/component_38_outer_1_group_0018.wl"
"PASS: ""pinned input misc/s06_work/cache/s08_Hgg_grouped/244be3fbf4bd6c97320bdf9194b8d1744e45b97597929aba9717bf70927353ec_numeric_phase/component_38_outer_1_group_0019.wl"
"PASS: ""pinned input misc/s06_work/cache/s08_Hgg_grouped/244be3fbf4bd6c97320bdf9194b8d1744e45b97597929aba9717bf70927353ec_numeric_phase/component_38_outer_1_group_0020.wl"
"PASS: ""pinned input misc/s06_work/cache/s08_Hgg_grouped/244be3fbf4bd6c97320bdf9194b8d1744e45b97597929aba9717bf70927353ec_numeric_phase/component_38_outer_1_group_0021.wl"
"PASS: ""pinned input misc/s06_result/reference/full_response_attempt/s06_map_Hgg_local.wls"
"PASS: ""pinned input misc/s06_result/reference/full_response_attempt/s06_inputs.json"
"PASS: ""pinned input misc/s06_result/reference/full_response_attempt/s06_control.wl"
"PASS: ""pinned input misc/s06_result/reference/full_response_attempt/s06_execution.json"
"PASS: ""pinned input misc/s06_result/reference/full_response_attempt/s06.log"
"PASS: ""accepted receipt Hgg/s08_mapping_inputs_result/s08_component_0008.wl"
"PASS: ""accepted checks Hgg/s08_mapping_inputs_result/s08_component_0008.wl"
"PASS: ""own complete Hgg native input"
"PASS: ""same FeynCalc serialization version"
"PASS: ""unchanged scientific input common/s08_inputs.json"
"PASS: ""unchanged scientific input common/s08_result/reference/s03_real_families.wl"
"PASS: ""unchanged scientific input common/s08_result/reference/s11_real_master_coefficients.wl"
"PASS: ""unchanged scientific input Hgg/s05_result/s05_result.wl"
"PASS: ""unchanged scientific input common/s06_result/s06_result.wl"
"PASS: ""unchanged scientific input common/s06_result/reference/s02_result.wl"
"PASS: ""unchanged scientific input common/s06_result/reference/s04_result.wl"
"PASS: ""unique reviewed source block common/s08_result/reference/s08_map_real_spin_before_known_denominator.wls"
"PASS: ""complete source block syntax common/s08_result/reference/s08_map_real_spin_before_known_denominator.wls"
"PASS: ""exact own original mapping definitions"
"PASS: ""accepted receipt Hqg/s08_polynomial_group_result/s08_result.wl"
"PASS: ""accepted checks Hqg/s08_polynomial_group_result/s08_result.wl"
"PASS: ""accepted reusable polynomial contract"
"PASS: ""unchanged exact native writer"
"PASS: ""accepted receipt Hgg/s08_factored_atom_certificate_result/s08_result.wl"
"PASS: ""accepted checks Hgg/s08_factored_atom_certificate_result/s08_result.wl"
"PASS: ""accepted exact atom implementation"
"PASS: ""accepted receipt Hgg/s08_scalar_certificate_result/s08_result.wl"
"PASS: ""accepted checks Hgg/s08_scalar_certificate_result/s08_result.wl"
"PASS: ""accepted exact scalar certificates"
"PASS: ""accepted receipt Hgg/s08_compact_groups_result/s08_result.wl"
"PASS: ""accepted checks Hgg/s08_compact_groups_result/s08_result.wl"
"PASS: ""accepted compact grouping contract"
"PASS: ""only accepted piece mapper installed"
"PASS: ""accepted receipt Hgg/s08_external_factor_result/s08_result.wl"
"PASS: ""accepted checks Hgg/s08_external_factor_result/s08_result.wl"
"PASS: ""accepted exact external-factor implementation"
"PASS: ""unique reviewed source block common/s08_resume_Hqg_polynomial_maps.wls"
"PASS: ""complete source block syntax common/s08_resume_Hqg_polynomial_maps.wls"
"PASS: ""accepted receipt Hgg/s08_response_read_result/s08_result.wl"
"PASS: ""accepted checks Hgg/s08_response_read_result/s08_result.wl"
"PASS: ""accepted input reader native version"
"PASS: ""unique reviewed source block common/s08_map_Hgg_component_inputs.wls"
"PASS: ""complete source block syntax common/s08_map_Hgg_component_inputs.wls"
"PASS: ""unique accepted payload read"
"PASS: ""complete single-component reader syntax"
"PASS: ""accepted complete metadata"
"PASS: ""Hgg accepted bounded component interface"
"PASS: ""Hgg complete distinct native task inventory"
"PASS: ""Hgg deferred tasks retain exact ordering"
"HGG_COMPONENT_TASKS "98" metadata_bytes "84640
"PASS: ""own native task identity"
"PASS: ""selected components exist"
"PASS: ""accepted original scalar reduction"
"PASS: ""scientific group identity matches imported checkpoints"
"PASS: ""original mapping input identity reproduced"
"PASS: ""accepted actual local merge receipt"
"PASS: ""complete local merge and runtime comparison"
"PASS: ""single original metric task"
"PASS: ""original scalar payload interface"
"PASS: ""original scalar payload hash"
"PASS: ""accepted original scalar"
"PASS: ""complete additive input reconstruction"
"PASS: ""original explicit rational input reconstructs"
"PASS: ""explicit numerator is a loop polynomial"
"PASS: ""explicit denominator is a loop polynomial"
"PASS: ""every loop-dependent factor is a generated propagator"
"PASS: ""denominator ratio is loop independent"
"PASS: ""complete denominator scale reconstructs"
"PASS: ""atom extraction leaves a polynomial numerator"
"PASS: ""certificate original additive inventory"
"PASS: ""certificate exact original rational numerator"
"PASS: ""certificate exact actual prefactor"
"PASS: ""native exact atom denominator identity"
"PASS: ""atom identity specializes to the original input"
"PASS: ""atom identity specializes to the actual reconstructed term"
"PASS: ""every original term reconstructs exactly"
"PASS: ""group partition covers each original term exactly once"
"PASS: ""every grouped numerator is its complete exact sum"
"PASS: ""native complete linear grouping identity"
"PASS: ""formal identity specializes to every original reconstructed term"
"PASS: ""formal identity specializes to every actual group"
"PASS: ""complete denominator-group reconstruction"
"PASS: ""complete imported metric group inventory"
"PASS: ""exact original group file cache/s08_Hgg_grouped/244be3fbf4bd6c97320bdf9194b8d1744e45b97597929aba9717bf70927353ec/component_98_group_0001.wl"
"PASS: ""complete original metric group binding 1"
"PASS: ""exact original group file cache/s08_Hgg_grouped/244be3fbf4bd6c97320bdf9194b8d1744e45b97597929aba9717bf70927353ec/component_98_group_0002.wl"
"PASS: ""complete original metric group binding 2"
"PASS: ""exact original group file cache/s08_Hgg_grouped/244be3fbf4bd6c97320bdf9194b8d1744e45b97597929aba9717bf70927353ec/component_98_group_0003.wl"
"PASS: ""complete original metric group binding 3"
"PASS: ""exact original group file cache/s08_Hgg_grouped/244be3fbf4bd6c97320bdf9194b8d1744e45b97597929aba9717bf70927353ec/component_98_group_0004.wl"
"PASS: ""complete original metric group binding 4"
"PASS: ""exact original group file cache/s08_Hgg_grouped/244be3fbf4bd6c97320bdf9194b8d1744e45b97597929aba9717bf70927353ec/component_98_group_0005.wl"
"PASS: ""complete original metric group binding 5"
"PASS: ""exact original group file cache/s08_Hgg_grouped/244be3fbf4bd6c97320bdf9194b8d1744e45b97597929aba9717bf70927353ec/component_98_group_0006.wl"
"PASS: ""complete original metric group binding 6"
"PASS: ""exact original group file cache/s08_Hgg_grouped/244be3fbf4bd6c97320bdf9194b8d1744e45b97597929aba9717bf70927353ec/component_98_group_0007.wl"
"PASS: ""complete original metric group binding 7"
"PASS: ""exact original group file cache/s08_Hgg_grouped/244be3fbf4bd6c97320bdf9194b8d1744e45b97597929aba9717bf70927353ec/component_98_group_0008.wl"
"PASS: ""complete original metric group binding 8"
"PASS: ""exact original group file cache/s08_Hgg_grouped/244be3fbf4bd6c97320bdf9194b8d1744e45b97597929aba9717bf70927353ec/component_98_group_0009.wl"
"PASS: ""complete original metric group binding 9"
"PASS: ""exact original group file cache/s08_Hgg_grouped/244be3fbf4bd6c97320bdf9194b8d1744e45b97597929aba9717bf70927353ec/component_98_group_0010.wl"
"PASS: ""complete original metric group binding 10"
"PASS: ""exact original group file cache/s08_Hgg_grouped/244be3fbf4bd6c97320bdf9194b8d1744e45b97597929aba9717bf70927353ec/component_98_group_0011.wl"
"PASS: ""complete original metric group binding 11"
"PASS: ""exact original group file cache/s08_Hgg_grouped/244be3fbf4bd6c97320bdf9194b8d1744e45b97597929aba9717bf70927353ec/component_98_group_0012.wl"
"PASS: ""complete original metric group binding 12"
"PASS: ""exact original group file cache/s08_Hgg_grouped/244be3fbf4bd6c97320bdf9194b8d1744e45b97597929aba9717bf70927353ec/component_98_group_0013.wl"
"PASS: ""complete original metric group binding 13"
"PASS: ""exact original group file cache/s08_Hgg_grouped/244be3fbf4bd6c97320bdf9194b8d1744e45b97597929aba9717bf70927353ec/component_98_group_0014.wl"
"PASS: ""complete original metric group binding 14"
"PASS: ""exact original group file cache/s08_Hgg_grouped/244be3fbf4bd6c97320bdf9194b8d1744e45b97597929aba9717bf70927353ec/component_98_group_0015.wl"
"PASS: ""complete original metric group binding 15"
"PASS: ""exact original group file cache/s08_Hgg_grouped/244be3fbf4bd6c97320bdf9194b8d1744e45b97597929aba9717bf70927353ec/component_98_group_0016.wl"
"PASS: ""complete original metric group binding 16"
"PASS: ""exact original group file cache/s08_Hgg_grouped/244be3fbf4bd6c97320bdf9194b8d1744e45b97597929aba9717bf70927353ec/component_98_group_0017.wl"
"PASS: ""complete original metric group binding 17"
"PASS: ""exact original group file cache/s08_Hgg_grouped/244be3fbf4bd6c97320bdf9194b8d1744e45b97597929aba9717bf70927353ec/component_98_group_0018.wl"
"PASS: ""complete original metric group binding 18"
"PASS: ""exact original group file cache/s08_Hgg_grouped/244be3fbf4bd6c97320bdf9194b8d1744e45b97597929aba9717bf70927353ec/component_98_group_0019.wl"
"PASS: ""complete original metric group binding 19"
"PASS: ""exact original group file cache/s08_Hgg_grouped/244be3fbf4bd6c97320bdf9194b8d1744e45b97597929aba9717bf70927353ec/component_98_group_0020.wl"
"PASS: ""complete original metric group binding 20"
"PASS: ""exact original group file cache/s08_Hgg_grouped/244be3fbf4bd6c97320bdf9194b8d1744e45b97597929aba9717bf70927353ec/component_98_group_0021.wl"
"PASS: ""complete original metric group binding 21"
"PASS: ""exact original group file cache/s08_Hgg_grouped/244be3fbf4bd6c97320bdf9194b8d1744e45b97597929aba9717bf70927353ec/component_98_group_0022.wl"
"PASS: ""complete original metric group binding 22"
"PASS: ""exact original group file cache/s08_Hgg_grouped/244be3fbf4bd6c97320bdf9194b8d1744e45b97597929aba9717bf70927353ec/component_98_group_0023.wl"
"PASS: ""complete original metric group binding 23"
"PASS: ""exact original group file cache/s08_Hgg_grouped/244be3fbf4bd6c97320bdf9194b8d1744e45b97597929aba9717bf70927353ec/component_98_group_0024.wl"
"PASS: ""complete original metric group binding 24"
"PASS: ""exact original group file cache/s08_Hgg_grouped/244be3fbf4bd6c97320bdf9194b8d1744e45b97597929aba9717bf70927353ec/component_98_group_0025.wl"
"PASS: ""complete original metric group binding 25"
"PASS: ""exact original group file cache/s08_Hgg_grouped/244be3fbf4bd6c97320bdf9194b8d1744e45b97597929aba9717bf70927353ec/component_98_group_0026.wl"
"PASS: ""complete original metric group binding 26"
"PASS: ""exact original group file cache/s08_Hgg_grouped/244be3fbf4bd6c97320bdf9194b8d1744e45b97597929aba9717bf70927353ec/component_98_group_0027.wl"
"PASS: ""complete original metric group binding 27"
"PASS: ""exact original group file cache/s08_Hgg_grouped/244be3fbf4bd6c97320bdf9194b8d1744e45b97597929aba9717bf70927353ec/component_98_group_0028.wl"
"PASS: ""complete original metric group binding 28"
"PASS: ""exact original group file cache/s08_Hgg_grouped/244be3fbf4bd6c97320bdf9194b8d1744e45b97597929aba9717bf70927353ec/component_98_group_0029.wl"
"PASS: ""complete original metric group binding 29"
"PASS: ""exact original group file cache/s08_Hgg_grouped/244be3fbf4bd6c97320bdf9194b8d1744e45b97597929aba9717bf70927353ec/component_98_group_0030.wl"
"PASS: ""complete original metric group binding 30"
"PASS: ""exact original group file cache/s08_Hgg_grouped/244be3fbf4bd6c97320bdf9194b8d1744e45b97597929aba9717bf70927353ec/component_98_group_0031.wl"
"PASS: ""complete original metric group binding 31"
"PASS: ""exact original group file cache/s08_Hgg_grouped/244be3fbf4bd6c97320bdf9194b8d1744e45b97597929aba9717bf70927353ec/component_98_group_0032.wl"
"PASS: ""complete original metric group binding 32"
"PASS: ""exact original group file cache/s08_Hgg_grouped/244be3fbf4bd6c97320bdf9194b8d1744e45b97597929aba9717bf70927353ec/component_98_group_0033.wl"
"PASS: ""complete original metric group binding 33"
"PASS: ""exact original group file cache/s08_Hgg_grouped/244be3fbf4bd6c97320bdf9194b8d1744e45b97597929aba9717bf70927353ec/component_98_group_0034.wl"
"PASS: ""complete original metric group binding 34"
"PASS: ""exact original group file cache/s08_Hgg_grouped/244be3fbf4bd6c97320bdf9194b8d1744e45b97597929aba9717bf70927353ec/component_98_group_0035.wl"
"PASS: ""complete original metric group binding 35"
"PASS: ""exact original group file cache/s08_Hgg_grouped/244be3fbf4bd6c97320bdf9194b8d1744e45b97597929aba9717bf70927353ec/component_98_group_0036.wl"
"PASS: ""complete original metric group binding 36"
"PASS: ""complete original coefficient order"

FileHash::noopen: Cannot open /home/physics/projects/AI_Assisted_SIDIS/scripts/polarized_SIDIS/isc/s07_result/coefficients/f81854b5e2459036643ed5e1199395b92f478d9e6b2a4ced7ed045ca5dfc0062/coefficient_3e4858255621cb0dadb15a82c2afad917e3f5a22e396f9437451e17ede1ecb8a.wl.
"FAIL: ""exact local coefficient file"
