"PASS: ""authorized local finite assembly"
"PASS: ""complete source syntax"
"PASS: ""known assembly channel"
"PASS: ""pinned original final assembly"
"PASS: ""required input common/s02_result/s02_result.wl"
"PASS: ""required input common/s06_result/s06_result.wl"
"PASS: ""accepted spin basis and scalar library"
"PASS: ""s02 pinned library geometry"
"PASS: ""s08 pinned library geometry"
"PASS: ""required input misc/s11_result/s11_result.wl"
"PASS: ""actual accepted local integrated input"
"PASS: ""required input Hgg/s05_result/s05_result.wl"
"PASS: ""own native-subtraction assembly"
"PASS: ""required input Hgg/s11_native_result/s11_result.wl"
"PASS: ""bound accepted native subtraction"
"PASS: ""accepted integrated real tensor"
"PASS: ""accepted real tensor and subtraction"
"PASS: ""same physical spin and photon bases"
"PASS: ""matching explicit regulator scheme"
"PASS: ""pinned Hgg/s14_result/reference/phase_input.json"
"PASS: ""pinned Hgg/s11_result/reference/github_s09_result_s09_result.wl"
"PASS: ""pinned Hgg/s14_result/reference/unpolarized_F1_hat.wl"
"PASS: ""pinned Hgg/s14_result/reference/unpolarized_F2_hat.wl"
"PASS: ""reference hat symbols match inherited conventions"
"PASS: ""original projectors fully resolved"
"PASS: ""linear original scalar projectors"
"PASS: ""released spin tensor preserves exact frame"
"S14_INPUT_RELEASE "InputForm[<|"TensorBytes" -> 8515568, "MemoryBefore" -> 1005296224, "MemoryAfter" -> 997996136|>]
"PASS: ""incoming vector reconstructed in photon frame"
"PASS: ""original hat weights are independent of recoil and branch"
"PASS: ""small counterterm normalization"
"PASS: ""required input Hgg/s01_result/reference/s01_result/s01_inputs/s01_result/real.wl"
"PASS: ""generated fields match momenta"
"PASS: ""one tagged momentum"
"PASS: ""one small-channel sector"
"PASS: ""spectator weight matches contracted tensor"
"PASS: ""original small-channel phase normalization"
"PASS: ""real and subtraction coupling degrees match"
"PASS: ""no mixed color symbol contexts"
"PASS: ""unique integrated physical components"
"PASS: ""accepted reference phase implementation"
"PASS: ""unique original finite export"
"PASS: ""original finite assembly tail syntax"
"PASS: ""unique finite native export"
"PASS: ""unchanged finite assembly with compact storage"
"PASS: ""complete compact finite assembly syntax"
"PASS: ""accepted complete phase optimization"
"PASS: ""exact phase proof source and runtime"
"PASS: ""all original mathematical assembly inputs unchanged"
"PASS: ""pinned original Laurent implementation"
"PASS: ""unique complete Laurent definition"
"PASS: ""unique regulator expansion change"
"PASS: ""entire original Laurent algorithm retained"
"PASS: ""validated complete phase implementation installed"
"PASS: ""original complete assembly source pinned for reuse"
"PASS: ""accepted exact scoped Laurent predicate"
"PASS: ""bound accepted predicate parent generation"
"PASS: ""accepted full-component parent generation"
"PASS: ""accepted exact pole summation proof"
"PASS: ""exact sum proof source and control"
"PASS: ""unique original pole simplifier source"
"PASS: ""all original pole and finite gates retained"
"PASS: ""accepted complete actual final comparison"
"PASS: ""exact reference helper source and runtime"
"PASS: ""unique complete native polynomial implementation"
"PASS: ""all transfer equations and gates unchanged"
"PASS: ""unique native Hgg finite export"
"PASS: ""all original final Hgg gates retained"
"PASS: ""complete source exactly reconstructed"
"PASS: ""complete reviewed final consumer syntax"
"PASS: ""pinned accepted finite checkpoint {{1, 1, 1}, 1, \"Regular\"}"
"PASS: ""exact accepted finite checkpoint identity {{1, 1, 1}, 1, \"Regular\"}"
"PASS: ""entire accepted checkpoint payload preserved Own"
"PASS: ""actual native checkpoint reader interface Own"
"PASS: ""pinned accepted finite checkpoint {{4, 1, 1}, 1, \"Regular\"}"
"PASS: ""exact accepted finite checkpoint identity {{4, 1, 1}, 1, \"Regular\"}"
"PASS: ""entire accepted checkpoint payload preserved Actual"
"PASS: ""actual native checkpoint reader interface Actual"
"PASS: ""pinned accepted finite checkpoint {{4, 1, 1}, -1, \"Regular\"}"
"PASS: ""exact accepted finite checkpoint identity {{4, 1, 1}, -1, \"Regular\"}"
"PASS: ""full-component parent payload exactly preserved"
"PASS: ""accepted cache skips phase evaluation"
"PASS: ""same accepted nonzero functional control"
"PASS: ""accepted grouped actual polynomial backend"
"PASS: ""unique accepted native backend path"
"PASS: ""entire native polynomial transfer retained"
"PASS: ""unassigned exact functional generators"
"PASS: ""exact full functional-atom restoration"
"PASS: ""accepted exact polynomial backend retained"
"PASS: ""unassigned denominator generators"
"PASS: ""exact denominator-generator restoration"
"PASS: ""exact repeated opaque coefficient"
"PASS: ""unassigned opaque polynomial generators"
"PASS: ""exact full opaque-coefficient restoration"
"PASS: ""exact native distributive reconstruction"
"FACTORED_REFERENCE_TERMS count "5" input_bytes "179112" skeleton_bytes "528" terms_bytes "179096
"PASS: ""raw scalar ratio exactly reconstructs"
"PASS: ""unassigned algebraic input generators"
"PASS: ""algebraic generators preserve the exact input"
"PASS: ""complete rational polynomial support"
"PASS: ""unassigned polynomial transfer generators"
"PASS: ""complete polynomial transfer text reconstructs"
"PASS: ""exact native polynomial JSON transfer"
"RECOIL_POLYNOMIAL_BACKEND_START input_bytes "179112" transfer_bytes "24767
"EXACT_DENOMINATOR_GROUPS 5 5 0.0\nEXACT_GROUP_PREPARATION 5 5 5 0.003\nEXACT_POLYNOMIAL_SUM recoil_derivative 5 5 0.004\nPASS: exact grouped denominator polynomial sum\n"
""
"PASS: ""exact polynomial normalization completed"
"PASS: ""complete normalization backend identity"
"PASS: ""exact existing cancellation gates passed"
"PASS: ""complete physical scalar reconstruction"
"PASS: ""bounded normalized scalar cache"
"PASS: ""exact normalized scalar reload"
"RECOIL_POLYNOMIAL_ACCEPTED seconds "1.14034`6.50857935194537" input_bytes "179112" output_bytes "406976" backend_seconds "0.031940402994223405
"PASS: ""all physical functional generators restored"
"REFERENCE_PRECOMPRESSION input_bytes "179160" output_bytes "407024
"FACTORED_REFERENCE_TERMS count "1160" input_bytes "124472288" skeleton_bytes "196344" terms_bytes "124472288
"RECOIL_POLYNOMIAL_BACKEND_START input_bytes "124472288" transfer_bytes "16763582
"EXACT_DENOMINATOR_GROUPS 1160 2 0.014\nEXACT_GROUP_PREPARATION 2 2 2 0.03\nEXACT_POLYNOMIAL_SUM recoil_derivative 2 2 0.009\nPASS: exact grouped denominator polynomial sum\n"
""
"RECOIL_POLYNOMIAL_ACCEPTED seconds "27.021212`7.8832498183117865" input_bytes "124472288" output_bytes "406976" backend_seconds "0.07479274299839744
"PASS: ""buffer-release algorithm entire accepted nonzero result"
"REFERENCE_PRECOMPRESSION input_bytes "305972088" output_bytes "100114160
"PASS: ""actual final comparison within guarded final-only bound"
"PASS: complete Hgg finite resume interface"
