"Deriving angular master "{1, 1}
"Deriving angular master "{1, 2}
"PASS: angular master conventions (F24, F28)"
"Integrating ""real_0101.wl"
"Saved angular poles and finite terms"
"Integrating ""real_0102.wl"
"Saved angular poles and finite terms"
"Integrating ""real_0103.wl"
"Deriving angular master "{1, -1}
"Deriving angular master "{0, 0}
"Deriving angular master "{1, 0}
"Deriving angular master "{0, 1}
"Deriving angular master "{-1, 2}
"Deriving angular master "{0, 2}
"Saved angular poles and finite terms"
"Integrating ""real_0104.wl"
"Deriving angular master "{1, -2}
"Deriving angular master "{0, -1}
"Deriving angular master "{-1, 1}
"Deriving angular master "{-1, 0}
"Saved angular poles and finite terms"
"Integrating ""real_0202.wl"
"Saved angular poles and finite terms"
"Integrating ""real_0203.wl"
"Deriving angular master "{-2, 1}
"Saved angular poles and finite terms"
"Integrating ""real_0204.wl"
"Saved angular poles and finite terms"
"Integrating ""real_0303.wl"
"Deriving angular master "{2, 0}
"Deriving angular master "{2, 1}
"Deriving angular master "{2, 2}
"Deriving angular master "{2, -2}
"Deriving angular master "{2, -1}
"Saved angular poles and finite terms"
"Integrating ""real_0304.wl"
"Deriving angular master "{1, -3}
"Deriving angular master "{0, -2}
"Deriving angular master "{-1, -1}
"Deriving angular master "{-2, 0}
"Saved angular poles and finite terms"
"Integrating ""real_0404.wl"
"Saved angular poles and finite terms"
"PASS: no recoil endpoint distributions at symbolic epsilon"
"PASS: symbolic angular integrals saved (overall Pi factored out)"
