"S05_START ""export"
"S05_PREPARE ""Hgq_F1_LODelta_1"" leaves="56
"S05_REGULAR_EXACT ""F1_LODelta"" leaves="56
"S05_OPTIMIZE ""Hgq_F1_LODelta_1"" leaves="56
"S05_EXPORTED ""Hgq_F1_LODelta_1"" optimized="64
"S05_PREPARE ""Hgq_F1_Delta_1"" leaves="17890
"S05_REGULAR_EXACT ""F1_Delta"" leaves="11534
"S05_OPTIMIZE ""Hgq_F1_Delta_1"" leaves="11534
"S05_EXPORTED ""Hgq_F1_Delta_1"" optimized="5030
"S05_PREPARE ""Hgq_F1_L0_1"" leaves="996
"S05_REGULAR_EXACT ""F1_L0"" leaves="635
"S05_OPTIMIZE ""Hgq_F1_L0_1"" leaves="635
"S05_EXPORTED ""Hgq_F1_L0_1"" optimized="563
"S05_PREPARE ""Hgq_F1_L1_1"" leaves="132
"S05_REGULAR_EXACT ""F1_L1"" leaves="72
"S05_OPTIMIZE ""Hgq_F1_L1_1"" leaves="72
"S05_EXPORTED ""Hgq_F1_L1_1"" optimized="78
"S05_PREPARE ""Hgq_F1_Regular_1"" leaves="65097
"S05_REGULAR_EXACT ""F1_Regular"" leaves="35671
"S05_OPTIMIZE ""Hgq_F1_Regular_1"" leaves="35671
"S05_EXPORTED ""Hgq_F1_Regular_1"" optimized="13379
"S05_PREPARE ""Hgq_F1_LODelta_m1"" leaves="56
"S05_REGULAR_EXACT ""F1_LODelta"" leaves="56
"S05_OPTIMIZE ""Hgq_F1_LODelta_m1"" leaves="56
"S05_EXPORTED ""Hgq_F1_LODelta_m1"" optimized="64
"S05_PREPARE ""Hgq_F1_Delta_m1"" leaves="19755
"S05_REGULAR_EXACT ""F1_Delta"" leaves="12921
"S05_OPTIMIZE ""Hgq_F1_Delta_m1"" leaves="12921
"S05_EXPORTED ""Hgq_F1_Delta_m1"" optimized="4992
"S05_PREPARE ""Hgq_F1_L0_m1"" leaves="1010
"S05_REGULAR_EXACT ""F1_L0"" leaves="647
"S05_OPTIMIZE ""Hgq_F1_L0_m1"" leaves="647
"S05_EXPORTED ""Hgq_F1_L0_m1"" optimized="590
"S05_PREPARE ""Hgq_F1_L1_m1"" leaves="132
"S05_REGULAR_EXACT ""F1_L1"" leaves="72
"S05_OPTIMIZE ""Hgq_F1_L1_m1"" leaves="72
"S05_EXPORTED ""Hgq_F1_L1_m1"" optimized="78
"S05_PREPARE ""Hgq_F1_Regular_m1"" leaves="72162
"S05_REGULAR_EXACT ""F1_Regular"" leaves="39835
"S05_OPTIMIZE ""Hgq_F1_Regular_m1"" leaves="39835
"S05_EXPORTED ""Hgq_F1_Regular_m1"" optimized="13427
"S05_PREPARE ""Hgq_F1_LODelta_0"" leaves="56
"S05_REGULAR_EXACT ""F1_LODelta"" leaves="56

                                                                                           527    31 (170 + Sqrt[5270])
N::meprec: Internal precision limit $MaxExtraPrecision = 50. reached while evaluating Sqrt[---] - ---------------------.
                                                                                           10     10 (31 + Sqrt[5270])

                                                                                                                                                                              527                                                                                                     31
                                                                                                                                                                      63 Sqrt[---]                                                                                            23 Sqrt[---]
                                                                                                           527        -31 (170 + Sqrt[5270])                  1147            10           1742439              170               37           42439         23         23            170         1        2          1                                      10                    527    31 (170 + Sqrt[5270])
N::meprec: Internal precision limit $MaxExtraPrecision = 50. reached while evaluating {Q2 -> 17, s -> Sqrt[---], t -> ----------------------, ss -> 0, B -> -(----) + ------------, mu2 -> -------, xh -> ----------------, zH -> ---, PHT2 -> ------, xB -> ---, xi -> --- + ------------, as -> -, cq -> -, co -> -(-), ns -> 2, no -> 2, nf -> 4, csum -> --, omega -> Abs[Sqrt[---] - ---------------------]}.
                                                                                                           10          10 (31 + Sqrt[5270])                   1000        100              200000         170 + Sqrt[5270]        100          100000        100        100       100             5        3          3                                      9                     10     10 (31 + Sqrt[5270])

                                                                                                                                                                              527                                                                                                     31
                                                                                                                                                                      63 Sqrt[---]                                                                                            23 Sqrt[---]
                                                                                                           527        -31 (170 + Sqrt[5270])                  1147            10           1742439              170               37           42439         23         23            170         1        2          1                                      10                    527    31 (170 + Sqrt[5270])
N::meprec: Internal precision limit $MaxExtraPrecision = 50. reached while evaluating {Q2 -> 17, s -> Sqrt[---], t -> ----------------------, ss -> 0, B -> -(----) + ------------, mu2 -> -------, xh -> ----------------, zH -> ---, PHT2 -> ------, xB -> ---, xi -> --- + ------------, as -> -, cq -> -, co -> -(-), ns -> 2, no -> 2, nf -> 4, csum -> --, omega -> Abs[Sqrt[---] - ---------------------]}.
                                                                                                           10          10 (31 + Sqrt[5270])                   1000        100              200000         170 + Sqrt[5270]        100          100000        100        100       100             5        3          3                                      9                     10     10 (31 + Sqrt[5270])

General::stop: Further output of N::meprec will be suppressed during this calculation.
"S05_OPTIMIZE ""Hgq_F1_LODelta_0"" leaves="56
"S05_EXPORTED ""Hgq_F1_LODelta_0"" optimized="64
"S05_PREPARE ""Hgq_F1_Delta_0"" leaves="6530
"S05_REGULAR_EXACT ""F1_Delta"" leaves="4078
"S05_OPTIMIZE ""Hgq_F1_Delta_0"" leaves="4078
"S05_EXPORTED ""Hgq_F1_Delta_0"" optimized="2363
"S05_PREPARE ""Hgq_F1_L0_0"" leaves="512
"S05_REGULAR_EXACT ""F1_L0"" leaves="338
"S05_OPTIMIZE ""Hgq_F1_L0_0"" leaves="338
"S05_EXPORTED ""Hgq_F1_L0_0"" optimized="335
"S05_PREPARE ""Hgq_F1_L1_0"" leaves="87
"S05_REGULAR_EXACT ""F1_L1"" leaves="53
"S05_OPTIMIZE ""Hgq_F1_L1_0"" leaves="53
"S05_EXPORTED ""Hgq_F1_L1_0"" optimized="59
"S05_PREPARE ""Hgq_F1_Regular_0"" leaves="8443
"S05_REGULAR_EXACT ""F1_Regular"" leaves="5820
"S05_OPTIMIZE ""Hgq_F1_Regular_0"" leaves="5820
"S05_EXPORTED ""Hgq_F1_Regular_0"" optimized="3341
"S05_PREPARE ""Hgq_F2_LODelta_1"" leaves="100
"S05_REGULAR_EXACT ""F2_LODelta"" leaves="100
"S05_OPTIMIZE ""Hgq_F2_LODelta_1"" leaves="100
"S05_EXPORTED ""Hgq_F2_LODelta_1"" optimized="108
"S05_PREPARE ""Hgq_F2_Delta_1"" leaves="17897
"S05_REGULAR_EXACT ""F2_Delta"" leaves="11539
"S05_OPTIMIZE ""Hgq_F2_Delta_1"" leaves="11539
"S05_EXPORTED ""Hgq_F2_Delta_1"" optimized="5035
"S05_PREPARE ""Hgq_F2_L0_1"" leaves="1002
"S05_REGULAR_EXACT ""F2_L0"" leaves="641
"S05_OPTIMIZE ""Hgq_F2_L0_1"" leaves="641
"S05_EXPORTED ""Hgq_F2_L0_1"" optimized="569
"S05_PREPARE ""Hgq_F2_L1_1"" leaves="138
"S05_REGULAR_EXACT ""F2_L1"" leaves="78
"S05_OPTIMIZE ""Hgq_F2_L1_1"" leaves="78
"S05_EXPORTED ""Hgq_F2_L1_1"" optimized="88
"S05_PREPARE ""Hgq_F2_Regular_1"" leaves="65102
"S05_REGULAR_EXACT ""F2_Regular"" leaves="35676
"S05_OPTIMIZE ""Hgq_F2_Regular_1"" leaves="35676
"S05_EXPORTED ""Hgq_F2_Regular_1"" optimized="13378
"S05_PREPARE ""Hgq_F2_LODelta_m1"" leaves="100
"S05_REGULAR_EXACT ""F2_LODelta"" leaves="100
"S05_OPTIMIZE ""Hgq_F2_LODelta_m1"" leaves="100
"S05_EXPORTED ""Hgq_F2_LODelta_m1"" optimized="108
"S05_PREPARE ""Hgq_F2_Delta_m1"" leaves="19762
"S05_REGULAR_EXACT ""F2_Delta"" leaves="12926
"S05_OPTIMIZE ""Hgq_F2_Delta_m1"" leaves="12926
"S05_EXPORTED ""Hgq_F2_Delta_m1"" optimized="4997
"S05_PREPARE ""Hgq_F2_L0_m1"" leaves="1016
"S05_REGULAR_EXACT ""F2_L0"" leaves="653
"S05_OPTIMIZE ""Hgq_F2_L0_m1"" leaves="653
"S05_EXPORTED ""Hgq_F2_L0_m1"" optimized="596
"S05_PREPARE ""Hgq_F2_L1_m1"" leaves="138
"S05_REGULAR_EXACT ""F2_L1"" leaves="78
"S05_OPTIMIZE ""Hgq_F2_L1_m1"" leaves="78
"S05_EXPORTED ""Hgq_F2_L1_m1"" optimized="88
"S05_PREPARE ""Hgq_F2_Regular_m1"" leaves="72167
"S05_REGULAR_EXACT ""F2_Regular"" leaves="39840
"S05_OPTIMIZE ""Hgq_F2_Regular_m1"" leaves="39840
"S05_EXPORTED ""Hgq_F2_Regular_m1"" optimized="13426
"S05_PREPARE ""Hgq_F2_LODelta_0"" leaves="100
"S05_REGULAR_EXACT ""F2_LODelta"" leaves="100
"S05_OPTIMIZE ""Hgq_F2_LODelta_0"" leaves="100
"S05_EXPORTED ""Hgq_F2_LODelta_0"" optimized="108
"S05_PREPARE ""Hgq_F2_Delta_0"" leaves="6536
"S05_REGULAR_EXACT ""F2_Delta"" leaves="4083
"S05_OPTIMIZE ""Hgq_F2_Delta_0"" leaves="4083
"S05_EXPORTED ""Hgq_F2_Delta_0"" optimized="2364
"S05_PREPARE ""Hgq_F2_L0_0"" leaves="518
"S05_REGULAR_EXACT ""F2_L0"" leaves="344
"S05_OPTIMIZE ""Hgq_F2_L0_0"" leaves="344
"S05_EXPORTED ""Hgq_F2_L0_0"" optimized="341
"S05_PREPARE ""Hgq_F2_L1_0"" leaves="89
"S05_REGULAR_EXACT ""F2_L1"" leaves="55
"S05_OPTIMIZE ""Hgq_F2_L1_0"" leaves="55
"S05_EXPORTED ""Hgq_F2_L1_0"" optimized="65
"S05_PREPARE ""Hgq_F2_Regular_0"" leaves="8450
"S05_REGULAR_EXACT ""F2_Regular"" leaves="5826
"S05_OPTIMIZE ""Hgq_F2_Regular_0"" leaves="5826
"S05_EXPORTED ""Hgq_F2_Regular_0"" optimized="3341
"S05_CHANNEL_DONE ""Hgq"
"S05_SUCCESS ""Hgq"
