"S05_START ""export"
"S05_PREPARE ""Hqg_F1_LODelta_1"" leaves="90
"S05_REGULAR_EXACT ""F1_LODelta"" leaves="81
"S05_OPTIMIZE ""Hqg_F1_LODelta_1"" leaves="81
"S05_EXPORTED ""Hqg_F1_LODelta_1"" optimized="91
"S05_PREPARE ""Hqg_F1_Delta_1"" leaves="18581
"S05_REGULAR_EXACT ""F1_Delta"" leaves="11630
"S05_OPTIMIZE ""Hqg_F1_Delta_1"" leaves="11630
"S05_EXPORTED ""Hqg_F1_Delta_1"" optimized="4955
"S05_PREPARE ""Hqg_F1_L0_1"" leaves="980
"S05_REGULAR_EXACT ""F1_L0"" leaves="620
"S05_OPTIMIZE ""Hqg_F1_L0_1"" leaves="620
"S05_EXPORTED ""Hqg_F1_L0_1"" optimized="533
"S05_PREPARE ""Hqg_F1_L1_1"" leaves="156
"S05_REGULAR_EXACT ""F1_L1"" leaves="66
"S05_OPTIMIZE ""Hqg_F1_L1_1"" leaves="66
"S05_EXPORTED ""Hqg_F1_L1_1"" optimized="72
"S05_PREPARE ""Hqg_F1_Regular_1"" leaves="60440
"S05_REGULAR_EXACT ""F1_Regular"" leaves="32591
"S05_OPTIMIZE ""Hqg_F1_Regular_1"" leaves="32591
"S05_EXPORTED ""Hqg_F1_Regular_1"" optimized="12611
"S05_PREPARE ""Hqg_F1_LODelta_m1"" leaves="90
"S05_REGULAR_EXACT ""F1_LODelta"" leaves="81
"S05_OPTIMIZE ""Hqg_F1_LODelta_m1"" leaves="81
"S05_EXPORTED ""Hqg_F1_LODelta_m1"" optimized="91
"S05_PREPARE ""Hqg_F1_Delta_m1"" leaves="20323
"S05_REGULAR_EXACT ""F1_Delta"" leaves="12986
"S05_OPTIMIZE ""Hqg_F1_Delta_m1"" leaves="12986
"S05_EXPORTED ""Hqg_F1_Delta_m1"" optimized="4925
"S05_PREPARE ""Hqg_F1_L0_m1"" leaves="992
"S05_REGULAR_EXACT ""F1_L0"" leaves="634
"S05_OPTIMIZE ""Hqg_F1_L0_m1"" leaves="634
"S05_EXPORTED ""Hqg_F1_L0_m1"" optimized="554
"S05_PREPARE ""Hqg_F1_L1_m1"" leaves="150
"S05_REGULAR_EXACT ""F1_L1"" leaves="68
"S05_OPTIMIZE ""Hqg_F1_L1_m1"" leaves="68
"S05_EXPORTED ""Hqg_F1_L1_m1"" optimized="74
"S05_PREPARE ""Hqg_F1_Regular_m1"" leaves="66922
"S05_REGULAR_EXACT ""F1_Regular"" leaves="36387
"S05_OPTIMIZE ""Hqg_F1_Regular_m1"" leaves="36387
"S05_EXPORTED ""Hqg_F1_Regular_m1"" optimized="12718
"S05_PREPARE ""Hqg_F1_LODelta_0"" leaves="90
"S05_REGULAR_EXACT ""F1_LODelta"" leaves="81

                                                                                           527    31 (170 + Sqrt[5270])
N::meprec: Internal precision limit $MaxExtraPrecision = 50. reached while evaluating Sqrt[---] - ---------------------.
                                                                                           10     10 (31 + Sqrt[5270])

                                                                                                                                                                              527                                                                                                     31
                                                                                                                                                                      63 Sqrt[---]                                                                                            23 Sqrt[---]
                                                                                                           527        -31 (170 + Sqrt[5270])                  1147            10           1742439              170               37           42439         23         23            170         1        2          1                                      10                    527    31 (170 + Sqrt[5270])
N::meprec: Internal precision limit $MaxExtraPrecision = 50. reached while evaluating {Q2 -> 17, s -> Sqrt[---], t -> ----------------------, ss -> 0, B -> -(----) + ------------, mu2 -> -------, xh -> ----------------, zH -> ---, PHT2 -> ------, xB -> ---, xi -> --- + ------------, as -> -, cq -> -, co -> -(-), ns -> 2, no -> 2, nf -> 4, csum -> --, omega -> Abs[Sqrt[---] - ---------------------]}.
                                                                                                           10          10 (31 + Sqrt[5270])                   1000        100              200000         170 + Sqrt[5270]        100          100000        100        100       100             5        3          3                                      9                     10     10 (31 + Sqrt[5270])

                                                                                                                                                                              527                                                                                                     31
                                                                                                                                                                      63 Sqrt[---]                                                                                            23 Sqrt[---]
                                                                                                           527        -31 (170 + Sqrt[5270])                  1147            10           1742439              170               37           42439         23         23            170         1        2          1                                      10                    527    31 (170 + Sqrt[5270])
N::meprec: Internal precision limit $MaxExtraPrecision = 50. reached while evaluating {Q2 -> 17, s -> Sqrt[---], t -> ----------------------, ss -> 0, B -> -(----) + ------------, mu2 -> -------, xh -> ----------------, zH -> ---, PHT2 -> ------, xB -> ---, xi -> --- + ------------, as -> -, cq -> -, co -> -(-), ns -> 2, no -> 2, nf -> 4, csum -> --, omega -> Abs[Sqrt[---] - ---------------------]}.
                                                                                                           10          10 (31 + Sqrt[5270])                   1000        100              200000         170 + Sqrt[5270]        100          100000        100        100       100             5        3          3                                      9                     10     10 (31 + Sqrt[5270])

General::stop: Further output of N::meprec will be suppressed during this calculation.
"S05_OPTIMIZE ""Hqg_F1_LODelta_0"" leaves="81
"S05_EXPORTED ""Hqg_F1_LODelta_0"" optimized="91
"S05_PREPARE ""Hqg_F1_Delta_0"" leaves="7815
"S05_REGULAR_EXACT ""F1_Delta"" leaves="3937
"S05_OPTIMIZE ""Hqg_F1_Delta_0"" leaves="3937
"S05_EXPORTED ""Hqg_F1_Delta_0"" optimized="2286
"S05_PREPARE ""Hqg_F1_L0_0"" leaves="577
"S05_REGULAR_EXACT ""F1_L0"" leaves="344
"S05_OPTIMIZE ""Hqg_F1_L0_0"" leaves="344
"S05_EXPORTED ""Hqg_F1_L0_0"" optimized="333
"S05_PREPARE ""Hqg_F1_L1_0"" leaves="118
"S05_REGULAR_EXACT ""F1_L1"" leaves="56
"S05_OPTIMIZE ""Hqg_F1_L1_0"" leaves="56
"S05_EXPORTED ""Hqg_F1_L1_0"" optimized="62
"S05_PREPARE ""Hqg_F1_Regular_0"" leaves="8409
"S05_REGULAR_EXACT ""F1_Regular"" leaves="5526
"S05_OPTIMIZE ""Hqg_F1_Regular_0"" leaves="5526
"S05_EXPORTED ""Hqg_F1_Regular_0"" optimized="3215
"S05_PREPARE ""Hqg_F2_LODelta_1"" leaves="102
"S05_REGULAR_EXACT ""F2_LODelta"" leaves="96
"S05_OPTIMIZE ""Hqg_F2_LODelta_1"" leaves="96
"S05_EXPORTED ""Hqg_F2_LODelta_1"" optimized="102
"S05_PREPARE ""Hqg_F2_Delta_1"" leaves="18584
"S05_REGULAR_EXACT ""F2_Delta"" leaves="11635
"S05_OPTIMIZE ""Hqg_F2_Delta_1"" leaves="11635
"S05_EXPORTED ""Hqg_F2_Delta_1"" optimized="4960
"S05_PREPARE ""Hqg_F2_L0_1"" leaves="986
"S05_REGULAR_EXACT ""F2_L0"" leaves="626
"S05_OPTIMIZE ""Hqg_F2_L0_1"" leaves="626
"S05_EXPORTED ""Hqg_F2_L0_1"" optimized="539
"S05_PREPARE ""Hqg_F2_L1_1"" leaves="162
"S05_REGULAR_EXACT ""F2_L1"" leaves="74
"S05_OPTIMIZE ""Hqg_F2_L1_1"" leaves="74
"S05_EXPORTED ""Hqg_F2_L1_1"" optimized="84
"S05_PREPARE ""Hqg_F2_Regular_1"" leaves="60445
"S05_REGULAR_EXACT ""F2_Regular"" leaves="32596
"S05_OPTIMIZE ""Hqg_F2_Regular_1"" leaves="32596
"S05_EXPORTED ""Hqg_F2_Regular_1"" optimized="12616
"S05_PREPARE ""Hqg_F2_LODelta_m1"" leaves="102
"S05_REGULAR_EXACT ""F2_LODelta"" leaves="96
"S05_OPTIMIZE ""Hqg_F2_LODelta_m1"" leaves="96
"S05_EXPORTED ""Hqg_F2_LODelta_m1"" optimized="102
"S05_PREPARE ""Hqg_F2_Delta_m1"" leaves="20326
"S05_REGULAR_EXACT ""F2_Delta"" leaves="12991
"S05_OPTIMIZE ""Hqg_F2_Delta_m1"" leaves="12991
"S05_EXPORTED ""Hqg_F2_Delta_m1"" optimized="4930
"S05_PREPARE ""Hqg_F2_L0_m1"" leaves="998
"S05_REGULAR_EXACT ""F2_L0"" leaves="640
"S05_OPTIMIZE ""Hqg_F2_L0_m1"" leaves="640
"S05_EXPORTED ""Hqg_F2_L0_m1"" optimized="560
"S05_PREPARE ""Hqg_F2_L1_m1"" leaves="156
"S05_REGULAR_EXACT ""F2_L1"" leaves="76
"S05_OPTIMIZE ""Hqg_F2_L1_m1"" leaves="76
"S05_EXPORTED ""Hqg_F2_L1_m1"" optimized="86
"S05_PREPARE ""Hqg_F2_Regular_m1"" leaves="66927
"S05_REGULAR_EXACT ""F2_Regular"" leaves="36392
"S05_OPTIMIZE ""Hqg_F2_Regular_m1"" leaves="36392
"S05_EXPORTED ""Hqg_F2_Regular_m1"" optimized="12723
"S05_PREPARE ""Hqg_F2_LODelta_0"" leaves="102
"S05_REGULAR_EXACT ""F2_LODelta"" leaves="96
"S05_OPTIMIZE ""Hqg_F2_LODelta_0"" leaves="96
"S05_EXPORTED ""Hqg_F2_LODelta_0"" optimized="102
"S05_PREPARE ""Hqg_F2_Delta_0"" leaves="7815
"S05_REGULAR_EXACT ""F2_Delta"" leaves="3942
"S05_OPTIMIZE ""Hqg_F2_Delta_0"" leaves="3942
"S05_EXPORTED ""Hqg_F2_Delta_0"" optimized="2287
"S05_PREPARE ""Hqg_F2_L0_0"" leaves="583
"S05_REGULAR_EXACT ""F2_L0"" leaves="350
"S05_OPTIMIZE ""Hqg_F2_L0_0"" leaves="350
"S05_EXPORTED ""Hqg_F2_L0_0"" optimized="335
"S05_PREPARE ""Hqg_F2_L1_0"" leaves="124
"S05_REGULAR_EXACT ""F2_L1"" leaves="64
"S05_OPTIMIZE ""Hqg_F2_L1_0"" leaves="64
"S05_EXPORTED ""Hqg_F2_L1_0"" optimized="72
"S05_PREPARE ""Hqg_F2_Regular_0"" leaves="8416
"S05_REGULAR_EXACT ""F2_Regular"" leaves="5532
"S05_OPTIMIZE ""Hqg_F2_Regular_0"" leaves="5532
"S05_EXPORTED ""Hqg_F2_Regular_0"" optimized="3217
"S05_CHANNEL_DONE ""Hqg"
"S05_SUCCESS ""Hqg"
