"S05_START ""export"
"S05_PREPARE ""Hqq_F1_LODelta_1"" leaves="87
"S05_REGULAR_EXACT ""F1_LODelta"" leaves="78
"S05_OPTIMIZE ""Hqq_F1_LODelta_1"" leaves="78
"S05_EXPORTED ""Hqq_F1_LODelta_1"" optimized="88
"S05_PREPARE ""Hqq_F1_Delta_1"" leaves="18932
"S05_REGULAR_EXACT ""F1_Delta"" leaves="12722
"S05_OPTIMIZE ""Hqq_F1_Delta_1"" leaves="12722
"S05_EXPORTED ""Hqq_F1_Delta_1"" optimized="5200
"S05_PREPARE ""Hqq_F1_L0_1"" leaves="1281
"S05_REGULAR_EXACT ""F1_L0"" leaves="889
"S05_OPTIMIZE ""Hqq_F1_L0_1"" leaves="889
"S05_EXPORTED ""Hqq_F1_L0_1"" optimized="637
"S05_PREPARE ""Hqq_F1_L1_1"" leaves="172
"S05_REGULAR_EXACT ""F1_L1"" leaves="72
"S05_OPTIMIZE ""Hqq_F1_L1_1"" leaves="72
"S05_EXPORTED ""Hqq_F1_L1_1"" optimized="78
"S05_PREPARE ""Hqq_F1_Regular_1"" leaves="117428
"S05_REGULAR_EXACT ""F1_Regular"" leaves="69759
"S05_OPTIMIZE ""Hqq_F1_Regular_1"" leaves="69759
"S05_EXPORTED ""Hqq_F1_Regular_1"" optimized="25801
"S05_PREPARE ""Hqq_F1_LODelta_m1"" leaves="87
"S05_REGULAR_EXACT ""F1_LODelta"" leaves="78
"S05_OPTIMIZE ""Hqq_F1_LODelta_m1"" leaves="78
"S05_EXPORTED ""Hqq_F1_LODelta_m1"" optimized="88
"S05_PREPARE ""Hqq_F1_Delta_m1"" leaves="20753
"S05_REGULAR_EXACT ""F1_Delta"" leaves="14134
"S05_OPTIMIZE ""Hqq_F1_Delta_m1"" leaves="14134
"S05_EXPORTED ""Hqq_F1_Delta_m1"" optimized="5214
"S05_PREPARE ""Hqq_F1_L0_m1"" leaves="1269
"S05_REGULAR_EXACT ""F1_L0"" leaves="887
"S05_OPTIMIZE ""Hqq_F1_L0_m1"" leaves="887
"S05_EXPORTED ""Hqq_F1_L0_m1"" optimized="647
"S05_PREPARE ""Hqq_F1_L1_m1"" leaves="172
"S05_REGULAR_EXACT ""F1_L1"" leaves="70
"S05_OPTIMIZE ""Hqq_F1_L1_m1"" leaves="70
"S05_EXPORTED ""Hqq_F1_L1_m1"" optimized="76
"S05_PREPARE ""Hqq_F1_Regular_m1"" leaves="130084
"S05_REGULAR_EXACT ""F1_Regular"" leaves="77631
"S05_OPTIMIZE ""Hqq_F1_Regular_m1"" leaves="77631
"S05_EXPORTED ""Hqq_F1_Regular_m1"" optimized="25873
"S05_PREPARE ""Hqq_F1_LODelta_0"" leaves="87
"S05_REGULAR_EXACT ""F1_LODelta"" leaves="78

                                                                                           527    31 (170 + Sqrt[5270])
N::meprec: Internal precision limit $MaxExtraPrecision = 50. reached while evaluating Sqrt[---] - ---------------------.
                                                                                           10     10 (31 + Sqrt[5270])

                                                                                                                                                                              527                                                                                                     31
                                                                                                                                                                      63 Sqrt[---]                                                                                            23 Sqrt[---]
                                                                                                           527        -31 (170 + Sqrt[5270])                  1147            10           1742439              170               37           42439         23         23            170         1        2          1                                      10                    527    31 (170 + Sqrt[5270])
N::meprec: Internal precision limit $MaxExtraPrecision = 50. reached while evaluating {Q2 -> 17, s -> Sqrt[---], t -> ----------------------, ss -> 0, B -> -(----) + ------------, mu2 -> -------, xh -> ----------------, zH -> ---, PHT2 -> ------, xB -> ---, xi -> --- + ------------, as -> -, cq -> -, co -> -(-), ns -> 2, no -> 2, nf -> 4, csum -> --, omega -> Abs[Sqrt[---] - ---------------------]}.
                                                                                                           10          10 (31 + Sqrt[5270])                   1000        100              200000         170 + Sqrt[5270]        100          100000        100        100       100             5        3          3                                      9                     10     10 (31 + Sqrt[5270])

                                                                                                                                                                              527                                                                                                     31
                                                                                                                                                                      63 Sqrt[---]                                                                                            23 Sqrt[---]
                                                                                                           527        -31 (170 + Sqrt[5270])                  1147            10           1742439              170               37           42439         23         23            170         1        2          1                                      10                    527    31 (170 + Sqrt[5270])
N::meprec: Internal precision limit $MaxExtraPrecision = 50. reached while evaluating {Q2 -> 17, s -> Sqrt[---], t -> ----------------------, ss -> 0, B -> -(----) + ------------, mu2 -> -------, xh -> ----------------, zH -> ---, PHT2 -> ------, xB -> ---, xi -> --- + ------------, as -> -, cq -> -, co -> -(-), ns -> 2, no -> 2, nf -> 4, csum -> --, omega -> Abs[Sqrt[---] - ---------------------]}.
                                                                                                           10          10 (31 + Sqrt[5270])                   1000        100              200000         170 + Sqrt[5270]        100          100000        100        100       100             5        3          3                                      9                     10     10 (31 + Sqrt[5270])

General::stop: Further output of N::meprec will be suppressed during this calculation.
"S05_OPTIMIZE ""Hqq_F1_LODelta_0"" leaves="78
"S05_EXPORTED ""Hqq_F1_LODelta_0"" optimized="88
"S05_PREPARE ""Hqq_F1_Delta_0"" leaves="4727
"S05_REGULAR_EXACT ""F1_Delta"" leaves="2670
"S05_OPTIMIZE ""Hqq_F1_Delta_0"" leaves="2670
"S05_EXPORTED ""Hqq_F1_Delta_0"" optimized="1617
"S05_PREPARE ""Hqq_F1_L0_0"" leaves="463
"S05_REGULAR_EXACT ""F1_L0"" leaves="311
"S05_OPTIMIZE ""Hqq_F1_L0_0"" leaves="311
"S05_EXPORTED ""Hqq_F1_L0_0"" optimized="311
"S05_PREPARE ""Hqq_F1_L1_0"" leaves="90
"S05_REGULAR_EXACT ""F1_L1"" leaves="47
"S05_OPTIMIZE ""Hqq_F1_L1_0"" leaves="47
"S05_EXPORTED ""Hqq_F1_L1_0"" optimized="55
"S05_PREPARE ""Hqq_F1_Regular_0"" leaves="11451
"S05_REGULAR_EXACT ""F1_Regular"" leaves="7783
"S05_OPTIMIZE ""Hqq_F1_Regular_0"" leaves="7783
"S05_EXPORTED ""Hqq_F1_Regular_0"" optimized="4360
"S05_PREPARE ""Hqq_F2_LODelta_1"" leaves="100
"S05_REGULAR_EXACT ""F2_LODelta"" leaves="93
"S05_OPTIMIZE ""Hqq_F2_LODelta_1"" leaves="93
"S05_EXPORTED ""Hqq_F2_LODelta_1"" optimized="99
"S05_PREPARE ""Hqq_F2_Delta_1"" leaves="18940
"S05_REGULAR_EXACT ""F2_Delta"" leaves="12726
"S05_OPTIMIZE ""Hqq_F2_Delta_1"" leaves="12726
"S05_EXPORTED ""Hqq_F2_Delta_1"" optimized="5204
"S05_PREPARE ""Hqq_F2_L0_1"" leaves="1287
"S05_REGULAR_EXACT ""F2_L0"" leaves="895
"S05_OPTIMIZE ""Hqq_F2_L0_1"" leaves="895
"S05_EXPORTED ""Hqq_F2_L0_1"" optimized="643
"S05_PREPARE ""Hqq_F2_L1_1"" leaves="179
"S05_REGULAR_EXACT ""F2_L1"" leaves="80
"S05_OPTIMIZE ""Hqq_F2_L1_1"" leaves="80
"S05_EXPORTED ""Hqq_F2_L1_1"" optimized="90
"S05_PREPARE ""Hqq_F2_Regular_1"" leaves="117433
"S05_REGULAR_EXACT ""F2_Regular"" leaves="69764
"S05_OPTIMIZE ""Hqq_F2_Regular_1"" leaves="69764
"S05_EXPORTED ""Hqq_F2_Regular_1"" optimized="25800
"S05_PREPARE ""Hqq_F2_LODelta_m1"" leaves="100
"S05_REGULAR_EXACT ""F2_LODelta"" leaves="93
"S05_OPTIMIZE ""Hqq_F2_LODelta_m1"" leaves="93
"S05_EXPORTED ""Hqq_F2_LODelta_m1"" optimized="99
"S05_PREPARE ""Hqq_F2_Delta_m1"" leaves="20761
"S05_REGULAR_EXACT ""F2_Delta"" leaves="14138
"S05_OPTIMIZE ""Hqq_F2_Delta_m1"" leaves="14138
"S05_EXPORTED ""Hqq_F2_Delta_m1"" optimized="5218
"S05_PREPARE ""Hqq_F2_L0_m1"" leaves="1275
"S05_REGULAR_EXACT ""F2_L0"" leaves="893
"S05_OPTIMIZE ""Hqq_F2_L0_m1"" leaves="893
"S05_EXPORTED ""Hqq_F2_L0_m1"" optimized="653
"S05_PREPARE ""Hqq_F2_L1_m1"" leaves="179
"S05_REGULAR_EXACT ""F2_L1"" leaves="78
"S05_OPTIMIZE ""Hqq_F2_L1_m1"" leaves="78
"S05_EXPORTED ""Hqq_F2_L1_m1"" optimized="88
"S05_PREPARE ""Hqq_F2_Regular_m1"" leaves="130089
"S05_REGULAR_EXACT ""F2_Regular"" leaves="77636
"S05_OPTIMIZE ""Hqq_F2_Regular_m1"" leaves="77636
"S05_EXPORTED ""Hqq_F2_Regular_m1"" optimized="25872
"S05_PREPARE ""Hqq_F2_LODelta_0"" leaves="100
"S05_REGULAR_EXACT ""F2_LODelta"" leaves="93
"S05_OPTIMIZE ""Hqq_F2_LODelta_0"" leaves="93
"S05_EXPORTED ""Hqq_F2_LODelta_0"" optimized="99
"S05_PREPARE ""Hqq_F2_Delta_0"" leaves="4735
"S05_REGULAR_EXACT ""F2_Delta"" leaves="2675
"S05_OPTIMIZE ""Hqq_F2_Delta_0"" leaves="2675
"S05_EXPORTED ""Hqq_F2_Delta_0"" optimized="1618
"S05_PREPARE ""Hqq_F2_L0_0"" leaves="469
"S05_REGULAR_EXACT ""F2_L0"" leaves="317
"S05_OPTIMIZE ""Hqq_F2_L0_0"" leaves="317
"S05_EXPORTED ""Hqq_F2_L0_0"" optimized="317
"S05_PREPARE ""Hqq_F2_L1_0"" leaves="100
"S05_REGULAR_EXACT ""F2_L1"" leaves="53
"S05_OPTIMIZE ""Hqq_F2_L1_0"" leaves="53
"S05_EXPORTED ""Hqq_F2_L1_0"" optimized="61
"S05_PREPARE ""Hqq_F2_Regular_0"" leaves="11457
"S05_REGULAR_EXACT ""F2_Regular"" leaves="7789
"S05_OPTIMIZE ""Hqq_F2_Regular_0"" leaves="7789
"S05_EXPORTED ""Hqq_F2_Regular_0"" optimized="4360
"S05_CHANNEL_DONE ""Hqq"
"S05_SUCCESS ""Hqq"
