WARNING:root:[91mpython3.12+ support: For reweighting feature, please use 3.6.X release.[0m
************************************************************
*                                                          *
*                     W E L C O M E to                     *
*              M A D G R A P H 5 _ a M C @ N L O           *
*                                                          *
*                                                          *
*                 *                       *                *
*                   *        * *        *                  *
*                     * * * * 5 * * * *                    *
*                   *        * *        *                  *
*                 *                       *                *
*                                                          *
*         VERSION 3.7.0                 2026-01-05         *
*                                                          *
*    The MadGraph5_aMC@NLO Development Team - Find us at   *
*              http://madgraph.phys.ucl.ac.be/             *
*                            and                           *
*            http://amcatnlo.web.cern.ch/amcatnlo/         *
*                                                          *
*               Type 'help' for in-line help.              *
*           Type 'tutorial' to learn how MG5 works         *
*    Type 'tutorial aMCatNLO' to learn how aMC@NLO works   *
*    Type 'tutorial MadLoop' to learn how MadLoop works    *
*                                                          *
************************************************************
load MG5 configuration from ../../Hgq_v4/madgraph_check/software/MG5_aMC_v3_7_0/input/mg5_configuration.txt 
set fastjet to fastjet-config
eMELA-config does not seem to correspond to a valid eMELA-config executable.
 Please set the 'fastjet'variable to the full (absolute) /PATH/TO/eMELA-config (including eMELA-config).
 MG5_aMC> set eMELA /PATH/TO/eMELA-config

lhapdf-config does not seem to correspond to a valid lhapdf-config executable. 
Please set the 'lhapdf' variable to the (absolute) /PATH/TO/lhapdf-config (including lhapdf-config).
Note that you can still compile and run aMC@NLO with the built-in PDFs
 MG5_aMC> set lhapdf /PATH/TO/lhapdf-config

Using default text editor "vi". Set another one in ./input/mg5_configuration.txt
No valid eps viewer found. Please set in ./input/mg5_configuration.txt
No valid web browser found. Please set in ./input/mg5_configuration.txt
Using default gzip "pigz". Set another one in ./input/mg5_configuration.txt
import /home/physics/projects/AI_Assisted_SIDIS/scripts/Hgg_v2/madgraph_check/s01_process.mg5
The import format was not given, so we guess it as command
set automatic_html_opening False
This option will be the default in any output that you are going to create in this session.
In order to keep this changes permanent please run 'save options'
set notification_center False
This option will be the default in any output that you are going to create in this session.
In order to keep this changes permanent please run 'save options'
import model sm
INFO: reload from .py file 
INFO: load particles 
INFO: load vertices 
INFO: Restrict model sm with file ../../Hgq_v4/madgraph_check/software/MG5_aMC_v3_7_0/models/sm/restrict_default.dat . 
INFO: Run "set stdout_level DEBUG" before import for more information. 
INFO: Change particles name to pass to MG5 convention 
Defined multiparticle p = g u c d s u~ c~ d~ s~
Defined multiparticle j = g u c d s u~ c~ d~ s~
Defined multiparticle l+ = e+ mu+
Defined multiparticle l- = e- mu-
Defined multiparticle vl = ve vm vt
Defined multiparticle vl~ = ve~ vm~ vt~
Defined multiparticle all = g u c d s u~ c~ d~ s~ a ve vm vt e- mu- ve~ vm~ vt~ e+ mu+ t b t~ b~ z w+ h w- ta- ta+
generate a g > g u u~ QCD=2 QED=1
[1;34mInterpreting 'QED=1' as 'QED<=1'[0m
[1;34mInterpreting 'QCD=2' as 'QCD<=2'[0m
INFO: Trying process: a g > g u u~ QCD<=2 QED<=1 @1  
INFO: Process has 8 diagrams 
1 processes with 8 diagrams generated in 0.010 s
Total: 1 processes with 8 diagrams
output standalone /home/physics/projects/AI_Assisted_SIDIS/scripts/Hgg_v2/madgraph_check/standalone -f
INFO: initialize a new standalone directory: standalone 
INFO: Organizing processes into subprocess groups 
INFO: Generating Helas calls for process: a g > g u u~ QCD<=2 QED<=1 @1 
INFO: Processing color information for process: a g > g u u~ QCD<=2 QED<=1 @1 
INFO: Creating files in directory /home/physics/projects/AI_Assisted_SIDIS/scripts/Hgg_v2/madgraph_check/standalone/SubProcesses/P1_ag_guux 
INFO: Generating Feynman diagrams for Process: a g > g u u~ QCD<=2 QED<=1 @1 
Generated helas calls for 1 subprocesses (8 diagrams) in 0.009 s
Wrote files for 20 helas calls in 0.015 s
ALOHA: aloha starts to compute helicity amplitudes
ALOHA: aloha creates 2 routines in  0.066 s
INFO: Use Fortran compiler gfortran 
INFO: Running make for Source directory 
Output to directory /home/physics/projects/AI_Assisted_SIDIS/scripts/Hgg_v2/madgraph_check/standalone done.
quit
quit
