
Momentum::shdw: Symbol Momentum appears in multiple contexts {FeynCalc`, Global`}; definitions in context FeynCalc` may shadow or be shadowed by other definitions.

Pair::shdw: Symbol Pair appears in multiple contexts {FeynCalc`, Global`}; definitions in context FeynCalc` may shadow or be shadowed by other definitions.

SPD::shdw: Symbol SPD appears in multiple contexts {FeynCalc`, Global`}; definitions in context FeynCalc` may shadow or be shadowed by other definitions.

Spinor::shdw: Symbol Spinor appears in multiple contexts {FeynCalc`, Global`}; definitions in context FeynCalc` may shadow or be shadowed by other definitions.

SUNN::shdw: Symbol SUNN appears in multiple contexts {FeynCalc`, Global`}; definitions in context FeynCalc` may shadow or be shadowed by other definitions.

ExpandScalarProduct::shdw: Symbol ExpandScalarProduct appears in multiple contexts {FeynCalc`, Global`}; definitions in context FeynCalc` may shadow or be shadowed by other definitions.

FCClearScalarProducts::shdw: Symbol FCClearScalarProducts appears in multiple contexts {FeynCalc`, Global`}; definitions in context FeynCalc` may shadow or be shadowed by other definitions.

FCVariable::shdw: Symbol FCVariable appears in multiple contexts {FeynCalc`, Global`}; definitions in context FeynCalc` may shadow or be shadowed by other definitions.

DataType::shdw: Symbol DataType appears in multiple contexts {FeynCalc`, Global`}; definitions in context FeynCalc` may shadow or be shadowed by other definitions.
"PASS: ""authorized bounded local execution"
"PASS: ""isolated local result owner"
"PASS: ""complete source syntax"
"PASS: ""supported subtraction channel"
"PASS: ""pinned subtraction input Hqg/s11_result/reference/s10_result.wl"
"PASS: ""pinned subtraction input Hqg/s11_result/reference/s10_collinear_subtraction.wl"
"PASS: ""reference subtraction source binding"
"PASS: ""accepted spin splitting kernels"
"PASS: ""Hgq accepted Born"
"PASS: ""Hgq pinned open amplitudes"
"PASS: ""Hgq core resolved species"
"PASS: ""Hqg accepted Born"
"PASS: ""Hqg pinned open amplitudes"
"PASS: ""Hqg core resolved species"
"PASS: ""Hqq accepted Born"
"PASS: ""Hqq pinned open amplitudes"
"PASS: ""Hqq core resolved species"
"PASS: ""unique generated Born species"
"PASS: ""shared accepted photon and spin bases"
"PASS: ""pinned real scalar products"
"PASS: ""scaled invariants evaluated"
"PASS: ""unique convolution roots"
"PASS: ""exact reference roots and Jacobians"
"PASS: ""convolution roots in physical support"
"PASS: ""unique real frame"
"PASS: ""real frame defining equations"
"PASS: ""Hgq PDF mapped physical momenta"
"PASS: ""Hgq PDF fixed photon and spin axes"
"PASS: ""Hgq FF mapped physical momenta"
"PASS: ""Hgq FF fixed photon and spin axes"
"PASS: ""Hqg PDF mapped physical momenta"
"PASS: ""Hqg PDF fixed photon and spin axes"
"PASS: ""Hqg FF mapped physical momenta"
"PASS: ""Hqg FF fixed photon and spin axes"
"PASS: ""Hqq PDF mapped physical momenta"
"PASS: ""Hqq PDF fixed photon and spin axes"
"PASS: ""Hqq FF mapped physical momenta"
"PASS: ""Hqq FF fixed photon and spin axes"
"PASS: ""complete reference route inventory"
"PASS: ""same kernel normalization qq"
"PASS: ""same kernel normalization gg"
"PASS: ""same kernel normalization qg"
"PASS: ""plus mapping has a positive endpoint scale"
"PASS: ""auxiliary endpoint pole cancels"
"PASS: ""auxiliary endpoint regulator removed"
"PASS: ""mapped convolution reconstructs its ordinary part"
"PASS: ""PDF distribution inventory"
"PASS: ""PDF Pg original convolution"
"PASS: ""PDF Ppp original convolution"
"PASS: ""GluonFragmentation distribution inventory"
"PASS: ""GluonFragmentation Pg original convolution"
"PASS: ""GluonFragmentation Ppp original convolution"
"PASS: ""QuarkFragmentation distribution inventory"
"PASS: ""QuarkFragmentation Pg original convolution"
"PASS: ""QuarkFragmentation Ppp original convolution"
"PASS: ""accepted local exact residual comparison"
"PASS: ""own gluon subtraction channel"
"PASS: ""same original and completed subtraction inputs"
"PASS: ""unchanged actual convolution input common/s11_inputs.json"
"PASS: ""unchanged actual convolution input common/s01_inputs.json"
"PASS: ""unchanged actual convolution input common/s10_result/s10_result.wl"
"PASS: ""unchanged actual convolution input Hgq/s03_result/s03_result.wl"
"PASS: ""unchanged actual convolution input Hgq/s01_result/reference/s01_result/s01_inputs/s01_result.wl"
"PASS: ""unchanged actual convolution input Hqg/s03_result/s03_result.wl"
"PASS: ""unchanged actual convolution input Hqg/s01_result/reference/s01_result/s01_inputs/s04_result.wl"
"PASS: ""unchanged actual convolution input Hqq/s03_result/s03_result.wl"
"PASS: ""unchanged actual convolution input Hqq/s01_result/reference/s01_result/s01_inputs/s01_result.wl"
"PASS: ""unchanged actual convolution input Hqq/s01_result/reference/s01_result/s01_inputs/s02_result.wl"
"PASS: ""unchanged actual convolution input common/s02_result/s02_result.wl"
"PASS: ""unchanged actual convolution input Hqqprime/s11_dimensional_result/s11_result.wl"
"PASS: ""unchanged actual convolution input common/s11_check_dimensional_convolution.wls"
"PASS: ""unchanged actual convolution input common/s11_result/reference/s11_small_collinear_spin_before_dimensional.wls"
"PASS: ""unchanged actual convolution input common/s11_result/reference/s11_collinear_spin_convolutions_before_dimensional.wls"
"PASS: ""unchanged actual convolution input Hqg/s11_result/reference/before_dimensional_completion/s11_result.wl"
"PASS: ""unchanged actual convolution input Hqg/s11_result/reference/s10_result.wl"
"PASS: ""unchanged actual convolution input Hqg/s11_result/reference/s10_collinear_subtraction.wl"
"PASS: ""accepted native intermediate transfer"
"PASS: ""unchanged native transition input common/s10_collinear_spin_kernels.wls"
"PASS: ""unchanged native transition input common/s10_result/s10_result.wl"
"PASS: ""unchanged native transition input Hgq/s10_gluon_transfer_result/s10_result.wl"
"PASS: ""unchanged native transition input common/s10_inputs.json"
"PASS: ""unchanged native transition input common/s10_result/reference/s08_result.wl"
"PASS: ""unchanged native transition input common/s10_result/reference/s08_collinear_subtraction.wl"
"PASS: ""unchanged native transition input common/s02_result/s02_result.wl"
"PASS: ""unchanged native transition input Hqq/s01_result/reference/s01_result/s01_inputs/s02_result.wl"
"PASS: ""unique own intermediate gluon route"
"PASS: ""same physical Born response"
"PASS: ""extra Born component vanishes in physical dimension"
"PASS: ""native outgoing transfer derived from parent Gram dual"
"PASS: ""native dimensional average from parent projector norm"
"PASS: ""same accepted incoming-gluon average convention"
"PASS: ""all CDR physical limits equal accepted spin kernels"
"PASS: ""complete CDR unpolarized kernel"
"PASS: ""CDR regulator remainder has zero physical limit"
"PASS: ""CDR scheme subtraction preserves unpolarized kernel"
"PASS: ""exact MS scheme operator reconstruction"
"PASS: ""CDR finite conversion has no soft endpoint"
"NATIVE_CDR_SPIN_KERNEL "InputForm[{{(-4*SUNN*(1 - z + z^2)^2)/((-1 + z)*z), 0, 0, 0}, {0, (-4*SUNN*z)/(-1 + z), 0, 0}, {0, 0, (-4*SUNN*z)/(-1 + z), 0}, {0, 0, 0, (-4*SUNN*(4 - 10*z + D*z + 4*z^2))/((-2 + D)*(-1 + z))}}]
"NATIVE_CDR_REGULATOR_REMAINDER "InputForm[{{0, 0, 0, 0}, {0, 0, 0, 0}, {0, 0, 0, 0}, {0, 0, 0, (8*(-4 + D)*SUNN*(-1 + z))/(-2 + D)}}]
"PASS: ""exact dimensional kernel decomposition"
"PASS: ""unchanged leading physical kernel"
"PASS: ""dimensional kernel difference has no soft endpoint"
"PASS: ""dimensional unpolarized MS kernel has no regulator term"
"DIMENSIONAL_OPERATOR_CONVOLUTION "1" "1" "1
"DIMENSIONAL_OPERATOR_CONVOLUTION "1" "1" "2
"DIMENSIONAL_OPERATOR_CONVOLUTION "1" "1" "3
"DIMENSIONAL_OPERATOR_CONVOLUTION "1" "1" "4
"DIMENSIONAL_OPERATOR_CONVOLUTION "1" "2" "1
"DIMENSIONAL_OPERATOR_CONVOLUTION "1" "2" "2
"DIMENSIONAL_OPERATOR_CONVOLUTION "1" "2" "3
"DIMENSIONAL_OPERATOR_CONVOLUTION "1" "2" "4
"DIMENSIONAL_OPERATOR_CONVOLUTION "1" "3" "1
"DIMENSIONAL_OPERATOR_CONVOLUTION "1" "3" "2
"DIMENSIONAL_OPERATOR_CONVOLUTION "1" "3" "3
"DIMENSIONAL_OPERATOR_CONVOLUTION "1" "3" "4
"DIMENSIONAL_OPERATOR_CONVOLUTION "1" "4" "1
"DIMENSIONAL_OPERATOR_CONVOLUTION "1" "4" "2
"DIMENSIONAL_OPERATOR_CONVOLUTION "1" "4" "3
"DIMENSIONAL_OPERATOR_CONVOLUTION "1" "4" "4
"DIMENSIONAL_OPERATOR_CONVOLUTION "2" "1" "1
"DIMENSIONAL_OPERATOR_CONVOLUTION "2" "1" "2
"DIMENSIONAL_OPERATOR_CONVOLUTION "2" "1" "3
"DIMENSIONAL_OPERATOR_CONVOLUTION "2" "1" "4
"DIMENSIONAL_OPERATOR_CONVOLUTION "2" "2" "1
"DIMENSIONAL_OPERATOR_CONVOLUTION "2" "2" "2
"DIMENSIONAL_OPERATOR_CONVOLUTION "2" "2" "3
"DIMENSIONAL_OPERATOR_CONVOLUTION "2" "2" "4
"DIMENSIONAL_OPERATOR_CONVOLUTION "2" "3" "1
"DIMENSIONAL_OPERATOR_CONVOLUTION "2" "3" "2
"DIMENSIONAL_OPERATOR_CONVOLUTION "2" "3" "3
"DIMENSIONAL_OPERATOR_CONVOLUTION "2" "3" "4
"DIMENSIONAL_OPERATOR_CONVOLUTION "2" "4" "1
"DIMENSIONAL_OPERATOR_CONVOLUTION "2" "4" "2
"DIMENSIONAL_OPERATOR_CONVOLUTION "2" "4" "3
"DIMENSIONAL_OPERATOR_CONVOLUTION "2" "4" "4
"DIMENSIONAL_OPERATOR_CONVOLUTION "3" "1" "1
"DIMENSIONAL_OPERATOR_CONVOLUTION "3" "1" "2
"DIMENSIONAL_OPERATOR_CONVOLUTION "3" "1" "3
"DIMENSIONAL_OPERATOR_CONVOLUTION "3" "1" "4
"DIMENSIONAL_OPERATOR_CONVOLUTION "3" "2" "1
"DIMENSIONAL_OPERATOR_CONVOLUTION "3" "2" "2
"DIMENSIONAL_OPERATOR_CONVOLUTION "3" "2" "3
"DIMENSIONAL_OPERATOR_CONVOLUTION "3" "2" "4
"DIMENSIONAL_OPERATOR_CONVOLUTION "3" "3" "1
"DIMENSIONAL_OPERATOR_CONVOLUTION "3" "3" "2
"DIMENSIONAL_OPERATOR_CONVOLUTION "3" "3" "3
"DIMENSIONAL_OPERATOR_CONVOLUTION "3" "3" "4
"DIMENSIONAL_OPERATOR_CONVOLUTION "3" "4" "1
"DIMENSIONAL_OPERATOR_CONVOLUTION "3" "4" "2
"DIMENSIONAL_OPERATOR_CONVOLUTION "3" "4" "3
"DIMENSIONAL_OPERATOR_CONVOLUTION "3" "4" "4
"DIMENSIONAL_OPERATOR_CONVOLUTION "4" "1" "1
"DIMENSIONAL_OPERATOR_CONVOLUTION "4" "1" "2
"DIMENSIONAL_OPERATOR_CONVOLUTION "4" "1" "3
"DIMENSIONAL_OPERATOR_CONVOLUTION "4" "1" "4
"DIMENSIONAL_OPERATOR_CONVOLUTION "4" "2" "1
"DIMENSIONAL_OPERATOR_CONVOLUTION "4" "2" "2
"DIMENSIONAL_OPERATOR_CONVOLUTION "4" "2" "3
"DIMENSIONAL_OPERATOR_CONVOLUTION "4" "2" "4
"DIMENSIONAL_OPERATOR_CONVOLUTION "4" "3" "1
"DIMENSIONAL_OPERATOR_CONVOLUTION "4" "3" "2
"DIMENSIONAL_OPERATOR_CONVOLUTION "4" "3" "3
"DIMENSIONAL_OPERATOR_CONVOLUTION "4" "3" "4
"DIMENSIONAL_OPERATOR_CONVOLUTION "4" "4" "1
"DIMENSIONAL_OPERATOR_CONVOLUTION "4" "4" "2
"DIMENSIONAL_OPERATOR_CONVOLUTION "4" "4" "3
"DIMENSIONAL_OPERATOR_CONVOLUTION "4" "4" "4
"DIMENSIONAL_OPERATOR_CONVOLUTION "5" "1" "1
"DIMENSIONAL_OPERATOR_CONVOLUTION "5" "1" "2
"DIMENSIONAL_OPERATOR_CONVOLUTION "5" "1" "3
"DIMENSIONAL_OPERATOR_CONVOLUTION "5" "1" "4
"DIMENSIONAL_OPERATOR_CONVOLUTION "5" "2" "1
"DIMENSIONAL_OPERATOR_CONVOLUTION "5" "2" "2
"DIMENSIONAL_OPERATOR_CONVOLUTION "5" "2" "3
"DIMENSIONAL_OPERATOR_CONVOLUTION "5" "2" "4
"DIMENSIONAL_OPERATOR_CONVOLUTION "5" "3" "1
"DIMENSIONAL_OPERATOR_CONVOLUTION "5" "3" "2
"DIMENSIONAL_OPERATOR_CONVOLUTION "5" "3" "3
"DIMENSIONAL_OPERATOR_CONVOLUTION "5" "3" "4
"DIMENSIONAL_OPERATOR_CONVOLUTION "5" "4" "1
"DIMENSIONAL_OPERATOR_CONVOLUTION "5" "4" "2
"DIMENSIONAL_OPERATOR_CONVOLUTION "5" "4" "3
"DIMENSIONAL_OPERATOR_CONVOLUTION "5" "4" "4
"DIMENSIONAL_OPERATOR_CONVOLUTION "6" "1" "1
"DIMENSIONAL_OPERATOR_CONVOLUTION "6" "1" "2
"DIMENSIONAL_OPERATOR_CONVOLUTION "6" "1" "3
"DIMENSIONAL_OPERATOR_CONVOLUTION "6" "1" "4
"DIMENSIONAL_OPERATOR_CONVOLUTION "6" "2" "1
"DIMENSIONAL_OPERATOR_CONVOLUTION "6" "2" "2
"DIMENSIONAL_OPERATOR_CONVOLUTION "6" "2" "3
"DIMENSIONAL_OPERATOR_CONVOLUTION "6" "2" "4
"DIMENSIONAL_OPERATOR_CONVOLUTION "6" "3" "1
"DIMENSIONAL_OPERATOR_CONVOLUTION "6" "3" "2
"DIMENSIONAL_OPERATOR_CONVOLUTION "6" "3" "3
"DIMENSIONAL_OPERATOR_CONVOLUTION "6" "3" "4
"DIMENSIONAL_OPERATOR_CONVOLUTION "6" "4" "1
"DIMENSIONAL_OPERATOR_CONVOLUTION "6" "4" "2
"DIMENSIONAL_OPERATOR_CONVOLUTION "6" "4" "3
"DIMENSIONAL_OPERATOR_CONVOLUTION "6" "4" "4
"DIMENSIONAL_OPERATOR_CONVOLUTION "7" "1" "1
"DIMENSIONAL_OPERATOR_CONVOLUTION "7" "1" "2
"DIMENSIONAL_OPERATOR_CONVOLUTION "7" "1" "3
"DIMENSIONAL_OPERATOR_CONVOLUTION "7" "1" "4
"DIMENSIONAL_OPERATOR_CONVOLUTION "7" "2" "1
"DIMENSIONAL_OPERATOR_CONVOLUTION "7" "2" "2
"DIMENSIONAL_OPERATOR_CONVOLUTION "7" "2" "3
"DIMENSIONAL_OPERATOR_CONVOLUTION "7" "2" "4
"DIMENSIONAL_OPERATOR_CONVOLUTION "7" "3" "1
"DIMENSIONAL_OPERATOR_CONVOLUTION "7" "3" "2
"DIMENSIONAL_OPERATOR_CONVOLUTION "7" "3" "3
"DIMENSIONAL_OPERATOR_CONVOLUTION "7" "3" "4
"DIMENSIONAL_OPERATOR_CONVOLUTION "7" "4" "1
"DIMENSIONAL_OPERATOR_CONVOLUTION "7" "4" "2
"DIMENSIONAL_OPERATOR_CONVOLUTION "7" "4" "3
"DIMENSIONAL_OPERATOR_CONVOLUTION "7" "4" "4
"DIMENSIONAL_OPERATOR_CONVOLUTION "8" "1" "1
"DIMENSIONAL_OPERATOR_CONVOLUTION "8" "1" "2
"DIMENSIONAL_OPERATOR_CONVOLUTION "8" "1" "3
"DIMENSIONAL_OPERATOR_CONVOLUTION "8" "1" "4
"DIMENSIONAL_OPERATOR_CONVOLUTION "8" "2" "1
"DIMENSIONAL_OPERATOR_CONVOLUTION "8" "2" "2
"DIMENSIONAL_OPERATOR_CONVOLUTION "8" "2" "3
"DIMENSIONAL_OPERATOR_CONVOLUTION "8" "2" "4
"DIMENSIONAL_OPERATOR_CONVOLUTION "8" "3" "1
"DIMENSIONAL_OPERATOR_CONVOLUTION "8" "3" "2
"DIMENSIONAL_OPERATOR_CONVOLUTION "8" "3" "3
"DIMENSIONAL_OPERATOR_CONVOLUTION "8" "3" "4
"DIMENSIONAL_OPERATOR_CONVOLUTION "8" "4" "1
"DIMENSIONAL_OPERATOR_CONVOLUTION "8" "4" "2
"DIMENSIONAL_OPERATOR_CONVOLUTION "8" "4" "3
"DIMENSIONAL_OPERATOR_CONVOLUTION "8" "4" "4
"DIMENSIONAL_OPERATOR_CONVOLUTION "9" "1" "1
"DIMENSIONAL_OPERATOR_CONVOLUTION "9" "1" "2
"DIMENSIONAL_OPERATOR_CONVOLUTION "9" "1" "3
"DIMENSIONAL_OPERATOR_CONVOLUTION "9" "1" "4
"DIMENSIONAL_OPERATOR_CONVOLUTION "9" "2" "1
"DIMENSIONAL_OPERATOR_CONVOLUTION "9" "2" "2
"DIMENSIONAL_OPERATOR_CONVOLUTION "9" "2" "3
"DIMENSIONAL_OPERATOR_CONVOLUTION "9" "2" "4
"DIMENSIONAL_OPERATOR_CONVOLUTION "9" "3" "1
"DIMENSIONAL_OPERATOR_CONVOLUTION "9" "3" "2
"DIMENSIONAL_OPERATOR_CONVOLUTION "9" "3" "3
"DIMENSIONAL_OPERATOR_CONVOLUTION "9" "3" "4
"DIMENSIONAL_OPERATOR_CONVOLUTION "9" "4" "1
"DIMENSIONAL_OPERATOR_CONVOLUTION "9" "4" "2
"DIMENSIONAL_OPERATOR_CONVOLUTION "9" "4" "3
"DIMENSIONAL_OPERATOR_CONVOLUTION "9" "4" "4
"PASS: ""evaluated additional convolutions"
"PASS: ""native zero endpoint contributions"
"PASS: ""only the computed native route added"
"EXPAND_ADDED_COUNTERTERM ""Delta"
"EXPAND_ADDED_COUNTERTERM ""L0"
"EXPAND_ADDED_COUNTERTERM ""Regular"
"ORIGINAL_COUNTERTERM_CONTROL ""Delta"" "{1, 1, 1}" "InputForm[(-2*Q^2*(-1 + SUNN)*(1 + SUNN)*t*(-9 - 4*Nf*SUNN + 31*SUNN^2 + 24*SUNN^2*Log[B/s] - 12*Log[-(B/t)] + 12*SUNN^2*Log[-(B/t)]))/(3*(Q^2 + s)^2*SUNN^2)]
"PASS: ""own full expansion equals reused counterterm Delta"
"ORIGINAL_COUNTERTERM_CONTROL ""L0"" "{1, 1, 1}" "InputForm[(-8*Q^2*(-1 + SUNN)*(1 + SUNN)*(-1 + 3*SUNN^2)*t)/((Q^2 + s)^2*SUNN^2)]
"PASS: ""own full expansion equals reused counterterm L0"
"ORIGINAL_COUNTERTERM_CONTROL ""Regular"" "{2, 1, 1}" "InputForm[-1/2*((-1 + SUNN)*(1 + SUNN)*(4*Q^10*s^7*s23^3 - 2*D*Q^10*s^7*s23^3 + 12*Q^8*s^8*s23^3 - 6*D*Q^8*s^8*s23^3 + 12*Q^6*s^9*s23^3 - 6*D*Q^6*s^9*s23^3 + 4*Q^4*s^10*s23^3 - 2*D*Q^4*s^10*s23^3 - 12*Q^10*s^6*s23^4 + 6*D*Q^10*s^6*s23^4 - 52*Q^8*s^7*s23^4 + 26*D*Q^8*s^7*s23^4 - 68*Q^6*s^8*s23^4 + 34*D*Q^6*s^8*s23^4 - 28*Q^4*s^9*s23^4 + 14*D*Q^4*s^9*s23^4 + 12*Q^10*s^5*s23^5 - 6*D*Q^10*s^5*s23^5 + 84*Q^8*s^6*s23^5 - 42*D*Q^8*s^6*s23^5 + 148*Q^6*s^7*s23^5 - 74*D*Q^6*s^7*s23^5 + 76*Q^4*s^8*s23^5 - 38*D*Q^4*s^8*s23^5 - 4*Q^10*s^4*s23^6 + 2*D*Q^10*s^4*s23^6 - 60*Q^8*s^5*s23^6 + 30*D*Q^8*s^5*s23^6 - 156*Q^6*s^6*s23^6 + 78*D*Q^6*s^6*s23^6 - 100*Q^4*s^7*s23^6 + 50*D*Q^4*s^7*s23^6 + 16*Q^8*s^4*s23^7 - 8*D*Q^8*s^4*s23^7 + 80*Q^6*s^5*s23^7 - 40*D*Q^6*s^5*s23^7 + 64*Q^4*s^6*s23^7 - 32*D*Q^4*s^6*s23^7 - 16*Q^6*s^4*s23^8 + 8*D*Q^6*s^4*s23^8 - 16*Q^4*s^5*s23^8 + 8*D*Q^4*s^5*s23^8 - 4*Q^10*s^7*s23^3*SUNN^2 + 2*D*Q^10*s^7*s23^3*SUNN^2 - 12*Q^8*s^8*s23^3*SUNN^2 + 6*D*Q^8*s^8*s23^3*SUNN^2 - 12*Q^6*s^9*s23^3*SUNN^2 + 6*D*Q^6*s^9*s23^3*SUNN^2 - 4*Q^4*s^10*s23^3*SUNN^2 + 2*D*Q^4*s^10*s23^3*SUNN^2 + 12*Q^10*s^6*s23^4*SUNN^2 - 6*D*Q^10*s^6*s23^4*SUNN^2 + 52*Q^8*s^7*s23^4*SUNN^2 - 26*D*Q^8*s^7*s23^4*SUNN^2 + 68*Q^6*s^8*s23^4*SUNN^2 - 34*D*Q^6*s^8*s23^4*SUNN^2 + 28*Q^4*s^9*s23^4*SUNN^2 - 14*D*Q^4*s^9*s23^4*SUNN^2 - 12*Q^10*s^5*s23^5*SUNN^2 + 6*D*Q^10*s^5*s23^5*SUNN^2 - 84*Q^8*s^6*s23^5*SUNN^2 + 42*D*Q^8*s^6*s23^5*SUNN^2 - 148*Q^6*s^7*s23^5*SUNN^2 + 74*D*Q^6*s^7*s23^5*SUNN^2 - 76*Q^4*s^8*s23^5*SUNN^2 + 38*D*Q^4*s^8*s23^5*SUNN^2 + 4*Q^10*s^4*s23^6*SUNN^2 - 2*D*Q^10*s^4*s23^6*SUNN^2 + 60*Q^8*s^5*s23^6*SUNN^2 - 30*D*Q^8*s^5*s23^6*SUNN^2 + 156*Q^6*s^6*s23^6*SUNN^2 - 78*D*Q^6*s^6*s23^6*SUNN^2 + 100*Q^4*s^7*s23^6*SUNN^2 - 50*D*Q^4*s^7*s23^6*SUNN^2 - 16*Q^8*s^4*s23^7*SUNN^2 + 8*D*Q^8*s^4*s23^7*SUNN^2 - 80*Q^6*s^5*s23^7*SUNN^2 + 40*D*Q^6*s^5*s23^7*SUNN^2 - 64*Q^4*s^6*s23^7*SUNN^2 + 32*D*Q^4*s^6*s23^7*SUNN^2 + 16*Q^6*s^4*s23^8*SUNN^2 - 8*D*Q^6*s^4*s23^8*SUNN^2 + 16*Q^4*s^5*s23^8*SUNN^2 - 8*D*Q^4*s^5*s23^8*SUNN^2 - 8*Q^10*s^7*s23^2*t + 4*D*Q^10*s^7*s23^2*t - 16*Q^8*s^8*s23^2*t + 8*D*Q^8*s^8*s23^2*t + 16*Q^4*s^10*s23^2*t - 8*D*Q^4*s^10*s23^2*t + 8*Q^2*s^11*s23^2*t - 4*D*Q^2*s^11*s23^2*t + 24*Q^10*s^6*s23^3*t - 12*D*Q^10*s^6*s23^3*t + 108*Q^8*s^7*s23^3*t - 54*D*Q^8*s^7*s23^3*t + 96*Q^6*s^8*s23^3*t - 48*D*Q^6*s^8*s23^3*t - 36*Q^4*s^9*s23^3*t + 18*D*Q^4*s^9*s23^3*t - 48*Q^2*s^10*s23^3*t + 24*D*Q^2*s^10*s23^3*t - 24*Q^10*s^5*s23^4*t + 12*D*Q^10*s^5*s23^4*t - 228*Q^8*s^6*s23^4*t + 114*D*Q^8*s^6*s23^4*t - 384*Q^6*s^7*s23^4*t + 192*D*Q^6*s^7*s23^4*t - 68*Q^4*s^8*s23^4*t + 34*D*Q^4*s^8*s23^4*t + 112*Q^2*s^9*s23^4*t - 56*D*Q^2*s^9*s23^4*t + 8*Q^10*s^4*s23^5*t - 4*D*Q^10*s^4*s23^5*t + 196*Q^8*s^5*s23^5*t - 98*D*Q^8*s^5*s23^5*t + 576*Q^6*s^6*s23^5*t - 288*D*Q^6*s^6*s23^5*t + 276*Q^4*s^7*s23^5*t - 138*D*Q^4*s^7*s23^5*t - 128*Q^2*s^8*s23^5*t + 64*D*Q^2*s^8*s23^5*t - 60*Q^8*s^4*s23^6*t + 30*D*Q^8*s^4*s23^6*t - 384*Q^6*s^5*s23^6*t + 192*D*Q^6*s^5*s23^6*t - 300*Q^4*s^6*s23^6*t + 150*D*Q^4*s^6*s23^6*t + 72*Q^2*s^7*s23^6*t - 36*D*Q^2*s^7*s23^6*t + 96*Q^6*s^4*s23^7*t - 48*D*Q^6*s^4*s23^7*t + 128*Q^4*s^5*s23^7*t - 64*D*Q^4*s^5*s23^7*t - 16*Q^2*s^6*s23^7*t + 8*D*Q^2*s^6*s23^7*t - 16*Q^4*s^4*s23^8*t + 8*D*Q^4*s^4*s23^8*t + 8*Q^10*s^7*s23^2*SUNN^2*t - 4*D*Q^10*s^7*s23^2*SUNN^2*t + 16*Q^8*s^8*s23^2*SUNN^2*t - 8*D*Q^8*s^8*s23^2*SUNN^2*t - 16*Q^4*s^10*s23^2*SUNN^2*t + 8*D*Q^4*s^10*s23^2*SUNN^2*t - 8*Q^2*s^11*s23^2*SUNN^2*t + 4*D*Q^2*s^11*s23^2*SUNN^2*t - 24*Q^10*s^6*s23^3*SUNN^2*t + 12*D*Q^10*s^6*s23^3*SUNN^2*t - 108*Q^8*s^7*s23^3*SUNN^2*t + 54*D*Q^8*s^7*s23^3*SUNN^2*t - 96*Q^6*s^8*s23^3*SUNN^2*t + 48*D*Q^6*s^8*s23^3*SUNN^2*t + 36*Q^4*s^9*s23^3*SUNN^2*t - 18*D*Q^4*s^9*s23^3*SUNN^2*t + 48*Q^2*s^10*s23^3*SUNN^2*t - 24*D*Q^2*s^10*s23^3*SUNN^2*t + 24*Q^10*s^5*s23^4*SUNN^2*t - 12*D*Q^10*s^5*s23^4*SUNN^2*t + 228*Q^8*s^6*s23^4*SUNN^2*t - 114*D*Q^8*s^6*s23^4*SUNN^2*t + 384*Q^6*s^7*s23^4*SUNN^2*t - 192*D*Q^6*s^7*s23^4*SUNN^2*t + 68*Q^4*s^8*s23^4*SUNN^2*t - 34*D*Q^4*s^8*s23^4*SUNN^2*t - 112*Q^2*s^9*s23^4*SUNN^2*t + 56*D*Q^2*s^9*s23^4*SUNN^2*t - 8*Q^10*s^4*s23^5*SUNN^2*t + 4*D*Q^10*s^4*s23^5*SUNN^2*t - 196*Q^8*s^5*s23^5*SUNN^2*t + 98*D*Q^8*s^5*s23^5*SUNN^2*t - 576*Q^6*s^6*s23^5*SUNN^2*t + 288*D*Q^6*s^6*s23^5*SUNN^2*t - 276*Q^4*s^7*s23^5*SUNN^2*t + 138*D*Q^4*s^7*s23^5*SUNN^2*t + 128*Q^2*s^8*s23^5*SUNN^2*t - 64*D*Q^2*s^8*s23^5*SUNN^2*t + 60*Q^8*s^4*s23^6*SUNN^2*t - 30*D*Q^8*s^4*s23^6*SUNN^2*t + 384*Q^6*s^5*s23^6*SUNN^2*t - 192*D*Q^6*s^5*s23^6*SUNN^2*t + 300*Q^4*s^6*s23^6*SUNN^2*t - 150*D*Q^4*s^6*s23^6*SUNN^2*t - 72*Q^2*s^7*s23^6*SUNN^2*t + 36*D*Q^2*s^7*s23^6*SUNN^2*t - 96*Q^6*s^4*s23^7*SUNN^2*t + 48*D*Q^6*s^4*s23^7*SUNN^2*t - 128*Q^4*s^5*s23^7*SUNN^2*t + 64*D*Q^4*s^5*s23^7*SUNN^2*t + 16*Q^2*s^6*s23^7*SUNN^2*t - 8*D*Q^2*s^6*s23^7*SUNN^2*t + 16*Q^4*s^4*s23^8*SUNN^2*t - 8*D*Q^4*s^4*s23^8*SUNN^2*t + 16*Q^12*s^6*s23*t^2 - 8*D*Q^12*s^6*s23*t^2 + 92*Q^10*s^7*s23*t^2 - 46*D*Q^10*s^7*s23*t^2 + 192*Q^8*s^8*s23*t^2 - 94*D*Q^8*s^8*s23*t^2 - D^2*Q^8*s^8*s23*t^2 + 188*Q^6*s^9*s23*t^2 - 86*D*Q^6*s^9*s23*t^2 - 4*D^2*Q^6*s^9*s23*t^2 + 92*Q^4*s^10*s23*t^2 - 34*D*Q^4*s^10*s23*t^2 - 6*D^2*Q^4*s^10*s23*t^2 + 24*Q^2*s^11*s23*t^2 - 4*D*Q^2*s^11*s23*t^2 - 4*D^2*Q^2*s^11*s23*t^2 + 4*s^12*s23*t^2 - D^2*s^12*s23*t^2 - 32*Q^12*s^5*s23^2*t^2 + 16*D*Q^12*s^5*s23^2*t^2 - 220*Q^10*s^6*s23^2*t^2 + 106*D*Q^10*s^6*s23^2*t^2 + 2*D^2*Q^10*s^6*s23^2*t^2 - 628*Q^8*s^7*s23^2*t^2 + 302*D*Q^8*s^7*s23^2*t^2 + 6*D^2*Q^8*s^7*s23^2*t^2 - 720*Q^6*s^8*s23^2*t^2 + 342*D*Q^6*s^8*s23^2*t^2 + 9*D^2*Q^6*s^8*s23^2*t^2 - 296*Q^4*s^9*s23^2*t^2 + 126*D*Q^4*s^9*s23^2*t^2 + 11*D^2*Q^4*s^9*s23^2*t^2 - 36*Q^2*s^10*s23^2*t^2 + 9*D^2*Q^2*s^10*s23^2*t^2 - 20*s^11*s23^2*t^2 + 4*D*s^11*s23^2*t^2 + 3*D^2*s^11*s23^2*t^2 + 28*Q^12*s^4*s23^3*t^2 - 12*D*Q^12*s^4*s23^3*t^2 - D^2*Q^12*s^4*s23^3*t^2 + 236*Q^10*s^5*s23^3*t^2 - 114*D*Q^10*s^5*s23^3*t^2 - 2*D^2*Q^10*s^5*s23^3*t^2 + 900*Q^8*s^6*s23^3*t^2 - 438*D*Q^8*s^6*s23^3*t^2 - 6*D^2*Q^8*s^6*s23^3*t^2 + 1312*Q^6*s^7*s23^3*t^2 - 632*D*Q^6*s^7*s23^3*t^2 - 12*D^2*Q^6*s^7*s23^3*t^2 + 428*Q^4*s^8*s23^3*t^2 - 188*D*Q^4*s^8*s23^3*t^2 - 13*D^2*Q^4*s^8*s23^3*t^2 - 156*Q^2*s^9*s23^3*t^2 + 98*D*Q^2*s^9*s23^3*t^2 - 10*D^2*Q^2*s^9*s23^3*t^2 + 36*s^10*s23^3*t^2 - 10*D*s^10*s23^3*t^2 - 4*D^2*s^10*s23^3*t^2 - 16*Q^12*s^3*s23^4*t^2 + 8*D*Q^12*s^3*s23^4*t^2 - 128*Q^10*s^4*s23^4*t^2 + 58*D*Q^10*s^4*s23^4*t^2 + 3*D^2*Q^10*s^4*s23^4*t^2 - 664*Q^8*s^5*s23^4*t^2 + 318*D*Q^8*s^5*s23^4*t^2 + 7*D^2*Q^8*s^5*s23^4*t^2 - 1540*Q^6*s^6*s23^4*t^2 + 748*D*Q^6*s^6*s23^4*t^2 + 11*D^2*Q^6*s^6*s23^4*t^2 - 636*Q^4*s^7*s23^4*t^2 + 292*D*Q^4*s^7*s23^4*t^2 + 13*D^2*Q^4*s^7*s23^4*t^2 + 420*Q^2*s^8*s23^4*t^2 - 230*D*Q^2*s^8*s23^4*t^2 + 10*D^2*Q^2*s^8*s23^4*t^2 - 28*s^9*s23^4*t^2 + 6*D*s^9*s23^4*t^2 + 4*D^2*s^9*s23^4*t^2 - 4*Q^12*s^2*s23^5*t^2 + 4*D*Q^12*s^2*s23^5*t^2 - D^2*Q^12*s^2*s23^5*t^2 + 24*Q^10*s^3*s23^5*t^2 - 8*D*Q^10*s^3*s23^5*t^2 - 2*D^2*Q^10*s^3*s23^5*t^2 + 220*Q^8*s^4*s23^5*t^2 - 100*D*Q^8*s^4*s23^5*t^2 - 5*D^2*Q^8*s^4*s23^5*t^2 + 1028*Q^6*s^5*s23^5*t^2 - 498*D*Q^6*s^5*s23^5*t^2 - 8*D^2*Q^6*s^5*s23^5*t^2 + 752*Q^4*s^6*s23^5*t^2 - 362*D*Q^4*s^6*s23^5*t^2 - 7*D^2*Q^4*s^6*s23^5*t^2 - 364*Q^2*s^7*s23^5*t^2 + 194*D*Q^2*s^7*s23^5*t^2 - 6*D^2*Q^2*s^7*s23^5*t^2 + 8*s^8*s23^5*t^2 + 2*D*s^8*s23^5*t^2 - 3*D^2*s^8*s23^5*t^2 + 4*Q^10*s^2*s23^6*t^2 - 4*D*Q^10*s^2*s23^6*t^2 + D^2*Q^10*s^2*s23^6*t^2 - 12*Q^8*s^3*s23^6*t^2 + 4*D*Q^8*s^3*s23^6*t^2 + D^2*Q^8*s^3*s23^6*t^2 - 276*Q^6*s^4*s23^6*t^2 + 134*D*Q^6*s^4*s23^6*t^2 + 2*D^2*Q^6*s^4*s23^6*t^2 - 420*Q^4*s^5*s23^6*t^2 + 206*D*Q^4*s^5*s23^6*t^2 + 2*D^2*Q^4*s^5*s23^6*t^2 + 128*Q^2*s^6*s23^6*t^2 - 66*D*Q^2*s^6*s23^6*t^2 + D^2*Q^2*s^6*s23^6*t^2 - 2*D*s^7*s23^6*t^2 + D^2*s^7*s23^6*t^2 + 80*Q^4*s^4*s23^7*t^2 - 40*D*Q^4*s^4*s23^7*t^2 - 16*Q^2*s^5*s23^7*t^2 + 8*D*Q^2*s^5*s23^7*t^2 - 16*Q^12*s^6*s23*SUNN^2*t^2 + 8*D*Q^12*s^6*s23*SUNN^2*t^2 - 92*Q^10*s^7*s23*SUNN^2*t^2 + 46*D*Q^10*s^7*s23*SUNN^2*t^2 - 192*Q^8*s^8*s23*SUNN^2*t^2 + 94*D*Q^8*s^8*s23*SUNN^2*t^2 + D^2*Q^8*s^8*s23*SUNN^2*t^2 - 188*Q^6*s^9*s23*SUNN^2*t^2 + 86*D*Q^6*s^9*s23*SUNN^2*t^2 + 4*D^2*Q^6*s^9*s23*SUNN^2*t^2 - 92*Q^4*s^10*s23*SUNN^2*t^2 + 34*D*Q^4*s^10*s23*SUNN^2*t^2 + 6*D^2*Q^4*s^10*s23*SUNN^2*t^2 - 24*Q^2*s^11*s23*SUNN^2*t^2 + 4*D*Q^2*s^11*s23*SUNN^2*t^2 + 4*D^2*Q^2*s^11*s23*SUNN^2*t^2 - 4*s^12*s23*SUNN^2*t^2 + D^2*s^12*s23*SUNN^2*t^2 + 16*Q^12*s^5*s23^2*SUNN^2*t^2 - 8*D*Q^12*s^5*s23^2*SUNN^2*t^2 + 124*Q^10*s^6*s23^2*SUNN^2*t^2 - 58*D*Q^10*s^6*s23^2*SUNN^2*t^2 - 2*D^2*Q^10*s^6*s23^2*SUNN^2*t^2 + 484*Q^8*s^7*s23^2*SUNN^2*t^2 - 230*D*Q^8*s^7*s23^2*SUNN^2*t^2 - 6*D^2*Q^8*s^7*s23^2*SUNN^2*t^2 + 656*Q^6*s^8*s23^2*SUNN^2*t^2 - 310*D*Q^6*s^8*s23^2*SUNN^2*t^2 - 9*D^2*Q^6*s^8*s23^2*SUNN^2*t^2 + 296*Q^4*s^9*s23^2*SUNN^2*t^2 - 126*D*Q^4*s^9*s23^2*SUNN^2*t^2 - 11*D^2*Q^4*s^9*s23^2*SUNN^2*t^2 + 36*Q^2*s^10*s23^2*SUNN^2*t^2 - 9*D^2*Q^2*s^10*s23^2*SUNN^2*t^2 + 20*s^11*s23^2*SUNN^2*t^2 - 4*D*s^11*s23^2*SUNN^2*t^2 - 3*D^2*s^11*s23^2*SUNN^2*t^2 + 68*Q^12*s^4*s23^3*SUNN^2*t^2 - 36*D*Q^12*s^4*s23^3*SUNN^2*t^2 + D^2*Q^12*s^4*s23^3*SUNN^2*t^2 + 68*Q^10*s^5*s23^3*SUNN^2*t^2 - 70*D*Q^10*s^5*s23^3*SUNN^2*t^2 + 2*D^2*Q^10*s^5*s23^3*SUNN^2*t^2 - 644*Q^8*s^6*s23^3*SUNN^2*t^2 + 182*D*Q^8*s^6*s23^3*SUNN^2*t^2 + 6*D^2*Q^8*s^6*s23^3*SUNN^2*t^2 - 1456*Q^6*s^7*s23^3*SUNN^2*t^2 + 512*D*Q^6*s^7*s23^3*SUNN^2*t^2 + 12*D^2*Q^6*s^7*s23^3*SUNN^2*t^2 - 684*Q^4*s^8*s23^3*SUNN^2*t^2 + 188*D*Q^4*s^8*s23^3*SUNN^2*t^2 + 13*D^2*Q^4*s^8*s23^3*SUNN^2*t^2 + 92*Q^2*s^9*s23^3*SUNN^2*t^2 - 98*D*Q^2*s^9*s23^3*SUNN^2*t^2 + 10*D^2*Q^2*s^9*s23^3*SUNN^2*t^2 - 36*s^10*s23^3*SUNN^2*t^2 + 10*D*s^10*s23^3*SUNN^2*t^2 + 4*D^2*s^10*s23^3*SUNN^2*t^2 - 32*Q^12*s^3*s23^4*SUNN^2*t^2 + 48*D*Q^12*s^3*s23^4*SUNN^2*t^2 - 32*Q^10*s^4*s23^4*SUNN^2*t^2 + 182*D*Q^10*s^4*s23^4*SUNN^2*t^2 - 3*D^2*Q^10*s^4*s23^4*SUNN^2*t^2 + 680*Q^8*s^5*s23^4*SUNN^2*t^2 + 58*D*Q^8*s^5*s23^4*SUNN^2*t^2 - 7*D^2*Q^8*s^5*s23^4*SUNN^2*t^2 + 2180*Q^6*s^6*s23^4*SUNN^2*t^2 - 556*D*Q^6*s^6*s23^4*SUNN^2*t^2 - 11*D^2*Q^6*s^6*s23^4*SUNN^2*t^2 + 1340*Q^4*s^7*s23^4*SUNN^2*t^2 - 292*D*Q^4*s^7*s23^4*SUNN^2*t^2 - 13*D^2*Q^4*s^7*s23^4*SUNN^2*t^2 - 228*Q^2*s^8*s23^4*SUNN^2*t^2 + 230*D*Q^2*s^8*s23^4*SUNN^2*t^2 - 10*D^2*Q^2*s^8*s23^4*SUNN^2*t^2 + 28*s^9*s23^4*SUNN^2*t^2 - 6*D*s^9*s23^4*SUNN^2*t^2 - 4*D^2*s^9*s23^4*SUNN^2*t^2 - 76*Q^12*s^2*s23^5*SUNN^2*t^2 - 28*D*Q^12*s^2*s23^5*SUNN^2*t^2 + D^2*Q^12*s^2*s23^5*SUNN^2*t^2 - 248*Q^10*s^3*s23^5*SUNN^2*t^2 - 120*D*Q^10*s^3*s23^5*SUNN^2*t^2 + 2*D^2*Q^10*s^3*s23^5*SUNN^2*t^2 - 556*Q^8*s^4*s23^5*SUNN^2*t^2 - 180*D*Q^8*s^4*s23^5*SUNN^2*t^2 + 5*D^2*Q^8*s^4*s23^5*SUNN^2*t^2 - 1764*Q^6*s^5*s23^5*SUNN^2*t^2 + 322*D*Q^6*s^5*s23^5*SUNN^2*t^2 + 8*D^2*Q^6*s^5*s23^5*SUNN^2*t^2 - 1520*Q^4*s^6*s23^5*SUNN^2*t^2 + 362*D*Q^4*s^6*s23^5*SUNN^2*t^2 + 7*D^2*Q^4*s^6*s23^5*SUNN^2*t^2 + 140*Q^2*s^7*s23^5*SUNN^2*t^2 - 194*D*Q^2*s^7*s23^5*SUNN^2*t^2 + 6*D^2*Q^2*s^7*s23^5*SUNN^2*t^2 - 8*s^8*s23^5*SUNN^2*t^2 - 2*D*s^8*s23^5*SUNN^2*t^2 + 3*D^2*s^8*s23^5*SUNN^2*t^2 + 96*Q^12*s*s23^6*SUNN^2*t^2 + 252*Q^10*s^2*s23^6*SUNN^2*t^2 + 36*D*Q^10*s^2*s23^6*SUNN^2*t^2 - D^2*Q^10*s^2*s23^6*SUNN^2*t^2 + 268*Q^8*s^3*s23^6*SUNN^2*t^2 + 124*D*Q^8*s^3*s23^6*SUNN^2*t^2 - D^2*Q^8*s^3*s23^6*SUNN^2*t^2 + 660*Q^6*s^4*s23^6*SUNN^2*t^2 - 38*D*Q^6*s^4*s23^6*SUNN^2*t^2 - 2*D^2*Q^6*s^4*s23^6*SUNN^2*t^2 + 836*Q^4*s^5*s23^6*SUNN^2*t^2 - 206*D*Q^4*s^5*s23^6*SUNN^2*t^2 - 2*D^2*Q^4*s^5*s23^6*SUNN^2*t^2 + 66*D*Q^2*s^6*s23^6*SUNN^2*t^2 - D^2*Q^2*s^6*s23^6*SUNN^2*t^2 + 2*D*s^7*s23^6*SUNN^2*t^2 - D^2*s^7*s23^6*SUNN^2*t^2 - 32*Q^12*s23^7*SUNN^2*t^2 - 96*Q^10*s*s23^7*SUNN^2*t^2 - 64*Q^8*s^2*s23^7*SUNN^2*t^2 - 32*D*Q^8*s^2*s23^7*SUNN^2*t^2 - 64*Q^6*s^3*s23^7*SUNN^2*t^2 - 32*D*Q^6*s^3*s23^7*SUNN^2*t^2 - 176*Q^4*s^4*s23^7*SUNN^2*t^2 + 40*D*Q^4*s^4*s23^7*SUNN^2*t^2 - 16*Q^2*s^5*s23^7*SUNN^2*t^2 - 8*D*Q^2*s^5*s23^7*SUNN^2*t^2 - 16*Q^12*s^6*t^3 + 8*D*Q^12*s^6*t^3 - 80*Q^10*s^7*t^3 + 40*D*Q^10*s^7*t^3 - 148*Q^8*s^8*t^3 + 72*D*Q^8*s^8*t^3 + D^2*Q^8*s^8*t^3 - 120*Q^6*s^9*t^3 + 52*D*Q^6*s^9*t^3 + 4*D^2*Q^6*s^9*t^3 - 32*Q^4*s^10*t^3 + 4*D*Q^4*s^10*t^3 + 6*D^2*Q^4*s^10*t^3 + 8*Q^2*s^11*t^3 - 12*D*Q^2*s^11*t^3 + 4*D^2*Q^2*s^11*t^3 + 4*s^12*t^3 - 4*D*s^12*t^3 + D^2*s^12*t^3 + 32*Q^12*s^5*s23*t^3 - 16*D*Q^12*s^5*s23*t^3 + 216*Q^10*s^6*s23*t^3 - 104*D*Q^10*s^6*s23*t^3 - 2*D^2*Q^10*s^6*s23*t^3 + 580*Q^8*s^7*s23*t^3 - 282*D*Q^8*s^7*s23*t^3 - 4*D^2*Q^8*s^7*s23*t^3 + 564*Q^6*s^8*s23*t^3 - 268*D*Q^6*s^8*s23*t^3 - 7*D^2*Q^6*s^8*s23*t^3 + 72*Q^4*s^9*s23*t^3 - 2*D*Q^4*s^9*s23*t^3 - 17*D^2*Q^4*s^9*s23*t^3 - 116*Q^2*s^10*s23*t^3 + 96*D*Q^2*s^10*s23*t^3 - 19*D^2*Q^2*s^10*s23*t^3 - 20*s^11*s23*t^3 + 24*D*s^11*s23*t^3 - 7*D^2*s^11*s23*t^3 - 28*Q^12*s^4*s23^2*t^3 + 12*D*Q^12*s^4*s23^2*t^3 + D^2*Q^12*s^4*s23^2*t^3 - 256*Q^10*s^5*s23^2*t^3 + 128*D*Q^10*s^5*s23^2*t^3 - 860*Q^8*s^6*s23^2*t^3 + 414*D*Q^8*s^6*s23^2*t^3 + 8*D^2*Q^8*s^6*s23^2*t^3 - 1176*Q^6*s^7*s23^2*t^3 + 552*D*Q^6*s^7*s23^2*t^3 + 18*D^2*Q^6*s^7*s23^2*t^3 - 132*Q^4*s^8*s23^2*t^3 + 26*D*Q^4*s^8*s23^2*t^3 + 20*D^2*Q^4*s^8*s23^2*t^3 + 408*Q^2*s^9*s23^2*t^3 - 252*D*Q^2*s^9*s23^2*t^3 + 24*D^2*Q^2*s^9*s23^2*t^3 - 4*s^10*s23^2*t^3 - 24*D*s^10*s23^2*t^3 + 13*D^2*s^10*s23^2*t^3 + 16*Q^12*s^3*s23^3*t^3 - 8*D*Q^12*s^3*s23^3*t^3 + 156*Q^10*s^4*s23^3*t^3 - 68*D*Q^10*s^4*s23^3*t^3 - 5*D^2*Q^10*s^4*s23^3*t^3 + 728*Q^8*s^5*s23^3*t^3 - 354*D*Q^8*s^5*s23^3*t^3 - 5*D^2*Q^8*s^5*s23^3*t^3 + 1684*Q^6*s^6*s23^3*t^3 - 812*D*Q^6*s^6*s23^3*t^3 - 15*D^2*Q^6*s^6*s23^3*t^3 + 468*Q^4*s^7*s23^3*t^3 - 184*D*Q^4*s^7*s23^3*t^3 - 25*D^2*Q^4*s^7*s23^3*t^3 - 832*Q^2*s^8*s23^3*t^3 + 464*D*Q^2*s^8*s23^3*t^3 - 24*D^2*Q^2*s^8*s23^3*t^3 + 52*s^9*s23^3*t^3 + 2*D*s^9*s23^3*t^3 - 14*D^2*s^9*s23^3*t^3 + 4*Q^12*s^2*s23^4*t^3 - 4*D*Q^12*s^2*s23^4*t^3 + D^2*Q^12*s^2*s23^4*t^3 - 64*Q^10*s^3*s23^4*t^3 + 32*D*Q^10*s^3*s23^4*t^3 - 332*Q^8*s^4*s23^4*t^3 + 150*D*Q^8*s^4*s23^4*t^3 + 8*D^2*Q^8*s^4*s23^4*t^3 - 1376*Q^6*s^5*s23^4*t^3 + 660*D*Q^6*s^5*s23^4*t^3 + 14*D^2*Q^6*s^5*s23^4*t^3 - 992*Q^4*s^6*s23^4*t^3 + 464*D*Q^4*s^6*s23^4*t^3 + 16*D^2*Q^4*s^6*s23^4*t^3 + 840*Q^2*s^7*s23^4*t^3 - 460*D*Q^2*s^7*s23^4*t^3 + 20*D^2*Q^2*s^7*s23^4*t^3 - 32*s^8*s23^4*t^3 - 10*D*s^8*s23^4*t^3 + 13*D^2*s^8*s23^4*t^3 - 12*Q^10*s^2*s23^5*t^3 + 12*D*Q^10*s^2*s23^5*t^3 - 3*D^2*Q^10*s^2*s23^5*t^3 + 60*Q^8*s^3*s23^5*t^3 - 28*D*Q^8*s^3*s23^5*t^3 - D^2*Q^8*s^3*s23^5*t^3 + 464*Q^6*s^4*s23^5*t^3 - 216*D*Q^6*s^4*s23^5*t^3 - 8*D^2*Q^6*s^4*s23^5*t^3 + 796*Q^4*s^5*s23^5*t^3 - 382*D*Q^4*s^5*s23^5*t^3 - 8*D^2*Q^4*s^5*s23^5*t^3 - 364*Q^2*s^6*s23^5*t^3 + 192*D*Q^2*s^6*s23^5*t^3 - 5*D^2*Q^2*s^6*s23^5*t^3 + 14*D*s^7*s23^5*t^3 - 7*D^2*s^7*s23^5*t^3 + 4*Q^8*s^2*s23^6*t^3 - 4*D*Q^8*s^2*s23^6*t^3 + D^2*Q^8*s^2*s23^6*t^3 - 16*Q^6*s^3*s23^6*t^3 + 8*D*Q^6*s^3*s23^6*t^3 - 204*Q^4*s^4*s23^6*t^3 + 98*D*Q^4*s^4*s23^6*t^3 + 2*D^2*Q^4*s^4*s23^6*t^3 + 56*Q^2*s^5*s23^6*t^3 - 28*D*Q^2*s^5*s23^6*t^3 - 2*D*s^6*s23^6*t^3 + D^2*s^6*s23^6*t^3 + 16*Q^12*s^6*SUNN^2*t^3 - 8*D*Q^12*s^6*SUNN^2*t^3 + 80*Q^10*s^7*SUNN^2*t^3 - 40*D*Q^10*s^7*SUNN^2*t^3 + 148*Q^8*s^8*SUNN^2*t^3 - 72*D*Q^8*s^8*SUNN^2*t^3 - D^2*Q^8*s^8*SUNN^2*t^3 + 120*Q^6*s^9*SUNN^2*t^3 - 52*D*Q^6*s^9*SUNN^2*t^3 - 4*D^2*Q^6*s^9*SUNN^2*t^3 + 32*Q^4*s^10*SUNN^2*t^3 - 4*D*Q^4*s^10*SUNN^2*t^3 - 6*D^2*Q^4*s^10*SUNN^2*t^3 - 8*Q^2*s^11*SUNN^2*t^3 + 12*D*Q^2*s^11*SUNN^2*t^3 - 4*D^2*Q^2*s^11*SUNN^2*t^3 - 4*s^12*SUNN^2*t^3 + 4*D*s^12*SUNN^2*t^3 - D^2*s^12*SUNN^2*t^3 - 16*Q^12*s^5*s23*SUNN^2*t^3 + 8*D*Q^12*s^5*s23*SUNN^2*t^3 - 136*Q^10*s^6*s23*SUNN^2*t^3 + 64*D*Q^10*s^6*s23*SUNN^2*t^3 + 2*D^2*Q^10*s^6*s23*SUNN^2*t^3 - 532*Q^8*s^7*s23*SUNN^2*t^3 + 258*D*Q^8*s^7*s23*SUNN^2*t^3 + 4*D^2*Q^8*s^7*s23*SUNN^2*t^3 - 644*Q^6*s^8*s23*SUNN^2*t^3 + 308*D*Q^6*s^8*s23*SUNN^2*t^3 + 7*D^2*Q^6*s^8*s23*SUNN^2*t^3 - 136*Q^4*s^9*s23*SUNN^2*t^3 + 34*D*Q^4*s^9*s23*SUNN^2*t^3 + 17*D^2*Q^4*s^9*s23*SUNN^2*t^3 + 116*Q^2*s^10*s23*SUNN^2*t^3 - 96*D*Q^2*s^10*s23*SUNN^2*t^3 + 19*D^2*Q^2*s^10*s23*SUNN^2*t^3 + 20*s^11*s23*SUNN^2*t^3 - 24*D*s^11*s23*SUNN^2*t^3 + 7*D^2*s^11*s23*SUNN^2*t^3 - 68*Q^12*s^4*s23^2*SUNN^2*t^3 + 36*D*Q^12*s^4*s23^2*SUNN^2*t^3 - D^2*Q^12*s^4*s23^2*SUNN^2*t^3 + 64*Q^10*s^5*s23^2*SUNN^2*t^3 + 780*Q^8*s^6*s23^2*SUNN^2*t^3 - 278*D*Q^8*s^6*s23^2*SUNN^2*t^3 - 8*D^2*Q^8*s^6*s23^2*SUNN^2*t^3 + 1400*Q^6*s^7*s23^2*SUNN^2*t^3 - 600*D*Q^6*s^7*s23^2*SUNN^2*t^3 - 18*D^2*Q^6*s^7*s23^2*SUNN^2*t^3 + 212*Q^4*s^8*s23^2*SUNN^2*t^3 - 130*D*Q^4*s^8*s23^2*SUNN^2*t^3 - 20*D^2*Q^4*s^8*s23^2*SUNN^2*t^3 - 600*Q^2*s^9*s23^2*SUNN^2*t^3 + 252*D*Q^2*s^9*s23^2*SUNN^2*t^3 - 24*D^2*Q^2*s^9*s23^2*SUNN^2*t^3 - 60*s^10*s23^2*SUNN^2*t^3 + 24*D*s^10*s23^2*SUNN^2*t^3 - 13*D^2*s^10*s23^2*SUNN^2*t^3 + 32*Q^12*s^3*s23^3*SUNN^2*t^3 - 48*D*Q^12*s^3*s23^3*SUNN^2*t^3 + 116*Q^10*s^4*s23^3*SUNN^2*t^3 - 164*D*Q^10*s^4*s23^3*SUNN^2*t^3 + 5*D^2*Q^10*s^4*s23^3*SUNN^2*t^3 - 392*Q^8*s^5*s23^3*SUNN^2*t^3 - 6*D*Q^8*s^5*s23^3*SUNN^2*t^3 + 5*D^2*Q^8*s^5*s23^3*SUNN^2*t^3 - 2020*Q^6*s^6*s23^3*SUNN^2*t^3 + 756*D*Q^6*s^6*s23^3*SUNN^2*t^3 + 15*D^2*Q^6*s^6*s23^3*SUNN^2*t^3 - 788*Q^4*s^7*s23^3*SUNN^2*t^3 + 344*D*Q^4*s^7*s23^3*SUNN^2*t^3 + 25*D^2*Q^4*s^7*s23^3*SUNN^2*t^3 + 1216*Q^2*s^8*s23^3*SUNN^2*t^3 - 464*D*Q^2*s^8*s23^3*SUNN^2*t^3 + 24*D^2*Q^2*s^8*s23^3*SUNN^2*t^3 + 140*s^9*s23^3*SUNN^2*t^3 - 2*D*s^9*s23^3*SUNN^2*t^3 + 14*D^2*s^9*s23^3*SUNN^2*t^3 + 76*Q^12*s^2*s23^4*SUNN^2*t^3 + 28*D*Q^12*s^2*s23^4*SUNN^2*t^3 - D^2*Q^12*s^2*s23^4*SUNN^2*t^3 + 144*D*Q^10*s^3*s23^4*SUNN^2*t^3 - 196*Q^8*s^4*s23^4*SUNN^2*t^3 + 322*D*Q^8*s^4*s23^4*SUNN^2*t^3 - 8*D^2*Q^8*s^4*s23^4*SUNN^2*t^3 + 1696*Q^6*s^5*s23^4*SUNN^2*t^3 - 468*D*Q^6*s^5*s23^4*SUNN^2*t^3 - 14*D^2*Q^6*s^5*s23^4*SUNN^2*t^3 + 1824*Q^4*s^6*s23^4*SUNN^2*t^3 - 656*D*Q^4*s^6*s23^4*SUNN^2*t^3 - 16*D^2*Q^4*s^6*s23^4*SUNN^2*t^3 - 1064*Q^2*s^7*s23^4*SUNN^2*t^3 + 460*D*Q^2*s^7*s23^4*SUNN^2*t^3 - 20*D^2*Q^2*s^7*s23^4*SUNN^2*t^3 - 192*s^8*s23^4*SUNN^2*t^3 + 10*D*s^8*s23^4*SUNN^2*t^3 - 13*D^2*s^8*s23^4*SUNN^2*t^3 - 96*Q^12*s*s23^5*SUNN^2*t^3 - 100*Q^10*s^2*s23^5*SUNN^2*t^3 - 84*D*Q^10*s^2*s23^5*SUNN^2*t^3 + 3*D^2*Q^10*s^2*s23^5*SUNN^2*t^3 + 164*Q^8*s^3*s23^5*SUNN^2*t^3 - 260*D*Q^8*s^3*s23^5*SUNN^2*t^3 + D^2*Q^8*s^3*s23^5*SUNN^2*t^3 - 736*Q^6*s^4*s23^5*SUNN^2*t^3 + 48*D*Q^6*s^4*s23^5*SUNN^2*t^3 + 8*D^2*Q^6*s^4*s23^5*SUNN^2*t^3 - 1660*Q^4*s^5*s23^5*SUNN^2*t^3 + 526*D*Q^4*s^5*s23^5*SUNN^2*t^3 + 8*D^2*Q^4*s^5*s23^5*SUNN^2*t^3 + 332*Q^2*s^6*s23^5*SUNN^2*t^3 - 192*D*Q^2*s^6*s23^5*SUNN^2*t^3 + 5*D^2*Q^2*s^6*s23^5*SUNN^2*t^3 + 128*s^7*s23^5*SUNN^2*t^3 - 14*D*s^7*s23^5*SUNN^2*t^3 + 7*D^2*s^7*s23^5*SUNN^2*t^3 + 32*Q^12*s23^6*SUNN^2*t^3 + 128*Q^10*s*s23^6*SUNN^2*t^3 - 4*Q^8*s^2*s23^6*SUNN^2*t^3 + 100*D*Q^8*s^2*s23^6*SUNN^2*t^3 - D^2*Q^8*s^2*s23^6*SUNN^2*t^3 + 112*Q^6*s^3*s23^6*SUNN^2*t^3 + 88*D*Q^6*s^3*s23^6*SUNN^2*t^3 + 652*Q^4*s^4*s23^6*SUNN^2*t^3 - 162*D*Q^4*s^4*s23^6*SUNN^2*t^3 - 2*D^2*Q^4*s^4*s23^6*SUNN^2*t^3 + 40*Q^2*s^5*s23^6*SUNN^2*t^3 + 28*D*Q^2*s^5*s23^6*SUNN^2*t^3 - 32*s^6*s23^6*SUNN^2*t^3 + 2*D*s^6*s23^6*SUNN^2*t^3 - D^2*s^6*s23^6*SUNN^2*t^3 - 32*Q^10*s23^7*SUNN^2*t^3 - 64*Q^8*s*s23^7*SUNN^2*t^3 - 32*D*Q^6*s^2*s23^7*SUNN^2*t^3 - 64*Q^4*s^3*s23^7*SUNN^2*t^3 - 32*Q^2*s^4*s23^7*SUNN^2*t^3 - 32*Q^10*s^6*t^4 + 16*D*Q^10*s^6*t^4 - 120*Q^8*s^7*t^4 + 64*D*Q^8*s^7*t^4 - 2*D^2*Q^8*s^7*t^4 - 80*Q^6*s^8*t^4 + 44*D*Q^6*s^8*t^4 - 2*D^2*Q^6*s^8*t^4 + 96*Q^4*s^9*t^4 - 60*D*Q^4*s^9*t^4 + 6*D^2*Q^4*s^9*t^4 + 112*Q^2*s^10*t^4 - 76*D*Q^2*s^10*t^4 + 10*D^2*Q^2*s^10*t^4 + 24*s^11*t^4 - 20*D*s^11*t^4 + 4*D^2*s^11*t^4 + 56*Q^10*s^5*s23*t^4 - 32*D*Q^10*s^5*s23*t^4 + 2*D^2*Q^10*s^5*s23*t^4 + 228*Q^8*s^6*s23*t^4 - 108*D*Q^8*s^6*s23*t^4 - 3*D^2*Q^8*s^6*s23*t^4 + 356*Q^6*s^7*s23*t^4 - 174*D*Q^6*s^7*s23*t^4 - 2*D^2*Q^6*s^7*s23*t^4 - 220*Q^4*s^8*s23*t^4 + 114*D*Q^4*s^8*s23*t^4 - 2*D^2*Q^4*s^8*s23*t^4 - 460*Q^2*s^9*s23*t^4 + 270*D*Q^2*s^9*s23*t^4 - 20*D^2*Q^2*s^9*s23*t^4 - 56*s^10*s23*t^4 + 58*D*s^10*s23*t^4 - 15*D^2*s^10*s23*t^4 - 40*Q^10*s^4*s23^2*t^4 + 16*D*Q^10*s^4*s23^2*t^4 + 2*D^2*Q^10*s^4*s23^2*t^4 - 280*Q^8*s^5*s23^2*t^4 + 152*D*Q^8*s^5*s23^2*t^4 - 6*D^2*Q^8*s^5*s23^2*t^4 - 744*Q^6*s^6*s23^2*t^4 + 358*D*Q^6*s^6*s23^2*t^4 + 7*D^2*Q^6*s^6*s23^2*t^4 + 64*Q^4*s^7*s23^2*t^4 - 54*D*Q^4*s^7*s23^2*t^4 + 11*D^2*Q^4*s^7*s23^2*t^4 + 912*Q^2*s^8*s23^2*t^4 - 486*D*Q^2*s^8*s23^2*t^4 + 15*D^2*Q^2*s^8*s23^2*t^4 - 8*s^9*s23^2*t^4 - 34*D*s^9*s23^2*t^4 + 19*D^2*s^9*s23^2*t^4 + 40*Q^10*s^3*s23^3*t^4 - 24*D*Q^10*s^3*s23^3*t^4 + 2*D^2*Q^10*s^3*s23^3*t^4 + 188*Q^8*s^4*s23^3*t^4 - 84*D*Q^8*s^4*s23^3*t^4 - 5*D^2*Q^8*s^4*s23^3*t^4 + 868*Q^6*s^5*s23^3*t^4 - 434*D*Q^6*s^5*s23^3*t^4 + 604*Q^4*s^6*s23^3*t^4 - 286*D*Q^4*s^6*s23^3*t^4 - 8*D^2*Q^4*s^6*s23^3*t^4 - 1068*Q^2*s^7*s23^3*t^4 + 570*D*Q^2*s^7*s23^3*t^4 - 18*D^2*Q^2*s^7*s23^3*t^4 + 40*s^8*s23^3*t^4 + 18*D*s^8*s23^3*t^4 - 19*D^2*s^8*s23^3*t^4 + 8*Q^10*s^2*s23^4*t^4 - 8*D*Q^10*s^2*s23^4*t^4 + 2*D^2*Q^10*s^2*s23^4*t^4 - 96*Q^8*s^3*s23^4*t^4 + 56*D*Q^8*s^3*s23^4*t^4 - 4*D^2*Q^8*s^3*s23^4*t^4 - 400*Q^6*s^4*s23^4*t^4 + 182*D*Q^6*s^4*s23^4*t^4 + 9*D^2*Q^6*s^4*s23^4*t^4 - 776*Q^4*s^5*s23^4*t^4 + 378*D*Q^4*s^5*s23^4*t^4 + 5*D^2*Q^4*s^5*s23^4*t^4 + 584*Q^2*s^6*s23^4*t^4 - 302*D*Q^2*s^6*s23^4*t^4 + 5*D^2*Q^2*s^6*s23^4*t^4 + 8*s^7*s23^4*t^4 - 34*D*s^7*s23^4*t^4 + 15*D^2*s^7*s23^4*t^4 - 8*Q^8*s^2*s23^5*t^4 + 8*D*Q^8*s^2*s23^5*t^4 - 2*D^2*Q^8*s^2*s23^5*t^4 + 56*Q^6*s^3*s23^5*t^4 - 32*D*Q^6*s^3*s23^5*t^4 + 2*D^2*Q^6*s^3*s23^5*t^4 + 256*Q^4*s^4*s23^5*t^4 - 116*D*Q^4*s^4*s23^5*t^4 - 6*D^2*Q^4*s^4*s23^5*t^4 - 104*Q^2*s^5*s23^5*t^4 + 48*D*Q^2*s^5*s23^5*t^4 + 2*D^2*Q^2*s^5*s23^5*t^4 - 8*s^6*s23^5*t^4 + 12*D*s^6*s23^5*t^4 - 4*D^2*s^6*s23^5*t^4 + 48*Q^10*s^6*SUNN^2*t^4 - 24*D*Q^10*s^6*SUNN^2*t^4 + 216*Q^8*s^7*SUNN^2*t^4 - 112*D*Q^8*s^7*SUNN^2*t^4 + 2*D^2*Q^8*s^7*SUNN^2*t^4 + 224*Q^6*s^8*SUNN^2*t^4 - 116*D*Q^6*s^8*SUNN^2*t^4 + 2*D^2*Q^6*s^8*SUNN^2*t^4 - 32*Q^4*s^9*SUNN^2*t^4 + 28*D*Q^4*s^9*SUNN^2*t^4 - 6*D^2*Q^4*s^9*SUNN^2*t^4 - 112*Q^2*s^10*SUNN^2*t^4 + 76*D*Q^2*s^10*SUNN^2*t^4 - 10*D^2*Q^2*s^10*SUNN^2*t^4 - 24*s^11*SUNN^2*t^4 + 20*D*s^11*SUNN^2*t^4 - 4*D^2*s^11*SUNN^2*t^4 - 168*Q^10*s^5*s23*SUNN^2*t^4 + 88*D*Q^10*s^5*s23*SUNN^2*t^4 - 2*D^2*Q^10*s^5*s23*SUNN^2*t^4 - 388*Q^8*s^6*s23*SUNN^2*t^4 + 220*D*Q^8*s^6*s23*SUNN^2*t^4 + 3*D^2*Q^8*s^6*s23*SUNN^2*t^4 - 564*Q^6*s^7*s23*SUNN^2*t^4 + 406*D*Q^6*s^7*s23*SUNN^2*t^4 + 2*D^2*Q^6*s^7*s23*SUNN^2*t^4 + 220*Q^4*s^8*s23*SUNN^2*t^4 + 78*D*Q^4*s^8*s23*SUNN^2*t^4 + 2*D^2*Q^4*s^8*s23*SUNN^2*t^4 + 684*Q^2*s^9*s23*SUNN^2*t^4 - 254*D*Q^2*s^9*s23*SUNN^2*t^4 + 20*D^2*Q^2*s^9*s23*SUNN^2*t^4 + 120*s^10*s23*SUNN^2*t^4 - 58*D*s^10*s23*SUNN^2*t^4 + 15*D^2*s^10*s23*SUNN^2*t^4 - 72*Q^10*s^4*s23^2*SUNN^2*t^4 - 24*D*Q^10*s^4*s23^2*SUNN^2*t^4 - 2*D^2*Q^10*s^4*s23^2*SUNN^2*t^4 + 136*Q^8*s^5*s23^2*SUNN^2*t^4 - 240*D*Q^8*s^5*s23^2*SUNN^2*t^4 + 6*D^2*Q^8*s^5*s23^2*SUNN^2*t^4 + 888*Q^6*s^6*s23^2*SUNN^2*t^4 - 686*D*Q^6*s^6*s23^2*SUNN^2*t^4 - 7*D^2*Q^6*s^6*s23^2*SUNN^2*t^4 - 176*Q^4*s^7*s23^2*SUNN^2*t^4 - 338*D*Q^4*s^7*s23^2*SUNN^2*t^4 - 11*D^2*Q^4*s^7*s23^2*SUNN^2*t^4 - 1712*Q^2*s^8*s23^2*SUNN^2*t^4 + 438*D*Q^2*s^8*s23^2*SUNN^2*t^4 - 15*D^2*Q^2*s^8*s23^2*SUNN^2*t^4 - 312*s^9*s23^2*SUNN^2*t^4 + 34*D*s^9*s23^2*SUNN^2*t^4 - 19*D^2*s^9*s23^2*SUNN^2*t^4 + 248*Q^10*s^3*s23^3*SUNN^2*t^4 - 24*D*Q^10*s^3*s23^3*SUNN^2*t^4 - 2*D^2*Q^10*s^3*s23^3*SUNN^2*t^4 + 532*Q^8*s^4*s23^3*SUNN^2*t^4 - 36*D*Q^8*s^4*s23^3*SUNN^2*t^4 + 5*D^2*Q^8*s^4*s23^3*SUNN^2*t^4 - 948*Q^6*s^5*s23^3*SUNN^2*t^4 + 698*D*Q^6*s^5*s23^3*SUNN^2*t^4 - 844*Q^4*s^6*s23^3*SUNN^2*t^4 + 790*D*Q^4*s^6*s23^3*SUNN^2*t^4 + 8*D^2*Q^4*s^6*s23^3*SUNN^2*t^4 + 2204*Q^2*s^7*s23^3*SUNN^2*t^4 - 562*D*Q^2*s^7*s23^3*SUNN^2*t^4 + 18*D^2*Q^2*s^7*s23^3*SUNN^2*t^4 + 504*s^8*s23^3*SUNN^2*t^4 - 18*D*s^8*s23^3*SUNN^2*t^4 + 19*D^2*s^8*s23^3*SUNN^2*t^4 - 152*Q^10*s^2*s23^4*SUNN^2*t^4 + 48*D*Q^10*s^2*s23^4*SUNN^2*t^4 - 2*D^2*Q^10*s^2*s23^4*SUNN^2*t^4 - 512*Q^8*s^3*s23^4*SUNN^2*t^4 + 88*D*Q^8*s^3*s23^4*SUNN^2*t^4 + 4*D^2*Q^8*s^3*s23^4*SUNN^2*t^4 + 256*Q^6*s^4*s23^4*SUNN^2*t^4 - 238*D*Q^6*s^4*s23^4*SUNN^2*t^4 - 9*D^2*Q^6*s^4*s23^4*SUNN^2*t^4 + 1352*Q^4*s^5*s23^4*SUNN^2*t^4 - 794*D*Q^4*s^5*s23^4*SUNN^2*t^4 - 5*D^2*Q^4*s^5*s23^4*SUNN^2*t^4 - 1352*Q^2*s^6*s23^4*SUNN^2*t^4 + 334*D*Q^2*s^6*s23^4*SUNN^2*t^4 - 5*D^2*Q^2*s^6*s23^4*SUNN^2*t^4 - 456*s^7*s23^4*SUNN^2*t^4 + 34*D*s^7*s23^4*SUNN^2*t^4 - 15*D^2*s^7*s23^4*SUNN^2*t^4 - 32*Q^10*s*s23^5*SUNN^2*t^4 + 280*Q^8*s^2*s23^5*SUNN^2*t^4 - 96*D*Q^8*s^2*s23^5*SUNN^2*t^4 + 2*D^2*Q^8*s^2*s23^5*SUNN^2*t^4 + 136*Q^6*s^3*s23^5*SUNN^2*t^4 - 16*D*Q^6*s^3*s23^5*SUNN^2*t^4 - 2*D^2*Q^6*s^3*s23^5*SUNN^2*t^4 - 752*Q^4*s^4*s23^5*SUNN^2*t^4 + 348*D*Q^4*s^4*s23^5*SUNN^2*t^4 + 6*D^2*Q^4*s^4*s23^5*SUNN^2*t^4 + 360*Q^2*s^5*s23^5*SUNN^2*t^4 - 80*D*Q^2*s^5*s23^5*SUNN^2*t^4 - 2*D^2*Q^2*s^5*s23^5*SUNN^2*t^4 + 200*s^6*s23^5*SUNN^2*t^4 - 12*D*s^6*s23^5*SUNN^2*t^4 + 4*D^2*s^6*s23^5*SUNN^2*t^4 + 32*Q^10*s23^6*SUNN^2*t^4 - 160*Q^6*s^2*s23^6*SUNN^2*t^4 + 64*D*Q^6*s^2*s23^6*SUNN^2*t^4 + 160*Q^4*s^3*s23^6*SUNN^2*t^4 - 64*D*Q^4*s^3*s23^6*SUNN^2*t^4 - 32*s^5*s23^6*SUNN^2*t^4 - 28*Q^8*s^6*t^5 + 12*D*Q^8*s^6*t^5 + D^2*Q^8*s^6*t^5 - 112*Q^6*s^7*t^5 + 64*D*Q^6*s^7*t^5 - 4*D^2*Q^6*s^7*t^5 + 12*Q^4*s^8*t^5 + 4*D*Q^4*s^8*t^5 - 5*D^2*Q^4*s^8*t^5 + 120*Q^2*s^9*t^5 - 72*D*Q^2*s^9*t^5 + 6*D^2*Q^2*s^9*t^5 + 24*s^10*t^5 - 24*D*s^10*t^5 + 6*D^2*s^10*t^5 + 64*Q^8*s^5*s23*t^5 - 40*D*Q^8*s^5*s23*t^5 + 4*D^2*Q^8*s^5*s23*t^5 + 204*Q^6*s^6*s23*t^5 - 92*D*Q^6*s^6*s23*t^5 - 5*D^2*Q^6*s^6*s23*t^5 + 40*Q^4*s^7*s23*t^5 - 30*D*Q^4*s^7*s23*t^5 + 5*D^2*Q^4*s^7*s23*t^5 - 356*Q^2*s^8*s23*t^5 + 176*D*Q^2*s^8*s23*t^5 + D^2*Q^2*s^8*s23*t^5 - 16*s^9*s23*t^5 + 34*D*s^9*s23*t^5 - 13*D^2*s^9*s23*t^5 - 40*Q^8*s^4*s23^2*t^5 + 16*D*Q^8*s^4*s23^2*t^5 + 2*D^2*Q^8*s^4*s23^2*t^5 - 288*Q^6*s^5*s23^2*t^5 + 160*D*Q^6*s^5*s23^2*t^5 - 8*D^2*Q^6*s^5*s23^2*t^5 - 244*Q^4*s^6*s23^2*t^5 + 118*D*Q^4*s^6*s23^2*t^5 + 2*D^2*Q^4*s^6*s23^2*t^5 + 600*Q^2*s^7*s23^2*t^5 - 300*D*Q^2*s^7*s23^2*t^5 - 28*s^8*s23^2*t^5 - 10*D*s^8*s23^2*t^5 + 12*D^2*s^8*s23^2*t^5 + 48*Q^8*s^3*s23^3*t^5 - 32*D*Q^8*s^3*s23^3*t^5 + 4*D^2*Q^8*s^3*s23^3*t^5 + 156*Q^6*s^4*s23^3*t^5 - 68*D*Q^6*s^4*s23^3*t^5 - 5*D^2*Q^6*s^4*s23^3*t^5 + 384*Q^4*s^5*s23^3*t^5 - 202*D*Q^4*s^5*s23^3*t^5 + 5*D^2*Q^4*s^5*s23^3*t^5 - 452*Q^2*s^6*s23^3*t^5 + 224*D*Q^2*s^6*s23^3*t^5 + D^2*Q^2*s^6*s23^3*t^5 - 8*s^7*s23^3*t^5 + 30*D*s^7*s23^3*t^5 - 13*D^2*s^7*s23^3*t^5 + 4*Q^8*s^2*s23^4*t^5 - 4*D*Q^8*s^2*s23^4*t^5 + D^2*Q^8*s^2*s23^4*t^5 - 64*Q^6*s^3*s23^4*t^5 + 40*D*Q^6*s^3*s23^4*t^5 - 4*D^2*Q^6*s^3*s23^4*t^5 - 136*Q^4*s^4*s23^4*t^5 + 54*D*Q^4*s^4*s23^4*t^5 + 7*D^2*Q^4*s^4*s23^4*t^5 + 96*Q^2*s^5*s23^4*t^5 - 36*D*Q^2*s^5*s23^4*t^5 - 6*D^2*Q^2*s^5*s23^4*t^5 + 20*s^6*s23^4*t^5 - 22*D*s^6*s23^4*t^5 + 6*D^2*s^6*s23^4*t^5 + 12*Q^8*s^6*SUNN^2*t^5 - 4*D*Q^8*s^6*SUNN^2*t^5 - D^2*Q^8*s^6*SUNN^2*t^5 + 240*Q^6*s^7*SUNN^2*t^5 - 128*D*Q^6*s^7*SUNN^2*t^5 + 4*D^2*Q^6*s^7*SUNN^2*t^5 + 164*Q^4*s^8*SUNN^2*t^5 - 92*D*Q^4*s^8*SUNN^2*t^5 + 5*D^2*Q^4*s^8*SUNN^2*t^5 - 88*Q^2*s^9*SUNN^2*t^5 + 56*D*Q^2*s^9*SUNN^2*t^5 - 6*D^2*Q^2*s^9*SUNN^2*t^5 - 24*s^10*SUNN^2*t^5 + 24*D*s^10*SUNN^2*t^5 - 6*D^2*s^10*SUNN^2*t^5 - 272*Q^8*s^5*s23*SUNN^2*t^5 + 112*D*Q^8*s^5*s23*SUNN^2*t^5 - 4*D^2*Q^8*s^5*s23*SUNN^2*t^5 - 604*Q^6*s^6*s23*SUNN^2*t^5 + 260*D*Q^6*s^6*s23*SUNN^2*t^5 + 5*D^2*Q^6*s^6*s23*SUNN^2*t^5 - 376*Q^4*s^7*s23*SUNN^2*t^5 + 294*D*Q^4*s^7*s23*SUNN^2*t^5 - 5*D^2*Q^4*s^7*s23*SUNN^2*t^5 + 564*Q^2*s^8*s23*SUNN^2*t^5 - 120*D*Q^2*s^8*s23*SUNN^2*t^5 - D^2*Q^2*s^8*s23*SUNN^2*t^5 + 176*s^9*s23*SUNN^2*t^5 - 50*D*s^9*s23*SUNN^2*t^5 + 13*D^2*s^9*s23*SUNN^2*t^5 + 184*Q^8*s^4*s23^2*SUNN^2*t^5 - 88*D*Q^8*s^4*s23^2*SUNN^2*t^5 - 2*D^2*Q^8*s^4*s23^2*SUNN^2*t^5 + 864*Q^6*s^5*s23^2*SUNN^2*t^5 - 448*D*Q^6*s^5*s23^2*SUNN^2*t^5 + 8*D^2*Q^6*s^5*s23^2*SUNN^2*t^5 + 532*Q^4*s^6*s23^2*SUNN^2*t^5 - 454*D*Q^4*s^6*s23^2*SUNN^2*t^5 - 2*D^2*Q^4*s^6*s23^2*SUNN^2*t^5 - 1368*Q^2*s^7*s23^2*SUNN^2*t^5 + 300*D*Q^2*s^7*s23^2*SUNN^2*t^5 - 404*s^8*s23^2*SUNN^2*t^5 + 34*D*s^8*s23^2*SUNN^2*t^5 - 12*D^2*s^8*s23^2*SUNN^2*t^5 + 80*Q^8*s^3*s23^3*SUNN^2*t^5 + 48*D*Q^8*s^3*s23^3*SUNN^2*t^5 - 4*D^2*Q^8*s^3*s23^3*SUNN^2*t^5 - 300*Q^6*s^4*s23^3*SUNN^2*t^5 + 220*D*Q^6*s^4*s23^3*SUNN^2*t^5 + 5*D^2*Q^6*s^4*s23^3*SUNN^2*t^5 - 768*Q^4*s^5*s23^3*SUNN^2*t^5 + 538*D*Q^4*s^5*s23^3*SUNN^2*t^5 - 5*D^2*Q^4*s^5*s23^3*SUNN^2*t^5 + 1396*Q^2*s^6*s23^3*SUNN^2*t^5 - 328*D*Q^2*s^6*s23^3*SUNN^2*t^5 - D^2*Q^2*s^6*s23^3*SUNN^2*t^5 + 488*s^7*s23^3*SUNN^2*t^5 - 46*D*s^7*s23^3*SUNN^2*t^5 + 13*D^2*s^7*s23^3*SUNN^2*t^5 - 212*Q^8*s^2*s23^4*SUNN^2*t^5 + 28*D*Q^8*s^2*s23^4*SUNN^2*t^5 - D^2*Q^8*s^2*s23^4*SUNN^2*t^5 - 32*Q^6*s^3*s23^4*SUNN^2*t^5 - 72*D*Q^6*s^3*s23^4*SUNN^2*t^5 + 4*D^2*Q^6*s^3*s23^4*SUNN^2*t^5 + 504*Q^4*s^4*s23^4*SUNN^2*t^5 - 286*D*Q^4*s^4*s23^4*SUNN^2*t^5 - 7*D^2*Q^4*s^4*s23^4*SUNN^2*t^5 - 672*Q^2*s^5*s23^4*SUNN^2*t^5 + 148*D*Q^2*s^5*s23^4*SUNN^2*t^5 + 6*D^2*Q^2*s^5*s23^4*SUNN^2*t^5 - 276*s^6*s23^4*SUNN^2*t^5 + 22*D*s^6*s23^4*SUNN^2*t^5 - 6*D^2*s^6*s23^4*SUNN^2*t^5 + 64*Q^8*s*s23^5*SUNN^2*t^5 + 144*Q^6*s^2*s23^5*SUNN^2*t^5 - 40*D*Q^6*s^2*s23^5*SUNN^2*t^5 - 224*Q^4*s^3*s23^5*SUNN^2*t^5 + 112*D*Q^4*s^3*s23^5*SUNN^2*t^5 + 144*Q^2*s^4*s23^5*SUNN^2*t^5 - 40*D*Q^2*s^4*s23^5*SUNN^2*t^5 + 64*s^5*s23^5*SUNN^2*t^5 - 8*Q^6*s^6*t^6 + 2*D^2*Q^6*s^6*t^6 - 48*Q^4*s^7*t^6 + 32*D*Q^4*s^7*t^6 - 4*D^2*Q^4*s^7*t^6 + 40*Q^2*s^8*t^6 - 16*D*Q^2*s^8*t^6 - 2*D^2*Q^2*s^8*t^6 + 16*s^9*t^6 - 16*D*s^9*t^6 + 4*D^2*s^9*t^6 + 40*Q^6*s^5*s23*t^6 - 24*D*Q^6*s^5*s23*t^6 + 2*D^2*Q^6*s^5*s23*t^6 + 64*Q^4*s^6*s23*t^6 - 24*D*Q^4*s^6*s23*t^6 - 4*D^2*Q^4*s^6*s23*t^6 - 104*Q^2*s^7*s23*t^6 + 40*D*Q^2*s^7*s23*t^6 + 6*D^2*Q^2*s^7*s23*t^6 + 8*D*s^8*s23*t^6 - 4*D^2*s^8*s23*t^6 - 24*Q^6*s^4*s23^2*t^6 + 8*D*Q^6*s^4*s23^2*t^6 + 2*D^2*Q^6*s^4*s23^2*t^6 - 96*Q^4*s^5*s23^2*t^6 + 56*D*Q^4*s^5*s23^2*t^6 - 4*D^2*Q^4*s^5*s23^2*t^6 + 120*Q^2*s^6*s23^2*t^6 - 56*D*Q^2*s^6*s23^2*t^6 - 2*D^2*Q^2*s^6*s23^2*t^6 - 8*D*s^7*s23^2*t^6 + 4*D^2*s^7*s23^2*t^6 + 24*Q^6*s^3*s23^3*t^6 - 16*D*Q^6*s^3*s23^3*t^6 + 2*D^2*Q^6*s^3*s23^3*t^6 + 16*Q^4*s^4*s23^3*t^6 - 4*D^2*Q^4*s^4*s23^3*t^6 - 24*Q^2*s^5*s23^3*t^6 + 6*D^2*Q^2*s^5*s23^3*t^6 - 16*s^6*s23^3*t^6 + 16*D*s^6*s23^3*t^6 - 4*D^2*s^6*s23^3*t^6 - 40*Q^6*s^6*SUNN^2*t^6 + 24*D*Q^6*s^6*SUNN^2*t^6 - 2*D^2*Q^6*s^6*SUNN^2*t^6 + 112*Q^4*s^7*SUNN^2*t^6 - 64*D*Q^4*s^7*SUNN^2*t^6 + 4*D^2*Q^4*s^7*SUNN^2*t^6 - 24*Q^2*s^8*SUNN^2*t^6 + 8*D*Q^2*s^8*SUNN^2*t^6 + 2*D^2*Q^2*s^8*SUNN^2*t^6 - 48*s^9*SUNN^2*t^6 + 32*D*s^9*SUNN^2*t^6 - 4*D^2*s^9*SUNN^2*t^6 - 120*Q^6*s^5*s23*SUNN^2*t^6 + 32*D*Q^6*s^5*s23*SUNN^2*t^6 - 2*D^2*Q^6*s^5*s23*SUNN^2*t^6 - 160*Q^4*s^6*s23*SUNN^2*t^6 + 40*D*Q^4*s^6*s23*SUNN^2*t^6 + 4*D^2*Q^4*s^6*s23*SUNN^2*t^6 + 152*Q^2*s^7*s23*SUNN^2*t^6 - 32*D*Q^2*s^7*s23*SUNN^2*t^6 - 6*D^2*Q^2*s^7*s23*SUNN^2*t^6 + 128*s^8*s23*SUNN^2*t^6 - 40*D*s^8*s23*SUNN^2*t^6 + 4*D^2*s^8*s23*SUNN^2*t^6 + 200*Q^6*s^4*s23^2*SUNN^2*t^6 - 32*D*Q^6*s^4*s23^2*SUNN^2*t^6 - 2*D^2*Q^6*s^4*s23^2*SUNN^2*t^6 + 352*Q^4*s^5*s23^2*SUNN^2*t^6 - 120*D*Q^4*s^5*s23^2*SUNN^2*t^6 + 4*D^2*Q^4*s^5*s23^2*SUNN^2*t^6 - 392*Q^2*s^6*s23^2*SUNN^2*t^6 + 128*D*Q^2*s^6*s23^2*SUNN^2*t^6 + 2*D^2*Q^2*s^6*s23^2*SUNN^2*t^6 - 160*s^7*s23^2*SUNN^2*t^6 + 24*D*s^7*s23^2*SUNN^2*t^6 - 4*D^2*s^7*s23^2*SUNN^2*t^6 - 152*Q^6*s^3*s23^3*SUNN^2*t^6 + 32*D*Q^6*s^3*s23^3*SUNN^2*t^6 - 2*D^2*Q^6*s^3*s23^3*SUNN^2*t^6 - 256*Q^4*s^4*s23^3*SUNN^2*t^6 + 72*D*Q^4*s^4*s23^3*SUNN^2*t^6 + 4*D^2*Q^4*s^4*s23^3*SUNN^2*t^6 + 312*Q^2*s^5*s23^3*SUNN^2*t^6 - 96*D*Q^2*s^5*s23^3*SUNN^2*t^6 - 6*D^2*Q^2*s^5*s23^3*SUNN^2*t^6 + 96*s^6*s23^3*SUNN^2*t^6 - 8*D*s^6*s23^3*SUNN^2*t^6 + 4*D^2*s^6*s23^3*SUNN^2*t^6 + 16*Q^6*s^2*s23^4*SUNN^2*t^6 + 8*D*Q^6*s^2*s23^4*SUNN^2*t^6 + 144*Q^4*s^3*s23^4*SUNN^2*t^6 - 56*D*Q^4*s^3*s23^4*SUNN^2*t^6 - 144*Q^2*s^4*s23^4*SUNN^2*t^6 + 56*D*Q^2*s^4*s23^4*SUNN^2*t^6 - 16*s^5*s23^4*SUNN^2*t^6 - 8*D*s^5*s23^4*SUNN^2*t^6 + 4*Q^4*s^6*t^7 - 4*D*Q^4*s^6*t^7 + D^2*Q^4*s^6*t^7 - 8*Q^2*s^7*t^7 + 8*D*Q^2*s^7*t^7 - 2*D^2*Q^2*s^7*t^7 + 4*s^8*t^7 - 4*D*s^8*t^7 + D^2*s^8*t^7 + 4*Q^4*s^4*s23^2*t^7 - 4*D*Q^4*s^4*s23^2*t^7 + D^2*Q^4*s^4*s23^2*t^7 - 8*Q^2*s^5*s23^2*t^7 + 8*D*Q^2*s^5*s23^2*t^7 - 2*D^2*Q^2*s^5*s23^2*t^7 + 4*s^6*s23^2*t^7 - 4*D*s^6*s23^2*t^7 + D^2*s^6*s23^2*t^7 - 20*Q^4*s^6*SUNN^2*t^7 + 12*D*Q^4*s^6*SUNN^2*t^7 - D^2*Q^4*s^6*SUNN^2*t^7 + 40*Q^2*s^7*SUNN^2*t^7 - 24*D*Q^2*s^7*SUNN^2*t^7 + 2*D^2*Q^2*s^7*SUNN^2*t^7 - 20*s^8*SUNN^2*t^7 + 12*D*s^8*SUNN^2*t^7 - D^2*s^8*SUNN^2*t^7 + 12*Q^4*s^4*s23^2*SUNN^2*t^7 - 4*D*Q^4*s^4*s23^2*SUNN^2*t^7 - D^2*Q^4*s^4*s23^2*SUNN^2*t^7 - 24*Q^2*s^5*s23^2*SUNN^2*t^7 + 8*D*Q^2*s^5*s23^2*SUNN^2*t^7 + 2*D^2*Q^2*s^5*s23^2*SUNN^2*t^7 + 12*s^6*s23^2*SUNN^2*t^7 - 4*D*s^6*s23^2*SUNN^2*t^7 - D^2*s^6*s23^2*SUNN^2*t^7 - 16*Q^4*s^3*s23^3*SUNN^2*t^7 + 8*D*Q^4*s^3*s23^3*SUNN^2*t^7 + 32*Q^2*s^4*s23^3*SUNN^2*t^7 - 16*D*Q^2*s^4*s23^3*SUNN^2*t^7 - 16*s^5*s23^3*SUNN^2*t^7 + 8*D*s^5*s23^3*SUNN^2*t^7))/((-2 + D)*s^4*(Q^2 + s)^2*(s - s23)^3*SUNN^2*(s23 - t)*t^2*(Q^2 + s + t)*(Q^2 + s - s23 + t)*(Q^2*s23 + s*t))]
