"PASS: ""authorized local final export"
"PASS: ""complete source syntax"
"PASS: ""required input common/s15_inputs.json"
"PASS: ""explicit helicity scheme definition"
"PASS: ""pinned scheme reference common/s15_result/reference/s54_factorization_contract.wls"
"PASS: ""pinned scheme reference common/s11_collinear_spin_convolutions.wls"
"PASS: ""pinned scheme reference common/s14_result/reference/s20_final_hats.wl"
"PASS: ""required input common/s01_inputs.json"
"PASS: ""known channel"
"PASS: ""required input common/s02_result/s02_result.wl"
"PASS: ""required input common/s10_result/s10_result.wl"
"PASS: ""own final gluon channel"
"PASS: ""required input Hgg/s11_native_result/s11_result.wl"
"PASS: ""accepted dimensional MS subtraction"
"PASS: ""accepted basis kernels and subtraction"
"PASS: ""accepted channel subtraction schema"
"PASS: ""accepted subtraction source binding"
"PASS: ""unconverted BMHV subtraction"
"PASS: ""same physical basis"
"PASS: ""required input Hqq/s01_result/reference/s01_result/s01_inputs/s02_result.wl"
"PASS: ""pinned color normalization"
"PASS: ""scheme kernel restores the defined epsilon difference"
"PASS: ""inherited hard-counterterm sign"
"PASS: ""derived constant reference kernel normalization"
"PASS: ""regular endpoint-vanishing finite kernel"
"PASS: ""no diagonal quark scheme route in the real-only channel"
"PASS: ""exact finite scheme tensor"
"PASS: ""unpolarized coefficient preserved"
"PASS: ""required input Hgg/s15_scheme_result/reference/before_dimensional_completion/s15_result.wl"
"PASS: ""same previously accepted helicity conversion"
"PASS: ""native chunk marker is unassigned"
"PASS: ""bounded native chunk"
"PASS: ""exact native chunk reload"
"PASS: ""entire native record exactly reconstructs"
"PASS: ""unique native manifest insertion"
"PASS: ""bounded complete native index"
"PASS: ""exact native index bytes"
"NATIVE_CHUNK_RECORD ""s15_result.wl"" pieces "1" memory_before "182664464" memory_after "182611576
"PASS: ""actual local finite assembly runtime"
"PASS: ""accepted componentwise finite BMHV tensor"
"PASS: ""required input misc/s14_result/s14_execution.json"
"PASS: ""bound accepted updated finite assembly"
"PASS: ""same final photon and spin basis"
"PASS: ""complete finite partonic export"
"PASS: ""exact repeated native chunk"
"NATIVE_CHUNK_RECORD ""s15_result.wl"" pieces "135" memory_before "3432072952" memory_after "3432320096
"NATIVE_CHUNK_RECORD ""s15_F1_hat.wl"" pieces "19" memory_before "3432128864" memory_after "3432169712
"NATIVE_CHUNK_RECORD ""s15_F2_hat.wl"" pieces "20" memory_before "3432148384" memory_after "3432190088
"PASS: s15_finalize_spin_coefficients"
