"PASS: ""complete corrected local assembly syntax"
"PASS: ""original driver source preserved"
"PASS: ""recorded whole-source edit count"
"PASS: ""recorded whole-source edit count"
"PASS: ""recorded whole-source edit count"
"PASS: ""recorded whole-source edit count"
"PASS: ""recorded whole-source edit count"
"PASS: ""recorded whole-source edit count"
"PASS: ""recorded whole-source edit count"
"PASS: ""recorded whole-source edit count"
"PASS: ""recorded whole-source edit count"
"PASS: ""recorded whole-source edit count"
"PASS: ""recorded whole-source edit count"
"PASS: ""recorded whole-source edit count"
"PASS: ""recorded whole-source edit count"
"PASS: ""recorded whole-source edit count"
"PASS: ""recorded whole-source edit count"
"PASS: ""recorded whole-source edit count"
"PASS: ""recorded whole-source edit count"
"PASS: ""recorded whole-source edit count"
"PASS: ""recorded whole-source edit count"
"PASS: ""recorded whole-source edit count"
"PASS: ""recorded whole-source edit count"
"PASS: ""recorded whole-source edit count"
"PASS: ""recorded whole-source edit count"
"PASS: ""recorded whole-source edit count"
"PASS: ""exact complete corrected source reconstruction"
"PASS: ""accepted exact helper definitions retained"
"PASS: ""actual captured input identity"
"PASS: ""retained native writer syntax"
"PASS: ""unchanged epsilon-series definition syntax"
"PASS: ""unique actual cache-reader source"
"PASS: ""actual cache-reader syntax"
"PASS: ""isolated disposable cache directory"
"PASS: ""bounded compressed assembly file"
"PASS: ""exact native assembly reload"
"PASS: ""exact saved original ordinary reused"
"PASS: ""actual original cache reader preserves entire saved value"
"PASS: ""disposable cache removed"
"PASS: ""actual accepted map identity for cache replay"
"PASS: ""isolated complete replay review directory"
"PASS: ""unique complete replay interface"
"PASS: ""complete replay interface syntax"
"PASS: ""reviewed source edit coverage"
"PASS: ""reviewed source edit coverage"
"PASS: ""reviewed source edit coverage"
"PASS: ""reviewed source edit coverage"
"PASS: ""reviewed source edit coverage"
"PASS: ""reviewed source edit coverage"
"PASS: ""reviewed source edit coverage"
"PASS: ""reviewed source edit coverage"
"PASS: ""reviewed source edit coverage"
"PASS: ""reviewed source edit coverage"
"PASS: ""reviewed source edit coverage"
"PASS: ""complete reviewed source reconstruction"
"PASS: ""complete previous calculation identity retained"
"PASS: ""pinned accepted component cache"
"PASS: ""cached component index in actual map"
"PASS: ""accepted component and unchanged actual input"
"PASS: ""entire cached payload preserved"
"PASS: ""bounded compressed assembly file"
"PASS: ""exact native assembly reload"
"PASS: ""pinned accepted component cache"
"PASS: ""cached component index in actual map"
"PASS: ""accepted component and unchanged actual input"
"PASS: ""entire cached payload preserved"
"PASS: ""bounded compressed assembly file"
"PASS: ""exact native assembly reload"
"PASS: ""pinned accepted component cache"
"PASS: ""cached component index in actual map"
"PASS: ""accepted component and unchanged actual input"
"PASS: ""entire cached payload preserved"
"PASS: ""bounded compressed assembly file"
"PASS: ""exact native assembly reload"
"PASS: ""pinned accepted component cache"
"PASS: ""cached component index in actual map"
"PASS: ""accepted component and unchanged actual input"
"PASS: ""entire cached payload preserved"
"PASS: ""bounded compressed assembly file"
"PASS: ""exact native assembly reload"
"PASS: ""pinned accepted component cache"
"PASS: ""cached component index in actual map"
"PASS: ""accepted component and unchanged actual input"
"PASS: ""entire cached payload preserved"
"PASS: ""bounded compressed assembly file"
"PASS: ""exact native assembly reload"
"PASS: ""pinned accepted component cache"
"PASS: ""cached component index in actual map"
"PASS: ""accepted component and unchanged actual input"
"PASS: ""entire cached payload preserved"
"PASS: ""bounded compressed assembly file"
"PASS: ""exact native assembly reload"
"PASS: ""pinned accepted component cache"
"PASS: ""cached component index in actual map"
"PASS: ""accepted component and unchanged actual input"
"PASS: ""entire cached payload preserved"
"PASS: ""bounded compressed assembly file"
"PASS: ""exact native assembly reload"
"PASS: ""pinned accepted component cache"
"PASS: ""cached component index in actual map"
"PASS: ""accepted component and unchanged actual input"
"PASS: ""entire cached payload preserved"
"PASS: ""bounded compressed assembly file"
"PASS: ""exact native assembly reload"
"PASS: ""pinned accepted component cache"
"PASS: ""cached component index in actual map"
"PASS: ""accepted component and unchanged actual input"
"PASS: ""entire cached payload preserved"
"PASS: ""bounded compressed assembly file"
"PASS: ""exact native assembly reload"
"PASS: ""pinned accepted component cache"
"PASS: ""cached component index in actual map"
"PASS: ""accepted component and unchanged actual input"
"PASS: ""entire cached payload preserved"
"PASS: ""bounded compressed assembly file"
"PASS: ""exact native assembly reload"
"PASS: ""pinned accepted component cache"
"PASS: ""cached component index in actual map"
"PASS: ""accepted component and unchanged actual input"
"PASS: ""entire cached payload preserved"
"PASS: ""bounded compressed assembly file"
"PASS: ""exact native assembly reload"
"PASS: ""pinned accepted component cache"
"PASS: ""cached component index in actual map"
"PASS: ""accepted component and unchanged actual input"
"PASS: ""entire cached payload preserved"
"PASS: ""bounded compressed assembly file"
"PASS: ""exact native assembly reload"
"PASS: ""pinned accepted component cache"
"PASS: ""cached component index in actual map"
"PASS: ""accepted component and unchanged actual input"
"PASS: ""entire cached payload preserved"
"PASS: ""bounded compressed assembly file"
"PASS: ""exact native assembly reload"
"PASS: ""pinned accepted component cache"
"PASS: ""cached component index in actual map"
"PASS: ""accepted component and unchanged actual input"
"PASS: ""entire cached payload preserved"
"PASS: ""bounded compressed assembly file"
"PASS: ""exact native assembly reload"
"PASS: ""pinned accepted component cache"
"PASS: ""cached component index in actual map"
"PASS: ""accepted component and unchanged actual input"
"PASS: ""entire cached payload preserved"
"PASS: ""bounded compressed assembly file"
"PASS: ""exact native assembly reload"
"PASS: ""pinned accepted component cache"
"PASS: ""cached component index in actual map"
"PASS: ""accepted component and unchanged actual input"
"PASS: ""entire cached payload preserved"
"PASS: ""bounded compressed assembly file"
"PASS: ""exact native assembly reload"
"PASS: ""pinned accepted component cache"
"PASS: ""cached component index in actual map"
"PASS: ""accepted component and unchanged actual input"
"PASS: ""entire cached payload preserved"
"PASS: ""bounded compressed assembly file"
"PASS: ""exact native assembly reload"
"PASS: ""pinned accepted component cache"
"PASS: ""cached component index in actual map"
"PASS: ""accepted component and unchanged actual input"
"PASS: ""entire cached payload preserved"
"PASS: ""bounded compressed assembly file"
"PASS: ""exact native assembly reload"
"PASS: ""pinned accepted component cache"
"PASS: ""cached component index in actual map"
"PASS: ""accepted component and unchanged actual input"
"PASS: ""entire cached payload preserved"
"PASS: ""bounded compressed assembly file"
"PASS: ""exact native assembly reload"
"PASS: ""pinned accepted component cache"
"PASS: ""cached component index in actual map"
"PASS: ""accepted component and unchanged actual input"
"PASS: ""entire cached payload preserved"
"PASS: ""bounded compressed assembly file"
"PASS: ""exact native assembly reload"
"PASS: ""pinned accepted component cache"
"PASS: ""cached component index in actual map"
"PASS: ""accepted component and unchanged actual input"
"PASS: ""entire cached payload preserved"
"PASS: ""bounded compressed assembly file"
"PASS: ""exact native assembly reload"
"PASS: ""pinned accepted component cache"
"PASS: ""cached component index in actual map"
"PASS: ""accepted component and unchanged actual input"
"PASS: ""entire cached payload preserved"
"PASS: ""bounded compressed assembly file"
"PASS: ""exact native assembly reload"
"PASS: ""pinned accepted component cache"
"PASS: ""cached component index in actual map"
"PASS: ""accepted component and unchanged actual input"
"PASS: ""entire cached payload preserved"
"PASS: ""bounded compressed assembly file"
"PASS: ""exact native assembly reload"
"PASS: ""pinned accepted component cache"
"PASS: ""cached component index in actual map"
"PASS: ""accepted component and unchanged actual input"
"PASS: ""entire cached payload preserved"
"PASS: ""bounded compressed assembly file"
"PASS: ""exact native assembly reload"
"PASS: ""pinned accepted component cache"
"PASS: ""cached component index in actual map"
"PASS: ""accepted component and unchanged actual input"
"PASS: ""entire cached payload preserved"
"PASS: ""bounded compressed assembly file"
"PASS: ""exact native assembly reload"
"PASS: ""pinned accepted component cache"
"PASS: ""cached component index in actual map"
"PASS: ""accepted component and unchanged actual input"
"PASS: ""entire cached payload preserved"
"PASS: ""bounded compressed assembly file"
"PASS: ""exact native assembly reload"
"PASS: ""pinned accepted component cache"
"PASS: ""cached component index in actual map"
"PASS: ""accepted component and unchanged actual input"
"PASS: ""entire cached payload preserved"
"PASS: ""bounded compressed assembly file"
"PASS: ""exact native assembly reload"
"PASS: ""pinned accepted component cache"
"PASS: ""cached component index in actual map"
"PASS: ""accepted component and unchanged actual input"
"PASS: ""entire cached payload preserved"
"PASS: ""bounded compressed assembly file"
"PASS: ""exact native assembly reload"
"PASS: ""pinned accepted component cache"
"PASS: ""cached component index in actual map"
"PASS: ""accepted component and unchanged actual input"
"PASS: ""entire cached payload preserved"
"PASS: ""bounded compressed assembly file"
"PASS: ""exact native assembly reload"
"PASS: ""pinned accepted component cache"
"PASS: ""cached component index in actual map"
"PASS: ""accepted component and unchanged actual input"
"PASS: ""entire cached payload preserved"
"PASS: ""bounded compressed assembly file"
"PASS: ""exact native assembly reload"
"PASS: ""pinned accepted component cache"
"PASS: ""cached component index in actual map"
"PASS: ""accepted component and unchanged actual input"
"PASS: ""entire cached payload preserved"
"PASS: ""bounded compressed assembly file"
"PASS: ""exact native assembly reload"
"PASS: ""pinned accepted component cache"
"PASS: ""cached component index in actual map"
"PASS: ""accepted component and unchanged actual input"
"PASS: ""entire cached payload preserved"
"PASS: ""bounded compressed assembly file"
"PASS: ""exact native assembly reload"
"PASS: ""pinned accepted component cache"
"PASS: ""cached component index in actual map"
"PASS: ""accepted component and unchanged actual input"
"PASS: ""entire cached payload preserved"
"PASS: ""bounded compressed assembly file"
"PASS: ""exact native assembly reload"
"PASS: ""pinned accepted component cache"
"PASS: ""cached component index in actual map"
"PASS: ""accepted component and unchanged actual input"
"PASS: ""entire cached payload preserved"
"PASS: ""bounded compressed assembly file"
"PASS: ""exact native assembly reload"
"PASS: ""pinned accepted component cache"
"PASS: ""cached component index in actual map"
"PASS: ""accepted component and unchanged actual input"
"PASS: ""entire cached payload preserved"
"PASS: ""bounded compressed assembly file"
"PASS: ""exact native assembly reload"
"ACCEPTED_COMPONENTS_REUSED "35" "{1, 2, 3, 4, 5, 6, 7, 8, 9, 10, 11, 12, 13, 14, 15, 16, 17, 18, 19, 20, 21, 22, 23, 24, 25, 26, 27, 28, 29, 30, 31, 32, 33, 34, 81}
"PASS: ""all actual accepted component caches replayed"
"PASS: ""complete replay review cache removed"

Global`$FeynCalcVersion::shdw: Symbol $FeynCalcVersion appears in multiple contexts {Global`, FeynCalc`}; definitions in context Global` may shadow or be shadowed by other definitions.
"PASS: ""unique regulator installation source"
"PASS: ""complete regulator installation syntax"
"PASS: ""accepted exact regulator recurrence receipt"
"FAIL: ""same complete input recurrence and master product"
