"PASS: ""complete corrected local assembly syntax"
"PASS: ""original driver source preserved"
"PASS: ""recorded whole-source edit count"
"PASS: ""recorded whole-source edit count"
"PASS: ""recorded whole-source edit count"
"PASS: ""recorded whole-source edit count"
"PASS: ""recorded whole-source edit count"
"PASS: ""recorded whole-source edit count"
"PASS: ""recorded whole-source edit count"
"PASS: ""recorded whole-source edit count"
"PASS: ""recorded whole-source edit count"
"PASS: ""recorded whole-source edit count"
"PASS: ""recorded whole-source edit count"
"PASS: ""recorded whole-source edit count"
"PASS: ""recorded whole-source edit count"
"PASS: ""exact complete corrected source reconstruction"
"PASS: ""accepted exact helper definitions retained"
"PASS: ""actual captured input identity"
"PASS: ""retained native writer syntax"
"PASS: ""unchanged epsilon-series definition syntax"
"PASS: ""unique actual cache-reader source"
"PASS: ""actual cache-reader syntax"
"PASS: ""isolated disposable cache directory"
"PASS: ""bounded compressed assembly file"
"PASS: ""exact native assembly reload"
"PASS: ""exact saved original ordinary reused"
"PASS: ""actual original cache reader preserves entire saved value"
"PASS: ""disposable cache removed"
"PASS: corrected Hgg integration source and cache interface"
