"PASS: ""accepted unchanged algorithm interface"
"PASS: ""complete current native syntax"
"PASS: ""unique reviewed resource change"
"PASS: ""unique reviewed resource change"
"PASS: ""unique reviewed resource change"
"PASS: ""resource-only full source identity"
"PASS: ""entire mathematical driver unchanged"
"PASS: ""original source edit coverage"
"PASS: ""original source edit coverage"
"PASS: ""original source edit coverage"
"PASS: ""original source edit coverage"
"PASS: ""original source edit coverage"
"PASS: ""original source edit coverage"
"PASS: ""original source edit coverage"
"PASS: ""original source edit coverage"
"PASS: ""original source edit coverage"
"PASS: ""original source edit coverage"
"PASS: ""original source edit coverage"
"PASS: ""original source edit coverage"
"PASS: ""original source edit coverage"
"PASS: ""original source edit coverage"
"PASS: ""original source edit coverage"
"PASS: ""original source edit coverage"
"PASS: ""original source edit coverage"
"PASS: ""original source edit coverage"
"PASS: ""original source edit coverage"
"PASS: ""original source edit coverage"
"PASS: ""original source edit coverage"
"PASS: ""original source edit coverage"
"PASS: ""original source edit coverage"
"PASS: ""original source edit coverage"
"PASS: ""original source edit coverage"
"PASS: ""original source edit coverage"
"PASS: ""original source edit coverage"
"PASS: ""original source edit coverage"
"PASS: ""original source edit coverage"
"PASS: ""full source reconstructed"
"PASS: ""accepted full native own comparisons retained"
"PASS: ""actual accepted coefficient input unchanged"
"PASS: resource-only Hgg dispatch review"
