"PASS: ""complete corrected local assembly syntax"
"PASS: ""original driver source preserved"
"PASS: ""recorded whole-source edit count"
"PASS: ""recorded whole-source edit count"
"PASS: ""recorded whole-source edit count"
"PASS: ""recorded whole-source edit count"
"PASS: ""recorded whole-source edit count"
"PASS: ""recorded whole-source edit count"
"PASS: ""recorded whole-source edit count"
"PASS: ""recorded whole-source edit count"
"PASS: ""recorded whole-source edit count"
"PASS: ""recorded whole-source edit count"
"PASS: ""recorded whole-source edit count"
"PASS: ""recorded whole-source edit count"
"PASS: ""recorded whole-source edit count"
"PASS: ""recorded whole-source edit count"
"PASS: ""recorded whole-source edit count"
"PASS: ""recorded whole-source edit count"
"PASS: ""recorded whole-source edit count"
"PASS: ""recorded whole-source edit count"
"PASS: ""recorded whole-source edit count"
"PASS: ""recorded whole-source edit count"
"PASS: ""recorded whole-source edit count"
"PASS: ""recorded whole-source edit count"
"PASS: ""recorded whole-source edit count"
"PASS: ""recorded whole-source edit count"
"PASS: ""recorded whole-source edit count"
"PASS: ""recorded whole-source edit count"
"PASS: ""recorded whole-source edit count"
"PASS: ""recorded whole-source edit count"
"PASS: ""recorded whole-source edit count"
"PASS: ""recorded whole-source edit count"
"PASS: ""recorded whole-source edit count"
"PASS: ""exact complete corrected source reconstruction"
"PASS: ""unique complete endpoint installation"
"PASS: ""complete endpoint installation syntax"
"PASS: ""accepted exact endpoint derivative receipt"
"PASS: ""accepted endpoint derivative comparison"
"PASS: ""exact executed endpoint helpers"
"PASS: ""unique complete reference recoil definition"
"PASS: ""single exact derivative reduction replacement"
"PASS: ""complete original recoil contract retained"
"PASS: ""accepted exact coefficient preparation receipt"
"PASS: ""same accepted coefficient preparation inputs"
"PASS: ""exact executed coefficient helper installed"
"PASS: ""single exact coefficient preparation replacement"
"PASS: ""complete derivative and endpoint contracts retained"
"PASS: ""complete memory-scope interface syntax"
"PASS: ""only general recoil definition retained"
"PASS: ""optimized derivative retained by task scope"
"PASS: ""coefficient helper retained by task scope"
"PASS: ""accepted exact polynomial backend retained"
"PASS: ""actual installed coefficient cache reproduces proof"
"PASS: ""coefficient cache scope preserves derivative implementation"
"PASS: ""unchanged accepted interfaces retained"
"PASS: exact coefficient preparation installation reviewed"
