"PASS: ""complete corrected local assembly syntax"
"PASS: ""original driver source preserved"
"PASS: ""recorded whole-source edit count"
"PASS: ""recorded whole-source edit count"
"PASS: ""recorded whole-source edit count"
"PASS: ""recorded whole-source edit count"
"PASS: ""recorded whole-source edit count"
"PASS: ""recorded whole-source edit count"
"PASS: ""recorded whole-source edit count"
"PASS: ""recorded whole-source edit count"
"PASS: ""recorded whole-source edit count"
"PASS: ""recorded whole-source edit count"
"PASS: ""recorded whole-source edit count"
"PASS: ""recorded whole-source edit count"
"PASS: ""recorded whole-source edit count"
"PASS: ""recorded whole-source edit count"
"PASS: ""recorded whole-source edit count"
"PASS: ""recorded whole-source edit count"
"PASS: ""recorded whole-source edit count"
"PASS: ""recorded whole-source edit count"
"PASS: ""recorded whole-source edit count"
"PASS: ""recorded whole-source edit count"
"PASS: ""recorded whole-source edit count"
"PASS: ""recorded whole-source edit count"
"PASS: ""recorded whole-source edit count"
"PASS: ""recorded whole-source edit count"
"PASS: ""recorded whole-source edit count"
"PASS: ""recorded whole-source edit count"
"PASS: ""recorded whole-source edit count"
"PASS: ""recorded whole-source edit count"
"PASS: ""recorded whole-source edit count"
"PASS: ""exact complete corrected source reconstruction"
"PASS: ""retained native writer syntax"
"PASS: ""actual accepted map identity for cache replay"
"PASS: ""isolated complete replay review directory"
"PASS: ""unique complete replay interface"
"PASS: ""complete replay interface syntax"
"PASS: ""reviewed source edit coverage"
"PASS: ""reviewed source edit coverage"
"PASS: ""reviewed source edit coverage"
"PASS: ""reviewed source edit coverage"
"PASS: ""reviewed source edit coverage"
"PASS: ""complete reviewed source reconstruction"
"PASS: ""complete previous calculation identity retained"
"PASS: ""pinned accepted component cache"
"PASS: ""cached component index in actual map"
"PASS: ""accepted component and unchanged actual input"
"PASS: ""entire cached payload preserved"
"PASS: ""bounded compressed assembly file"
"PASS: ""exact native assembly reload"
"PASS: ""pinned accepted component cache"
"PASS: ""cached component index in actual map"
"PASS: ""accepted component and unchanged actual input"
"PASS: ""entire cached payload preserved"
"PASS: ""bounded compressed assembly file"
"PASS: ""exact native assembly reload"
"PASS: ""pinned accepted component cache"
"PASS: ""cached component index in actual map"
"PASS: ""accepted component and unchanged actual input"
"PASS: ""entire cached payload preserved"
"PASS: ""bounded compressed assembly file"
"PASS: ""exact native assembly reload"
"PASS: ""pinned accepted component cache"
"PASS: ""cached component index in actual map"
"PASS: ""accepted component and unchanged actual input"
"PASS: ""entire cached payload preserved"
"PASS: ""bounded compressed assembly file"
"PASS: ""exact native assembly reload"
"PASS: ""pinned accepted component cache"
"PASS: ""cached component index in actual map"
"PASS: ""accepted component and unchanged actual input"
"PASS: ""entire cached payload preserved"
"PASS: ""bounded compressed assembly file"
"PASS: ""exact native assembly reload"
"PASS: ""pinned accepted component cache"
"PASS: ""cached component index in actual map"
"PASS: ""accepted component and unchanged actual input"
"PASS: ""entire cached payload preserved"
"PASS: ""bounded compressed assembly file"
"PASS: ""exact native assembly reload"
"PASS: ""pinned accepted component cache"
"PASS: ""cached component index in actual map"
"PASS: ""accepted component and unchanged actual input"
"PASS: ""entire cached payload preserved"
"PASS: ""bounded compressed assembly file"
"PASS: ""exact native assembly reload"
"PASS: ""pinned accepted component cache"
"PASS: ""cached component index in actual map"
"PASS: ""accepted component and unchanged actual input"
"PASS: ""entire cached payload preserved"
"PASS: ""bounded compressed assembly file"
"PASS: ""exact native assembly reload"
"PASS: ""pinned accepted component cache"
"PASS: ""cached component index in actual map"
"PASS: ""accepted component and unchanged actual input"
"PASS: ""entire cached payload preserved"
"PASS: ""bounded compressed assembly file"
"PASS: ""exact native assembly reload"
"PASS: ""pinned accepted component cache"
"PASS: ""cached component index in actual map"
"PASS: ""accepted component and unchanged actual input"
"PASS: ""entire cached payload preserved"
"PASS: ""bounded compressed assembly file"
"PASS: ""exact native assembly reload"
"PASS: ""pinned accepted component cache"
"PASS: ""cached component index in actual map"
"PASS: ""accepted component and unchanged actual input"
"PASS: ""entire cached payload preserved"
"PASS: ""bounded compressed assembly file"
"PASS: ""exact native assembly reload"
"PASS: ""pinned accepted component cache"
"PASS: ""cached component index in actual map"
"PASS: ""accepted component and unchanged actual input"
"PASS: ""entire cached payload preserved"
"PASS: ""bounded compressed assembly file"
"PASS: ""exact native assembly reload"
"PASS: ""pinned accepted component cache"
"PASS: ""cached component index in actual map"
"PASS: ""accepted component and unchanged actual input"
"PASS: ""entire cached payload preserved"
"PASS: ""bounded compressed assembly file"
"PASS: ""exact native assembly reload"
"PASS: ""pinned accepted component cache"
"PASS: ""cached component index in actual map"
"PASS: ""accepted component and unchanged actual input"
"PASS: ""entire cached payload preserved"
"PASS: ""bounded compressed assembly file"
"PASS: ""exact native assembly reload"
"PASS: ""pinned accepted component cache"
"PASS: ""cached component index in actual map"
"PASS: ""accepted component and unchanged actual input"
"PASS: ""entire cached payload preserved"
"PASS: ""bounded compressed assembly file"
"PASS: ""exact native assembly reload"
"PASS: ""pinned accepted component cache"
"PASS: ""cached component index in actual map"
"PASS: ""accepted component and unchanged actual input"
"PASS: ""entire cached payload preserved"
"PASS: ""bounded compressed assembly file"
"PASS: ""exact native assembly reload"
"PASS: ""pinned accepted component cache"
"PASS: ""cached component index in actual map"
"PASS: ""accepted component and unchanged actual input"
"PASS: ""entire cached payload preserved"
"PASS: ""bounded compressed assembly file"
"PASS: ""exact native assembly reload"
"PASS: ""pinned accepted component cache"
"PASS: ""cached component index in actual map"
"PASS: ""accepted component and unchanged actual input"
"PASS: ""entire cached payload preserved"
"PASS: ""bounded compressed assembly file"
"PASS: ""exact native assembly reload"
"PASS: ""pinned accepted component cache"
"PASS: ""cached component index in actual map"
"PASS: ""accepted component and unchanged actual input"
"PASS: ""entire cached payload preserved"
"PASS: ""bounded compressed assembly file"
"PASS: ""exact native assembly reload"
"PASS: ""pinned accepted component cache"
"PASS: ""cached component index in actual map"
"PASS: ""accepted component and unchanged actual input"
"PASS: ""entire cached payload preserved"
"PASS: ""bounded compressed assembly file"
"PASS: ""exact native assembly reload"
"PASS: ""pinned accepted component cache"
"PASS: ""cached component index in actual map"
"PASS: ""accepted component and unchanged actual input"
"PASS: ""entire cached payload preserved"
"PASS: ""bounded compressed assembly file"
"PASS: ""exact native assembly reload"
"PASS: ""pinned accepted component cache"
"PASS: ""cached component index in actual map"
"PASS: ""accepted component and unchanged actual input"
"PASS: ""entire cached payload preserved"
"PASS: ""bounded compressed assembly file"
"PASS: ""exact native assembly reload"
"PASS: ""pinned accepted component cache"
"PASS: ""cached component index in actual map"
"PASS: ""accepted component and unchanged actual input"
"PASS: ""entire cached payload preserved"
"PASS: ""bounded compressed assembly file"
"PASS: ""exact native assembly reload"
"PASS: ""pinned accepted component cache"
"PASS: ""cached component index in actual map"
"PASS: ""accepted component and unchanged actual input"
"PASS: ""entire cached payload preserved"
"PASS: ""bounded compressed assembly file"
"PASS: ""exact native assembly reload"
"PASS: ""pinned accepted component cache"
"PASS: ""cached component index in actual map"
"PASS: ""accepted component and unchanged actual input"
"PASS: ""entire cached payload preserved"
"PASS: ""bounded compressed assembly file"
"PASS: ""exact native assembly reload"
"PASS: ""pinned accepted component cache"
"PASS: ""cached component index in actual map"
"PASS: ""accepted component and unchanged actual input"
"PASS: ""entire cached payload preserved"
"PASS: ""bounded compressed assembly file"
"PASS: ""exact native assembly reload"
"PASS: ""pinned accepted component cache"
"PASS: ""cached component index in actual map"
"PASS: ""accepted component and unchanged actual input"
"PASS: ""entire cached payload preserved"
"PASS: ""bounded compressed assembly file"
"PASS: ""exact native assembly reload"
"PASS: ""pinned accepted component cache"
"PASS: ""cached component index in actual map"
"PASS: ""accepted component and unchanged actual input"
"PASS: ""entire cached payload preserved"
"PASS: ""bounded compressed assembly file"
"PASS: ""exact native assembly reload"
"PASS: ""pinned accepted component cache"
"PASS: ""cached component index in actual map"
"PASS: ""accepted component and unchanged actual input"
"PASS: ""entire cached payload preserved"
"PASS: ""bounded compressed assembly file"
"PASS: ""exact native assembly reload"
"PASS: ""pinned accepted component cache"
"PASS: ""cached component index in actual map"
"PASS: ""accepted component and unchanged actual input"
"PASS: ""entire cached payload preserved"
"PASS: ""bounded compressed assembly file"
"PASS: ""exact native assembly reload"
"PASS: ""pinned accepted component cache"
"PASS: ""cached component index in actual map"
"PASS: ""accepted component and unchanged actual input"
"PASS: ""entire cached payload preserved"
"PASS: ""bounded compressed assembly file"
"PASS: ""exact native assembly reload"
"PASS: ""pinned accepted component cache"
"PASS: ""cached component index in actual map"
"PASS: ""accepted component and unchanged actual input"
"PASS: ""entire cached payload preserved"
"PASS: ""bounded compressed assembly file"
"PASS: ""exact native assembly reload"
"PASS: ""pinned accepted component cache"
"PASS: ""cached component index in actual map"
"PASS: ""accepted component and unchanged actual input"
"PASS: ""entire cached payload preserved"
"PASS: ""bounded compressed assembly file"
"PASS: ""exact native assembly reload"
"PASS: ""pinned accepted component cache"
"PASS: ""cached component index in actual map"
"PASS: ""accepted component and unchanged actual input"
"PASS: ""entire cached payload preserved"
"PASS: ""bounded compressed assembly file"
"PASS: ""exact native assembly reload"
"PASS: ""pinned accepted component cache"
"PASS: ""cached component index in actual map"
"PASS: ""accepted component and unchanged actual input"
"PASS: ""entire cached payload preserved"
"PASS: ""bounded compressed assembly file"
"PASS: ""exact native assembly reload"
"PASS: ""pinned accepted component cache"
"PASS: ""cached component index in actual map"
"PASS: ""accepted component and unchanged actual input"
"PASS: ""entire cached payload preserved"
"PASS: ""bounded compressed assembly file"
"PASS: ""exact native assembly reload"
"PASS: ""pinned accepted component cache"
"PASS: ""cached component index in actual map"
"PASS: ""accepted component and unchanged actual input"
"PASS: ""entire cached payload preserved"
"PASS: ""bounded compressed assembly file"
"PASS: ""exact native assembly reload"
"ACCEPTED_COMPONENTS_REUSED "37" "{16, 13, 7, 2, 10, 8, 17, 21, 28, 5, 4, 3, 30, 31, 25, 32, 14, 29, 1, 35, 12, 19, 9, 26, 27, 15, 24, 6, 81, 22, 34, 37, 11, 20, 23, 18, 33}
"PASS: ""all actual accepted component caches replayed"
"PASS: ""complete replay review cache removed"
"PASS: ""unique complete endpoint installation"
"PASS: ""complete endpoint installation syntax"
"PASS: ""accepted exact endpoint derivative receipt"
"PASS: ""accepted endpoint derivative comparison"
"PASS: ""exact executed endpoint helpers"
"PASS: ""unique complete reference recoil definition"
"PASS: ""single exact derivative reduction replacement"
"PASS: ""complete original recoil contract retained"
"PASS: ""complete memory-scope interface syntax"
"PASS: ""only general recoil definition retained"
"PASS: ""optimized derivative retained by task scope"
"PASS: corrected Hgg integration source and cache interface"
