MONITOR_START job=14692860 host=n7440 kernel_pid=140422

Global`$FeynCalcStartupMessages::shdw: Symbol $FeynCalcStartupMessages appears in multiple contexts {Global`, FeynCalc`}; definitions in context Global` may shadow or be shadowed by other definitions.
"VIRTUAL_WORKERS "4
"BORN_NORMALIZATION_ACCEPTED ""Hqq"" virtual diagrams "15
"From remote kernel:"
"\"VIRTUAL \"\"Hqq\"\" \"\"Pg\"\" diagram \"1\" kernel \"1\n"
"From remote kernel:"
"\"VIRTUAL \"\"Hqq\"\" \"\"Pg\"\" diagram \"2\" kernel \"2\n"
"From remote kernel:"
"\"VIRTUAL \"\"Hqq\"\" \"\"Pg\"\" diagram \"3\" kernel \"3\n"
"From remote kernel:"
"\"VIRTUAL \"\"Hqq\"\" \"\"Pg\"\" diagram \"4\" kernel \"4\n"
"From remote kernel:"
"\"VIRTUAL \"\"Hqq\"\" \"\"Pg\"\" diagram \"5\" kernel \"4\n"
"From remote kernel:"
"\"VIRTUAL \"\"Hqq\"\" \"\"Pg\"\" diagram \"6\" kernel \"3\n"
"From remote kernel:"
"\"VIRTUAL \"\"Hqq\"\" \"\"Pg\"\" diagram \"7\" kernel \"2\n"
"From remote kernel:"
"\"VIRTUAL \"\"Hqq\"\" \"\"Pg\"\" diagram \"8\" kernel \"1\n"
MONITOR_HEARTBEAT elapsed=30s rss=832.3MiB peak=832.3MiB
"From remote kernel:"
"\"VIRTUAL \"\"Hqq\"\" \"\"Pg\"\" diagram \"9\" kernel \"3\n"
"From remote kernel:"
"\"VIRTUAL \"\"Hqq\"\" \"\"Pg\"\" diagram \"10\" kernel \"4\n"
"From remote kernel:"
"\"VIRTUAL \"\"Hqq\"\" \"\"Pg\"\" diagram \"11\" kernel \"2\n"
"From remote kernel:"
"\"VIRTUAL \"\"Hqq\"\" \"\"Pg\"\" diagram \"12\" kernel \"1\n"
"From remote kernel:"
"\"VIRTUAL \"\"Hqq\"\" \"\"Pg\"\" diagram \"13\" kernel \"3\n"
"From remote kernel:"
"\"VIRTUAL \"\"Hqq\"\" \"\"Pg\"\" diagram \"14\" kernel \"4\n"
"From remote kernel:"
"\"VIRTUAL \"\"Hqq\"\" \"\"Pg\"\" diagram \"15\" kernel \"2\n"
"From remote kernel:"
"\"VIRTUAL \"\"Hqq\"\" \"\"Ppp\"\" diagram \"1\" kernel \"4\n"
"From remote kernel:"
"\"VIRTUAL \"\"Hqq\"\" \"\"Ppp\"\" diagram \"2\" kernel \"1\n"
"From remote kernel:"
"\"VIRTUAL \"\"Hqq\"\" \"\"Ppp\"\" diagram \"3\" kernel \"4\n"
"From remote kernel:"
"\"VIRTUAL \"\"Hqq\"\" \"\"Ppp\"\" diagram \"4\" kernel \"2\n"
"From remote kernel:"
"\"VIRTUAL \"\"Hqq\"\" \"\"Ppp\"\" diagram \"5\" kernel \"1\n"
"From remote kernel:"
"\"VIRTUAL \"\"Hqq\"\" \"\"Ppp\"\" diagram \"6\" kernel \"4\n"
"From remote kernel:"
"\"VIRTUAL \"\"Hqq\"\" \"\"Ppp\"\" diagram \"7\" kernel \"2\n"
"From remote kernel:"
"\"VIRTUAL \"\"Hqq\"\" \"\"Ppp\"\" diagram \"8\" kernel \"1\n"
"From remote kernel:"
"\"VIRTUAL \"\"Hqq\"\" \"\"Ppp\"\" diagram \"9\" kernel \"3\n"
"From remote kernel:"
"\"VIRTUAL \"\"Hqq\"\" \"\"Ppp\"\" diagram \"10\" kernel \"4\n"
"From remote kernel:"
"\"VIRTUAL \"\"Hqq\"\" \"\"Ppp\"\" diagram \"11\" kernel \"2\n"
"From remote kernel:"
"\"VIRTUAL \"\"Hqq\"\" \"\"Ppp\"\" diagram \"12\" kernel \"1\n"
"From remote kernel:"
"\"VIRTUAL \"\"Hqq\"\" \"\"Ppp\"\" diagram \"13\" kernel \"3\n"
"From remote kernel:"
"\"VIRTUAL \"\"Hqq\"\" \"\"Ppp\"\" diagram \"14\" kernel \"4\n"
"From remote kernel:"
"\"VIRTUAL \"\"Hqq\"\" \"\"Ppp\"\" diagram \"15\" kernel \"2\n"
MONITOR_HEARTBEAT elapsed=61s rss=902.3MiB peak=936.5MiB
"VIRTUAL_CHANNEL_MAPPED ""Hqq"" targets "509
"BORN_NORMALIZATION_ACCEPTED ""Hqg"" virtual diagrams "15
"From remote kernel:"
"\"VIRTUAL \"\"Hqg\"\" \"\"Pg\"\" diagram \"3\" kernel \"3\n"
"From remote kernel:"
"\"VIRTUAL \"\"Hqg\"\" \"\"Pg\"\" diagram \"1\" kernel \"1\n"
"From remote kernel:"
"\"VIRTUAL \"\"Hqg\"\" \"\"Pg\"\" diagram \"2\" kernel \"2\n"
"From remote kernel:"
"\"VIRTUAL \"\"Hqg\"\" \"\"Pg\"\" diagram \"4\" kernel \"4\n"
"From remote kernel:"
"\"VIRTUAL \"\"Hqg\"\" \"\"Pg\"\" diagram \"5\" kernel \"2\n"
"From remote kernel:"
"\"VIRTUAL \"\"Hqg\"\" \"\"Pg\"\" diagram \"6\" kernel \"1\n"
"From remote kernel:"
"\"VIRTUAL \"\"Hqg\"\" \"\"Pg\"\" diagram \"7\" kernel \"3\n"
"From remote kernel:"
"\"VIRTUAL \"\"Hqg\"\" \"\"Pg\"\" diagram \"8\" kernel \"4\n"
"From remote kernel:"
"\"VIRTUAL \"\"Hqg\"\" \"\"Pg\"\" diagram \"9\" kernel \"2\n"
"From remote kernel:"
"\"VIRTUAL \"\"Hqg\"\" \"\"Pg\"\" diagram \"10\" kernel \"1\n"
MONITOR_HEARTBEAT elapsed=91s rss=995.8MiB peak=1034.9MiB
"From remote kernel:"
"\"VIRTUAL \"\"Hqg\"\" \"\"Pg\"\" diagram \"11\" kernel \"3\n"
"From remote kernel:"
"\"VIRTUAL \"\"Hqg\"\" \"\"Pg\"\" diagram \"12\" kernel \"4\n"
"From remote kernel:"
"\"VIRTUAL \"\"Hqg\"\" \"\"Pg\"\" diagram \"13\" kernel \"2\n"
"From remote kernel:"
"\"VIRTUAL \"\"Hqg\"\" \"\"Pg\"\" diagram \"14\" kernel \"1\n"
"From remote kernel:"
"\"VIRTUAL \"\"Hqg\"\" \"\"Pg\"\" diagram \"15\" kernel \"1\n"
"From remote kernel:"
"\"VIRTUAL \"\"Hqg\"\" \"\"Ppp\"\" diagram \"1\" kernel \"1\n"
"From remote kernel:"
"\"VIRTUAL \"\"Hqg\"\" \"\"Ppp\"\" diagram \"2\" kernel \"3\n"
"From remote kernel:"
"\"VIRTUAL \"\"Hqg\"\" \"\"Ppp\"\" diagram \"3\" kernel \"4\n"
"From remote kernel:"
"\"VIRTUAL \"\"Hqg\"\" \"\"Ppp\"\" diagram \"4\" kernel \"1\n"
"From remote kernel:"
"\"VIRTUAL \"\"Hqg\"\" \"\"Ppp\"\" diagram \"5\" kernel \"3\n"
"From remote kernel:"
"\"VIRTUAL \"\"Hqg\"\" \"\"Ppp\"\" diagram \"6\" kernel \"1\n"
"From remote kernel:"
"\"VIRTUAL \"\"Hqg\"\" \"\"Ppp\"\" diagram \"7\" kernel \"3\n"
"From remote kernel:"
"\"VIRTUAL \"\"Hqg\"\" \"\"Ppp\"\" diagram \"8\" kernel \"4\n"
"From remote kernel:"
"\"VIRTUAL \"\"Hqg\"\" \"\"Ppp\"\" diagram \"9\" kernel \"1\n"
"From remote kernel:"
"\"VIRTUAL \"\"Hqg\"\" \"\"Ppp\"\" diagram \"10\" kernel \"3\n"
"From remote kernel:"
"\"VIRTUAL \"\"Hqg\"\" \"\"Ppp\"\" diagram \"11\" kernel \"4\n"
"From remote kernel:"
"\"VIRTUAL \"\"Hqg\"\" \"\"Ppp\"\" diagram \"12\" kernel \"1\n"
MONITOR_HEARTBEAT elapsed=122s rss=1133.8MiB peak=1133.8MiB
"From remote kernel:"
"\"VIRTUAL \"\"Hqg\"\" \"\"Ppp\"\" diagram \"13\" kernel \"2\n"
"From remote kernel:"
"\"VIRTUAL \"\"Hqg\"\" \"\"Ppp\"\" diagram \"14\" kernel \"3\n"
"From remote kernel:"
"\"VIRTUAL \"\"Hqg\"\" \"\"Ppp\"\" diagram \"15\" kernel \"3\n"
"VIRTUAL_CHANNEL_MAPPED ""Hqg"" targets "509
"BORN_NORMALIZATION_ACCEPTED ""Hgq"" virtual diagrams "15
"From remote kernel:"
"\"VIRTUAL \"\"Hgq\"\" \"\"Pg\"\" diagram \"1\" kernel \"1\n"
"From remote kernel:"
"\"VIRTUAL \"\"Hgq\"\" \"\"Pg\"\" diagram \"3\" kernel \"3\n"
"From remote kernel:"
"\"VIRTUAL \"\"Hgq\"\" \"\"Pg\"\" diagram \"2\" kernel \"2\n"
"From remote kernel:"
"\"VIRTUAL \"\"Hgq\"\" \"\"Pg\"\" diagram \"4\" kernel \"4\n"
"From remote kernel:"
"\"VIRTUAL \"\"Hgq\"\" \"\"Pg\"\" diagram \"5\" kernel \"2\n"
"From remote kernel:"
"\"VIRTUAL \"\"Hgq\"\" \"\"Pg\"\" diagram \"6\" kernel \"1\n"
"From remote kernel:"
"\"VIRTUAL \"\"Hgq\"\" \"\"Pg\"\" diagram \"7\" kernel \"4\n"
"From remote kernel:"
"\"VIRTUAL \"\"Hgq\"\" \"\"Pg\"\" diagram \"8\" kernel \"3\n"
MONITOR_HEARTBEAT elapsed=153s rss=953.8MiB peak=1133.8MiB
"From remote kernel:"
"\"VIRTUAL \"\"Hgq\"\" \"\"Pg\"\" diagram \"9\" kernel \"2\n"
"From remote kernel:"
"\"VIRTUAL \"\"Hgq\"\" \"\"Pg\"\" diagram \"10\" kernel \"1\n"
"From remote kernel:"
"\"VIRTUAL \"\"Hgq\"\" \"\"Pg\"\" diagram \"11\" kernel \"4\n"
"From remote kernel:"
"\"VIRTUAL \"\"Hgq\"\" \"\"Pg\"\" diagram \"12\" kernel \"3\n"
"From remote kernel:"
"\"VIRTUAL \"\"Hgq\"\" \"\"Pg\"\" diagram \"13\" kernel \"2\n"
"From remote kernel:"
"\"VIRTUAL \"\"Hgq\"\" \"\"Pg\"\" diagram \"14\" kernel \"1\n"
"From remote kernel:"
"\"VIRTUAL \"\"Hgq\"\" \"\"Pg\"\" diagram \"15\" kernel \"1\n"
"From remote kernel:"
"\"VIRTUAL \"\"Hgq\"\" \"\"Ppp\"\" diagram \"1\" kernel \"1\n"
"From remote kernel:"
"\"VIRTUAL \"\"Hgq\"\" \"\"Ppp\"\" diagram \"2\" kernel \"4\n"
"From remote kernel:"
"\"VIRTUAL \"\"Hgq\"\" \"\"Ppp\"\" diagram \"3\" kernel \"1\n"
"From remote kernel:"
"\"VIRTUAL \"\"Hgq\"\" \"\"Ppp\"\" diagram \"4\" kernel \"4\n"
"From remote kernel:"
"\"VIRTUAL \"\"Hgq\"\" \"\"Ppp\"\" diagram \"5\" kernel \"3\n"
"From remote kernel:"
"\"VIRTUAL \"\"Hgq\"\" \"\"Ppp\"\" diagram \"6\" kernel \"2\n"
"From remote kernel:"
"\"VIRTUAL \"\"Hgq\"\" \"\"Ppp\"\" diagram \"7\" kernel \"1\n"
"From remote kernel:"
"\"VIRTUAL \"\"Hgq\"\" \"\"Ppp\"\" diagram \"8\" kernel \"4\n"
"From remote kernel:"
"\"VIRTUAL \"\"Hgq\"\" \"\"Ppp\"\" diagram \"9\" kernel \"3\n"
"From remote kernel:"
"\"VIRTUAL \"\"Hgq\"\" \"\"Ppp\"\" diagram \"10\" kernel \"1\n"
"From remote kernel:"
"\"VIRTUAL \"\"Hgq\"\" \"\"Ppp\"\" diagram \"11\" kernel \"2\n"
"From remote kernel:"
"\"VIRTUAL \"\"Hgq\"\" \"\"Ppp\"\" diagram \"12\" kernel \"4\n"
"From remote kernel:"
"\"VIRTUAL \"\"Hgq\"\" \"\"Ppp\"\" diagram \"13\" kernel \"3\n"
MONITOR_HEARTBEAT elapsed=183s rss=978.1MiB peak=1133.8MiB
"From remote kernel:"
"\"VIRTUAL \"\"Hgq\"\" \"\"Ppp\"\" diagram \"14\" kernel \"1\n"
"From remote kernel:"
"\"VIRTUAL \"\"Hgq\"\" \"\"Ppp\"\" diagram \"15\" kernel \"1\n"
"VIRTUAL_CHANNEL_MAPPED ""Hgq"" targets "607
"S05_SUCCESS: "1625" virtual scalar-integral targets."
MONITOR_WAKE {"stage": "s05", "source": "s05_virtual_families.wl", "source_sha256": "c3b6bd31df3fa763c714d173f8048d31aa41b02066c3f9ff6cf5853fcfe6aae2", "job_id": "14692860", "host": "n7440", "exit_code": 0, "success_marker": true, "accepted_execution": true, "guard": null, "peak_rss_bytes": 1188827136, "elapsed_seconds": 189.38687658682466, "completed_utc": "2026-09-07T10:18:30.122780+00:00"}
