"PASS: ""explicit authorized single local kernel"
"PASS: ""bound complete local source"
"PASS: ""pinned input Hgg/s08_mapping_inputs_result/s08_component_0008.wl"
"PASS: ""pinned input Hgg/s08_mapping_inputs_result/s08_recovery_execution.json"
"PASS: ""pinned input common/s08_inputs.json"
"PASS: ""pinned input common/s08_result/reference/s03_real_families.wl"
"PASS: ""pinned input common/s08_result/reference/s11_real_master_coefficients.wl"
"PASS: ""pinned input Hgg/s05_result/s05_result.wl"
"PASS: ""pinned input common/s06_result/s06_result.wl"
"PASS: ""pinned input common/s06_result/reference/s02_result.wl"
"PASS: ""pinned input common/s06_result/reference/s04_result.wl"
"PASS: ""pinned input common/s08_result/reference/s08_map_real_spin_before_known_denominator.wls"
"PASS: ""pinned input common/s08_resume_Hqg_polynomial_maps.wls"
"PASS: ""pinned input common/s08_map_Hgg_component_inputs.wls"
"PASS: ""pinned input common/s08_map_Hgg_factored_inputs.wls"
"PASS: ""pinned input common/s05_project_Hgg_piecewise_storage.wls"
"PASS: ""pinned input Hgg/s05_result/s05_metadata.wl"
"PASS: ""pinned input Hgg/s05_result/s05_component_manifest.json"
"PASS: ""pinned input Hgg/s05_result/s05_execution.json"
"PASS: ""pinned input Hgq/s08_certified_denominator_result/s08_result.wl"
"PASS: ""pinned input misc/s06_imported_groups.json"
"PASS: ""pinned input Hqg/s08_polynomial_group_result/s08_result.wl"
"PASS: ""pinned input Hqg/s08_polynomial_group_result/s08_execution.json"
"PASS: ""pinned input Hgg/s08_factored_atom_certificate_result/s08_result.wl"
"PASS: ""pinned input Hgg/s08_factored_atom_certificate_result/s08_execution.json"
"PASS: ""pinned input Hgg/s08_scalar_certificate_result/s08_result.wl"
"PASS: ""pinned input Hgg/s08_scalar_certificate_result/s08_execution.json"
"PASS: ""pinned input Hgg/s08_compact_groups_result/s08_result.wl"
"PASS: ""pinned input Hgg/s08_compact_groups_result/s08_execution.json"
"PASS: ""pinned input Hgg/s08_external_factor_result/s08_result.wl"
"PASS: ""pinned input Hgg/s08_external_factor_result/s08_execution.json"
"PASS: ""pinned input Hgg/s08_response_read_result/s08_result.wl"
"PASS: ""pinned input Hgg/s08_response_read_result/s08_execution.json"
"PASS: ""pinned input Hgg/s05_projected_components_result/Photon_4/s05_payload_0018.txt"
"PASS: ""pinned input Hgg/s05_projected_components_result/Photon_4/s05_payload_0022.txt"
"PASS: ""pinned input Hgg/s05_projected_components_result/Photon_4/s05_payload_0019.txt"
"PASS: ""pinned input Hgg/s05_projected_components_result/Photon_4/s05_payload_0015.txt"
"PASS: ""pinned input Hgg/s05_projected_components_result/Photon_4/s05_payload_0008.txt"
"PASS: ""pinned input Hgg/s05_projected_components_result/Photon_4/s05_payload_0014.txt"
"PASS: ""pinned input Hgg/s05_projected_components_result/Photon_4/s05_payload_0005.txt"
"PASS: ""pinned input Hgg/s05_projected_components_result/Photon_4/s05_payload_0023.txt"
"PASS: ""pinned input Hgg/s05_projected_components_result/Photon_4/s05_payload_0010.txt"
"PASS: ""pinned input Hgg/s05_projected_components_result/Photon_4/s05_payload_0006.txt"
"PASS: ""pinned input Hgg/s05_projected_components_result/Photon_4/s05_payload_0027.txt"
"PASS: ""pinned input Hgg/s05_projected_components_result/Photon_4/s05_payload_0004.txt"
"PASS: ""pinned input Hgg/s05_projected_components_result/Photon_4/s05_payload_0011.txt"
"PASS: ""pinned input Hgg/s05_projected_components_result/Photon_4/s05_payload_0001.txt"
"PASS: ""pinned input Hgg/s05_projected_components_result/Photon_4/s05_payload_0012.txt"
"PASS: ""pinned input Hgg/s05_projected_components_result/Photon_4/s05_payload_0003.txt"
"PASS: ""pinned input Hgg/s05_projected_components_result/Photon_4/s05_payload_0028.txt"
"PASS: ""pinned input Hgg/s05_projected_components_result/Photon_4/s05_execution.json"
"PASS: ""pinned input Hgg/s05_projected_components_result/Photon_4/s05_payload_0007.txt"
"PASS: ""pinned input Hgg/s05_projected_components_result/Photon_4/s05_payload_0025.txt"
"PASS: ""pinned input Hgg/s05_projected_components_result/Photon_4/s05_checks.json"
"PASS: ""pinned input Hgg/s05_projected_components_result/Photon_4/s05_result.wl"
"PASS: ""pinned input Hgg/s05_projected_components_result/Photon_4/s05_payload_0009.txt"
"PASS: ""pinned input Hgg/s05_projected_components_result/Photon_4/s05_payload_0016.txt"
"PASS: ""pinned input Hgg/s05_projected_components_result/Photon_4/s05_payload_0013.txt"
"PASS: ""pinned input Hgg/s05_projected_components_result/Photon_4/s05_payload_0026.txt"
"PASS: ""pinned input Hgg/s05_projected_components_result/Photon_4/s05_payload_manifest.json"
"PASS: ""pinned input Hgg/s05_projected_components_result/Photon_4/s05_payload_0017.txt"
"PASS: ""pinned input Hgg/s05_projected_components_result/Photon_4/s05_payload_0002.txt"
"PASS: ""pinned input Hgg/s05_projected_components_result/Photon_4/s05_payload_0021.txt"
"PASS: ""pinned input Hgg/s05_projected_components_result/Photon_4/s05_payload_0024.txt"
"PASS: ""pinned input Hgg/s05_projected_components_result/Photon_4/s05_payload_0020.txt"
"PASS: ""pinned input misc/s06_work/cache/s08_Hgg_grouped/244be3fbf4bd6c97320bdf9194b8d1744e45b97597929aba9717bf70927353ec_numeric_phase/component_38_outer_1_group_0001.wl"
"PASS: ""pinned input misc/s06_work/cache/s08_Hgg_grouped/244be3fbf4bd6c97320bdf9194b8d1744e45b97597929aba9717bf70927353ec_numeric_phase/component_38_outer_1_group_0002.wl"
"PASS: ""pinned input misc/s06_work/cache/s08_Hgg_grouped/244be3fbf4bd6c97320bdf9194b8d1744e45b97597929aba9717bf70927353ec_numeric_phase/component_38_outer_1_group_0003.wl"
"PASS: ""pinned input misc/s06_work/cache/s08_Hgg_grouped/244be3fbf4bd6c97320bdf9194b8d1744e45b97597929aba9717bf70927353ec_numeric_phase/component_38_outer_1_group_0004.wl"
"PASS: ""pinned input misc/s06_work/cache/s08_Hgg_grouped/244be3fbf4bd6c97320bdf9194b8d1744e45b97597929aba9717bf70927353ec_numeric_phase/component_38_outer_1_group_0005.wl"
"PASS: ""pinned input misc/s06_work/cache/s08_Hgg_grouped/244be3fbf4bd6c97320bdf9194b8d1744e45b97597929aba9717bf70927353ec_numeric_phase/component_38_outer_1_group_0006.wl"
"PASS: ""pinned input misc/s06_work/cache/s08_Hgg_grouped/244be3fbf4bd6c97320bdf9194b8d1744e45b97597929aba9717bf70927353ec_numeric_phase/component_38_outer_1_group_0007.wl"
"PASS: ""pinned input misc/s06_work/cache/s08_Hgg_grouped/244be3fbf4bd6c97320bdf9194b8d1744e45b97597929aba9717bf70927353ec_numeric_phase/component_38_outer_1_group_0008.wl"
"PASS: ""pinned input misc/s06_work/cache/s08_Hgg_grouped/244be3fbf4bd6c97320bdf9194b8d1744e45b97597929aba9717bf70927353ec_numeric_phase/component_38_outer_1_group_0009.wl"
"PASS: ""pinned input misc/s06_work/cache/s08_Hgg_grouped/244be3fbf4bd6c97320bdf9194b8d1744e45b97597929aba9717bf70927353ec_numeric_phase/component_38_outer_1_group_0010.wl"
"PASS: ""pinned input misc/s06_work/cache/s08_Hgg_grouped/244be3fbf4bd6c97320bdf9194b8d1744e45b97597929aba9717bf70927353ec_numeric_phase/component_38_outer_1_group_0011.wl"
"PASS: ""pinned input misc/s06_work/cache/s08_Hgg_grouped/244be3fbf4bd6c97320bdf9194b8d1744e45b97597929aba9717bf70927353ec_numeric_phase/component_38_outer_1_group_0012.wl"
"PASS: ""pinned input misc/s06_work/cache/s08_Hgg_grouped/244be3fbf4bd6c97320bdf9194b8d1744e45b97597929aba9717bf70927353ec_numeric_phase/component_38_outer_1_group_0013.wl"
"PASS: ""pinned input misc/s06_work/cache/s08_Hgg_grouped/244be3fbf4bd6c97320bdf9194b8d1744e45b97597929aba9717bf70927353ec_numeric_phase/component_38_outer_1_group_0014.wl"
"PASS: ""pinned input misc/s06_work/cache/s08_Hgg_grouped/244be3fbf4bd6c97320bdf9194b8d1744e45b97597929aba9717bf70927353ec_numeric_phase/component_38_outer_1_group_0015.wl"
"PASS: ""pinned input misc/s06_work/cache/s08_Hgg_grouped/244be3fbf4bd6c97320bdf9194b8d1744e45b97597929aba9717bf70927353ec_numeric_phase/component_38_outer_1_group_0016.wl"
"PASS: ""pinned input misc/s06_work/cache/s08_Hgg_grouped/244be3fbf4bd6c97320bdf9194b8d1744e45b97597929aba9717bf70927353ec_numeric_phase/component_38_outer_1_group_0017.wl"
"PASS: ""pinned input misc/s06_work/cache/s08_Hgg_grouped/244be3fbf4bd6c97320bdf9194b8d1744e45b97597929aba9717bf70927353ec_numeric_phase/component_38_outer_1_group_0018.wl"
"PASS: ""pinned input misc/s06_work/cache/s08_Hgg_grouped/244be3fbf4bd6c97320bdf9194b8d1744e45b97597929aba9717bf70927353ec_numeric_phase/component_38_outer_1_group_0019.wl"
"PASS: ""pinned input misc/s06_work/cache/s08_Hgg_grouped/244be3fbf4bd6c97320bdf9194b8d1744e45b97597929aba9717bf70927353ec_numeric_phase/component_38_outer_1_group_0020.wl"
"PASS: ""pinned input misc/s06_work/cache/s08_Hgg_grouped/244be3fbf4bd6c97320bdf9194b8d1744e45b97597929aba9717bf70927353ec_numeric_phase/component_38_outer_1_group_0021.wl"
"PASS: ""pinned input misc/s06_result/reference/full_response_attempt/s06_map_Hgg_local.wls"
"PASS: ""pinned input misc/s06_result/reference/full_response_attempt/s06_inputs.json"
"PASS: ""pinned input misc/s06_result/reference/full_response_attempt/s06_control.wl"
"PASS: ""pinned input misc/s06_result/reference/full_response_attempt/s06_execution.json"
"PASS: ""pinned input misc/s06_result/reference/full_response_attempt/s06.log"
"PASS: ""accepted receipt Hgg/s08_mapping_inputs_result/s08_component_0008.wl"
"PASS: ""accepted checks Hgg/s08_mapping_inputs_result/s08_component_0008.wl"
"PASS: ""own complete Hgg native input"
"PASS: ""same FeynCalc serialization version"
"PASS: ""unchanged scientific input common/s08_inputs.json"
"PASS: ""unchanged scientific input common/s08_result/reference/s03_real_families.wl"
"PASS: ""unchanged scientific input common/s08_result/reference/s11_real_master_coefficients.wl"
"PASS: ""unchanged scientific input Hgg/s05_result/s05_result.wl"
"PASS: ""unchanged scientific input common/s06_result/s06_result.wl"
"PASS: ""unchanged scientific input common/s06_result/reference/s02_result.wl"
"PASS: ""unchanged scientific input common/s06_result/reference/s04_result.wl"
"PASS: ""unique reviewed source block common/s08_result/reference/s08_map_real_spin_before_known_denominator.wls"
"PASS: ""complete source block syntax common/s08_result/reference/s08_map_real_spin_before_known_denominator.wls"
"PASS: ""exact own original mapping definitions"
"PASS: ""accepted receipt Hqg/s08_polynomial_group_result/s08_result.wl"
"PASS: ""accepted checks Hqg/s08_polynomial_group_result/s08_result.wl"
"PASS: ""accepted reusable polynomial contract"
"PASS: ""unchanged exact native writer"
"PASS: ""accepted receipt Hgg/s08_factored_atom_certificate_result/s08_result.wl"
"PASS: ""accepted checks Hgg/s08_factored_atom_certificate_result/s08_result.wl"
"PASS: ""accepted exact atom implementation"
"PASS: ""accepted receipt Hgg/s08_scalar_certificate_result/s08_result.wl"
"PASS: ""accepted checks Hgg/s08_scalar_certificate_result/s08_result.wl"
"PASS: ""accepted exact scalar certificates"
"PASS: ""accepted receipt Hgg/s08_compact_groups_result/s08_result.wl"
"PASS: ""accepted checks Hgg/s08_compact_groups_result/s08_result.wl"
"PASS: ""accepted compact grouping contract"
"PASS: ""only accepted piece mapper installed"
"PASS: ""accepted receipt Hgg/s08_external_factor_result/s08_result.wl"
"PASS: ""accepted checks Hgg/s08_external_factor_result/s08_result.wl"
"PASS: ""accepted exact external-factor implementation"
"PASS: ""unique reviewed source block common/s08_resume_Hqg_polynomial_maps.wls"
"PASS: ""complete source block syntax common/s08_resume_Hqg_polynomial_maps.wls"
"PASS: ""accepted receipt Hgg/s08_response_read_result/s08_result.wl"
"PASS: ""accepted checks Hgg/s08_response_read_result/s08_result.wl"
"PASS: ""accepted input reader native version"
"PASS: ""unique reviewed source block common/s08_map_Hgg_component_inputs.wls"
"PASS: ""complete source block syntax common/s08_map_Hgg_component_inputs.wls"
"PASS: ""unique accepted payload read"
"PASS: ""complete single-component reader syntax"
"PASS: ""accepted complete metadata"
"PASS: ""Hgg accepted bounded component interface"
"PASS: ""Hgg complete distinct native task inventory"
"PASS: ""Hgg deferred tasks retain exact ordering"
"HGG_COMPONENT_TASKS "98" metadata_bytes "84640
"PASS: ""own native task identity"
"PASS: ""selected components exist"
"PASS: ""accepted original scalar reduction"
"PASS: ""scientific group identity matches imported checkpoints"
"PASS: ""original mapping input identity reproduced"
"PASS: ""accepted actual local merge receipt"
"PASS: ""complete local merge and runtime comparison"
"PASS: ""single original metric task"
"PASS: ""original scalar payload interface"
"PASS: ""original scalar payload hash"
"PASS: ""accepted original scalar"
"PASS: ""complete additive input reconstruction"
"PASS: ""original explicit rational input reconstructs"
"PASS: ""explicit numerator is a loop polynomial"
"PASS: ""explicit denominator is a loop polynomial"
"PASS: ""every loop-dependent factor is a generated propagator"
"PASS: ""denominator ratio is loop independent"
"PASS: ""complete denominator scale reconstructs"
"PASS: ""atom extraction leaves a polynomial numerator"
"PASS: ""certificate original additive inventory"
"PASS: ""certificate exact original rational numerator"
"PASS: ""certificate exact actual prefactor"
"PASS: ""native exact atom denominator identity"
"PASS: ""atom identity specializes to the original input"
"PASS: ""atom identity specializes to the actual reconstructed term"
"PASS: ""every original term reconstructs exactly"
"PASS: ""group partition covers each original term exactly once"
"PASS: ""every grouped numerator is its complete exact sum"
"PASS: ""native complete linear grouping identity"
"PASS: ""formal identity specializes to every original reconstructed term"
"PASS: ""formal identity specializes to every actual group"
"PASS: ""complete denominator-group reconstruction"
"PASS: ""complete imported metric group inventory"
"PASS: ""exact original group file cache/s08_Hgg_grouped/244be3fbf4bd6c97320bdf9194b8d1744e45b97597929aba9717bf70927353ec/component_98_group_0001.wl"
"PASS: ""complete original metric group binding 1"
"PASS: ""exact original group file cache/s08_Hgg_grouped/244be3fbf4bd6c97320bdf9194b8d1744e45b97597929aba9717bf70927353ec/component_98_group_0002.wl"
"PASS: ""complete original metric group binding 2"
"PASS: ""exact original group file cache/s08_Hgg_grouped/244be3fbf4bd6c97320bdf9194b8d1744e45b97597929aba9717bf70927353ec/component_98_group_0003.wl"
"PASS: ""complete original metric group binding 3"
"PASS: ""exact original group file cache/s08_Hgg_grouped/244be3fbf4bd6c97320bdf9194b8d1744e45b97597929aba9717bf70927353ec/component_98_group_0004.wl"
"PASS: ""complete original metric group binding 4"
"PASS: ""exact original group file cache/s08_Hgg_grouped/244be3fbf4bd6c97320bdf9194b8d1744e45b97597929aba9717bf70927353ec/component_98_group_0005.wl"
"PASS: ""complete original metric group binding 5"
"PASS: ""exact original group file cache/s08_Hgg_grouped/244be3fbf4bd6c97320bdf9194b8d1744e45b97597929aba9717bf70927353ec/component_98_group_0006.wl"
"PASS: ""complete original metric group binding 6"
"PASS: ""exact original group file cache/s08_Hgg_grouped/244be3fbf4bd6c97320bdf9194b8d1744e45b97597929aba9717bf70927353ec/component_98_group_0007.wl"
"PASS: ""complete original metric group binding 7"
"PASS: ""exact original group file cache/s08_Hgg_grouped/244be3fbf4bd6c97320bdf9194b8d1744e45b97597929aba9717bf70927353ec/component_98_group_0008.wl"
"PASS: ""complete original metric group binding 8"
"PASS: ""exact original group file cache/s08_Hgg_grouped/244be3fbf4bd6c97320bdf9194b8d1744e45b97597929aba9717bf70927353ec/component_98_group_0009.wl"
"PASS: ""complete original metric group binding 9"
"PASS: ""exact original group file cache/s08_Hgg_grouped/244be3fbf4bd6c97320bdf9194b8d1744e45b97597929aba9717bf70927353ec/component_98_group_0010.wl"
"PASS: ""complete original metric group binding 10"
"PASS: ""exact original group file cache/s08_Hgg_grouped/244be3fbf4bd6c97320bdf9194b8d1744e45b97597929aba9717bf70927353ec/component_98_group_0011.wl"
"PASS: ""complete original metric group binding 11"
"PASS: ""exact original group file cache/s08_Hgg_grouped/244be3fbf4bd6c97320bdf9194b8d1744e45b97597929aba9717bf70927353ec/component_98_group_0012.wl"
"PASS: ""complete original metric group binding 12"
"PASS: ""exact original group file cache/s08_Hgg_grouped/244be3fbf4bd6c97320bdf9194b8d1744e45b97597929aba9717bf70927353ec/component_98_group_0013.wl"
"PASS: ""complete original metric group binding 13"
"PASS: ""exact original group file cache/s08_Hgg_grouped/244be3fbf4bd6c97320bdf9194b8d1744e45b97597929aba9717bf70927353ec/component_98_group_0014.wl"
"PASS: ""complete original metric group binding 14"
"PASS: ""exact original group file cache/s08_Hgg_grouped/244be3fbf4bd6c97320bdf9194b8d1744e45b97597929aba9717bf70927353ec/component_98_group_0015.wl"
"PASS: ""complete original metric group binding 15"
"PASS: ""exact original group file cache/s08_Hgg_grouped/244be3fbf4bd6c97320bdf9194b8d1744e45b97597929aba9717bf70927353ec/component_98_group_0016.wl"
"PASS: ""complete original metric group binding 16"
"PASS: ""exact original group file cache/s08_Hgg_grouped/244be3fbf4bd6c97320bdf9194b8d1744e45b97597929aba9717bf70927353ec/component_98_group_0017.wl"
"PASS: ""complete original metric group binding 17"
"PASS: ""exact original group file cache/s08_Hgg_grouped/244be3fbf4bd6c97320bdf9194b8d1744e45b97597929aba9717bf70927353ec/component_98_group_0018.wl"
"PASS: ""complete original metric group binding 18"
"PASS: ""exact original group file cache/s08_Hgg_grouped/244be3fbf4bd6c97320bdf9194b8d1744e45b97597929aba9717bf70927353ec/component_98_group_0019.wl"
"PASS: ""complete original metric group binding 19"
"PASS: ""exact original group file cache/s08_Hgg_grouped/244be3fbf4bd6c97320bdf9194b8d1744e45b97597929aba9717bf70927353ec/component_98_group_0020.wl"
"PASS: ""complete original metric group binding 20"
"PASS: ""exact original group file cache/s08_Hgg_grouped/244be3fbf4bd6c97320bdf9194b8d1744e45b97597929aba9717bf70927353ec/component_98_group_0021.wl"
"PASS: ""complete original metric group binding 21"
"PASS: ""exact original group file cache/s08_Hgg_grouped/244be3fbf4bd6c97320bdf9194b8d1744e45b97597929aba9717bf70927353ec/component_98_group_0022.wl"
"PASS: ""complete original metric group binding 22"
"PASS: ""exact original group file cache/s08_Hgg_grouped/244be3fbf4bd6c97320bdf9194b8d1744e45b97597929aba9717bf70927353ec/component_98_group_0023.wl"
"PASS: ""complete original metric group binding 23"
"PASS: ""exact original group file cache/s08_Hgg_grouped/244be3fbf4bd6c97320bdf9194b8d1744e45b97597929aba9717bf70927353ec/component_98_group_0024.wl"
"PASS: ""complete original metric group binding 24"
"PASS: ""exact original group file cache/s08_Hgg_grouped/244be3fbf4bd6c97320bdf9194b8d1744e45b97597929aba9717bf70927353ec/component_98_group_0025.wl"
"PASS: ""complete original metric group binding 25"
"PASS: ""exact original group file cache/s08_Hgg_grouped/244be3fbf4bd6c97320bdf9194b8d1744e45b97597929aba9717bf70927353ec/component_98_group_0026.wl"
"PASS: ""complete original metric group binding 26"
"PASS: ""exact original group file cache/s08_Hgg_grouped/244be3fbf4bd6c97320bdf9194b8d1744e45b97597929aba9717bf70927353ec/component_98_group_0027.wl"
"PASS: ""complete original metric group binding 27"
"PASS: ""exact original group file cache/s08_Hgg_grouped/244be3fbf4bd6c97320bdf9194b8d1744e45b97597929aba9717bf70927353ec/component_98_group_0028.wl"
"PASS: ""complete original metric group binding 28"
"PASS: ""exact original group file cache/s08_Hgg_grouped/244be3fbf4bd6c97320bdf9194b8d1744e45b97597929aba9717bf70927353ec/component_98_group_0029.wl"
"PASS: ""complete original metric group binding 29"
"PASS: ""exact original group file cache/s08_Hgg_grouped/244be3fbf4bd6c97320bdf9194b8d1744e45b97597929aba9717bf70927353ec/component_98_group_0030.wl"
"PASS: ""complete original metric group binding 30"
"PASS: ""exact original group file cache/s08_Hgg_grouped/244be3fbf4bd6c97320bdf9194b8d1744e45b97597929aba9717bf70927353ec/component_98_group_0031.wl"
"PASS: ""complete original metric group binding 31"
"PASS: ""exact original group file cache/s08_Hgg_grouped/244be3fbf4bd6c97320bdf9194b8d1744e45b97597929aba9717bf70927353ec/component_98_group_0032.wl"
"PASS: ""complete original metric group binding 32"
"PASS: ""exact original group file cache/s08_Hgg_grouped/244be3fbf4bd6c97320bdf9194b8d1744e45b97597929aba9717bf70927353ec/component_98_group_0033.wl"
"PASS: ""complete original metric group binding 33"
"PASS: ""exact original group file cache/s08_Hgg_grouped/244be3fbf4bd6c97320bdf9194b8d1744e45b97597929aba9717bf70927353ec/component_98_group_0034.wl"
"PASS: ""complete original metric group binding 34"
"PASS: ""exact original group file cache/s08_Hgg_grouped/244be3fbf4bd6c97320bdf9194b8d1744e45b97597929aba9717bf70927353ec/component_98_group_0035.wl"
"PASS: ""complete original metric group binding 35"
"PASS: ""exact original group file cache/s08_Hgg_grouped/244be3fbf4bd6c97320bdf9194b8d1744e45b97597929aba9717bf70927353ec/component_98_group_0036.wl"
"PASS: ""complete original metric group binding 36"
"PASS: ""complete original coefficient order"
"PASS: ""exact local coefficient file"
"PASS: ""same fully reconstructed input and output"
"PASS: ""merge partition covers each original map term once"
"PASS: ""every grouped coefficient list is unchanged"
"PASS: ""native complete map linearity identity"
"PASS: ""formal identity specializes to every original map term"
"PASS: ""formal identity specializes to every complete integral group"
"PASS: ""complete merged key inventory"
"PASS: ""complete original formal merge certificate"
"PASS: ""both original physical cuts retained"
"PASS: ""native file bound"
"PASS: ""exact native export"
"PASS: ""all original response components present"
"PASS: ""exact completed component file 1"
"PASS: ""complete accepted component identity 1"
"LOCAL_RAW_COMPONENT_ACCEPTED "1" bytes "221461880
"PASS: ""exact completed component file 2"
"PASS: ""complete accepted component identity 2"
"LOCAL_RAW_COMPONENT_ACCEPTED "2" bytes "214969152
"PASS: ""exact completed component file 3"
"PASS: ""complete accepted component identity 3"
"LOCAL_RAW_COMPONENT_ACCEPTED "3" bytes "153401368
"PASS: ""exact completed component file 4"
"PASS: ""complete accepted component identity 4"
"LOCAL_RAW_COMPONENT_ACCEPTED "4" bytes "202486704
"PASS: ""exact completed component file 5"
"PASS: ""complete accepted component identity 5"
"LOCAL_RAW_COMPONENT_ACCEPTED "5" bytes "201314528
"PASS: ""exact completed component file 6"
"PASS: ""complete accepted component identity 6"
"LOCAL_RAW_COMPONENT_ACCEPTED "6" bytes "135475472
"PASS: ""exact completed component file 7"
"PASS: ""complete accepted component identity 7"
"LOCAL_RAW_COMPONENT_ACCEPTED "7" bytes "73515168
"PASS: ""exact completed component file 8"
"PASS: ""complete accepted component identity 8"
"LOCAL_RAW_COMPONENT_ACCEPTED "8" bytes "53973728
"PASS: ""exact completed component file 9"
"PASS: ""complete accepted component identity 9"
"LOCAL_RAW_COMPONENT_ACCEPTED "9" bytes "89990312
"PASS: ""exact completed component file 10"
"PASS: ""complete accepted component identity 10"
"LOCAL_RAW_COMPONENT_ACCEPTED "10" bytes "86032544
"PASS: ""exact completed component file 11"
"PASS: ""complete accepted component identity 11"
"LOCAL_RAW_COMPONENT_ACCEPTED "11" bytes "82457376
"PASS: ""exact completed component file 12"
"PASS: ""complete accepted component identity 12"
"LOCAL_RAW_COMPONENT_ACCEPTED "12" bytes "340465744
"PASS: ""exact completed component file 13"
"PASS: ""complete accepted component identity 13"
"LOCAL_RAW_COMPONENT_ACCEPTED "13" bytes "333946776
"PASS: ""exact completed component file 14"
"PASS: ""complete accepted component identity 14"
"LOCAL_RAW_COMPONENT_ACCEPTED "14" bytes "244380344
"PASS: ""exact completed component file 15"
"PASS: ""complete accepted component identity 15"
"LOCAL_RAW_COMPONENT_ACCEPTED "15" bytes "317544432
"PASS: ""exact completed component file 16"
"PASS: ""complete accepted component identity 16"
"LOCAL_RAW_COMPONENT_ACCEPTED "16" bytes "315570408
"PASS: ""exact completed component file 17"
"PASS: ""complete accepted component identity 17"
"LOCAL_RAW_COMPONENT_ACCEPTED "17" bytes "223120840
"PASS: ""exact completed component file 18"
"PASS: ""complete accepted component identity 18"
"LOCAL_RAW_COMPONENT_ACCEPTED "18" bytes "114620304
"PASS: ""exact completed component file 19"
"PASS: ""complete accepted component identity 19"
"LOCAL_RAW_COMPONENT_ACCEPTED "19" bytes "88434032
"PASS: ""exact completed component file 20"
"PASS: ""complete accepted component identity 20"
"LOCAL_RAW_COMPONENT_ACCEPTED "20" bytes "151866248
"PASS: ""exact completed component file 21"
"PASS: ""complete accepted component identity 21"
"LOCAL_RAW_COMPONENT_ACCEPTED "21" bytes "148083680
"PASS: ""exact completed component file 22"
"PASS: ""complete accepted component identity 22"
"LOCAL_RAW_COMPONENT_ACCEPTED "22" bytes "151471344
"PASS: ""exact completed component file 23"
"PASS: ""complete accepted component identity 23"
"LOCAL_RAW_COMPONENT_ACCEPTED "23" bytes "348052568
"PASS: ""exact completed component file 24"
"PASS: ""complete accepted component identity 24"
"LOCAL_RAW_COMPONENT_ACCEPTED "24" bytes "340709032
"PASS: ""exact completed component file 25"
"PASS: ""complete accepted component identity 25"
"LOCAL_RAW_COMPONENT_ACCEPTED "25" bytes "217204792
"PASS: ""exact completed component file 26"
"PASS: ""complete accepted component identity 26"
"LOCAL_RAW_COMPONENT_ACCEPTED "26" bytes "329873184
"PASS: ""exact completed component file 27"
"PASS: ""complete accepted component identity 27"
"LOCAL_RAW_COMPONENT_ACCEPTED "27" bytes "326717944
"PASS: ""exact completed component file 28"
"PASS: ""complete accepted component identity 28"
"LOCAL_RAW_COMPONENT_ACCEPTED "28" bytes "212166632
"PASS: ""exact completed component file 29"
"PASS: ""complete accepted component identity 29"
"LOCAL_RAW_COMPONENT_ACCEPTED "29" bytes "126354696
"PASS: ""exact completed component file 30"
"PASS: ""complete accepted component identity 30"
"LOCAL_RAW_COMPONENT_ACCEPTED "30" bytes "8152
"PASS: ""exact completed component file 31"
"PASS: ""complete accepted component identity 31"
"LOCAL_RAW_COMPONENT_ACCEPTED "31" bytes "7384
"PASS: ""exact completed component file 32"
"PASS: ""complete accepted component identity 32"
"LOCAL_RAW_COMPONENT_ACCEPTED "32" bytes "100809632
"PASS: ""exact completed component file 33"
"PASS: ""complete accepted component identity 33"
"LOCAL_RAW_COMPONENT_ACCEPTED "33" bytes "142860952
"PASS: ""exact completed component file 34"
"PASS: ""complete accepted component identity 34"
"LOCAL_RAW_COMPONENT_ACCEPTED "34" bytes "140590824
"PASS: ""exact completed component file 35"
"PASS: ""complete accepted component identity 35"
"LOCAL_RAW_COMPONENT_ACCEPTED "35" bytes "103274624
"PASS: ""exact completed component file 36"
"PASS: ""complete accepted component identity 36"
"LOCAL_RAW_COMPONENT_ACCEPTED "36" bytes "297459864
"PASS: ""exact completed component file 37"
"PASS: ""complete accepted component identity 37"
"LOCAL_RAW_COMPONENT_ACCEPTED "37" bytes "290747360
"PASS: ""exact completed component file 38"
"PASS: ""complete accepted component identity 38"
"LOCAL_RAW_COMPONENT_ACCEPTED "38" bytes "209461464
"PASS: ""exact completed component file 39"
"PASS: ""complete accepted component identity 39"
"LOCAL_RAW_COMPONENT_ACCEPTED "39" bytes "275931816
"PASS: ""exact completed component file 40"
"PASS: ""complete accepted component identity 40"
"LOCAL_RAW_COMPONENT_ACCEPTED "40" bytes "273609720
"PASS: ""exact completed component file 41"
"PASS: ""complete accepted component identity 41"
"LOCAL_RAW_COMPONENT_ACCEPTED "41" bytes "189211368
"PASS: ""exact completed component file 42"
"PASS: ""complete accepted component identity 42"
"LOCAL_RAW_COMPONENT_ACCEPTED "42" bytes "101497552
"PASS: ""exact completed component file 43"
"PASS: ""complete accepted component identity 43"
"LOCAL_RAW_COMPONENT_ACCEPTED "43" bytes "5720
"PASS: ""exact completed component file 44"
"PASS: ""complete accepted component identity 44"
"LOCAL_RAW_COMPONENT_ACCEPTED "44" bytes "5720
"PASS: ""exact completed component file 45"
"PASS: ""complete accepted component identity 45"
"LOCAL_RAW_COMPONENT_ACCEPTED "45" bytes "75228808
"PASS: ""exact completed component file 46"
"PASS: ""complete accepted component identity 46"
"LOCAL_RAW_COMPONENT_ACCEPTED "46" bytes "128508080
"PASS: ""exact completed component file 47"
"PASS: ""complete accepted component identity 47"
"LOCAL_RAW_COMPONENT_ACCEPTED "47" bytes "124445536
"PASS: ""exact completed component file 48"
"PASS: ""complete accepted component identity 48"
"LOCAL_RAW_COMPONENT_ACCEPTED "48" bytes "121415816
"PASS: ""exact completed component file 49"
"PASS: ""complete accepted component identity 49"
"LOCAL_RAW_COMPONENT_ACCEPTED "49" bytes "225793312
"PASS: ""exact completed component file 50"
"PASS: ""complete accepted component identity 50"
"LOCAL_RAW_COMPONENT_ACCEPTED "50" bytes "4824
"PASS: ""exact completed component file 51"
"PASS: ""complete accepted component identity 51"
"LOCAL_RAW_COMPONENT_ACCEPTED "51" bytes "215519232
"PASS: ""exact completed component file 52"
"PASS: ""complete accepted component identity 52"
"LOCAL_RAW_COMPONENT_ACCEPTED "52" bytes "4824
"PASS: ""exact completed component file 53"
"PASS: ""complete accepted component identity 53"
"LOCAL_RAW_COMPONENT_ACCEPTED "53" bytes "175496696
"PASS: ""exact completed component file 54"
"PASS: ""complete accepted component identity 54"
"LOCAL_RAW_COMPONENT_ACCEPTED "54" bytes "172714024
"PASS: ""exact completed component file 55"
"PASS: ""complete accepted component identity 55"
"LOCAL_RAW_COMPONENT_ACCEPTED "55" bytes "106716904
"PASS: ""exact completed component file 56"
"PASS: ""complete accepted component identity 56"
"LOCAL_RAW_COMPONENT_ACCEPTED "56" bytes "4824
"PASS: ""exact completed component file 57"
"PASS: ""complete accepted component identity 57"
"LOCAL_RAW_COMPONENT_ACCEPTED "57" bytes "4184
"PASS: ""exact completed component file 58"
"PASS: ""complete accepted component identity 58"
"LOCAL_RAW_COMPONENT_ACCEPTED "58" bytes "4824
"PASS: ""exact completed component file 59"
"PASS: ""complete accepted component identity 59"
"LOCAL_RAW_COMPONENT_ACCEPTED "59" bytes "86164216
"PASS: ""exact completed component file 60"
"PASS: ""complete accepted component identity 60"
"LOCAL_RAW_COMPONENT_ACCEPTED "60" bytes "4184
"PASS: ""exact completed component file 61"
"PASS: ""complete accepted component identity 61"
"LOCAL_RAW_COMPONENT_ACCEPTED "61" bytes "237871576
"PASS: ""exact completed component file 62"
"PASS: ""complete accepted component identity 62"
"LOCAL_RAW_COMPONENT_ACCEPTED "62" bytes "4824
"PASS: ""exact completed component file 63"
"PASS: ""complete accepted component identity 63"
"LOCAL_RAW_COMPONENT_ACCEPTED "63" bytes "227995008
"PASS: ""exact completed component file 64"
"PASS: ""complete accepted component identity 64"
"LOCAL_RAW_COMPONENT_ACCEPTED "64" bytes "4824
"PASS: ""exact completed component file 65"
"PASS: ""complete accepted component identity 65"
"LOCAL_RAW_COMPONENT_ACCEPTED "65" bytes "185186968
"PASS: ""exact completed component file 66"
"PASS: ""complete accepted component identity 66"
"LOCAL_RAW_COMPONENT_ACCEPTED "66" bytes "182088240
"PASS: ""exact completed component file 67"
"PASS: ""complete accepted component identity 67"
"LOCAL_RAW_COMPONENT_ACCEPTED "67" bytes "113661992
"PASS: ""exact completed component file 68"
"PASS: ""complete accepted component identity 68"
"LOCAL_RAW_COMPONENT_ACCEPTED "68" bytes "4824
"PASS: ""exact completed component file 69"
"PASS: ""complete accepted component identity 69"
"LOCAL_RAW_COMPONENT_ACCEPTED "69" bytes "4824
"PASS: ""exact completed component file 70"
"PASS: ""complete accepted component identity 70"
"LOCAL_RAW_COMPONENT_ACCEPTED "70" bytes "4824
"PASS: ""exact completed component file 71"
"PASS: ""complete accepted component identity 71"
"LOCAL_RAW_COMPONENT_ACCEPTED "71" bytes "90124520
"PASS: ""exact completed component file 72"
"PASS: ""complete accepted component identity 72"
"LOCAL_RAW_COMPONENT_ACCEPTED "72" bytes "4184
"PASS: ""exact completed component file 73"
"PASS: ""complete accepted component identity 73"
"LOCAL_RAW_COMPONENT_ACCEPTED "73" bytes "5720
"PASS: ""exact completed component file 74"
"PASS: ""complete accepted component identity 74"
"LOCAL_RAW_COMPONENT_ACCEPTED "74" bytes "5720
"PASS: ""exact completed component file 75"
"PASS: ""complete accepted component identity 75"
"LOCAL_RAW_COMPONENT_ACCEPTED "75" bytes "5720
"PASS: ""exact completed component file 76"
"PASS: ""complete accepted component identity 76"
"LOCAL_RAW_COMPONENT_ACCEPTED "76" bytes "5720
"PASS: ""exact completed component file 77"
"PASS: ""complete accepted component identity 77"
"LOCAL_RAW_COMPONENT_ACCEPTED "77" bytes "5720
"PASS: ""exact completed component file 78"
"PASS: ""complete accepted component identity 78"
"LOCAL_RAW_COMPONENT_ACCEPTED "78" bytes "5720
"PASS: ""exact completed component file 79"
"PASS: ""complete accepted component identity 79"
"LOCAL_RAW_COMPONENT_ACCEPTED "79" bytes "5720
"PASS: ""exact completed component file 80"
"PASS: ""complete accepted component identity 80"
"LOCAL_RAW_COMPONENT_ACCEPTED "80" bytes "44763256
"PASS: ""exact completed component file 81"
"PASS: ""complete accepted component identity 81"
"LOCAL_RAW_COMPONENT_ACCEPTED "81" bytes "41081040
"PASS: ""exact completed component file 82"
"PASS: ""complete accepted component identity 82"
"LOCAL_RAW_COMPONENT_ACCEPTED "82" bytes "5720
"PASS: ""exact completed component file 83"
"PASS: ""complete accepted component identity 83"
"LOCAL_RAW_COMPONENT_ACCEPTED "83" bytes "5720
"PASS: ""exact completed component file 84"
"PASS: ""complete accepted component identity 84"
"LOCAL_RAW_COMPONENT_ACCEPTED "84" bytes "5720
"PASS: ""exact completed component file 85"
"PASS: ""complete accepted component identity 85"
"LOCAL_RAW_COMPONENT_ACCEPTED "85" bytes "5720
"PASS: ""exact completed component file 86"
"PASS: ""complete accepted component identity 86"
"LOCAL_RAW_COMPONENT_ACCEPTED "86" bytes "119156672
"PASS: ""exact completed component file 87"
"PASS: ""complete accepted component identity 87"
"LOCAL_RAW_COMPONENT_ACCEPTED "87" bytes "125942344
"PASS: ""exact completed component file 88"
"PASS: ""complete accepted component identity 88"
"LOCAL_RAW_COMPONENT_ACCEPTED "88" bytes "95533992
"PASS: ""exact completed component file 89"
"PASS: ""complete accepted component identity 89"
"LOCAL_RAW_COMPONENT_ACCEPTED "89" bytes "105960976
"PASS: ""exact completed component file 90"
"PASS: ""complete accepted component identity 90"
"LOCAL_RAW_COMPONENT_ACCEPTED "90" bytes "59487512
"PASS: ""exact completed component file 91"
"PASS: ""complete accepted component identity 91"
"LOCAL_RAW_COMPONENT_ACCEPTED "91" bytes "44408488
"PASS: ""exact completed component file 92"
"PASS: ""complete accepted component identity 92"
"LOCAL_RAW_COMPONENT_ACCEPTED "92" bytes "169742632
"PASS: ""exact completed component file 93"
"PASS: ""complete accepted component identity 93"
"LOCAL_RAW_COMPONENT_ACCEPTED "93" bytes "157003608
"PASS: ""exact completed component file 94"
"PASS: ""complete accepted component identity 94"
"LOCAL_RAW_COMPONENT_ACCEPTED "94" bytes "140382032
"PASS: ""exact completed component file 95"
"PASS: ""complete accepted component identity 95"
"LOCAL_RAW_COMPONENT_ACCEPTED "95" bytes "135576264
"PASS: ""exact completed component file 96"
"PASS: ""complete accepted component identity 96"
"LOCAL_RAW_COMPONENT_ACCEPTED "96" bytes "88882712
"PASS: ""exact completed component file 97"
"PASS: ""complete accepted component identity 97"
"LOCAL_RAW_COMPONENT_ACCEPTED "97" bytes "64331800
"PASS: ""exact completed component file 98"
"PASS: ""complete accepted component identity 98"
"LOCAL_RAW_COMPONENT_ACCEPTED "98" bytes "2145301616
"PASS: ""complete original component order"
"PASS: local Hgg complete target collection"
