"PASS: ""accepted input misc/s26_result/s26_result.wl"
"PASS: ""accepted input misc/s23_result/s23_result.wl"
"PASS: ""accepted input misc/s10_result/s10_result.wl"
"PASS: ""actual captured component identity"
"PASS: ""exact defining reference derivative"
"PASS: ""exact reference factored input"
"RECOIL_DERIVATIVE_FACTS "InputForm[<|"Label" -> {"Actual", 36, CutIntegral["R01", {1, 1, 0, 0}]}, "FactorSeconds" -> 13.174423, "OriginalBytes" -> 22602464, "RationalBytes" -> 6190856, "DerivativeBytes" -> 49110992, "TopHead" -> Times, "DistributionCount" -> 2016|>]
"PASS: ""exact native derivative factors retained"
"PASS: ""bounded selective derivative distribution"

AssociateTo::argrx: AssociateTo called with 3 arguments; 2 arguments are expected.
"SELECTIVE_DERIVATIVE_FACTS "InputForm[<|"Label" -> {"Actual", 36, CutIntegral["R01", {1, 1, 0, 0}]}, "FactorSeconds" -> 13.174423, "OriginalBytes" -> 22602464, "RationalBytes" -> 6190856, "DerivativeBytes" -> 49110992, "TopHead" -> Times, "DistributionCount" -> 2016|>]
"PASS: ""exact reference factored input"
"RECOIL_DERIVATIVE_FACTS "InputForm[<|"Label" -> {"Own", 81, CutIntegral["R02", {1, 1, 1, 1}]}, "FactorSeconds" -> 0.368559, "OriginalBytes" -> 477952, "RationalBytes" -> 108320, "DerivativeBytes" -> 616312, "TopHead" -> Times, "DistributionCount" -> 360|>]
"PASS: ""exact native derivative factors retained"
"PASS: ""bounded selective derivative distribution"

AssociateTo::argrx: AssociateTo called with 3 arguments; 2 arguments are expected.
"SELECTIVE_DERIVATIVE_FACTS "InputForm[<|"Label" -> {"Own", 81, CutIntegral["R02", {1, 1, 1, 1}]}, "FactorSeconds" -> 0.368559, "OriginalBytes" -> 477952, "RationalBytes" -> 108320, "DerivativeBytes" -> 616312, "TopHead" -> Times, "DistributionCount" -> 360|>]
"PASS: ""complete own native derivative reconstruction"
"PASS: ""bounded exact derivative capture"
"PASS: ""exact derivative capture reload"
"PASS: actual Hgg endpoint derivative captured"
