MONITOR_START job=14689620 host=n6442 kernel_pid=217321
"PASS: ""all assembly inputs exist"
"PASS: ""S02 source identity"
"PASS: ""S07 source identity"
"PASS: ""S08 source identity"
"PASS: ""S09 source identity"
"PASS: ""RealQGG_Charge0__Pg ordinary real-distribution reconstruction, branch 1"
"PASS: ""RealQGG_Charge0__Pg ordinary real-distribution reconstruction, branch -1"
"PASS: ""RealQGG_Charge0__Ppp ordinary real-distribution reconstruction, branch 1"
"PASS: ""RealQGG_Charge0__Ppp ordinary real-distribution reconstruction, branch -1"
"PASS: ""RealSame_Charge0__Pg ordinary real-distribution reconstruction, branch 1"
"PASS: ""RealSame_Charge0__Pg ordinary real-distribution reconstruction, branch -1"
"PASS: ""RealSame_Charge0__Ppp ordinary real-distribution reconstruction, branch 1"
"PASS: ""RealSame_Charge0__Ppp ordinary real-distribution reconstruction, branch -1"
"PASS: ""RealDistinct_Charge0__Pg ordinary real-distribution reconstruction, branch 1"
"PASS: ""RealDistinct_Charge0__Pg ordinary real-distribution reconstruction, branch -1"
"PASS: ""RealDistinct_Charge1__Pg ordinary real-distribution reconstruction, branch 1"
"PASS: ""RealDistinct_Charge1__Pg ordinary real-distribution reconstruction, branch -1"
"PASS: ""RealDistinct_Charge2__Pg ordinary real-distribution reconstruction, branch 1"
"PASS: ""RealDistinct_Charge2__Pg ordinary real-distribution reconstruction, branch -1"
"PASS: ""RealDistinct_Charge0__Ppp ordinary real-distribution reconstruction, branch 1"
"PASS: ""RealDistinct_Charge0__Ppp ordinary real-distribution reconstruction, branch -1"
"PASS: ""RealDistinct_Charge1__Ppp ordinary real-distribution reconstruction, branch 1"
"PASS: ""RealDistinct_Charge1__Ppp ordinary real-distribution reconstruction, branch -1"
"PASS: ""RealDistinct_Charge2__Ppp ordinary real-distribution reconstruction, branch 1"
"PASS: ""RealDistinct_Charge2__Ppp ordinary real-distribution reconstruction, branch -1"
"Assemble ""Pg"" "1" ""L1""; memory = "101629624
"PASS: ""combined input is a Laurent polynomial in the common regulator"
"PASS: ""finite contraction has no regulator or unresolved integral"
"Assemble ""Pg"" "1" ""L0""; memory = "104092720
"PASS: ""combined input is a Laurent polynomial in the common regulator"
"PASS: ""Pg 1 L0 IR -1"
"PASS: ""finite contraction has no regulator or unresolved integral"
"Assemble ""Pg"" "1" ""Regular""; memory = "104167624
"PASS: ""combined input is a Laurent polynomial in the common regulator"
"PASS: ""Pg 1 Regular IR -1"
"PASS: ""finite contraction has no regulator or unresolved integral"
"Assemble ""Pg"" "1" ""Delta""; memory = "105026248
"PASS: ""combined input is a Laurent polynomial in the common regulator"
"PASS: ""Pg 1 Delta IR -2"
"FAIL: ""Pg 1 Delta IR -1"
MONITOR_WAKE {"stage": "s10", "source": "s10_final_hats.wl", "source_sha256": "9098c95b637346397d03ac98d2080ddee23117901dc264b020009b80e30ce1ba", "job_id": "14689620", "host": "n6442", "exit_code": 1, "success_marker": false, "accepted_execution": false, "guard": "stage gate failure", "peak_rss_bytes": 334983168, "elapsed_seconds": 11.053987703286111, "completed_utc": "2026-09-06T19:47:14.514867+00:00"}
