"S03_CHANNEL_START ""Hqq_v4"
"S03_LOAD ""Fhats/Hqq_v4/s10_result.wl"
"S03_LOADED ""Fhats/Hqq_v4/s10_result.wl"" memory="314948344
"S03_V4_ACCEPTANCE_PASSED"
"S03_V4_PLUS_PASSED "InputForm[{s23/B}]
"S03_V4_CHARGE_DEGREES "InputForm[{}]
"S03_V4_LO_DEGREES "InputForm[{1}]
"S03_V4_CONSUMER "InputForm[<|"Status" -> "Complete", "InputSHA256" -> "c91b1d3880071228abc21435fbc72fef326f4d568e33cee68e4c6099eb97a1d7", "Checks" -> <|"source_hash" -> True, "regulator_cancellation" -> True, "pole_acceptance" -> True, "pole_input_identity" -> True, "all_pole_residues_zero" -> True, "odd_moment_absent" -> True, "charge_conjugation" -> True, "flavor_count_reduction" -> True|>, "PlusDefinition" -> "\"Ln=[Log[s23/B]^n/s23]_+ on [0,B]\"", "PlusLogArgument" -> "ss/B", "NormalizedPlusLogarithm" -> True, "BranchCoordinates" -> "<|1 -> omega -> s + t, -1 -> omega -> -s - t|>", "BranchDomains" -> "<|1 -> s + t > 0, -1 -> s + t < 0|>", "CoordinateBoundaryPresent" -> True, "ChargeDegree" -> Null, "LOAlphaDegree" -> 1, "NLOAlphaDegree" -> 2, "FlavorMomentDefinitions" -> "<|1 -> Inactive[Sum][flavorCharge[flavor]*(1 - KroneckerDelta[1, flavor]), {flavor, 1, Nf}], 2 -> Inactive[Sum][flavorCharge[flavor]^2*(1 - KroneckerDelta[1, flavor]), {flavor, 1, Nf}]|>", "FlavorDomain" -> "Element[Nf, Integers] && Nf >= 1", "FlavorMoments" -> <|"4" -> {<|"ObservedIndex" -> 0, "Moments" -> <|"1" -> "charge2 + charge3 + charge4", "2" -> "charge2**2 + charge3**2 + charge4**2"|>|>, <|"ObservedIndex" -> 1, "Moments" -> <|"1" -> "charge1 + charge3 + charge4", "2" -> "charge1**2 + charge3**2 + charge4**2"|>|>, <|"ObservedIndex" -> 2, "Moments" -> <|"1" -> "charge1 + charge2 + charge4", "2" -> "charge1**2 + charge2**2 + charge4**2"|>|>, <|"ObservedIndex" -> 3, "Moments" -> <|"1" -> "charge1 + charge2 + charge3", "2" -> "charge1**2 + charge2**2 + charge3**2"|>|>}, "5" -> {<|"ObservedIndex" -> 0, "Moments" -> <|"1" -> "charge2 + charge3 + charge4 + charge5", "2" -> "charge2**2 + charge3**2 + charge4**2 + charge5**2"|>|>, <|"ObservedIndex" -> 1, "Moments" -> <|"1" -> "charge1 + charge3 + charge4 + charge5", "2" -> "charge1**2 + charge3**2 + charge4**2 + charge5**2"|>|>, <|"ObservedIndex" -> 2, "Moments" -> <|"1" -> "charge1 + charge2 + charge4 + charge5", "2" -> "charge1**2 + charge2**2 + charge4**2 + charge5**2"|>|>, <|"ObservedIndex" -> 3, "Moments" -> <|"1" -> "charge1 + charge2 + charge3 + charge5", "2" -> "charge1**2 + charge2**2 + charge3**2 + charge5**2"|>|>, <|"ObservedIndex" -> 4, "Moments" -> <|"1" -> "charge1 + charge2 + charge3 + charge4", "2" -> "charge1**2 + charge2**2 + charge3**2 + charge4**2"|>|>}|>, "JacobianAlreadyIncluded" -> False, "PartonicVariableGate" -> True|>]
"S03_INSPECTED ""Fhats/Hqq_v4/s10_result.wl"" memory="524631272
"S03_CHANNEL_DONE ""Hqq_v4"
"S03_CHANNEL_START ""Hgg_v2"
"S03_LOAD ""Fhats/Hgg_v2/s05_result/Fhats.wl"
"S03_LOADED ""Fhats/Hgg_v2/s05_result/Fhats.wl"" memory="351370232
"S03_INSPECTED ""Fhats/Hgg_v2/s05_result/Fhats.wl"" memory="360334872
"S03_CHANNEL_DONE ""Hgg_v2"
"S03_CHANNEL_START ""Hqqbar_v2"
"S03_LOAD ""Fhats/Hqqbar_v2/s05_result/Fhats.wl"
"S03_LOADED ""Fhats/Hqqbar_v2/s05_result/Fhats.wl"" memory="359917064
"S03_INSPECTED ""Fhats/Hqqbar_v2/s05_result/Fhats.wl"" memory="354690880
"S03_CHANNEL_DONE ""Hqqbar_v2"
"S03_CHANNEL_START ""Hqqprime_v2"
"S03_LOAD ""Fhats/Hqqprime_v2/s05_result/Fhats.wl"
"S03_LOADED ""Fhats/Hqqprime_v2/s05_result/Fhats.wl"" memory="358830112
"S03_INSPECTED ""Fhats/Hqqprime_v2/s05_result/Fhats.wl"" memory="360767976
"S03_CHANNEL_DONE ""Hqqprime_v2"
"S03_CHANNEL_START ""Hgq_v4"
"S03_LOAD ""Fhats/Hgq_v4/s10_result.wl"
"S03_LOADED ""Fhats/Hgq_v4/s10_result.wl"" memory="502540272
"S03_V4_ACCEPTANCE_PASSED"
"S03_V4_PLUS_PASSED "InputForm[{s23/B}]
"S03_V4_CHARGE_DEGREES "InputForm[{2}]
"S03_V4_LO_DEGREES "InputForm[{1}]
"S03_V4_CONSUMER "InputForm[<|"Status" -> "Complete", "InputSHA256" -> "575ea96993eb9a86cfeddb6e10d61c0147e3bf74d35bc25eaf3dbb03fceb9bfe", "Checks" -> <|"source_hash" -> True, "regulator_cancellation" -> True, "pole_acceptance" -> True, "pole_input_identity" -> True, "all_pole_residues_zero" -> True|>, "PlusDefinition" -> "\"Ln=[Log[s23/B]^n/s23]_+ on [0,B]\"", "PlusLogArgument" -> "ss/B", "NormalizedPlusLogarithm" -> True, "BranchCoordinates" -> "<|1 -> omega -> s + t, -1 -> omega -> -s - t|>", "BranchDomains" -> "<|1 -> s + t > 0, -1 -> s + t < 0|>", "CoordinateBoundaryPresent" -> True, "ChargeDegree" -> 2, "LOAlphaDegree" -> 1, "NLOAlphaDegree" -> 2, "JacobianAlreadyIncluded" -> False, "PartonicVariableGate" -> True|>]
"S03_INSPECTED ""Fhats/Hgq_v4/s10_result.wl"" memory="717812632
"S03_CHANNEL_DONE ""Hgq_v4"
"S03_CHANNEL_START ""Hqg_v3"
"S03_LOAD ""Fhats/Hqg_v3/s12_result.wl"
"S03_LOADED ""Fhats/Hqg_v3/s12_result.wl"" memory="779514104
"S03_V4_ACCEPTANCE_PASSED"
"S03_V4_PLUS_PASSED "InputForm[{s23/B}]
"S03_V4_CHARGE_DEGREES "InputForm[{2}]
"S03_V4_LO_DEGREES "InputForm[{1}]
"S03_V4_CONSUMER "InputForm[<|"Status" -> "Complete", "InputSHA256" -> "4ed44edf3d2c0274249792e21a8b1c7a9bff0ca9ec7c10f07cb072e54a1e45bd", "Checks" -> <|"source_hash" -> True, "regulator_cancellation" -> True, "pole_acceptance" -> True, "pole_input_identity" -> True, "all_pole_residues_zero" -> True|>, "PlusDefinition" -> "\"Ln=[Log[s23/B]^n/s23]_+ on [0,B]\"", "PlusLogArgument" -> "ss/B", "NormalizedPlusLogarithm" -> True, "BranchCoordinates" -> "<|1 -> omega -> s + t, -1 -> omega -> -s - t|>", "BranchDomains" -> "<|1 -> s + t > 0, -1 -> s + t < 0|>", "CoordinateBoundaryPresent" -> True, "ChargeDegree" -> 2, "LOAlphaDegree" -> 1, "NLOAlphaDegree" -> 2, "JacobianAlreadyIncluded" -> False, "PartonicVariableGate" -> True|>]
"S03_INSPECTED ""Fhats/Hqg_v3/s12_result.wl"" memory="971086192
"S03_CHANNEL_DONE ""Hqg_v3"
"S03_SUCCESS"
