"S05_START ""export"
"S05_PREPARE ""Hqg_v3_F1_LODelta_0"" leaves="90
"S05_REGULAR_EXACT ""F1_LODelta"" leaves="81

                                                                                                                                                                              527                                                                                                     31
                                                                                                                                                                      63 Sqrt[---]                                                                                            23 Sqrt[---]
                                                                                                           527        -31 (170 + Sqrt[5270])                  1147            10           1742439              170               37           42439         23         23            170         1        2          1                                      10                    527    31 (170 + Sqrt[5270])
N::meprec: Internal precision limit $MaxExtraPrecision = 50. reached while evaluating {Q2 -> 17, s -> Sqrt[---], t -> ----------------------, ss -> 0, B -> -(----) + ------------, mu2 -> -------, xh -> ----------------, zH -> ---, PHT2 -> ------, xB -> ---, xi -> --- + ------------, as -> -, cq -> -, co -> -(-), ns -> 2, no -> 2, nf -> 4, csum -> --, omega -> Abs[Sqrt[---] - ---------------------]}.
                                                                                                           10          10 (31 + Sqrt[5270])                   1000        100              200000         170 + Sqrt[5270]        100          100000        100        100       100             5        3          3                                      9                     10     10 (31 + Sqrt[5270])

                                                                                                                                                                              527                                                                                                     31
                                                                                                                                                                      63 Sqrt[---]                                                                                            23 Sqrt[---]
                                                                                                           527        -31 (170 + Sqrt[5270])                  1147            10           1742439              170               37           42439         23         23            170         1        2          1                                      10                    527    31 (170 + Sqrt[5270])
N::meprec: Internal precision limit $MaxExtraPrecision = 50. reached while evaluating {Q2 -> 17, s -> Sqrt[---], t -> ----------------------, ss -> 0, B -> -(----) + ------------, mu2 -> -------, xh -> ----------------, zH -> ---, PHT2 -> ------, xB -> ---, xi -> --- + ------------, as -> -, cq -> -, co -> -(-), ns -> 2, no -> 2, nf -> 4, csum -> --, omega -> Abs[Sqrt[---] - ---------------------]}.
                                                                                                           10          10 (31 + Sqrt[5270])                   1000        100              200000         170 + Sqrt[5270]        100          100000        100        100       100             5        3          3                                      9                     10     10 (31 + Sqrt[5270])

                                                                                                                                                                              527                                                                                                     31
                                                                                                                                                                      63 Sqrt[---]                                                                                            23 Sqrt[---]
                                                                                                           527        -31 (170 + Sqrt[5270])                  1147            10           1742439              170               37           42439         23         23            170         1        2          1                                      10                    527    31 (170 + Sqrt[5270])
N::meprec: Internal precision limit $MaxExtraPrecision = 50. reached while evaluating {Q2 -> 17, s -> Sqrt[---], t -> ----------------------, ss -> 0, B -> -(----) + ------------, mu2 -> -------, xh -> ----------------, zH -> ---, PHT2 -> ------, xB -> ---, xi -> --- + ------------, as -> -, cq -> -, co -> -(-), ns -> 2, no -> 2, nf -> 4, csum -> --, omega -> Abs[Sqrt[---] - ---------------------]}.
                                                                                                           10          10 (31 + Sqrt[5270])                   1000        100              200000         170 + Sqrt[5270]        100          100000        100        100       100             5        3          3                                      9                     10     10 (31 + Sqrt[5270])

General::stop: Further output of N::meprec will be suppressed during this calculation.
"S05_OPTIMIZE ""Hqg_v3_F1_LODelta_0"" leaves="81
"S05_EXPORTED ""Hqg_v3_F1_LODelta_0"" optimized="91
"S05_PREPARE ""Hqg_v3_F1_Delta_0"" leaves="1370
"S05_REGULAR_EXACT ""F1_Delta"" leaves="948
"S05_OPTIMIZE ""Hqg_v3_F1_Delta_0"" leaves="948
"S05_EXPORTED ""Hqg_v3_F1_Delta_0"" optimized="559
"S05_PREPARE ""Hqg_v3_F1_L0_0"" leaves="319
"S05_REGULAR_EXACT ""F1_L0"" leaves="264
"S05_OPTIMIZE ""Hqg_v3_F1_L0_0"" leaves="264
"S05_EXPORTED ""Hqg_v3_F1_L0_0"" optimized="176
"S05_PREPARE ""Hqg_v3_F1_L1_0"" leaves="341
"S05_REGULAR_EXACT ""F1_L1"" leaves="111
"S05_OPTIMIZE ""Hqg_v3_F1_L1_0"" leaves="111
"S05_EXPORTED ""Hqg_v3_F1_L1_0"" optimized="95
"S05_PREPARE ""Hqg_v3_F1_Regular_0"" leaves="61573
"S05_REGULAR_EXACT ""F1_Regular"" leaves="30893
"S05_OPTIMIZE ""Hqg_v3_F1_Regular_0"" leaves="30893
"S05_EXPORTED ""Hqg_v3_F1_Regular_0"" optimized="10189
"S05_CHANNEL_DONE ""Hqg_v3"
