Build the current six-channel convolution with the unchanged PDFs, FFs, scales and cuts.
Check the assembled convolution at sampled phase-space points before integration.
S09_SMOKE 0 acceptance 0.0 totals [0.0, 0.0]
S09_SMOKE 1 acceptance 0.0 totals [0.0, 0.0]
S09_SMOKE 2 acceptance 0.0 totals [0.0, 0.0]
S09_SMOKE 3 acceptance 0.0 totals [0.0, 0.0]
S09_SMOKE 4 acceptance 0.0 totals [0.0, 0.0]
S09_SMOKE 5 acceptance 0.0 totals [0.0, 0.0]
S09_SMOKE 6 acceptance 0.0 totals [0.0, 0.0]
S09_SMOKE 7 acceptance 1.0 totals [28.364888468587903, 21.869129758717307]
S09_SMOKE 8 acceptance 0.0 totals [0.0, 0.0]
S09_SMOKE 9 acceptance 0.0 totals [0.0, 0.0]
S09_SMOKE 10 acceptance 0.0 totals [0.0, 0.0]
S09_SMOKE 11 acceptance 0.0 totals [0.0, 0.0]
S09_SMOKE 12 acceptance 0.0 totals [0.0, 0.0]
S09_SMOKE 13 acceptance 0.0 totals [0.0, 0.0]
S09_SMOKE 14 acceptance 0.5541732361198232 totals [107.37654279449602, 109.4499271543092]
S09_SMOKE 15 acceptance 0.0 totals [0.0, 0.0]
{
  "status": "SmokePassed",
  "calls": 16,
  "accepted": 2,
  "wall_seconds": 0.17277038798783906,
  "source_sha256": "dc77fd32fa5d0fa99bf7933ae3aaf73950ffb1821af6c8f727cdf48053ffd721"
}
Integrate all six current channels jointly in all 17 H1 bins and require the existing convergence gates.
S09_BIN_START q1_p1 seed 2612791790 neval 1000 nitn 8
S09_BIN_START q0_p2 seed 1826184635 neval 1000 nitn 8
S09_BIN_START q0_p3 seed 2965497738 neval 1000 nitn 8
S09_BIN_START q0_p1 seed 494057876 neval 1000 nitn 8
S09_BIN_START q0_p0 seed 3583260637 neval 1000 nitn 8
S09_BIN_START q1_p0 seed 3750504939 neval 1000 nitn 8
S09_BIN_START q0_p4 seed 2815542334 neval 1000 nitn 8
S09_BIN_START q0_p5 seed 24134531 neval 1000 nitn 8
S09_EVALUATIONS 2058724 1006 accepted 440
S09_EVALUATIONS 2058725 1010 accepted 436
S09_EVALUATIONS 2058726 980 accepted 440
S09_EVALUATIONS 2058722 1004 accepted 440
S09_EVALUATIONS 2058723 995 accepted 426
S09_EVALUATIONS 2058728 1042 accepted 410
S09_EVALUATIONS 2058727 961 accepted 457
S09_EVALUATIONS 2058729 1014 accepted 421
S09_WARMUP q0_p2 0 [36.3(2.6) 26.3(1.7)]
S09_WARMUP q0_p1 0 [59.1(4.6) 41.4(3.1)]
S09_WARMUP q1_p0 0 [41.1(3.3) 26.6(2.0)]
S09_WARMUP q0_p4 0 [10.10(65) 6.98(44)]
S09_WARMUP q0_p0 0 [56.8(4.9) 39.5(3.8)]
S09_WARMUP q0_p5 0 [1.98(12) 1.448(82)]
S09_WARMUP q0_p3 0 [23.6(1.5) 17.4(1.1)]
S09_WARMUP q1_p1 0 [57.3(3.4) 42.0(2.5)]
S09_EVALUATIONS 2058722 1601 accepted 860
S09_EVALUATIONS 2058724 1640 accepted 870
S09_EVALUATIONS 2058723 1634 accepted 842
S09_EVALUATIONS 2058726 1627 accepted 872
S09_EVALUATIONS 2058728 1613 accepted 798
S09_EVALUATIONS 2058725 1607 accepted 857
S09_EVALUATIONS 2058729 1583 accepted 828
S09_EVALUATIONS 2058727 1617 accepted 898
S09_EVALUATIONS 2058723 2265 accepted 1268
S09_EVALUATIONS 2058725 2242 accepted 1288
S09_EVALUATIONS 2058728 2196 accepted 1207
S09_EVALUATIONS 2058722 2197 accepted 1293
S09_EVALUATIONS 2058724 2246 accepted 1303
S09_EVALUATIONS 2058726 2254 accepted 1311
S09_EVALUATIONS 2058727 2256 accepted 1348
S09_EVALUATIONS 2058729 2247 accepted 1258
S09_EVALUATIONS 2058723 2875 accepted 1691
S09_EVALUATIONS 2058724 2836 accepted 1733
S09_EVALUATIONS 2058727 2913 accepted 1799
S09_EVALUATIONS 2058726 2878 accepted 1750
S09_EVALUATIONS 2058725 2872 accepted 1729
S09_EVALUATIONS 2058722 2826 accepted 1721
S09_EVALUATIONS 2058729 2850 accepted 1674
S09_EVALUATIONS 2058728 2818 accepted 1612
S09_EVALUATIONS 2058723 3495 accepted 2116
S09_EVALUATIONS 2058724 3441 accepted 2165
S09_EVALUATIONS 2058729 3488 accepted 2094
S09_EVALUATIONS 2058727 3580 accepted 2242
S09_EVALUATIONS 2058722 3415 accepted 2150
S09_EVALUATIONS 2058726 3478 accepted 2184
S09_EVALUATIONS 2058725 3529 accepted 2171
S09_EVALUATIONS 2058728 3413 accepted 2013
S09_EVALUATIONS 2058727 4216 accepted 2667
S09_EVALUATIONS 2058723 4075 accepted 2518
S09_EVALUATIONS 2058722 4006 accepted 2561
S09_EVALUATIONS 2058724 4042 accepted 2578
S09_EVALUATIONS 2058729 4051 accepted 2487
S09_EVALUATIONS 2058726 4047 accepted 2598
S09_EVALUATIONS 2058725 4123 accepted 2590
S09_EVALUATIONS 2058728 4006 accepted 2396
S09_EVALUATIONS 2058722 4563 accepted 2951
S09_EVALUATIONS 2058727 4800 accepted 3074
S09_EVALUATIONS 2058723 4650 accepted 2912
S09_EVALUATIONS 2058726 4650 accepted 3001
S09_EVALUATIONS 2058724 4565 accepted 2976
S09_EVALUATIONS 2058729 4632 accepted 2863
S09_EVALUATIONS 2058725 4692 accepted 2988
S09_EVALUATIONS 2058728 4519 accepted 2759
S09_EVALUATIONS 2058722 5130 accepted 3353
S09_EVALUATIONS 2058724 5125 accepted 3384
S09_EVALUATIONS 2058727 5371 accepted 3485
S09_EVALUATIONS 2058729 5202 accepted 3253
S09_EVALUATIONS 2058723 5231 accepted 3312
S09_EVALUATIONS 2058726 5256 accepted 3408
S09_EVALUATIONS 2058728 5101 accepted 3136
S09_EVALUATIONS 2058725 5297 accepted 3393
S09_EVALUATIONS 2058727 5967 accepted 3896
S09_EVALUATIONS 2058724 5706 accepted 3791
S09_EVALUATIONS 2058722 5709 accepted 3749
S09_EVALUATIONS 2058723 5793 accepted 3709
S09_EVALUATIONS 2058729 5762 accepted 3631
S09_EVALUATIONS 2058726 5797 accepted 3811
S09_EVALUATIONS 2058728 5659 accepted 3515
S09_EVALUATIONS 2058725 5894 accepted 3804
S09_EVALUATIONS 2058727 6560 accepted 4301
S09_EVALUATIONS 2058724 6246 accepted 4189
S09_EVALUATIONS 2058722 6236 accepted 4140
S09_EVALUATIONS 2058729 6347 accepted 4005
S09_EVALUATIONS 2058726 6369 accepted 4209
S09_EVALUATIONS 2058723 6374 accepted 4097
S09_EVALUATIONS 2058728 6192 accepted 3876
S09_EVALUATIONS 2058725 6451 accepted 4204
S09_EVALUATIONS 2058724 6829 accepted 4588
S09_EVALUATIONS 2058727 7131 accepted 4707
S09_EVALUATIONS 2058729 6911 accepted 4395
S09_EVALUATIONS 2058722 6796 accepted 4533
S09_EVALUATIONS 2058726 6947 accepted 4612
S09_EVALUATIONS 2058728 6722 accepted 4240
S09_EVALUATIONS 2058723 6931 accepted 4491
S09_EVALUATIONS 2058725 7040 accepted 4603
S09_EVALUATIONS 2058724 7393 accepted 4998
S09_EVALUATIONS 2058729 7494 accepted 4786
S09_EVALUATIONS 2058722 7380 accepted 4940
S09_EVALUATIONS 2058727 7722 accepted 5124
S09_EVALUATIONS 2058723 7484 accepted 4887
S09_EVALUATIONS 2058728 7284 accepted 4623
S09_EVALUATIONS 2058726 7515 accepted 5019
S09_EVALUATIONS 2058725 7612 accepted 5010
S09_BIN_LEVEL q0_p5 0 [0.3635983912895706, 0.2647235548255226] errors [0.006500222705942223, 0.004502733673192829] checks {'finite_statistics': True, 'requested_precision': True, 'independent_iteration_groups': True, 'iteration_consistency': True, 'channel_sum': True}
S09_BIN_DONE q0_p5 [0.3635983912895706, 0.2647235548255226] errors [0.006500222705942223, 0.004502733673192829]
S09_BIN_START q1_p2 seed 3481638629 neval 1000 nitn 8
S09_EVALUATIONS 2058724 7951 accepted 5411
S09_EVALUATIONS 2058722 7936 accepted 5346
S09_EVALUATIONS 2058729 8103 accepted 5186
S09_EVALUATIONS 2058726 8120 accepted 5438
S09_EVALUATIONS 2058723 8106 accepted 5293
S09_EVALUATIONS 2058728 7876 accepted 5013
S09_EVALUATIONS 2058725 8242 accepted 5430
S09_BIN_LEVEL q0_p3 0 [25.894458236953575, 17.76836518633198] errors [1.5835138014177288, 1.006873707209495] checks {'finite_statistics': True, 'requested_precision': False, 'independent_iteration_groups': True, 'iteration_consistency': True, 'channel_sum': True}
S09_BIN_LEVEL q0_p4 0 [4.751289283585602, 3.312649004983369] errors [0.07590275201109133, 0.05270866292902342] checks {'finite_statistics': True, 'requested_precision': True, 'independent_iteration_groups': True, 'iteration_consistency': True, 'channel_sum': True}
S09_BIN_DONE q0_p4 [4.751289283585602, 3.312649004983369] errors [0.07590275201109133, 0.05270866292902342]
S09_BIN_START q1_p3 seed 701752956 neval 1000 nitn 8
S09_BIN_LEVEL q0_p1 0 [120.46400792124814, 87.16707351038607] errors [1.8434930251590373, 1.423944536640669] checks {'finite_statistics': True, 'requested_precision': True, 'independent_iteration_groups': True, 'iteration_consistency': True, 'channel_sum': True}
S09_BIN_DONE q0_p1 [120.46400792124814, 87.16707351038607] errors [1.8434930251590373, 1.423944536640669]
S09_BIN_START q1_p4 seed 2119326372 neval 1000 nitn 8
S09_BIN_LEVEL q1_p1 0 [117.68503469393771, 86.9625543403785] errors [1.9870061273339372, 1.6163347173214682] checks {'finite_statistics': True, 'requested_precision': True, 'independent_iteration_groups': True, 'iteration_consistency': True, 'channel_sum': True}
S09_BIN_DONE q1_p1 [117.68503469393771, 86.9625543403785] errors [1.9870061273339372, 1.6163347173214682]
S09_BIN_START q1_p5 seed 3297726716 neval 1000 nitn 8
S09_BIN_LEVEL q0_p2 0 [64.71208385091298, 46.7167098085419] errors [1.056790178823583, 0.7662120326554894] checks {'finite_statistics': True, 'requested_precision': True, 'independent_iteration_groups': True, 'iteration_consistency': True, 'channel_sum': True}
S09_BIN_DONE q0_p2 [64.71208385091298, 46.7167098085419] errors [1.056790178823583, 0.7662120326554894]
S09_BIN_START q2_p0 seed 3268586184 neval 1000 nitn 8
S09_BIN_LEVEL q0_p0 0 [196.82301876426865, 139.27133354294435] errors [3.050839975577618, 2.3898887138642118] checks {'finite_statistics': True, 'requested_precision': True, 'independent_iteration_groups': True, 'iteration_consistency': True, 'channel_sum': True}
S09_BIN_DONE q0_p0 [196.82301876426865, 139.27133354294435] errors [3.050839975577618, 2.3898887138642118]
S09_BIN_START q2_p1 seed 2513645143 neval 1000 nitn 8
S09_BIN_LEVEL q1_p0 0 [185.64816717516237, 138.58984280998234] errors [4.152508948911486, 3.366303370734766] checks {'finite_statistics': True, 'requested_precision': True, 'independent_iteration_groups': True, 'iteration_consistency': True, 'channel_sum': True}
S09_BIN_DONE q1_p0 [185.64816717516237, 138.58984280998234] errors [4.152508948911486, 3.366303370734766]
S09_BIN_START q2_p2 seed 525812231 neval 1000 nitn 8
S09_EVALUATIONS 2058727 961 accepted 407
S09_EVALUATIONS 2058725 8840 accepted 5859
S09_EVALUATIONS 2058726 953 accepted 412
S09_EVALUATIONS 2058723 925 accepted 418
S09_EVALUATIONS 2058729 911 accepted 432
S09_EVALUATIONS 2058724 1006 accepted 381
S09_EVALUATIONS 2058722 940 accepted 390
S09_WARMUP q1_p2 0 [38.3(2.3) 27.9(1.6)]
S09_EVALUATIONS 2058728 935 accepted 399
S09_WARMUP q1_p3 0 [25.0(1.4) 17.8(1.0)]
S09_EVALUATIONS 2058727 1534 accepted 823
S09_WARMUP q1_p4 0 [13.90(84) 10.11(59)]
S09_EVALUATIONS 2058725 9462 accepted 6290
S09_WARMUP q1_p5 0 [2.56(13) 1.899(94)]
S09_WARMUP q2_p0 0 [29.8(2.1) 23.1(1.7)]
S09_EVALUATIONS 2058726 1586 accepted 830
S09_EVALUATIONS 2058723 1567 accepted 845
S09_EVALUATIONS 2058729 1509 accepted 862
S09_WARMUP q2_p1 0 [34.7(2.0) 27.1(1.7)]
S09_WARMUP q2_p2 0 [30.6(1.7) 24.2(1.4)]
S09_EVALUATIONS 2058724 1616 accepted 781
S09_EVALUATIONS 2058722 1448 accepted 778
S09_EVALUATIONS 2058728 1490 accepted 801
S09_EVALUATIONS 2058727 2137 accepted 1244
S09_EVALUATIONS 2058725 10018 accepted 6725
S09_EVALUATIONS 2058726 2178 accepted 1256
S09_EVALUATIONS 2058723 2121 accepted 1272
S09_EVALUATIONS 2058729 2121 accepted 1298
S09_EVALUATIONS 2058724 2268 accepted 1190
S09_EVALUATIONS 2058722 2041 accepted 1171
S09_EVALUATIONS 2058728 2081 accepted 1206
S09_EVALUATIONS 2058727 2764 accepted 1668
S09_EVALUATIONS 2058725 10595 accepted 7156
S09_EVALUATIONS 2058726 2746 accepted 1677
S09_EVALUATIONS 2058723 2726 accepted 1702
S09_EVALUATIONS 2058729 2744 accepted 1733
S09_EVALUATIONS 2058724 2914 accepted 1590
S09_EVALUATIONS 2058722 2637 accepted 1573
S09_WARMUP q0_p3 1 [27.99(57) 19.19(40)]
S09_EVALUATIONS 2058728 2676 accepted 1621
S09_EVALUATIONS 2058727 3396 accepted 2089
S09_EVALUATIONS 2058725 11151 accepted 7592
S09_EVALUATIONS 2058726 3361 accepted 2099
S09_EVALUATIONS 2058723 3342 accepted 2125
S09_EVALUATIONS 2058729 3365 accepted 2168
S09_EVALUATIONS 2058724 3554 accepted 1995
S09_EVALUATIONS 2058722 3184 accepted 1962
S09_EVALUATIONS 2058728 3198 accepted 2026
S09_EVALUATIONS 2058727 4035 accepted 2503
S09_EVALUATIONS 2058725 11781 accepted 8033
S09_EVALUATIONS 2058726 3962 accepted 2521
S09_EVALUATIONS 2058723 3896 accepted 2550
S09_EVALUATIONS 2058729 3976 accepted 2601
S09_EVALUATIONS 2058724 4140 accepted 2374
S09_EVALUATIONS 2058722 3774 accepted 2345
S09_EVALUATIONS 2058728 3787 accepted 2426
S09_EVALUATIONS 2058727 4641 accepted 2915
S09_EVALUATIONS 2058725 12337 accepted 8453
S09_EVALUATIONS 2058726 4525 accepted 2926
S09_EVALUATIONS 2058723 4479 accepted 2963
S09_EVALUATIONS 2058729 4552 accepted 3019
S09_EVALUATIONS 2058724 4728 accepted 2758
S09_EVALUATIONS 2058722 4292 accepted 2729
S09_EVALUATIONS 2058728 4352 accepted 2828
S09_EVALUATIONS 2058727 5236 accepted 3324
S09_EVALUATIONS 2058725 12862 accepted 8871
S09_EVALUATIONS 2058726 5105 accepted 3333
S09_EVALUATIONS 2058723 5049 accepted 3369
S09_EVALUATIONS 2058729 5136 accepted 3435
S09_EVALUATIONS 2058724 5326 accepted 3129
S09_EVALUATIONS 2058722 4857 accepted 3101
S09_EVALUATIONS 2058728 4887 accepted 3207
S09_EVALUATIONS 2058727 5792 accepted 3713
S09_EVALUATIONS 2058725 13415 accepted 9280
S09_EVALUATIONS 2058726 5650 accepted 3727
S09_EVALUATIONS 2058723 5583 accepted 3767
S09_EVALUATIONS 2058729 5743 accepted 3848
S09_EVALUATIONS 2058724 5920 accepted 3484
S09_EVALUATIONS 2058722 5353 accepted 3466
S09_EVALUATIONS 2058728 5418 accepted 3571
S09_EVALUATIONS 2058727 6397 accepted 4104
S09_EVALUATIONS 2058725 13990 accepted 9688
S09_EVALUATIONS 2058726 6209 accepted 4117
S09_EVALUATIONS 2058723 6151 accepted 4164
S09_EVALUATIONS 2058729 6346 accepted 4262
S09_EVALUATIONS 2058724 6454 accepted 3849
S09_EVALUATIONS 2058722 5922 accepted 3833
S09_EVALUATIONS 2058728 5926 accepted 3938
S09_EVALUATIONS 2058727 6981 accepted 4491
S09_EVALUATIONS 2058725 14519 accepted 10103
S09_EVALUATIONS 2058726 6789 accepted 4511
S09_EVALUATIONS 2058723 6709 accepted 4557
S09_EVALUATIONS 2058729 6878 accepted 4663
S09_EVALUATIONS 2058724 7040 accepted 4201
S09_EVALUATIONS 2058722 6434 accepted 4205
S09_EVALUATIONS 2058728 6439 accepted 4311
S09_EVALUATIONS 2058727 7530 accepted 4874
S09_EVALUATIONS 2058725 15049 accepted 10508
S09_EVALUATIONS 2058726 7327 accepted 4907
S09_EVALUATIONS 2058723 7247 accepted 4959
S09_EVALUATIONS 2058729 7469 accepted 5063
S09_EVALUATIONS 2058724 7639 accepted 4563
S09_EVALUATIONS 2058722 6998 accepted 4581
S09_EVALUATIONS 2058728 6995 accepted 4693
S09_EVALUATIONS 2058727 8123 accepted 5270
S09_EVALUATIONS 2058725 15639 accepted 10930
S09_BIN_LEVEL q1_p2 0 [61.12002567231953, 43.75480436415564] errors [0.9407796456694727, 0.7002333084847596] checks {'finite_statistics': True, 'requested_precision': True, 'independent_iteration_groups': True, 'iteration_consistency': True, 'channel_sum': True}
S09_BIN_DONE q1_p2 [61.12002567231953, 43.75480436415564] errors [0.9407796456694727, 0.7002333084847596]
S09_BIN_START q2_p3 seed 1038579597 neval 1000 nitn 8
S09_EVALUATIONS 2058726 7925 accepted 5309
S09_EVALUATIONS 2058723 7861 accepted 5374
S09_EVALUATIONS 2058729 8071 accepted 5479
S09_EVALUATIONS 2058724 8198 accepted 4943
S09_EVALUATIONS 2058722 7514 accepted 4962
S09_BIN_LEVEL q1_p5 0 [0.46376745380541, 0.34187593447013975] errors [0.009950081114522502, 0.008385599098062703] checks {'finite_statistics': True, 'requested_precision': True, 'independent_iteration_groups': True, 'iteration_consistency': True, 'channel_sum': True}
S09_BIN_DONE q1_p5 [0.46376745380541, 0.34187593447013975] errors [0.009950081114522502, 0.008385599098062703]
S09_BIN_START q2_p4 seed 93064166 neval 1000 nitn 8
S09_BIN_LEVEL q2_p0 0 [97.81554651974233, 74.78228832276466] errors [2.9283317747493944, 2.5991144883307573] checks {'finite_statistics': True, 'requested_precision': True, 'independent_iteration_groups': True, 'iteration_consistency': True, 'channel_sum': True}
S09_BIN_DONE q2_p0 [97.81554651974233, 74.78228832276466] errors [2.9283317747493944, 2.5991144883307573]
S09_EVALUATIONS 2058728 7506 accepted 5069
S09_BIN_LEVEL q1_p3 0 [25.22738343055829, 17.944957081114588] errors [0.3684278461990795, 0.2636804124888631] checks {'finite_statistics': True, 'requested_precision': True, 'independent_iteration_groups': True, 'iteration_consistency': True, 'channel_sum': True}
S09_BIN_DONE q1_p3 [25.22738343055829, 17.944957081114588] errors [0.3684278461990795, 0.2636804124888631]
S09_BIN_LEVEL q1_p4 0 [5.988710518811114, 4.262332057936984] errors [0.15110281045126037, 0.09414091050618557] checks {'finite_statistics': True, 'requested_precision': True, 'independent_iteration_groups': True, 'iteration_consistency': True, 'channel_sum': True}
S09_BIN_DONE q1_p4 [5.988710518811114, 4.262332057936984] errors [0.15110281045126037, 0.09414091050618557]
S09_EVALUATIONS 2058725 16232 accepted 11376
S09_EVALUATIONS 2058727 910 accepted 402
S09_EVALUATIONS 2058722 8138 accepted 5392
S09_EVALUATIONS 2058729 973 accepted 466
S09_EVALUATIONS 2058728 8155 accepted 5521
S09_BIN_LEVEL q2_p1 0 [63.83143714320816, 49.0985942883386] errors [0.9203037079061865, 0.757822382845855] checks {'finite_statistics': True, 'requested_precision': True, 'independent_iteration_groups': True, 'iteration_consistency': True, 'channel_sum': True}
S09_BIN_DONE q2_p1 [63.83143714320816, 49.0985942883386] errors [0.9203037079061865, 0.757822382845855]
S09_WARMUP q2_p3 0 [19.65(98) 14.37(72)]
S09_BIN_LEVEL q2_p2 0 [30.627041248325565, 23.388095150888383] errors [0.480321885070301, 0.3804922705051303] checks {'finite_statistics': True, 'requested_precision': True, 'independent_iteration_groups': True, 'iteration_consistency': True, 'channel_sum': True}
S09_BIN_DONE q2_p2 [30.627041248325565, 23.388095150888383] errors [0.480321885070301, 0.3804922705051303]
S09_EVALUATIONS 2058725 16974 accepted 11905
S09_WARMUP q2_p4 0 [2.51(12) 1.867(89)]
S09_EVALUATIONS 2058727 1609 accepted 887
S09_EVALUATIONS 2058729 1755 accepted 1008
S09_EVALUATIONS 2058725 17706 accepted 12466
S09_EVALUATIONS 2058727 2409 accepted 1416
S09_EVALUATIONS 2058729 2530 accepted 1552
S09_EVALUATIONS 2058725 18457 accepted 13024
S09_EVALUATIONS 2058727 3162 accepted 1943
S09_EVALUATIONS 2058729 3348 accepted 2094
S09_EVALUATIONS 2058725 19200 accepted 13570
S09_EVALUATIONS 2058727 3903 accepted 2456
S09_EVALUATIONS 2058729 4084 accepted 2604
S09_EVALUATIONS 2058725 19894 accepted 14092
S09_EVALUATIONS 2058727 4617 accepted 2940
S09_EVALUATIONS 2058729 4859 accepted 3125
S09_EVALUATIONS 2058725 20626 accepted 14636
S09_EVALUATIONS 2058727 5339 accepted 3456
S09_EVALUATIONS 2058729 5680 accepted 3666
S09_EVALUATIONS 2058725 21376 accepted 15194
S09_EVALUATIONS 2058727 6119 accepted 3983
S09_EVALUATIONS 2058729 6454 accepted 4207
S09_EVALUATIONS 2058725 22113 accepted 15755
S09_EVALUATIONS 2058727 6861 accepted 4509
S09_EVALUATIONS 2058729 7269 accepted 4755
S09_EVALUATIONS 2058725 22854 accepted 16317
S09_EVALUATIONS 2058727 7653 accepted 5034
S09_EVALUATIONS 2058729 8060 accepted 5289
S09_BIN_LEVEL q2_p4 0 [0.4604087474043751, 0.34398069851168517] errors [0.006747653146717735, 0.004951087846280814] checks {'finite_statistics': True, 'requested_precision': True, 'independent_iteration_groups': True, 'iteration_consistency': True, 'channel_sum': True}
S09_BIN_DONE q2_p4 [0.4604087474043751, 0.34398069851168517] errors [0.006747653146717735, 0.004951087846280814]
S09_BIN_LEVEL q2_p3 0 [6.215450513551256, 4.690500515132063] errors [0.09119266519585825, 0.06917507572141664] checks {'finite_statistics': True, 'requested_precision': True, 'independent_iteration_groups': True, 'iteration_consistency': True, 'channel_sum': True}
S09_BIN_DONE q2_p3 [6.215450513551256, 4.690500515132063] errors [0.09119266519585825, 0.06917507572141664]
S09_EVALUATIONS 2058725 23585 accepted 16845
S09_EVALUATIONS 2058725 24336 accepted 17380
S09_BIN_LEVEL q0_p3 1 [23.664228558341506, 16.44038471864705] errors [0.269901439400053, 0.255256868407019] checks {'finite_statistics': True, 'requested_precision': True, 'independent_iteration_groups': True, 'iteration_consistency': True, 'channel_sum': True}
S09_BIN_DONE q0_p3 [23.664228558341506, 16.44038471864705] errors [0.269901439400053, 0.255256868407019]
Validate current bin identities, covariance and channel sums and save the final hadronic cross section.
{
  "stage": "s11",
  "status": "Complete",
  "producer_sha256": "940de1658d85fbbd78bff49a65a13dc010fd36583542d0b7cbb5b15f70dc3154",
  "inputs": {
    "s09_cache/q0_p0_result": "159803bf2c0d1d04f9ae4916a5a5b609cb5a71dab965d02bd2e22c4a60b52238",
    "s09_cache/q0_p1_result": "33e0bb639241180dcf479d901cf5e3a4d51c8407be9eac43e2f452472612d87a",
    "s09_cache/q0_p2_result": "aacf92b02ff9380c750472cd37c8fca16aa7addd3398273e3b20e5f97911fbd8",
    "s09_cache/q0_p3_result": "655e07ee251e1aa3efdb1869188422f03a356fe80ea58a78b2e838f7d2ba3bd8",
    "s09_cache/q0_p4_result": "5bd25b08f2e96f3ea4cf05fe39d8caf4a2ac0f8e1f32d46cc1434d314416ba1f",
    "s09_cache/q0_p5_result": "ac55ae6fcba9e36a620c479f175a4ac1568a06fe5e08a8dd21d79765b0a1dba9",
    "s09_cache/q1_p0_result": "3d71ee533c340905c8b5d7cc0b9a40fd3d4cb7d04dc6a043dc2f3d6d2fe2f852",
    "s09_cache/q1_p1_result": "f90178d2e5f1b4d56f895b289ba9879cb2c8802b9ab269bbfd212d86b056363f",
    "s09_cache/q1_p2_result": "8dbe02516f7bdc46d02859d7aaa2f8283960db4fffb6a05709814e903bcbfa68",
    "s09_cache/q1_p3_result": "fcf97a05c281036c0a8ba9b4e9dcb4c1c6673f11c3933266ad77a7672911d3df",
    "s09_cache/q1_p4_result": "ed11e3a0007de199d69500e51006ca4df177ea604d78c4c8e8a651ae717a87b8",
    "s09_cache/q1_p5_result": "f8395745871ba5e892a6dbcb4ecf8c4f7523160b3b0dcaf122c06f5652cb2edf",
    "s09_cache/q2_p0_result": "af597bcb9ba9bd0f34acc5d257eff1a950b9c2c06b770e8deddbfe1455620922",
    "s09_cache/q2_p1_result": "7a284595a77375a370031aff96ce4b12b818ba61aeaa33d381af5906fffa4063",
    "s09_cache/q2_p2_result": "b6d984082fb453091401bb0fdf4b635035daba657a3957b1bc5d5f21fab39ff6",
    "s09_cache/q2_p3_result": "fd1ce9a8ca7ab6c7f3924e25d99d14b2f66627cd2205112d965fb03ddcf48297",
    "s09_cache/q2_p4_result": "589dd86d777c5215c02ee294bd6bcc49a3eb5aa12276d5eae82f2c037dbaa628",
    "s09_cache/s09_build_result": "617ffa9044fd551e11b48d1cd1a2f953ecc3a91f48f363575d567bee1b0c75af"
  },
  "checks": {
    "complete_bin_coverage": true,
    "current_full_channel_inputs": true,
    "convergence_gates": true,
    "component_sums": true,
    "covariance_errors": true,
    "distinct_bin_seeds": true
  },
  "output": "s09_result",
  "output_sha256": "66c0df6a0a8001e4603d939602bb8c7aa378fe77c916437f1b9115b8363b36ad",
  "FFs": [
    "KKP",
    "Kretzer"
  ],
  "total_sigma_pb": [
    563.5889919494406,
    412.69784271172824
  ],
  "total_sigma_error_pb": [
    2.87117502586373,
    2.3091817619842088
  ]
}
Regenerate the three-range cross-section and theory-to-data ratio figures from the new accepted result.
NUMERICS_PIPELINE_SUCCESS
