S09_BIN_START q0_p3 seed 1960626796 neval 1000 nitn 8
S09_BIN_START q1_p3 seed 955691670 neval 1000 nitn 8
S09_BIN_START q2_p0 seed 4178294298 neval 1000 nitn 8
S09_BIN_START q1_p2 seed 347635787 neval 1000 nitn 8
S09_BIN_START q1_p5 seed 2980508417 neval 1000 nitn 8
S09_BIN_START q2_p3 seed 43995022 neval 1000 nitn 8
S09_BIN_START q0_p0 seed 2873546429 neval 1000 nitn 8
S09_BIN_START q0_p2 seed 3394003508 neval 1000 nitn 8
S09_BIN_START q0_p1 seed 1990901931 neval 1000 nitn 8
S09_BIN_START q2_p2 seed 2818788833 neval 1000 nitn 8
S09_BIN_START q0_p4 seed 3763309217 neval 1000 nitn 8
S09_BIN_START q1_p0 seed 1442252421 neval 1000 nitn 8
S09_BIN_START q2_p4 seed 3808055827 neval 1000 nitn 8
S09_BIN_START q2_p1 seed 3040157116 neval 1000 nitn 8
S09_BIN_START q0_p5 seed 2254102679 neval 1000 nitn 8
S09_BIN_START q1_p4 seed 2091333915 neval 1000 nitn 8
S09_BIN_START q1_p1 seed 1180320019 neval 1000 nitn 8
S09_EVALUATIONS 2602526 606 accepted 210
S09_EVALUATIONS 2602518 760 accepted 234
S09_EVALUATIONS 2602529 657 accepted 246
S09_EVALUATIONS 2602520 632 accepted 222
S09_EVALUATIONS 2602519 670 accepted 216
S09_EVALUATIONS 2602521 651 accepted 239
S09_EVALUATIONS 2602533 578 accepted 226
S09_EVALUATIONS 2602530 685 accepted 218
S09_EVALUATIONS 2602527 703 accepted 235
S09_EVALUATIONS 2602532 611 accepted 197
S09_EVALUATIONS 2602522 668 accepted 241
S09_EVALUATIONS 2602534 549 accepted 216
S09_EVALUATIONS 2602524 647 accepted 220
S09_EVALUATIONS 2602528 718 accepted 233
S09_EVALUATIONS 2602523 581 accepted 239
S09_EVALUATIONS 2602525 617 accepted 211
S09_EVALUATIONS 2602531 599 accepted 202
S09_EVALUATIONS 2602520 1008 accepted 443
S09_EVALUATIONS 2602527 1048 accepted 467
S09_EVALUATIONS 2602519 1016 accepted 434
S09_EVALUATIONS 2602518 1097 accepted 471
S09_EVALUATIONS 2602526 954 accepted 420
S09_EVALUATIONS 2602529 1016 accepted 483
S09_EVALUATIONS 2602521 1035 accepted 460
S09_EVALUATIONS 2602533 984 accepted 447
S09_EVALUATIONS 2602522 1070 accepted 485
S09_EVALUATIONS 2602530 1044 accepted 426
S09_EVALUATIONS 2602532 987 accepted 402
S09_EVALUATIONS 2602534 919 accepted 428
S09_EVALUATIONS 2602524 1015 accepted 447
S09_EVALUATIONS 2602523 995 accepted 481
S09_EVALUATIONS 2602525 974 accepted 424
S09_EVALUATIONS 2602528 1070 accepted 473
S09_EVALUATIONS 2602531 944 accepted 402
S09_WARMUP q0_p4 0 [12.10(70) 8.55(50)]
S09_WARMUP q0_p0 0 [46.5(3.1) 32.4(2.2)]
S09_WARMUP q1_p4 0 [14.78(81) 10.35(56)]
S09_WARMUP q0_p3 0 [26.5(1.6) 18.3(1.1)]
S09_WARMUP q1_p3 0 [25.9(1.4) 18.2(1.0)]
S09_WARMUP q1_p5 0 [2.78(16) 2.10(12)]
S09_WARMUP q2_p0 0 [35.5(2.1) 27.3(1.6)]
S09_WARMUP q0_p2 0 [43.5(3.5) 31.6(2.5)]
S09_WARMUP q0_p5 0 [2.63(15) 1.84(10)]
S09_WARMUP q0_p1 0 [60.0(3.9) 42.6(2.8)]
S09_EVALUATIONS 2602519 1361 accepted 656
S09_EVALUATIONS 2602518 1433 accepted 714
S09_EVALUATIONS 2602520 1376 accepted 667
S09_EVALUATIONS 2602526 1240 accepted 631
S09_EVALUATIONS 2602522 1453 accepted 733
S09_EVALUATIONS 2602533 1272 accepted 676
S09_EVALUATIONS 2602527 1387 accepted 706
S09_EVALUATIONS 2602530 1383 accepted 647
S09_EVALUATIONS 2602529 1389 accepted 729
S09_EVALUATIONS 2602532 1270 accepted 606
S09_EVALUATIONS 2602521 1404 accepted 685
S09_EVALUATIONS 2602525 1287 accepted 634
S09_EVALUATIONS 2602534 1214 accepted 640
S09_EVALUATIONS 2602524 1343 accepted 680
S09_EVALUATIONS 2602528 1427 accepted 721
S09_EVALUATIONS 2602523 1368 accepted 732
S09_EVALUATIONS 2602531 1242 accepted 619
S09_WARMUP q1_p0 0 [43.9(2.9) 30.9(2.1)]
S09_WARMUP q1_p1 0 [42.5(3.2) 35.1(2.6)]
S09_WARMUP q2_p3 0 [17.41(95) 12.69(71)]
S09_WARMUP q2_p2 0 [30.1(1.7) 23.4(1.4)]
S09_WARMUP q2_p1 0 [37.2(2.1) 28.1(1.6)]
S09_WARMUP q1_p2 0 [35.2(2.1) 24.0(1.5)]
S09_WARMUP q2_p4 0 [2.97(15) 2.12(11)]
S09_EVALUATIONS 2602519 1673 accepted 883
S09_EVALUATIONS 2602520 1678 accepted 896
S09_EVALUATIONS 2602518 1779 accepted 965
S09_EVALUATIONS 2602530 1716 accepted 872
S09_EVALUATIONS 2602527 1698 accepted 946
S09_EVALUATIONS 2602522 1828 accepted 990
S09_EVALUATIONS 2602529 1708 accepted 980
S09_EVALUATIONS 2602533 1633 accepted 910
S09_EVALUATIONS 2602532 1596 accepted 815
S09_EVALUATIONS 2602526 1546 accepted 852
S09_EVALUATIONS 2602521 1748 accepted 925
S09_EVALUATIONS 2602525 1630 accepted 853
S09_EVALUATIONS 2602524 1682 accepted 917
S09_EVALUATIONS 2602534 1542 accepted 863
S09_EVALUATIONS 2602523 1710 accepted 986
S09_EVALUATIONS 2602528 1796 accepted 972
S09_EVALUATIONS 2602531 1580 accepted 845
S09_EVALUATIONS 2602518 2153 accepted 1220
S09_EVALUATIONS 2602530 2097 accepted 1101
S09_EVALUATIONS 2602519 2035 accepted 1117
S09_EVALUATIONS 2602527 2027 accepted 1177
S09_EVALUATIONS 2602520 2008 accepted 1133
S09_EVALUATIONS 2602529 2089 accepted 1237
S09_EVALUATIONS 2602522 2190 accepted 1253
S09_EVALUATIONS 2602533 1971 accepted 1147
S09_EVALUATIONS 2602532 1888 accepted 1035
S09_EVALUATIONS 2602526 1852 accepted 1081
S09_EVALUATIONS 2602521 2117 accepted 1184
S09_EVALUATIONS 2602525 1990 accepted 1079
S09_EVALUATIONS 2602523 2080 accepted 1246
S09_EVALUATIONS 2602534 1845 accepted 1093
S09_EVALUATIONS 2602524 2033 accepted 1157
S09_EVALUATIONS 2602528 2127 accepted 1224
S09_EVALUATIONS 2602531 1915 accepted 1084
S09_EVALUATIONS 2602530 2479 accepted 1332
S09_EVALUATIONS 2602519 2352 accepted 1356
S09_EVALUATIONS 2602527 2345 accepted 1416
S09_EVALUATIONS 2602529 2478 accepted 1497
S09_EVALUATIONS 2602520 2325 accepted 1375
S09_EVALUATIONS 2602518 2536 accepted 1477
S09_EVALUATIONS 2602522 2559 accepted 1517
S09_EVALUATIONS 2602532 2231 accepted 1261
S09_EVALUATIONS 2602533 2316 accepted 1394
S09_EVALUATIONS 2602521 2512 accepted 1445
S09_EVALUATIONS 2602526 2153 accepted 1315
S09_EVALUATIONS 2602523 2476 accepted 1513
S09_EVALUATIONS 2602524 2340 accepted 1388
S09_EVALUATIONS 2602525 2349 accepted 1320
S09_EVALUATIONS 2602534 2164 accepted 1328
S09_EVALUATIONS 2602528 2499 accepted 1480
S09_EVALUATIONS 2602531 2274 accepted 1328
S09_EVALUATIONS 2602530 2837 accepted 1558
S09_EVALUATIONS 2602519 2696 accepted 1589
S09_EVALUATIONS 2602520 2657 accepted 1610
S09_EVALUATIONS 2602527 2689 accepted 1648
S09_EVALUATIONS 2602529 2835 accepted 1754
S09_EVALUATIONS 2602518 2908 accepted 1729
S09_EVALUATIONS 2602532 2520 accepted 1467
S09_EVALUATIONS 2602522 2929 accepted 1775
S09_EVALUATIONS 2602533 2694 accepted 1636
S09_EVALUATIONS 2602521 2896 accepted 1700
S09_EVALUATIONS 2602523 2837 accepted 1771
S09_EVALUATIONS 2602526 2477 accepted 1532
S09_EVALUATIONS 2602525 2743 accepted 1562
S09_EVALUATIONS 2602524 2696 accepted 1612
S09_EVALUATIONS 2602534 2469 accepted 1550
S09_EVALUATIONS 2602528 2838 accepted 1730
S09_EVALUATIONS 2602531 2625 accepted 1563
S09_EVALUATIONS 2602530 3181 accepted 1776
S09_EVALUATIONS 2602519 2980 accepted 1809
S09_EVALUATIONS 2602527 2980 accepted 1867
S09_EVALUATIONS 2602518 3258 accepted 1976
S09_EVALUATIONS 2602522 3269 accepted 2025
S09_EVALUATIONS 2602529 3187 accepted 2005
S09_EVALUATIONS 2602520 2961 accepted 1833
S09_EVALUATIONS 2602523 3191 accepted 2023
S09_EVALUATIONS 2602532 2796 accepted 1666
S09_EVALUATIONS 2602521 3249 accepted 1952
S09_EVALUATIONS 2602533 2989 accepted 1863
S09_EVALUATIONS 2602526 2763 accepted 1744
S09_EVALUATIONS 2602524 2981 accepted 1821
S09_EVALUATIONS 2602525 3090 accepted 1798
S09_EVALUATIONS 2602528 3181 accepted 1970
S09_EVALUATIONS 2602534 2748 accepted 1764
S09_EVALUATIONS 2602531 2942 accepted 1784
S09_EVALUATIONS 2602519 3326 accepted 2027
S09_EVALUATIONS 2602530 3548 accepted 1997
S09_EVALUATIONS 2602527 3280 accepted 2081
S09_EVALUATIONS 2602518 3617 accepted 2219
S09_EVALUATIONS 2602520 3268 accepted 2053
S09_EVALUATIONS 2602532 3129 accepted 1874
S09_EVALUATIONS 2602522 3605 accepted 2273
S09_EVALUATIONS 2602529 3532 accepted 2248
S09_EVALUATIONS 2602521 3610 accepted 2197
S09_EVALUATIONS 2602526 3079 accepted 1957
S09_EVALUATIONS 2602523 3558 accepted 2273
S09_EVALUATIONS 2602533 3348 accepted 2085
S09_EVALUATIONS 2602524 3300 accepted 2027
S09_EVALUATIONS 2602525 3422 accepted 2025
S09_EVALUATIONS 2602528 3547 accepted 2209
S09_EVALUATIONS 2602534 3043 accepted 1979
S09_EVALUATIONS 2602531 3268 accepted 2005
S09_EVALUATIONS 2602519 3613 accepted 2243
S09_EVALUATIONS 2602530 3864 accepted 2204
S09_EVALUATIONS 2602527 3585 accepted 2297
S09_EVALUATIONS 2602520 3565 accepted 2271
S09_EVALUATIONS 2602518 3978 accepted 2454
S09_EVALUATIONS 2602529 3852 accepted 2480
S09_EVALUATIONS 2602522 3955 accepted 2515
S09_EVALUATIONS 2602532 3420 accepted 2074
S09_EVALUATIONS 2602526 3354 accepted 2161
S09_EVALUATIONS 2602521 3976 accepted 2436
S09_EVALUATIONS 2602523 3913 accepted 2515
S09_EVALUATIONS 2602533 3649 accepted 2303
S09_EVALUATIONS 2602524 3593 accepted 2237
S09_EVALUATIONS 2602528 3830 accepted 2428
S09_EVALUATIONS 2602525 3768 accepted 2243
S09_EVALUATIONS 2602531 3601 accepted 2227
S09_EVALUATIONS 2602534 3351 accepted 2188
S09_EVALUATIONS 2602519 3916 accepted 2455
S09_EVALUATIONS 2602527 3875 accepted 2509
S09_EVALUATIONS 2602520 3855 accepted 2484
S09_EVALUATIONS 2602530 4222 accepted 2406
S09_EVALUATIONS 2602518 4297 accepted 2684
S09_EVALUATIONS 2602529 4189 accepted 2709
S09_EVALUATIONS 2602532 3702 accepted 2266
S09_EVALUATIONS 2602522 4259 accepted 2750
S09_EVALUATIONS 2602523 4247 accepted 2751
S09_EVALUATIONS 2602526 3625 accepted 2366
S09_EVALUATIONS 2602521 4306 accepted 2671
S09_EVALUATIONS 2602528 4124 accepted 2638
S09_EVALUATIONS 2602524 3873 accepted 2439
S09_EVALUATIONS 2602525 4090 accepted 2463
S09_EVALUATIONS 2602533 3993 accepted 2525
S09_EVALUATIONS 2602531 3917 accepted 2445
S09_EVALUATIONS 2602534 3619 accepted 2394
S09_EVALUATIONS 2602520 4142 accepted 2694
S09_EVALUATIONS 2602519 4232 accepted 2664
S09_EVALUATIONS 2602527 4194 accepted 2718
S09_EVALUATIONS 2602518 4644 accepted 2914
S09_EVALUATIONS 2602530 4551 accepted 2614
S09_EVALUATIONS 2602529 4507 accepted 2942
S09_EVALUATIONS 2602532 3998 accepted 2467
S09_EVALUATIONS 2602522 4578 accepted 2985
S09_EVALUATIONS 2602521 4657 accepted 2905
S09_EVALUATIONS 2602523 4598 accepted 2988
S09_EVALUATIONS 2602526 3939 accepted 2574
S09_EVALUATIONS 2602525 4449 accepted 2686
S09_EVALUATIONS 2602528 4428 accepted 2850
S09_EVALUATIONS 2602531 4217 accepted 2652
S09_EVALUATIONS 2602534 3916 accepted 2602
S09_EVALUATIONS 2602524 4176 accepted 2635
S09_EVALUATIONS 2602533 4298 accepted 2743
S09_EVALUATIONS 2602519 4511 accepted 2869
S09_EVALUATIONS 2602520 4431 accepted 2903
S09_EVALUATIONS 2602530 4876 accepted 2821
S09_EVALUATIONS 2602518 4984 accepted 3143
S09_EVALUATIONS 2602527 4493 accepted 2944
S09_EVALUATIONS 2602529 4856 accepted 3170
S09_EVALUATIONS 2602532 4245 accepted 2656
S09_EVALUATIONS 2602521 5007 accepted 3136
S09_EVALUATIONS 2602522 4895 accepted 3221
S09_EVALUATIONS 2602523 4895 accepted 3209
S09_EVALUATIONS 2602528 4708 accepted 3057
S09_EVALUATIONS 2602526 4227 accepted 2769
S09_EVALUATIONS 2602525 4757 accepted 2906
S09_EVALUATIONS 2602533 4639 accepted 2953
S09_EVALUATIONS 2602531 4508 accepted 2864
S09_EVALUATIONS 2602534 4180 accepted 2801
S09_EVALUATIONS 2602524 4462 accepted 2838
S09_EVALUATIONS 2602520 4713 accepted 3114
S09_EVALUATIONS 2602519 4821 accepted 3081
S09_EVALUATIONS 2602518 5336 accepted 3374
S09_EVALUATIONS 2602530 5218 accepted 3030
S09_EVALUATIONS 2602527 4847 accepted 3169
S09_EVALUATIONS 2602529 5168 accepted 3399
S09_EVALUATIONS 2602532 4495 accepted 2848
S09_EVALUATIONS 2602521 5335 accepted 3370
S09_EVALUATIONS 2602522 5217 accepted 3456
S09_EVALUATIONS 2602523 5188 accepted 3426
S09_EVALUATIONS 2602525 5096 accepted 3124
S09_EVALUATIONS 2602534 4444 accepted 3005
S09_EVALUATIONS 2602528 5002 accepted 3267
S09_EVALUATIONS 2602526 4496 accepted 2971
S09_EVALUATIONS 2602524 4735 accepted 3040
S09_EVALUATIONS 2602533 4936 accepted 3167
S09_EVALUATIONS 2602531 4843 accepted 3081
S09_EVALUATIONS 2602520 5013 accepted 3328
S09_EVALUATIONS 2602519 5125 accepted 3294
S09_EVALUATIONS 2602518 5688 accepted 3608
S09_EVALUATIONS 2602527 5142 accepted 3394
S09_EVALUATIONS 2602530 5532 accepted 3232
S09_EVALUATIONS 2602529 5509 accepted 3627
S09_EVALUATIONS 2602521 5691 accepted 3605
S09_EVALUATIONS 2602532 4820 accepted 3051
S09_EVALUATIONS 2602523 5516 accepted 3643
S09_EVALUATIONS 2602522 5545 accepted 3692
S09_EVALUATIONS 2602526 4785 accepted 3179
S09_EVALUATIONS 2602534 4719 accepted 3213
S09_EVALUATIONS 2602525 5437 accepted 3344
S09_EVALUATIONS 2602528 5302 accepted 3483
S09_EVALUATIONS 2602524 5043 accepted 3237
S09_EVALUATIONS 2602533 5275 accepted 3388
S09_EVALUATIONS 2602531 5137 accepted 3294
S09_EVALUATIONS 2602520 5315 accepted 3543
S09_EVALUATIONS 2602519 5444 accepted 3504
S09_EVALUATIONS 2602527 5471 accepted 3616
S09_EVALUATIONS 2602518 5989 accepted 3836
S09_EVALUATIONS 2602530 5852 accepted 3434
S09_EVALUATIONS 2602529 5814 accepted 3858
S09_EVALUATIONS 2602521 6015 accepted 3839
S09_EVALUATIONSS09_EVALUATIONS  26025322602522  50925869  acceptedaccepted  32403928

S09_EVALUATIONS 2602523 5844 accepted 3859
S09_EVALUATIONS 2602525 5767 accepted 3568
S09_EVALUATIONS 2602534 4999 accepted 3416
S09_EVALUATIONS 2602524 5320 accepted 3444
S09_EVALUATIONS 2602526 5075 accepted 3376
S09_EVALUATIONS 2602531 5468 accepted 3502
S09_EVALUATIONS 2602528 5589 accepted 3696
S09_EVALUATIONS 2602533 5572 accepted 3605
S09_EVALUATIONS 2602519 5744 accepted 3718
S09_EVALUATIONS 2602520 5587 accepted 3757
S09_EVALUATIONS 2602527 5781 accepted 3844
S09_EVALUATIONS 2602518 6320 accepted 4064
S09_EVALUATIONS 2602530 6181 accepted 3645
S09_EVALUATIONS 2602529 6167 accepted 4090
S09_EVALUATIONS 2602523 6153 accepted 4077
S09_EVALUATIONS 2602521 6378 accepted 4072
S09_EVALUATIONS 2602532 5352 accepted 3435
S09_EVALUATIONS 2602524 5604 accepted 3646
S09_EVALUATIONS 2602525 6087 accepted 3790
S09_EVALUATIONS 2602522 6212 accepted 4166
S09_EVALUATIONS 2602526 5348 accepted 3578
S09_EVALUATIONS 2602534 5286 accepted 3625
S09_EVALUATIONS 2602528 5903 accepted 3906
S09_EVALUATIONS 2602531 5772 accepted 3718
S09_EVALUATIONS 2602533 5906 accepted 3821
S09_EVALUATIONS 2602519 6045 accepted 3930
S09_EVALUATIONS 2602527 6093 accepted 4072
S09_EVALUATIONS 2602520 5899 accepted 3969
S09_EVALUATIONS 2602529 6481 accepted 4320
S09_EVALUATIONS 2602530 6542 accepted 3854
S09_EVALUATIONS 2602518 6648 accepted 4297
S09_EVALUATIONS 2602523 6448 accepted 4292
S09_EVALUATIONS 2602521 6726 accepted 4301
S09_EVALUATIONS 2602524 5935 accepted 3848
S09_EVALUATIONS 2602532 5683 accepted 3637
S09_EVALUATIONS 2602525 6402 accepted 4005
S09_EVALUATIONS 2602522 6559 accepted 4401
S09_EVALUATIONS 2602526 5684 accepted 3786
S09_EVALUATIONS 2602534 5556 accepted 3835
S09_EVALUATIONS 2602528 6208 accepted 4120
S09_EVALUATIONS 2602531 6114 accepted 3937
S09_EVALUATIONS 2602533 6200 accepted 4041
S09_EVALUATIONS 2602527 6387 accepted 4287
S09_EVALUATIONS 2602520 6169 accepted 4185
S09_EVALUATIONS 2602519 6357 accepted 4140
S09_EVALUATIONS 2602529 6805 accepted 4544
S09_EVALUATIONS 2602530 6859 accepted 4059
S09_EVALUATIONS 2602518 6997 accepted 4527
S09_EVALUATIONS 2602525 6721 accepted 4217
S09_EVALUATIONS 2602521 7056 accepted 4532
S09_EVALUATIONS 2602532 5950 accepted 3826
S09_EVALUATIONS 2602524 6226 accepted 4067
S09_EVALUATIONS 2602522 6861 accepted 4632
S09_EVALUATIONS 2602523 6785 accepted 4507
S09_EVALUATIONS 2602534 5864 accepted 4059
S09_EVALUATIONS 2602526 5935 accepted 3985
S09_EVALUATIONS 2602528 6515 accepted 4333
S09_EVALUATIONS 2602531 6378 accepted 4122
S09_EVALUATIONS 2602533 6550 accepted 4255
S09_EVALUATIONS 2602527 6712 accepted 4504
S09_EVALUATIONS 2602520 6477 accepted 4407
S09_EVALUATIONS 2602519 6655 accepted 4361
S09_EVALUATIONS 2602529 7120 accepted 4767
S09_EVALUATIONS 2602530 7200 accepted 4258
S09_EVALUATIONS 2602518 7297 accepted 4748
S09_EVALUATIONS 2602525 7071 accepted 4431
S09_EVALUATIONS 2602534 6164 accepted 4284
S09_EVALUATIONS 2602521 7388 accepted 4762
S09_EVALUATIONS 2602523 7082 accepted 4729
S09_EVALUATIONS 2602532 6219 accepted 4031
S09_EVALUATIONS 2602524 6556 accepted 4285
S09_EVALUATIONS 2602522 7200 accepted 4862
S09_EVALUATIONS 2602528 6835 accepted 4546
S09_EVALUATIONS 2602526 6222 accepted 4200
S09_EVALUATIONS 2602533 6827 accepted 4461
S09_EVALUATIONS 2602531 6648 accepted 4321
S09_EVALUATIONS 2602527 7014 accepted 4724
S09_EVALUATIONS 2602520 6789 accepted 4634
S09_EVALUATIONS 2602519 6990 accepted 4582
S09_EVALUATIONS 2602529 7448 accepted 4992
S09_EVALUATIONS 2602518 7639 accepted 4971
S09_EVALUATIONS 2602530 7501 accepted 4466
S09_EVALUATIONS 2602523 7427 accepted 4953
S09_EVALUATIONS 2602532 6527 accepted 4237
S09_EVALUATIONS 2602525 7404 accepted 4647
S09_EVALUATIONS 2602524 6836 accepted 4495
S09_EVALUATIONS 2602521 7721 accepted 4992
S09_EVALUATIONS 2602522 7506 accepted 5095
S09_EVALUATIONS 2602534 6447 accepted 4506
S09_EVALUATIONS 2602528 7108 accepted 4758
S09_EVALUATIONS 2602526 6526 accepted 4413
S09_EVALUATIONS 2602533 7144 accepted 4667
S09_EVALUATIONS 2602531 6979 accepted 4524
S09_EVALUATIONS 2602527 7310 accepted 4944
S09_EVALUATIONS 2602519 7283 accepted 4797
S09_EVALUATIONS 2602520 7089 accepted 4866
S09_EVALUATIONS 2602529 7746 accepted 5215
S09_EVALUATIONS 2602518 7955 accepted 5198
S09_EVALUATIONS 2602530 7848 accepted 4670
S09_EVALUATIONS 2602523 7722 accepted 5176
S09_EVALUATIONS 2602525 7700 accepted 4854
S09_EVALUATIONS 2602532 6814 accepted 4431
S09_EVALUATIONS 2602521 8091 accepted 5224
S09_EVALUATIONS 2602524 7146 accepted 4711
S09_EVALUATIONS 2602522 7842 accepted 5327
S09_EVALUATIONS 2602526 6810 accepted 4618
S09_EVALUATIONS 2602534 6770 accepted 4728
S09_EVALUATIONS 2602533 7457 accepted 4878
S09_EVALUATIONS 2602528 7440 accepted 4973
S09_EVALUATIONS 2602531 7248 accepted 4717
S09_BIN_LEVEL q0_p3 0 [24.22274356826356, 16.731007207213487] errors [0.3773113784449343, 0.2626435531050362] checks {'finite_statistics': True, 'requested_precision': True, 'independent_iteration_groups': True, 'iteration_consistency': True, 'channel_sum': True}
S09_BIN_DONE q0_p3 [24.22274356826356, 16.731007207213487] errors [0.3773113784449343, 0.2626435531050362]
S09_BIN_LEVEL q0_p0 0 [208.68121759262198, 148.80429109700123] errors [3.590300068210347, 2.883884531771213] checks {'finite_statistics': True, 'requested_precision': True, 'independent_iteration_groups': True, 'iteration_consistency': True, 'channel_sum': True}
S09_BIN_DONE q0_p0 [208.68121759262198, 148.80429109700123] errors [3.590300068210347, 2.883884531771213]
S09_EVALUATIONS 2602527 7610 accepted 5163
S09_EVALUATIONS 2602519 7617 accepted 5018
S09_EVALUATIONS 2602520 7422 accepted 5097
S09_EVALUATIONS 2602529 8091 accepted 5440
S09_EVALUATIONS 2602530 8133 accepted 4868
S09_EVALUATIONS 2602523 8069 accepted 5403
S09_EVALUATIONS 2602524 7482 accepted 4936
S09_EVALUATIONS 2602525 8048 accepted 5066
S09_EVALUATIONS 2602532 7108 accepted 4641
S09_EVALUATIONS 2602522 8148 accepted 5560
S09_EVALUATIONS 2602534 7066 accepted 4955
S09_EVALUATIONS 2602526 7111 accepted 4836
S09_EVALUATIONS 2602533 7755 accepted 5091
S09_EVALUATIONS 2602528 7732 accepted 5195
S09_EVALUATIONS 2602531 7536 accepted 4921
S09_BIN_LEVEL q2_p0 0 [99.14826869025646, 76.31014062603468] errors [1.5698868599991427, 1.2712066704642206] checks {'finite_statistics': True, 'requested_precision': True, 'independent_iteration_groups': True, 'iteration_consistency': True, 'channel_sum': True}
S09_BIN_DONE q2_p0 [99.14826869025646, 76.31014062603468] errors [1.5698868599991427, 1.2712066704642206]
S09_BIN_LEVEL q0_p4 0 [5.440443208988715, 3.7729326715990807] errors [0.18617077747261546, 0.1343962833479114] checks {'finite_statistics': True, 'requested_precision': True, 'independent_iteration_groups': True, 'iteration_consistency': True, 'channel_sum': True}
S09_BIN_DONE q0_p4 [5.440443208988715, 3.7729326715990807] errors [0.18617077747261546, 0.1343962833479114]
S09_BIN_LEVEL q1_p5 0 [0.5138496731041441, 0.37106580261284783] errors [0.01396704956976737, 0.010533472177725472] checks {'finite_statistics': True, 'requested_precision': True, 'independent_iteration_groups': True, 'iteration_consistency': True, 'channel_sum': True}
S09_BIN_DONE q1_p5 [0.5138496731041441, 0.37106580261284783] errors [0.01396704956976737, 0.010533472177725472]
S09_BIN_LEVEL q1_p1 0 [121.43229171083138, 89.7135655391921] errors [2.4320214263994764, 1.7391907339865795] checks {'finite_statistics': True, 'requested_precision': True, 'independent_iteration_groups': True, 'iteration_consistency': True, 'channel_sum': True}
S09_BIN_LEVEL q0_p5 0 [0.40754234301081477, 0.29054165041227303] errors [0.009120703635943446, 0.006622075916141825] checks {'finite_statistics': True, 'requested_precision': True, 'independent_iteration_groups': True, 'iteration_consistency': True, 'channel_sum': True}
S09_BIN_DONE q0_p5 [0.40754234301081477, 0.29054165041227303] errors [0.009120703635943446, 0.006622075916141825]
S09_BIN_DONE q1_p1 [121.43229171083138, 89.7135655391921] errors [2.4320214263994764, 1.7391907339865795]
S09_EVALUATIONS 2602527 7993 accepted 5432
S09_EVALUATIONS 2602519 8002 accepted 5287
S09_EVALUATIONS 2602520 7788 accepted 5368
S09_EVALUATIONS 2602524 7878 accepted 5198
S09_EVALUATIONS 2602532 7487 accepted 4897
S09_EVALUATIONS 2602534 7456 accepted 5225
S09_EVALUATIONS 2602533 8146 accepted 5349
S09_EVALUATIONS 2602526 7500 accepted 5104
S09_EVALUATIONS 2602528 8129 accepted 5465
S09_EVALUATIONS 2602531 7918 accepted 5173
S09_BIN_LEVEL q2_p3 0 [6.466228112472889, 4.87997703187541] errors [0.09278397667894824, 0.07012910423561171] checks {'finite_statistics': True, 'requested_precision': True, 'independent_iteration_groups': True, 'iteration_consistency': True, 'channel_sum': True}
S09_BIN_DONE q2_p3 [6.466228112472889, 4.87997703187541] errors [0.09278397667894824, 0.07012910423561171]
S09_BIN_LEVEL q1_p4 0 [6.133291859122442, 4.377606383959965] errors [0.09320943228258649, 0.06892603409174698] checks {'finite_statistics': True, 'requested_precision': True, 'independent_iteration_groups': True, 'iteration_consistency': True, 'channel_sum': True}
S09_BIN_DONE q1_p4 [6.133291859122442, 4.377606383959965] errors [0.09320943228258649, 0.06892603409174698]
S09_BIN_LEVEL q0_p1 0 [127.24334571408245, 92.6018884329494] errors [2.1669716623504542, 1.629091434297493] checks {'finite_statistics': True, 'requested_precision': True, 'independent_iteration_groups': True, 'iteration_consistency': True, 'channel_sum': True}
S09_BIN_DONE q0_p1 [127.24334571408245, 92.6018884329494] errors [2.1669716623504542, 1.629091434297493]
S09_BIN_LEVEL q1_p3 0 [26.074154710884134, 18.552094361832587] errors [0.43614857306183313, 0.34023680414728713] checks {'finite_statistics': True, 'requested_precision': True, 'independent_iteration_groups': True, 'iteration_consistency': True, 'channel_sum': True}
S09_BIN_DONE q1_p3 [26.074154710884134, 18.552094361832587] errors [0.43614857306183313, 0.34023680414728713]
S09_BIN_LEVEL q2_p1 0 [67.11583433666618, 52.230811680212405] errors [1.0044281116253833, 0.8483380256411146] checks {'finite_statistics': True, 'requested_precision': True, 'independent_iteration_groups': True, 'iteration_consistency': True, 'channel_sum': True}
S09_BIN_DONE q2_p1 [67.11583433666618, 52.230811680212405] errors [1.0044281116253833, 0.8483380256411146]
S09_BIN_LEVEL q1_p0 0 [192.20617835878062, 142.7240617781881] errors [7.827615583783178, 6.779553157562432] checks {'finite_statistics': True, 'requested_precision': True, 'independent_iteration_groups': True, 'iteration_consistency': True, 'channel_sum': True}
S09_BIN_DONE q1_p0 [192.20617835878062, 142.7240617781881] errors [7.827615583783178, 6.779553157562432]
S09_EVALUATIONS 2602520 8259 accepted 5718
S09_EVALUATIONS 2602532 7945 accepted 5223
S09_EVALUATIONS 2602534 7926 accepted 5575
S09_EVALUATIONS 2602526 8006 accepted 5446
S09_BIN_LEVEL q0_p2 0 [66.28717234875921, 47.853865326126304] errors [1.118545225913988, 0.8407495253743116] checks {'finite_statistics': True, 'requested_precision': True, 'independent_iteration_groups': True, 'iteration_consistency': True, 'channel_sum': True}
S09_BIN_DONE q0_p2 [66.28717234875921, 47.853865326126304] errors [1.118545225913988, 0.8407495253743116]
S09_BIN_LEVEL q1_p2 0 [63.78528415846003, 45.89992860940928] errors [1.1252046277353367, 0.8291900298370557] checks {'finite_statistics': True, 'requested_precision': True, 'independent_iteration_groups': True, 'iteration_consistency': True, 'channel_sum': True}
S09_BIN_DONE q1_p2 [63.78528415846003, 45.89992860940928] errors [1.1252046277353367, 0.8291900298370557]
S09_BIN_LEVEL q2_p4 0 [0.4956590661654469, 0.3650457993009174] errors [0.009620580431062625, 0.007392938222300705] checks {'finite_statistics': True, 'requested_precision': True, 'independent_iteration_groups': True, 'iteration_consistency': True, 'channel_sum': True}
S09_BIN_DONE q2_p4 [0.4956590661654469, 0.3650457993009174] errors [0.009620580431062625, 0.007392938222300705]
S09_BIN_LEVEL q2_p2 0 [31.035000470582315, 23.712338177932192] errors [0.421522744467844, 0.3263510456226008] checks {'finite_statistics': True, 'requested_precision': True, 'independent_iteration_groups': True, 'iteration_consistency': True, 'channel_sum': True}
S09_BIN_DONE q2_p2 [31.035000470582315, 23.712338177932192] errors [0.421522744467844, 0.3263510456226008]
