S05_MERGED Hqq_v4 30
S05_MERGED Hgg_v2 4
S05_MERGED Hqqbar_v2 4
S05_MERGED Hqqprime_v2 12
S05_MERGED Hgq_v4 30
S05_MERGED Hqg_v3 30
Compile the current hard coefficients and compare every scalar and paired export with Wolfram.
S07_TRANSLATE Hqq_v4_F1_Delta_0
S07_CHECKED Hqq_v4_F1_Delta_0 operations 348 passed True
S07_TRANSLATE Hqq_v4_F1_Delta_1
S07_CHECKED Hqq_v4_F1_Delta_1 operations 18611 passed True
S07_TRANSLATE Hqq_v4_F1_Delta_m1
S07_CHECKED Hqq_v4_F1_Delta_m1 operations 17856 passed True
S07_TRANSLATE Hqq_v4_F1_L0_0
S07_CHECKED Hqq_v4_F1_L0_0 operations 105 passed True
S07_TRANSLATE Hqq_v4_F1_L0_1
S07_CHECKED Hqq_v4_F1_L0_1 operations 407 passed True
S07_TRANSLATE Hqq_v4_F1_L0_m1
S07_CHECKED Hqq_v4_F1_L0_m1 operations 407 passed True
S07_TRANSLATE Hqq_v4_F1_L1_0
S07_CHECKED Hqq_v4_F1_L1_0 operations 64 passed True
S07_TRANSLATE Hqq_v4_F1_L1_1
S07_CHECKED Hqq_v4_F1_L1_1 operations 133 passed True
S07_TRANSLATE Hqq_v4_F1_L1_m1
S07_CHECKED Hqq_v4_F1_L1_m1 operations 135 passed True
S07_TRANSLATE Hqq_v4_F1_LODelta_0
S07_CHECKED Hqq_v4_F1_LODelta_0 operations 89 passed True
S07_TRANSLATE Hqq_v4_F1_LODelta_1
S07_CHECKED Hqq_v4_F1_LODelta_1 operations 89 passed True
S07_TRANSLATE Hqq_v4_F1_LODelta_m1
S07_CHECKED Hqq_v4_F1_LODelta_m1 operations 89 passed True
S07_TRANSLATE Hqq_v4_F1_Regular_0
S07_CHECKED Hqq_v4_F1_Regular_0 operations 20747 passed True
S07_TRANSLATE Hqq_v4_F1_Regular_1
S07_CHECKED Hqq_v4_F1_Regular_1 operations 18358 passed True
S07_TRANSLATE Hqq_v4_F1_Regular_m1
S07_CHECKED Hqq_v4_F1_Regular_m1 operations 18353 passed True
S07_TRANSLATE Hqq_v4_F2_Delta_0
S07_CHECKED Hqq_v4_F2_Delta_0 operations 383 passed True
S07_TRANSLATE Hqq_v4_F2_Delta_1
S07_CHECKED Hqq_v4_F2_Delta_1 operations 18335 passed True
S07_TRANSLATE Hqq_v4_F2_Delta_m1
S07_CHECKED Hqq_v4_F2_Delta_m1 operations 17745 passed True
S07_TRANSLATE Hqq_v4_F2_L0_0
S07_CHECKED Hqq_v4_F2_L0_0 operations 120 passed True
S07_TRANSLATE Hqq_v4_F2_L0_1
S07_CHECKED Hqq_v4_F2_L0_1 operations 411 passed True
S07_TRANSLATE Hqq_v4_F2_L0_m1
S07_CHECKED Hqq_v4_F2_L0_m1 operations 413 passed True
S07_TRANSLATE Hqq_v4_F2_L1_0
S07_CHECKED Hqq_v4_F2_L1_0 operations 78 passed True
S07_TRANSLATE Hqq_v4_F2_L1_1
S07_CHECKED Hqq_v4_F2_L1_1 operations 137 passed True
S07_TRANSLATE Hqq_v4_F2_L1_m1
S07_CHECKED Hqq_v4_F2_L1_m1 operations 139 passed True
S07_TRANSLATE Hqq_v4_F2_LODelta_0
S07_CHECKED Hqq_v4_F2_LODelta_0 operations 98 passed True
S07_TRANSLATE Hqq_v4_F2_LODelta_1
S07_CHECKED Hqq_v4_F2_LODelta_1 operations 98 passed True
S07_TRANSLATE Hqq_v4_F2_LODelta_m1
S07_CHECKED Hqq_v4_F2_LODelta_m1 operations 98 passed True
S07_TRANSLATE Hqq_v4_F2_Regular_0
S07_CHECKED Hqq_v4_F2_Regular_0 operations 21357 passed True
S07_TRANSLATE Hqq_v4_F2_Regular_1
S07_CHECKED Hqq_v4_F2_Regular_1 operations 18354 passed True
S07_TRANSLATE Hqq_v4_F2_Regular_m1
S07_CHECKED Hqq_v4_F2_Regular_m1 operations 18354 passed True
S07_TRANSLATE Hgg_v2_F1_Regular_1
S07_CHECKED Hgg_v2_F1_Regular_1 operations 14720 passed True
S07_TRANSLATE Hgg_v2_F1_Regular_m1
S07_CHECKED Hgg_v2_F1_Regular_m1 operations 14720 passed True
S07_TRANSLATE Hgg_v2_F2_Regular_1
S07_CHECKED Hgg_v2_F2_Regular_1 operations 14909 passed True
S07_TRANSLATE Hgg_v2_F2_Regular_m1
S07_CHECKED Hgg_v2_F2_Regular_m1 operations 14909 passed True
S07_TRANSLATE Hqqbar_v2_F1_Regular_1
S07_CHECKED Hqqbar_v2_F1_Regular_1 operations 11652 passed True
S07_TRANSLATE Hqqbar_v2_F1_Regular_m1
S07_CHECKED Hqqbar_v2_F1_Regular_m1 operations 11652 passed True
S07_TRANSLATE Hqqbar_v2_F2_Regular_1
S07_CHECKED Hqqbar_v2_F2_Regular_1 operations 11857 passed True
S07_TRANSLATE Hqqbar_v2_F2_Regular_m1
S07_CHECKED Hqqbar_v2_F2_Regular_m1 operations 11857 passed True
S07_TRANSLATE Hqqprime_v2_F1_IncomingChargeSquared_Regular_1
S07_CHECKED Hqqprime_v2_F1_IncomingChargeSquared_Regular_1 operations 2656 passed True
S07_TRANSLATE Hqqprime_v2_F1_IncomingChargeSquared_Regular_m1
S07_CHECKED Hqqprime_v2_F1_IncomingChargeSquared_Regular_m1 operations 2656 passed True
S07_TRANSLATE Hqqprime_v2_F1_MixedIncomingPrimeCharge_Regular_1
S07_CHECKED Hqqprime_v2_F1_MixedIncomingPrimeCharge_Regular_1 operations 2524 passed True
S07_TRANSLATE Hqqprime_v2_F1_MixedIncomingPrimeCharge_Regular_m1
S07_CHECKED Hqqprime_v2_F1_MixedIncomingPrimeCharge_Regular_m1 operations 2524 passed True
S07_TRANSLATE Hqqprime_v2_F1_PrimeChargeSquared_Regular_1
S07_CHECKED Hqqprime_v2_F1_PrimeChargeSquared_Regular_1 operations 3272 passed True
S07_TRANSLATE Hqqprime_v2_F1_PrimeChargeSquared_Regular_m1
S07_CHECKED Hqqprime_v2_F1_PrimeChargeSquared_Regular_m1 operations 3272 passed True
S07_TRANSLATE Hqqprime_v2_F2_IncomingChargeSquared_Regular_1
S07_CHECKED Hqqprime_v2_F2_IncomingChargeSquared_Regular_1 operations 2857 passed True
S07_TRANSLATE Hqqprime_v2_F2_IncomingChargeSquared_Regular_m1
S07_CHECKED Hqqprime_v2_F2_IncomingChargeSquared_Regular_m1 operations 2857 passed True
S07_TRANSLATE Hqqprime_v2_F2_MixedIncomingPrimeCharge_Regular_1
S07_CHECKED Hqqprime_v2_F2_MixedIncomingPrimeCharge_Regular_1 operations 2564 passed True
S07_TRANSLATE Hqqprime_v2_F2_MixedIncomingPrimeCharge_Regular_m1
S07_CHECKED Hqqprime_v2_F2_MixedIncomingPrimeCharge_Regular_m1 operations 2564 passed True
S07_TRANSLATE Hqqprime_v2_F2_PrimeChargeSquared_Regular_1
S07_CHECKED Hqqprime_v2_F2_PrimeChargeSquared_Regular_1 operations 3546 passed True
S07_TRANSLATE Hqqprime_v2_F2_PrimeChargeSquared_Regular_m1
S07_CHECKED Hqqprime_v2_F2_PrimeChargeSquared_Regular_m1 operations 3546 passed True
S07_TRANSLATE Hgq_v4_F1_Delta_0
S07_CHECKED Hgq_v4_F1_Delta_0 operations 334 passed True
S07_TRANSLATE Hgq_v4_F1_Delta_1
S07_CHECKED Hgq_v4_F1_Delta_1 operations 17958 passed True
S07_TRANSLATE Hgq_v4_F1_Delta_m1
S07_CHECKED Hgq_v4_F1_Delta_m1 operations 18164 passed True
S07_TRANSLATE Hgq_v4_F1_L0_0
S07_CHECKED Hgq_v4_F1_L0_0 operations 98 passed True
S07_TRANSLATE Hgq_v4_F1_L0_1
S07_CHECKED Hgq_v4_F1_L0_1 operations 433 passed True
S07_TRANSLATE Hgq_v4_F1_L0_m1
S07_CHECKED Hgq_v4_F1_L0_m1 operations 435 passed True
S07_TRANSLATE Hgq_v4_F1_L1_0
S07_CHECKED Hgq_v4_F1_L1_0 operations 62 passed True
S07_TRANSLATE Hgq_v4_F1_L1_1
S07_CHECKED Hgq_v4_F1_L1_1 operations 142 passed True
S07_TRANSLATE Hgq_v4_F1_L1_m1
S07_CHECKED Hgq_v4_F1_L1_m1 operations 140 passed True
S07_TRANSLATE Hgq_v4_F1_LODelta_0
S07_CHECKED Hgq_v4_F1_LODelta_0 operations 74 passed True
S07_TRANSLATE Hgq_v4_F1_LODelta_1
S07_CHECKED Hgq_v4_F1_LODelta_1 operations 74 passed True
S07_TRANSLATE Hgq_v4_F1_LODelta_m1
S07_CHECKED Hgq_v4_F1_LODelta_m1 operations 74 passed True
S07_TRANSLATE Hgq_v4_F1_Regular_0
S07_CHECKED Hgq_v4_F1_Regular_0 operations 24787 passed True
S07_TRANSLATE Hgq_v4_F1_Regular_1
S07_CHECKED Hgq_v4_F1_Regular_1 operations 39157 passed True
S07_TRANSLATE Hgq_v4_F1_Regular_m1
S07_CHECKED Hgq_v4_F1_Regular_m1 operations 39161 passed True
S07_TRANSLATE Hgq_v4_F2_Delta_0
S07_CHECKED Hgq_v4_F2_Delta_0 operations 327 passed True
S07_TRANSLATE Hgq_v4_F2_Delta_1
S07_CHECKED Hgq_v4_F2_Delta_1 operations 17829 passed True
S07_TRANSLATE Hgq_v4_F2_Delta_m1
S07_CHECKED Hgq_v4_F2_Delta_m1 operations 18035 passed True
S07_TRANSLATE Hgq_v4_F2_L0_0
S07_CHECKED Hgq_v4_F2_L0_0 operations 103 passed True
S07_TRANSLATE Hgq_v4_F2_L0_1
S07_CHECKED Hgq_v4_F2_L0_1 operations 434 passed True
S07_TRANSLATE Hgq_v4_F2_L0_m1
S07_CHECKED Hgq_v4_F2_L0_m1 operations 432 passed True
S07_TRANSLATE Hgq_v4_F2_L1_0
S07_CHECKED Hgq_v4_F2_L1_0 operations 68 passed True
S07_TRANSLATE Hgq_v4_F2_L1_1
S07_CHECKED Hgq_v4_F2_L1_1 operations 143 passed True
S07_TRANSLATE Hgq_v4_F2_L1_m1
S07_CHECKED Hgq_v4_F2_L1_m1 operations 141 passed True
S07_TRANSLATE Hgq_v4_F2_LODelta_0
S07_CHECKED Hgq_v4_F2_LODelta_0 operations 100 passed True
S07_TRANSLATE Hgq_v4_F2_LODelta_1
S07_CHECKED Hgq_v4_F2_LODelta_1 operations 100 passed True
S07_TRANSLATE Hgq_v4_F2_LODelta_m1
S07_CHECKED Hgq_v4_F2_LODelta_m1 operations 100 passed True
S07_TRANSLATE Hgq_v4_F2_Regular_0
S07_CHECKED Hgq_v4_F2_Regular_0 operations 25057 passed True
S07_TRANSLATE Hgq_v4_F2_Regular_1
S07_CHECKED Hgq_v4_F2_Regular_1 operations 38792 passed True
S07_TRANSLATE Hgq_v4_F2_Regular_m1
S07_CHECKED Hgq_v4_F2_Regular_m1 operations 38820 passed True
S07_TRANSLATE Hqg_v3_F1_Delta_0
S07_CHECKED Hqg_v3_F1_Delta_0 operations 523 passed True
S07_TRANSLATE Hqg_v3_F1_Delta_1
S07_CHECKED Hqg_v3_F1_Delta_1 operations 9532 passed True
S07_TRANSLATE Hqg_v3_F1_Delta_m1
S07_CHECKED Hqg_v3_F1_Delta_m1 operations 9844 passed True
S07_TRANSLATE Hqg_v3_F1_L0_0
S07_CHECKED Hqg_v3_F1_L0_0 operations 118 passed True
S07_TRANSLATE Hqg_v3_F1_L0_1
S07_CHECKED Hqg_v3_F1_L0_1 operations 855 passed True
S07_TRANSLATE Hqg_v3_F1_L0_m1
S07_CHECKED Hqg_v3_F1_L0_m1 operations 944 passed True
S07_TRANSLATE Hqg_v3_F1_L1_0
S07_CHECKED Hqg_v3_F1_L1_0 operations 95 passed True
S07_TRANSLATE Hqg_v3_F1_L1_1
S07_CHECKED Hqg_v3_F1_L1_1 operations 92 passed True
S07_TRANSLATE Hqg_v3_F1_L1_m1
S07_CHECKED Hqg_v3_F1_L1_m1 operations 92 passed True
S07_TRANSLATE Hqg_v3_F1_LODelta_0
S07_CHECKED Hqg_v3_F1_LODelta_0 operations 89 passed True
S07_TRANSLATE Hqg_v3_F1_LODelta_1
S07_CHECKED Hqg_v3_F1_LODelta_1 operations 89 passed True
S07_TRANSLATE Hqg_v3_F1_LODelta_m1
S07_CHECKED Hqg_v3_F1_LODelta_m1 operations 89 passed True
S07_TRANSLATE Hqg_v3_F1_Regular_0
S07_CHECKED Hqg_v3_F1_Regular_0 operations 7820 passed True
S07_TRANSLATE Hqg_v3_F1_Regular_1
S07_CHECKED Hqg_v3_F1_Regular_1 operations 28908 passed True
S07_TRANSLATE Hqg_v3_F1_Regular_m1
S07_CHECKED Hqg_v3_F1_Regular_m1 operations 28871 passed True
S07_TRANSLATE Hqg_v3_F2_Delta_0
S07_CHECKED Hqg_v3_F2_Delta_0 operations 370 passed True
S07_TRANSLATE Hqg_v3_F2_Delta_1
S07_CHECKED Hqg_v3_F2_Delta_1 operations 9738 passed True
S07_TRANSLATE Hqg_v3_F2_Delta_m1
S07_CHECKED Hqg_v3_F2_Delta_m1 operations 10038 passed True
S07_TRANSLATE Hqg_v3_F2_L0_0
S07_CHECKED Hqg_v3_F2_L0_0 operations 115 passed True
S07_TRANSLATE Hqg_v3_F2_L0_1
S07_CHECKED Hqg_v3_F2_L0_1 operations 883 passed True
S07_TRANSLATE Hqg_v3_F2_L0_m1
S07_CHECKED Hqg_v3_F2_L0_m1 operations 969 passed True
S07_TRANSLATE Hqg_v3_F2_L1_0
S07_CHECKED Hqg_v3_F2_L1_0 operations 77 passed True
S07_TRANSLATE Hqg_v3_F2_L1_1
S07_CHECKED Hqg_v3_F2_L1_1 operations 102 passed True
S07_TRANSLATE Hqg_v3_F2_L1_m1
S07_CHECKED Hqg_v3_F2_L1_m1 operations 102 passed True
S07_TRANSLATE Hqg_v3_F2_LODelta_0
S07_CHECKED Hqg_v3_F2_LODelta_0 operations 100 passed True
S07_TRANSLATE Hqg_v3_F2_LODelta_1
S07_CHECKED Hqg_v3_F2_LODelta_1 operations 100 passed True
S07_TRANSLATE Hqg_v3_F2_LODelta_m1
S07_CHECKED Hqg_v3_F2_LODelta_m1 operations 100 passed True
S07_TRANSLATE Hqg_v3_F2_Regular_0
S07_CHECKED Hqg_v3_F2_Regular_0 operations 20990 passed True
S07_TRANSLATE Hqg_v3_F2_Regular_1
S07_CHECKED Hqg_v3_F2_Regular_1 operations 28966 passed True
S07_TRANSLATE Hqg_v3_F2_Regular_m1
S07_CHECKED Hqg_v3_F2_Regular_m1 operations 28932 passed True
S07_PAIRED Hqq_v4_Delta_0 operations 585
S07_PAIRED Hqq_v4_Delta_1 operations 30716
S07_PAIRED Hqq_v4_Delta_m1 operations 29979
S07_PAIRED Hqq_v4_L0_0 operations 160
S07_PAIRED Hqq_v4_L0_1 operations 494
S07_PAIRED Hqq_v4_L0_m1 operations 496
S07_PAIRED Hqq_v4_L1_0 operations 89
S07_PAIRED Hqq_v4_L1_1 operations 153
S07_PAIRED Hqq_v4_L1_m1 operations 155
S07_PAIRED Hqq_v4_LODelta_0 operations 110
S07_PAIRED Hqq_v4_LODelta_1 operations 110
S07_PAIRED Hqq_v4_LODelta_m1 operations 110
S07_PAIRED Hqq_v4_Regular_0 operations 38459
S07_PAIRED Hqq_v4_Regular_1 operations 25397
S07_PAIRED Hqq_v4_Regular_m1 operations 21930
S07_PAIRED Hgg_v2_Regular_1 operations 27154
S07_PAIRED Hgg_v2_Regular_m1 operations 27154
S07_PAIRED Hqqbar_v2_Regular_1 operations 20221
S07_PAIRED Hqqbar_v2_Regular_m1 operations 20221
S07_PAIRED Hqqprime_v2_IncomingChargeSquared_Regular_1 operations 4506
S07_PAIRED Hqqprime_v2_IncomingChargeSquared_Regular_m1 operations 4506
S07_PAIRED Hqqprime_v2_MixedIncomingPrimeCharge_Regular_1 operations 4158
S07_PAIRED Hqqprime_v2_MixedIncomingPrimeCharge_Regular_m1 operations 4158
S07_PAIRED Hqqprime_v2_PrimeChargeSquared_Regular_1 operations 5921
S07_PAIRED Hqqprime_v2_PrimeChargeSquared_Regular_m1 operations 5921
S07_PAIRED Hgq_v4_Delta_0 operations 526
S07_PAIRED Hgq_v4_Delta_1 operations 27450
S07_PAIRED Hgq_v4_Delta_m1 operations 27652
S07_PAIRED Hgq_v4_L0_0 operations 142
S07_PAIRED Hgq_v4_L0_1 operations 541
S07_PAIRED Hgq_v4_L0_m1 operations 545
S07_PAIRED Hgq_v4_L1_0 operations 79
S07_PAIRED Hgq_v4_L1_1 operations 175
S07_PAIRED Hgq_v4_L1_m1 operations 173
S07_PAIRED Hgq_v4_LODelta_0 operations 121
S07_PAIRED Hgq_v4_LODelta_1 operations 121
S07_PAIRED Hgq_v4_LODelta_m1 operations 121
S07_PAIRED Hgq_v4_Regular_0 operations 37682
S07_PAIRED Hgq_v4_Regular_1 operations 44044
S07_PAIRED Hgq_v4_Regular_m1 operations 67828
S07_PAIRED Hqg_v3_Delta_0 operations 796
S07_PAIRED Hqg_v3_Delta_1 operations 15796
S07_PAIRED Hqg_v3_Delta_m1 operations 16305
S07_PAIRED Hqg_v3_L0_0 operations 162
S07_PAIRED Hqg_v3_L0_1 operations 1255
S07_PAIRED Hqg_v3_L0_m1 operations 1365
S07_PAIRED Hqg_v3_L1_0 operations 120
S07_PAIRED Hqg_v3_L1_1 operations 116
S07_PAIRED Hqg_v3_L1_m1 operations 116
S07_PAIRED Hqg_v3_LODelta_0 operations 113
S07_PAIRED Hqg_v3_LODelta_1 operations 113
S07_PAIRED Hqg_v3_LODelta_m1 operations 113
S07_PAIRED Hqg_v3_Regular_0 operations 28373
S07_PAIRED Hqg_v3_Regular_1 operations 38917
S07_PAIRED Hqg_v3_Regular_m1 operations 38879
S07_SUCCESS all 876
Check the current coefficients at H1 phase-space points using independent 100- and 140-digit arithmetic.
Traceback (most recent call last):
  File "/home/physics/projects/AI_Assisted_SIDIS/scripts/numerics/s10_validate_precision.py", line 292, in <module>
    try:main()
        ~~~~^^
  File "/home/physics/projects/AI_Assisted_SIDIS/scripts/numerics/s10_validate_precision.py", line 241, in main
    sample_data=json.loads(sample_path.read_text())
                           ~~~~~~~~~~~~~~~~~~~~~^^
  File "/home/physics/miniforge3/lib/python3.13/pathlib/_local.py", line 546, in read_text
    return PathBase.read_text(self, encoding, errors, newline)
           ~~~~~~~~~~~~~~~~~~^^^^^^^^^^^^^^^^^^^^^^^^^^^^^^^^^
  File "/home/physics/miniforge3/lib/python3.13/pathlib/_abc.py", line 632, in read_text
    with self.open(mode='r', encoding=encoding, errors=errors, newline=newline) as f:
         ~~~~~~~~~^^^^^^^^^^^^^^^^^^^^^^^^^^^^^^^^^^^^^^^^^^^^^^^^^^^^^^^^^^^^^
  File "/home/physics/miniforge3/lib/python3.13/pathlib/_local.py", line 537, in open
    return io.open(self, mode, buffering, encoding, errors, newline)
           ~~~~~~~^^^^^^^^^^^^^^^^^^^^^^^^^^^^^^^^^^^^^^^^^^^^^^^^^^
FileNotFoundError: [Errno 2] No such file or directory: '/home/physics/projects/AI_Assisted_SIDIS/scripts/numerics/previous_six_input_replacement/s10_cache/s10_pilot_scan'
Traceback (most recent call last):
  File "<string>", line 49, in <module>
    run(['python',str(root/'s10_validate_precision.py'),'--sample-source','previous_six_input_replacement/s10_cache/s10_pilot_scan'],'Check the current coefficients at H1 phase-space points using independent 100- and 140-digit arithmetic.')
    ~~~^^^^^^^^^^^^^^^^^^^^^^^^^^^^^^^^^^^^^^^^^^^^^^^^^^^^^^^^^^^^^^^^^^^^^^^^^^^^^^^^^^^^^^^^^^^^^^^^^^^^^^^^^^^^^^^^^^^^^^^^^^^^^^^^^^^^^^^^^^^^^^^^^^^^^^^^^^^^^^^^^^^^^^^^^^^^^^^^^^^^^^^^^^^^^^^^^^^^^^^^^^^^^^^^^^^^^^^^^^^^^^^^^^^^^^^^^
  File "<string>", line 45, in run
    subprocess.run(args,check=True)
    ~~~~~~~~~~~~~~^^^^^^^^^^^^^^^^^
  File "/home/physics/miniforge3/lib/python3.13/subprocess.py", line 577, in run
    raise CalledProcessError(retcode, process.args,
                             output=stdout, stderr=stderr)
subprocess.CalledProcessError: Command '['python', '/home/physics/projects/AI_Assisted_SIDIS/scripts/numerics/s10_validate_precision.py', '--sample-source', 'previous_six_input_replacement/s10_cache/s10_pilot_scan']' returned non-zero exit status 1.
