"S05_PARALLEL_KERNELS "2
"kernel 2 (Local):"
"\"S05_START \"\"export\"\n"
"kernel 1 (Local):"
"\"S05_START \"\"export\"\n"
"kernel 1 (Local):"
"\"S05_PREPARE \"\"Hgq_v4_F1_LODelta_0\"\" leaves=\"56\n"
"kernel 1 (Local):"
"\"S05_REGULAR_EXACT \"\"F1_LODelta\"\" leaves=\"56\n"
"From kernel 1 (Local):"
"                                                                                                                                                                              527                                                                                                     31\n                                                                                                                                                                      63 Sqrt[---]                                                                                            23 Sqrt[---]\n                                                                                                           527        -31 (170 + Sqrt[5270])                  1147            10           1742439              170               37           42439         23         23            170         1        2          1                                      10                    527    31 (170 + Sqrt[5270])\nN::meprec: Internal precision limit $MaxExtraPrecision = 50. reached while evaluating {Q2 -> 17, s -> Sqrt[---], t -> ----------------------, ss -> 0, B -> -(----) + ------------, mu2 -> -------, xh -> ----------------, zH -> ---, PHT2 -> ------, xB -> ---, xi -> --- + ------------, as -> -, cq -> -, co -> -(-), ns -> 2, no -> 2, nf -> 4, csum -> --, omega -> Abs[Sqrt[---] - ---------------------]}.\n                                                                                                           10          10 (31 + Sqrt[5270])                   1000        100              200000         170 + Sqrt[5270]        100          100000        100        100       100             5        3          3                                      9                     10     10 (31 + Sqrt[5270])"
"From kernel 1 (Local):"
"                                                                                                                                                                              527                                                                                                     31\n                                                                                                                                                                      63 Sqrt[---]                                                                                            23 Sqrt[---]\n                                                                                                           527        -31 (170 + Sqrt[5270])                  1147            10           1742439              170               37           42439         23         23            170         1        2          1                                      10                    527    31 (170 + Sqrt[5270])\nN::meprec: Internal precision limit $MaxExtraPrecision = 50. reached while evaluating {Q2 -> 17, s -> Sqrt[---], t -> ----------------------, ss -> 0, B -> -(----) + ------------, mu2 -> -------, xh -> ----------------, zH -> ---, PHT2 -> ------, xB -> ---, xi -> --- + ------------, as -> -, cq -> -, co -> -(-), ns -> 2, no -> 2, nf -> 4, csum -> --, omega -> Abs[Sqrt[---] - ---------------------]}.\n                                                                                                           10          10 (31 + Sqrt[5270])                   1000        100              200000         170 + Sqrt[5270]        100          100000        100        100       100             5        3          3                                      9                     10     10 (31 + Sqrt[5270])"
"kernel 2 (Local):"
"\"S05_PREPARE \"\"Hgq_v4_F2_LODelta_0\"\" leaves=\"100\n"
"From kernel 1 (Local):"
"                                                                                                                                                                              527                                                                                                     31\n                                                                                                                                                                      63 Sqrt[---]                                                                                            23 Sqrt[---]\n                                                                                                           527        -31 (170 + Sqrt[5270])                  1147            10           1742439              170               37           42439         23         23            170         1        2          1                                      10                    527    31 (170 + Sqrt[5270])\nN::meprec: Internal precision limit $MaxExtraPrecision = 50. reached while evaluating {Q2 -> 17, s -> Sqrt[---], t -> ----------------------, ss -> 0, B -> -(----) + ------------, mu2 -> -------, xh -> ----------------, zH -> ---, PHT2 -> ------, xB -> ---, xi -> --- + ------------, as -> -, cq -> -, co -> -(-), ns -> 2, no -> 2, nf -> 4, csum -> --, omega -> Abs[Sqrt[---] - ---------------------]}.\n                                                                                                           10          10 (31 + Sqrt[5270])                   1000        100              200000         170 + Sqrt[5270]        100          100000        100        100       100             5        3          3                                      9                     10     10 (31 + Sqrt[5270])"
"kernel 2 (Local):"
"\"S05_REGULAR_EXACT \"\"F2_LODelta\"\" leaves=\"100\n"
"From kernel 1 (Local):"
"General::stop: Further output of N::meprec will be suppressed during this calculation."
"From kernel 2 (Local):"
"                                                                                                                                                                              527                                                                                                     31\n                                                                                                                                                                      63 Sqrt[---]                                                                                            23 Sqrt[---]\n                                                                                                           527        -31 (170 + Sqrt[5270])                  1147            10           1742439              170               37           42439         23         23            170         1        2          1                                      10                    527    31 (170 + Sqrt[5270])\nN::meprec: Internal precision limit $MaxExtraPrecision = 50. reached while evaluating {Q2 -> 17, s -> Sqrt[---], t -> ----------------------, ss -> 0, B -> -(----) + ------------, mu2 -> -------, xh -> ----------------, zH -> ---, PHT2 -> ------, xB -> ---, xi -> --- + ------------, as -> -, cq -> -, co -> -(-), ns -> 2, no -> 2, nf -> 4, csum -> --, omega -> Abs[Sqrt[---] - ---------------------]}.\n                                                                                                           10          10 (31 + Sqrt[5270])                   1000        100              200000         170 + Sqrt[5270]        100          100000        100        100       100             5        3          3                                      9                     10     10 (31 + Sqrt[5270])"
"kernel 1 (Local):"
"\"S05_OPTIMIZE \"\"Hgq_v4_F1_LODelta_0\"\" leaves=\"56\n"
"From kernel 2 (Local):"
"                                                                                                                                                                              527                                                                                                     31\n                                                                                                                                                                      63 Sqrt[---]                                                                                            23 Sqrt[---]\n                                                                                                           527        -31 (170 + Sqrt[5270])                  1147            10           1742439              170               37           42439         23         23            170         1        2          1                                      10                    527    31 (170 + Sqrt[5270])\nN::meprec: Internal precision limit $MaxExtraPrecision = 50. reached while evaluating {Q2 -> 17, s -> Sqrt[---], t -> ----------------------, ss -> 0, B -> -(----) + ------------, mu2 -> -------, xh -> ----------------, zH -> ---, PHT2 -> ------, xB -> ---, xi -> --- + ------------, as -> -, cq -> -, co -> -(-), ns -> 2, no -> 2, nf -> 4, csum -> --, omega -> Abs[Sqrt[---] - ---------------------]}.\n                                                                                                           10          10 (31 + Sqrt[5270])                   1000        100              200000         170 + Sqrt[5270]        100          100000        100        100       100             5        3          3                                      9                     10     10 (31 + Sqrt[5270])"
"kernel 1 (Local):"
"\"S05_EXPORTED \"\"Hgq_v4_F1_LODelta_0\"\" optimized=\"64\n"

General::stop: Further output of N::meprec will be suppressed during this calculation.
"kernel 1 (Local):"
"\"S05_PREPARE \"\"Hgq_v4_F1_Delta_0\"\" leaves=\"1069\n"
"From kernel 2 (Local):"
"General::stop: Further output of N::meprec will be suppressed during this calculation."
"kernel 1 (Local):"
"\"S05_REGULAR_EXACT \"\"F1_Delta\"\" leaves=\"773\n"
"kernel 2 (Local):"
"\"S05_OPTIMIZE \"\"Hgq_v4_F2_LODelta_0\"\" leaves=\"100\n"
"kernel 1 (Local):"
"\"S05_OPTIMIZE \"\"Hgq_v4_F1_Delta_0\"\" leaves=\"773\n"
"kernel 2 (Local):"
"\"S05_EXPORTED \"\"Hgq_v4_F2_LODelta_0\"\" optimized=\"108\n"
"kernel 1 (Local):"
"\"S05_EXPORTED \"\"Hgq_v4_F1_Delta_0\"\" optimized=\"508\n"
"kernel 2 (Local):"
"\"S05_PREPARE \"\"Hgq_v4_F2_Delta_0\"\" leaves=\"1070\n"
"kernel 1 (Local):"
"\"S05_PREPARE \"\"Hgq_v4_F1_L0_0\"\" leaves=\"203\n"
"kernel 2 (Local):"
"\"S05_REGULAR_EXACT \"\"F2_Delta\"\" leaves=\"770\n"
"kernel 1 (Local):"
"\"S05_REGULAR_EXACT \"\"F1_L0\"\" leaves=\"176\n"
"kernel 2 (Local):"
"\"S05_OPTIMIZE \"\"Hgq_v4_F2_Delta_0\"\" leaves=\"770\n"
"kernel 1 (Local):"
"\"S05_OPTIMIZE \"\"Hgq_v4_F1_L0_0\"\" leaves=\"176\n"
"kernel 2 (Local):"
"\"S05_EXPORTED \"\"Hgq_v4_F2_Delta_0\"\" optimized=\"487\n"
"kernel 1 (Local):"
"\"S05_EXPORTED \"\"Hgq_v4_F1_L0_0\"\" optimized=\"136\n"
"kernel 2 (Local):"
"\"S05_PREPARE \"\"Hgq_v4_F2_L0_0\"\" leaves=\"213\n"
"kernel 1 (Local):"
"\"S05_PREPARE \"\"Hgq_v4_F1_L1_0\"\" leaves=\"43\n"
"kernel 2 (Local):"
"\"S05_REGULAR_EXACT \"\"F2_L0\"\" leaves=\"187\n"
"kernel 1 (Local):"
"\"S05_REGULAR_EXACT \"\"F1_L1\"\" leaves=\"33\n"
"kernel 2 (Local):"
"\"S05_OPTIMIZE \"\"Hgq_v4_F2_L0_0\"\" leaves=\"187\n"
"kernel 1 (Local):"
"\"S05_OPTIMIZE \"\"Hgq_v4_F1_L1_0\"\" leaves=\"33\n"
"kernel 2 (Local):"
"\"S05_EXPORTED \"\"Hgq_v4_F2_L0_0\"\" optimized=\"135\n"
"kernel 1 (Local):"
"\"S05_EXPORTED \"\"Hgq_v4_F1_L1_0\"\" optimized=\"34\n"
"kernel 2 (Local):"
"\"S05_PREPARE \"\"Hgq_v4_F2_L1_0\"\" leaves=\"46\n"
"kernel 1 (Local):"
"\"S05_PREPARE \"\"Hgq_v4_F1_Regular_0\"\" leaves=\"224445\n"
"kernel 2 (Local):"
"\"S05_REGULAR_EXACT \"\"F2_L1\"\" leaves=\"36\n"
"kernel 2 (Local):"
"\"S05_OPTIMIZE \"\"Hgq_v4_F2_L1_0\"\" leaves=\"36\n"
"kernel 2 (Local):"
"\"S05_EXPORTED \"\"Hgq_v4_F2_L1_0\"\" optimized=\"37\n"
"kernel 2 (Local):"
"\"S05_PREPARE \"\"Hgq_v4_F2_Regular_0\"\" leaves=\"227414\n"
"kernel 1 (Local):"
"\"S05_REGULAR_EXACT \"\"F1_Regular\"\" leaves=\"153106\n"
"kernel 2 (Local):"
"\"S05_REGULAR_EXACT \"\"F2_Regular\"\" leaves=\"155865\n"
"kernel 1 (Local):"
"\"S05_OPTIMIZE \"\"Hgq_v4_F1_Regular_0\"\" leaves=\"153106\n"
"kernel 2 (Local):"
"\"S05_OPTIMIZE \"\"Hgq_v4_F2_Regular_0\"\" leaves=\"155865\n"
"kernel 1 (Local):"
"\"S05_EXPORTED \"\"Hgq_v4_F1_Regular_0\"\" optimized=\"49429\n"
"kernel 1 (Local):"
"\"S05_CHANNEL_DONE \"\"Hgq_v4\"\n"
"kernel 2 (Local):"
"\"S05_EXPORTED \"\"Hgq_v4_F2_Regular_0\"\" optimized=\"49938\n"
"kernel 2 (Local):"
"\"S05_CHANNEL_DONE \"\"Hgq_v4\"\n"
"S05_PARALLEL_RESULTS "InputForm[{{{"F1", 0, "Hgq_v4_F1_0"}, 0}, {{"F2", 0, "Hgq_v4_F2_0"}, 0}}]
"S05_PARALLEL_SUCCESS"
