"PASS: ""authorized local finite assembly"
"PASS: ""complete source syntax"
"PASS: ""known assembly channel"
"PASS: ""pinned original final assembly"
"PASS: ""required input common/s02_result/s02_result.wl"
"PASS: ""required input common/s06_result/s06_result.wl"
"PASS: ""accepted spin basis and scalar library"
"PASS: ""s02 pinned library geometry"
"PASS: ""s08 pinned library geometry"
"PASS: ""required input misc/s11_result/s11_result.wl"
"PASS: ""actual accepted local integrated input"
"PASS: ""required input Hgg/s05_result/s05_result.wl"
"PASS: ""own native-subtraction assembly"
"PASS: ""required input Hgg/s11_native_result/s11_result.wl"
"PASS: ""bound accepted native subtraction"
"PASS: ""accepted integrated real tensor"
"PASS: ""accepted real tensor and subtraction"
"PASS: ""same physical spin and photon bases"
"PASS: ""matching explicit regulator scheme"
"PASS: ""pinned Hgg/s14_result/reference/phase_input.json"
"PASS: ""pinned Hgg/s11_result/reference/github_s09_result_s09_result.wl"
"PASS: ""pinned Hgg/s14_result/reference/unpolarized_F1_hat.wl"
"PASS: ""pinned Hgg/s14_result/reference/unpolarized_F2_hat.wl"
"PASS: ""reference hat symbols match inherited conventions"
"PASS: ""original projectors fully resolved"
"PASS: ""linear original scalar projectors"
"PASS: ""released spin tensor preserves exact frame"
"S14_INPUT_RELEASE "InputForm[<|"TensorBytes" -> 8515568, "MemoryBefore" -> 1005215680, "MemoryAfter" -> 997919088|>]
"PASS: ""incoming vector reconstructed in photon frame"
"PASS: ""original hat weights are independent of recoil and branch"
"PASS: ""small counterterm normalization"
"PASS: ""required input Hgg/s01_result/reference/s01_result/s01_inputs/s01_result/real.wl"
"PASS: ""generated fields match momenta"
"PASS: ""one tagged momentum"
"PASS: ""one small-channel sector"
"PASS: ""spectator weight matches contracted tensor"
"PASS: ""original small-channel phase normalization"
"PASS: ""real and subtraction coupling degrees match"
"PASS: ""no mixed color symbol contexts"
"PASS: ""unique integrated physical components"
"PASS: ""accepted reference phase implementation"
"PASS: ""unique original finite export"
"PASS: ""original finite assembly tail syntax"
"PASS: ""unique finite native export"
"PASS: ""unchanged finite assembly with compact storage"
"PASS: ""complete compact finite assembly syntax"
"PASS: ""unique native Hgg finite export"
"PASS: ""all original final Hgg gates retained"
"POLE_ASSEMBLY "{{1, 1, 1}, 1, "Delta"}
"PASS: ""finite symbolic input parts"
"PASS: ""evaluated Laurent polynomial"
"PASS: ""finite evaluated tensor"
"POLE_ASSEMBLY "{{1, 1, 1}, 1, "L0"}
"POLE_ASSEMBLY "{{1, 1, 1}, 1, "L1"}
"PASS: ""integer finite Laurent support"
"PASS: ""complete Laurent polynomial"
"PASS: ""regulator-independent Laurent coefficients"
"PASS: ""exact Laurent polynomial reconstruction"
"PASS: ""phase kernel has no truncated input series"
"PASS: ""reference phase product evaluated"
"PASS: ""own phase Laurent monomial equals original series {-1, 0}"
"PASS: ""own phase Laurent monomial equals original series {0, 0}"
"POLE_ASSEMBLY "{{1, 1, 1}, 1, "Regular"}
"PASS: ""{{1, 1, 1}, 1, \"Regular\"} pole -1"
"POLE_ASSEMBLY "{{1, 1, 1}, -1, "Delta"}
"POLE_ASSEMBLY "{{1, 1, 1}, -1, "L0"}
"POLE_ASSEMBLY "{{1, 1, 1}, -1, "L1"}
"POLE_ASSEMBLY "{{1, 1, 1}, -1, "Regular"}
"PASS: ""{{1, 1, 1}, -1, \"Regular\"} pole -1"
"PASS: ""real endpoint branches share a boundary"
"POLE_ASSEMBLY "{{1, 1, 1}, 0, "Delta"}
"POLE_ASSEMBLY "{{1, 1, 1}, 0, "L0"}
"POLE_ASSEMBLY "{{1, 1, 1}, 0, "L1"}
"POLE_ASSEMBLY "{{1, 1, 1}, 0, "Regular"}
"PASS: ""{{1, 1, 1}, 0, \"Regular\"} pole -1"
"PASS: ""finite physical component"
"POLE_ASSEMBLY "{{1, 1, 2}, 1, "Delta"}
"PASS: ""finite symbolic input parts"
"PASS: ""evaluated Laurent polynomial"
"PASS: ""finite evaluated tensor"
"POLE_ASSEMBLY "{{1, 1, 2}, 1, "L0"}
"POLE_ASSEMBLY "{{1, 1, 2}, 1, "L1"}
"PASS: ""integer finite Laurent support"
"PASS: ""complete Laurent polynomial"
"PASS: ""regulator-independent Laurent coefficients"
"PASS: ""exact Laurent polynomial reconstruction"
"PASS: ""phase kernel has no truncated input series"
"PASS: ""reference phase product evaluated"
"POLE_ASSEMBLY "{{1, 1, 2}, 1, "Regular"}
"PASS: ""{{1, 1, 2}, 1, \"Regular\"} pole -1"
"POLE_ASSEMBLY "{{1, 1, 2}, -1, "Delta"}
"POLE_ASSEMBLY "{{1, 1, 2}, -1, "L0"}
"POLE_ASSEMBLY "{{1, 1, 2}, -1, "L1"}
"POLE_ASSEMBLY "{{1, 1, 2}, -1, "Regular"}
"PASS: ""{{1, 1, 2}, -1, \"Regular\"} pole -1"
"PASS: ""real endpoint branches share a boundary"
"POLE_ASSEMBLY "{{1, 1, 2}, 0, "Delta"}
"POLE_ASSEMBLY "{{1, 1, 2}, 0, "L0"}
"POLE_ASSEMBLY "{{1, 1, 2}, 0, "L1"}
"POLE_ASSEMBLY "{{1, 1, 2}, 0, "Regular"}
"PASS: ""{{1, 1, 2}, 0, \"Regular\"} pole -1"
"PASS: ""finite physical component"
"POLE_ASSEMBLY "{{1, 1, 3}, 1, "Delta"}
"PASS: ""finite symbolic input parts"
"PASS: ""evaluated Laurent polynomial"
"PASS: ""finite evaluated tensor"
"POLE_ASSEMBLY "{{1, 1, 3}, 1, "L0"}
"POLE_ASSEMBLY "{{1, 1, 3}, 1, "L1"}
"POLE_ASSEMBLY "{{1, 1, 3}, 1, "Regular"}
"POLE_ASSEMBLY "{{1, 1, 3}, -1, "Delta"}
"POLE_ASSEMBLY "{{1, 1, 3}, -1, "L0"}
"POLE_ASSEMBLY "{{1, 1, 3}, -1, "L1"}
"POLE_ASSEMBLY "{{1, 1, 3}, -1, "Regular"}
"PASS: ""real endpoint branches share a boundary"
"POLE_ASSEMBLY "{{1, 1, 3}, 0, "Delta"}
"POLE_ASSEMBLY "{{1, 1, 3}, 0, "L0"}
"POLE_ASSEMBLY "{{1, 1, 3}, 0, "L1"}
"POLE_ASSEMBLY "{{1, 1, 3}, 0, "Regular"}
"PASS: ""finite physical component"
"POLE_ASSEMBLY "{{1, 1, 4}, 1, "Delta"}
"PASS: ""finite symbolic input parts"
"PASS: ""evaluated Laurent polynomial"
"PASS: ""finite evaluated tensor"
"POLE_ASSEMBLY "{{1, 1, 4}, 1, "L0"}
"POLE_ASSEMBLY "{{1, 1, 4}, 1, "L1"}
"POLE_ASSEMBLY "{{1, 1, 4}, 1, "Regular"}
"POLE_ASSEMBLY "{{1, 1, 4}, -1, "Delta"}
"POLE_ASSEMBLY "{{1, 1, 4}, -1, "L0"}
"POLE_ASSEMBLY "{{1, 1, 4}, -1, "L1"}
"POLE_ASSEMBLY "{{1, 1, 4}, -1, "Regular"}
"PASS: ""real endpoint branches share a boundary"
"POLE_ASSEMBLY "{{1, 1, 4}, 0, "Delta"}
"POLE_ASSEMBLY "{{1, 1, 4}, 0, "L0"}
"POLE_ASSEMBLY "{{1, 1, 4}, 0, "L1"}
"POLE_ASSEMBLY "{{1, 1, 4}, 0, "Regular"}
"PASS: ""finite physical component"
"POLE_ASSEMBLY "{{1, 2, 1}, 1, "Delta"}
"PASS: ""finite symbolic input parts"
"PASS: ""evaluated Laurent polynomial"
"PASS: ""finite evaluated tensor"
"POLE_ASSEMBLY "{{1, 2, 1}, 1, "L0"}
"POLE_ASSEMBLY "{{1, 2, 1}, 1, "L1"}
"PASS: ""integer finite Laurent support"
"PASS: ""complete Laurent polynomial"
"PASS: ""regulator-independent Laurent coefficients"
"PASS: ""exact Laurent polynomial reconstruction"
"PASS: ""phase kernel has no truncated input series"
"PASS: ""reference phase product evaluated"
"POLE_ASSEMBLY "{{1, 2, 1}, 1, "Regular"}
"PASS: ""{{1, 2, 1}, 1, \"Regular\"} pole -1"
"POLE_ASSEMBLY "{{1, 2, 1}, -1, "Delta"}
"POLE_ASSEMBLY "{{1, 2, 1}, -1, "L0"}
"POLE_ASSEMBLY "{{1, 2, 1}, -1, "L1"}
"POLE_ASSEMBLY "{{1, 2, 1}, -1, "Regular"}
"PASS: ""{{1, 2, 1}, -1, \"Regular\"} pole -1"
"PASS: ""real endpoint branches share a boundary"
"POLE_ASSEMBLY "{{1, 2, 1}, 0, "Delta"}
"POLE_ASSEMBLY "{{1, 2, 1}, 0, "L0"}
"POLE_ASSEMBLY "{{1, 2, 1}, 0, "L1"}
"POLE_ASSEMBLY "{{1, 2, 1}, 0, "Regular"}
"PASS: ""{{1, 2, 1}, 0, \"Regular\"} pole -1"
"PASS: ""finite physical component"
"POLE_ASSEMBLY "{{1, 2, 2}, 1, "Delta"}
"PASS: ""finite symbolic input parts"
"PASS: ""evaluated Laurent polynomial"
"PASS: ""finite evaluated tensor"
"POLE_ASSEMBLY "{{1, 2, 2}, 1, "L0"}
"POLE_ASSEMBLY "{{1, 2, 2}, 1, "L1"}
"PASS: ""integer finite Laurent support"
"PASS: ""complete Laurent polynomial"
"PASS: ""regulator-independent Laurent coefficients"
"PASS: ""exact Laurent polynomial reconstruction"
"PASS: ""phase kernel has no truncated input series"
"PASS: ""reference phase product evaluated"
"POLE_ASSEMBLY "{{1, 2, 2}, 1, "Regular"}
"PASS: ""{{1, 2, 2}, 1, \"Regular\"} pole -1"
"POLE_ASSEMBLY "{{1, 2, 2}, -1, "Delta"}
"POLE_ASSEMBLY "{{1, 2, 2}, -1, "L0"}
"POLE_ASSEMBLY "{{1, 2, 2}, -1, "L1"}
"POLE_ASSEMBLY "{{1, 2, 2}, -1, "Regular"}
"PASS: ""{{1, 2, 2}, -1, \"Regular\"} pole -1"
"PASS: ""real endpoint branches share a boundary"
"POLE_ASSEMBLY "{{1, 2, 2}, 0, "Delta"}
"POLE_ASSEMBLY "{{1, 2, 2}, 0, "L0"}
"POLE_ASSEMBLY "{{1, 2, 2}, 0, "L1"}
"POLE_ASSEMBLY "{{1, 2, 2}, 0, "Regular"}
"PASS: ""{{1, 2, 2}, 0, \"Regular\"} pole -1"
"PASS: ""finite physical component"
"POLE_ASSEMBLY "{{1, 2, 3}, 1, "Delta"}
"PASS: ""finite symbolic input parts"
"PASS: ""evaluated Laurent polynomial"
"PASS: ""finite evaluated tensor"
"POLE_ASSEMBLY "{{1, 2, 3}, 1, "L0"}
"POLE_ASSEMBLY "{{1, 2, 3}, 1, "L1"}
"POLE_ASSEMBLY "{{1, 2, 3}, 1, "Regular"}
"POLE_ASSEMBLY "{{1, 2, 3}, -1, "Delta"}
"POLE_ASSEMBLY "{{1, 2, 3}, -1, "L0"}
"POLE_ASSEMBLY "{{1, 2, 3}, -1, "L1"}
"POLE_ASSEMBLY "{{1, 2, 3}, -1, "Regular"}
"PASS: ""real endpoint branches share a boundary"
"POLE_ASSEMBLY "{{1, 2, 3}, 0, "Delta"}
"POLE_ASSEMBLY "{{1, 2, 3}, 0, "L0"}
"POLE_ASSEMBLY "{{1, 2, 3}, 0, "L1"}
"POLE_ASSEMBLY "{{1, 2, 3}, 0, "Regular"}
"PASS: ""finite physical component"
"POLE_ASSEMBLY "{{1, 2, 4}, 1, "Delta"}
"PASS: ""finite symbolic input parts"
"PASS: ""evaluated Laurent polynomial"
"PASS: ""finite evaluated tensor"
"POLE_ASSEMBLY "{{1, 2, 4}, 1, "L0"}
"POLE_ASSEMBLY "{{1, 2, 4}, 1, "L1"}
"POLE_ASSEMBLY "{{1, 2, 4}, 1, "Regular"}
"POLE_ASSEMBLY "{{1, 2, 4}, -1, "Delta"}
"POLE_ASSEMBLY "{{1, 2, 4}, -1, "L0"}
"POLE_ASSEMBLY "{{1, 2, 4}, -1, "L1"}
"POLE_ASSEMBLY "{{1, 2, 4}, -1, "Regular"}
"PASS: ""real endpoint branches share a boundary"
"POLE_ASSEMBLY "{{1, 2, 4}, 0, "Delta"}
"POLE_ASSEMBLY "{{1, 2, 4}, 0, "L0"}
"POLE_ASSEMBLY "{{1, 2, 4}, 0, "L1"}
"POLE_ASSEMBLY "{{1, 2, 4}, 0, "Regular"}
"PASS: ""finite physical component"
"POLE_ASSEMBLY "{{1, 3, 1}, 1, "Delta"}
"PASS: ""finite symbolic input parts"
"PASS: ""evaluated Laurent polynomial"
"PASS: ""finite evaluated tensor"
"POLE_ASSEMBLY "{{1, 3, 1}, 1, "L0"}
"POLE_ASSEMBLY "{{1, 3, 1}, 1, "L1"}
"POLE_ASSEMBLY "{{1, 3, 1}, 1, "Regular"}
"POLE_ASSEMBLY "{{1, 3, 1}, -1, "Delta"}
"POLE_ASSEMBLY "{{1, 3, 1}, -1, "L0"}
"POLE_ASSEMBLY "{{1, 3, 1}, -1, "L1"}
"POLE_ASSEMBLY "{{1, 3, 1}, -1, "Regular"}
"PASS: ""real endpoint branches share a boundary"
"POLE_ASSEMBLY "{{1, 3, 1}, 0, "Delta"}
"POLE_ASSEMBLY "{{1, 3, 1}, 0, "L0"}
"POLE_ASSEMBLY "{{1, 3, 1}, 0, "L1"}
"POLE_ASSEMBLY "{{1, 3, 1}, 0, "Regular"}
"PASS: ""finite physical component"
"POLE_ASSEMBLY "{{1, 3, 2}, 1, "Delta"}
"PASS: ""finite symbolic input parts"
"PASS: ""evaluated Laurent polynomial"
"PASS: ""finite evaluated tensor"
"POLE_ASSEMBLY "{{1, 3, 2}, 1, "L0"}
"POLE_ASSEMBLY "{{1, 3, 2}, 1, "L1"}
"POLE_ASSEMBLY "{{1, 3, 2}, 1, "Regular"}
"POLE_ASSEMBLY "{{1, 3, 2}, -1, "Delta"}
"POLE_ASSEMBLY "{{1, 3, 2}, -1, "L0"}
"POLE_ASSEMBLY "{{1, 3, 2}, -1, "L1"}
"POLE_ASSEMBLY "{{1, 3, 2}, -1, "Regular"}
"PASS: ""real endpoint branches share a boundary"
"POLE_ASSEMBLY "{{1, 3, 2}, 0, "Delta"}
"POLE_ASSEMBLY "{{1, 3, 2}, 0, "L0"}
"POLE_ASSEMBLY "{{1, 3, 2}, 0, "L1"}
"POLE_ASSEMBLY "{{1, 3, 2}, 0, "Regular"}
"PASS: ""finite physical component"
"POLE_ASSEMBLY "{{1, 3, 3}, 1, "Delta"}
"PASS: ""finite symbolic input parts"
"PASS: ""evaluated Laurent polynomial"
"PASS: ""finite evaluated tensor"
"POLE_ASSEMBLY "{{1, 3, 3}, 1, "L0"}
"POLE_ASSEMBLY "{{1, 3, 3}, 1, "L1"}
"PASS: ""integer finite Laurent support"
"PASS: ""complete Laurent polynomial"
"PASS: ""regulator-independent Laurent coefficients"
"PASS: ""exact Laurent polynomial reconstruction"
"PASS: ""phase kernel has no truncated input series"
"PASS: ""reference phase product evaluated"
"POLE_ASSEMBLY "{{1, 3, 3}, 1, "Regular"}
"PASS: ""{{1, 3, 3}, 1, \"Regular\"} pole -1"
"POLE_ASSEMBLY "{{1, 3, 3}, -1, "Delta"}
"POLE_ASSEMBLY "{{1, 3, 3}, -1, "L0"}
"POLE_ASSEMBLY "{{1, 3, 3}, -1, "L1"}
"POLE_ASSEMBLY "{{1, 3, 3}, -1, "Regular"}
"PASS: ""{{1, 3, 3}, -1, \"Regular\"} pole -1"
"PASS: ""real endpoint branches share a boundary"
"POLE_ASSEMBLY "{{1, 3, 3}, 0, "Delta"}
"POLE_ASSEMBLY "{{1, 3, 3}, 0, "L0"}
"POLE_ASSEMBLY "{{1, 3, 3}, 0, "L1"}
"POLE_ASSEMBLY "{{1, 3, 3}, 0, "Regular"}
"PASS: ""{{1, 3, 3}, 0, \"Regular\"} pole -1"
"PASS: ""finite physical component"
"POLE_ASSEMBLY "{{1, 3, 4}, 1, "Delta"}
"PASS: ""finite symbolic input parts"
"PASS: ""evaluated Laurent polynomial"
"PASS: ""finite evaluated tensor"
"POLE_ASSEMBLY "{{1, 3, 4}, 1, "L0"}
"POLE_ASSEMBLY "{{1, 3, 4}, 1, "L1"}
"POLE_ASSEMBLY "{{1, 3, 4}, 1, "Regular"}
"POLE_ASSEMBLY "{{1, 3, 4}, -1, "Delta"}
"POLE_ASSEMBLY "{{1, 3, 4}, -1, "L0"}
"POLE_ASSEMBLY "{{1, 3, 4}, -1, "L1"}
"POLE_ASSEMBLY "{{1, 3, 4}, -1, "Regular"}
"PASS: ""real endpoint branches share a boundary"
"POLE_ASSEMBLY "{{1, 3, 4}, 0, "Delta"}
"POLE_ASSEMBLY "{{1, 3, 4}, 0, "L0"}
"POLE_ASSEMBLY "{{1, 3, 4}, 0, "L1"}
"POLE_ASSEMBLY "{{1, 3, 4}, 0, "Regular"}
"PASS: ""finite physical component"
"POLE_ASSEMBLY "{{1, 4, 1}, 1, "Delta"}
"PASS: ""finite symbolic input parts"
"PASS: ""evaluated Laurent polynomial"
"PASS: ""finite evaluated tensor"
"POLE_ASSEMBLY "{{1, 4, 1}, 1, "L0"}
"POLE_ASSEMBLY "{{1, 4, 1}, 1, "L1"}
"POLE_ASSEMBLY "{{1, 4, 1}, 1, "Regular"}
"POLE_ASSEMBLY "{{1, 4, 1}, -1, "Delta"}
"POLE_ASSEMBLY "{{1, 4, 1}, -1, "L0"}
"POLE_ASSEMBLY "{{1, 4, 1}, -1, "L1"}
"POLE_ASSEMBLY "{{1, 4, 1}, -1, "Regular"}
"PASS: ""real endpoint branches share a boundary"
"POLE_ASSEMBLY "{{1, 4, 1}, 0, "Delta"}
"POLE_ASSEMBLY "{{1, 4, 1}, 0, "L0"}
"POLE_ASSEMBLY "{{1, 4, 1}, 0, "L1"}
"POLE_ASSEMBLY "{{1, 4, 1}, 0, "Regular"}
"PASS: ""finite physical component"
"POLE_ASSEMBLY "{{1, 4, 2}, 1, "Delta"}
"PASS: ""finite symbolic input parts"
"PASS: ""evaluated Laurent polynomial"
"PASS: ""finite evaluated tensor"
"POLE_ASSEMBLY "{{1, 4, 2}, 1, "L0"}
"POLE_ASSEMBLY "{{1, 4, 2}, 1, "L1"}
"POLE_ASSEMBLY "{{1, 4, 2}, 1, "Regular"}
"POLE_ASSEMBLY "{{1, 4, 2}, -1, "Delta"}
"POLE_ASSEMBLY "{{1, 4, 2}, -1, "L0"}
"POLE_ASSEMBLY "{{1, 4, 2}, -1, "L1"}
"POLE_ASSEMBLY "{{1, 4, 2}, -1, "Regular"}
"PASS: ""real endpoint branches share a boundary"
"POLE_ASSEMBLY "{{1, 4, 2}, 0, "Delta"}
"POLE_ASSEMBLY "{{1, 4, 2}, 0, "L0"}
"POLE_ASSEMBLY "{{1, 4, 2}, 0, "L1"}
"POLE_ASSEMBLY "{{1, 4, 2}, 0, "Regular"}
"PASS: ""finite physical component"
"POLE_ASSEMBLY "{{1, 4, 3}, 1, "Delta"}
"PASS: ""finite symbolic input parts"
"PASS: ""evaluated Laurent polynomial"
"PASS: ""finite evaluated tensor"
"POLE_ASSEMBLY "{{1, 4, 3}, 1, "L0"}
"POLE_ASSEMBLY "{{1, 4, 3}, 1, "L1"}
"POLE_ASSEMBLY "{{1, 4, 3}, 1, "Regular"}
"POLE_ASSEMBLY "{{1, 4, 3}, -1, "Delta"}
"POLE_ASSEMBLY "{{1, 4, 3}, -1, "L0"}
"POLE_ASSEMBLY "{{1, 4, 3}, -1, "L1"}
"POLE_ASSEMBLY "{{1, 4, 3}, -1, "Regular"}
"PASS: ""real endpoint branches share a boundary"
"POLE_ASSEMBLY "{{1, 4, 3}, 0, "Delta"}
"POLE_ASSEMBLY "{{1, 4, 3}, 0, "L0"}
"POLE_ASSEMBLY "{{1, 4, 3}, 0, "L1"}
"POLE_ASSEMBLY "{{1, 4, 3}, 0, "Regular"}
"PASS: ""finite physical component"
"POLE_ASSEMBLY "{{1, 4, 4}, 1, "Delta"}
"PASS: ""finite symbolic input parts"
"PASS: ""evaluated Laurent polynomial"
"PASS: ""finite evaluated tensor"
"POLE_ASSEMBLY "{{1, 4, 4}, 1, "L0"}
"POLE_ASSEMBLY "{{1, 4, 4}, 1, "L1"}
"PASS: ""integer finite Laurent support"
"PASS: ""complete Laurent polynomial"
"PASS: ""regulator-independent Laurent coefficients"
"PASS: ""exact Laurent polynomial reconstruction"
"PASS: ""phase kernel has no truncated input series"
"PASS: ""reference phase product evaluated"
"POLE_ASSEMBLY "{{1, 4, 4}, 1, "Regular"}
"PASS: ""{{1, 4, 4}, 1, \"Regular\"} pole -1"
"POLE_ASSEMBLY "{{1, 4, 4}, -1, "Delta"}
"POLE_ASSEMBLY "{{1, 4, 4}, -1, "L0"}
"POLE_ASSEMBLY "{{1, 4, 4}, -1, "L1"}
"POLE_ASSEMBLY "{{1, 4, 4}, -1, "Regular"}
"PASS: ""{{1, 4, 4}, -1, \"Regular\"} pole -1"
"PASS: ""real endpoint branches share a boundary"
"POLE_ASSEMBLY "{{1, 4, 4}, 0, "Delta"}
"POLE_ASSEMBLY "{{1, 4, 4}, 0, "L0"}
"POLE_ASSEMBLY "{{1, 4, 4}, 0, "L1"}
"POLE_ASSEMBLY "{{1, 4, 4}, 0, "Regular"}
"PASS: ""{{1, 4, 4}, 0, \"Regular\"} pole -1"
"PASS: ""finite physical component"
"POLE_ASSEMBLY "{{2, 1, 1}, 1, "Delta"}
"PASS: ""finite symbolic input parts"
"PASS: ""evaluated Laurent polynomial"
"PASS: ""finite evaluated tensor"
"POLE_ASSEMBLY "{{2, 1, 1}, 1, "L0"}
"POLE_ASSEMBLY "{{2, 1, 1}, 1, "L1"}
"PASS: ""integer finite Laurent support"
"PASS: ""complete Laurent polynomial"
"PASS: ""regulator-independent Laurent coefficients"
"PASS: ""exact Laurent polynomial reconstruction"
"PASS: ""phase kernel has no truncated input series"
"PASS: ""reference phase product evaluated"
"POLE_ASSEMBLY "{{2, 1, 1}, 1, "Regular"}
"PASS: ""{{2, 1, 1}, 1, \"Regular\"} pole -1"
"POLE_ASSEMBLY "{{2, 1, 1}, -1, "Delta"}
"POLE_ASSEMBLY "{{2, 1, 1}, -1, "L0"}
"POLE_ASSEMBLY "{{2, 1, 1}, -1, "L1"}
"POLE_ASSEMBLY "{{2, 1, 1}, -1, "Regular"}
"PASS: ""{{2, 1, 1}, -1, \"Regular\"} pole -1"
"PASS: ""real endpoint branches share a boundary"
"POLE_ASSEMBLY "{{2, 1, 1}, 0, "Delta"}
"POLE_ASSEMBLY "{{2, 1, 1}, 0, "L0"}
"POLE_ASSEMBLY "{{2, 1, 1}, 0, "L1"}
"POLE_ASSEMBLY "{{2, 1, 1}, 0, "Regular"}
"PASS: ""{{2, 1, 1}, 0, \"Regular\"} pole -1"
"PASS: ""finite physical component"
"POLE_ASSEMBLY "{{2, 1, 2}, 1, "Delta"}
"PASS: ""finite symbolic input parts"
"PASS: ""evaluated Laurent polynomial"
"PASS: ""finite evaluated tensor"
"POLE_ASSEMBLY "{{2, 1, 2}, 1, "L0"}
"POLE_ASSEMBLY "{{2, 1, 2}, 1, "L1"}
"PASS: ""integer finite Laurent support"
"PASS: ""complete Laurent polynomial"
"PASS: ""regulator-independent Laurent coefficients"
"PASS: ""exact Laurent polynomial reconstruction"
"PASS: ""phase kernel has no truncated input series"
"PASS: ""reference phase product evaluated"
"POLE_ASSEMBLY "{{2, 1, 2}, 1, "Regular"}
"PASS: ""{{2, 1, 2}, 1, \"Regular\"} pole -1"
"POLE_ASSEMBLY "{{2, 1, 2}, -1, "Delta"}
"POLE_ASSEMBLY "{{2, 1, 2}, -1, "L0"}
"POLE_ASSEMBLY "{{2, 1, 2}, -1, "L1"}
"POLE_ASSEMBLY "{{2, 1, 2}, -1, "Regular"}
"PASS: ""{{2, 1, 2}, -1, \"Regular\"} pole -1"
"PASS: ""real endpoint branches share a boundary"
"POLE_ASSEMBLY "{{2, 1, 2}, 0, "Delta"}
"POLE_ASSEMBLY "{{2, 1, 2}, 0, "L0"}
"POLE_ASSEMBLY "{{2, 1, 2}, 0, "L1"}
"POLE_ASSEMBLY "{{2, 1, 2}, 0, "Regular"}
"PASS: ""{{2, 1, 2}, 0, \"Regular\"} pole -1"
"PASS: ""finite physical component"
"POLE_ASSEMBLY "{{2, 1, 3}, 1, "Delta"}
"PASS: ""finite symbolic input parts"
"PASS: ""evaluated Laurent polynomial"
"PASS: ""finite evaluated tensor"
"POLE_ASSEMBLY "{{2, 1, 3}, 1, "L0"}
"POLE_ASSEMBLY "{{2, 1, 3}, 1, "L1"}
"POLE_ASSEMBLY "{{2, 1, 3}, 1, "Regular"}
"POLE_ASSEMBLY "{{2, 1, 3}, -1, "Delta"}
"POLE_ASSEMBLY "{{2, 1, 3}, -1, "L0"}
"POLE_ASSEMBLY "{{2, 1, 3}, -1, "L1"}
"POLE_ASSEMBLY "{{2, 1, 3}, -1, "Regular"}
"PASS: ""real endpoint branches share a boundary"
"POLE_ASSEMBLY "{{2, 1, 3}, 0, "Delta"}
"POLE_ASSEMBLY "{{2, 1, 3}, 0, "L0"}
"POLE_ASSEMBLY "{{2, 1, 3}, 0, "L1"}
"POLE_ASSEMBLY "{{2, 1, 3}, 0, "Regular"}
"PASS: ""finite physical component"
"POLE_ASSEMBLY "{{2, 1, 4}, 1, "Delta"}
"PASS: ""finite symbolic input parts"
"PASS: ""evaluated Laurent polynomial"
"PASS: ""finite evaluated tensor"
"POLE_ASSEMBLY "{{2, 1, 4}, 1, "L0"}
"POLE_ASSEMBLY "{{2, 1, 4}, 1, "L1"}
"POLE_ASSEMBLY "{{2, 1, 4}, 1, "Regular"}
"POLE_ASSEMBLY "{{2, 1, 4}, -1, "Delta"}
"POLE_ASSEMBLY "{{2, 1, 4}, -1, "L0"}
"POLE_ASSEMBLY "{{2, 1, 4}, -1, "L1"}
"POLE_ASSEMBLY "{{2, 1, 4}, -1, "Regular"}
"PASS: ""real endpoint branches share a boundary"
"POLE_ASSEMBLY "{{2, 1, 4}, 0, "Delta"}
"POLE_ASSEMBLY "{{2, 1, 4}, 0, "L0"}
"POLE_ASSEMBLY "{{2, 1, 4}, 0, "L1"}
"POLE_ASSEMBLY "{{2, 1, 4}, 0, "Regular"}
"PASS: ""finite physical component"
"POLE_ASSEMBLY "{{2, 2, 1}, 1, "Delta"}
"PASS: ""finite symbolic input parts"
"PASS: ""evaluated Laurent polynomial"
"PASS: ""finite evaluated tensor"
"POLE_ASSEMBLY "{{2, 2, 1}, 1, "L0"}
"POLE_ASSEMBLY "{{2, 2, 1}, 1, "L1"}
"PASS: ""integer finite Laurent support"
"PASS: ""complete Laurent polynomial"
"PASS: ""regulator-independent Laurent coefficients"
"PASS: ""exact Laurent polynomial reconstruction"
"PASS: ""phase kernel has no truncated input series"
"PASS: ""reference phase product evaluated"
"POLE_ASSEMBLY "{{2, 2, 1}, 1, "Regular"}
"PASS: ""{{2, 2, 1}, 1, \"Regular\"} pole -1"
"POLE_ASSEMBLY "{{2, 2, 1}, -1, "Delta"}
"POLE_ASSEMBLY "{{2, 2, 1}, -1, "L0"}
"POLE_ASSEMBLY "{{2, 2, 1}, -1, "L1"}
"POLE_ASSEMBLY "{{2, 2, 1}, -1, "Regular"}
"PASS: ""{{2, 2, 1}, -1, \"Regular\"} pole -1"
"PASS: ""real endpoint branches share a boundary"
"POLE_ASSEMBLY "{{2, 2, 1}, 0, "Delta"}
"POLE_ASSEMBLY "{{2, 2, 1}, 0, "L0"}
"POLE_ASSEMBLY "{{2, 2, 1}, 0, "L1"}
"POLE_ASSEMBLY "{{2, 2, 1}, 0, "Regular"}
"PASS: ""{{2, 2, 1}, 0, \"Regular\"} pole -1"
"PASS: ""finite physical component"
"POLE_ASSEMBLY "{{2, 2, 2}, 1, "Delta"}
"PASS: ""finite symbolic input parts"
"PASS: ""evaluated Laurent polynomial"
"PASS: ""finite evaluated tensor"
"POLE_ASSEMBLY "{{2, 2, 2}, 1, "L0"}
"POLE_ASSEMBLY "{{2, 2, 2}, 1, "L1"}
"PASS: ""integer finite Laurent support"
"PASS: ""complete Laurent polynomial"
"PASS: ""regulator-independent Laurent coefficients"
"PASS: ""exact Laurent polynomial reconstruction"
"PASS: ""phase kernel has no truncated input series"
"PASS: ""reference phase product evaluated"
"POLE_ASSEMBLY "{{2, 2, 2}, 1, "Regular"}
"PASS: ""{{2, 2, 2}, 1, \"Regular\"} pole -1"
"POLE_ASSEMBLY "{{2, 2, 2}, -1, "Delta"}
"POLE_ASSEMBLY "{{2, 2, 2}, -1, "L0"}
"POLE_ASSEMBLY "{{2, 2, 2}, -1, "L1"}
"POLE_ASSEMBLY "{{2, 2, 2}, -1, "Regular"}
"PASS: ""{{2, 2, 2}, -1, \"Regular\"} pole -1"
"PASS: ""real endpoint branches share a boundary"
"POLE_ASSEMBLY "{{2, 2, 2}, 0, "Delta"}
"POLE_ASSEMBLY "{{2, 2, 2}, 0, "L0"}
"POLE_ASSEMBLY "{{2, 2, 2}, 0, "L1"}
"POLE_ASSEMBLY "{{2, 2, 2}, 0, "Regular"}
"PASS: ""{{2, 2, 2}, 0, \"Regular\"} pole -1"
"PASS: ""finite physical component"
"POLE_ASSEMBLY "{{2, 2, 3}, 1, "Delta"}
"PASS: ""finite symbolic input parts"
"PASS: ""evaluated Laurent polynomial"
"PASS: ""finite evaluated tensor"
"POLE_ASSEMBLY "{{2, 2, 3}, 1, "L0"}
"POLE_ASSEMBLY "{{2, 2, 3}, 1, "L1"}
"POLE_ASSEMBLY "{{2, 2, 3}, 1, "Regular"}
"POLE_ASSEMBLY "{{2, 2, 3}, -1, "Delta"}
"POLE_ASSEMBLY "{{2, 2, 3}, -1, "L0"}
"POLE_ASSEMBLY "{{2, 2, 3}, -1, "L1"}
"POLE_ASSEMBLY "{{2, 2, 3}, -1, "Regular"}
"PASS: ""real endpoint branches share a boundary"
"POLE_ASSEMBLY "{{2, 2, 3}, 0, "Delta"}
"POLE_ASSEMBLY "{{2, 2, 3}, 0, "L0"}
"POLE_ASSEMBLY "{{2, 2, 3}, 0, "L1"}
"POLE_ASSEMBLY "{{2, 2, 3}, 0, "Regular"}
"PASS: ""finite physical component"
"POLE_ASSEMBLY "{{2, 2, 4}, 1, "Delta"}
"PASS: ""finite symbolic input parts"
"PASS: ""evaluated Laurent polynomial"
"PASS: ""finite evaluated tensor"
"POLE_ASSEMBLY "{{2, 2, 4}, 1, "L0"}
"POLE_ASSEMBLY "{{2, 2, 4}, 1, "L1"}
"POLE_ASSEMBLY "{{2, 2, 4}, 1, "Regular"}
"POLE_ASSEMBLY "{{2, 2, 4}, -1, "Delta"}
"POLE_ASSEMBLY "{{2, 2, 4}, -1, "L0"}
"POLE_ASSEMBLY "{{2, 2, 4}, -1, "L1"}
"POLE_ASSEMBLY "{{2, 2, 4}, -1, "Regular"}
"PASS: ""real endpoint branches share a boundary"
"POLE_ASSEMBLY "{{2, 2, 4}, 0, "Delta"}
"POLE_ASSEMBLY "{{2, 2, 4}, 0, "L0"}
"POLE_ASSEMBLY "{{2, 2, 4}, 0, "L1"}
"POLE_ASSEMBLY "{{2, 2, 4}, 0, "Regular"}
"PASS: ""finite physical component"
"POLE_ASSEMBLY "{{2, 3, 1}, 1, "Delta"}
"PASS: ""finite symbolic input parts"
"PASS: ""evaluated Laurent polynomial"
"PASS: ""finite evaluated tensor"
"POLE_ASSEMBLY "{{2, 3, 1}, 1, "L0"}
"POLE_ASSEMBLY "{{2, 3, 1}, 1, "L1"}
"POLE_ASSEMBLY "{{2, 3, 1}, 1, "Regular"}
"POLE_ASSEMBLY "{{2, 3, 1}, -1, "Delta"}
"POLE_ASSEMBLY "{{2, 3, 1}, -1, "L0"}
"POLE_ASSEMBLY "{{2, 3, 1}, -1, "L1"}
"POLE_ASSEMBLY "{{2, 3, 1}, -1, "Regular"}
"PASS: ""real endpoint branches share a boundary"
"POLE_ASSEMBLY "{{2, 3, 1}, 0, "Delta"}
"POLE_ASSEMBLY "{{2, 3, 1}, 0, "L0"}
"POLE_ASSEMBLY "{{2, 3, 1}, 0, "L1"}
"POLE_ASSEMBLY "{{2, 3, 1}, 0, "Regular"}
"PASS: ""finite physical component"
"POLE_ASSEMBLY "{{2, 3, 2}, 1, "Delta"}
"PASS: ""finite symbolic input parts"
"PASS: ""evaluated Laurent polynomial"
"PASS: ""finite evaluated tensor"
"POLE_ASSEMBLY "{{2, 3, 2}, 1, "L0"}
"POLE_ASSEMBLY "{{2, 3, 2}, 1, "L1"}
"POLE_ASSEMBLY "{{2, 3, 2}, 1, "Regular"}
"POLE_ASSEMBLY "{{2, 3, 2}, -1, "Delta"}
"POLE_ASSEMBLY "{{2, 3, 2}, -1, "L0"}
"POLE_ASSEMBLY "{{2, 3, 2}, -1, "L1"}
"POLE_ASSEMBLY "{{2, 3, 2}, -1, "Regular"}
"PASS: ""real endpoint branches share a boundary"
"POLE_ASSEMBLY "{{2, 3, 2}, 0, "Delta"}
"POLE_ASSEMBLY "{{2, 3, 2}, 0, "L0"}
"POLE_ASSEMBLY "{{2, 3, 2}, 0, "L1"}
"POLE_ASSEMBLY "{{2, 3, 2}, 0, "Regular"}
"PASS: ""finite physical component"
"POLE_ASSEMBLY "{{2, 3, 3}, 1, "Delta"}
"PASS: ""finite symbolic input parts"
"PASS: ""evaluated Laurent polynomial"
"PASS: ""finite evaluated tensor"
"POLE_ASSEMBLY "{{2, 3, 3}, 1, "L0"}
"POLE_ASSEMBLY "{{2, 3, 3}, 1, "L1"}
"PASS: ""integer finite Laurent support"
"PASS: ""complete Laurent polynomial"
"PASS: ""regulator-independent Laurent coefficients"
"PASS: ""exact Laurent polynomial reconstruction"
"PASS: ""phase kernel has no truncated input series"
"PASS: ""reference phase product evaluated"
"POLE_ASSEMBLY "{{2, 3, 3}, 1, "Regular"}
"PASS: ""{{2, 3, 3}, 1, \"Regular\"} pole -1"
"POLE_ASSEMBLY "{{2, 3, 3}, -1, "Delta"}
"POLE_ASSEMBLY "{{2, 3, 3}, -1, "L0"}
"POLE_ASSEMBLY "{{2, 3, 3}, -1, "L1"}
"POLE_ASSEMBLY "{{2, 3, 3}, -1, "Regular"}
"PASS: ""{{2, 3, 3}, -1, \"Regular\"} pole -1"
"PASS: ""real endpoint branches share a boundary"
"POLE_ASSEMBLY "{{2, 3, 3}, 0, "Delta"}
"POLE_ASSEMBLY "{{2, 3, 3}, 0, "L0"}
"POLE_ASSEMBLY "{{2, 3, 3}, 0, "L1"}
"POLE_ASSEMBLY "{{2, 3, 3}, 0, "Regular"}
"PASS: ""{{2, 3, 3}, 0, \"Regular\"} pole -1"
"PASS: ""finite physical component"
"POLE_ASSEMBLY "{{2, 3, 4}, 1, "Delta"}
"PASS: ""finite symbolic input parts"
"PASS: ""evaluated Laurent polynomial"
"PASS: ""finite evaluated tensor"
"POLE_ASSEMBLY "{{2, 3, 4}, 1, "L0"}
"POLE_ASSEMBLY "{{2, 3, 4}, 1, "L1"}
"POLE_ASSEMBLY "{{2, 3, 4}, 1, "Regular"}
"POLE_ASSEMBLY "{{2, 3, 4}, -1, "Delta"}
"POLE_ASSEMBLY "{{2, 3, 4}, -1, "L0"}
"POLE_ASSEMBLY "{{2, 3, 4}, -1, "L1"}
"POLE_ASSEMBLY "{{2, 3, 4}, -1, "Regular"}
"PASS: ""real endpoint branches share a boundary"
"POLE_ASSEMBLY "{{2, 3, 4}, 0, "Delta"}
"POLE_ASSEMBLY "{{2, 3, 4}, 0, "L0"}
"POLE_ASSEMBLY "{{2, 3, 4}, 0, "L1"}
"POLE_ASSEMBLY "{{2, 3, 4}, 0, "Regular"}
"PASS: ""finite physical component"
"POLE_ASSEMBLY "{{2, 4, 1}, 1, "Delta"}
"PASS: ""finite symbolic input parts"
"PASS: ""evaluated Laurent polynomial"
"PASS: ""finite evaluated tensor"
"POLE_ASSEMBLY "{{2, 4, 1}, 1, "L0"}
"POLE_ASSEMBLY "{{2, 4, 1}, 1, "L1"}
"POLE_ASSEMBLY "{{2, 4, 1}, 1, "Regular"}
"POLE_ASSEMBLY "{{2, 4, 1}, -1, "Delta"}
"POLE_ASSEMBLY "{{2, 4, 1}, -1, "L0"}
"POLE_ASSEMBLY "{{2, 4, 1}, -1, "L1"}
"POLE_ASSEMBLY "{{2, 4, 1}, -1, "Regular"}
"PASS: ""real endpoint branches share a boundary"
"POLE_ASSEMBLY "{{2, 4, 1}, 0, "Delta"}
"POLE_ASSEMBLY "{{2, 4, 1}, 0, "L0"}
"POLE_ASSEMBLY "{{2, 4, 1}, 0, "L1"}
"POLE_ASSEMBLY "{{2, 4, 1}, 0, "Regular"}
"PASS: ""finite physical component"
"POLE_ASSEMBLY "{{2, 4, 2}, 1, "Delta"}
"PASS: ""finite symbolic input parts"
"PASS: ""evaluated Laurent polynomial"
"PASS: ""finite evaluated tensor"
"POLE_ASSEMBLY "{{2, 4, 2}, 1, "L0"}
"POLE_ASSEMBLY "{{2, 4, 2}, 1, "L1"}
"POLE_ASSEMBLY "{{2, 4, 2}, 1, "Regular"}
"POLE_ASSEMBLY "{{2, 4, 2}, -1, "Delta"}
"POLE_ASSEMBLY "{{2, 4, 2}, -1, "L0"}
"POLE_ASSEMBLY "{{2, 4, 2}, -1, "L1"}
"POLE_ASSEMBLY "{{2, 4, 2}, -1, "Regular"}
"PASS: ""real endpoint branches share a boundary"
"POLE_ASSEMBLY "{{2, 4, 2}, 0, "Delta"}
"POLE_ASSEMBLY "{{2, 4, 2}, 0, "L0"}
"POLE_ASSEMBLY "{{2, 4, 2}, 0, "L1"}
"POLE_ASSEMBLY "{{2, 4, 2}, 0, "Regular"}
"PASS: ""finite physical component"
"POLE_ASSEMBLY "{{2, 4, 3}, 1, "Delta"}
"PASS: ""finite symbolic input parts"
"PASS: ""evaluated Laurent polynomial"
"PASS: ""finite evaluated tensor"
"POLE_ASSEMBLY "{{2, 4, 3}, 1, "L0"}
"POLE_ASSEMBLY "{{2, 4, 3}, 1, "L1"}
"POLE_ASSEMBLY "{{2, 4, 3}, 1, "Regular"}
"POLE_ASSEMBLY "{{2, 4, 3}, -1, "Delta"}
"POLE_ASSEMBLY "{{2, 4, 3}, -1, "L0"}
"POLE_ASSEMBLY "{{2, 4, 3}, -1, "L1"}
"POLE_ASSEMBLY "{{2, 4, 3}, -1, "Regular"}
"PASS: ""real endpoint branches share a boundary"
"POLE_ASSEMBLY "{{2, 4, 3}, 0, "Delta"}
"POLE_ASSEMBLY "{{2, 4, 3}, 0, "L0"}
"POLE_ASSEMBLY "{{2, 4, 3}, 0, "L1"}
"POLE_ASSEMBLY "{{2, 4, 3}, 0, "Regular"}
"PASS: ""finite physical component"
"POLE_ASSEMBLY "{{2, 4, 4}, 1, "Delta"}
"PASS: ""finite symbolic input parts"
"PASS: ""evaluated Laurent polynomial"
"PASS: ""finite evaluated tensor"
"POLE_ASSEMBLY "{{2, 4, 4}, 1, "L0"}
"POLE_ASSEMBLY "{{2, 4, 4}, 1, "L1"}
"PASS: ""integer finite Laurent support"
"PASS: ""complete Laurent polynomial"
"PASS: ""regulator-independent Laurent coefficients"
"PASS: ""exact Laurent polynomial reconstruction"
"PASS: ""phase kernel has no truncated input series"
"PASS: ""reference phase product evaluated"
"POLE_ASSEMBLY "{{2, 4, 4}, 1, "Regular"}
"PASS: ""{{2, 4, 4}, 1, \"Regular\"} pole -1"
"POLE_ASSEMBLY "{{2, 4, 4}, -1, "Delta"}
"POLE_ASSEMBLY "{{2, 4, 4}, -1, "L0"}
"POLE_ASSEMBLY "{{2, 4, 4}, -1, "L1"}
"POLE_ASSEMBLY "{{2, 4, 4}, -1, "Regular"}
"PASS: ""{{2, 4, 4}, -1, \"Regular\"} pole -1"
"PASS: ""real endpoint branches share a boundary"
"POLE_ASSEMBLY "{{2, 4, 4}, 0, "Delta"}
"POLE_ASSEMBLY "{{2, 4, 4}, 0, "L0"}
"POLE_ASSEMBLY "{{2, 4, 4}, 0, "L1"}
"POLE_ASSEMBLY "{{2, 4, 4}, 0, "Regular"}
"PASS: ""{{2, 4, 4}, 0, \"Regular\"} pole -1"
"PASS: ""finite physical component"
"POLE_ASSEMBLY "{{3, 1, 1}, 1, "Delta"}
"PASS: ""finite symbolic input parts"
"PASS: ""evaluated Laurent polynomial"
"PASS: ""finite evaluated tensor"
"POLE_ASSEMBLY "{{3, 1, 1}, 1, "L0"}
"POLE_ASSEMBLY "{{3, 1, 1}, 1, "L1"}
"PASS: ""integer finite Laurent support"
"PASS: ""complete Laurent polynomial"
"PASS: ""regulator-independent Laurent coefficients"
"PASS: ""exact Laurent polynomial reconstruction"
"PASS: ""phase kernel has no truncated input series"
"PASS: ""reference phase product evaluated"
"POLE_ASSEMBLY "{{3, 1, 1}, 1, "Regular"}
"PASS: ""{{3, 1, 1}, 1, \"Regular\"} pole -1"
"POLE_ASSEMBLY "{{3, 1, 1}, -1, "Delta"}
"POLE_ASSEMBLY "{{3, 1, 1}, -1, "L0"}
"POLE_ASSEMBLY "{{3, 1, 1}, -1, "L1"}
"POLE_ASSEMBLY "{{3, 1, 1}, -1, "Regular"}
"PASS: ""{{3, 1, 1}, -1, \"Regular\"} pole -1"
"PASS: ""real endpoint branches share a boundary"
"POLE_ASSEMBLY "{{3, 1, 1}, 0, "Delta"}
"POLE_ASSEMBLY "{{3, 1, 1}, 0, "L0"}
"POLE_ASSEMBLY "{{3, 1, 1}, 0, "L1"}
"POLE_ASSEMBLY "{{3, 1, 1}, 0, "Regular"}
"PASS: ""{{3, 1, 1}, 0, \"Regular\"} pole -1"
"PASS: ""finite physical component"
"POLE_ASSEMBLY "{{3, 1, 2}, 1, "Delta"}
"PASS: ""finite symbolic input parts"
"PASS: ""evaluated Laurent polynomial"
"PASS: ""finite evaluated tensor"
"POLE_ASSEMBLY "{{3, 1, 2}, 1, "L0"}
"POLE_ASSEMBLY "{{3, 1, 2}, 1, "L1"}
"PASS: ""integer finite Laurent support"
"PASS: ""complete Laurent polynomial"
"PASS: ""regulator-independent Laurent coefficients"
"PASS: ""exact Laurent polynomial reconstruction"
"PASS: ""phase kernel has no truncated input series"
"PASS: ""reference phase product evaluated"
"POLE_ASSEMBLY "{{3, 1, 2}, 1, "Regular"}
"PASS: ""{{3, 1, 2}, 1, \"Regular\"} pole -1"
"POLE_ASSEMBLY "{{3, 1, 2}, -1, "Delta"}
"POLE_ASSEMBLY "{{3, 1, 2}, -1, "L0"}
"POLE_ASSEMBLY "{{3, 1, 2}, -1, "L1"}
"POLE_ASSEMBLY "{{3, 1, 2}, -1, "Regular"}
"PASS: ""{{3, 1, 2}, -1, \"Regular\"} pole -1"
"PASS: ""real endpoint branches share a boundary"
"POLE_ASSEMBLY "{{3, 1, 2}, 0, "Delta"}
"POLE_ASSEMBLY "{{3, 1, 2}, 0, "L0"}
"POLE_ASSEMBLY "{{3, 1, 2}, 0, "L1"}
"POLE_ASSEMBLY "{{3, 1, 2}, 0, "Regular"}
"PASS: ""{{3, 1, 2}, 0, \"Regular\"} pole -1"
"PASS: ""finite physical component"
"POLE_ASSEMBLY "{{3, 1, 3}, 1, "Delta"}
"PASS: ""finite symbolic input parts"
"PASS: ""evaluated Laurent polynomial"
"PASS: ""finite evaluated tensor"
"POLE_ASSEMBLY "{{3, 1, 3}, 1, "L0"}
"POLE_ASSEMBLY "{{3, 1, 3}, 1, "L1"}
"POLE_ASSEMBLY "{{3, 1, 3}, 1, "Regular"}
"POLE_ASSEMBLY "{{3, 1, 3}, -1, "Delta"}
"POLE_ASSEMBLY "{{3, 1, 3}, -1, "L0"}
"POLE_ASSEMBLY "{{3, 1, 3}, -1, "L1"}
"POLE_ASSEMBLY "{{3, 1, 3}, -1, "Regular"}
"PASS: ""real endpoint branches share a boundary"
"POLE_ASSEMBLY "{{3, 1, 3}, 0, "Delta"}
"POLE_ASSEMBLY "{{3, 1, 3}, 0, "L0"}
"POLE_ASSEMBLY "{{3, 1, 3}, 0, "L1"}
"POLE_ASSEMBLY "{{3, 1, 3}, 0, "Regular"}
"PASS: ""finite physical component"
"POLE_ASSEMBLY "{{3, 1, 4}, 1, "Delta"}
"PASS: ""finite symbolic input parts"
"PASS: ""evaluated Laurent polynomial"
"PASS: ""finite evaluated tensor"
"POLE_ASSEMBLY "{{3, 1, 4}, 1, "L0"}
"POLE_ASSEMBLY "{{3, 1, 4}, 1, "L1"}
"POLE_ASSEMBLY "{{3, 1, 4}, 1, "Regular"}
"POLE_ASSEMBLY "{{3, 1, 4}, -1, "Delta"}
"POLE_ASSEMBLY "{{3, 1, 4}, -1, "L0"}
"POLE_ASSEMBLY "{{3, 1, 4}, -1, "L1"}
"POLE_ASSEMBLY "{{3, 1, 4}, -1, "Regular"}
"PASS: ""real endpoint branches share a boundary"
"POLE_ASSEMBLY "{{3, 1, 4}, 0, "Delta"}
"POLE_ASSEMBLY "{{3, 1, 4}, 0, "L0"}
"POLE_ASSEMBLY "{{3, 1, 4}, 0, "L1"}
"POLE_ASSEMBLY "{{3, 1, 4}, 0, "Regular"}
"PASS: ""finite physical component"
"POLE_ASSEMBLY "{{3, 2, 1}, 1, "Delta"}
"PASS: ""finite symbolic input parts"
"PASS: ""evaluated Laurent polynomial"
"PASS: ""finite evaluated tensor"
"POLE_ASSEMBLY "{{3, 2, 1}, 1, "L0"}
"POLE_ASSEMBLY "{{3, 2, 1}, 1, "L1"}
"PASS: ""integer finite Laurent support"
"PASS: ""complete Laurent polynomial"
"PASS: ""regulator-independent Laurent coefficients"
"PASS: ""exact Laurent polynomial reconstruction"
"PASS: ""phase kernel has no truncated input series"
"PASS: ""reference phase product evaluated"
"POLE_ASSEMBLY "{{3, 2, 1}, 1, "Regular"}
"PASS: ""{{3, 2, 1}, 1, \"Regular\"} pole -1"
"POLE_ASSEMBLY "{{3, 2, 1}, -1, "Delta"}
"POLE_ASSEMBLY "{{3, 2, 1}, -1, "L0"}
"POLE_ASSEMBLY "{{3, 2, 1}, -1, "L1"}
"POLE_ASSEMBLY "{{3, 2, 1}, -1, "Regular"}
"PASS: ""{{3, 2, 1}, -1, \"Regular\"} pole -1"
"PASS: ""real endpoint branches share a boundary"
"POLE_ASSEMBLY "{{3, 2, 1}, 0, "Delta"}
"POLE_ASSEMBLY "{{3, 2, 1}, 0, "L0"}
"POLE_ASSEMBLY "{{3, 2, 1}, 0, "L1"}
"POLE_ASSEMBLY "{{3, 2, 1}, 0, "Regular"}
"PASS: ""{{3, 2, 1}, 0, \"Regular\"} pole -1"
"PASS: ""finite physical component"
"POLE_ASSEMBLY "{{3, 2, 2}, 1, "Delta"}
"PASS: ""finite symbolic input parts"
"PASS: ""evaluated Laurent polynomial"
"PASS: ""finite evaluated tensor"
"POLE_ASSEMBLY "{{3, 2, 2}, 1, "L0"}
"POLE_ASSEMBLY "{{3, 2, 2}, 1, "L1"}
"PASS: ""integer finite Laurent support"
"PASS: ""complete Laurent polynomial"
"PASS: ""regulator-independent Laurent coefficients"
"PASS: ""exact Laurent polynomial reconstruction"
"PASS: ""phase kernel has no truncated input series"
"PASS: ""reference phase product evaluated"
"POLE_ASSEMBLY "{{3, 2, 2}, 1, "Regular"}
"PASS: ""{{3, 2, 2}, 1, \"Regular\"} pole -1"
"POLE_ASSEMBLY "{{3, 2, 2}, -1, "Delta"}
"POLE_ASSEMBLY "{{3, 2, 2}, -1, "L0"}
"POLE_ASSEMBLY "{{3, 2, 2}, -1, "L1"}
"POLE_ASSEMBLY "{{3, 2, 2}, -1, "Regular"}
"PASS: ""{{3, 2, 2}, -1, \"Regular\"} pole -1"
"PASS: ""real endpoint branches share a boundary"
"POLE_ASSEMBLY "{{3, 2, 2}, 0, "Delta"}
"POLE_ASSEMBLY "{{3, 2, 2}, 0, "L0"}
"POLE_ASSEMBLY "{{3, 2, 2}, 0, "L1"}
"POLE_ASSEMBLY "{{3, 2, 2}, 0, "Regular"}
"PASS: ""{{3, 2, 2}, 0, \"Regular\"} pole -1"
"PASS: ""finite physical component"
"POLE_ASSEMBLY "{{3, 2, 3}, 1, "Delta"}
"PASS: ""finite symbolic input parts"
"PASS: ""evaluated Laurent polynomial"
"PASS: ""finite evaluated tensor"
"POLE_ASSEMBLY "{{3, 2, 3}, 1, "L0"}
"POLE_ASSEMBLY "{{3, 2, 3}, 1, "L1"}
"POLE_ASSEMBLY "{{3, 2, 3}, 1, "Regular"}
"POLE_ASSEMBLY "{{3, 2, 3}, -1, "Delta"}
"POLE_ASSEMBLY "{{3, 2, 3}, -1, "L0"}
"POLE_ASSEMBLY "{{3, 2, 3}, -1, "L1"}
"POLE_ASSEMBLY "{{3, 2, 3}, -1, "Regular"}
"PASS: ""real endpoint branches share a boundary"
"POLE_ASSEMBLY "{{3, 2, 3}, 0, "Delta"}
"POLE_ASSEMBLY "{{3, 2, 3}, 0, "L0"}
"POLE_ASSEMBLY "{{3, 2, 3}, 0, "L1"}
"POLE_ASSEMBLY "{{3, 2, 3}, 0, "Regular"}
"PASS: ""finite physical component"
"POLE_ASSEMBLY "{{3, 2, 4}, 1, "Delta"}
"PASS: ""finite symbolic input parts"
"PASS: ""evaluated Laurent polynomial"
"PASS: ""finite evaluated tensor"
"POLE_ASSEMBLY "{{3, 2, 4}, 1, "L0"}
"POLE_ASSEMBLY "{{3, 2, 4}, 1, "L1"}
"POLE_ASSEMBLY "{{3, 2, 4}, 1, "Regular"}
"POLE_ASSEMBLY "{{3, 2, 4}, -1, "Delta"}
"POLE_ASSEMBLY "{{3, 2, 4}, -1, "L0"}
"POLE_ASSEMBLY "{{3, 2, 4}, -1, "L1"}
"POLE_ASSEMBLY "{{3, 2, 4}, -1, "Regular"}
"PASS: ""real endpoint branches share a boundary"
"POLE_ASSEMBLY "{{3, 2, 4}, 0, "Delta"}
"POLE_ASSEMBLY "{{3, 2, 4}, 0, "L0"}
"POLE_ASSEMBLY "{{3, 2, 4}, 0, "L1"}
"POLE_ASSEMBLY "{{3, 2, 4}, 0, "Regular"}
"PASS: ""finite physical component"
"POLE_ASSEMBLY "{{3, 3, 1}, 1, "Delta"}
"PASS: ""finite symbolic input parts"
"PASS: ""evaluated Laurent polynomial"
"PASS: ""finite evaluated tensor"
"POLE_ASSEMBLY "{{3, 3, 1}, 1, "L0"}
"POLE_ASSEMBLY "{{3, 3, 1}, 1, "L1"}
"POLE_ASSEMBLY "{{3, 3, 1}, 1, "Regular"}
"POLE_ASSEMBLY "{{3, 3, 1}, -1, "Delta"}
"POLE_ASSEMBLY "{{3, 3, 1}, -1, "L0"}
"POLE_ASSEMBLY "{{3, 3, 1}, -1, "L1"}
"POLE_ASSEMBLY "{{3, 3, 1}, -1, "Regular"}
"PASS: ""real endpoint branches share a boundary"
"POLE_ASSEMBLY "{{3, 3, 1}, 0, "Delta"}
"POLE_ASSEMBLY "{{3, 3, 1}, 0, "L0"}
"POLE_ASSEMBLY "{{3, 3, 1}, 0, "L1"}
"POLE_ASSEMBLY "{{3, 3, 1}, 0, "Regular"}
"PASS: ""finite physical component"
"POLE_ASSEMBLY "{{3, 3, 2}, 1, "Delta"}
"PASS: ""finite symbolic input parts"
"PASS: ""evaluated Laurent polynomial"
"PASS: ""finite evaluated tensor"
"POLE_ASSEMBLY "{{3, 3, 2}, 1, "L0"}
"POLE_ASSEMBLY "{{3, 3, 2}, 1, "L1"}
"POLE_ASSEMBLY "{{3, 3, 2}, 1, "Regular"}
"POLE_ASSEMBLY "{{3, 3, 2}, -1, "Delta"}
"POLE_ASSEMBLY "{{3, 3, 2}, -1, "L0"}
"POLE_ASSEMBLY "{{3, 3, 2}, -1, "L1"}
"POLE_ASSEMBLY "{{3, 3, 2}, -1, "Regular"}
"PASS: ""real endpoint branches share a boundary"
"POLE_ASSEMBLY "{{3, 3, 2}, 0, "Delta"}
"POLE_ASSEMBLY "{{3, 3, 2}, 0, "L0"}
"POLE_ASSEMBLY "{{3, 3, 2}, 0, "L1"}
"POLE_ASSEMBLY "{{3, 3, 2}, 0, "Regular"}
"PASS: ""finite physical component"
"POLE_ASSEMBLY "{{3, 3, 3}, 1, "Delta"}
"PASS: ""finite symbolic input parts"
"PASS: ""evaluated Laurent polynomial"
"PASS: ""finite evaluated tensor"
"POLE_ASSEMBLY "{{3, 3, 3}, 1, "L0"}
"POLE_ASSEMBLY "{{3, 3, 3}, 1, "L1"}
"PASS: ""integer finite Laurent support"
"PASS: ""complete Laurent polynomial"
"PASS: ""regulator-independent Laurent coefficients"
"PASS: ""exact Laurent polynomial reconstruction"
"PASS: ""phase kernel has no truncated input series"
"PASS: ""reference phase product evaluated"
"POLE_ASSEMBLY "{{3, 3, 3}, 1, "Regular"}
"PASS: ""{{3, 3, 3}, 1, \"Regular\"} pole -1"
"POLE_ASSEMBLY "{{3, 3, 3}, -1, "Delta"}
"POLE_ASSEMBLY "{{3, 3, 3}, -1, "L0"}
"POLE_ASSEMBLY "{{3, 3, 3}, -1, "L1"}
"POLE_ASSEMBLY "{{3, 3, 3}, -1, "Regular"}
"PASS: ""{{3, 3, 3}, -1, \"Regular\"} pole -1"
"PASS: ""real endpoint branches share a boundary"
"POLE_ASSEMBLY "{{3, 3, 3}, 0, "Delta"}
"POLE_ASSEMBLY "{{3, 3, 3}, 0, "L0"}
"POLE_ASSEMBLY "{{3, 3, 3}, 0, "L1"}
"POLE_ASSEMBLY "{{3, 3, 3}, 0, "Regular"}
"PASS: ""{{3, 3, 3}, 0, \"Regular\"} pole -1"
"PASS: ""finite physical component"
"POLE_ASSEMBLY "{{3, 3, 4}, 1, "Delta"}
"PASS: ""finite symbolic input parts"
"PASS: ""evaluated Laurent polynomial"
"PASS: ""finite evaluated tensor"
"POLE_ASSEMBLY "{{3, 3, 4}, 1, "L0"}
"POLE_ASSEMBLY "{{3, 3, 4}, 1, "L1"}
"POLE_ASSEMBLY "{{3, 3, 4}, 1, "Regular"}
"POLE_ASSEMBLY "{{3, 3, 4}, -1, "Delta"}
"POLE_ASSEMBLY "{{3, 3, 4}, -1, "L0"}
"POLE_ASSEMBLY "{{3, 3, 4}, -1, "L1"}
"POLE_ASSEMBLY "{{3, 3, 4}, -1, "Regular"}
"PASS: ""real endpoint branches share a boundary"
"POLE_ASSEMBLY "{{3, 3, 4}, 0, "Delta"}
"POLE_ASSEMBLY "{{3, 3, 4}, 0, "L0"}
"POLE_ASSEMBLY "{{3, 3, 4}, 0, "L1"}
"POLE_ASSEMBLY "{{3, 3, 4}, 0, "Regular"}
"PASS: ""finite physical component"
"POLE_ASSEMBLY "{{3, 4, 1}, 1, "Delta"}
"PASS: ""finite symbolic input parts"
"PASS: ""evaluated Laurent polynomial"
"PASS: ""finite evaluated tensor"
"POLE_ASSEMBLY "{{3, 4, 1}, 1, "L0"}
"POLE_ASSEMBLY "{{3, 4, 1}, 1, "L1"}
"POLE_ASSEMBLY "{{3, 4, 1}, 1, "Regular"}
"POLE_ASSEMBLY "{{3, 4, 1}, -1, "Delta"}
"POLE_ASSEMBLY "{{3, 4, 1}, -1, "L0"}
"POLE_ASSEMBLY "{{3, 4, 1}, -1, "L1"}
"POLE_ASSEMBLY "{{3, 4, 1}, -1, "Regular"}
"PASS: ""real endpoint branches share a boundary"
"POLE_ASSEMBLY "{{3, 4, 1}, 0, "Delta"}
"POLE_ASSEMBLY "{{3, 4, 1}, 0, "L0"}
"POLE_ASSEMBLY "{{3, 4, 1}, 0, "L1"}
"POLE_ASSEMBLY "{{3, 4, 1}, 0, "Regular"}
"PASS: ""finite physical component"
"POLE_ASSEMBLY "{{3, 4, 2}, 1, "Delta"}
"PASS: ""finite symbolic input parts"
"PASS: ""evaluated Laurent polynomial"
"PASS: ""finite evaluated tensor"
"POLE_ASSEMBLY "{{3, 4, 2}, 1, "L0"}
"POLE_ASSEMBLY "{{3, 4, 2}, 1, "L1"}
"POLE_ASSEMBLY "{{3, 4, 2}, 1, "Regular"}
"POLE_ASSEMBLY "{{3, 4, 2}, -1, "Delta"}
"POLE_ASSEMBLY "{{3, 4, 2}, -1, "L0"}
"POLE_ASSEMBLY "{{3, 4, 2}, -1, "L1"}
"POLE_ASSEMBLY "{{3, 4, 2}, -1, "Regular"}
"PASS: ""real endpoint branches share a boundary"
"POLE_ASSEMBLY "{{3, 4, 2}, 0, "Delta"}
"POLE_ASSEMBLY "{{3, 4, 2}, 0, "L0"}
"POLE_ASSEMBLY "{{3, 4, 2}, 0, "L1"}
"POLE_ASSEMBLY "{{3, 4, 2}, 0, "Regular"}
"PASS: ""finite physical component"
"POLE_ASSEMBLY "{{3, 4, 3}, 1, "Delta"}
"PASS: ""finite symbolic input parts"
"PASS: ""evaluated Laurent polynomial"
"PASS: ""finite evaluated tensor"
"POLE_ASSEMBLY "{{3, 4, 3}, 1, "L0"}
"POLE_ASSEMBLY "{{3, 4, 3}, 1, "L1"}
"POLE_ASSEMBLY "{{3, 4, 3}, 1, "Regular"}
"POLE_ASSEMBLY "{{3, 4, 3}, -1, "Delta"}
"POLE_ASSEMBLY "{{3, 4, 3}, -1, "L0"}
"POLE_ASSEMBLY "{{3, 4, 3}, -1, "L1"}
"POLE_ASSEMBLY "{{3, 4, 3}, -1, "Regular"}
"PASS: ""real endpoint branches share a boundary"
"POLE_ASSEMBLY "{{3, 4, 3}, 0, "Delta"}
"POLE_ASSEMBLY "{{3, 4, 3}, 0, "L0"}
"POLE_ASSEMBLY "{{3, 4, 3}, 0, "L1"}
"POLE_ASSEMBLY "{{3, 4, 3}, 0, "Regular"}
"PASS: ""finite physical component"
"POLE_ASSEMBLY "{{3, 4, 4}, 1, "Delta"}
"PASS: ""finite symbolic input parts"
"PASS: ""evaluated Laurent polynomial"
"PASS: ""finite evaluated tensor"
"POLE_ASSEMBLY "{{3, 4, 4}, 1, "L0"}
"POLE_ASSEMBLY "{{3, 4, 4}, 1, "L1"}
"PASS: ""integer finite Laurent support"
"PASS: ""complete Laurent polynomial"
"PASS: ""regulator-independent Laurent coefficients"
"PASS: ""exact Laurent polynomial reconstruction"
"PASS: ""phase kernel has no truncated input series"
"PASS: ""reference phase product evaluated"
"POLE_ASSEMBLY "{{3, 4, 4}, 1, "Regular"}
"PASS: ""{{3, 4, 4}, 1, \"Regular\"} pole -1"
"POLE_ASSEMBLY "{{3, 4, 4}, -1, "Delta"}
"POLE_ASSEMBLY "{{3, 4, 4}, -1, "L0"}
"POLE_ASSEMBLY "{{3, 4, 4}, -1, "L1"}
"POLE_ASSEMBLY "{{3, 4, 4}, -1, "Regular"}
"PASS: ""{{3, 4, 4}, -1, \"Regular\"} pole -1"
"PASS: ""real endpoint branches share a boundary"
"POLE_ASSEMBLY "{{3, 4, 4}, 0, "Delta"}
"POLE_ASSEMBLY "{{3, 4, 4}, 0, "L0"}
"POLE_ASSEMBLY "{{3, 4, 4}, 0, "L1"}
"POLE_ASSEMBLY "{{3, 4, 4}, 0, "Regular"}
"PASS: ""{{3, 4, 4}, 0, \"Regular\"} pole -1"
"PASS: ""finite physical component"
"POLE_ASSEMBLY "{{4, 1, 1}, 1, "Delta"}
"PASS: ""finite symbolic input parts"
"PASS: ""evaluated Laurent polynomial"
"PASS: ""finite evaluated tensor"
"POLE_ASSEMBLY "{{4, 1, 1}, 1, "L0"}
"POLE_ASSEMBLY "{{4, 1, 1}, 1, "L1"}
"PASS: ""integer finite Laurent support"
"PASS: ""complete Laurent polynomial"
"PASS: ""regulator-independent Laurent coefficients"
"PASS: ""exact Laurent polynomial reconstruction"
"PASS: ""phase kernel has no truncated input series"
"PASS: ""reference phase product evaluated"
"POLE_ASSEMBLY "{{4, 1, 1}, 1, "Regular"}

No more memory available.
Mathematica kernel has shut down.
Try quitting other applications and then retry.
