
SetDelayed::wrsym: Symbol Discard is Protected.
"Generating ""real"
""
"""loading ""generic"" model file ""/home/physics/.Wolfram/Applications/FeynCalc/FeynArts/Models/Lorentz.gen"
"> $GenericMixing is OFF"
"generic model "{"Lorentz"}" initialized"
""
"""loading ""classes"" model file ""/home/physics/.Wolfram/Applications/FeynCalc/FeynArts/Models/SMQCD.mod"
"  ""loading ""classes"" model file ""/home/physics/.Wolfram/Applications/FeynCalc/FeynArts/Models/SM.mod"
""
$CKM = False
""
"> "49" particles (incl. antiparticles) in "18" classes"
"> $CounterTerms are ON"
"> "93" vertices"
"> "121" counterterms of order 1"
"> "6" counterterms of order 2"
"classes model "{"SMQCD"}" initialized"
""
"inserting at level(s) "{Particles}
"> Top. "1": ""0 Particles insertions"
"> Top. "2": ""0 Particles insertions"
"> Top. "3": ""0 Particles insertions"
"> Top. "4": ""0 Particles insertions"
"> Top. "5": ""0 Particles insertions"
"> Top. "6": ""0 Particles insertions"
"> Top. "7": ""0 Particles insertions"
"> Top. "8": ""0 Particles insertions"
"> Top. "9": ""0 Particles insertions"
"> Top. "10": ""0 Particles insertions"
"> Top. "11": ""5 Particles insertions"
"> Top. "12": ""5 Particles insertions"
"> Top. "13": ""0 Particles insertions"
"> Top. "14": ""5 Particles insertions"
"> Top. "15": ""5 Particles insertions"
"> Top. "16": ""0 Particles insertions"
"> Top. "17": ""0 Particles insertions"
"> Top. "18": ""0 Particles insertions"
"> Top. "19": ""0 Particles insertions"
"> Top. "20": ""5 Particles insertions"
"> Top. "21": ""5 Particles insertions"
"> Top. "22": ""5 Particles insertions"
"> Top. "23": ""0 Particles insertions"
"> Top. "24": ""5 Particles insertions"
"> Top. "25": ""0 Particles insertions"
"in total: ""40 Particles insertions"
""
"creating amplitudes at level(s) "{Particles}
"> Top. "1": ""5 Particles amplitudes"
"> Top. "2": ""5 Particles amplitudes"
"> Top. "3": ""5 Particles amplitudes"
"> Top. "4": ""5 Particles amplitudes"
"> Top. "5": ""5 Particles amplitudes"
"> Top. "6": ""5 Particles amplitudes"
"> Top. "7": ""5 Particles amplitudes"
"> Top. "8": ""5 Particles amplitudes"
"in total: ""40 Particles amplitudes"
"real"": "8" diagrams; "26664" bytes"
"Generating ""born_qg"
""
"inserting at level(s) "{Particles}
"> Top. "1": ""0 Particles insertions"
"> Top. "2": ""1 Particles insertion"
"> Top. "3": ""0 Particles insertions"
"> Top. "4": ""1 Particles insertion"
"in total: ""2 Particles insertions"
""
"creating amplitudes at level(s) "{Particles}
"> Top. "1": ""1 Particles amplitude"
"> Top. "2": ""1 Particles amplitude"
"in total: ""2 Particles amplitudes"
"born_qg"": "2" diagrams; "4328" bytes"
"Generating ""born_gq"
""
"inserting at level(s) "{Particles}
"> Top. "1": ""0 Particles insertions"
"> Top. "2": ""0 Particles insertions"
"> Top. "3": ""1 Particles insertion"
"> Top. "4": ""1 Particles insertion"
"in total: ""2 Particles insertions"
""
"creating amplitudes at level(s) "{Particles}
"> Top. "1": ""1 Particles amplitude"
"> Top. "2": ""1 Particles amplitude"
"in total: ""2 Particles amplitudes"
"born_gq"": "2" diagrams; "4472" bytes"
"PASS: amplitudes saved"
