"Reducing ""born_qg"" "{1, 1}
"Saved ""born_qg"" "{1, 1}"; bytes "3440"; memory MB "162
"Reducing ""born_qg"" "{1, 2}
"Saved ""born_qg"" "{1, 2}"; bytes "2224"; memory MB "162
"Reducing ""born_qg"" "{2, 2}
"Saved ""born_qg"" "{2, 2}"; bytes "2520"; memory MB "163
"PASS: ""born_qg"" scalar square and photon Ward identity"
"Reducing ""born_gq"" "{1, 1}
"Saved ""born_gq"" "{1, 1}"; bytes "3048"; memory MB "163
"Reducing ""born_gq"" "{1, 2}
"Saved ""born_gq"" "{1, 2}"; bytes "1600"; memory MB "165
"Reducing ""born_gq"" "{2, 2}
"Saved ""born_gq"" "{2, 2}"; bytes "1168"; memory MB "165
"PASS: ""born_gq"" scalar square and photon Ward identity"
"Reducing ""real"" "{1, 1}
"Saved ""real"" "{1, 1}"; bytes "5744"; memory MB "165
"Reducing ""real"" "{1, 2}
"Saved ""real"" "{1, 2}"; bytes "8240"; memory MB "166
"Reducing ""real"" "{1, 3}
"Saved ""real"" "{1, 3}"; bytes "25520"; memory MB "167
"Reducing ""real"" "{1, 4}
"Saved ""real"" "{1, 4}"; bytes "11568"; memory MB "168
"Reducing ""real"" "{1, 5}
"Saved ""real"" "{1, 5}"; bytes "13104"; memory MB "169
"Reducing ""real"" "{1, 6}
"Saved ""real"" "{1, 6}"; bytes "24624"; memory MB "174
"Reducing ""real"" "{1, 7}
"Saved ""real"" "{1, 7}"; bytes "28592"; memory MB "173
"Reducing ""real"" "{1, 8}
"Saved ""real"" "{1, 8}"; bytes "13936"; memory MB "171
"Reducing ""real"" "{2, 2}
"Saved ""real"" "{2, 2}"; bytes "7152"; memory MB "171
"Reducing ""real"" "{2, 3}
"Saved ""real"" "{2, 3}"; bytes "11568"; memory MB "171
"Reducing ""real"" "{2, 4}
"Saved ""real"" "{2, 4}"; bytes "24752"; memory MB "175
"Reducing ""real"" "{2, 5}
"Saved ""real"" "{2, 5}"; bytes "27824"; memory MB "178
"Reducing ""real"" "{2, 6}
"Saved ""real"" "{2, 6}"; bytes "15600"; memory MB "174
"Reducing ""real"" "{2, 7}
"Saved ""real"" "{2, 7}"; bytes "13616"; memory MB "175
"Reducing ""real"" "{2, 8}
"Saved ""real"" "{2, 8}"; bytes "24624"; memory MB "181
"Reducing ""real"" "{3, 3}
"Saved ""real"" "{3, 3}"; bytes "7480"; memory MB "177
"Reducing ""real"" "{3, 4}
"Saved ""real"" "{3, 4}"; bytes "10424"; memory MB "177
"Reducing ""real"" "{3, 5}
"Saved ""real"" "{3, 5}"; bytes "29368"; memory MB "189
"Reducing ""real"" "{3, 6}
"Saved ""real"" "{3, 6}"; bytes "16440"; memory MB "183
"Reducing ""real"" "{3, 7}
"Saved ""real"" "{3, 7}"; bytes "17144"; memory MB "182
"Reducing ""real"" "{3, 8}
"Saved ""real"" "{3, 8}"; bytes "34104"; memory MB "192
"Reducing ""real"" "{4, 4}
"Saved ""real"" "{4, 4}"; bytes "9720"; memory MB "184
"Reducing ""real"" "{4, 5}
"Saved ""real"" "{4, 5}"; bytes "19320"; memory MB "185
"Reducing ""real"" "{4, 6}
"Saved ""real"" "{4, 6}"; bytes "33848"; memory MB "194
"Reducing ""real"" "{4, 7}
"Saved ""real"" "{4, 7}"; bytes "29880"; memory MB "195
"Reducing ""real"" "{4, 8}
"Saved ""real"" "{4, 8}"; bytes "18360"; memory MB "190
"Reducing ""real"" "{5, 5}
"Saved ""real"" "{5, 5}"; bytes "13432"; memory MB "190
"Reducing ""real"" "{5, 6}
"Saved ""real"" "{5, 6}"; bytes "16440"; memory MB "194
"Reducing ""real"" "{5, 7}
"Saved ""real"" "{5, 7}"; bytes "30648"; memory MB "202
"Reducing ""real"" "{5, 8}
"Saved ""real"" "{5, 8}"; bytes "18872"; memory MB "193
"Reducing ""real"" "{6, 6}
"Saved ""real"" "{6, 6}"; bytes "13304"; memory MB "193
"Reducing ""real"" "{6, 7}
"Saved ""real"" "{6, 7}"; bytes "18360"; memory MB "194
"Reducing ""real"" "{6, 8}
"Saved ""real"" "{6, 8}"; bytes "32696"; memory MB "204
"Reducing ""real"" "{7, 7}
"Saved ""real"" "{7, 7}"; bytes "12280"; memory MB "194
"Reducing ""real"" "{7, 8}
"Saved ""real"" "{7, 8}"; bytes "17208"; memory MB "197
"Reducing ""real"" "{8, 8}
"Saved ""real"" "{8, 8}"; bytes "13816"; memory MB "197
"PASS: identical spectator exchange"
"PASS: ""real"" scalar square and photon Ward identity"
"PASS: all squared amplitudes saved"
