"PASS: angular master conventions (F24, F28)"
"Integrating ""real_0101.wl"
"Saved angular poles and finite terms"
"Integrating ""real_0102.wl"
"Saved angular poles and finite terms"
"Integrating ""real_0103.wl"
"Saved angular poles and finite terms"
"Integrating ""real_0104.wl"
"Saved angular poles and finite terms"
"Integrating ""real_0105.wl"
"Saved angular poles and finite terms"
"Integrating ""real_0106.wl"
"Saved angular poles and finite terms"
"Integrating ""real_0107.wl"
"Saved angular poles and finite terms"
"Integrating ""real_0108.wl"
"Saved angular poles and finite terms"
"Integrating ""real_0202.wl"
"Saved angular poles and finite terms"
"Integrating ""real_0203.wl"
"Saved angular poles and finite terms"
"Integrating ""real_0204.wl"
"Saved angular poles and finite terms"
"Integrating ""real_0205.wl"
"Saved angular poles and finite terms"
"Integrating ""real_0206.wl"
"Saved angular poles and finite terms"
"Integrating ""real_0207.wl"
"Saved angular poles and finite terms"
"Integrating ""real_0208.wl"
"Saved angular poles and finite terms"
"Integrating ""real_0303.wl"
"Saved angular poles and finite terms"
"Integrating ""real_0304.wl"
"Saved angular poles and finite terms"
"Integrating ""real_0305.wl"
"Saved angular poles and finite terms"
"Integrating ""real_0306.wl"
"Saved angular poles and finite terms"
"Integrating ""real_0307.wl"
"Saved angular poles and finite terms"
"Integrating ""real_0308.wl"
"Saved angular poles and finite terms"
"Integrating ""real_0404.wl"
"Saved angular poles and finite terms"
"Integrating ""real_0405.wl"
"Saved angular poles and finite terms"
"Integrating ""real_0406.wl"
"Saved angular poles and finite terms"
"Integrating ""real_0407.wl"
"Saved angular poles and finite terms"
"Integrating ""real_0408.wl"
"Saved angular poles and finite terms"
"Integrating ""real_0505.wl"
"Saved angular poles and finite terms"
"Integrating ""real_0506.wl"
"Saved angular poles and finite terms"
"Integrating ""real_0507.wl"
"Saved angular poles and finite terms"
"Integrating ""real_0508.wl"
"Saved angular poles and finite terms"
"Integrating ""real_0606.wl"
"Saved angular poles and finite terms"
"Integrating ""real_0607.wl"
"Saved angular poles and finite terms"
"Integrating ""real_0608.wl"
"Saved angular poles and finite terms"
"Integrating ""real_0707.wl"
"Saved angular poles and finite terms"
"Integrating ""real_0708.wl"
"Saved angular poles and finite terms"
"Integrating ""real_0808.wl"
"Saved angular poles and finite terms"
"PASS: no recoil endpoint distributions at symbolic epsilon"
"PASS: symbolic angular integrals saved (overall Pi factored out)"
