"PASS: ""reviewed complete local source"
"PASS: ""bound local input common/s15_finalize_Hgg_coefficients.wls"
"PASS: ""bound local input common/s15_finalize_spin_coefficients_compact.wls"
"PASS: ""bound local input common/s15_finalize_spin_coefficients.wls"
"PASS: ""bound local input common/s15_inputs.json"
"PASS: ""bound local input common/s01_inputs.json"
"PASS: ""bound local input common/s02_result/s02_result.wl"
"PASS: ""bound local input common/s10_result/s10_result.wl"
"PASS: ""bound local input common/s11_Hgg_native_routes.wls"
"PASS: ""bound local input Hgg/s11_native_result/s11_result.wl"
"PASS: ""bound local input Hgg/s11_native_result/s11_execution.json"
"PASS: ""bound local input Hgg/s15_scheme_result/reference/before_dimensional_completion/s15_result.wl"
"PASS: ""bound local input Hgg/s15_scheme_result/reference/before_dimensional_completion/s15_execution.json"
"PASS: ""bound local input common/s15_result/reference/s54_factorization_contract.wls"
"PASS: ""bound local input common/s11_collinear_spin_convolutions.wls"
"PASS: ""bound local input common/s14_result/reference/s20_final_hats.wl"
"PASS: ""bound local input Hqq/s01_result/reference/s01_result/s01_inputs/s02_result.wl"
"PASS: ""explicit local scheme-only invocation"
"PASS: ""authentic accepted subtraction input"
"PASS: ""authentic accepted previous scheme input"
"PASS: ""unique complete Hgg entry boundary"
"PASS: ""complete inherited entry syntax"
"PASS: ""exact local runtime and storage interfaces"
"PASS: ""entire inherited calculation unchanged"
"PASS: ""authorized local Engine15 runtime"
"PASS: ""isolated local output owner"
"PASS: ""complete source syntax"
"PASS: ""required input common/s15_inputs.json"
"PASS: ""explicit helicity scheme definition"
"PASS: ""pinned scheme reference common/s15_result/reference/s54_factorization_contract.wls"
"PASS: ""pinned scheme reference common/s11_collinear_spin_convolutions.wls"
"PASS: ""pinned scheme reference common/s14_result/reference/s20_final_hats.wl"
"PASS: ""required input common/s01_inputs.json"
"PASS: ""known channel"
"PASS: ""required input common/s02_result/s02_result.wl"
"PASS: ""required input common/s10_result/s10_result.wl"
"PASS: ""own final gluon channel"
"PASS: ""required input Hgg/s11_native_result/s11_result.wl"
"PASS: ""accepted dimensional MS subtraction"
"PASS: ""accepted basis kernels and subtraction"
"PASS: ""accepted channel subtraction schema"
"PASS: ""accepted subtraction source binding"
"PASS: ""unconverted BMHV subtraction"
"PASS: ""same physical basis"
"PASS: ""required input Hqq/s01_result/reference/s01_result/s01_inputs/s02_result.wl"
"PASS: ""pinned color normalization"
"PASS: ""scheme kernel restores the defined epsilon difference"
"PASS: ""inherited hard-counterterm sign"
"PASS: ""derived constant reference kernel normalization"
"PASS: ""regular endpoint-vanishing finite kernel"
"PASS: ""no diagonal quark scheme route in the real-only channel"
"PASS: ""exact finite scheme tensor"
"PASS: ""unpolarized coefficient preserved"
"PASS: ""required input Hgg/s15_scheme_result/reference/before_dimensional_completion/s15_result.wl"
"PASS: ""same previously accepted helicity conversion"
"PASS: ""bounded final native file misc/s05_result/s05_result.wl"
"PASS: ""exact final native reload misc/s05_result/s05_result.wl"
"PASS: s15_helicity_scheme"
