MONITOR_START job=14692857 host=n7404 kernel_pid=163973
"From remote kernel:"
"\"[SubTropica] FF/SPQR auto-detect aborted; falling back to PolynomialQuotient[].\"\n"
"From remote kernel:"
"\"[SubTropica] FF/SPQR auto-detect aborted; falling back to PolynomialQuotient[].\"\n"
"From remote kernel:"
"\"[SubTropica] FF/SPQR auto-detect aborted; falling back to PolynomialQuotient[].\"\n"
"From remote kernel:"
"\"[SubTropica] FF/SPQR auto-detect aborted; falling back to PolynomialQuotient[].\"\n"
"From remote kernel:"
"\"                                @@@@@@@\\n             ^^              @@@@@@@@@@@@@                 [×] polymake\\n        ^^        ^^       @@@@@@@@@@@@@@@@@\\n                          @@@@@@@@@@@@@@@@@@@           ^^\\n                         @@@@@@@@@@@@@@@@@@@@@\\n ~~~~ ~~~ ~~~~ ~~~~~ ~~  &&&&&&&&&&&&&&&&&&&&& ~~~~~~~ ~~~~~~~ ~~~ ~~~~\\n ~        ~~   ~  ~      ~~~~~~~~~~~~~~~~~~~~~ ~       ~~    ~~ ~  ~~~~\\n  ~ ~~     ~~~    ~  ~~   ~~    ~~~~~   ~~  ~~~    ~    ~~~    ~~  ~~\\n          [-] pySecDec  [-] FIESTA  [-] AMFlow  [-] feyntrop\\n     [-] FiniteFlow  [-] SPQR  [-] LiteRed  [-] FIRE  [-] HyperInt\\n         [-] maple  [-] ginsh  [-] python3  [\[Checkmark]] curl  [-] make\\n        [-] HyperFLINT  [-] HyperFORM  [-] IterInt  [-] msolve\\n                       [-] SOFIA  [-] Effortless\\n       [-] Kira  [-] FireFly  [-] Fermat  [-] NeatIBP  [-] SpaSM\\n   [-] Singular  [-] FORM  [-] PolyLogTools  [-] Libra  [-] DiffExp\\n ~  ~       ~ ~      ~           ~~ ~~~~~~  ~      ~~  ~             ~~\\n       ~             ~        ~      ~      ~~   ~             ~\\n\\nWelcome to SubTropica v1.2.10!\\n\\nby Mathieu Giroux, Sebastian Mizera, Giulio Salvatori\\n\\nNew install \[LongDash] run STBenchmark[] to verify your setup.\"\n"
"From remote kernel:"
"\"  \[WarningSign] \"\"polymake\"\" is REQUIRED: \"\"brew install polymake  |  apt install polymake  |  conda install -c conda-forge polymake\"\"\\n    \"\"If not on $PATH: ConfigureSubTropica[PolymakePath -> \\\"/absolute/path/to/polymake\\\"]\"\n"
"From remote kernel:"
"\"                                @@@@@@@\\n             ^^              @@@@@@@@@@@@@                 [×] polymake\\n        ^^        ^^       @@@@@@@@@@@@@@@@@\\n                          @@@@@@@@@@@@@@@@@@@           ^^\\n                         @@@@@@@@@@@@@@@@@@@@@\\n ~~~~ ~~~ ~~~~ ~~~~~ ~~  &&&&&&&&&&&&&&&&&&&&& ~~~~~~~ ~~~~~~~ ~~~ ~~~~\\n ~        ~~   ~  ~      ~~~~~~~~~~~~~~~~~~~~~ ~       ~~    ~~ ~  ~~~~\\n  ~ ~~     ~~~    ~  ~~   ~~    ~~~~~   ~~  ~~~    ~    ~~~    ~~  ~~\\n          [-] pySecDec  [-] FIESTA  [-] AMFlow  [-] feyntrop\\n     [-] FiniteFlow  [-] SPQR  [-] LiteRed  [-] FIRE  [-] HyperInt\\n         [-] maple  [-] ginsh  [-] python3  [\[Checkmark]] curl  [-] make\\n        [-] HyperFLINT  [-] HyperFORM  [-] IterInt  [-] msolve\\n                       [-] SOFIA  [-] Effortless\\n       [-] Kira  [-] FireFly  [-] Fermat  [-] NeatIBP  [-] SpaSM\\n   [-] Singular  [-] FORM  [-] PolyLogTools  [-] Libra  [-] DiffExp\\n ~  ~       ~ ~      ~           ~~ ~~~~~~  ~      ~~  ~             ~~\\n       ~             ~        ~      ~      ~~   ~             ~\\n\\nWelcome to SubTropica v1.2.10!\\n\\nby Mathieu Giroux, Sebastian Mizera, Giulio Salvatori\\n\\nNew install \[LongDash] run STBenchmark[] to verify your setup.\"\n"
"From remote kernel:"
"\"                                @@@@@@@\\n             ^^              @@@@@@@@@@@@@                 [×] polymake\\n        ^^        ^^       @@@@@@@@@@@@@@@@@\\n                          @@@@@@@@@@@@@@@@@@@           ^^\\n                         @@@@@@@@@@@@@@@@@@@@@\\n ~~~~ ~~~ ~~~~ ~~~~~ ~~  &&&&&&&&&&&&&&&&&&&&& ~~~~~~~ ~~~~~~~ ~~~ ~~~~\\n ~        ~~   ~  ~      ~~~~~~~~~~~~~~~~~~~~~ ~       ~~    ~~ ~  ~~~~\\n  ~ ~~     ~~~    ~  ~~   ~~    ~~~~~   ~~  ~~~    ~    ~~~    ~~  ~~\\n          [-] pySecDec  [-] FIESTA  [-] AMFlow  [-] feyntrop\\n     [-] FiniteFlow  [-] SPQR  [-] LiteRed  [-] FIRE  [-] HyperInt\\n         [-] maple  [-] ginsh  [-] python3  [\[Checkmark]] curl  [-] make\\n        [-] HyperFLINT  [-] HyperFORM  [-] IterInt  [-] msolve\\n                       [-] SOFIA  [-] Effortless\\n       [-] Kira  [-] FireFly  [-] Fermat  [-] NeatIBP  [-] SpaSM\\n   [-] Singular  [-] FORM  [-] PolyLogTools  [-] Libra  [-] DiffExp\\n ~  ~       ~ ~      ~           ~~ ~~~~~~  ~      ~~  ~             ~~\\n       ~             ~        ~      ~      ~~   ~             ~\\n\\nWelcome to SubTropica v1.2.10!\\n\\nby Mathieu Giroux, Sebastian Mizera, Giulio Salvatori\\n\\nNew install \[LongDash] run STBenchmark[] to verify your setup.\"\n"
"From remote kernel:"
"\"  \[WarningSign] \"\"polymake\"\" is REQUIRED: \"\"brew install polymake  |  apt install polymake  |  conda install -c conda-forge polymake\"\"\\n    \"\"If not on $PATH: ConfigureSubTropica[PolymakePath -> \\\"/absolute/path/to/polymake\\\"]\"\n"
"From remote kernel:"
"\"  \[WarningSign] \"\"polymake\"\" is REQUIRED: \"\"brew install polymake  |  apt install polymake  |  conda install -c conda-forge polymake\"\"\\n    \"\"If not on $PATH: ConfigureSubTropica[PolymakePath -> \\\"/absolute/path/to/polymake\\\"]\"\n"
"From remote kernel:"
"\"                                @@@@@@@\\n             ^^              @@@@@@@@@@@@@                 [×] polymake\\n        ^^        ^^       @@@@@@@@@@@@@@@@@\\n                          @@@@@@@@@@@@@@@@@@@           ^^\\n                         @@@@@@@@@@@@@@@@@@@@@\\n ~~~~ ~~~ ~~~~ ~~~~~ ~~  &&&&&&&&&&&&&&&&&&&&& ~~~~~~~ ~~~~~~~ ~~~ ~~~~\\n ~        ~~   ~  ~      ~~~~~~~~~~~~~~~~~~~~~ ~       ~~    ~~ ~  ~~~~\\n  ~ ~~     ~~~    ~  ~~   ~~    ~~~~~   ~~  ~~~    ~    ~~~    ~~  ~~\\n          [-] pySecDec  [-] FIESTA  [-] AMFlow  [-] feyntrop\\n     [-] FiniteFlow  [-] SPQR  [-] LiteRed  [-] FIRE  [-] HyperInt\\n         [-] maple  [-] ginsh  [-] python3  [\[Checkmark]] curl  [-] make\\n        [-] HyperFLINT  [-] HyperFORM  [-] IterInt  [-] msolve\\n                       [-] SOFIA  [-] Effortless\\n       [-] Kira  [-] FireFly  [-] Fermat  [-] NeatIBP  [-] SpaSM\\n   [-] Singular  [-] FORM  [-] PolyLogTools  [-] Libra  [-] DiffExp\\n ~  ~       ~ ~      ~           ~~ ~~~~~~  ~      ~~  ~             ~~\\n       ~             ~        ~      ~      ~~   ~             ~\\n\\nWelcome to SubTropica v1.2.10!\\n\\nby Mathieu Giroux, Sebastian Mizera, Giulio Salvatori\\n\\nNew install \[LongDash] run STBenchmark[] to verify your setup.\"\n"
"From remote kernel:"
"\"  \[WarningSign] \"\"polymake\"\" is REQUIRED: \"\"brew install polymake  |  apt install polymake  |  conda install -c conda-forge polymake\"\"\\n    \"\"If not on $PATH: ConfigureSubTropica[PolymakePath -> \\\"/absolute/path/to/polymake\\\"]\"\n"
"From remote kernel:"
"\"\[Checkmark]polymake  -ginsh  -IterInt  -maple  -HyperInt  -HyperFLINT  -HyperLogProcedures  -python3  -pySecDec  -FIESTA  -AMFlow  -LiteRed  -FIRE  -SPQR  -SOFIA  -Effortless  -feyntrop  -FiniteFlow  \[Checkmark]curl  -make  -Kira  -FireFly  -Fermat  -msolve  -NeatIBP  -SpaSM  -Singular  -FORM  -HyperFORM  -PolyLogTools  -Libra  -DiffExp\"\n"
"From remote kernel:"
"\"SUBTROPICA_START \"\"P4_0011001111001100\"\" order \"1\" kernel \"3\n"
"From remote kernel:"
"\"\[Checkmark]polymake  -ginsh  -IterInt  -maple  -HyperInt  -HyperFLINT  -HyperLogProcedures  -python3  -pySecDec  -FIESTA  -AMFlow  -LiteRed  -FIRE  -SPQR  -SOFIA  -Effortless  -feyntrop  -FiniteFlow  \[Checkmark]curl  -make  -Kira  -FireFly  -Fermat  -msolve  -NeatIBP  -SpaSM  -Singular  -FORM  -HyperFORM  -PolyLogTools  -Libra  -DiffExp\"\n"
"From remote kernel:"
"\"\[Checkmark]polymake  -ginsh  -IterInt  -maple  -HyperInt  -HyperFLINT  -HyperLogProcedures  -python3  -pySecDec  -FIESTA  -AMFlow  -LiteRed  -FIRE  -SPQR  -SOFIA  -Effortless  -feyntrop  -FiniteFlow  \[Checkmark]curl  -make  -Kira  -FireFly  -Fermat  -msolve  -NeatIBP  -SpaSM  -Singular  -FORM  -HyperFORM  -PolyLogTools  -Libra  -DiffExp\"\n"
"From remote kernel:"
"\"\[Checkmark]polymake  -ginsh  -IterInt  -maple  -HyperInt  -HyperFLINT  -HyperLogProcedures  -python3  -pySecDec  -FIESTA  -AMFlow  -LiteRed  -FIRE  -SPQR  -SOFIA  -Effortless  -feyntrop  -FiniteFlow  \[Checkmark]curl  -make  -Kira  -FireFly  -Fermat  -msolve  -NeatIBP  -SpaSM  -Singular  -FORM  -HyperFORM  -PolyLogTools  -Libra  -DiffExp\"\n"
"From remote kernel:"
"\"SUBTROPICA_START \"\"P2_0110\"\" order \"1\" kernel \"1\n"
"From remote kernel:"
"\"SUBTROPICA_START \"\"P3_011101110\"\" order \"1\" kernel \"4\n"
"From remote kernel:"
"\"SUBTROPICA_START \"\"P4_0001001101011110\"\" order \"1\" kernel \"2\n"
"From remote kernel:"
"DistributeDefinitions::subnopar: Parallel programming is not available in subkernels of another parallel computation."
"From remote kernel:"
"DistributeDefinitions::subnopar: Parallel programming is not available in subkernels of another parallel computation."
"From remote kernel:"
"DistributeDefinitions::subnopar: Parallel programming is not available in subkernels of another parallel computation."
"From remote kernel:"
"DistributeDefinitions::subnopar: Parallel programming is not available in subkernels of another parallel computation."
"From remote kernel:"
"\">> \"\"Problem ID:\"\" \"\"P4_0011001111001100\"\n"
"From remote kernel:"
"Dynamic[Module[{SubTropica`Private`dt = AbsoluteTime[] - 3.997739365534202`16.3543894658355*^9}, Which[SubTropica`Private`dt < 60, Row[{\"Time elapsed: \", NumberForm[SubTropica`Private`dt, {4, 1}], \"s\"}], SubTropica`Private`dt < 3600, Row[{\"Time elapsed: \", Floor[SubTropica`Private`dt/60], \"m \", Mod[Round[SubTropica`Private`dt], 60], \"s\"}], True, Row[{\"Time elapsed: \", Floor[SubTropica`Private`dt/3600], \"h \", Floor[Mod[SubTropica`Private`dt, 3600]/60], \"m\"}]]], UpdateInterval -> 1]\n"
"From remote kernel:"
"\">> \"\"Parametric integrand:\"\" \"{I*Pi^(2 - eps)*Gamma[2 + eps], (1 + xx1 + xx2 + xx3)^(2*eps)*(c14*xx1 + c24*xx2 + c13*xx1*xx3 + c23*xx2*xx3)^(-2 - eps), {xx1, xx2, xx3}, {c13, c14, c23, c24}}\n"
"From remote kernel:"
"\">> \"\"Problem ID:\"\" \"\"P2_0110\"\n"
"From remote kernel:"
"\">> \"\"Problem ID:\"\" \"\"P3_011101110\"\n"
"From remote kernel:"
"Dynamic[Module[{SubTropica`Private`dt = AbsoluteTime[] - 3.99773936558219`16.35438946584071*^9}, Which[SubTropica`Private`dt < 60, Row[{\"Time elapsed: \", NumberForm[SubTropica`Private`dt, {4, 1}], \"s\"}], SubTropica`Private`dt < 3600, Row[{\"Time elapsed: \", Floor[SubTropica`Private`dt/60], \"m \", Mod[Round[SubTropica`Private`dt], 60], \"s\"}], True, Row[{\"Time elapsed: \", Floor[SubTropica`Private`dt/3600], \"h \", Floor[Mod[SubTropica`Private`dt, 3600]/60], \"m\"}]]], UpdateInterval -> 1]\n"
"From remote kernel:"
"\">> \"\"Problem ID:\"\" \"\"P4_0001001101011110\"\n"
"From remote kernel:"
"Dynamic[Module[{SubTropica`Private`dt = AbsoluteTime[] - 3.997739365584913`16.354389465841006*^9}, Which[SubTropica`Private`dt < 60, Row[{\"Time elapsed: \", NumberForm[SubTropica`Private`dt, {4, 1}], \"s\"}], SubTropica`Private`dt < 3600, Row[{\"Time elapsed: \", Floor[SubTropica`Private`dt/60], \"m \", Mod[Round[SubTropica`Private`dt], 60], \"s\"}], True, Row[{\"Time elapsed: \", Floor[SubTropica`Private`dt/3600], \"h \", Floor[Mod[SubTropica`Private`dt, 3600]/60], \"m\"}]]], UpdateInterval -> 1]\n"
"From remote kernel:"
"\">> \"\"Parametric integrand:\"\" \"{I*Pi^(2 - eps)*Gamma[eps], (1 + xx1)^(-2 + 2*eps)/(c12*xx1)^eps, {xx1}, {c12}}\n"
"From remote kernel:"
"Dynamic[Module[{SubTropica`Private`dt = AbsoluteTime[] - 3.997739365589336`16.354389465841482*^9}, Which[SubTropica`Private`dt < 60, Row[{\"Time elapsed: \", NumberForm[SubTropica`Private`dt, {4, 1}], \"s\"}], SubTropica`Private`dt < 3600, Row[{\"Time elapsed: \", Floor[SubTropica`Private`dt/60], \"m \", Mod[Round[SubTropica`Private`dt], 60], \"s\"}], True, Row[{\"Time elapsed: \", Floor[SubTropica`Private`dt/3600], \"h \", Floor[Mod[SubTropica`Private`dt, 3600]/60], \"m\"}]]], UpdateInterval -> 1]\n"
"From remote kernel:"
"\">> \"\"Parametric integrand:\"\" \"{-I*Pi^(2 - eps)*Gamma[1 + eps], (1 + xx1 + xx2)^(-1 + 2*eps)*(c13*xx1 + c23*xx2 + c12*xx1*xx2)^(-1 - eps), {xx1, xx2}, {c12, c13, c23}}\n"
"From remote kernel:"
"\">> \"\"Parametric integrand:\"\" \"{I*Pi^(2 - eps)*Gamma[2 + eps], (1 + xx1 + xx2 + xx3)^(2*eps)*(c14*xx1 + c24*xx2 + c34*xx3 + c23*xx2*xx3)^(-2 - eps), {xx1, xx2, xx3}, {c14, c23, c24, c34}}\n"
"From remote kernel:"
"\">> \"\"Time taken to set up the integrands and directories:\"\" \"\"0.2s\"\n"
"From remote kernel:"
"\"All integrands saved to: \"\"s07_all_integrands.wl\"\n"
"From remote kernel:"
"stDispatchFubini2::nocarrymma: Carry -> True has no effect on the HyperIntica/Mathematica LR engines (no carry tier); proceeding with strict FindRoots semantics."
"From remote kernel:"
"\">> \"\"Time taken to find the linear orderings:\"\" \"\"0.0s\"\n"
"From remote kernel:"
"ParallelEvaluate::subnopar: Parallel programming is not available in subkernels of another parallel computation."
"From remote kernel:"
"\">> \"\"Time taken to set up the kernels:\"\" \"\"< 0.01s\"\n"
"From remote kernel:"
"DistributeDefinitions::subnopar: Parallel programming is not available in subkernels of another parallel computation."
"From remote kernel:"
"ParallelMap::subpar: Parallel computations cannot be nested; proceeding with sequential evaluation."
"From remote kernel:"
"\">> \"\"Time taken to integrate:\"\" \"\"0.1s\"\n"
"From remote kernel:"
"ParallelEvaluate::subnopar: Parallel programming is not available in subkernels of another parallel computation."
"From remote kernel:"
"\">> \"\"Overall timing:\"\" \"\"1.7s\"\n"
"From remote kernel:"
"\"SUBTROPICA_PARENT_ACCEPTED \"\"P2_0110\"\n"
"From remote kernel:"
"\"\[Checkmark]polymake  -ginsh  -IterInt  -maple  -HyperInt  -HyperFLINT  -HyperLogProcedures  -python3  -pySecDec  -FIESTA  -AMFlow  -LiteRed  -FIRE  -SPQR  -SOFIA  -Effortless  -feyntrop  -FiniteFlow  \[Checkmark]curl  -make  -Kira  -FireFly  -Fermat  -msolve  -NeatIBP  -SpaSM  -Singular  -FORM  -HyperFORM  -PolyLogTools  -Libra  -DiffExp\"\n"
"From remote kernel:"
"\"SUBTROPICA_START \"\"P4_0011001111011110\"\" order \"1\" kernel \"1\n"
"From remote kernel:"
"DistributeDefinitions::subnopar: Parallel programming is not available in subkernels of another parallel computation."
"From remote kernel:"
"\">> \"\"Problem ID:\"\" \"\"P4_0011001111011110\"\n"
"From remote kernel:"
"Dynamic[Module[{SubTropica`Private`dt = AbsoluteTime[] - 3.997739368734337`16.35438946618314*^9}, Which[SubTropica`Private`dt < 60, Row[{\"Time elapsed: \", NumberForm[SubTropica`Private`dt, {4, 1}], \"s\"}], SubTropica`Private`dt < 3600, Row[{\"Time elapsed: \", Floor[SubTropica`Private`dt/60], \"m \", Mod[Round[SubTropica`Private`dt], 60], \"s\"}], True, Row[{\"Time elapsed: \", Floor[SubTropica`Private`dt/3600], \"h \", Floor[Mod[SubTropica`Private`dt, 3600]/60], \"m\"}]]], UpdateInterval -> 1]\n"
"From remote kernel:"
"\">> \"\"Parametric integrand:\"\" \"{I*Pi^(2 - eps)*Gamma[2 + eps], (1 + xx1 + xx2 + xx3)^(2*eps)*(c14*xx1 + c24*xx2 + c34*xx3 + c13*xx1*xx3 + c23*xx2*xx3)^(-2 - eps), {xx1, xx2, xx3}, {c13, c14, c23, c24, c34}}\n"
polymake:  ERROR: "/usr/local/share/polymake/perllib/Polymake/Core/CPlusPlus.pm", line 1785: Can't load shared module /usr/local/lib/polymake/lib/ideal.so: libSingular-4.1.1.so: cannot open shared object file: No such file or directory

polymake:  ERROR: "/usr/local/share/polymake/perllib/Polymake/Core/CPlusPlus.pm", line 1785: Can't load shared module /usr/local/lib/polymake/lib/ideal.so: libSingular-4.1.1.so: cannot open shared object file: No such file or directory

polymake:  ERROR: "/usr/local/share/polymake/perllib/Polymake/Core/CPlusPlus.pm", line 1785: Can't load shared module /usr/local/lib/polymake/lib/ideal.so: libSingular-4.1.1.so: cannot open shared object file: No such file or directory

"From remote kernel:"
"\">> \"\"Time taken to set up the integrands and directories:\"\" \"\"3.8s\"\n"
"From remote kernel:"
"\">> \"\"Time taken to set up the integrands and directories:\"\" \"\"3.8s\"\n"
"From remote kernel:"
"\">> \"\"Time taken to set up the integrands and directories:\"\" \"\"3.9s\"\n"
"From remote kernel:"
"\"All integrands saved to: \"\"s07_all_integrands.wl\"\n"
"From remote kernel:"
"stDispatchFubini2::nocarrymma: Carry -> True has no effect on the HyperIntica/Mathematica LR engines (no carry tier); proceeding with strict FindRoots semantics."
"From remote kernel:"
"\">> \"\"Time taken to find the linear orderings:\"\" \"\"0.0s\"\n"
"From remote kernel:"
"\"All integrands saved to: \"\"s07_all_integrands.wl\"\n"
"From remote kernel:"
"\"All integrands saved to: \"\"s07_all_integrands.wl\"\n"
"From remote kernel:"
"ParallelEvaluate::subnopar: Parallel programming is not available in subkernels of another parallel computation."
"From remote kernel:"
"stDispatchFubini2::nocarrymma: Carry -> True has no effect on the HyperIntica/Mathematica LR engines (no carry tier); proceeding with strict FindRoots semantics."
"From remote kernel:"
"stDispatchFubini2::nocarrymma: Carry -> True has no effect on the HyperIntica/Mathematica LR engines (no carry tier); proceeding with strict FindRoots semantics."
"From remote kernel:"
"\">> \"\"Time taken to set up the kernels:\"\" \"\"< 0.01s\"\n"
"From remote kernel:"
"DistributeDefinitions::subnopar: Parallel programming is not available in subkernels of another parallel computation."
"From remote kernel:"
"ParallelMap::subpar: Parallel computations cannot be nested; proceeding with sequential evaluation."
"From remote kernel:"
"\">> \"\"Time taken to find the linear orderings:\"\" \"\"0.1s\"\n"
"From remote kernel:"
"ParallelEvaluate::subnopar: Parallel programming is not available in subkernels of another parallel computation."
"From remote kernel:"
"\">> \"\"Time taken to find the linear orderings:\"\" \"\"0.2s\"\n"
"From remote kernel:"
"\">> \"\"Time taken to set up the kernels:\"\" \"\"< 0.01s\"\n"
"From remote kernel:"
"ParallelEvaluate::subnopar: Parallel programming is not available in subkernels of another parallel computation."
"From remote kernel:"
"DistributeDefinitions::subnopar: Parallel programming is not available in subkernels of another parallel computation."
"From remote kernel:"
"\">> \"\"Time taken to set up the kernels:\"\" \"\"< 0.01s\"\n"
"From remote kernel:"
"ParallelMap::subpar: Parallel computations cannot be nested; proceeding with sequential evaluation."
"From remote kernel:"
"DistributeDefinitions::subnopar: Parallel programming is not available in subkernels of another parallel computation."
"From remote kernel:"
"ParallelMap::subpar: Parallel computations cannot be nested; proceeding with sequential evaluation."
polymake:  ERROR: "/usr/local/share/polymake/perllib/Polymake/Core/CPlusPlus.pm", line 1785: Can't load shared module /usr/local/lib/polymake/lib/ideal.so: libSingular-4.1.1.so: cannot open shared object file: No such file or directory

"From remote kernel:"
"\">> \"\"Time taken to integrate:\"\" \"\"0.7s\"\n"
"From remote kernel:"
"ParallelEvaluate::subnopar: Parallel programming is not available in subkernels of another parallel computation."
"From remote kernel:"
"\">> \"\"Time taken to integrate:\"\" \"\"0.6s\"\n"
"From remote kernel:"
"ParallelEvaluate::subnopar: Parallel programming is not available in subkernels of another parallel computation."
"From remote kernel:"
"\">> \"\"Overall timing:\"\" \"\"4.9s\"\n"
"From remote kernel:"
"\">> \"\"Overall timing:\"\" \"\"4.9s\"\n"
"From remote kernel:"
"\"SUBTROPICA_PARENT_ACCEPTED \"\"P4_0011001111001100\"\n"
"From remote kernel:"
"\"[FindRoots] \"1\" algebraic letter pair\"\"\"\" in the result:\"\n"
"From remote kernel:"
"\"  Wm[\"1\"], Wp[\"1\"]   roots of   \"c23 + c12*xx1 - c13*xx1 + c23*xx1 + c12*xx1^2\" == 0   in   \"xx1\n"
"From remote kernel:"
"\"    Wm[\"1\"] = \"(-c12 + c13 - c23 - Sqrt[-4*c12*c23 + (c12 - c13 + c23)^2])/(2*c12)\n"
"From remote kernel:"
"\"    Wp[\"1\"] = \"(-c12 + c13 - c23 + Sqrt[-4*c12*c23 + (c12 - c13 + c23)^2])/(2*c12)\n"
"From remote kernel:"
"\"  Use  STShowAlgebraicLetters[]  for a table, or  \"\"result /. GetAlgebraicBackSubRules[]  to substitute.\"\n"
"From remote kernel:"
"\"SUBTROPICA_PARENT_ACCEPTED \"\"P3_011101110\"\n"
"From remote kernel:"
"\">> \"\"Time taken to set up the integrands and directories:\"\" \"\"1.9s\"\n"
"From remote kernel:"
"\"All integrands saved to: \"\"s07_all_integrands.wl\"\n"
"From remote kernel:"
"\">> \"\"Time taken to integrate:\"\" \"\"0.9s\"\n"
"From remote kernel:"
"ParallelEvaluate::subnopar: Parallel programming is not available in subkernels of another parallel computation."
"From remote kernel:"
"\">> \"\"Time taken to find the linear orderings:\"\" \"\"0.2s\"\n"
"From remote kernel:"
"ParallelEvaluate::subnopar: Parallel programming is not available in subkernels of another parallel computation."
"From remote kernel:"
"\">> \"\"Time taken to set up the kernels:\"\" \"\"< 0.01s\"\n"
"From remote kernel:"
"DistributeDefinitions::subnopar: Parallel programming is not available in subkernels of another parallel computation."
"From remote kernel:"
"ParallelMap::subpar: Parallel computations cannot be nested; proceeding with sequential evaluation."
"From remote kernel:"
"\">> \"\"Overall timing:\"\" \"\"5.4s\"\n"
"From remote kernel:"
"\"[FindRoots] \"2\" algebraic letter pair\"\"s\"\" in the result:\"\n"
"From remote kernel:"
"\"  Wm[\"1\"], Wp[\"1\"]   roots of   \"c34 + c23*xx2 - c24*xx2 + c34*xx2 + c23*xx2^2\" == 0   in   \"xx2\n"
"From remote kernel:"
"\"    Wm[\"1\"] = \"(-c23 + c24 - c34 - Sqrt[-4*c23*c34 + (c23 - c24 + c34)^2])/(2*c23)\n"
"From remote kernel:"
"\"    Wp[\"1\"] = \"(-c23 + c24 - c34 + Sqrt[-4*c23*c34 + (c23 - c24 + c34)^2])/(2*c23)\n"
"From remote kernel:"
"\"  Wm[\"2\"], Wp[\"2\"]   roots of   \"-c34 - c23*xx2 + c24*xx2 - c34*xx2 - c23*xx2^2\" == 0   in   \"xx2\n"
"From remote kernel:"
"\"    Wm[\"2\"] = \"(-c23 + c24 - c34 + Sqrt[(-c23 + c24 - c34)^2 - 4*c23*c34])/(2*c23)\n"
"From remote kernel:"
"\"    Wp[\"2\"] = \"(-c23 + c24 - c34 - Sqrt[(-c23 + c24 - c34)^2 - 4*c23*c34])/(2*c23)\n"
"From remote kernel:"
"\"  Use  STShowAlgebraicLetters[]  for a table, or  \"\"result /. GetAlgebraicBackSubRules[]  to substitute.\"\n"
"From remote kernel:"
"\"SUBTROPICA_PARENT_ACCEPTED \"\"P4_0001001101011110\"\n"
"From remote kernel:"
"\">> \"\"Time taken to integrate:\"\" \"\"1.3s\"\n"
"From remote kernel:"
"ParallelEvaluate::subnopar: Parallel programming is not available in subkernels of another parallel computation."
"From remote kernel:"
"\">> \"\"Overall timing:\"\" \"\"3.9s\"\n"
"From remote kernel:"
"\"[FindRoots] \"3\" algebraic letter pair\"\"s\"\" in the result:\"\n"
"From remote kernel:"
"\"  Wm[\"1\"], Wp[\"1\"]   roots of   \"c24 + c23*xx3 + c24*xx3 - c34*xx3 + c23*xx3^2\" == 0   in   \"xx3\n"
"From remote kernel:"
"\"    Wm[\"1\"] = \"(-c23 - c24 - Sqrt[-4*c23*c24 + (c23 + c24 - c34)^2] + c34)/(2*c23)\n"
"From remote kernel:"
"\"    Wp[\"1\"] = \"(-c23 - c24 + Sqrt[-4*c23*c24 + (c23 + c24 - c34)^2] + c34)/(2*c23)\n"
"From remote kernel:"
"\"  Wm[\"2\"], Wp[\"2\"]   roots of   \"c14 + c13*xx3 + c14*xx3 - c34*xx3 + c13*xx3^2\" == 0   in   \"xx3\n"
"From remote kernel:"
"\"    Wm[\"2\"] = \"(-c13 - c14 - Sqrt[-4*c13*c14 + (c13 + c14 - c34)^2] + c34)/(2*c13)\n"
"From remote kernel:"
"\"    Wp[\"2\"] = \"(-c13 - c14 + Sqrt[-4*c13*c14 + (c13 + c14 - c34)^2] + c34)/(2*c13)\n"
"From remote kernel:"
"\"  Wm[\"3\"], Wp[\"3\"]   roots of   \"-c14 - c13*xx3 - c14*xx3 + c34*xx3 - c13*xx3^2\" == 0   in   \"xx3\n"
"From remote kernel:"
"\"    Wm[\"3\"] = \"(-c13 - c14 + c34 + Sqrt[-4*c13*c14 + (-c13 - c14 + c34)^2])/(2*c13)\n"
"From remote kernel:"
"\"    Wp[\"3\"] = \"(-c13 - c14 + c34 - Sqrt[-4*c13*c14 + (-c13 - c14 + c34)^2])/(2*c13)\n"
"From remote kernel:"
"\"  Use  STShowAlgebraicLetters[]  for a table, or  \"\"result /. GetAlgebraicBackSubRules[]  to substitute.\"\n"
"From remote kernel:"
"\"SUBTROPICA_PARENT_ACCEPTED \"\"P4_0011001111011110\"\n"
"S07_SUCCESS: "5" Euclidean parent integrals evaluated by SubTropica."
MONITOR_WAKE {"stage": "s07", "source": "s07_evaluate_cut_parents.wl", "source_sha256": "12352c55e9ac0df0429765742f600d36d86cfbf97937f17d4775295fd2818da2", "job_id": "14692857", "host": "n7404", "exit_code": 0, "success_marker": true, "accepted_execution": true, "guard": null, "peak_rss_bytes": 1812004864, "elapsed_seconds": 22.928790954872966, "completed_utc": "2026-09-07T10:09:33.008782+00:00"}
