"PASS: ""authorized local execution"
"PASS: ""source binding"
"PASS: ""source syntax"
"PASS: ""input binding misc/s02_result/s03_regular_coefficients.wl"
"PASS: ""input binding misc/s03_inputs.json"
"PASS: ""input binding misc/s03_reduce_Hqg_regular.wls"
"PASS: ""input binding misc/s03_result/s03_coefficient_01.wl"
"PASS: ""input binding misc/s03_result/s03_coefficient_02.wl"
"PASS: ""input binding misc/s03_result/s03_coefficient_03.wl"
"PASS: ""input binding misc/s03_result/s03_coefficient_04.wl"
"PASS: ""input binding misc/s03_result/s03_coefficient_05.wl"
"PASS: ""input binding misc/s03_result/s03_coefficient_06.wl"
"PASS: ""input binding misc/s03_result/s03_coefficient_07.wl"
"PASS: ""input binding misc/s03_result/s03_coefficient_08.wl"
"PASS: ""input binding misc/s03_result/s03_coefficient_09.wl"
"PASS: ""input binding misc/s03_result/s03_coefficient_10.wl"
"PASS: ""input binding misc/s03_result/s03_coefficient_11.wl"
"PASS: ""input binding misc/s03_result/s03_coefficient_12.wl"
"PASS: ""input binding misc/s03_result/s03_coefficient_13.wl"
"PASS: ""input binding misc/s03_result/s03_coefficient_14.wl"
"PASS: ""input binding misc/s03_result/s03_coefficient_15.wl"
"PASS: ""input binding misc/s03_result/s03_coefficient_16.wl"
"PASS: ""input binding misc/s03_result/s03_execution.json"
"PASS: ""exact original equation reconstruction"
"PASS: ""bound partial producer execution"
"PASS: ""bound actual coefficient 1"
"PASS: ""bound actual coefficient 2"
"PASS: ""bound actual coefficient 3"
"PASS: ""bound actual coefficient 4"
"PASS: ""bound actual coefficient 5"
"PASS: ""bound actual coefficient 6"
"PASS: ""bound actual coefficient 7"
"PASS: ""bound actual coefficient 8"
"PASS: ""bound actual coefficient 9"
"PASS: ""bound actual coefficient 10"
"PASS: ""bound actual coefficient 11"
"PASS: ""bound actual coefficient 12"
"PASS: ""bound actual coefficient 13"
"PASS: ""bound actual coefficient 14"
"PASS: ""bound actual coefficient 15"
"PASS: ""bound actual coefficient 16"
"PASS: ""only constant coefficient remains"
"PASS: ""integer Laurent powers"
"DERIVED_SCALAR_SUPPORT ""control"" "InputForm[{{-2, 0, 2}, {0}}]
"BEGIN "{"control", "scalar coefficient extraction"}

General::ivar: EulerGamma is not a valid variable.
"PASS: ""completed {\"control\", \"scalar coefficient extraction\"}"
"FAIL: ""resolved scalar coefficient rules"
