Style["Loading FeynCalc from /home/physics/.WolframEngine/Applications/FeynCalc/", "Text"]
$PrePrint is set to FeynCalcForm. Use FI and FC to change the display format.
Style["FeynCalc ", "Text", Bold]Style["10.2.1 (stable version). For help, use the ", "Text"]Style[DisplayForm[ButtonBox["online documentation,", ButtonData :> {URL["https://feyncalc.github.io/referenceDev"], None}, BaseStyle -> "Hyperlink", ButtonNote -> "https://feyncalc.github.io/referenceDev"]], "Text"]Style[" visit the ", "Text"]Style[DisplayForm[ButtonBox["forum", ButtonData :> {URL["https://github.com/FeynCalc/feyncalc/discussions"], None}, BaseStyle -> "Hyperlink", ButtonNote -> "https://github.com/FeynCalc/feyncalc/discussions/"]], "Text"]Style[" and have a look at the supplied ", "Text"]Style[DisplayForm[ButtonBox["examples.", BaseStyle -> "Hyperlink", ButtonFunction :> SystemOpen[FileNameJoin[{$FeynCalcDirectory, "Examples"}]], Evaluator -> Automatic, Method -> "Preemptive"]], "Text"]Style[" The PDF-version of the manual can be downloaded ", "Text"]Style[DisplayForm[ButtonBox["here.", ButtonData :> {URL["https://github.com/FeynCalc/feyncalc-manual/releases/download/dev-manual/FeynCalcManual.pdf"], None}, BaseStyle -> "Hyperlink", ButtonNote -> "https://github.com/FeynCalc/feyncalc-manual/releases/download/dev-manual/FeynCalcManual.pdf"]], "Text"]
Style["If you use FeynCalc in your research, please evaluate FeynCalcHowToCite[] to learn how to cite this software.", "Text"]
Style["Please keep in mind that the proper academic attribution of our work is crucial to ensure the future development of this package!", {"Text", Italic}]
"S07_STAGE: validating the paper and accepted S06 handoff"
"S07_STAGE: exact Hqqbar electromagnetic Ward gate"
"S07_CHECKPOINT: exact double-photon Ward residual is zero"
"S07_STAGE: contracting the Hqqbar tensor serially"
"S07_STAGE: contracting Hqqbar tensor with paper Pg"
"S07_CHECKPOINT: completed ""Pg"" leaf count "102851
"S07_STAGE: contracting Hqqbar tensor with paper PPP"
"S07_CHECKPOINT: completed ""PPP"" leaf count "19762
"S07_STAGE: atomically writing the Hqqbar S07 result"
"S07_SUCCESS"
"S07_PROGRAM_SHA256=4631639ae9e06a266e507d8854ee0cadf55d9106faff5ab13fe616f33fb50db4"
"S07_RESULT_PATH=/home/physics/projects/AI_Assisted_SIDIS/scripts/Hqqbar/s07_result"
"S07_RESULT_SHA256=a0bcb6faac5ee4d2e8e5ffdff33bad91f2333424f486e101c9c62d1a49318f50"
"S07_PROJECTION_COUNT="2
"S07_LEAF_COUNTS="InputForm[<|"Pg" -> 102851, "PPP" -> 19762|>]
"S07_CHECK_COUNT="25
"S07_RESULT_BYTES="830312
