Style["Loading FeynCalc from /home/physics/.WolframEngine/Applications/FeynCalc/", "Text"]
$PrePrint is set to FeynCalcForm. Use FI and FC to change the display format.
Style["FeynCalc ", "Text", Bold]Style["10.2.1 (stable version). For help, use the ", "Text"]Style[DisplayForm[ButtonBox["online documentation,", ButtonData :> {URL["https://feyncalc.github.io/referenceDev"], None}, BaseStyle -> "Hyperlink", ButtonNote -> "https://feyncalc.github.io/referenceDev"]], "Text"]Style[" visit the ", "Text"]Style[DisplayForm[ButtonBox["forum", ButtonData :> {URL["https://github.com/FeynCalc/feyncalc/discussions"], None}, BaseStyle -> "Hyperlink", ButtonNote -> "https://github.com/FeynCalc/feyncalc/discussions/"]], "Text"]Style[" and have a look at the supplied ", "Text"]Style[DisplayForm[ButtonBox["examples.", BaseStyle -> "Hyperlink", ButtonFunction :> SystemOpen[FileNameJoin[{$FeynCalcDirectory, "Examples"}]], Evaluator -> Automatic, Method -> "Preemptive"]], "Text"]Style[" The PDF-version of the manual can be downloaded ", "Text"]Style[DisplayForm[ButtonBox["here.", ButtonData :> {URL["https://github.com/FeynCalc/feyncalc-manual/releases/download/dev-manual/FeynCalcManual.pdf"], None}, BaseStyle -> "Hyperlink", ButtonNote -> "https://github.com/FeynCalc/feyncalc-manual/releases/download/dev-manual/FeynCalcManual.pdf"]], "Text"]
Style["If you use FeynCalc in your research, please evaluate FeynCalcHowToCite[] to learn how to cite this software.", "Text"]
Style["Please keep in mind that the proper academic attribution of our work is crucial to ensure the future development of this package!", {"Text", Italic}]
"S09_STAGE: validating the paper and accepted Hqqbar S07/S08 handoff"
"S09_MASTER_PAIRS="InputForm[{{-2, 0}, {-2, 1}, {-1, -1}, {-1, 0}, {-1, 1}, {-1, 2}, {0, -2}, {0, -1}, {0, 1}, {0, 2}, {1, -3}, {1, -2}, {1, -1}, {1, 0}, {1, 1}, {1, 2}, {2, -2}, {2, -1}, {2, 0}, {2, 1}, {2, 2}}]
"S09_MASTER_OCCURRENCES="InputForm[<|"Pg" -> 68, "PPP" -> 73|>]
"S09_STAGE: checking Appendix-F formulas with the exact B19 recurrence"
"S09_APPENDIX_F_RECURRENCE_RESIDUALS="InputForm[<|"F16_to_F17_l0" -> 0, "F22_to_F23_l1" -> 0, "F15_to_B18_lMinus1" -> 0, "F17_to_B18_l0" -> 0, "F23_to_B18_l1" -> 0, "F27_to_B18_l2" -> 0, "F12_to_F13_lMinus2" -> 0, "F20_to_F21_lMinus1" -> 0, "F18_to_F19_l0" -> 0, "F24_to_F25_l1" -> 0, "F28_to_F29_l2" -> 0|>]
"S09_F8_B19_MOMENT_RESIDUALS="InputForm[<|"F8LeadingFromB19Moments" -> 0, "F8EpsilonFromB19Moments" -> 0|>]
"S09_APPENDIX_F_RECURRENCE_CHECKS="InputForm[<|"F16_to_F17_l0" -> True, "F22_to_F23_l1" -> True, "F15_to_B18_lMinus1" -> True, "F17_to_B18_l0" -> True, "F23_to_B18_l1" -> True, "F27_to_B18_l2" -> True, "F12_to_F13_lMinus2" -> True, "F20_to_F21_lMinus1" -> True, "F18_to_F19_l0" -> True, "F24_to_F25_l1" -> True, "F28_to_F29_l2" -> True|>]
"S09_B27_SIGNATURES="InputForm[<|"Pg" -> {HoldComplete[1, 1, 1 - epsilon]}, "PPP" -> {HoldComplete[1, 1, 1 - epsilon]}|>]
"S09_B27_COUNTS="InputForm[<|"Pg" -> 3, "PPP" -> 3|>]
"S09_B18_BETA_SIGNATURES="InputForm[{HoldComplete[2 - epsilon, -epsilon], HoldComplete[3 - epsilon, -epsilon], HoldComplete[-epsilon, 2 - epsilon], HoldComplete[-epsilon, -epsilon]}]
"S09_B18_GAMMA_OBJECTS="InputForm[{Gamma[1 - 2*epsilon], Gamma[1 - epsilon]}]
"S09_STAGE: processing expanded projectors serially"
"S09_STAGE: Appendix-F/B18/B27 expansion for Hqqbar Pg"
"S09_""Pg""_RESIDUAL_EXPANSION_INVENTORY="InputForm[<|"Case2MasterCount" -> 0, "HypergeometricCount" -> 0, "BetaCount" -> 0, "GammaCount" -> 0, "FailedCount" -> 0, "MachineRealCount" -> 0, "UniqueCase2Masters" -> {}, "UniqueHypergeometrics" -> {}, "UniqueBetas" -> {}, "UniqueGammas" -> {}|>]
"S09_STAGE: applying accepted exact xi,s23 map to Pg"
"S09_CHECKPOINT: completed ""Pg"" expanded leaf/byte counts "InputForm[{2450525, 69980312}]
"S09_STAGE: Appendix-F/B18/B27 expansion for Hqqbar PPP"
"S09_""PPP""_RESIDUAL_EXPANSION_INVENTORY="InputForm[<|"Case2MasterCount" -> 0, "HypergeometricCount" -> 0, "BetaCount" -> 0, "GammaCount" -> 0, "FailedCount" -> 0, "MachineRealCount" -> 0, "UniqueCase2Masters" -> {}, "UniqueHypergeometrics" -> {}, "UniqueBetas" -> {}, "UniqueGammas" -> {}|>]
"S09_STAGE: applying accepted exact xi,s23 map to PPP"
"S09_CHECKPOINT: completed ""PPP"" expanded leaf/byte counts "InputForm[{1855694, 52825896}]
"S09_STAGE: validating finalized source-bound projector caches"
"S09_STAGE: atomically writing the compact Hqqbar S09 result"
"S09_SUCCESS"
"S09_PROGRAM_SHA256=71c4f10cc35cf767f5ae01a895e78d1beee751100f71b83524cd95e796561280"
"S09_RESULT_PATH=/home/physics/projects/AI_Assisted_SIDIS/scripts/Hqqbar/s09_result"
"S09_RESULT_SHA256=2b50259061ec86cd735b1c04b0a73712d7cae1ff7176d6d97776a9746a1d7a15"
"S09_RESULT_BYTES="12769
"S09_CACHE_SHA256="InputForm[<|"Pg" -> "1f34249af61f94bd91d81cb0315f51480fc9256e03c7558c441e9f7a7f8415b7", "PPP" -> "0e208d193319eb6f34b18825fd2805b18a2bf9cddbdeb54e95e27486a7552324"|>]
"S09_CHECKS="InputForm[<|"AuthoritativePaperHashValidated" -> True, "AcceptedS07SourceAndResultHashesValidated" -> True, "AcceptedS08SourceResultAndBothCacheHashesValidated" -> True, "AllThirtySixS08ChecksValidated" -> True, "S08CachePayloadsExactlyMatchPhysicalPostHalfInputs" -> True, "OrderedPgPPPInputOnly" -> True, "ExactTwentyOneMasterClassInventoryValidated" -> True, "ExactSixtyEightAndSeventyThreeOccurrencesValidated" -> True, "ExactFiftyNineDistinctMasterInstancesValidated" -> True, "AllPhysicalAppendixFFormulasImplemented" -> True, "ElevenExactB19DerivativeRecurrencesPassed" -> True, "F8ExactB19MomentReductionPassed" -> True, "B18ZeroJExpandedThroughEpsilonSquared" -> True, "OnlyB27ResidualHypergeometricSignatureAndThreePerProjectorPresent" -> True, "B27ExpandedThroughEpsilonSquared" -> True, "IndividualGammaSeriesReconstructBothRatiosThroughEpsilonSquared" -> True, "AllBetaGammaAndCase2MasterHeadsRemoved" -> True, "AppendixFSubstitutionCommutesWithExactXiS23Map" -> True, "B18B27SubstitutionCommutesWithExactXiS23Map" -> True, "BothExpandedProjectorsCompletedSerially" -> True, "AssociationValueMappingShapeAndValuesVerified" -> True, "AdditionalMultiplicativeWeightIsExactlyOne" -> True, "IdenticalSpectatorHalfNotReapplied" -> True, "SingleInheritedScaleMuPowerPreserved" -> True, "NoExtraMSBarSEpsilonIntroduced" -> True, "ChargeStrippedChannel5AConventionPreserved" -> True, "PhysicalFlavorChargeWeightStillDeferred" -> True, "NoVirtualBranchIntroduced" -> True, "FormalBoundedEndpointIdentityValidatedThroughEpsilonSquared" -> True, "EndpointValuesExplicitlyUnresolved" -> True, "Eq46FactorizationNotApplied" -> True, "FiniteLimitFHatAndBigTMDComparisonNotClaimed" -> True, "AtomicProjectorCachesReloadedAndValidated" -> True, "ActualDiskCacheHashesMappedByAssociationValues" -> True, "CompactResultDoesNotDuplicateExpandedKernels" -> True|>]
