Style["Loading FeynCalc from /home/physics/.WolframEngine/Applications/FeynCalc/", "Text"]
$PrePrint is set to FeynCalcForm. Use FI and FC to change the display format.
Style["FeynCalc ", "Text", Bold]Style["10.2.1 (stable version). For help, use the ", "Text"]Style[DisplayForm[ButtonBox["online documentation,", ButtonData :> {URL["https://feyncalc.github.io/referenceDev"], None}, BaseStyle -> "Hyperlink", ButtonNote -> "https://feyncalc.github.io/referenceDev"]], "Text"]Style[" visit the ", "Text"]Style[DisplayForm[ButtonBox["forum", ButtonData :> {URL["https://github.com/FeynCalc/feyncalc/discussions"], None}, BaseStyle -> "Hyperlink", ButtonNote -> "https://github.com/FeynCalc/feyncalc/discussions/"]], "Text"]Style[" and have a look at the supplied ", "Text"]Style[DisplayForm[ButtonBox["examples.", BaseStyle -> "Hyperlink", ButtonFunction :> SystemOpen[FileNameJoin[{$FeynCalcDirectory, "Examples"}]], Evaluator -> Automatic, Method -> "Preemptive"]], "Text"]Style[" The PDF-version of the manual can be downloaded ", "Text"]Style[DisplayForm[ButtonBox["here.", ButtonData :> {URL["https://github.com/FeynCalc/feyncalc-manual/releases/download/dev-manual/FeynCalcManual.pdf"], None}, BaseStyle -> "Hyperlink", ButtonNote -> "https://github.com/FeynCalc/feyncalc-manual/releases/download/dev-manual/FeynCalcManual.pdf"]], "Text"]
Style["If you use FeynCalc in your research, please evaluate FeynCalcHowToCite[] to learn how to cite this software.", "Text"]
Style["Please keep in mind that the proper academic attribution of our work is crucial to ensure the future development of this package!", {"Text", Italic}]
"S10_STAGE: validating paper and accepted Hqqbar S09 handoff"
"S10_CHECKPOINT: accepted S09 metadata validated and released"
"S10_ENDPOINT_PARALLEL_KERNELS="2" requested="2
"S10_STAGE: resolving Pg endpoint Laurent data and action"
"S10_STAGE: loading accepted S09 expansion cache for Pg"
"S10_STAGE: structural endpoint scan for ""Pg"" terms="76
"S10_BRANCH_LOG_INVENTORY_""Pg""="InputForm[<|"1" -> <|"ZeroArgumentPositions" -> {14, 17}, "ZeroSourceTermIndices" -> {12, 13, 22, 23, 39, 57, 74, 75}, "UnresolvedArgumentPositions" -> {12, 16}, "UnresolvedSourceTermIndices" -> {12, 13, 22, 23}|>, "-1" -> <|"ZeroArgumentPositions" -> {24, 31}, "ZeroSourceTermIndices" -> {40, 61, 73, 76}, "UnresolvedArgumentPositions" -> {}, "UnresolvedSourceTermIndices" -> {}|>|>]
"S10_CHECKPOINT: Hqqbar;q_q Pg term 8 structurally refactored as alpha=2"
"S10_STAGE: ordered endpoint batch ""Pg"" positions "1"-"2"/"75
"kernel 1 (Local):"
"\"S10_TERM: Hqqbar;q_q Pg endpoint 1/76\"\n"
"kernel 2 (Local):"
"\"S10_TERM: Hqqbar;q_q Pg endpoint 2/76\"\n"
"S10_CACHE_CHECKPOINT: ""Pg"" "2"/"75" standard terms"
"S10_STAGE: ordered endpoint batch ""Pg"" positions "3"-"4"/"75
"kernel 1 (Local):"
"\"S10_TERM: Hqqbar;q_q Pg endpoint 3/76\"\n"
"kernel 2 (Local):"
"\"S10_TERM: Hqqbar;q_q Pg endpoint 4/76\"\n"
"S10_CACHE_CHECKPOINT: ""Pg"" "4"/"75" standard terms"
"S10_STAGE: ordered endpoint batch ""Pg"" positions "5"-"6"/"75
"kernel 1 (Local):"
"\"S10_TERM: Hqqbar;q_q Pg endpoint 5/76\"\n"
"kernel 2 (Local):"
"\"S10_TERM: Hqqbar;q_q Pg endpoint 6/76\"\n"
"S10_CACHE_CHECKPOINT: ""Pg"" "6"/"75" standard terms"
"S10_STAGE: ordered endpoint batch ""Pg"" positions "7"-"8"/"75
"kernel 1 (Local):"
"\"S10_TERM: Hqqbar;q_q Pg endpoint 7/76\"\n"
"kernel 2 (Local):"
"\"S10_TERM: Hqqbar;q_q Pg endpoint 9/76\"\n"
"S10_CACHE_CHECKPOINT: ""Pg"" "8"/"75" standard terms"
"S10_STAGE: ordered endpoint batch ""Pg"" positions "9"-"10"/"75
"kernel 1 (Local):"
"\"S10_TERM: Hqqbar;q_q Pg endpoint 10/76\"\n"
"kernel 2 (Local):"
"\"S10_TERM: Hqqbar;q_q Pg endpoint 11/76\"\n"
"S10_CACHE_CHECKPOINT: ""Pg"" "10"/"75" standard terms"
"S10_STAGE: ordered endpoint batch ""Pg"" positions "11"-"12"/"75
"kernel 1 (Local):"
"\"S10_TERM: Hqqbar;q_q Pg endpoint 12/76\"\n"
"kernel 2 (Local):"
"\"S10_TERM: Hqqbar;q_q Pg endpoint 13/76\"\n"
"S10_CACHE_CHECKPOINT: ""Pg"" "12"/"75" standard terms"
"S10_STAGE: ordered endpoint batch ""Pg"" positions "13"-"14"/"75
"kernel 1 (Local):"
"\"S10_TERM: Hqqbar;q_q Pg endpoint 14/76\"\n"
"kernel 2 (Local):"
"\"S10_TERM: Hqqbar;q_q Pg endpoint 15/76\"\n"
"S10_CACHE_CHECKPOINT: ""Pg"" "14"/"75" standard terms"
"S10_STAGE: ordered endpoint batch ""Pg"" positions "15"-"16"/"75
"kernel 1 (Local):"
"\"S10_TERM: Hqqbar;q_q Pg endpoint 16/76\"\n"
"kernel 2 (Local):"
"\"S10_TERM: Hqqbar;q_q Pg endpoint 17/76\"\n"
"S10_CACHE_CHECKPOINT: ""Pg"" "16"/"75" standard terms"
"S10_STAGE: ordered endpoint batch ""Pg"" positions "17"-"18"/"75
"kernel 1 (Local):"
"\"S10_TERM: Hqqbar;q_q Pg endpoint 18/76\"\n"
"kernel 2 (Local):"
"\"S10_TERM: Hqqbar;q_q Pg endpoint 19/76\"\n"
"S10_CACHE_CHECKPOINT: ""Pg"" "18"/"75" standard terms"
"S10_STAGE: ordered endpoint batch ""Pg"" positions "19"-"20"/"75
"kernel 1 (Local):"
"\"S10_TERM: Hqqbar;q_q Pg endpoint 20/76\"\n"
"kernel 2 (Local):"
"\"S10_TERM: Hqqbar;q_q Pg endpoint 21/76\"\n"
"S10_CACHE_CHECKPOINT: ""Pg"" "20"/"75" standard terms"
"S10_STAGE: ordered endpoint batch ""Pg"" positions "21"-"22"/"75
"kernel 1 (Local):"
"\"S10_TERM: Hqqbar;q_q Pg endpoint 22/76\"\n"
"kernel 2 (Local):"
"\"S10_TERM: Hqqbar;q_q Pg endpoint 23/76\"\n"
"S10_CACHE_CHECKPOINT: ""Pg"" "22"/"75" standard terms"
"S10_STAGE: ordered endpoint batch ""Pg"" positions "23"-"24"/"75
"kernel 1 (Local):"
"\"S10_TERM: Hqqbar;q_q Pg endpoint 24/76\"\n"
"kernel 2 (Local):"
"\"S10_TERM: Hqqbar;q_q Pg endpoint 25/76\"\n"
"S10_CACHE_CHECKPOINT: ""Pg"" "24"/"75" standard terms"
"S10_STAGE: ordered endpoint batch ""Pg"" positions "25"-"26"/"75
"kernel 1 (Local):"
"\"S10_TERM: Hqqbar;q_q Pg endpoint 26/76\"\n"
"kernel 2 (Local):"
"\"S10_TERM: Hqqbar;q_q Pg endpoint 27/76\"\n"
"S10_CACHE_CHECKPOINT: ""Pg"" "26"/"75" standard terms"
"S10_STAGE: ordered endpoint batch ""Pg"" positions "27"-"28"/"75
"kernel 1 (Local):"
"\"S10_TERM: Hqqbar;q_q Pg endpoint 28/76\"\n"
"kernel 2 (Local):"
"\"S10_TERM: Hqqbar;q_q Pg endpoint 29/76\"\n"
"S10_CACHE_CHECKPOINT: ""Pg"" "28"/"75" standard terms"
"S10_STAGE: ordered endpoint batch ""Pg"" positions "29"-"30"/"75
"kernel 1 (Local):"
"\"S10_TERM: Hqqbar;q_q Pg endpoint 30/76\"\n"
"kernel 2 (Local):"
"\"S10_TERM: Hqqbar;q_q Pg endpoint 31/76\"\n"
"S10_CACHE_CHECKPOINT: ""Pg"" "30"/"75" standard terms"
"S10_STAGE: ordered endpoint batch ""Pg"" positions "31"-"32"/"75
"kernel 1 (Local):"
"\"S10_TERM: Hqqbar;q_q Pg endpoint 32/76\"\n"
"kernel 2 (Local):"
"\"S10_TERM: Hqqbar;q_q Pg endpoint 33/76\"\n"
"S10_CACHE_CHECKPOINT: ""Pg"" "32"/"75" standard terms"
"S10_STAGE: ordered endpoint batch ""Pg"" positions "33"-"34"/"75
"kernel 1 (Local):"
"\"S10_TERM: Hqqbar;q_q Pg endpoint 34/76\"\n"
"kernel 2 (Local):"
"\"S10_TERM: Hqqbar;q_q Pg endpoint 35/76\"\n"
"S10_CACHE_CHECKPOINT: ""Pg"" "34"/"75" standard terms"
"S10_STAGE: ordered endpoint batch ""Pg"" positions "35"-"36"/"75
"kernel 1 (Local):"
"\"S10_TERM: Hqqbar;q_q Pg endpoint 36/76\"\n"
"kernel 2 (Local):"
"\"S10_TERM: Hqqbar;q_q Pg endpoint 37/76\"\n"
"S10_CACHE_CHECKPOINT: ""Pg"" "36"/"75" standard terms"
"S10_STAGE: ordered endpoint batch ""Pg"" positions "37"-"38"/"75
"kernel 1 (Local):"
"\"S10_TERM: Hqqbar;q_q Pg endpoint 38/76\"\n"
"kernel 2 (Local):"
"\"S10_TERM: Hqqbar;q_q Pg endpoint 39/76\"\n"
"S10_CACHE_CHECKPOINT: ""Pg"" "38"/"75" standard terms"
"S10_STAGE: ordered endpoint batch ""Pg"" positions "39"-"40"/"75
"kernel 1 (Local):"
"\"S10_TERM: Hqqbar;q_q Pg endpoint 40/76\"\n"
"kernel 2 (Local):"
"\"S10_TERM: Hqqbar;q_q Pg endpoint 41/76\"\n"
"S10_CACHE_CHECKPOINT: ""Pg"" "40"/"75" standard terms"
"S10_STAGE: ordered endpoint batch ""Pg"" positions "41"-"42"/"75
"kernel 1 (Local):"
"\"S10_TERM: Hqqbar;q_q Pg endpoint 42/76\"\n"
"kernel 2 (Local):"
"\"S10_TERM: Hqqbar;q_q Pg endpoint 43/76\"\n"
"S10_CACHE_CHECKPOINT: ""Pg"" "42"/"75" standard terms"
"S10_STAGE: ordered endpoint batch ""Pg"" positions "43"-"44"/"75
"kernel 1 (Local):"
"\"S10_TERM: Hqqbar;q_q Pg endpoint 44/76\"\n"
"kernel 2 (Local):"
"\"S10_TERM: Hqqbar;q_q Pg endpoint 45/76\"\n"
"S10_CACHE_CHECKPOINT: ""Pg"" "44"/"75" standard terms"
"S10_STAGE: ordered endpoint batch ""Pg"" positions "45"-"46"/"75
"kernel 1 (Local):"
"\"S10_TERM: Hqqbar;q_q Pg endpoint 46/76\"\n"
"kernel 2 (Local):"
"\"S10_TERM: Hqqbar;q_q Pg endpoint 47/76\"\n"
"S10_CACHE_CHECKPOINT: ""Pg"" "46"/"75" standard terms"
"S10_STAGE: ordered endpoint batch ""Pg"" positions "47"-"48"/"75
"kernel 1 (Local):"
"\"S10_TERM: Hqqbar;q_q Pg endpoint 48/76\"\n"
"kernel 2 (Local):"
"\"S10_TERM: Hqqbar;q_q Pg endpoint 49/76\"\n"
"S10_CACHE_CHECKPOINT: ""Pg"" "48"/"75" standard terms"
"S10_STAGE: ordered endpoint batch ""Pg"" positions "49"-"50"/"75
"kernel 1 (Local):"
"\"S10_TERM: Hqqbar;q_q Pg endpoint 50/76\"\n"
"kernel 2 (Local):"
"\"S10_TERM: Hqqbar;q_q Pg endpoint 51/76\"\n"
"S10_CACHE_CHECKPOINT: ""Pg"" "50"/"75" standard terms"
"S10_STAGE: ordered endpoint batch ""Pg"" positions "51"-"52"/"75
"kernel 1 (Local):"
"\"S10_TERM: Hqqbar;q_q Pg endpoint 52/76\"\n"
"kernel 2 (Local):"
"\"S10_TERM: Hqqbar;q_q Pg endpoint 53/76\"\n"
"S10_CACHE_CHECKPOINT: ""Pg"" "52"/"75" standard terms"
"S10_STAGE: ordered endpoint batch ""Pg"" positions "53"-"54"/"75
"kernel 1 (Local):"
"\"S10_TERM: Hqqbar;q_q Pg endpoint 54/76\"\n"
"kernel 2 (Local):"
"\"S10_TERM: Hqqbar;q_q Pg endpoint 55/76\"\n"
"S10_CACHE_CHECKPOINT: ""Pg"" "54"/"75" standard terms"
"S10_STAGE: ordered endpoint batch ""Pg"" positions "55"-"56"/"75
"kernel 1 (Local):"
"\"S10_TERM: Hqqbar;q_q Pg endpoint 56/76\"\n"
"kernel 2 (Local):"
"\"S10_TERM: Hqqbar;q_q Pg endpoint 57/76\"\n"
"S10_CACHE_CHECKPOINT: ""Pg"" "56"/"75" standard terms"
"S10_STAGE: ordered endpoint batch ""Pg"" positions "57"-"58"/"75
"kernel 1 (Local):"
"\"S10_TERM: Hqqbar;q_q Pg endpoint 58/76\"\n"
"kernel 2 (Local):"
"\"S10_TERM: Hqqbar;q_q Pg endpoint 59/76\"\n"
"S10_CACHE_CHECKPOINT: ""Pg"" "58"/"75" standard terms"
"S10_STAGE: ordered endpoint batch ""Pg"" positions "59"-"60"/"75
"kernel 1 (Local):"
"\"S10_TERM: Hqqbar;q_q Pg endpoint 60/76\"\n"
"kernel 2 (Local):"
"\"S10_TERM: Hqqbar;q_q Pg endpoint 61/76\"\n"
"S10_CACHE_CHECKPOINT: ""Pg"" "60"/"75" standard terms"
"S10_STAGE: ordered endpoint batch ""Pg"" positions "61"-"62"/"75
"kernel 1 (Local):"
"\"S10_TERM: Hqqbar;q_q Pg endpoint 62/76\"\n"
"kernel 2 (Local):"
"\"S10_TERM: Hqqbar;q_q Pg endpoint 63/76\"\n"
"S10_CACHE_CHECKPOINT: ""Pg"" "62"/"75" standard terms"
"S10_STAGE: ordered endpoint batch ""Pg"" positions "63"-"64"/"75
"kernel 1 (Local):"
"\"S10_TERM: Hqqbar;q_q Pg endpoint 64/76\"\n"
"kernel 2 (Local):"
"\"S10_TERM: Hqqbar;q_q Pg endpoint 65/76\"\n"
"S10_CACHE_CHECKPOINT: ""Pg"" "64"/"75" standard terms"
"S10_STAGE: ordered endpoint batch ""Pg"" positions "65"-"66"/"75
"kernel 1 (Local):"
"\"S10_TERM: Hqqbar;q_q Pg endpoint 66/76\"\n"
"kernel 2 (Local):"
"\"S10_TERM: Hqqbar;q_q Pg endpoint 67/76\"\n"
"S10_CACHE_CHECKPOINT: ""Pg"" "66"/"75" standard terms"
"S10_STAGE: ordered endpoint batch ""Pg"" positions "67"-"68"/"75
"kernel 1 (Local):"
"\"S10_TERM: Hqqbar;q_q Pg endpoint 68/76\"\n"
"kernel 2 (Local):"
"\"S10_TERM: Hqqbar;q_q Pg endpoint 69/76\"\n"
"S10_CACHE_CHECKPOINT: ""Pg"" "68"/"75" standard terms"
"S10_STAGE: ordered endpoint batch ""Pg"" positions "69"-"70"/"75
"kernel 1 (Local):"
"\"S10_TERM: Hqqbar;q_q Pg endpoint 70/76\"\n"
"kernel 2 (Local):"
"\"S10_TERM: Hqqbar;q_q Pg endpoint 71/76\"\n"
"S10_CACHE_CHECKPOINT: ""Pg"" "70"/"75" standard terms"
"S10_STAGE: ordered endpoint batch ""Pg"" positions "71"-"72"/"75
"kernel 1 (Local):"
"\"S10_TERM: Hqqbar;q_q Pg endpoint 72/76\"\n"
"kernel 2 (Local):"
"\"S10_TERM: Hqqbar;q_q Pg endpoint 73/76\"\n"
"S10_CACHE_CHECKPOINT: ""Pg"" "72"/"75" standard terms"
"S10_STAGE: ordered endpoint batch ""Pg"" positions "73"-"74"/"75
"kernel 1 (Local):"
"\"S10_TERM: Hqqbar;q_q Pg endpoint 74/76\"\n"
"kernel 2 (Local):"
"\"S10_TERM: Hqqbar;q_q Pg endpoint 75/76\"\n"
"S10_CACHE_CHECKPOINT: ""Pg"" "74"/"75" standard terms"
"S10_STAGE: ordered endpoint batch ""Pg"" positions "75"-"75"/"75
"kernel 1 (Local):"
"\"S10_TERM: Hqqbar;q_q Pg endpoint 76/76\"\n"
"S10_CACHE_CHECKPOINT: ""Pg"" "75"/"75" standard terms"
"S10_STAGE: applying coupled-log endpoint repair for Pg"
"S10_COUPLED_LOG_STAGE: label=""Hqqbar;q_q Pg"" sourceTerms="InputForm[{12, 22, 57, 75}]
"S10_COUPLED_LOG_STAGE: label=""Hqqbar;q_q Pg"" sourceTerms="InputForm[{13, 23, 39, 74}]
"S10_COUPLED_LOG_STAGE: label=""Hqqbar;q_q Pg"" sourceTerms="InputForm[{40, 73}]
"S10_COUPLED_LOG_STAGE: label=""Hqqbar;q_q Pg"" sourceTerms="InputForm[{61, 76}]
"S10_STAGE: reducing stronger endpoint pole for Pg"
"S10_CHECKPOINT: ""Pg"" stronger endpoint pole vanishes through epsilon^1"
"S10_CHECKPOINT: completed symbolic distribution action for ""Pg"
"S10_MEMORY_STAGE: Pg complete; processing PPP serially"
"S10_STAGE: loading accepted S09 expansion cache for PPP"
"S10_STAGE: structural endpoint scan for ""PPP"" terms="78
"S10_BRANCH_LOG_INVENTORY_""PPP""="InputForm[<|"1" -> <|"ZeroArgumentPositions" -> {13, 16}, "ZeroSourceTermIndices" -> {12, 13, 32, 35, 46, 48, 70, 77}, "UnresolvedArgumentPositions" -> {11, 15}, "UnresolvedSourceTermIndices" -> {12, 13, 32, 35}|>, "-1" -> <|"ZeroArgumentPositions" -> {23, 31}, "ZeroSourceTermIndices" -> {47, 64, 73, 78}, "UnresolvedArgumentPositions" -> {}, "UnresolvedSourceTermIndices" -> {}|>|>]
"S10_CHECKPOINT: Hqqbar;q_q PPP term 6 structurally refactored as alpha=2"
"S10_STAGE: ordered endpoint batch ""PPP"" positions "1"-"2"/"77
"kernel 1 (Local):"
"\"S10_TERM: Hqqbar;q_q PPP endpoint 1/78\"\n"
"kernel 2 (Local):"
"\"S10_TERM: Hqqbar;q_q PPP endpoint 2/78\"\n"
"S10_CACHE_CHECKPOINT: ""PPP"" "2"/"77" standard terms"
"S10_STAGE: ordered endpoint batch ""PPP"" positions "3"-"4"/"77
"kernel 1 (Local):"
"\"S10_TERM: Hqqbar;q_q PPP endpoint 3/78\"\n"
"kernel 2 (Local):"
"\"S10_TERM: Hqqbar;q_q PPP endpoint 4/78\"\n"
"S10_CACHE_CHECKPOINT: ""PPP"" "4"/"77" standard terms"
"S10_STAGE: ordered endpoint batch ""PPP"" positions "5"-"6"/"77
"kernel 1 (Local):"
"\"S10_TERM: Hqqbar;q_q PPP endpoint 5/78\"\n"
"kernel 2 (Local):"
"\"S10_TERM: Hqqbar;q_q PPP endpoint 7/78\"\n"
"S10_CACHE_CHECKPOINT: ""PPP"" "6"/"77" standard terms"
"S10_STAGE: ordered endpoint batch ""PPP"" positions "7"-"8"/"77
"kernel 1 (Local):"
"\"S10_TERM: Hqqbar;q_q PPP endpoint 8/78\"\n"
"kernel 2 (Local):"
"\"S10_TERM: Hqqbar;q_q PPP endpoint 9/78\"\n"
"S10_CACHE_CHECKPOINT: ""PPP"" "8"/"77" standard terms"
"S10_STAGE: ordered endpoint batch ""PPP"" positions "9"-"10"/"77
"kernel 1 (Local):"
"\"S10_TERM: Hqqbar;q_q PPP endpoint 10/78\"\n"
"kernel 2 (Local):"
"\"S10_TERM: Hqqbar;q_q PPP endpoint 11/78\"\n"
"S10_CACHE_CHECKPOINT: ""PPP"" "10"/"77" standard terms"
"S10_STAGE: ordered endpoint batch ""PPP"" positions "11"-"12"/"77
"kernel 1 (Local):"
"\"S10_TERM: Hqqbar;q_q PPP endpoint 12/78\"\n"
"kernel 2 (Local):"
"\"S10_TERM: Hqqbar;q_q PPP endpoint 13/78\"\n"
"S10_CACHE_CHECKPOINT: ""PPP"" "12"/"77" standard terms"
"S10_STAGE: ordered endpoint batch ""PPP"" positions "13"-"14"/"77
"kernel 1 (Local):"
"\"S10_TERM: Hqqbar;q_q PPP endpoint 14/78\"\n"
"kernel 2 (Local):"
"\"S10_TERM: Hqqbar;q_q PPP endpoint 15/78\"\n"
"S10_CACHE_CHECKPOINT: ""PPP"" "14"/"77" standard terms"
"S10_STAGE: ordered endpoint batch ""PPP"" positions "15"-"16"/"77
"kernel 1 (Local):"
"\"S10_TERM: Hqqbar;q_q PPP endpoint 16/78\"\n"
"kernel 2 (Local):"
"\"S10_TERM: Hqqbar;q_q PPP endpoint 17/78\"\n"
"S10_CACHE_CHECKPOINT: ""PPP"" "16"/"77" standard terms"
"S10_STAGE: ordered endpoint batch ""PPP"" positions "17"-"18"/"77
"kernel 1 (Local):"
"\"S10_TERM: Hqqbar;q_q PPP endpoint 18/78\"\n"
"kernel 2 (Local):"
"\"S10_TERM: Hqqbar;q_q PPP endpoint 19/78\"\n"
"S10_CACHE_CHECKPOINT: ""PPP"" "18"/"77" standard terms"
"S10_STAGE: ordered endpoint batch ""PPP"" positions "19"-"20"/"77
"kernel 1 (Local):"
"\"S10_TERM: Hqqbar;q_q PPP endpoint 20/78\"\n"
"kernel 2 (Local):"
"\"S10_TERM: Hqqbar;q_q PPP endpoint 21/78\"\n"
"S10_CACHE_CHECKPOINT: ""PPP"" "20"/"77" standard terms"
"S10_STAGE: ordered endpoint batch ""PPP"" positions "21"-"22"/"77
"kernel 1 (Local):"
"\"S10_TERM: Hqqbar;q_q PPP endpoint 22/78\"\n"
"kernel 2 (Local):"
"\"S10_TERM: Hqqbar;q_q PPP endpoint 23/78\"\n"
"S10_CACHE_CHECKPOINT: ""PPP"" "22"/"77" standard terms"
"S10_STAGE: ordered endpoint batch ""PPP"" positions "23"-"24"/"77
"kernel 1 (Local):"
"\"S10_TERM: Hqqbar;q_q PPP endpoint 24/78\"\n"
"kernel 2 (Local):"
"\"S10_TERM: Hqqbar;q_q PPP endpoint 25/78\"\n"
"S10_CACHE_CHECKPOINT: ""PPP"" "24"/"77" standard terms"
"S10_STAGE: ordered endpoint batch ""PPP"" positions "25"-"26"/"77
"kernel 1 (Local):"
"\"S10_TERM: Hqqbar;q_q PPP endpoint 26/78\"\n"
"kernel 2 (Local):"
"\"S10_TERM: Hqqbar;q_q PPP endpoint 27/78\"\n"
"S10_CACHE_CHECKPOINT: ""PPP"" "26"/"77" standard terms"
"S10_STAGE: ordered endpoint batch ""PPP"" positions "27"-"28"/"77
"kernel 1 (Local):"
"\"S10_TERM: Hqqbar;q_q PPP endpoint 28/78\"\n"
"kernel 2 (Local):"
"\"S10_TERM: Hqqbar;q_q PPP endpoint 29/78\"\n"
"S10_CACHE_CHECKPOINT: ""PPP"" "28"/"77" standard terms"
"S10_STAGE: ordered endpoint batch ""PPP"" positions "29"-"30"/"77
"kernel 1 (Local):"
"\"S10_TERM: Hqqbar;q_q PPP endpoint 30/78\"\n"
"kernel 2 (Local):"
"\"S10_TERM: Hqqbar;q_q PPP endpoint 31/78\"\n"
"S10_CACHE_CHECKPOINT: ""PPP"" "30"/"77" standard terms"
"S10_STAGE: ordered endpoint batch ""PPP"" positions "31"-"32"/"77
"kernel 1 (Local):"
"\"S10_TERM: Hqqbar;q_q PPP endpoint 32/78\"\n"
"kernel 2 (Local):"
"\"S10_TERM: Hqqbar;q_q PPP endpoint 33/78\"\n"
"S10_CACHE_CHECKPOINT: ""PPP"" "32"/"77" standard terms"
"S10_STAGE: ordered endpoint batch ""PPP"" positions "33"-"34"/"77
"kernel 1 (Local):"
"\"S10_TERM: Hqqbar;q_q PPP endpoint 34/78\"\n"
"kernel 2 (Local):"
"\"S10_TERM: Hqqbar;q_q PPP endpoint 35/78\"\n"
"S10_CACHE_CHECKPOINT: ""PPP"" "34"/"77" standard terms"
"S10_STAGE: ordered endpoint batch ""PPP"" positions "35"-"36"/"77
"kernel 1 (Local):"
"\"S10_TERM: Hqqbar;q_q PPP endpoint 36/78\"\n"
"kernel 2 (Local):"
"\"S10_TERM: Hqqbar;q_q PPP endpoint 37/78\"\n"
"S10_CACHE_CHECKPOINT: ""PPP"" "36"/"77" standard terms"
"S10_STAGE: ordered endpoint batch ""PPP"" positions "37"-"38"/"77
"kernel 1 (Local):"
"\"S10_TERM: Hqqbar;q_q PPP endpoint 38/78\"\n"
"kernel 2 (Local):"
"\"S10_TERM: Hqqbar;q_q PPP endpoint 39/78\"\n"
"S10_CACHE_CHECKPOINT: ""PPP"" "38"/"77" standard terms"
"S10_STAGE: ordered endpoint batch ""PPP"" positions "39"-"40"/"77
"kernel 1 (Local):"
"\"S10_TERM: Hqqbar;q_q PPP endpoint 40/78\"\n"
"kernel 2 (Local):"
"\"S10_TERM: Hqqbar;q_q PPP endpoint 41/78\"\n"
"S10_CACHE_CHECKPOINT: ""PPP"" "40"/"77" standard terms"
"S10_STAGE: ordered endpoint batch ""PPP"" positions "41"-"42"/"77
"kernel 1 (Local):"
"\"S10_TERM: Hqqbar;q_q PPP endpoint 42/78\"\n"
"kernel 2 (Local):"
"\"S10_TERM: Hqqbar;q_q PPP endpoint 43/78\"\n"
"S10_CACHE_CHECKPOINT: ""PPP"" "42"/"77" standard terms"
"S10_STAGE: ordered endpoint batch ""PPP"" positions "43"-"44"/"77
"kernel 1 (Local):"
"\"S10_TERM: Hqqbar;q_q PPP endpoint 44/78\"\n"
"kernel 2 (Local):"
"\"S10_TERM: Hqqbar;q_q PPP endpoint 45/78\"\n"
"S10_CACHE_CHECKPOINT: ""PPP"" "44"/"77" standard terms"
"S10_STAGE: ordered endpoint batch ""PPP"" positions "45"-"46"/"77
"kernel 1 (Local):"
"\"S10_TERM: Hqqbar;q_q PPP endpoint 46/78\"\n"
"kernel 2 (Local):"
"\"S10_TERM: Hqqbar;q_q PPP endpoint 47/78\"\n"
"S10_CACHE_CHECKPOINT: ""PPP"" "46"/"77" standard terms"
"S10_STAGE: ordered endpoint batch ""PPP"" positions "47"-"48"/"77
"kernel 1 (Local):"
"\"S10_TERM: Hqqbar;q_q PPP endpoint 48/78\"\n"
"kernel 2 (Local):"
"\"S10_TERM: Hqqbar;q_q PPP endpoint 49/78\"\n"
"S10_CACHE_CHECKPOINT: ""PPP"" "48"/"77" standard terms"
"S10_STAGE: ordered endpoint batch ""PPP"" positions "49"-"50"/"77
"kernel 1 (Local):"
"\"S10_TERM: Hqqbar;q_q PPP endpoint 50/78\"\n"
"kernel 2 (Local):"
"\"S10_TERM: Hqqbar;q_q PPP endpoint 51/78\"\n"
"S10_CACHE_CHECKPOINT: ""PPP"" "50"/"77" standard terms"
"S10_STAGE: ordered endpoint batch ""PPP"" positions "51"-"52"/"77
"kernel 1 (Local):"
"\"S10_TERM: Hqqbar;q_q PPP endpoint 52/78\"\n"
"kernel 2 (Local):"
"\"S10_TERM: Hqqbar;q_q PPP endpoint 53/78\"\n"
"S10_CACHE_CHECKPOINT: ""PPP"" "52"/"77" standard terms"
"S10_STAGE: ordered endpoint batch ""PPP"" positions "53"-"54"/"77
"kernel 1 (Local):"
"\"S10_TERM: Hqqbar;q_q PPP endpoint 54/78\"\n"
"kernel 2 (Local):"
"\"S10_TERM: Hqqbar;q_q PPP endpoint 55/78\"\n"
"S10_CACHE_CHECKPOINT: ""PPP"" "54"/"77" standard terms"
"S10_STAGE: ordered endpoint batch ""PPP"" positions "55"-"56"/"77
"kernel 1 (Local):"
"\"S10_TERM: Hqqbar;q_q PPP endpoint 56/78\"\n"
"kernel 2 (Local):"
"\"S10_TERM: Hqqbar;q_q PPP endpoint 57/78\"\n"
"S10_CACHE_CHECKPOINT: ""PPP"" "56"/"77" standard terms"
"S10_STAGE: ordered endpoint batch ""PPP"" positions "57"-"58"/"77
"kernel 1 (Local):"
"\"S10_TERM: Hqqbar;q_q PPP endpoint 58/78\"\n"
"kernel 2 (Local):"
"\"S10_TERM: Hqqbar;q_q PPP endpoint 59/78\"\n"
"S10_CACHE_CHECKPOINT: ""PPP"" "58"/"77" standard terms"
"S10_STAGE: ordered endpoint batch ""PPP"" positions "59"-"60"/"77
"kernel 1 (Local):"
"\"S10_TERM: Hqqbar;q_q PPP endpoint 60/78\"\n"
"kernel 2 (Local):"
"\"S10_TERM: Hqqbar;q_q PPP endpoint 61/78\"\n"
"S10_CACHE_CHECKPOINT: ""PPP"" "60"/"77" standard terms"
"S10_STAGE: ordered endpoint batch ""PPP"" positions "61"-"62"/"77
"kernel 1 (Local):"
"\"S10_TERM: Hqqbar;q_q PPP endpoint 62/78\"\n"
"kernel 2 (Local):"
"\"S10_TERM: Hqqbar;q_q PPP endpoint 63/78\"\n"
"S10_CACHE_CHECKPOINT: ""PPP"" "62"/"77" standard terms"
"S10_STAGE: ordered endpoint batch ""PPP"" positions "63"-"64"/"77
"kernel 1 (Local):"
"\"S10_TERM: Hqqbar;q_q PPP endpoint 64/78\"\n"
"kernel 2 (Local):"
"\"S10_TERM: Hqqbar;q_q PPP endpoint 65/78\"\n"
"S10_CACHE_CHECKPOINT: ""PPP"" "64"/"77" standard terms"
"S10_STAGE: ordered endpoint batch ""PPP"" positions "65"-"66"/"77
"kernel 1 (Local):"
"\"S10_TERM: Hqqbar;q_q PPP endpoint 66/78\"\n"
"kernel 2 (Local):"
"\"S10_TERM: Hqqbar;q_q PPP endpoint 67/78\"\n"
"S10_CACHE_CHECKPOINT: ""PPP"" "66"/"77" standard terms"
"S10_STAGE: ordered endpoint batch ""PPP"" positions "67"-"68"/"77
"kernel 1 (Local):"
"\"S10_TERM: Hqqbar;q_q PPP endpoint 68/78\"\n"
"kernel 2 (Local):"
"\"S10_TERM: Hqqbar;q_q PPP endpoint 69/78\"\n"
"S10_CACHE_CHECKPOINT: ""PPP"" "68"/"77" standard terms"
"S10_STAGE: ordered endpoint batch ""PPP"" positions "69"-"70"/"77
"kernel 1 (Local):"
"\"S10_TERM: Hqqbar;q_q PPP endpoint 70/78\"\n"
"kernel 2 (Local):"
"\"S10_TERM: Hqqbar;q_q PPP endpoint 71/78\"\n"
"S10_CACHE_CHECKPOINT: ""PPP"" "70"/"77" standard terms"
"S10_STAGE: ordered endpoint batch ""PPP"" positions "71"-"72"/"77
"kernel 1 (Local):"
"\"S10_TERM: Hqqbar;q_q PPP endpoint 72/78\"\n"
"kernel 2 (Local):"
"\"S10_TERM: Hqqbar;q_q PPP endpoint 73/78\"\n"
"S10_CACHE_CHECKPOINT: ""PPP"" "72"/"77" standard terms"
"S10_STAGE: ordered endpoint batch ""PPP"" positions "73"-"74"/"77
"kernel 1 (Local):"
"\"S10_TERM: Hqqbar;q_q PPP endpoint 74/78\"\n"
"kernel 2 (Local):"
"\"S10_TERM: Hqqbar;q_q PPP endpoint 75/78\"\n"
"S10_CACHE_CHECKPOINT: ""PPP"" "74"/"77" standard terms"
"S10_STAGE: ordered endpoint batch ""PPP"" positions "75"-"76"/"77
"kernel 1 (Local):"
"\"S10_TERM: Hqqbar;q_q PPP endpoint 76/78\"\n"
"kernel 2 (Local):"
"\"S10_TERM: Hqqbar;q_q PPP endpoint 77/78\"\n"
"S10_CACHE_CHECKPOINT: ""PPP"" "76"/"77" standard terms"
"S10_STAGE: ordered endpoint batch ""PPP"" positions "77"-"77"/"77
"kernel 1 (Local):"
"\"S10_TERM: Hqqbar;q_q PPP endpoint 78/78\"\n"
"S10_CACHE_CHECKPOINT: ""PPP"" "77"/"77" standard terms"
"S10_STAGE: applying coupled-log endpoint repair for PPP"
"S10_COUPLED_LOG_STAGE: label=""Hqqbar;q_q PPP"" sourceTerms="InputForm[{12, 35, 48, 77}]
"S10_COUPLED_LOG_STAGE: label=""Hqqbar;q_q PPP"" sourceTerms="InputForm[{13, 32, 46, 70}]
"S10_COUPLED_LOG_STAGE: label=""Hqqbar;q_q PPP"" sourceTerms="InputForm[{47, 78}]
"S10_COUPLED_LOG_STAGE: label=""Hqqbar;q_q PPP"" sourceTerms="InputForm[{64, 73}]
"S10_STAGE: reducing stronger endpoint pole for PPP"
"S10_CHECKPOINT: ""PPP"" stronger endpoint pole vanishes through epsilon^1"
"S10_CHECKPOINT: completed symbolic distribution action for ""PPP"
"S10_STAGE: atomically writing compact Hqqbar S10 result"
"S10_SUCCESS_SYMBOLIC"
"S10_PROGRAM_SHA256=793f9aaafbda74c605c3885915eabf9323e8b5761c84e9954d0759a5f890ac20"
"S10_RESULT_PATH=/home/physics/projects/AI_Assisted_SIDIS/scripts/Hqqbar/s10_result"
"S10_RESULT_SHA256=57e637d3eca490dfe08e341d866e5fa08ec1d69b14c7c476cf17c51890a65cb6"
"S10_RESULT_BYTES="11418177
"S10_CACHE_SHA256="InputForm[<|"Pg" -> "e130cafa2e9b02748f16e9c812d60bfaf29d37d9225eb362045d061d30fc8185", "PPP" -> "173e44bc67623274801a8ad9cc2e92183c39456b20d4cb68a21544100f2b225e"|>]
"S10_CHECKS="InputForm[<|"AuthoritativePaperHashValidated" -> True, "AcceptedS09SourceResultAndBothCacheHashesValidated" -> True, "AllThirtyFiveS09ChecksValidated" -> True, "FeynCalcContextLoadedBeforeArtifactDeserialization" -> True, "ExactlyTwoS09EndpointPlaceholdersReceived" -> True, "BothProjectorsProcessedSerially" -> True, "ExactSeventySixAndSeventyEightTermInventories" -> True, "TwoAlpha2TermsDetectedStructurally" -> True, "AllAlpha2NestedRatiosEqualZH2OverPHT2" -> True, "PhysicalBranchLogInventoriesValidated" -> True, "CoupledEndpointGroupsRepairedOnBothBranches" -> True, "AllOneHundredFiftyFourTermsResolved" -> True, "StrongerEndpointPoleAbsentThroughFiniteRequirement" -> True, "EndpointValuesAreS23Independent" -> True, "AdditionalMultiplicativeWeightIsExactlyOne" -> True, "IdenticalSpectatorHalfNotReapplied" -> True, "PhysicalFlavorChargeWeightStillDeferred" -> True, "NoExtraMSBarSEpsilonIntroduced" -> True, "SingleInheritedScaleMuPowerPreserved" -> True, "NoVirtualOrLOBranchIntroduced" -> True, "DiracDeltaAndAllPlusDistributionsActed" -> True, "FinalActionsContainNoDistributionPlaceholders" -> True, "FinalActionsContainEndpointSubtractedIntegrals" -> True, "CalculationRemainsExactAndSymbolic" -> True, "AtomicSourceBoundEndpointCachesDiskHashValidated" -> True, "Eq46FactorizationFiniteFHatAndBigTMDNotClaimed" -> True|>]
