Style["Loading FeynCalc from /home/physics/.WolframEngine/Applications/FeynCalc/", "Text"]
$PrePrint is set to FeynCalcForm. Use FI and FC to change the display format.
Style["FeynCalc ", "Text", Bold]Style["10.2.1 (stable version). For help, use the ", "Text"]Style[DisplayForm[ButtonBox["online documentation,", ButtonData :> {URL["https://feyncalc.github.io/referenceDev"], None}, BaseStyle -> "Hyperlink", ButtonNote -> "https://feyncalc.github.io/referenceDev"]], "Text"]Style[" visit the ", "Text"]Style[DisplayForm[ButtonBox["forum", ButtonData :> {URL["https://github.com/FeynCalc/feyncalc/discussions"], None}, BaseStyle -> "Hyperlink", ButtonNote -> "https://github.com/FeynCalc/feyncalc/discussions/"]], "Text"]Style[" and have a look at the supplied ", "Text"]Style[DisplayForm[ButtonBox["examples.", BaseStyle -> "Hyperlink", ButtonFunction :> SystemOpen[FileNameJoin[{$FeynCalcDirectory, "Examples"}]], Evaluator -> Automatic, Method -> "Preemptive"]], "Text"]Style[" The PDF-version of the manual can be downloaded ", "Text"]Style[DisplayForm[ButtonBox["here.", ButtonData :> {URL["https://github.com/FeynCalc/feyncalc-manual/releases/download/dev-manual/FeynCalcManual.pdf"], None}, BaseStyle -> "Hyperlink", ButtonNote -> "https://github.com/FeynCalc/feyncalc-manual/releases/download/dev-manual/FeynCalcManual.pdf"]], "Text"]
Style["If you use FeynCalc in your research, please evaluate FeynCalcHowToCite[] to learn how to cite this software.", "Text"]
Style["Please keep in mind that the proper academic attribution of our work is crucial to ensure the future development of this package!", {"Text", Italic}]
Style["Loading FeynArts from /home/physics/.WolframEngine/Applications/FeynCalc/FeynArts", "Text"]

SetDelayed::wrsym: Symbol Discard is Protected.
Style["FeynArts ", "Text", Bold]Style["3.11 (25 Mar 2022) patched for use with FeynCalc, for documentation see the ", "Text"]Style[DisplayForm[ButtonBox["manual", BaseStyle -> "Hyperlink", ButtonFunction :> SystemOpen[First[FileNames[{"*.pdf", "*.PDF"}, FileNameJoin[{$FeynArtsDirectory, "manual"}]]]], Evaluator -> Automatic, Method -> "Preemptive"]], "Text"]Style[" or visit ", "Text"]Style[DisplayForm[ButtonBox["www.feynarts.de.", ButtonData :> {URL["http://www.feynarts.de/"], None}, BaseStyle -> "Hyperlink", ButtonNote -> "www.feynarts.de/"]], "Text"]
Style["If you use FeynArts in your research, please cite", "Text"]
Style[" • T. Hahn, Comput. Phys. Commun., 140, 418-431, 2001, arXiv:hep-ph/0012260", "Text"]
"S11_STAGE: validating paper, accepted S01, and accepted S10 handoff"
"S11_CHECKPOINT: accepted upstream provenance and bookkeeping validated"

FCGV::shdw: Symbol FCGV appears in multiple contexts {FeynArts`, FeynCalc`}; definitions in context FeynArts` may shadow or be shadowed by other definitions.
"S11_STAGE: generating charge-stripped Born channel Hqg gamma* q -> g(k1) q"
"S11_CHECKPOINT: completed Born projections and Ward gates for Hqg gamma* q -> g(k1) q"
"S11_STAGE: generating charge-stripped Born channel Hgqbar gamma* g -> qbar(k1) q"
"S11_CHECKPOINT: completed Born projections and Ward gates for Hgqbar gamma* g -> qbar(k1) q"
"S11_STAGE: generating charge-stripped Born channel validation Hqg gamma* d -> g(k1) d"
"S11_CHECKPOINT: completed Born projections and Ward gates for validation Hqg gamma* d -> g(k1) d"
"S11_STAGE: generating charge-stripped Born channel validation Hgqbar gamma* g -> dbar(k1) d"
"S11_CHECKPOINT: completed Born projections and Ward gates for validation Hgqbar gamma* g -> dbar(k1) d"
"S11_STAGE: explicitizing reference and charge-validation Born pairs"
"S11_CHECKPOINT: independent up/down charge stripping agrees exactly"
"S11_CHECKPOINT: exact Eq. (46) convolution maps validated"
"S11_STAGE: acting the two regular splitting kernels for Pg and PPP"
"S11_STAGE: atomically writing the Hqqbar S11 result"
"S11_SUCCESS_SYMBOLIC_COUNTERTERMS"
"S11_PROGRAM_SHA256=2864463cd41d8bbc00247d429244decc061201e877ff60a511664924ce78a3d4"
"S11_RESULT_PATH=/home/physics/projects/AI_Assisted_SIDIS/scripts/Hqqbar/s11_result"
"S11_RESULT_SHA256=3cc321fc994a803f1d28a7fe35b84b4a4c466a9d95ed4e66bb3bca3e40aff889"
"S11_RESULT_BYTES="18255
"S11_COUNTERTERM_KEYS="InputForm[{"PgPDF", "PgFF", "PPPPDF", "PPPFF"}]
"S11_CHECKS="InputForm[<|"AuthoritativePaperHashValidated" -> True, "AcceptedS01SourceResultAndChecksValidated" -> True, "AcceptedS10SourceResultBothCachesAndTwentySixChecksValidated" -> True, "BigTMDChannel5ACurrentHashesValidated" -> True, "FeynCalcContextLoadedBeforeArtifactDeserialization" -> True, "ExactlyTwoReferenceAndTwoValidationBornChannelsGenerated" -> True, "EveryDirectBornChannelHasExactlyTwoDiagrams" -> True, "ReferenceAndValidationBornWardIdentitiesPass" -> True, "IndependentUpDownChargeStrippingAgrees" -> True, "CorrectInitialStateAveragesApplied" -> True, "AbsoluteBornScaleMuPowerTwoEpsilonAppliedExactlyOnce" -> True, "AllConvolutionMappingsValidated" -> True, "CorrectedPPPPDFRescalingAppliedOnlyThere" -> True, "PaperTwoBodyNormalizationApplied" -> True, "ExactlyFourCounterterms" -> True, "ExactlyOnePDFAndOneFFComponentPerProjector" -> True, "PDFContainsOnlyHgqbarTimesPgq" -> True, "FFContainsOnlyHqgTimesPqg" -> True, "NoHqqbarBornDiagonalPqqOrPggContribution" -> True, "RegularSplittingKernelsActedWithoutDistributionPlaceholders" -> True, "ExactlyOneOrdinaryInactiveIntegralPerCounterterm" -> True, "ArbitrarySymbolicTestsRetained" -> True, "PaperMSSchemeSEpsilonKeptSymbolic" -> True, "NoAdditionalMuEpsilonInPartonicPDForFF" -> True, "CountertermsRetainExactlyOneBornScaleMuPower" -> True, "PhysicalFlavorChargeLuminosityStillDeferred" -> True, "NoFlavorMultiplicitySymmetryOrVirtualWeightIntroduced" -> True, "CalculationRemainsExactAndSymbolic" -> True, "S10ActionsNotLoadedOrCombinedIntoCounterterms" -> True, "PoleCancellationFiniteLimitFHatAndBigTMDComparisonDeferred" -> True, "AtomicSourceBoundResultProtocolConfigured" -> True|>]
