MONITOR_START job=14692948 host=n6407 kernel_pid=32070
"From remote kernel:"
"\"VIRTUAL_CONTINUATION \"InputForm[FeynCalc`GLI[\"V01\", {0, 1, 0, 1}]]\" kernel \"1\n"
"From remote kernel:"
"\"VIRTUAL_CONTINUATION \"InputForm[FeynCalc`GLI[\"V02\", {1, 1, 0, 0}]]\" kernel \"2\n"
"From remote kernel:"
"\"VIRTUAL_CONTINUATION \"InputForm[FeynCalc`GLI[\"V03\", {0, 1, 1, 0}]]\" kernel \"3\n"
"From remote kernel:"
"\"VIRTUAL_CONTINUATION \"InputForm[FeynCalc`GLI[\"V03\", {1, 1, 0, 0}]]\" kernel \"4\n"
"From remote kernel:"
"\"VIRTUAL_MASTER_CONTINUED \"InputForm[FeynCalc`GLI[\"V03\", {0, 1, 1, 0}]]\n"
"From remote kernel:"
"\"VIRTUAL_MASTER_CONTINUED \"InputForm[FeynCalc`GLI[\"V03\", {1, 1, 0, 0}]]\n"
"From remote kernel:"
"\"VIRTUAL_CONTINUATION \"InputForm[FeynCalc`GLI[\"V06\", {1, 1, 1, 1}]]\" kernel \"3\n"
"From remote kernel:"
"\"VIRTUAL_CONTINUATION \"InputForm[FeynCalc`GLI[\"V07\", {1, 1, 1, 1}]]\" kernel \"4\n"
"From remote kernel:"
"\"VIRTUAL_MASTER_CONTINUED \"InputForm[FeynCalc`GLI[\"V02\", {1, 1, 0, 0}]]\n"
"From remote kernel:"
"\"VIRTUAL_CONTINUATION \"InputForm[FeynCalc`GLI[\"V08\", {1, 1, 1, 1}]]\" kernel \"2\n"
"From remote kernel:"
"\"VIRTUAL_MASTER_CONTINUED \"InputForm[FeynCalc`GLI[\"V01\", {0, 1, 0, 1}]]\n"
"From remote kernel:"
"\"VIRTUAL_MASTER_CONTINUED \"InputForm[FeynCalc`GLI[\"V08\", {1, 1, 1, 1}]]\n"
MONITOR_HEARTBEAT elapsed=31s rss=1359.6MiB peak=1359.6MiB
"From remote kernel:"
"\"VIRTUAL_MASTER_CONTINUED \"InputForm[FeynCalc`GLI[\"V07\", {1, 1, 1, 1}]]\n"
"From remote kernel:"
"\"VIRTUAL_MASTER_CONTINUED \"InputForm[FeynCalc`GLI[\"V06\", {1, 1, 1, 1}]]\n"
"VIRTUAL_RENORMALIZE ""Hqq"" ""Pg"
"VIRTUAL_HERMITIAN ""Hqq"" ""Pg"
"VIRTUAL_RENORMALIZE ""Hqq"" ""Ppp"
"VIRTUAL_HERMITIAN ""Hqq"" ""Ppp"
"VIRTUAL_RENORMALIZE ""Hqg"" ""Pg"
"VIRTUAL_HERMITIAN ""Hqg"" ""Pg"
"VIRTUAL_RENORMALIZE ""Hqg"" ""Ppp"
"VIRTUAL_HERMITIAN ""Hqg"" ""Ppp"
"VIRTUAL_RENORMALIZE ""Hgq"" ""Pg"
"VIRTUAL_HERMITIAN ""Hgq"" ""Pg"
MONITOR_HEARTBEAT elapsed=61s rss=418.4MiB peak=1362.1MiB
"VIRTUAL_RENORMALIZE ""Hgq"" ""Ppp"
"VIRTUAL_HERMITIAN ""Hgq"" ""Ppp"
"S19_SUCCESS: new physical virtual tensors and fresh MSbar counterterms assembled."
MONITOR_WAKE {"stage": "s19", "source": "s19_assemble_virtual.wl", "source_sha256": "f0e6bfb7831c6fcfc21e27e5ce21626ba33635f9cb3c955dbc270565dc35e7dc", "job_id": "14692948", "host": "n6407", "exit_code": 0, "success_marker": true, "accepted_execution": true, "guard": null, "peak_rss_bytes": 1428221952, "elapsed_seconds": 67.676328279078, "completed_utc": "2026-09-07T12:41:47.564160+00:00"}
