"PASS: ""authorized local assembly"
"PASS: ""complete source syntax"
"PASS: ""pinned GitHub real assembly"
"PASS: ""accepted real scalar map"
"PASS: ""complete real reduction coverage"
"PASS: ""accepted unchanged scalar library"
"PASS: ""s08 unchanged scalar input"
"PASS: ""s10 unchanged scalar input"
"PASS: ""s15 unchanged scalar input"
"PASS: ""accepted cut values and regions"
"PASS: ""region input identity s08_result.wl"
"PASS: ""region input identity s10_result.wl"
"PASS: ""recorded scalar coordinate conversion"
"PASS: ""every required master has its unchanged value"
"PASS: ""regulated endpoint integral evaluated"
"PASS: ""actual local master-coefficient runtime"
"PASS: ""accepted local master-coefficient receipt"
"PASS: ""complete real-assembly component interface"
"PASS: ""exact real-assembly consumer values retained"
"S12_INPUT_PROJECTION "InputForm[<|"OriginalComponentBytes" -> 1092116496, "ProjectedComponentBytes" -> 1083454464, "ComponentCount" -> 98, "Fields" -> {"Sector", "Kind", "Index", "ReducedCoefficients"}|>]
"PASS: ""pinned executed reference recurrence and receipt"
"PASS: ""accepted reference recurrence with unchanged equations"
"PASS: ""same standalone reference implementation"
"PASS: ""same accepted scalar master s08"
"PASS: ""same accepted scalar master s10"
"PASS: ""same accepted scalar master s15"
"PASS: ""unique executed recurrence predicate"
"PASS: ""native recurrence predicate syntax"
"PASS: ""accepted exact argument comparison receipt"
"PASS: ""exact executed argument normalization installed"
"PASS: ""exact executed recurrence definitions installed"
"PASS: ""unique complete reference product definition"
"PASS: ""single bounded product correction"
"PASS: ""complete product correction syntax and reversible source"
"PASS: ""accepted reference factorization definitions"
"PASS: ""exact reference endpoint factorization installed"
"PASS: ""cached original has exact complete actual input"
"PASS: ""candidate preserves transverse substitution"
"PASS: ""native master retains its regulator remainder"
"PASS: ""coefficient valuation is rational"
"PASS: ""integer coefficient regulator valuation"
"PASS: ""actual coefficient preserves required master depth"
"PASS: ""integer master Laurent support"
"PASS: ""master Laurent coefficients independent of regulator"
"PASS: ""complete master Laurent reconstruction"
"PASS: ""rational coefficient has polynomial regulator support"
"PASS: ""integer rational identity coverage"
"PASS: ""complete truncated rational numerator reconstruction"
"RATIONAL_MASTER_SERIES "{81, CutIntegral["R01", {1, 1, 0, 0}]}" order "0" seconds "0.017259" input bytes "924048" output bytes "505560
"PASS: ""canonical special-function argument exactly preserved"
"PASS: ""product agrees through requested regulator order"
"PASS: ""native product contains no higher regulator powers"
"RATIONAL_MASTER_SERIES "{81, CutIntegral["R01", {1, 1, 1, 1}]}" order "1" seconds "0.001038" input bytes "32480" output bytes "46376
"RATIONAL_MASTER_SERIES "{81, CutIntegral["R02", {1, 1, 1, 1}]}" order "1" seconds "0.00737" input bytes "356016" output bytes "359456
"RATIONAL_MASTER_SERIES "{81, CutIntegral["R03", {1, 1, 0, 1}]}" order "0" seconds "0.018761" input bytes "1142632" output bytes "112280
"RATIONAL_MASTER_SERIES "{81, CutIntegral["R03", {1, 1, 1, 1}]}" order "1" seconds "0.011195" input bytes "460088" output bytes "686360
"MASTER_PRODUCT_TRUNCATED "{81, CutIntegral["R03", {1, 1, 1, 1}]}" first_discarded_power "-1" requested_order "0
"RATIONAL_MASTER_SERIES "{81, CutIntegral["R04", {1, 1, 1, 1}]}" order "1" seconds "0.009462" input bytes "232208" output bytes "239080
"RATIONAL_MASTER_SERIES "{81, CutIntegral["R09", {1, 1, 1, 1}]}" order "1" seconds "0.010152" input bytes "364728" output bytes "513208
"RATIONAL_MASTER_SERIES "{81, CutIntegral["R10", {1, 1, 1, 1}]}" order "1" seconds "0.007155" input bytes "398912" output bytes "282528
"PASS: ""bounded compressed assembly file"
"PASS: ""exact native assembly reload"
"ACTUAL_ORDINARY_RESIDUAL "InputForm[(eq^2*Pi*Q*Sqrt[-(((Q^2 + s - s23 + t)*(Q^2*s23 + s*t))/(Q^2 + s)^2)]*(Q^2 + s - s23 + s23*SUNN^2 + t - SUNN^2*t)*(2*Q^4*s23 + 3*Q^2*s*s23 + s^2*s23 + Q^2*s23^2 - Q^4*t - Q^2*s*t - Q^2*s23*t + s*s23*t - s*t^2)*(Log[-1/4*((s23 - t)^2*(2*Q^2 + s + t)^2*(-1 + Sqrt[(s^2 + 4*Q^2*s23 + 2*s*t + t^2)/(2*Q^2 + s + t)^2])*(1 + Sqrt[(s^2 + 4*Q^2*s23 + 2*s*t + t^2)/(2*Q^2 + s + t)^2]))/(2*Q^2*s23 + s*s23 - Q^2*t)^2] - Log[-1/4*((2*Q^2 + s + t)^2*(-s23 + t)^2*(-1 + Sqrt[(s^2 + 4*Q^2*s23 + 2*s*t + t^2)/(2*Q^2 + s + t)^2])*(1 + Sqrt[(s^2 + 4*Q^2*s23 + 2*s*t + t^2)/(2*Q^2 + s + t)^2]))/(-2*Q^2*s23 - s*s23 + Q^2*t)^2]))/(SUNN*(Q^2 + s - s23 + t)^2*(Q^2*s23 + s*t)^2)]
"PASS: actual Hgg complete ordinary captured"
