MONITOR_START job=14693251 host=n6131 kernel_pid=18995
"From remote kernel:"
"Style[\"Loading FeynCalc from /u/home/r/rushil/.Mathematica/Applications/FeynCalc/\", \"Text\"]\n"
"From remote kernel:"
"Style[\"Loading FeynCalc from /u/home/r/rushil/.Mathematica/Applications/FeynCalc/\", \"Text\"]\n"
"From remote kernel:"
"Style[\"Loading FeynCalc from /u/home/r/rushil/.Mathematica/Applications/FeynCalc/\", \"Text\"]\n"
"From remote kernel:"
"Style[\"Loading FeynCalc from /u/home/r/rushil/.Mathematica/Applications/FeynCalc/\", \"Text\"]\n"
"From remote kernel:"
"$PrePrint is set to FeynCalcForm. Use FI and FC to change the display format.\n"
"From remote kernel:"
"$PrePrint is set to FeynCalcForm. Use FI and FC to change the display format.\n"
"From remote kernel:"
"Style[\"FeynCalc \", \"Text\", Bold]Style[\"10.2.1 (stable version). For help, use the \", \"Text\"]Style[DisplayForm[ButtonBox[\"online documentation,\", ButtonData :> {URL[\"https://feyncalc.github.io/referenceDev\"], None}, BaseStyle -> \"Hyperlink\", ButtonNote -> \"https://feyncalc.github.io/referenceDev\"]], \"Text\"]Style[\" visit the \", \"Text\"]Style[DisplayForm[ButtonBox[\"forum\", ButtonData :> {URL[\"https://github.com/FeynCalc/feyncalc/discussions\"], None}, BaseStyle -> \"Hyperlink\", ButtonNote -> \"https://github.com/FeynCalc/feyncalc/discussions/\"]], \"Text\"]Style[\" and have a look at the supplied \", \"Text\"]Style[DisplayForm[ButtonBox[\"examples.\", BaseStyle -> \"Hyperlink\", ButtonFunction :> SystemOpen[FileNameJoin[{$FeynCalcDirectory, \"Examples\"}]], Evaluator -> Automatic, Method -> \"Preemptive\"]], \"Text\"]Style[\" The PDF-version of the manual can be downloaded \", \"Text\"]Style[DisplayForm[ButtonBox[\"here.\", ButtonData :> {URL[\"https://github.com/FeynCalc/feyncalc-manual/releases/download/dev-manual/FeynCalcManual.pdf\"], None}, BaseStyle -> \"Hyperlink\", ButtonNote -> \"https://github.com/FeynCalc/feyncalc-manual/releases/download/dev-manual/FeynCalcManual.pdf\"]], \"Text\"]\n"
"From remote kernel:"
"$PrePrint is set to FeynCalcForm. Use FI and FC to change the display format.\n"
"From remote kernel:"
"Style[\"If you use FeynCalc in your research, please evaluate FeynCalcHowToCite[] to learn how to cite this software.\", \"Text\"]\n"
"From remote kernel:"
"Style[\"Please keep in mind that the proper academic attribution of our work is crucial to ensure the future development of this package!\", {\"Text\", Italic}]\n"
"From remote kernel:"
"$PrePrint is set to FeynCalcForm. Use FI and FC to change the display format.\n"
"From remote kernel:"
"Style[\"FeynCalc \", \"Text\", Bold]Style[\"10.2.1 (stable version). For help, use the \", \"Text\"]Style[DisplayForm[ButtonBox[\"online documentation,\", ButtonData :> {URL[\"https://feyncalc.github.io/referenceDev\"], None}, BaseStyle -> \"Hyperlink\", ButtonNote -> \"https://feyncalc.github.io/referenceDev\"]], \"Text\"]Style[\" visit the \", \"Text\"]Style[DisplayForm[ButtonBox[\"forum\", ButtonData :> {URL[\"https://github.com/FeynCalc/feyncalc/discussions\"], None}, BaseStyle -> \"Hyperlink\", ButtonNote -> \"https://github.com/FeynCalc/feyncalc/discussions/\"]], \"Text\"]Style[\" and have a look at the supplied \", \"Text\"]Style[DisplayForm[ButtonBox[\"examples.\", BaseStyle -> \"Hyperlink\", ButtonFunction :> SystemOpen[FileNameJoin[{$FeynCalcDirectory, \"Examples\"}]], Evaluator -> Automatic, Method -> \"Preemptive\"]], \"Text\"]Style[\" The PDF-version of the manual can be downloaded \", \"Text\"]Style[DisplayForm[ButtonBox[\"here.\", ButtonData :> {URL[\"https://github.com/FeynCalc/feyncalc-manual/releases/download/dev-manual/FeynCalcManual.pdf\"], None}, BaseStyle -> \"Hyperlink\", ButtonNote -> \"https://github.com/FeynCalc/feyncalc-manual/releases/download/dev-manual/FeynCalcManual.pdf\"]], \"Text\"]\n"
"From remote kernel:"
"Style[\"If you use FeynCalc in your research, please evaluate FeynCalcHowToCite[] to learn how to cite this software.\", \"Text\"]\n"
"From remote kernel:"
"Style[\"Please keep in mind that the proper academic attribution of our work is crucial to ensure the future development of this package!\", {\"Text\", Italic}]\n"
"From remote kernel:"
"Style[\"FeynCalc \", \"Text\", Bold]Style[\"10.2.1 (stable version). For help, use the \", \"Text\"]Style[DisplayForm[ButtonBox[\"online documentation,\", ButtonData :> {URL[\"https://feyncalc.github.io/referenceDev\"], None}, BaseStyle -> \"Hyperlink\", ButtonNote -> \"https://feyncalc.github.io/referenceDev\"]], \"Text\"]Style[\" visit the \", \"Text\"]Style[DisplayForm[ButtonBox[\"forum\", ButtonData :> {URL[\"https://github.com/FeynCalc/feyncalc/discussions\"], None}, BaseStyle -> \"Hyperlink\", ButtonNote -> \"https://github.com/FeynCalc/feyncalc/discussions/\"]], \"Text\"]Style[\" and have a look at the supplied \", \"Text\"]Style[DisplayForm[ButtonBox[\"examples.\", BaseStyle -> \"Hyperlink\", ButtonFunction :> SystemOpen[FileNameJoin[{$FeynCalcDirectory, \"Examples\"}]], Evaluator -> Automatic, Method -> \"Preemptive\"]], \"Text\"]Style[\" The PDF-version of the manual can be downloaded \", \"Text\"]Style[DisplayForm[ButtonBox[\"here.\", ButtonData :> {URL[\"https://github.com/FeynCalc/feyncalc-manual/releases/download/dev-manual/FeynCalcManual.pdf\"], None}, BaseStyle -> \"Hyperlink\", ButtonNote -> \"https://github.com/FeynCalc/feyncalc-manual/releases/download/dev-manual/FeynCalcManual.pdf\"]], \"Text\"]\n"
"From remote kernel:"
"Style[\"If you use FeynCalc in your research, please evaluate FeynCalcHowToCite[] to learn how to cite this software.\", \"Text\"]\n"
"From remote kernel:"
"Style[\"Please keep in mind that the proper academic attribution of our work is crucial to ensure the future development of this package!\", {\"Text\", Italic}]\n"
"From remote kernel:"
"Style[\"FeynCalc \", \"Text\", Bold]Style[\"10.2.1 (stable version). For help, use the \", \"Text\"]Style[DisplayForm[ButtonBox[\"online documentation,\", ButtonData :> {URL[\"https://feyncalc.github.io/referenceDev\"], None}, BaseStyle -> \"Hyperlink\", ButtonNote -> \"https://feyncalc.github.io/referenceDev\"]], \"Text\"]Style[\" visit the \", \"Text\"]Style[DisplayForm[ButtonBox[\"forum\", ButtonData :> {URL[\"https://github.com/FeynCalc/feyncalc/discussions\"], None}, BaseStyle -> \"Hyperlink\", ButtonNote -> \"https://github.com/FeynCalc/feyncalc/discussions/\"]], \"Text\"]Style[\" and have a look at the supplied \", \"Text\"]Style[DisplayForm[ButtonBox[\"examples.\", BaseStyle -> \"Hyperlink\", ButtonFunction :> SystemOpen[FileNameJoin[{$FeynCalcDirectory, \"Examples\"}]], Evaluator -> Automatic, Method -> \"Preemptive\"]], \"Text\"]Style[\" The PDF-version of the manual can be downloaded \", \"Text\"]Style[DisplayForm[ButtonBox[\"here.\", ButtonData :> {URL[\"https://github.com/FeynCalc/feyncalc-manual/releases/download/dev-manual/FeynCalcManual.pdf\"], None}, BaseStyle -> \"Hyperlink\", ButtonNote -> \"https://github.com/FeynCalc/feyncalc-manual/releases/download/dev-manual/FeynCalcManual.pdf\"]], \"Text\"]\n"
"From remote kernel:"
"Style[\"If you use FeynCalc in your research, please evaluate FeynCalcHowToCite[] to learn how to cite this software.\", \"Text\"]\n"
"From remote kernel:"
"Style[\"Please keep in mind that the proper academic attribution of our work is crucial to ensure the future development of this package!\", {\"Text\", Italic}]\n"
"From remote kernel:"
"\"2026-09-07T07:05:24\"\" \"{\"DELTA_IDENTITY\", \"Hqq\", \"Pg_1_Delta\"}\n"
"From remote kernel:"
"\"2026-09-07T07:05:24\"\" \"{\"DELTA_IDENTITY\", \"Hqq\", \"Pg_-1_Delta\"}\n"
"From remote kernel:"
"\"2026-09-07T07:05:24\"\" \"{\"DELTA_IDENTITY\", \"Hqq\", \"Ppp_1_Delta\"}\n"
"From remote kernel:"
"\"2026-09-07T07:05:24\"\" \"{\"DELTA_IDENTITY\", \"Hqq\", \"Ppp_-1_Delta\"}\n"
"From remote kernel:"
"\"Normalize \"0\" radicals\"\n"
"From remote kernel:"
"\"Normalize \"4\" distinct functions\"\n"
"From remote kernel:"
"\"Normalize \"0\" radicals\"\n"
"From remote kernel:"
"\"Normalize \"4\" distinct functions\"\n"
"From remote kernel:"
"\"Normalize \"0\" radicals\"\n"
"From remote kernel:"
"\"Normalize \"0\" radicals\"\n"
"From remote kernel:"
"\"Normalize \"4\" distinct functions\"\n"
"From remote kernel:"
"\"Normalize \"4\" distinct functions\"\n"
"From remote kernel:"
"\"Normalize \"0\" phase functions\"\n"
"From remote kernel:"
"\"Normalize \"0\" phase functions\"\n"
"From remote kernel:"
"\"Normalize \"0\" phase functions\"\n"
"From remote kernel:"
"\"Factored formal input leaves = \"1\n"
"From remote kernel:"
"\"Factored formal input leaves = \"1\n"
"From remote kernel:"
"\"Factored formal input leaves = \"1\n"
"From remote kernel:"
"\"Normalize \"0\" phase functions\"\n"
"From remote kernel:"
"\"Reduce \"1\" algebraic coefficients\"\n"
"From remote kernel:"
"\"Reduce \"1\" algebraic coefficients\"\n"
"From remote kernel:"
"\"Reduce \"1\" algebraic coefficients\"\n"
"From remote kernel:"
"\"Factored formal input leaves = \"1\n"
"From remote kernel:"
"\"Reduce coefficient \"1\"/\"1\"; leaves = \"1\n"
"From remote kernel:"
"\"Reduce coefficient \"1\"/\"1\"; leaves = \"1\n"
"From remote kernel:"
"\"Reduce coefficient \"1\"/\"1\"; leaves = \"1\n"
"From remote kernel:"
"\"Reduce \"1\" algebraic coefficients\"\n"
"From remote kernel:"
"\"Factor \"1\" rational summands\"\n"
"From remote kernel:"
"\"Factor \"1\" rational summands\"\n"
"From remote kernel:"
"\"Factor \"1\" rational summands\"\n"
"From remote kernel:"
"\"Reduce coefficient \"1\"/\"1\"; leaves = \"1\n"
"From remote kernel:"
"\"Combine \"1\" summands in \"1\" denominator groups\"\n"
"From remote kernel:"
"\"Combine \"1\" summands in \"1\" denominator groups\"\n"
"From remote kernel:"
"\"Combine \"1\" summands in \"1\" denominator groups\"\n"
"From remote kernel:"
"\"Factor \"1\" rational summands\"\n"
"From remote kernel:"
"\"Combine rational summands; leaves = \"1\n"
"From remote kernel:"
"\"Combine rational summands; leaves = \"1\n"
"From remote kernel:"
"\"Combine rational summands; leaves = \"1\n"
"From remote kernel:"
"\"Combine \"1\" summands in \"1\" denominator groups\"\n"
"From remote kernel:"
"\"Saved coefficient \"1\"/\"1\"; zero = \"True\n"
"From remote kernel:"
"\"Saved coefficient \"1\"/\"1\"; zero = \"True\n"
"From remote kernel:"
"\"Saved coefficient \"1\"/\"1\"; zero = \"True\n"
"From remote kernel:"
"\"Combine rational summands; leaves = \"1\n"
"From remote kernel:"
"\"Saved coefficient \"1\"/\"1\"; zero = \"True\n"
"From remote kernel:"
"\"Normalize \"0\" radicals\"\n"
"From remote kernel:"
"\"Normalize \"0\" radicals\"\n"
"From remote kernel:"
"\"Normalize \"0\" distinct functions\"\n"
"From remote kernel:"
"\"Normalize \"0\" distinct functions\"\n"
"From remote kernel:"
"\"Normalize \"0\" phase functions\"\n"
"From remote kernel:"
"\"Normalize \"0\" phase functions\"\n"
"From remote kernel:"
"\"Normalize \"0\" radicals\"\n"
"From remote kernel:"
"\"Normalize \"0\" distinct functions\"\n"
"From remote kernel:"
"\"Normalize \"0\" radicals\"\n"
"From remote kernel:"
"\"Normalize \"0\" phase functions\"\n"
"From remote kernel:"
"\"Normalize \"0\" distinct functions\"\n"
"From remote kernel:"
"\"Normalize \"0\" phase functions\"\n"
"From remote kernel:"
"\"Normalize \"0\" radicals\"\n"
"From remote kernel:"
"\"Normalize \"0\" radicals\"\n"
"From remote kernel:"
"\"Normalize \"4\" distinct functions\"\n"
"From remote kernel:"
"\"Normalize \"4\" distinct functions\"\n"
"From remote kernel:"
"\"Normalize \"0\" radicals\"\n"
"From remote kernel:"
"\"Normalize \"4\" distinct functions\"\n"
"From remote kernel:"
"\"Normalize \"0\" radicals\"\n"
"From remote kernel:"
"\"Normalize \"4\" distinct functions\"\n"
"From remote kernel:"
"\"Normalize \"0\" phase functions\"\n"
"From remote kernel:"
"\"Normalize \"0\" phase functions\"\n"
"From remote kernel:"
"\"Factored formal input leaves = \"1\n"
"From remote kernel:"
"\"Factored formal input leaves = \"1\n"
"From remote kernel:"
"\"Reduce \"1\" algebraic coefficients\"\n"
"From remote kernel:"
"\"Reduce \"1\" algebraic coefficients\"\n"
"From remote kernel:"
"\"Reduce coefficient \"1\"/\"1\"; leaves = \"1\n"
"From remote kernel:"
"\"Reduce coefficient \"1\"/\"1\"; leaves = \"1\n"
"From remote kernel:"
"\"Factor \"1\" rational summands\"\n"
"From remote kernel:"
"\"Factor \"1\" rational summands\"\n"
"From remote kernel:"
"\"Combine \"1\" summands in \"1\" denominator groups\"\n"
"From remote kernel:"
"\"Combine \"1\" summands in \"1\" denominator groups\"\n"
"From remote kernel:"
"\"Normalize \"0\" phase functions\"\n"
"From remote kernel:"
"\"Combine rational summands; leaves = \"1\n"
"From remote kernel:"
"\"Combine rational summands; leaves = \"1\n"
"From remote kernel:"
"\"Factored formal input leaves = \"1\n"
"From remote kernel:"
"\"Saved coefficient \"1\"/\"1\"; zero = \"True\n"
"From remote kernel:"
"\"Normalize \"0\" phase functions\"\n"
"From remote kernel:"
"\"Saved coefficient \"1\"/\"1\"; zero = \"True\n"
"From remote kernel:"
"\"Reduce \"1\" algebraic coefficients\"\n"
"From remote kernel:"
"\"2026-09-07T07:05:28\"\" \"{\"DELTA_FINISHED\", \"Hqq\", \"Ppp_1_Delta\", True, True}\n"
"From remote kernel:"
"\"Factored formal input leaves = \"1\n"
"From remote kernel:"
"\"2026-09-07T07:05:28\"\" \"{\"DELTA_FINISHED\", \"Hqq\", \"Pg_1_Delta\", True, True}\n"
"From remote kernel:"
"\"Reduce coefficient \"1\"/\"1\"; leaves = \"1\n"
"From remote kernel:"
"\"Reduce \"1\" algebraic coefficients\"\n"
"From remote kernel:"
"\"Factor \"1\" rational summands\"\n"
"From remote kernel:"
"\"Reduce coefficient \"1\"/\"1\"; leaves = \"1\n"
"From remote kernel:"
"\"Combine \"1\" summands in \"1\" denominator groups\"\n"
"From remote kernel:"
"\"Factor \"1\" rational summands\"\n"
"From remote kernel:"
"\"Combine rational summands; leaves = \"1\n"
"From remote kernel:"
"\"2026-09-07T07:05:28\"\" \"{\"DELTA_IDENTITY\", \"Hqg\", \"F1_-1_Delta\"}\n"
"From remote kernel:"
"\"Combine \"1\" summands in \"1\" denominator groups\"\n"
"From remote kernel:"
"\"2026-09-07T07:05:28\"\" \"{\"DELTA_IDENTITY\", \"Hqg\", \"F1_1_Delta\"}\n"
"From remote kernel:"
"\"Saved coefficient \"1\"/\"1\"; zero = \"True\n"
"From remote kernel:"
"\"Combine rational summands; leaves = \"1\n"
"From remote kernel:"
"\"2026-09-07T07:05:28\"\" \"{\"DELTA_FINISHED\", \"Hqq\", \"Pg_-1_Delta\", True, True}\n"
"From remote kernel:"
"\"Saved coefficient \"1\"/\"1\"; zero = \"True\n"
"From remote kernel:"
"\"2026-09-07T07:05:28\"\" \"{\"DELTA_FINISHED\", \"Hqq\", \"Ppp_-1_Delta\", True, True}\n"
"From remote kernel:"
"\"2026-09-07T07:05:28\"\" \"{\"DELTA_IDENTITY\", \"Hqg\", \"F2_-1_Delta\"}\n"
"From remote kernel:"
"\"2026-09-07T07:05:28\"\" \"{\"DELTA_IDENTITY\", \"Hqg\", \"F2_1_Delta\"}\n"
"From remote kernel:"
"\"Normalize \"0\" radicals\"\n"
"From remote kernel:"
"\"Normalize \"4\" distinct functions\"\n"
"From remote kernel:"
"\"Normalize \"0\" radicals\"\n"
"From remote kernel:"
"\"Normalize \"4\" distinct functions\"\n"
"From remote kernel:"
"\"Normalize \"0\" radicals\"\n"
"From remote kernel:"
"\"Normalize \"0\" radicals\"\n"
"From remote kernel:"
"\"Normalize \"4\" distinct functions\"\n"
"From remote kernel:"
"\"Normalize \"0\" phase functions\"\n"
"From remote kernel:"
"\"Normalize \"4\" distinct functions\"\n"
"From remote kernel:"
"\"Factored formal input leaves = \"1\n"
"From remote kernel:"
"\"Reduce \"1\" algebraic coefficients\"\n"
"From remote kernel:"
"\"Reduce coefficient \"1\"/\"1\"; leaves = \"1\n"
"From remote kernel:"
"\"Normalize \"0\" phase functions\"\n"
"From remote kernel:"
"\"Factor \"1\" rational summands\"\n"
"From remote kernel:"
"\"Factored formal input leaves = \"1\n"
"From remote kernel:"
"\"Combine \"1\" summands in \"1\" denominator groups\"\n"
"From remote kernel:"
"\"Reduce \"1\" algebraic coefficients\"\n"
"From remote kernel:"
"\"Combine rational summands; leaves = \"1\n"
"From remote kernel:"
"\"Reduce coefficient \"1\"/\"1\"; leaves = \"1\n"
"From remote kernel:"
"\"Saved coefficient \"1\"/\"1\"; zero = \"True\n"
"From remote kernel:"
"\"Factor \"1\" rational summands\"\n"
"From remote kernel:"
"\"Combine \"1\" summands in \"1\" denominator groups\"\n"
"From remote kernel:"
"\"Normalize \"0\" phase functions\"\n"
"From remote kernel:"
"\"Combine rational summands; leaves = \"1\n"
"From remote kernel:"
"\"Normalize \"0\" phase functions\"\n"
"From remote kernel:"
"\"Factored formal input leaves = \"1\n"
"From remote kernel:"
"\"Saved coefficient \"1\"/\"1\"; zero = \"True\n"
"From remote kernel:"
"\"Factored formal input leaves = \"1\n"
"From remote kernel:"
"\"Reduce \"1\" algebraic coefficients\"\n"
"From remote kernel:"
"\"Reduce \"1\" algebraic coefficients\"\n"
"From remote kernel:"
"\"Reduce coefficient \"1\"/\"1\"; leaves = \"1\n"
"From remote kernel:"
"\"Normalize \"0\" radicals\"\n"
"From remote kernel:"
"\"Reduce coefficient \"1\"/\"1\"; leaves = \"1\n"
"From remote kernel:"
"\"Factor \"1\" rational summands\"\n"
"From remote kernel:"
"\"Normalize \"0\" distinct functions\"\n"
"From remote kernel:"
"\"Factor \"1\" rational summands\"\n"
"From remote kernel:"
"\"Combine \"1\" summands in \"1\" denominator groups\"\n"
"From remote kernel:"
"\"Normalize \"0\" phase functions\"\n"
"From remote kernel:"
"\"Combine \"1\" summands in \"1\" denominator groups\"\n"
"From remote kernel:"
"\"Combine rational summands; leaves = \"1\n"
"From remote kernel:"
"\"Normalize \"0\" radicals\"\n"
"From remote kernel:"
"\"Combine rational summands; leaves = \"1\n"
"From remote kernel:"
"\"Saved coefficient \"1\"/\"1\"; zero = \"True\n"
"From remote kernel:"
"\"Normalize \"0\" distinct functions\"\n"
"From remote kernel:"
"\"Saved coefficient \"1\"/\"1\"; zero = \"True\n"
"From remote kernel:"
"\"Normalize \"0\" phase functions\"\n"
"From remote kernel:"
"\"Normalize \"0\" radicals\"\n"
"From remote kernel:"
"\"Normalize \"0\" radicals\"\n"
"From remote kernel:"
"\"Normalize \"0\" radicals\"\n"
"From remote kernel:"
"\"Normalize \"4\" distinct functions\"\n"
"From remote kernel:"
"\"Normalize \"0\" distinct functions\"\n"
"From remote kernel:"
"\"Normalize \"0\" distinct functions\"\n"
"From remote kernel:"
"\"Normalize \"0\" radicals\"\n"
"From remote kernel:"
"\"Normalize \"0\" phase functions\"\n"
"From remote kernel:"
"\"Normalize \"0\" phase functions\"\n"
"From remote kernel:"
"\"Normalize \"4\" distinct functions\"\n"
"From remote kernel:"
"\"Normalize \"0\" phase functions\"\n"
"From remote kernel:"
"\"Normalize \"0\" phase functions\"\n"
"From remote kernel:"
"\"Factored formal input leaves = \"1\n"
"From remote kernel:"
"\"Factored formal input leaves = \"1\n"
"From remote kernel:"
"\"Reduce \"1\" algebraic coefficients\"\n"
"From remote kernel:"
"\"Reduce \"1\" algebraic coefficients\"\n"
"From remote kernel:"
"\"Reduce coefficient \"1\"/\"1\"; leaves = \"1\n"
"From remote kernel:"
"\"Reduce coefficient \"1\"/\"1\"; leaves = \"1\n"
"From remote kernel:"
"\"Factor \"1\" rational summands\"\n"
"From remote kernel:"
"\"Factor \"1\" rational summands\"\n"
"From remote kernel:"
"\"Combine \"1\" summands in \"1\" denominator groups\"\n"
"From remote kernel:"
"\"Normalize \"0\" radicals\"\n"
"From remote kernel:"
"\"Combine \"1\" summands in \"1\" denominator groups\"\n"
"From remote kernel:"
"\"Combine rational summands; leaves = \"1\n"
"From remote kernel:"
"\"Normalize \"4\" distinct functions\"\n"
"From remote kernel:"
"\"Combine rational summands; leaves = \"1\n"
"From remote kernel:"
"\"Saved coefficient \"1\"/\"1\"; zero = \"True\n"
"From remote kernel:"
"\"Normalize \"0\" radicals\"\n"
"From remote kernel:"
"\"Saved coefficient \"1\"/\"1\"; zero = \"True\n"
"From remote kernel:"
"\"2026-09-07T07:05:29\"\" \"{\"DELTA_FINISHED\", \"Hqg\", \"F1_1_Delta\", True, True}\n"
"From remote kernel:"
"\"Normalize \"4\" distinct functions\"\n"
"From remote kernel:"
"\"2026-09-07T07:05:29\"\" \"{\"DELTA_FINISHED\", \"Hqg\", \"F2_1_Delta\", True, True}\n"
"From remote kernel:"
"\"2026-09-07T07:05:29\"\" \"{\"DELTA_IDENTITY\", \"Hgq\", \"Pg_1_Delta\"}\n"
"From remote kernel:"
"\"2026-09-07T07:05:29\"\" \"{\"DELTA_IDENTITY\", \"Hgq\", \"Pg_-1_Delta\"}\n"
"From remote kernel:"
"\"Normalize \"0\" phase functions\"\n"
"From remote kernel:"
"\"Factored formal input leaves = \"1\n"
"From remote kernel:"
"\"Reduce \"1\" algebraic coefficients\"\n"
"From remote kernel:"
"\"Normalize \"0\" phase functions\"\n"
"From remote kernel:"
"\"Reduce coefficient \"1\"/\"1\"; leaves = \"1\n"
"From remote kernel:"
"\"Factored formal input leaves = \"1\n"
"From remote kernel:"
"\"Factor \"1\" rational summands\"\n"
"From remote kernel:"
"\"Reduce \"1\" algebraic coefficients\"\n"
"From remote kernel:"
"\"Combine \"1\" summands in \"1\" denominator groups\"\n"
"From remote kernel:"
"\"Reduce coefficient \"1\"/\"1\"; leaves = \"1\n"
"From remote kernel:"
"\"Combine rational summands; leaves = \"1\n"
"From remote kernel:"
"\"Factor \"1\" rational summands\"\n"
"From remote kernel:"
"\"Normalize \"0\" radicals\"\n"
"From remote kernel:"
"\"Saved coefficient \"1\"/\"1\"; zero = \"True\n"
"From remote kernel:"
"\"Combine \"1\" summands in \"1\" denominator groups\"\n"
"From remote kernel:"
"\"Normalize \"4\" distinct functions\"\n"
"From remote kernel:"
"\"2026-09-07T07:05:29\"\" \"{\"DELTA_FINISHED\", \"Hqg\", \"F2_-1_Delta\", True, True}\n"
"From remote kernel:"
"\"Combine rational summands; leaves = \"1\n"
"From remote kernel:"
"\"Saved coefficient \"1\"/\"1\"; zero = \"True\n"
"From remote kernel:"
"\"2026-09-07T07:05:29\"\" \"{\"DELTA_FINISHED\", \"Hqg\", \"F1_-1_Delta\", True, True}\n"
"From remote kernel:"
"\"2026-09-07T07:05:29\"\" \"{\"DELTA_IDENTITY\", \"Hgq\", \"Ppp_1_Delta\"}\n"
"From remote kernel:"
"\"Normalize \"0\" radicals\"\n"
"From remote kernel:"
"\"Normalize \"4\" distinct functions\"\n"
"From remote kernel:"
"\"2026-09-07T07:05:29\"\" \"{\"DELTA_IDENTITY\", \"Hgq\", \"Ppp_-1_Delta\"}\n"
"From remote kernel:"
"\"Normalize \"0\" phase functions\"\n"
"From remote kernel:"
"\"Factored formal input leaves = \"1\n"
"From remote kernel:"
"\"Reduce \"1\" algebraic coefficients\"\n"
"From remote kernel:"
"\"Normalize \"0\" radicals\"\n"
"From remote kernel:"
"\"Normalize \"0\" phase functions\"\n"
"From remote kernel:"
"\"Reduce coefficient \"1\"/\"1\"; leaves = \"1\n"
"From remote kernel:"
"\"Normalize \"4\" distinct functions\"\n"
"From remote kernel:"
"\"Factored formal input leaves = \"1\n"
"From remote kernel:"
"\"Factor \"1\" rational summands\"\n"
"From remote kernel:"
"\"Reduce \"1\" algebraic coefficients\"\n"
"From remote kernel:"
"\"Combine \"1\" summands in \"1\" denominator groups\"\n"
"From remote kernel:"
"\"Reduce coefficient \"1\"/\"1\"; leaves = \"1\n"
"From remote kernel:"
"\"Combine rational summands; leaves = \"1\n"
"From remote kernel:"
"\"Factor \"1\" rational summands\"\n"
"From remote kernel:"
"\"Saved coefficient \"1\"/\"1\"; zero = \"True\n"
"From remote kernel:"
"\"Combine \"1\" summands in \"1\" denominator groups\"\n"
"From remote kernel:"
"\"Normalize \"0\" radicals\"\n"
"From remote kernel:"
"\"Combine rational summands; leaves = \"1\n"
"From remote kernel:"
"\"Normalize \"4\" distinct functions\"\n"
"From remote kernel:"
"\"Saved coefficient \"1\"/\"1\"; zero = \"True\n"
"From remote kernel:"
"\"Normalize \"0\" radicals\"\n"
"From remote kernel:"
"\"Normalize \"0\" distinct functions\"\n"
"From remote kernel:"
"\"Normalize \"0\" phase functions\"\n"
"From remote kernel:"
"\"Normalize \"0\" phase functions\"\n"
"From remote kernel:"
"\"Factored formal input leaves = \"1\n"
"From remote kernel:"
"\"Reduce \"1\" algebraic coefficients\"\n"
"From remote kernel:"
"\"Reduce coefficient \"1\"/\"1\"; leaves = \"1\n"
"From remote kernel:"
"\"Factor \"1\" rational summands\"\n"
"From remote kernel:"
"\"Normalize \"0\" radicals\"\n"
"From remote kernel:"
"\"Combine \"1\" summands in \"1\" denominator groups\"\n"
"From remote kernel:"
"\"Normalize \"0\" phase functions\"\n"
"From remote kernel:"
"\"Normalize \"0\" distinct functions\"\n"
"From remote kernel:"
"\"Combine rational summands; leaves = \"1\n"
"From remote kernel:"
"\"Factored formal input leaves = \"1\n"
"From remote kernel:"
"\"Normalize \"0\" phase functions\"\n"
"From remote kernel:"
"\"Saved coefficient \"1\"/\"1\"; zero = \"True\n"
"From remote kernel:"
"\"Reduce \"1\" algebraic coefficients\"\n"
"From remote kernel:"
"\"Normalize \"0\" radicals\"\n"
"From remote kernel:"
"\"Reduce coefficient \"1\"/\"1\"; leaves = \"1\n"
"From remote kernel:"
"\"Normalize \"4\" distinct functions\"\n"
"From remote kernel:"
"\"Factor \"1\" rational summands\"\n"
"From remote kernel:"
"\"Combine \"1\" summands in \"1\" denominator groups\"\n"
"From remote kernel:"
"\"Normalize \"0\" radicals\"\n"
"From remote kernel:"
"\"Combine rational summands; leaves = \"1\n"
"From remote kernel:"
"\"Normalize \"0\" distinct functions\"\n"
"From remote kernel:"
"\"Saved coefficient \"1\"/\"1\"; zero = \"True\n"
"From remote kernel:"
"\"Normalize \"0\" phase functions\"\n"
"From remote kernel:"
"\"Normalize \"0\" radicals\"\n"
"From remote kernel:"
"\"Normalize \"4\" distinct functions\"\n"
"From remote kernel:"
"\"Normalize \"0\" phase functions\"\n"
"From remote kernel:"
"\"Factored formal input leaves = \"1\n"
"From remote kernel:"
"\"Reduce \"1\" algebraic coefficients\"\n"
"From remote kernel:"
"\"Normalize \"0\" radicals\"\n"
"From remote kernel:"
"\"Reduce coefficient \"1\"/\"1\"; leaves = \"1\n"
"From remote kernel:"
"\"Normalize \"0\" radicals\"\n"
"From remote kernel:"
"\"Normalize \"0\" distinct functions\"\n"
"From remote kernel:"
"\"Factor \"1\" rational summands\"\n"
"From remote kernel:"
"\"Normalize \"4\" distinct functions\"\n"
"From remote kernel:"
"\"Normalize \"0\" phase functions\"\n"
"From remote kernel:"
"\"Combine \"1\" summands in \"1\" denominator groups\"\n"
"From remote kernel:"
"\"Combine rational summands; leaves = \"1\n"
"From remote kernel:"
"\"Saved coefficient \"1\"/\"1\"; zero = \"True\n"
"From remote kernel:"
"\"2026-09-07T07:05:30\"\" \"{\"DELTA_FINISHED\", \"Hgq\", \"Pg_1_Delta\", True, True}\n"
"From remote kernel:"
"\"Normalize \"0\" phase functions\"\n"
"From remote kernel:"
"\"Factored formal input leaves = \"1\n"
"From remote kernel:"
"\"Reduce \"1\" algebraic coefficients\"\n"
"From remote kernel:"
"\"Normalize \"0\" phase functions\"\n"
"From remote kernel:"
"\"Reduce coefficient \"1\"/\"1\"; leaves = \"1\n"
"From remote kernel:"
"\"Factored formal input leaves = \"1\n"
"From remote kernel:"
"\"Factor \"1\" rational summands\"\n"
"From remote kernel:"
"\"Reduce \"1\" algebraic coefficients\"\n"
"From remote kernel:"
"\"Normalize \"0\" radicals\"\n"
"From remote kernel:"
"\"Combine \"1\" summands in \"1\" denominator groups\"\n"
"From remote kernel:"
"\"Reduce coefficient \"1\"/\"1\"; leaves = \"1\n"
"From remote kernel:"
"\"Normalize \"4\" distinct functions\"\n"
"From remote kernel:"
"\"Combine rational summands; leaves = \"1\n"
"From remote kernel:"
"\"Factor \"1\" rational summands\"\n"
"From remote kernel:"
"\"Saved coefficient \"1\"/\"1\"; zero = \"True\n"
"From remote kernel:"
"\"Combine \"1\" summands in \"1\" denominator groups\"\n"
"From remote kernel:"
"\"2026-09-07T07:05:30\"\" \"{\"DELTA_FINISHED\", \"Hgq\", \"Pg_-1_Delta\", True, True}\n"
"From remote kernel:"
"\"Combine rational summands; leaves = \"1\n"
"From remote kernel:"
"\"Saved coefficient \"1\"/\"1\"; zero = \"True\n"
"From remote kernel:"
"\"2026-09-07T07:05:30\"\" \"{\"DELTA_FINISHED\", \"Hgq\", \"Ppp_1_Delta\", True, True}\n"
"From remote kernel:"
"\"Normalize \"0\" phase functions\"\n"
"From remote kernel:"
"\"Factored formal input leaves = \"1\n"
"From remote kernel:"
"\"Reduce \"1\" algebraic coefficients\"\n"
"From remote kernel:"
"\"Reduce coefficient \"1\"/\"1\"; leaves = \"1\n"
"From remote kernel:"
"\"Factor \"1\" rational summands\"\n"
"From remote kernel:"
"\"Combine \"1\" summands in \"1\" denominator groups\"\n"
"From remote kernel:"
"\"Combine rational summands; leaves = \"1\n"
"From remote kernel:"
"\"Saved coefficient \"1\"/\"1\"; zero = \"True\n"
"From remote kernel:"
"\"2026-09-07T07:05:30\"\" \"{\"DELTA_FINISHED\", \"Hgq\", \"Ppp_-1_Delta\", True, True}\n"
"S03_SUCCESS: complete exact comparison including finite delta identities"
MONITOR_WAKE {"stage": "s03", "source": "s03_complete_delta_identities.wl", "source_sha256": "25a425d3ee5d0fb89fc44b018d84c9d4b961e092b7e698f88ea3608bd7fb17dc", "job_id": "14693251", "host": "n6131", "exit_code": 0, "success_marker": true, "accepted_execution": true, "guard": null, "peak_rss_bytes": 1584693248, "elapsed_seconds": 25.340032386011444, "completed_utc": "2026-09-07T14:05:30.874445+00:00"}
