MONITOR_START job=14688011 host=n7663 kernel_pid=36831
"PASS: ""frozen s02_born_and_projectors.wl"
"PASS: ""frozen s02_result.wl"
"PASS: ""frozen s10_final_hats.wl"
"PASS: ""frozen s10_result.wl"
"PASS: ""Hgq reference and importer"
"PASS: ""independent hats accepted without authors coefficients"
"PASS: ""both structure functions"
"PASS: ""reference contains no floats"
"PASS: ""new numerical result"
"PASS: ""invariant scalar products have a unique solution"
"PASS: ""transverse projection has a unique solution"
"PASS: ""transverse projection is orthogonal"
"PASS: ""physical-variable map has a unique algebraic solution"
"PASS: ""derived kinematics reduce to the independent Born definitions"
"PASS: ""unique physical upper-bound equation"
"PASS: ""upper bound maps to zeta=1"
"PASS: ""Jacobian equals the published driver definition"
"PASS: ""unique plus transport"
"PASS: ""plus transport reconstructs its action"
"PASS: ""unit strong coupling conversion"
"PASS: ""saved Hgq projector reconstruction"
"PASS: ""interior_1 physical interior"
"PASS: ""interior_1 physical recoil interval"
"PASS: ""interior_2 physical interior"
"PASS: ""interior_2 physical recoil interval"
"PASS: ""interior_3 physical interior"
"PASS: ""interior_3 physical recoil interval"
"PASS: ""raw logarithm shift is recoil independent"
"PASS: ""raw logarithmic kernels reconstruct"
"PASS: ""published Born driver weights extracted exactly"
"EVALUATE: ""interior_1"" ""F1"

Limit::alimv: Warning: Assumptions that involve the limit variable are ignored.
MONITOR_HEARTBEAT elapsed=30s rss=382.6MiB peak=382.6MiB
MONITOR_HEARTBEAT elapsed=61s rss=386.0MiB peak=386.7MiB
"PASS: ""reference endpoint evaluated"

Limit::alimv: Warning: Assumptions that involve the limit variable are ignored.
MONITOR_HEARTBEAT elapsed=91s rss=418.7MiB peak=418.7MiB
MONITOR_HEARTBEAT elapsed=121s rss=424.6MiB peak=424.6MiB
"PASS: ""reference endpoint evaluated"
"PASS: ""reference endpoint evaluated"
"PASS: ""reference endpoint evaluated"
"PASS: ""reference endpoint evaluated"
"PASS: ""reference endpoint evaluated"
"PASS: ""interior_1/F1/Born/local exact substitution"
"PASS: ""interior_1/F1/Born/local no remaining parameters"
"PASS: ""interior_1/F1/Born/local finite"
"PASS: ""interior_1/F1/Born/local real to evaluation precision"
"PASS: ""interior_1/F1/Born/local retained precision"
"PASS: ""interior_1/F1/Born/authors exact substitution"
"PASS: ""interior_1/F1/Born/authors no remaining parameters"
"PASS: ""interior_1/F1/Born/authors finite"
"PASS: ""interior_1/F1/Born/authors real to evaluation precision"
"PASS: ""interior_1/F1/Born/authors retained precision"
"PASS: ""interior_1/F1/Delta/local exact substitution"
"PASS: ""interior_1/F1/Delta/local no remaining parameters"
"PASS: ""interior_1/F1/Delta/local finite"
"PASS: ""interior_1/F1/Delta/local real to evaluation precision"
"PASS: ""interior_1/F1/Delta/local retained precision"
"PASS: ""interior_1/F1/Delta/authors exact substitution"
"PASS: ""interior_1/F1/Delta/authors no remaining parameters"
"PASS: ""interior_1/F1/Delta/authors finite"
"PASS: ""interior_1/F1/Delta/authors real to evaluation precision"
"PASS: ""interior_1/F1/Delta/authors retained precision"
"PASS: ""interior_1/F1/L0/local exact substitution"
"PASS: ""interior_1/F1/L0/local no remaining parameters"
"PASS: ""interior_1/F1/L0/local finite"
"PASS: ""interior_1/F1/L0/local real to evaluation precision"
"PASS: ""interior_1/F1/L0/local retained precision"
"PASS: ""interior_1/F1/L0/authors exact substitution"
"PASS: ""interior_1/F1/L0/authors no remaining parameters"
"PASS: ""interior_1/F1/L0/authors finite"
"PASS: ""interior_1/F1/L0/authors real to evaluation precision"
"PASS: ""interior_1/F1/L0/authors retained precision"
"PASS: ""interior_1/F1/L1/local exact substitution"
"PASS: ""interior_1/F1/L1/local no remaining parameters"
"PASS: ""interior_1/F1/L1/local finite"
"PASS: ""interior_1/F1/L1/local real to evaluation precision"
"PASS: ""interior_1/F1/L1/local retained precision"
"PASS: ""interior_1/F1/L1/authors exact substitution"
"PASS: ""interior_1/F1/L1/authors no remaining parameters"
"PASS: ""interior_1/F1/L1/authors finite"
"PASS: ""interior_1/F1/L1/authors real to evaluation precision"
"PASS: ""interior_1/F1/L1/authors retained precision"
"PASS: ""interior_1/F1/Regular/local exact substitution"
"PASS: ""interior_1/F1/Regular/local no remaining parameters"
"PASS: ""interior_1/F1/Regular/local finite"
"PASS: ""interior_1/F1/Regular/local real to evaluation precision"
"PASS: ""interior_1/F1/Regular/local retained precision"
"PASS: ""interior_1/F1/Regular/authors exact substitution"
"PASS: ""interior_1/F1/Regular/authors no remaining parameters"
"PASS: ""interior_1/F1/Regular/authors finite"
"PASS: ""interior_1/F1/Regular/authors real to evaluation precision"
"PASS: ""interior_1/F1/Regular/authors retained precision"
"PASS: ""interior_1F1/local interior density exact substitution"
"PASS: ""interior_1F1/local interior density no remaining parameters"
"PASS: ""interior_1F1/local interior density finite"
"PASS: ""interior_1F1/local interior density real to evaluation precision"
"PASS: ""interior_1F1/local interior density retained precision"
"PASS: ""interior_1F1/author interior density exact substitution"
"PASS: ""interior_1F1/author interior density no remaining parameters"
"PASS: ""interior_1F1/author interior density finite"
"PASS: ""interior_1F1/author interior density real to evaluation precision"
"PASS: ""interior_1F1/author interior density retained precision"
"EVALUATE: ""interior_1"" ""F2"
"PASS: ""interior_1/F2/Born/local exact substitution"
"PASS: ""interior_1/F2/Born/local no remaining parameters"
"PASS: ""interior_1/F2/Born/local finite"
"PASS: ""interior_1/F2/Born/local real to evaluation precision"
"PASS: ""interior_1/F2/Born/local retained precision"
"PASS: ""interior_1/F2/Born/authors exact substitution"
"PASS: ""interior_1/F2/Born/authors no remaining parameters"
"PASS: ""interior_1/F2/Born/authors finite"
"PASS: ""interior_1/F2/Born/authors real to evaluation precision"
"PASS: ""interior_1/F2/Born/authors retained precision"
"PASS: ""interior_1/F2/Delta/local exact substitution"
"PASS: ""interior_1/F2/Delta/local no remaining parameters"
"PASS: ""interior_1/F2/Delta/local finite"
"PASS: ""interior_1/F2/Delta/local real to evaluation precision"
"PASS: ""interior_1/F2/Delta/local retained precision"
"PASS: ""interior_1/F2/Delta/authors exact substitution"
"PASS: ""interior_1/F2/Delta/authors no remaining parameters"
"PASS: ""interior_1/F2/Delta/authors finite"
"PASS: ""interior_1/F2/Delta/authors real to evaluation precision"
"PASS: ""interior_1/F2/Delta/authors retained precision"
"PASS: ""interior_1/F2/L0/local exact substitution"
"PASS: ""interior_1/F2/L0/local no remaining parameters"
"PASS: ""interior_1/F2/L0/local finite"
"PASS: ""interior_1/F2/L0/local real to evaluation precision"
"PASS: ""interior_1/F2/L0/local retained precision"
"PASS: ""interior_1/F2/L0/authors exact substitution"
"PASS: ""interior_1/F2/L0/authors no remaining parameters"
"PASS: ""interior_1/F2/L0/authors finite"
"PASS: ""interior_1/F2/L0/authors real to evaluation precision"
"PASS: ""interior_1/F2/L0/authors retained precision"
"PASS: ""interior_1/F2/L1/local exact substitution"
"PASS: ""interior_1/F2/L1/local no remaining parameters"
"PASS: ""interior_1/F2/L1/local finite"
"PASS: ""interior_1/F2/L1/local real to evaluation precision"
"PASS: ""interior_1/F2/L1/local retained precision"
"PASS: ""interior_1/F2/L1/authors exact substitution"
"PASS: ""interior_1/F2/L1/authors no remaining parameters"
"PASS: ""interior_1/F2/L1/authors finite"
"PASS: ""interior_1/F2/L1/authors real to evaluation precision"
"PASS: ""interior_1/F2/L1/authors retained precision"
"PASS: ""interior_1/F2/Regular/local exact substitution"
"PASS: ""interior_1/F2/Regular/local no remaining parameters"
"PASS: ""interior_1/F2/Regular/local finite"
"PASS: ""interior_1/F2/Regular/local real to evaluation precision"
"PASS: ""interior_1/F2/Regular/local retained precision"
"PASS: ""interior_1/F2/Regular/authors exact substitution"
"PASS: ""interior_1/F2/Regular/authors no remaining parameters"
"PASS: ""interior_1/F2/Regular/authors finite"
"PASS: ""interior_1/F2/Regular/authors real to evaluation precision"
"PASS: ""interior_1/F2/Regular/authors retained precision"
"PASS: ""interior_1F2/local interior density exact substitution"
"PASS: ""interior_1F2/local interior density no remaining parameters"
"PASS: ""interior_1F2/local interior density finite"
"PASS: ""interior_1F2/local interior density real to evaluation precision"
"PASS: ""interior_1F2/local interior density retained precision"
"PASS: ""interior_1F2/author interior density exact substitution"
"PASS: ""interior_1F2/author interior density no remaining parameters"
"PASS: ""interior_1F2/author interior density finite"
"PASS: ""interior_1F2/author interior density real to evaluation precision"
"PASS: ""interior_1F2/author interior density retained precision"
"EVALUATE: ""interior_2"" ""F1"

Limit::alimv: Warning: Assumptions that involve the limit variable are ignored.

General::stop: Further output of Limit::alimv will be suppressed during this calculation.
MONITOR_HEARTBEAT elapsed=151s rss=409.3MiB peak=424.7MiB
MONITOR_HEARTBEAT elapsed=181s rss=416.9MiB peak=424.7MiB
"PASS: ""reference endpoint evaluated"
MONITOR_HEARTBEAT elapsed=212s rss=429.8MiB peak=429.9MiB
"PASS: ""reference endpoint evaluated"
"PASS: ""reference endpoint evaluated"
"PASS: ""reference endpoint evaluated"
"PASS: ""reference endpoint evaluated"
"PASS: ""reference endpoint evaluated"
"PASS: ""interior_2/F1/Born/local exact substitution"
"PASS: ""interior_2/F1/Born/local no remaining parameters"
"PASS: ""interior_2/F1/Born/local finite"
"PASS: ""interior_2/F1/Born/local real to evaluation precision"
"PASS: ""interior_2/F1/Born/local retained precision"
"PASS: ""interior_2/F1/Born/authors exact substitution"
"PASS: ""interior_2/F1/Born/authors no remaining parameters"
"PASS: ""interior_2/F1/Born/authors finite"
"PASS: ""interior_2/F1/Born/authors real to evaluation precision"
"PASS: ""interior_2/F1/Born/authors retained precision"
"PASS: ""interior_2/F1/Delta/local exact substitution"
"PASS: ""interior_2/F1/Delta/local no remaining parameters"
"PASS: ""interior_2/F1/Delta/local finite"
"PASS: ""interior_2/F1/Delta/local real to evaluation precision"
"PASS: ""interior_2/F1/Delta/local retained precision"
"PASS: ""interior_2/F1/Delta/authors exact substitution"
"PASS: ""interior_2/F1/Delta/authors no remaining parameters"
"PASS: ""interior_2/F1/Delta/authors finite"
"PASS: ""interior_2/F1/Delta/authors real to evaluation precision"
"PASS: ""interior_2/F1/Delta/authors retained precision"
"PASS: ""interior_2/F1/L0/local exact substitution"
"PASS: ""interior_2/F1/L0/local no remaining parameters"
"PASS: ""interior_2/F1/L0/local finite"
"PASS: ""interior_2/F1/L0/local real to evaluation precision"
"PASS: ""interior_2/F1/L0/local retained precision"
"PASS: ""interior_2/F1/L0/authors exact substitution"
"PASS: ""interior_2/F1/L0/authors no remaining parameters"
"PASS: ""interior_2/F1/L0/authors finite"
"PASS: ""interior_2/F1/L0/authors real to evaluation precision"
"PASS: ""interior_2/F1/L0/authors retained precision"
"PASS: ""interior_2/F1/L1/local exact substitution"
"PASS: ""interior_2/F1/L1/local no remaining parameters"
"PASS: ""interior_2/F1/L1/local finite"
"PASS: ""interior_2/F1/L1/local real to evaluation precision"
"PASS: ""interior_2/F1/L1/local retained precision"
"PASS: ""interior_2/F1/L1/authors exact substitution"
"PASS: ""interior_2/F1/L1/authors no remaining parameters"
"PASS: ""interior_2/F1/L1/authors finite"
"PASS: ""interior_2/F1/L1/authors real to evaluation precision"
"PASS: ""interior_2/F1/L1/authors retained precision"
"PASS: ""interior_2/F1/Regular/local exact substitution"
"PASS: ""interior_2/F1/Regular/local no remaining parameters"
"PASS: ""interior_2/F1/Regular/local finite"
"PASS: ""interior_2/F1/Regular/local real to evaluation precision"
"PASS: ""interior_2/F1/Regular/local retained precision"
"PASS: ""interior_2/F1/Regular/authors exact substitution"
"PASS: ""interior_2/F1/Regular/authors no remaining parameters"
"PASS: ""interior_2/F1/Regular/authors finite"
"PASS: ""interior_2/F1/Regular/authors real to evaluation precision"
"PASS: ""interior_2/F1/Regular/authors retained precision"
"PASS: ""interior_2F1/local interior density exact substitution"
"PASS: ""interior_2F1/local interior density no remaining parameters"
"PASS: ""interior_2F1/local interior density finite"
"PASS: ""interior_2F1/local interior density real to evaluation precision"
"PASS: ""interior_2F1/local interior density retained precision"
"PASS: ""interior_2F1/author interior density exact substitution"
"PASS: ""interior_2F1/author interior density no remaining parameters"
"PASS: ""interior_2F1/author interior density finite"
"PASS: ""interior_2F1/author interior density real to evaluation precision"
"PASS: ""interior_2F1/author interior density retained precision"
"EVALUATE: ""interior_2"" ""F2"
"PASS: ""interior_2/F2/Born/local exact substitution"
"PASS: ""interior_2/F2/Born/local no remaining parameters"
"PASS: ""interior_2/F2/Born/local finite"
"PASS: ""interior_2/F2/Born/local real to evaluation precision"
"PASS: ""interior_2/F2/Born/local retained precision"
"PASS: ""interior_2/F2/Born/authors exact substitution"
"PASS: ""interior_2/F2/Born/authors no remaining parameters"
"PASS: ""interior_2/F2/Born/authors finite"
"PASS: ""interior_2/F2/Born/authors real to evaluation precision"
"PASS: ""interior_2/F2/Born/authors retained precision"
"PASS: ""interior_2/F2/Delta/local exact substitution"
"PASS: ""interior_2/F2/Delta/local no remaining parameters"
"PASS: ""interior_2/F2/Delta/local finite"
"PASS: ""interior_2/F2/Delta/local real to evaluation precision"
"PASS: ""interior_2/F2/Delta/local retained precision"
"PASS: ""interior_2/F2/Delta/authors exact substitution"
"PASS: ""interior_2/F2/Delta/authors no remaining parameters"
"PASS: ""interior_2/F2/Delta/authors finite"
"PASS: ""interior_2/F2/Delta/authors real to evaluation precision"
"PASS: ""interior_2/F2/Delta/authors retained precision"
"PASS: ""interior_2/F2/L0/local exact substitution"
"PASS: ""interior_2/F2/L0/local no remaining parameters"
"PASS: ""interior_2/F2/L0/local finite"
"PASS: ""interior_2/F2/L0/local real to evaluation precision"
"PASS: ""interior_2/F2/L0/local retained precision"
"PASS: ""interior_2/F2/L0/authors exact substitution"
"PASS: ""interior_2/F2/L0/authors no remaining parameters"
"PASS: ""interior_2/F2/L0/authors finite"
"PASS: ""interior_2/F2/L0/authors real to evaluation precision"
"PASS: ""interior_2/F2/L0/authors retained precision"
"PASS: ""interior_2/F2/L1/local exact substitution"
"PASS: ""interior_2/F2/L1/local no remaining parameters"
"PASS: ""interior_2/F2/L1/local finite"
"PASS: ""interior_2/F2/L1/local real to evaluation precision"
"PASS: ""interior_2/F2/L1/local retained precision"
"PASS: ""interior_2/F2/L1/authors exact substitution"
"PASS: ""interior_2/F2/L1/authors no remaining parameters"
"PASS: ""interior_2/F2/L1/authors finite"
"PASS: ""interior_2/F2/L1/authors real to evaluation precision"
"PASS: ""interior_2/F2/L1/authors retained precision"
"PASS: ""interior_2/F2/Regular/local exact substitution"
"PASS: ""interior_2/F2/Regular/local no remaining parameters"
"PASS: ""interior_2/F2/Regular/local finite"
"PASS: ""interior_2/F2/Regular/local real to evaluation precision"
"PASS: ""interior_2/F2/Regular/local retained precision"
"PASS: ""interior_2/F2/Regular/authors exact substitution"
"PASS: ""interior_2/F2/Regular/authors no remaining parameters"
"PASS: ""interior_2/F2/Regular/authors finite"
"PASS: ""interior_2/F2/Regular/authors real to evaluation precision"
"PASS: ""interior_2/F2/Regular/authors retained precision"
"PASS: ""interior_2F2/local interior density exact substitution"
"PASS: ""interior_2F2/local interior density no remaining parameters"
"PASS: ""interior_2F2/local interior density finite"
"PASS: ""interior_2F2/local interior density real to evaluation precision"
"PASS: ""interior_2F2/local interior density retained precision"
"PASS: ""interior_2F2/author interior density exact substitution"
"PASS: ""interior_2F2/author interior density no remaining parameters"
"PASS: ""interior_2F2/author interior density finite"
"PASS: ""interior_2F2/author interior density real to evaluation precision"
"PASS: ""interior_2F2/author interior density retained precision"
"EVALUATE: ""interior_3"" ""F1"
MONITOR_HEARTBEAT elapsed=242s rss=417.1MiB peak=434.9MiB
MONITOR_HEARTBEAT elapsed=273s rss=416.3MiB peak=434.9MiB
"PASS: ""reference endpoint evaluated"
MONITOR_HEARTBEAT elapsed=303s rss=424.1MiB peak=434.9MiB
MONITOR_HEARTBEAT elapsed=333s rss=434.6MiB peak=434.9MiB
"PASS: ""reference endpoint evaluated"
"PASS: ""reference endpoint evaluated"
"PASS: ""reference endpoint evaluated"
"PASS: ""reference endpoint evaluated"
"PASS: ""reference endpoint evaluated"
"PASS: ""interior_3/F1/Born/local exact substitution"
"PASS: ""interior_3/F1/Born/local no remaining parameters"
"PASS: ""interior_3/F1/Born/local finite"
"PASS: ""interior_3/F1/Born/local real to evaluation precision"
"PASS: ""interior_3/F1/Born/local retained precision"
"PASS: ""interior_3/F1/Born/authors exact substitution"
"PASS: ""interior_3/F1/Born/authors no remaining parameters"
"PASS: ""interior_3/F1/Born/authors finite"
"PASS: ""interior_3/F1/Born/authors real to evaluation precision"
"PASS: ""interior_3/F1/Born/authors retained precision"
"PASS: ""interior_3/F1/Delta/local exact substitution"
"PASS: ""interior_3/F1/Delta/local no remaining parameters"
"PASS: ""interior_3/F1/Delta/local finite"
"PASS: ""interior_3/F1/Delta/local real to evaluation precision"
"PASS: ""interior_3/F1/Delta/local retained precision"
"PASS: ""interior_3/F1/Delta/authors exact substitution"
"PASS: ""interior_3/F1/Delta/authors no remaining parameters"
"PASS: ""interior_3/F1/Delta/authors finite"
"PASS: ""interior_3/F1/Delta/authors real to evaluation precision"
"PASS: ""interior_3/F1/Delta/authors retained precision"
"PASS: ""interior_3/F1/L0/local exact substitution"
"PASS: ""interior_3/F1/L0/local no remaining parameters"
"PASS: ""interior_3/F1/L0/local finite"
"PASS: ""interior_3/F1/L0/local real to evaluation precision"
"PASS: ""interior_3/F1/L0/local retained precision"
"PASS: ""interior_3/F1/L0/authors exact substitution"
"PASS: ""interior_3/F1/L0/authors no remaining parameters"
"PASS: ""interior_3/F1/L0/authors finite"
"PASS: ""interior_3/F1/L0/authors real to evaluation precision"
"PASS: ""interior_3/F1/L0/authors retained precision"
"PASS: ""interior_3/F1/L1/local exact substitution"
"PASS: ""interior_3/F1/L1/local no remaining parameters"
"PASS: ""interior_3/F1/L1/local finite"
"PASS: ""interior_3/F1/L1/local real to evaluation precision"
"PASS: ""interior_3/F1/L1/local retained precision"
"PASS: ""interior_3/F1/L1/authors exact substitution"
"PASS: ""interior_3/F1/L1/authors no remaining parameters"
"PASS: ""interior_3/F1/L1/authors finite"
"PASS: ""interior_3/F1/L1/authors real to evaluation precision"
"PASS: ""interior_3/F1/L1/authors retained precision"
"PASS: ""interior_3/F1/Regular/local exact substitution"
"PASS: ""interior_3/F1/Regular/local no remaining parameters"
"PASS: ""interior_3/F1/Regular/local finite"
"PASS: ""interior_3/F1/Regular/local real to evaluation precision"
"PASS: ""interior_3/F1/Regular/local retained precision"
"PASS: ""interior_3/F1/Regular/authors exact substitution"
"PASS: ""interior_3/F1/Regular/authors no remaining parameters"
"PASS: ""interior_3/F1/Regular/authors finite"
"PASS: ""interior_3/F1/Regular/authors real to evaluation precision"
"PASS: ""interior_3/F1/Regular/authors retained precision"
"PASS: ""interior_3F1/local interior density exact substitution"
"PASS: ""interior_3F1/local interior density no remaining parameters"
"PASS: ""interior_3F1/local interior density finite"
"PASS: ""interior_3F1/local interior density real to evaluation precision"
"PASS: ""interior_3F1/local interior density retained precision"
"PASS: ""interior_3F1/author interior density exact substitution"
"PASS: ""interior_3F1/author interior density no remaining parameters"
"PASS: ""interior_3F1/author interior density finite"
"PASS: ""interior_3F1/author interior density real to evaluation precision"
"PASS: ""interior_3F1/author interior density retained precision"
"EVALUATE: ""interior_3"" ""F2"
"PASS: ""interior_3/F2/Born/local exact substitution"
"PASS: ""interior_3/F2/Born/local no remaining parameters"
"PASS: ""interior_3/F2/Born/local finite"
"PASS: ""interior_3/F2/Born/local real to evaluation precision"
"PASS: ""interior_3/F2/Born/local retained precision"
"PASS: ""interior_3/F2/Born/authors exact substitution"
"PASS: ""interior_3/F2/Born/authors no remaining parameters"
"PASS: ""interior_3/F2/Born/authors finite"
"PASS: ""interior_3/F2/Born/authors real to evaluation precision"
"PASS: ""interior_3/F2/Born/authors retained precision"
"PASS: ""interior_3/F2/Delta/local exact substitution"
"PASS: ""interior_3/F2/Delta/local no remaining parameters"
"PASS: ""interior_3/F2/Delta/local finite"
"PASS: ""interior_3/F2/Delta/local real to evaluation precision"
"PASS: ""interior_3/F2/Delta/local retained precision"
"PASS: ""interior_3/F2/Delta/authors exact substitution"
"PASS: ""interior_3/F2/Delta/authors no remaining parameters"
"PASS: ""interior_3/F2/Delta/authors finite"
"PASS: ""interior_3/F2/Delta/authors real to evaluation precision"
"PASS: ""interior_3/F2/Delta/authors retained precision"
"PASS: ""interior_3/F2/L0/local exact substitution"
"PASS: ""interior_3/F2/L0/local no remaining parameters"
"PASS: ""interior_3/F2/L0/local finite"
"PASS: ""interior_3/F2/L0/local real to evaluation precision"
"PASS: ""interior_3/F2/L0/local retained precision"
"PASS: ""interior_3/F2/L0/authors exact substitution"
"PASS: ""interior_3/F2/L0/authors no remaining parameters"
"PASS: ""interior_3/F2/L0/authors finite"
"PASS: ""interior_3/F2/L0/authors real to evaluation precision"
"PASS: ""interior_3/F2/L0/authors retained precision"
"PASS: ""interior_3/F2/L1/local exact substitution"
"PASS: ""interior_3/F2/L1/local no remaining parameters"
"PASS: ""interior_3/F2/L1/local finite"
"PASS: ""interior_3/F2/L1/local real to evaluation precision"
"PASS: ""interior_3/F2/L1/local retained precision"
"PASS: ""interior_3/F2/L1/authors exact substitution"
"PASS: ""interior_3/F2/L1/authors no remaining parameters"
"PASS: ""interior_3/F2/L1/authors finite"
"PASS: ""interior_3/F2/L1/authors real to evaluation precision"
"PASS: ""interior_3/F2/L1/authors retained precision"
"PASS: ""interior_3/F2/Regular/local exact substitution"
"PASS: ""interior_3/F2/Regular/local no remaining parameters"
"PASS: ""interior_3/F2/Regular/local finite"
"PASS: ""interior_3/F2/Regular/local real to evaluation precision"
"PASS: ""interior_3/F2/Regular/local retained precision"
"PASS: ""interior_3/F2/Regular/authors exact substitution"
"PASS: ""interior_3/F2/Regular/authors no remaining parameters"
"PASS: ""interior_3/F2/Regular/authors finite"
"PASS: ""interior_3/F2/Regular/authors real to evaluation precision"
"PASS: ""interior_3/F2/Regular/authors retained precision"
"PASS: ""interior_3F2/local interior density exact substitution"
"PASS: ""interior_3F2/local interior density no remaining parameters"
"PASS: ""interior_3F2/local interior density finite"
"PASS: ""interior_3F2/local interior density real to evaluation precision"
"PASS: ""interior_3F2/local interior density retained precision"
"PASS: ""interior_3F2/author interior density exact substitution"
"PASS: ""interior_3F2/author interior density no remaining parameters"
"PASS: ""interior_3F2/author interior density finite"
"PASS: ""interior_3F2/author interior density real to evaluation precision"
"PASS: ""interior_3F2/author interior density retained precision"
"PASS: ""complete coefficient coverage"
"PASS: ""complete interior coverage"
"PASS: ""frozen s02_born_and_projectors.wl"
"PASS: ""frozen s02_result.wl"
"PASS: ""frozen s10_final_hats.wl"
"PASS: ""frozen s10_result.wl"
"PASS: ""author expressions unchanged"
"PASS: ""author metadata unchanged"
"PASS: ""JSON reload coverage"
"HGQ_BIGTMD_S02_SUCCESS"
MONITOR_WAKE {"stage": "s02", "source": "s02_export_fhat_benchmarks.wl", "source_sha256": "5fb56e0806a784a9c0e10a1335a7db714ac2a5bfcb97faf9928cfcf87adf6dd7", "job_id": "14688011", "host": "n7663", "exit_code": 0, "success_marker": true, "accepted_execution": true, "guard": null, "peak_rss_bytes": 459399168, "elapsed_seconds": 357.056408170145, "completed_utc": "2026-09-06T13:43:25.506464+00:00"}
