"PASS: ""accepted exact final comparison capture"
"PASS: ""accepted comparison runtime and complete input"
"PASS: ""accepted nonzero scalar control"
"PASS: ""actual logarithmic control factor"
"PASS: ""unassigned exact functional generators"
"PASS: ""exact full functional-atom restoration"
"PASS: ""accepted exact polynomial backend retained"
"PASS: ""unassigned denominator generators"
"PASS: ""exact denominator-generator restoration"
"PASS: ""exact repeated opaque coefficient"
"PASS: ""unassigned opaque polynomial generators"
"PASS: ""exact full opaque-coefficient restoration"
"PASS: ""exact native distributive reconstruction"
"FACTORED_REFERENCE_TERMS count "5" input_bytes "179112" skeleton_bytes "528" terms_bytes "179096
"PASS: ""raw scalar ratio exactly reconstructs"
"PASS: ""unassigned algebraic input generators"
"PASS: ""algebraic generators preserve the exact input"
"PASS: ""complete rational polynomial support"
"PASS: ""unassigned polynomial transfer generators"
"PASS: ""complete polynomial transfer text reconstructs"
"PASS: ""exact native polynomial JSON transfer"
"RECOIL_POLYNOMIAL_BACKEND_START input_bytes "179112" transfer_bytes "24767
"EXACT_POLYNOMIAL_SUM recoil_derivative 5 5 0.003\nPASS: exact recoil derivative polynomial sum\n"
""
"PASS: ""exact polynomial normalization completed"
"PASS: ""complete normalization backend identity"
"PASS: ""exact existing cancellation gates passed"
"PASS: ""complete physical scalar reconstruction"
"PASS: ""bounded normalized scalar cache"
"PASS: ""exact normalized scalar reload"
"RECOIL_POLYNOMIAL_ACCEPTED seconds "1.72342`6.68793612204938" input_bytes "179112" output_bytes "406976" backend_seconds "0.026439729997946415
"PASS: ""all physical functional generators restored"
"REFERENCE_PRECOMPRESSION input_bytes "179160" output_bytes "407024
"FACTORED_REFERENCE_TERMS count "1160" input_bytes "124472288" skeleton_bytes "196344" terms_bytes "124472288
"RECOIL_POLYNOMIAL_BACKEND_START input_bytes "124472288" transfer_bytes "16763582
"EXACT_POLYNOMIAL_SUM recoil_derivative 16 1160 2.317\nEXACT_POLYNOMIAL_SUM recoil_derivative 32 1160 2.317\nEXACT_POLYNOMIAL_SUM recoil_derivative 48 1160 2.317\nEXACT_POLYNOMIAL_SUM recoil_derivative 64 1160 2.317\nEXACT_POLYNOMIAL_SUM recoil_derivative 80 1160 2.318\nEXACT_POLYNOMIAL_SUM recoil_derivative 96 1160 2.318\nEXACT_POLYNOMIAL_SUM recoil_derivative 112 1160 2.318\nEXACT_POLYNOMIAL_SUM recoil_derivative 128 1160 2.319\nEXACT_POLYNOMIAL_SUM recoil_derivative 144 1160 2.319\nEXACT_POLYNOMIAL_SUM recoil_derivative 160 1160 2.32\nEXACT_POLYNOMIAL_SUM recoil_derivative 176 1160 2.32\nEXACT_POLYNOMIAL_SUM recoil_derivative 192 1160 2.32\nEXACT_POLYNOMIAL_SUM recoil_derivative 208 1160 2.321\nEXACT_POLYNOMIAL_SUM recoil_derivative 224 1160 2.321\nEXACT_POLYNOMIAL_SUM recoil_derivative 240 1160 2.322\nEXACT_POLYNOMIAL_SUM recoil_derivative 256 1160 2.322\nEXACT_POLYNOMIAL_SUM recoil_derivative 272 1160 2.323\nEXACT_POLYNOMIAL_SUM recoil_derivative 288 1160 2.323\nEXACT_POLYNOMIAL_SUM recoil_derivative 304 1160 2.323\nEXACT_POLYNOMIAL_SUM recoil_derivative 320 1160 2.323\nEXACT_POLYNOMIAL_SUM recoil_derivative 336 1160 2.323\nEXACT_POLYNOMIAL_SUM recoil_derivative 352 1160 2.324\nEXACT_POLYNOMIAL_SUM recoil_derivative 368 1160 2.324\nEXACT_POLYNOMIAL_SUM recoil_derivative 384 1160 2.324\nEXACT_POLYNOMIAL_SUM recoil_derivative 400 1160 2.324\nEXACT_POLYNOMIAL_SUM recoil_derivative 416 1160 2.324\nEXACT_POLYNOMIAL_SUM recoil_derivative 432 1160 2.325\nEXACT_POLYNOMIAL_SUM recoil_derivative 448 1160 2.325\nEXACT_POLYNOMIAL_SUM recoil_derivative 464 1160 2.325\nEXACT_POLYNOMIAL_SUM recoil_derivative 480 1160 2.325\nEXACT_POLYNOMIAL_SUM recoil_derivative 496 1160 2.326\nEXACT_POLYNOMIAL_SUM recoil_derivative 512 1160 2.326\nEXACT_POLYNOMIAL_SUM recoil_derivative 528 1160 2.326\nEXACT_POLYNOMIAL_SUM recoil_derivative 544 1160 2.326\nEXACT_POLYNOMIAL_SUM recoil_derivative 560 1160 2.326\nEXACT_POLYNOMIAL_SUM recoil_derivative 576 1160 2.327\nEXACT_POLYNOMIAL_SUM recoil_derivative 592 1160 2.327\nEXACT_POLYNOMIAL_SUM recoil_derivative 608 1160 2.327\nEXACT_POLYNOMIAL_SUM recoil_derivative 624 1160 2.327\nEXACT_POLYNOMIAL_SUM recoil_derivative 640 1160 2.328\nEXACT_POLYNOMIAL_SUM recoil_derivative 656 1160 2.328\nEXACT_POLYNOMIAL_SUM recoil_derivative 672 1160 2.328\nEXACT_POLYNOMIAL_SUM recoil_derivative 688 1160 2.328\nEXACT_POLYNOMIAL_SUM recoil_derivative 704 1160 2.329\nEXACT_POLYNOMIAL_SUM recoil_derivative 720 1160 2.329\nEXACT_POLYNOMIAL_SUM recoil_derivative 736 1160 2.329\nEXACT_POLYNOMIAL_SUM recoil_derivative 752 1160 2.329\nEXACT_POLYNOMIAL_SUM recoil_derivative 768 1160 2.33\nEXACT_POLYNOMIAL_SUM recoil_derivative 784 1160 2.33\nEXACT_POLYNOMIAL_SUM recoil_derivative 800 1160 2.33\nEXACT_POLYNOMIAL_SUM recoil_derivative 816 1160 2.33\nEXACT_POLYNOMIAL_SUM recoil_derivative 832 1160 2.331\nEXACT_POLYNOMIAL_SUM recoil_derivative 848 1160 2.331\nEXACT_POLYNOMIAL_SUM recoil_derivative 864 1160 2.331\nEXACT_POLYNOMIAL_SUM recoil_derivative 880 1160 2.332\nEXACT_POLYNOMIAL_SUM recoil_derivative 896 1160 2.332\nEXACT_POLYNOMIAL_SUM recoil_derivative 912 1160 2.333\nEXACT_POLYNOMIAL_SUM recoil_derivative 928 1160 2.333\nEXACT_POLYNOMIAL_SUM recoil_derivative 944 1160 2.334\nEXACT_POLYNOMIAL_SUM recoil_derivative 960 1160 2.334\nEXACT_POLYNOMIAL_SUM recoil_derivative 976 1160 2.335\nEXACT_POLYNOMIAL_SUM recoil_derivative 992 1160 2.336\nEXACT_POLYNOMIAL_SUM recoil_derivative 1008 1160 2.336\nEXACT_POLYNOMIAL_SUM recoil_derivative 1024 1160 2.338\nEXACT_POLYNOMIAL_SUM recoil_derivative 1040 1160 2.339\nEXACT_POLYNOMIAL_SUM recoil_derivative 1056 1160 2.34\nEXACT_POLYNOMIAL_SUM recoil_derivative 1072 1160 2.34\nEXACT_POLYNOMIAL_SUM recoil_derivative 1088 1160 2.341\nEXACT_POLYNOMIAL_SUM recoil_derivative 1104 1160 2.341\nEXACT_POLYNOMIAL_SUM recoil_derivative 1120 1160 2.341\nEXACT_POLYNOMIAL_SUM recoil_derivative 1136 1160 2.342\nEXACT_POLYNOMIAL_SUM recoil_derivative 1152 1160 2.342\nEXACT_POLYNOMIAL_SUM recoil_derivative 1160 1160 2.343\nPASS: exact recoil derivative polynomial sum\n"
""
"RECOIL_POLYNOMIAL_ACCEPTED seconds "31.721737`7.9529019536314856" input_bytes "124472288" output_bytes "406976" backend_seconds "5.471527697998681
"PASS: ""complete accepted nonzero functional control"
"REFERENCE_SUM_CONTROL seconds "46.192369" bytes "407024
"FACTORED_REFERENCE_TERMS count "61419" input_bytes "274667768" skeleton_bytes "11694144" terms_bytes "276295992
"RECOIL_POLYNOMIAL_BACKEND_START input_bytes "274667768" transfer_bytes "40149058
"Flint exception (General error):\n    Unable to allocate memory (466122).\n"
""
"FAIL: ""exact polynomial normalization completed"
