"PASS: ""compute allocation"
"PASS: ""isolated runtime"
"PASS: ""complete source syntax"
"PASS: ""unchanged streamed baseline"
"PASS: ""pinned original mapper"
"PASS: ""unchanged mapping functions"
"PASS: ""accepted real spin input"
"PASS: ""accepted scalar reuse library"
"PASS: ""s02 unchanged scalar input"
"PASS: ""s04 unchanged scalar input"
"PASS: ""accepted geometry and reduction"
"PASS: ""same cut momenta"
"PASS: ""same positive-energy support"
"PASS: ""unique loop-coordinate conversion"
"PASS: ""all scalar products reconstruct"
"PASS: ""coordinate change preserves measured transverse constraint"
"PASS: ""pinned GitHub coefficient assembly"
"PASS: ""unchanged GitHub coefficient loop"
"PASS: ""pinned unchanged coefficient implementation"
"PASS: ""unique saved reduction targets"
"PASS: ""pinned previous production mapper"
"PASS: ""pinned complete rational-sum validation"
"PASS: ""accepted complete rational-sum validation"
"PASS: ""executed rational-sum definitions"
"PASS: ""accepted coefficient control raw-map identity"
"PASS: ""accepted coefficient control reconstruction"
"PASS: ""validation used these original reduction rules"
"PASS: ""accepted real reduction extension"
"PASS: ""real reduction extension original input identities"
"PASS: ""real reduction extension source identity"
"PASS: ""real reduction extension retains original masters and cuts"
"PASS: ""unique extended reduction targets"
"PASS: ""accepted complete raw-target map"
"PASS: ""raw-target map identical physical inputs"
"PASS: ""raw-target component ordering"
"PASS: ""accepted streamed numerator receipt"
"PASS: ""accepted streamed numerator comparison"
"PASS: ""streamed numerator comparison source binding"
"PASS: ""streamed numerator comparison native versions"
"PASS: ""streamed numerator preserves accepted original equations"
"PASS: ""executed supported-factor cancellation installed"
"PASS: ""executed streamed numerator definition installed"
"PASS: ""compact workers require complete accepted raw map"
"PASS: ""compact tasks preserve complete component metadata"
"PASS: ""compact tasks preserve original zero-input values"
"PASS: ""every omitted value has executed nonempty reconstruction checks"
"PASS: ""complete downstream spin metadata"
"PASS: ""compact spin metadata exact equality"

AssociateTo::argrx: AssociateTo called with 5 arguments; 2 arguments are expected.
"S08_COMPACT_INPUTS "InputForm[<|"TaskBytesBefore" -> 2248476856, "SpinBytesBefore" -> 5847787592, "MemoryBefore" -> 5868329336|>]
"PASS: ""own compact-input comparison channel"
"PASS: ""compact comparison file cache/s08/Hgq/d9b65d95706e23ac83b887b12465e6b1e14c66290d9d483ce11c759445da9229/component_0014.wl"
"PASS: ""compact comparison file cache/s08/Hgq/d9b65d95706e23ac83b887b12465e6b1e14c66290d9d483ce11c759445da9229/component_0014_master_22ce4ff2a08cf5f7672ec0377009347bb166d9f81debe3e11b3a3b2c78358717.wl"
"PASS: ""compact comparison file cache/s08/Hgq/d9b65d95706e23ac83b887b12465e6b1e14c66290d9d483ce11c759445da9229/component_0014_master_3f3ba9463bdd7cfcb0b65565002020f79025016c226eb648052eccfa7501fba5.wl"
"PASS: ""compact comparison file cache/s08/Hgq/d9b65d95706e23ac83b887b12465e6b1e14c66290d9d483ce11c759445da9229/component_0014_master_4db2366acc5e1f7e61eb1e5c2eecce5f389a6694f6689a585e22a80c01dcb16d.wl"
"PASS: ""compact comparison file cache/s08/Hgq/d9b65d95706e23ac83b887b12465e6b1e14c66290d9d483ce11c759445da9229/component_0014_master_5682841aec4167b6b156973d2cd8b31783d629f8455086c917c482c05387cde5.wl"
"PASS: ""compact comparison file cache/s08/Hgq/d9b65d95706e23ac83b887b12465e6b1e14c66290d9d483ce11c759445da9229/component_0014_master_7d3a55d386bbb115c361c01279fcca36bd40a1b3a0ba9554f30498649d9df0bb.wl"
"PASS: ""compact comparison file cache/s08/Hgq/d9b65d95706e23ac83b887b12465e6b1e14c66290d9d483ce11c759445da9229/component_0014_master_8125fe84c3af6829db4c1e645d00fc1e022944455e419f1c4384f339954a8ce.wl"
"PASS: ""compact comparison file cache/s08/Hgq/d9b65d95706e23ac83b887b12465e6b1e14c66290d9d483ce11c759445da9229/component_0014_master_cfc06cca409af314fe1881192d2b3cebce425cb411d95f0f92dbc97c0c339b66.wl"
"PASS: ""compact comparison file cache/s08/Hgq/d9b65d95706e23ac83b887b12465e6b1e14c66290d9d483ce11c759445da9229/component_0016.wl"
"PASS: ""own comparison accepted coefficient inputs"
"FAIL: ""own comparison exercises nonzero and zero reconstruction branches"
