"PASS: ""compute allocation"
"PASS: ""isolated runtime"
"PASS: ""complete source syntax"
"PASS: ""unchanged streamed baseline"
"PASS: ""pinned original mapper"
"PASS: ""unchanged mapping functions"
"PASS: ""accepted real spin input"
"PASS: ""accepted scalar reuse library"
"PASS: ""s02 unchanged scalar input"
"PASS: ""s04 unchanged scalar input"
"PASS: ""accepted geometry and reduction"
"PASS: ""same cut momenta"
"PASS: ""same positive-energy support"
"PASS: ""unique loop-coordinate conversion"
"PASS: ""all scalar products reconstruct"
"PASS: ""coordinate change preserves measured transverse constraint"
"PASS: ""pinned GitHub coefficient assembly"
"PASS: ""unchanged GitHub coefficient loop"
"PASS: ""pinned unchanged coefficient implementation"
"PASS: ""unique saved reduction targets"
"PASS: ""pinned previous production mapper"
"PASS: ""pinned complete rational-sum validation"
"PASS: ""accepted complete rational-sum validation"
"PASS: ""executed rational-sum definitions"
"PASS: ""accepted coefficient control raw-map identity"
"PASS: ""accepted coefficient control reconstruction"
"PASS: ""validation used these original reduction rules"
"PASS: ""accepted real reduction extension"
"PASS: ""real reduction extension original input identities"
"PASS: ""real reduction extension source identity"
"PASS: ""real reduction extension retains original masters and cuts"
"PASS: ""unique extended reduction targets"
"PASS: ""accepted complete raw-target map"
"PASS: ""raw-target map identical physical inputs"
"PASS: ""raw-target component ordering"
"PASS: ""accepted streamed numerator receipt"
"PASS: ""accepted streamed numerator comparison"
"PASS: ""streamed numerator comparison source binding"
"PASS: ""streamed numerator comparison native versions"
"PASS: ""streamed numerator preserves accepted original equations"
"PASS: ""executed supported-factor cancellation installed"
"PASS: ""executed streamed numerator definition installed"
"PASS: ""compact workers require complete accepted raw map"
"PASS: ""compact tasks preserve complete component metadata"
"PASS: ""compact tasks preserve original zero-input values"
"PASS: ""every omitted value has executed nonempty reconstruction checks"
"PASS: ""complete downstream spin metadata"
"PASS: ""compact spin metadata exact equality"
"S08_COMPACT_INPUTS "InputForm[<|"TaskBytesBefore" -> 2248476856, "SpinBytesBefore" -> 5847787592, "MemoryBefore" -> 5868329888, "TaskBytesAfter" -> 26544, "SpinBytesAfter" -> 3736, "MemoryAfter" -> 1148912856, "RetainedValuePositions" -> {}|>]
"PASS: ""own compact-input comparison channel"
"PASS: ""compact comparison file cache/s08/Hgq/d9b65d95706e23ac83b887b12465e6b1e14c66290d9d483ce11c759445da9229/component_0014.wl"
"PASS: ""compact comparison file cache/s08/Hgq/d9b65d95706e23ac83b887b12465e6b1e14c66290d9d483ce11c759445da9229/component_0014_master_22ce4ff2a08cf5f7672ec0377009347bb166d9f81debe3e11b3a3b2c78358717.wl"
"PASS: ""compact comparison file cache/s08/Hgq/d9b65d95706e23ac83b887b12465e6b1e14c66290d9d483ce11c759445da9229/component_0014_master_3f3ba9463bdd7cfcb0b65565002020f79025016c226eb648052eccfa7501fba5.wl"
"PASS: ""compact comparison file cache/s08/Hgq/d9b65d95706e23ac83b887b12465e6b1e14c66290d9d483ce11c759445da9229/component_0014_master_4db2366acc5e1f7e61eb1e5c2eecce5f389a6694f6689a585e22a80c01dcb16d.wl"
"PASS: ""compact comparison file cache/s08/Hgq/d9b65d95706e23ac83b887b12465e6b1e14c66290d9d483ce11c759445da9229/component_0014_master_5682841aec4167b6b156973d2cd8b31783d629f8455086c917c482c05387cde5.wl"
"PASS: ""compact comparison file cache/s08/Hgq/d9b65d95706e23ac83b887b12465e6b1e14c66290d9d483ce11c759445da9229/component_0014_master_7d3a55d386bbb115c361c01279fcca36bd40a1b3a0ba9554f30498649d9df0bb.wl"
"PASS: ""compact comparison file cache/s08/Hgq/d9b65d95706e23ac83b887b12465e6b1e14c66290d9d483ce11c759445da9229/component_0014_master_8125fe84c3af6829db4c1e645d00fc1e022944455e419f1c4384f339954a8ce.wl"
"PASS: ""compact comparison file cache/s08/Hgq/d9b65d95706e23ac83b887b12465e6b1e14c66290d9d483ce11c759445da9229/component_0014_master_cfc06cca409af314fe1881192d2b3cebce425cb411d95f0f92dbc97c0c339b66.wl"
"PASS: ""compact comparison file cache/s08/Hgq/d9b65d95706e23ac83b887b12465e6b1e14c66290d9d483ce11c759445da9229/component_0016.wl"
"PASS: ""own comparison accepted coefficient inputs"
"PASS: ""own comparison includes nonzero and zero master coefficient blocks"
"S08_COMPACT_CONTROL_INVENTORY "InputForm[{<|"Index" -> 14, "RawCheckCount" -> 22, "RetainsTensorValue" -> False, "MasterCount" -> 7|>, <|"Index" -> 16, "RawCheckCount" -> 22, "RetainsTensorValue" -> False, "MasterCount" -> 0|>}]
"PASS: ""isolated compact comparison cache"
"PASS: ""complete component outputs not copied"
"PASS: ""scalar-map workers share compute node"
"From remote kernel:"
"Style[\"Loading FeynCalc from /u/home/r/rushil/.Mathematica/Applications/FeynCalc/\", \"Text\"]\n"
"From remote kernel:"
"Style[\"Loading FeynCalc from /u/home/r/rushil/.Mathematica/Applications/FeynCalc/\", \"Text\"]\n"
"From remote kernel:"
"$PrePrint is set to FeynCalcForm. Use FI and FC to change the display format.\n"
"From remote kernel:"
"$PrePrint is set to FeynCalcForm. Use FI and FC to change the display format.\n"
"From remote kernel:"
"Style[\"FeynCalc \", \"Text\", Bold]Style[\"10.2.1 (stable version). For help, use the \", \"Text\"]Style[DisplayForm[ButtonBox[\"online documentation,\", ButtonData :> {URL[\"https://feyncalc.github.io/referenceDev\"], None}, BaseStyle -> \"Hyperlink\", ButtonNote -> \"https://feyncalc.github.io/referenceDev\"]], \"Text\"]Style[\" visit the \", \"Text\"]Style[DisplayForm[ButtonBox[\"forum\", ButtonData :> {URL[\"https://github.com/FeynCalc/feyncalc/discussions\"], None}, BaseStyle -> \"Hyperlink\", ButtonNote -> \"https://github.com/FeynCalc/feyncalc/discussions/\"]], \"Text\"]Style[\" and have a look at the supplied \", \"Text\"]Style[DisplayForm[ButtonBox[\"examples.\", BaseStyle -> \"Hyperlink\", ButtonFunction :> SystemOpen[FileNameJoin[{$FeynCalcDirectory, \"Examples\"}]], Evaluator -> Automatic, Method -> \"Preemptive\"]], \"Text\"]Style[\" The PDF-version of the manual can be downloaded \", \"Text\"]Style[DisplayForm[ButtonBox[\"here.\", ButtonData :> {URL[\"https://github.com/FeynCalc/feyncalc-manual/releases/download/dev-manual/FeynCalcManual.pdf\"], None}, BaseStyle -> \"Hyperlink\", ButtonNote -> \"https://github.com/FeynCalc/feyncalc-manual/releases/download/dev-manual/FeynCalcManual.pdf\"]], \"Text\"]\n"
"From remote kernel:"
"Style[\"FeynCalc \", \"Text\", Bold]Style[\"10.2.1 (stable version). For help, use the \", \"Text\"]Style[DisplayForm[ButtonBox[\"online documentation,\", ButtonData :> {URL[\"https://feyncalc.github.io/referenceDev\"], None}, BaseStyle -> \"Hyperlink\", ButtonNote -> \"https://feyncalc.github.io/referenceDev\"]], \"Text\"]Style[\" visit the \", \"Text\"]Style[DisplayForm[ButtonBox[\"forum\", ButtonData :> {URL[\"https://github.com/FeynCalc/feyncalc/discussions\"], None}, BaseStyle -> \"Hyperlink\", ButtonNote -> \"https://github.com/FeynCalc/feyncalc/discussions/\"]], \"Text\"]Style[\" and have a look at the supplied \", \"Text\"]Style[DisplayForm[ButtonBox[\"examples.\", BaseStyle -> \"Hyperlink\", ButtonFunction :> SystemOpen[FileNameJoin[{$FeynCalcDirectory, \"Examples\"}]], Evaluator -> Automatic, Method -> \"Preemptive\"]], \"Text\"]Style[\" The PDF-version of the manual can be downloaded \", \"Text\"]Style[DisplayForm[ButtonBox[\"here.\", ButtonData :> {URL[\"https://github.com/FeynCalc/feyncalc-manual/releases/download/dev-manual/FeynCalcManual.pdf\"], None}, BaseStyle -> \"Hyperlink\", ButtonNote -> \"https://github.com/FeynCalc/feyncalc-manual/releases/download/dev-manual/FeynCalcManual.pdf\"]], \"Text\"]\n"
"From remote kernel:"
"Style[\"If you use FeynCalc in your research, please evaluate FeynCalcHowToCite[] to learn how to cite this software.\", \"Text\"]\n"
"From remote kernel:"
"Style[\"If you use FeynCalc in your research, please evaluate FeynCalcHowToCite[] to learn how to cite this software.\", \"Text\"]\n"
"From remote kernel:"
"Style[\"Please keep in mind that the proper academic attribution of our work is crucial to ensure the future development of this package!\", {\"Text\", Italic}]\n"
"From remote kernel:"
"Style[\"Please keep in mind that the proper academic attribution of our work is crucial to ensure the future development of this package!\", {\"Text\", Italic}]\n"
"PASS: ""scalar-map worker native versions agree"
"S08_WORKER_DISTRIBUTION_SECONDS "543.906422`9.187069180133719
"PASS: ""worker compact task identity"
"From remote kernel:"
"\"REAL_MAP \"\"Hgq\"\" \"14\"/\"37\" \"<|\"Sector\" -> \"Real\", \"Kind\" -> \"ExtendedResponse\", \"Index\" -> {4, 1, 2}|>\" kernel \"1\n"
"From remote kernel:"
"\"REAL_MAP \"\"Hgq\"\" \"16\"/\"37\" \"<|\"Sector\" -> \"Real\", \"Kind\" -> \"ExtendedResponse\", \"Index\" -> {4, 4, 3}|>\" kernel \"2\n"
"From remote kernel:"
"\"PASS: \"\"raw component retains executed reconstruction\"\n"
"From remote kernel:"
"\"PASS: \"\"known rules end in saved masters\"\n"
"From remote kernel:"
"\"PASS: \"\"raw component retains executed reconstruction\"\n"
"From remote kernel:"
"\"PASS: \"\"exact individual reduction-rule reconstruction\"\n"
"From remote kernel:"
"\"PASS: \"\"master coefficient retains exact reconstruction\"\n"
"From remote kernel:"
"\"PASS: \"\"complete linear reduced coefficient reconstruction\"\n"
"From remote kernel:"
"\"PASS: \"\"reduced coefficients are scalar rational expressions\"\n"
"From remote kernel:"
"\"PASS: \"\"known rules end in saved masters\"\n"
"From remote kernel:"
"\"PASS: \"\"complete linear reduced coefficient reconstruction\"\n"
"From remote kernel:"
"\"PASS: \"\"reduced coefficients are scalar rational expressions\"\n"
"From remote kernel:"
"\"PASS: \"\"compressed scalar map below file bound\"\n"
"From remote kernel:"
"\"PASS: \"\"compressed scalar map exact round trip\"\n"
"From remote kernel:"
"\"REAL_MAP_ACCEPTED \"\"Hgq\"\" \"16\n"
"From remote kernel:"
"\"PASS: \"\"compressed scalar map below file bound\"\n"
"From remote kernel:"
"\"PASS: \"\"compressed scalar map exact round trip\"\n"
"From remote kernel:"
"\"REAL_MAP_ACCEPTED \"\"Hgq\"\" \"14\n"
"PASS: ""own regenerated coefficient checks accepted"
"PASS: ""own complete mathematical coefficient records exactly unchanged"
"PASS: ""compressed scalar map below file bound"
"PASS: ""compressed scalar map exact round trip"
"PASS: s08_compact_worker_inputs"
