MONITOR_START job=14692853 host=n7368 kernel_pid=15916
"PASS: ""accepted real Kira reduction"
"PARENT_INPUT "InputForm[CutIntegral["R01", {1, 1, 0, 0}]]
"PASS: ""master has only zero or unit indices"
"PASS: ""both cut positions are active"
"PASS: ""loop routing uses unit loop coefficients"
"PASS: ""routing signs preserve every quadratic denominator"
"PASS: ""selected cut chord is the recoil invariant"
"PASS: ""P2_0110 unique generic parent Gram matrix"
"PASS: ""P2_0110 every chord reconstructs"
"PASS: ""P2_0110 explicit parameter representation"
"PASS: ""P2_0110 projective parameter count"
"PASS: ""P2_0110 projective homogeneity"
"PARENT_INPUT "InputForm[CutIntegral["R01", {1, 1, 1, 1}]]
"PASS: ""master has only zero or unit indices"
"PASS: ""both cut positions are active"
"PASS: ""loop routing uses unit loop coefficients"
"PASS: ""routing signs preserve every quadratic denominator"
"PASS: ""selected cut chord is the recoil invariant"
"PASS: ""P4_0001001101011110 unique generic parent Gram matrix"
"PASS: ""P4_0001001101011110 every chord reconstructs"
"PASS: ""P4_0001001101011110 explicit parameter representation"
"PASS: ""P4_0001001101011110 projective parameter count"
"PASS: ""P4_0001001101011110 projective homogeneity"
"PARENT_INPUT "InputForm[CutIntegral["R02", {1, 1, 1, 1}]]
"PASS: ""master has only zero or unit indices"
"PASS: ""both cut positions are active"
"PASS: ""loop routing uses unit loop coefficients"
"PASS: ""routing signs preserve every quadratic denominator"
"PASS: ""selected cut chord is the recoil invariant"
"PASS: ""P4_0011001111001100 unique generic parent Gram matrix"
"PASS: ""P4_0011001111001100 every chord reconstructs"
"PASS: ""P4_0011001111001100 explicit parameter representation"
"PASS: ""P4_0011001111001100 projective parameter count"
"PASS: ""P4_0011001111001100 projective homogeneity"
"PARENT_INPUT "InputForm[CutIntegral["R03", {1, 1, 0, 1}]]
"PASS: ""master has only zero or unit indices"
"PASS: ""both cut positions are active"
"PASS: ""loop routing uses unit loop coefficients"
"PASS: ""routing signs preserve every quadratic denominator"
"PASS: ""selected cut chord is the recoil invariant"
"PASS: ""P3_011101110 unique generic parent Gram matrix"
"PASS: ""P3_011101110 every chord reconstructs"
"PASS: ""P3_011101110 explicit parameter representation"
"PASS: ""P3_011101110 projective parameter count"
"PASS: ""P3_011101110 projective homogeneity"
"PARENT_INPUT "InputForm[CutIntegral["R03", {1, 1, 1, 1}]]
"PASS: ""master has only zero or unit indices"
"PASS: ""both cut positions are active"
"PASS: ""loop routing uses unit loop coefficients"
"PASS: ""routing signs preserve every quadratic denominator"
"PASS: ""selected cut chord is the recoil invariant"
"PASS: ""P4_0011001111011110 unique generic parent Gram matrix"
"PASS: ""P4_0011001111011110 every chord reconstructs"
"PASS: ""P4_0011001111011110 explicit parameter representation"
"PASS: ""P4_0011001111011110 projective parameter count"
"PASS: ""P4_0011001111011110 projective homogeneity"
"PARENT_INPUT "InputForm[CutIntegral["R04", {1, 1, 1, 1}]]
"PASS: ""master has only zero or unit indices"
"PASS: ""both cut positions are active"
"PASS: ""loop routing uses unit loop coefficients"
"PASS: ""routing signs preserve every quadratic denominator"
"PASS: ""selected cut chord is the recoil invariant"
"PARENT_INPUT "InputForm[CutIntegral["R09", {1, 1, 1, 1}]]
"PASS: ""master has only zero or unit indices"
"PASS: ""both cut positions are active"
"PASS: ""loop routing uses unit loop coefficients"
"PASS: ""routing signs preserve every quadratic denominator"
"PASS: ""selected cut chord is the recoil invariant"
"PARENT_INPUT "InputForm[CutIntegral["R10", {1, 1, 1, 1}]]
"PASS: ""master has only zero or unit indices"
"PASS: ""both cut positions are active"
"PASS: ""loop routing uses unit loop coefficients"
"PASS: ""routing signs preserve every quadratic denominator"
"PASS: ""selected cut chord is the recoil invariant"
"S06_SUCCESS: "8" cut masters use "5" distinct parent Euler integrands."
MONITOR_WAKE {"stage": "s06", "source": "s06_cut_parent_inputs.wl", "source_sha256": "a6ccac95309e36a0446e26017e1936ad5629df70efeeee95d9f2d83725790c57", "job_id": "14692853", "host": "n7368", "exit_code": 0, "success_marker": true, "accepted_execution": true, "guard": null, "peak_rss_bytes": 200265728, "elapsed_seconds": 10.66350681334734, "completed_utc": "2026-09-07T10:01:40.905279+00:00"}
