
ReadByteArray::bfmt: The stream /home/physics/projects/AI_Assisted_SIDIS/scripts/polarized_SIDIS/misc/s01_check_Hqg_residual.wls has been opened with BinaryFormat -> False and cannot be used with binary data.
"PASS: ""complete entry point syntax"
"PASS: ""reviewed local implementation"
"PASS: ""bound input misc/s01_result/reference/s14_result.wl"
"PASS: ""bound input misc/s01_result/reference/s14_checks.json"
"PASS: ""bound input misc/s01_result/reference/s14_residual_F1.wl"
"PASS: ""bound input misc/s01_result/reference/s14_residual_F2.wl"
"PASS: ""bound input Hqg/s11_result/s11_result.wl"
"PASS: ""bound input Hqg/s11_result/reference/before_dimensional_completion/s11_result.wl"
"PASS: ""bound input common/s02_result/s02_result.wl"
"PASS: ""bound input common/s10_result/s10_result.wl"
"PASS: ""bound input Hgq/s10_dimensional_gluon_result/s10_result.wl"
"PASS: ""bound input common/s14_assemble_finite_spin.wls"
"PASS: ""bound input common/s14_check_Hqg_reference_terms.wls"
"PASS: ""bound input common/s11_collinear_spin_convolutions.wls"
"PASS: ""bound input common/s11_check_dimensional_convolution.wls"
"PASS: ""native FeynCalc loaded"
"PASS: ""original diagnostic checks and schema"
"PASS: ""exact current subtraction in failed assembly"
"PASS: ""saved original subtraction identity"
"PASS: ""same physical labels and checked native inputs"
"PASS: ""same original assembly"
"PASS: ""unchanged normalization definitions"
"PASS: ""saved normalization syntax"
"PASS: ""exact saved finite counterterm difference"
"PASS: ""exact readable residual F1"
"PASS: ""same branch variables F1"
"COMPARE_BEGIN ""F1"

No more memory available.
Mathematica kernel has shut down.
Try quitting other applications and then retry.
