MONITOR_START job=14692928 host=n7439 kernel_pid=262075
"From remote kernel:"
"\"VIRTUAL_COEFFICIENTS \"\"Hqq\"\" \"\"Ppp\"\" kernel \"2\n"
"From remote kernel:"
"\"VIRTUAL_COEFFICIENTS \"\"Hqq\"\" \"\"Pg\"\" kernel \"1\n"
"From remote kernel:"
"\"VIRTUAL_COEFFICIENTS_ACCEPTED \"\"Hqq\"\" \"\"Ppp\"\n"
"From remote kernel:"
"\"VIRTUAL_COEFFICIENTS_ACCEPTED \"\"Hqq\"\" \"\"Pg\"\n"
"From remote kernel:"
"\"VIRTUAL_COEFFICIENTS \"\"Hqg\"\" \"\"Ppp\"\" kernel \"2\n"
"From remote kernel:"
"\"VIRTUAL_COEFFICIENTS \"\"Hqg\"\" \"\"Pg\"\" kernel \"1\n"
"From remote kernel:"
"\"VIRTUAL_COEFFICIENTS_ACCEPTED \"\"Hqg\"\" \"\"Ppp\"\n"
"From remote kernel:"
"\"VIRTUAL_COEFFICIENTS_ACCEPTED \"\"Hqg\"\" \"\"Pg\"\n"
MONITOR_HEARTBEAT elapsed=30s rss=746.6MiB peak=749.3MiB
"From remote kernel:"
"\"VIRTUAL_COEFFICIENTS \"\"Hgq\"\" \"\"Ppp\"\" kernel \"2\n"
"From remote kernel:"
"\"VIRTUAL_COEFFICIENTS \"\"Hgq\"\" \"\"Pg\"\" kernel \"1\n"
"From remote kernel:"
"\"VIRTUAL_COEFFICIENTS_ACCEPTED \"\"Hgq\"\" \"\"Ppp\"\n"
"From remote kernel:"
"\"VIRTUAL_COEFFICIENTS_ACCEPTED \"\"Hgq\"\" \"\"Pg\"\n"
"S18_SUCCESS: all virtual coefficients collected in the new Kira master basis."
MONITOR_WAKE {"stage": "s18", "source": "s18_virtual_coefficients.wl", "source_sha256": "c185ac1b2ba7d5bd0e775bc86274f49ecda9492a2a1b0e5c2b918d57efde5220", "job_id": "14692928", "host": "n7439", "exit_code": 0, "success_marker": true, "accepted_execution": true, "guard": null, "peak_rss_bytes": 785657856, "elapsed_seconds": 35.33759370818734, "completed_utc": "2026-09-07T12:14:51.026467+00:00"}
