EXACT_DENOMINATOR_GROUPS 61419 395 1.48
EXACT_GROUP_PREPARATION 16 395 16 1.55
EXACT_GROUP_PREPARATION 32 395 32 1.644
EXACT_GROUP_PREPARATION 48 395 48 1.709
EXACT_GROUP_PREPARATION 64 395 64 1.757
EXACT_GROUP_PREPARATION 80 395 80 1.796
EXACT_GROUP_PREPARATION 96 395 96 1.824
EXACT_GROUP_PREPARATION 112 395 112 1.863
EXACT_GROUP_PREPARATION 128 395 128 1.969
EXACT_GROUP_PREPARATION 144 395 144 2.093
EXACT_GROUP_PREPARATION 160 395 160 2.162
EXACT_GROUP_PREPARATION 176 395 176 2.22
EXACT_GROUP_PREPARATION 192 395 192 2.289
EXACT_GROUP_PREPARATION 208 395 208 2.357
EXACT_GROUP_PREPARATION 224 395 224 2.421
EXACT_GROUP_PREPARATION 240 395 240 2.461
EXACT_GROUP_PREPARATION 256 395 256 2.489
EXACT_GROUP_PREPARATION 272 395 272 2.531
EXACT_GROUP_PREPARATION 288 395 288 2.555
EXACT_GROUP_PREPARATION 304 395 304 2.599
EXACT_GROUP_PREPARATION 320 395 320 2.614
EXACT_GROUP_PREPARATION 336 395 336 2.698
EXACT_GROUP_PREPARATION 352 395 352 2.831
EXACT_GROUP_PREPARATION 368 395 368 2.9
EXACT_GROUP_PREPARATION 384 395 384 2.938
EXACT_GROUP_PREPARATION 395 395 395 2.957
EXACT_POLYNOMIAL_SUM recoil_derivative 16 395 1.018
EXACT_POLYNOMIAL_SUM recoil_derivative 32 395 1.147
EXACT_POLYNOMIAL_SUM recoil_derivative 48 395 1.243
EXACT_POLYNOMIAL_SUM recoil_derivative 64 395 1.327
EXACT_POLYNOMIAL_SUM recoil_derivative 80 395 1.405
EXACT_POLYNOMIAL_SUM recoil_derivative 96 395 1.49
EXACT_POLYNOMIAL_SUM recoil_derivative 112 395 1.595
EXACT_POLYNOMIAL_SUM recoil_derivative 128 395 1.681
EXACT_POLYNOMIAL_SUM recoil_derivative 144 395 1.753
EXACT_POLYNOMIAL_SUM recoil_derivative 160 395 1.852
EXACT_POLYNOMIAL_SUM recoil_derivative 176 395 1.959
EXACT_POLYNOMIAL_SUM recoil_derivative 192 395 2.075
EXACT_POLYNOMIAL_SUM recoil_derivative 208 395 2.187
EXACT_POLYNOMIAL_SUM recoil_derivative 224 395 2.293
EXACT_POLYNOMIAL_SUM recoil_derivative 240 395 2.375
EXACT_POLYNOMIAL_SUM recoil_derivative 256 395 2.481
EXACT_POLYNOMIAL_SUM recoil_derivative 272 395 2.579
EXACT_POLYNOMIAL_SUM recoil_derivative 288 395 2.675
EXACT_POLYNOMIAL_SUM recoil_derivative 304 395 2.781
EXACT_POLYNOMIAL_SUM recoil_derivative 320 395 2.941
EXACT_POLYNOMIAL_SUM recoil_derivative 336 395 3.092
EXACT_POLYNOMIAL_SUM recoil_derivative 352 395 3.227
EXACT_POLYNOMIAL_SUM recoil_derivative 368 395 3.377
EXACT_POLYNOMIAL_SUM recoil_derivative 384 395 3.503
EXACT_POLYNOMIAL_SUM recoil_derivative 395 395 3.673
PASS: exact grouped denominator polynomial sum
