
$LeviCivitaSign::shdw: Symbol $LeviCivitaSign appears in multiple contexts {FeynCalc`, Global`}; definitions in context FeynCalc` may shadow or be shadowed by other definitions.

FCSetDiracGammaScheme::shdw: Symbol FCSetDiracGammaScheme appears in multiple contexts {FeynCalc`, Global`}; definitions in context FeynCalc` may shadow or be shadowed by other definitions.

Explicit::shdw: Symbol Explicit appears in multiple contexts {FeynCalc`, Global`}; definitions in context FeynCalc` may shadow or be shadowed by other definitions.

FCI::shdw: Symbol FCI appears in multiple contexts {FeynCalc`, Global`}; definitions in context FeynCalc` may shadow or be shadowed by other definitions.

DiracGamma::shdw: Symbol DiracGamma appears in multiple contexts {FeynCalc`, Global`}; definitions in context FeynCalc` may shadow or be shadowed by other definitions.

Eps::shdw: Symbol Eps appears in multiple contexts {FeynCalc`, Global`}; definitions in context FeynCalc` may shadow or be shadowed by other definitions.

FeynAmpDenominator::shdw: Symbol FeynAmpDenominator appears in multiple contexts {FeynCalc`, Global`}; definitions in context FeynCalc` may shadow or be shadowed by other definitions.

FV::shdw: Symbol FV appears in multiple contexts {FeynCalc`, Global`}; definitions in context FeynCalc` may shadow or be shadowed by other definitions.

FVD::shdw: Symbol FVD appears in multiple contexts {FeynCalc`, Global`}; definitions in context FeynCalc` may shadow or be shadowed by other definitions.

GAD::shdw: Symbol GAD appears in multiple contexts {FeynCalc`, Global`}; definitions in context FeynCalc` may shadow or be shadowed by other definitions.

LorentzIndex::shdw: Symbol LorentzIndex appears in multiple contexts {FeynCalc`, Global`}; definitions in context FeynCalc` may shadow or be shadowed by other definitions.

Momentum::shdw: Symbol Momentum appears in multiple contexts {FeynCalc`, Global`}; definitions in context FeynCalc` may shadow or be shadowed by other definitions.

MTD::shdw: Symbol MTD appears in multiple contexts {FeynCalc`, Global`}; definitions in context FeynCalc` may shadow or be shadowed by other definitions.

Pair::shdw: Symbol Pair appears in multiple contexts {FeynCalc`, Global`}; definitions in context FeynCalc` may shadow or be shadowed by other definitions.

Polarization::shdw: Symbol Polarization appears in multiple contexts {FeynCalc`, Global`}; definitions in context FeynCalc` may shadow or be shadowed by other definitions.

SP::shdw: Symbol SP appears in multiple contexts {FeynCalc`, Global`}; definitions in context FeynCalc` may shadow or be shadowed by other definitions.

SPD::shdw: Symbol SPD appears in multiple contexts {FeynCalc`, Global`}; definitions in context FeynCalc` may shadow or be shadowed by other definitions.

SPE::shdw: Symbol SPE appears in multiple contexts {FeynCalc`, Global`}; definitions in context FeynCalc` may shadow or be shadowed by other definitions.

Spinor::shdw: Symbol Spinor appears in multiple contexts {FeynCalc`, Global`}; definitions in context FeynCalc` may shadow or be shadowed by other definitions.

SUNDelta::shdw: Symbol SUNDelta appears in multiple contexts {FeynCalc`, Global`}; definitions in context FeynCalc` may shadow or be shadowed by other definitions.

SUNFDelta::shdw: Symbol SUNFDelta appears in multiple contexts {FeynCalc`, Global`}; definitions in context FeynCalc` may shadow or be shadowed by other definitions.

SUNF::shdw: Symbol SUNF appears in multiple contexts {FeynCalc`, Global`}; definitions in context FeynCalc` may shadow or be shadowed by other definitions.

SUNN::shdw: Symbol SUNN appears in multiple contexts {FeynCalc`, Global`}; definitions in context FeynCalc` may shadow or be shadowed by other definitions.

SUNTF::shdw: Symbol SUNTF appears in multiple contexts {FeynCalc`, Global`}; definitions in context FeynCalc` may shadow or be shadowed by other definitions.

DiracTraceEvaluate::shdw: Symbol DiracTraceEvaluate appears in multiple contexts {FeynCalc`, Global`}; definitions in context FeynCalc` may shadow or be shadowed by other definitions.

SUNNToCACF::shdw: Symbol SUNNToCACF appears in multiple contexts {FeynCalc`, Global`}; definitions in context FeynCalc` may shadow or be shadowed by other definitions.

DotSimplify::shdw: Symbol DotSimplify appears in multiple contexts {FeynCalc`, Global`}; definitions in context FeynCalc` may shadow or be shadowed by other definitions.

FCTraceFactor::shdw: Symbol FCTraceFactor appears in multiple contexts {FeynCalc`, Global`}; definitions in context FeynCalc` may shadow or be shadowed by other definitions.

ChangeDimension::shdw: Symbol ChangeDimension appears in multiple contexts {FeynCalc`, Global`}; definitions in context FeynCalc` may shadow or be shadowed by other definitions.

Contract::shdw: Symbol Contract appears in multiple contexts {FeynCalc`, Global`}; definitions in context FeynCalc` may shadow or be shadowed by other definitions.

EpsEvaluate::shdw: Symbol EpsEvaluate appears in multiple contexts {FeynCalc`, Global`}; definitions in context FeynCalc` may shadow or be shadowed by other definitions.

ExpandScalarProduct::shdw: Symbol ExpandScalarProduct appears in multiple contexts {FeynCalc`, Global`}; definitions in context FeynCalc` may shadow or be shadowed by other definitions.

FCClearScalarProducts::shdw: Symbol FCClearScalarProducts appears in multiple contexts {FeynCalc`, Global`}; definitions in context FeynCalc` may shadow or be shadowed by other definitions.

FCRenameDummyIndices::shdw: Symbol FCRenameDummyIndices appears in multiple contexts {FeynCalc`, Global`}; definitions in context FeynCalc` may shadow or be shadowed by other definitions.

DiracSimplify::shdw: Symbol DiracSimplify appears in multiple contexts {FeynCalc`, Global`}; definitions in context FeynCalc` may shadow or be shadowed by other definitions.

DiracTrace::shdw: Symbol DiracTrace appears in multiple contexts {FeynCalc`, Global`}; definitions in context FeynCalc` may shadow or be shadowed by other definitions.

SUNSimplify::shdw: Symbol SUNSimplify appears in multiple contexts {FeynCalc`, Global`}; definitions in context FeynCalc` may shadow or be shadowed by other definitions.

SUNTrace::shdw: Symbol SUNTrace appears in multiple contexts {FeynCalc`, Global`}; definitions in context FeynCalc` may shadow or be shadowed by other definitions.

FeynAmpDenominatorExplicit::shdw: Symbol FeynAmpDenominatorExplicit appears in multiple contexts {FeynCalc`, Global`}; definitions in context FeynCalc` may shadow or be shadowed by other definitions.

ComplexConjugate::shdw: Symbol ComplexConjugate appears in multiple contexts {FeynCalc`, Global`}; definitions in context FeynCalc` may shadow or be shadowed by other definitions.

DoPolarizationSums::shdw: Symbol DoPolarizationSums appears in multiple contexts {FeynCalc`, Global`}; definitions in context FeynCalc` may shadow or be shadowed by other definitions.

FermionSpinSum::shdw: Symbol FermionSpinSum appears in multiple contexts {FeynCalc`, Global`}; definitions in context FeynCalc` may shadow or be shadowed by other definitions.

SMP::shdw: Symbol SMP appears in multiple contexts {FeynCalc`, Global`}; definitions in context FeynCalc` may shadow or be shadowed by other definitions.

V::shdw: Symbol V appears in multiple contexts {FeynArts`, Global`}; definitions in context FeynArts` may shadow or be shadowed by other definitions.
"PASS: ""compute allocation"
"PASS: ""isolated runtime"
"PASS: ""complete source syntax"
"PASS: ""pinned complete own checkpoint storage proof"
"PASS: ""accepted native checkpoint representation"
"PASS: ""complete checkpoint dispatch syntax"
"PASS: ""integer real operation time limit"
"PASS: ""bounded real operation time limit"
"REAL_RESOURCE_LIMIT_SECONDS "600
"PASS: ""integer real operation memory limit"
"PASS: ""bounded real operation memory limit"
"REAL_RESOURCE_LIMIT_BYTES "4294967296
"PASS: ""known channel"
"PASS: ""pinned input Hgg/s01_result/reference/s01_result/s01_inputs/s01_result/real.wl"
"PASS: ""pinned input Hgg/s05_result/reference/unpolarized_real.wl"
"PASS: ""accepted spin basis"
"PASS: ""accepted angular moments"
"PASS: ""real longitudinal frame linear"
"PASS: ""real longitudinal frame nonsingular"
"PASS: ""real longitudinal frame reconstructs"
"PASS: ""real energy linear"
"PASS: ""real energy nonsingular"
"PASS: ""real energy reconstructs"
"PASS: ""real transverse coordinate linear"
"PASS: ""real transverse coordinate nonsingular"
"PASS: ""real transverse coordinate reconstructs"
"PASS: ""real frame invariants"
"PASS: ""positive measured transverse momentum"
"PASS: ""unconditional exact algebra"
"PASS: ""transverse rational function"
"PASS: ""rationalized transverse denominator"
"PASS: ""polynomial division reconstruction"
"PASS: ""complete rational reconstruction on shell"
"PASS: ""measured spin axes"
"PASS: ""denominator Bezout reconstruction"
"PASS: ""invertible transverse denominator"
"PASS: ""unresolved physical projections"
"PASS: ""evanescent on-shell norm linear"
"PASS: ""evanescent on-shell norm nonsingular"
"PASS: ""evanescent on-shell norm reconstructs"
"PASS: ""inherited cut radius"
"PASS: ""one remaining physical normal coordinate"
"PASS: ""positive-energy support independent of normal angle"
"PASS: ""compact real dimensional scalar identities"
"PASS: ""incoming photon-basis projection"
"PASS: ""accepted compact calculation source"
"PASS: ""single reviewed real photon interface change"
"PASS: ""unchanged complete scalar and frame routines"
"PASS: ""single accepted pair-completion interface"
"PASS: ""unchanged complete pair contractions"
"PASS: ""pinned input Hgg/s01_result/reference/s01_result/s01_inputs/s02_result/kinematics.wl"
"PASS: ""pinned input Hqq/s01_result/reference/s01_result/s01_inputs/s02_result.wl"
"PASS: ""reviewed previous source s05_real_spin_response_before_compact_products.wls"
"PASS: ""reviewed previous source s05_real_spin_response_before_coupling_inventory.wls"
"PASS: ""reviewed previous source s05_real_spin_response_before_worker_initialization.wls"
"PASS: ""reviewed previous source s05_real_spin_response_before_coefficient_reduction.wls"
"PASS: ""reviewed previous source s05_real_spin_response_before_projection.wls"
"PASS: ""pinned own complete-amplitude Ward proof"
"PASS: ""accepted complete-sector photon Ward proof"
"PASS: ""complete sector dispatch syntax"
"PASS: ""production complete-sector Ward mode"
"PASS: ""compact real comparison exists"
"PASS: ""compact real comparison accepted"
"PASS: ""pinned pre-interface real source"
"PASS: ""accepted real coordinate and photon interfaces"
"PASS: ""real interface comparison shares physical inputs"
"PASS: ""executed coordinate conversion code"
"PASS: ""unique reference coordinate conversion"
"PASS: ""all reference scalar products reconstruct"
"PASS: ""accepted spin extraction and linear sum comparison"
"PASS: ""spin extraction comparison source binding"
"PASS: ""spin extraction comparison shares physical inputs"
"PASS: ""executed compact extraction definition"
"PASS: ""executed linear assembly definition"
"PASS: ""pinned accepted reconstruction dispatch source"
"PASS: ""unchanged exact spin reconstruction and checkpoint contract"
"PASS: ""accepted complete spin dispatch comparison"
"PASS: ""pinned complete spin polynomial comparison"
"PASS: ""accepted complete spin polynomial comparison"
"PASS: ""spin polynomial comparison shares physical conventions"
"PASS: ""spin polynomial comparison starts from original exact predicate"
"PASS: ""exact accepted spin polynomial definition installed"
"PASS: ""accepted complete scalar-restoration comparison"
"PASS: ""scalar-restoration comparison shares physical conventions"
"PASS: ""unchanged scalar-restoration starting definitions"
"PASS: ""exact accepted scalar-restoration definitions installed"
"PASS: ""pinned complete pair-assembly proof"
"PASS: ""pinned pair-assembly baseline"
"PASS: ""accepted complete pair-assembly comparison"
"PASS: ""pair-assembly comparison shares physical conventions"
"PASS: ""exact accepted pair-assembly definitions installed"
"PASS: ""pinned accepted scalar coefficient checkpoints"
"PASS: ""complete scalar checkpoint comparison accepted"
"PASS: ""same executed scalar equations"
"PASS: ""scalar checkpoint physical convention common/s02_result/s02_result.wl"
"PASS: ""scalar checkpoint physical convention common/s04_result/s04_result.wl"
"PASS: ""exact executed coefficient key definition"
"PASS: ""exact executed scalar checkpoint definition installed"
"PASS: ""pinned own angular-zero proof and receipt"
"PASS: ""own complete angular comparison accepted"
"PASS: ""own angular proof source inputs and native conventions"
"PASS: ""original own scalar and angular equations"
"PASS: ""unique own zero-angular installation interfaces"
"PASS: ""unchanged complete Hgg real calculation"
"PASS: ""actual complete own zero-angular provenance"
"PASS: ""following integration entry point complete syntax"
"PASS: ""complete own original sector and shortcut initialization syntax"

StringJoin::string: String expected at position 1 in label<> generated process fields.
"PASS: "StringJoin[label, " generated process fields"]

StringJoin::string: String expected at position 1 in label<> generated momentum-field correspondence.
"PASS: "StringJoin[label, " generated momentum-field correspondence"]

StringJoin::string: String expected at position 1 in label<> unique coupling degree.

General::stop: Further output of StringJoin::string will be suppressed during this calculation.
"PASS: "StringJoin[label, " unique coupling degree"]
"PASS: "StringJoin[label, " tree coupling reconstruction"]
"PASS: "StringJoin[label, " uniform native spinor dimension"]
"REUSED_SCALAR_COEFFICIENT ""11323ba67f28279df1cd9a75bd90a614a28e8ab1001fffac0bc71a45350f9ecd"
"PASS: ""all compact scalar products restored"
"PASS: ""fully scalar real contraction"
"PASS: ""denominators independent of normal angle"
"PASS: ""polynomial angular numerator"
"PASS: ""angular numerator reconstruction"
"PASS: ""evaluated angular moment"
"REUSED_SCALAR_COEFFICIENT ""11323ba67f28279df1cd9a75bd90a614a28e8ab1001fffac0bc71a45350f9ecd"
"PASS: ""native physical photon projection interface"
"FAIL: ""same complete generated amplitude inventory"
