note: Running TeX ...
note: downloading xurl.sty
warning: polarized_SIDIS_report.tex:226: Underfull \hbox (badness 1412) in paragraph at lines 225--226
warning: polarized_SIDIS_report.tex:419: Overfull \hbox (0.43546pt too wide) in paragraph at lines 418--419
warning: polarized_SIDIS_report.tex:617: Underfull \hbox (badness 5175) in paragraph at lines 616--617
warning: polarized_SIDIS_report.tex:619: Underfull \hbox (badness 4872) in paragraph at lines 618--619
warning: polarized_SIDIS_report.tex:620: Underfull \hbox (badness 5403) in paragraph at lines 620--620
note: Rerunning TeX because "polarized_SIDIS_report.toc" changed ...
warning: polarized_SIDIS_report.tex:226: Underfull \hbox (badness 1412) in paragraph at lines 225--226
warning: polarized_SIDIS_report.tex:419: Overfull \hbox (0.43546pt too wide) in paragraph at lines 418--419
warning: polarized_SIDIS_report.tex:617: Underfull \hbox (badness 5175) in paragraph at lines 616--617
warning: polarized_SIDIS_report.tex:619: Underfull \hbox (badness 4872) in paragraph at lines 618--619
warning: polarized_SIDIS_report.tex:620: Underfull \hbox (badness 5403) in paragraph at lines 620--620
note: Rerunning TeX because "polarized_SIDIS_report.toc" changed ...
warning: polarized_SIDIS_report.tex:226: Underfull \hbox (badness 1412) in paragraph at lines 225--226
warning: polarized_SIDIS_report.tex:419: Overfull \hbox (0.43546pt too wide) in paragraph at lines 418--419
warning: polarized_SIDIS_report.tex:617: Underfull \hbox (badness 5175) in paragraph at lines 616--617
warning: polarized_SIDIS_report.tex:619: Underfull \hbox (badness 4872) in paragraph at lines 618--619
warning: polarized_SIDIS_report.tex:620: Underfull \hbox (badness 5403) in paragraph at lines 620--620
warning: warnings were issued by the TeX engine; use --print and/or --keep-logs for details.
note: Running xdvipdfmx ...
note: Writing `/home/physics/projects/AI_Assisted_SIDIS/scripts/polarized_SIDIS/polarized_SIDIS_report.log` (19.576171875 KiB)
note: Writing `/home/physics/projects/AI_Assisted_SIDIS/scripts/polarized_SIDIS/polarized_SIDIS_report.pdf` (182.9296875 KiB)
note: Skipped writing 3 intermediate files (use --keep-intermediates to keep them)
