"PASS: ""frozen s12_final_hats.wl"
"PASS: ""frozen s12_result.wl"
"PASS: ""frozen s12_poles.wl"
"PASS: ""frozen s02_result.wl"
"PASS: ""frozen s09_result.wl"
"PASS: ""frozen s10_result.wl"
"PASS: ""frozen s11_result.wl"
"PASS: ""dilogarithm identities are complete and source bound"
"PASS: ""independent result was accepted without authors coefficients"
"PASS: ""comparison is the requested Hqg channel"
"PASS: ""invariant scalar products have a unique solution"
"PASS: ""transverse projection has a unique solution"
"PASS: ""transverse projection is orthogonal"
"PASS: ""physical-variable map has a unique algebraic solution"
"PASS: ""derived variable map equals the authors map"
"PASS: ""derived kinematics reduce to the independent Born definitions"
"PASS: ""authors color specialization is explicit"
"PASS: ""both structure functions have author coefficients"
"PASS: ""coefficient-times-plus action reconstructs exactly"
"PASS: ""plus logarithm scale shift is recoil independent"
"PASS: ""plus logarithm bases reconstruct exactly"
"Compare ""F1_1_Regular""; memory = "263610816
"PASS: ""comparison radical is positive in its physical region"
"PASS: ""radical coordinate has a unique inverse"
"PASS: ""radical coordinate reconstructs its definition"
"PASS: ""radical substitution has an exact round trip"
"Normalize "16" radicals"
"Normalize "40" distinct functions"
"Normalized function "10"/"40
"Normalized function "20"/"40
"Normalized function "30"/"40
"Normalized function "40"/"40
"Normalize "2" phase functions"
"PASS: ""function normalization is finite"
"PASS: ""function normalization is finite"
"PASS: ""normalized function assembly is finite"
"PASS: ""comparison is polynomial in its formal functions"
"Reduce "18" algebraic coefficients"
