"PASS: ""frozen s12_final_hats.wl"
"PASS: ""frozen s12_result.wl"
"PASS: ""frozen s12_poles.wl"
"PASS: ""frozen s02_result.wl"
"PASS: ""frozen s09_result.wl"
"PASS: ""frozen s10_result.wl"
"PASS: ""frozen s11_result.wl"
"PASS: ""dilogarithm identities are complete and source bound"
"PASS: ""independent result was accepted without authors coefficients"
"PASS: ""comparison is the requested Hqg channel"
"PASS: ""invariant scalar products have a unique solution"
"PASS: ""transverse projection has a unique solution"
"PASS: ""transverse projection is orthogonal"
"PASS: ""physical-variable map has a unique algebraic solution"
"PASS: ""derived variable map equals the authors map"
"PASS: ""derived kinematics reduce to the independent Born definitions"
"PASS: ""authors color specialization is explicit"
"PASS: ""both structure functions have author coefficients"
"PASS: ""coefficient-times-plus action reconstructs exactly"
"PASS: ""plus logarithm scale shift is recoil independent"
"PASS: ""plus logarithm bases reconstruct exactly"
"Canonical authors ""F1"
"PASS: ""author endpoint coefficients are evaluated and recoil independent"
"PASS: ""author ordinary distribution reconstructs exactly"
"Canonical authors ""F2"
"PASS: ""author endpoint coefficients are evaluated and recoil independent"
"PASS: ""author ordinary distribution reconstructs exactly"
"Compare ""F1_Born""; memory = "273527248
"Normalize "0" radicals"
"Normalize "0" distinct functions"
"PASS: ""normalized function assembly is finite"
"PASS: ""comparison reduction is finite"
"Comparison ""F1_Born"": ""equal"
"Compare ""F2_Born""; memory = "273533128
"Normalize "0" radicals"
"Normalize "0" distinct functions"
"PASS: ""normalized function assembly is finite"
"PASS: ""comparison reduction is finite"
"Comparison ""F2_Born"": ""equal"
"Compare ""F1_1_L1""; memory = "273549872
"Normalize "0" radicals"
"Normalize "0" distinct functions"
"PASS: ""normalized function assembly is finite"
"PASS: ""comparison reduction is finite"
"Comparison ""F1_1_L1"": ""equal"
"Compare ""F1_-1_L1""; memory = "273556416
"Normalize "0" radicals"
"Normalize "0" distinct functions"
"PASS: ""normalized function assembly is finite"
"PASS: ""comparison reduction is finite"
"Comparison ""F1_-1_L1"": ""equal"
"Compare ""F2_1_L1""; memory = "273561648
"Normalize "0" radicals"
"Normalize "0" distinct functions"
"PASS: ""normalized function assembly is finite"
"PASS: ""comparison reduction is finite"
"Comparison ""F2_1_L1"": ""equal"
"Compare ""F2_-1_L1""; memory = "273567672
"Normalize "0" radicals"
"Normalize "0" distinct functions"
"PASS: ""normalized function assembly is finite"
"PASS: ""comparison reduction is finite"
"Comparison ""F2_-1_L1"": ""equal"
"Compare ""F1_1_L0""; memory = "273878480
"Normalize "4" radicals"
"Normalize "19" distinct functions"
"PASS: ""function normalization is finite"
"PASS: ""function normalization is finite"
"PASS: ""function normalization is finite"
"PASS: ""function normalization is finite"
"PASS: ""function normalization is finite"
"PASS: ""function normalization is finite"
"PASS: ""function normalization is finite"
"PASS: ""function normalization is finite"
"PASS: ""function normalization is finite"
"PASS: ""function normalization is finite"
"Normalized function "10"/"19
"PASS: ""function normalization is finite"
"PASS: ""function normalization is finite"
"PASS: ""function normalization is finite"
"PASS: ""function normalization is finite"
"PASS: ""function normalization is finite"
"PASS: ""function normalization is finite"
"PASS: ""function normalization is finite"
"PASS: ""function normalization is finite"
"PASS: ""function normalization is finite"
"PASS: ""normalized function assembly is finite"
"PASS: ""comparison is polynomial in its formal functions"
"Reduce "7" algebraic coefficients"
"PASS: ""comparison reduction is finite"
"Comparison ""F1_1_L0"": ""equal"
"Compare ""F1_-1_L0""; memory = "275146000
"Normalize "4" radicals"
"Normalize "20" distinct functions"
"PASS: ""function normalization is finite"
"PASS: ""function normalization is finite"
"PASS: ""function normalization is finite"
"PASS: ""function normalization is finite"
"PASS: ""function normalization is finite"
"PASS: ""function normalization is finite"
"PASS: ""function normalization is finite"
"PASS: ""function normalization is finite"
"PASS: ""function normalization is finite"
"PASS: ""function normalization is finite"
"Normalized function "10"/"20
"PASS: ""function normalization is finite"
"PASS: ""function normalization is finite"
"PASS: ""function normalization is finite"
"PASS: ""function normalization is finite"
"PASS: ""function normalization is finite"
"PASS: ""function normalization is finite"
"PASS: ""function normalization is finite"
"PASS: ""function normalization is finite"
"PASS: ""function normalization is finite"
"PASS: ""function normalization is finite"
"Normalized function "20"/"20
"PASS: ""normalized function assembly is finite"
"PASS: ""comparison is polynomial in its formal functions"
"Reduce "7" algebraic coefficients"
"PASS: ""comparison reduction is finite"
"Comparison ""F1_-1_L0"": ""equal"
"Compare ""F2_1_L0""; memory = "275301856
"Normalize "4" radicals"
"Normalize "19" distinct functions"
"Normalized function "10"/"19
"PASS: ""normalized function assembly is finite"
"PASS: ""comparison is polynomial in its formal functions"
"Reduce "7" algebraic coefficients"
"PASS: ""comparison reduction is finite"
"Comparison ""F2_1_L0"": ""equal"
"Compare ""F2_-1_L0""; memory = "275490184
"Normalize "4" radicals"
"Normalize "20" distinct functions"
"Normalized function "10"/"20
"Normalized function "20"/"20
"PASS: ""normalized function assembly is finite"
"PASS: ""comparison is polynomial in its formal functions"
"Reduce "7" algebraic coefficients"
"PASS: ""comparison reduction is finite"
"Comparison ""F2_-1_L0"": ""equal"
"Compare ""F1_1_Delta""; memory = "290269696
"Normalize "7" radicals"
"Normalize "75" distinct functions"
"PASS: ""function normalization is finite"
"PASS: ""function normalization is finite"
"PASS: ""function normalization is finite"
"PASS: ""function normalization is finite"
"PASS: ""function normalization is finite"
"Normalized function "10"/"75
"PASS: ""function normalization is finite"
"PASS: ""function normalization is finite"
"PASS: ""function normalization is finite"
"PASS: ""function normalization is finite"
"PASS: ""function normalization is finite"
"PASS: ""function normalization is finite"
"PASS: ""function normalization is finite"
"PASS: ""function normalization is finite"
"Normalized function "20"/"75
"PASS: ""dilogarithm transformation has a unique inverse"
"PASS: ""dilogarithm transformation domain"
"PASS: ""dilogarithm transformation reconstructs its argument"
"PASS: ""function normalization is finite"
"PASS: ""function normalization is finite"
"PASS: ""function normalization is finite"
"PASS: ""function normalization is finite"
"PASS: ""function normalization is finite"
"PASS: ""function normalization is finite"
"PASS: ""complement dilogarithm argument reconstructs"
"PASS: ""function normalization is finite"
"Normalized function "30"/"75
"PASS: ""function normalization is finite"
"PASS: ""function normalization is finite"
"PASS: ""function normalization is finite"
"PASS: ""function normalization is finite"
"PASS: ""function normalization is finite"
"PASS: ""function normalization is finite"
"PASS: ""function normalization is finite"
"PASS: ""function normalization is finite"
"Normalized function "40"/"75
"PASS: ""function normalization is finite"
"PASS: ""function normalization is finite"
"PASS: ""function normalization is finite"
"PASS: ""function normalization is finite"
"PASS: ""function normalization is finite"
"PASS: ""function normalization is finite"
"PASS: ""function normalization is finite"
"PASS: ""function normalization is finite"
"PASS: ""function normalization is finite"
"Normalized function "50"/"75
"PASS: ""function normalization is finite"
"PASS: ""function normalization is finite"
"PASS: ""function normalization is finite"
"PASS: ""function normalization is finite"
"PASS: ""function normalization is finite"
"PASS: ""function normalization is finite"
"PASS: ""function normalization is finite"
"Normalized function "60"/"75
"PASS: ""function normalization is finite"
"PASS: ""function normalization is finite"
"PASS: ""function normalization is finite"
"PASS: ""function normalization is finite"
"PASS: ""function normalization is finite"
"PASS: ""function normalization is finite"
"PASS: ""function normalization is finite"
"PASS: ""function normalization is finite"
"PASS: ""function normalization is finite"
"Normalized function "70"/"75
"PASS: ""function normalization is finite"
"PASS: ""dilogarithm transformation has a unique inverse"
"PASS: ""dilogarithm transformation domain"
"PASS: ""dilogarithm transformation reconstructs its argument"
"PASS: ""function normalization is finite"
"PASS: ""dilogarithm transformation has a unique inverse"
"PASS: ""dilogarithm transformation domain"
"PASS: ""dilogarithm transformation reconstructs its argument"
"PASS: ""function normalization is finite"
"PASS: ""function normalization is finite"
"PASS: ""function normalization is finite"
"PASS: ""normalized function assembly is finite"
"PASS: ""comparison is polynomial in its formal functions"
"Reduce "47" algebraic coefficients"
"Reduced coefficient "10"/"47
"Reduced coefficient "20"/"47
"Reduced coefficient "30"/"47
"Reduced coefficient "40"/"47
"PASS: ""comparison reduction is finite"
"Comparison ""F1_1_Delta"": ""unresolved equality"
"Compare ""F1_-1_Delta""; memory = "306147784
"Normalize "7" radicals"
"Normalize "75" distinct functions"
"PASS: ""function normalization is finite"
"PASS: ""function normalization is finite"
"PASS: ""function normalization is finite"
"PASS: ""function normalization is finite"
"PASS: ""function normalization is finite"
"Normalized function "10"/"75
"PASS: ""function normalization is finite"
"PASS: ""function normalization is finite"
"PASS: ""function normalization is finite"
"PASS: ""function normalization is finite"
"PASS: ""function normalization is finite"
"PASS: ""function normalization is finite"
"PASS: ""function normalization is finite"
"PASS: ""function normalization is finite"
"PASS: ""complement dilogarithm argument reconstructs"
"PASS: ""function normalization is finite"
"Normalized function "20"/"75
"PASS: ""function normalization is finite"
"PASS: ""complement dilogarithm argument reconstructs"
"PASS: ""function normalization is finite"
"PASS: ""function normalization is finite"
"PASS: ""dilogarithm transformation has a unique inverse"
"PASS: ""dilogarithm transformation domain"
"PASS: ""dilogarithm transformation reconstructs its argument"
"PASS: ""function normalization is finite"
"PASS: ""function normalization is finite"
"PASS: ""function normalization is finite"
"PASS: ""function normalization is finite"
"PASS: ""function normalization is finite"
"Normalized function "30"/"75
"PASS: ""function normalization is finite"
"PASS: ""function normalization is finite"
"PASS: ""function normalization is finite"
"PASS: ""function normalization is finite"
"PASS: ""function normalization is finite"
"PASS: ""function normalization is finite"
"PASS: ""function normalization is finite"
"PASS: ""function normalization is finite"
"PASS: ""function normalization is finite"
"Normalized function "40"/"75
"PASS: ""function normalization is finite"
"PASS: ""function normalization is finite"
"PASS: ""function normalization is finite"
"PASS: ""function normalization is finite"
"PASS: ""function normalization is finite"
"PASS: ""function normalization is finite"
"PASS: ""function normalization is finite"
"Normalized function "50"/"75
"PASS: ""function normalization is finite"
"PASS: ""function normalization is finite"
"PASS: ""function normalization is finite"
"PASS: ""function normalization is finite"
"PASS: ""function normalization is finite"
"PASS: ""function normalization is finite"
"PASS: ""function normalization is finite"
"Normalized function "60"/"75
"PASS: ""function normalization is finite"
"PASS: ""function normalization is finite"
"PASS: ""function normalization is finite"
"PASS: ""complement dilogarithm argument reconstructs"
"PASS: ""function normalization is finite"
"PASS: ""function normalization is finite"
"PASS: ""dilogarithm transformation has a unique inverse"
"PASS: ""dilogarithm transformation domain"
"PASS: ""dilogarithm transformation reconstructs its argument"
"PASS: ""function normalization is finite"
"PASS: ""function normalization is finite"
"PASS: ""dilogarithm transformation has a unique inverse"
"PASS: ""dilogarithm transformation domain"
"PASS: ""dilogarithm transformation reconstructs its argument"
"PASS: ""function normalization is finite"
"PASS: ""dilogarithm transformation has a unique inverse"
"PASS: ""dilogarithm transformation domain"
"PASS: ""dilogarithm transformation reconstructs its argument"
"PASS: ""function normalization is finite"
"Normalized function "70"/"75
"PASS: ""function normalization is finite"
"PASS: ""function normalization is finite"
"PASS: ""function normalization is finite"
"PASS: ""function normalization is finite"
"PASS: ""normalized function assembly is finite"
"PASS: ""comparison is polynomial in its formal functions"
"Reduce "46" algebraic coefficients"
"Reduced coefficient "10"/"46
"Reduced coefficient "20"/"46
"Reduced coefficient "30"/"46
"Reduced coefficient "40"/"46
"PASS: ""comparison reduction is finite"
"Comparison ""F1_-1_Delta"": ""unresolved equality"
"Compare ""F2_1_Delta""; memory = "315946000
"Normalize "7" radicals"
"Normalize "75" distinct functions"
"Normalized function "10"/"75
"Normalized function "20"/"75
"Normalized function "30"/"75
"Normalized function "40"/"75
"Normalized function "50"/"75
"Normalized function "60"/"75
"Normalized function "70"/"75
"PASS: ""normalized function assembly is finite"
"PASS: ""comparison is polynomial in its formal functions"
"Reduce "47" algebraic coefficients"
"Reduced coefficient "10"/"47
"Reduced coefficient "20"/"47
"Reduced coefficient "30"/"47
"Reduced coefficient "40"/"47
"PASS: ""comparison reduction is finite"
"Comparison ""F2_1_Delta"": ""unresolved equality"
"Compare ""F2_-1_Delta""; memory = "330721648
"Normalize "7" radicals"
"Normalize "75" distinct functions"
"Normalized function "10"/"75
"Normalized function "20"/"75
"Normalized function "30"/"75
"Normalized function "40"/"75
"Normalized function "50"/"75
"Normalized function "60"/"75
"Normalized function "70"/"75
"PASS: ""normalized function assembly is finite"
"PASS: ""comparison is polynomial in its formal functions"
"Reduce "46" algebraic coefficients"
"Reduced coefficient "10"/"46
"Reduced coefficient "20"/"46
"Reduced coefficient "30"/"46
"Reduced coefficient "40"/"46
"PASS: ""comparison reduction is finite"
"Comparison ""F2_-1_Delta"": ""unresolved equality"
"Compare ""F1_1_Regular""; memory = "333018176
"PASS: ""comparison radical is positive in its physical region"
"PASS: ""radical coordinate has a unique inverse"
"PASS: ""radical coordinate reconstructs its definition"
"PASS: ""radical substitution has an exact round trip"
"Normalize "16" radicals"
"Normalize "40" distinct functions"
"PASS: ""function normalization is finite"
"PASS: ""function normalization is finite"
"PASS: ""function normalization is finite"
"PASS: ""function normalization is finite"
"PASS: ""function normalization is finite"
"PASS: ""function normalization is finite"
"PASS: ""function normalization is finite"
"PASS: ""function normalization is finite"
"PASS: ""function normalization is finite"
"PASS: ""function normalization is finite"
"Normalized function "10"/"40
"PASS: ""function normalization is finite"
"PASS: ""function normalization is finite"
"PASS: ""function normalization is finite"
"PASS: ""function normalization is finite"
"PASS: ""function normalization is finite"
"PASS: ""function normalization is finite"
"PASS: ""function normalization is finite"
"PASS: ""function normalization is finite"
"PASS: ""function normalization is finite"
"PASS: ""function normalization is finite"
"Normalized function "20"/"40
"PASS: ""function normalization is finite"
"PASS: ""function normalization is finite"
"PASS: ""function normalization is finite"
"PASS: ""function normalization is finite"
"PASS: ""function normalization is finite"
"PASS: ""function normalization is finite"
"PASS: ""function normalization is finite"
"PASS: ""function normalization is finite"
"PASS: ""function normalization is finite"
"PASS: ""function normalization is finite"
"Normalized function "30"/"40
"PASS: ""function normalization is finite"
"PASS: ""function normalization is finite"
"PASS: ""function normalization is finite"
"PASS: ""function normalization is finite"
"PASS: ""function normalization is finite"
"PASS: ""function normalization is finite"
"PASS: ""function normalization is finite"
"PASS: ""function normalization is finite"
"PASS: ""function normalization is finite"
"PASS: ""function normalization is finite"
"Normalized function "40"/"40
"PASS: ""normalized function assembly is finite"
"PASS: ""comparison is polynomial in its formal functions"
"Reduce "18" algebraic coefficients"
