S09_BIN_START q2_p4 seed 730017 neval 1000 nitn 8
S09_EVALUATIONS 1460760 405 accepted 140
S09_EVALUATIONS 1460760 653 accepted 279
S09_EVALUATIONS 1460760 909 accepted 421
S09_EVALUATIONS 1460760 1124 accepted 561
S09_EVALUATIONS 1460760 1330 accepted 705
S09_WARMUP q2_p4 0 [5.64(25) 4.92(21)]
S09_EVALUATIONS 1460760 1537 accepted 849
S09_EVALUATIONS 1460760 1737 accepted 997
S09_EVALUATIONS 1460760 1959 accepted 1145
S09_EVALUATIONS 1460760 2143 accepted 1297
S09_EVALUATIONS 1460760 2366 accepted 1444
S09_EVALUATIONS 1460760 2574 accepted 1592
S09_EVALUATIONS 1460760 2775 accepted 1736
S09_EVALUATIONS 1460760 2982 accepted 1878
S09_EVALUATIONS 1460760 3180 accepted 2018
S09_EVALUATIONS 1460760 3382 accepted 2159
S09_EVALUATIONS 1460760 3579 accepted 2299
S09_EVALUATIONS 1460760 3783 accepted 2438
S09_EVALUATIONS 1460760 4004 accepted 2578
S09_EVALUATIONS 1460760 4218 accepted 2721
S09_EVALUATIONS 1460760 4424 accepted 2869
S09_EVALUATIONS 1460760 4645 accepted 3023
S09_EVALUATIONS 1460760 4864 accepted 3182
S09_EVALUATIONS 1460760 5095 accepted 3347
S09_EVALUATIONS 1460760 5318 accepted 3509
S09_EVALUATIONS 1460760 5551 accepted 3678
S09_EVALUATIONS 1460760 5789 accepted 3850
S09_EVALUATIONS 1460760 6053 accepted 4023
S09_EVALUATIONS 1460760 6292 accepted 4192
S09_EVALUATIONS 1460760 6578 accepted 4374
S09_EVALUATIONS 1460760 6832 accepted 4555
S09_EVALUATIONS 1460760 7092 accepted 4737
S09_EVALUATIONS 1460760 7374 accepted 4920
S09_EVALUATIONS 1460760 7626 accepted 5089
S09_EVALUATIONS 1460760 7874 accepted 5260
S09_EVALUATIONS 1460760 8109 accepted 5429
S09_BIN_LEVEL q2_p4 0 [0.895929667602375, 0.7809667468236094] errors [0.012646704680932678, 0.011481074807724322] checks {'finite_statistics': True, 'requested_precision': True, 'independent_iteration_groups': True, 'iteration_consistency': True, 'channel_sum': True}
S09_BIN_DONE q2_p4 [0.895929667602375, 0.7809667468236094] errors [0.012646704680932678, 0.011481074807724322]
S09_ISOLATED_BIN_ACCEPTED q2_p4 [0.895929667602375, 0.7809667468236094]
