S09_BIN_START q0_p5 seed 730006 neval 1000 nitn 8
S09_BIN_STARTS09_BIN_START q0_p3 seed  q0_p4730004  seedneval  7300051000  nevalnitn  10008 nitn
 8
S09_BIN_START q0_p1 seed 730002 neval 1000 nitn 8
S09_BIN_START q0_p2 seed 730003 neval 1000 nitn 8
S09_EVALUATIONS 1391612 552 accepted 145
S09_EVALUATIONS 1391616 533 accepted 146
S09_EVALUATIONS 1391621 493 accepted 146
S09_EVALUATIONS 1391617 461 accepted 145
S09_EVALUATIONS 1391620 506 accepted 146
S09_EVALUATIONS 1391612 806 accepted 285
S09_EVALUATIONS 1391621 769 accepted 286
S09_EVALUATIONS 1391620 734 accepted 288
S09_EVALUATIONS 1391616 814 accepted 289
S09_EVALUATIONS 1391617 697 accepted 285
S09_EVALUATIONS 1391612 1009 accepted 433
S09_EVALUATIONS 1391621 985 accepted 431
S09_EVALUATIONS 1391616 1026 accepted 437
S09_EVALUATIONS 1391620 953 accepted 438
S09_EVALUATIONS 1391617 960 accepted 433
S09_EVALUATIONS 1391621 1181 accepted 578
S09_EVALUATIONS 1391612 1217 accepted 583
S09_EVALUATIONS 1391616 1249 accepted 587
S09_EVALUATIONS 1391620 1187 accepted 587
S09_EVALUATIONS 1391617 1186 accepted 582
S09_WARMUP q0_p2 0 [42.5(2.4) 39.7(2.0)]
S09_WARMUP q0_p1 0 [69.3(3.8) 63.9(3.2)]
S09_WARMUP q0_p3 0 [37.5(1.8) 30.3(1.4)]
S09_WARMUP q0_p5 0 [3.65(17) 3.07(13)]
S09_WARMUP q0_p4 0 [18.64(86) 15.20(65)]
S09_EVALUATIONS 1391621 1378 accepted 728
S09_EVALUATIONS 1391612 1428 accepted 735
S09_EVALUATIONS 1391616 1450 accepted 738
S09_EVALUATIONS 1391620 1405 accepted 740
S09_EVALUATIONS 1391617 1384 accepted 733
S09_EVALUATIONS 1391621 1591 accepted 880
S09_EVALUATIONS 1391612 1662 accepted 889
S09_EVALUATIONS 1391616 1670 accepted 893
S09_EVALUATIONS 1391620 1629 accepted 895
S09_EVALUATIONS 1391617 1618 accepted 888
S09_EVALUATIONS 1391612 1896 accepted 1042
S09_EVALUATIONS 1391621 1806 accepted 1033
S09_EVALUATIONS 1391620 1854 accepted 1052
S09_EVALUATIONS 1391616 1892 accepted 1048
S09_EVALUATIONS 1391617 1840 accepted 1042
S09_EVALUATIONS 1391621 2015 accepted 1181
S09_EVALUATIONS 1391612 2117 accepted 1194
S09_EVALUATIONS 1391620 2067 accepted 1204
S09_EVALUATIONS 1391616 2103 accepted 1200
S09_EVALUATIONS 1391617 2057 accepted 1193
S09_EVALUATIONS 1391621 2216 accepted 1328
S09_EVALUATIONS 1391612 2336 accepted 1341
S09_EVALUATIONS 1391620 2275 accepted 1354
S09_EVALUATIONS 1391617 2270 accepted 1342
S09_EVALUATIONS 1391616 2322 accepted 1349
S09_EVALUATIONS 1391621 2435 accepted 1471
S09_EVALUATIONS 1391612 2553 accepted 1487
S09_EVALUATIONS 1391620 2486 accepted 1499
S09_EVALUATIONS 1391617 2487 accepted 1485
S09_EVALUATIONS 1391616 2527 accepted 1495
S09_EVALUATIONS 1391621 2622 accepted 1614
S09_EVALUATIONS 1391612 2767 accepted 1630
S09_EVALUATIONS 1391620 2699 accepted 1644
S09_EVALUATIONS 1391617 2697 accepted 1627
S09_EVALUATIONS 1391616 2732 accepted 1639
S09_EVALUATIONS 1391621 2842 accepted 1754
S09_EVALUATIONS 1391612 3000 accepted 1772
S09_EVALUATIONS 1391620 2881 accepted 1785
S09_EVALUATIONS 1391617 2909 accepted 1767
S09_EVALUATIONS 1391616 2934 accepted 1781
S09_EVALUATIONS 1391621 3044 accepted 1893
S09_EVALUATIONS 1391612 3224 accepted 1910
S09_EVALUATIONS 1391620 3075 accepted 1927
S09_EVALUATIONS 1391617 3121 accepted 1906
S09_EVALUATIONS 1391616 3134 accepted 1921
S09_EVALUATIONS 1391621 3236 accepted 2029
S09_EVALUATIONS 1391612 3417 accepted 2050
S09_EVALUATIONS 1391620 3260 accepted 2066
S09_EVALUATIONS 1391617 3317 accepted 2043
S09_EVALUATIONS 1391616 3331 accepted 2061
S09_EVALUATIONS 1391621 3422 accepted 2168
S09_EVALUATIONS 1391612 3618 accepted 2189
S09_EVALUATIONS 1391620 3439 accepted 2207
S09_EVALUATIONS 1391617 3524 accepted 2181
S09_EVALUATIONS 1391616 3535 accepted 2202
S09_EVALUATIONS 1391621 3621 accepted 2307
S09_EVALUATIONS 1391612 3829 accepted 2330
S09_EVALUATIONS 1391620 3643 accepted 2349
S09_EVALUATIONS 1391617 3705 accepted 2319
S09_EVALUATIONS 1391616 3739 accepted 2342
S09_EVALUATIONS 1391621 3816 accepted 2445
S09_EVALUATIONS 1391612 4033 accepted 2471
S09_EVALUATIONS 1391620 3851 accepted 2492
S09_EVALUATIONS 1391617 3902 accepted 2460
S09_EVALUATIONS 1391616 3916 accepted 2485
S09_EVALUATIONS 1391621 4013 accepted 2584
S09_EVALUATIONS 1391620 4055 accepted 2634
S09_EVALUATIONS 1391612 4251 accepted 2612
S09_EVALUATIONS 1391617 4083 accepted 2599
S09_EVALUATIONS 1391616 4094 accepted 2625
S09_EVALUATIONS 1391621 4216 accepted 2726
S09_EVALUATIONS 1391620 4266 accepted 2778
S09_EVALUATIONS 1391612 4467 accepted 2756
S09_EVALUATIONS 1391617 4294 accepted 2741
S09_EVALUATIONS 1391616 4309 accepted 2770
S09_EVALUATIONS 1391621 4418 accepted 2870
S09_EVALUATIONS 1391620 4484 accepted 2926
S09_EVALUATIONS 1391612 4684 accepted 2902
S09_EVALUATIONS 1391617 4502 accepted 2885
S09_EVALUATIONS 1391616 4511 accepted 2916
S09_EVALUATIONS 1391621 4624 accepted 3014
S09_EVALUATIONS 1391612 4892 accepted 3050
S09_EVALUATIONS 1391620 4703 accepted 3074
S09_EVALUATIONS 1391617 4722 accepted 3031
S09_EVALUATIONS 1391616 4715 accepted 3064
S09_EVALUATIONS 1391621 4834 accepted 3163
S09_EVALUATIONS 1391612 5121 accepted 3200
S09_EVALUATIONS 1391617 4924 accepted 3180
S09_EVALUATIONS 1391620 4921 accepted 3226
S09_EVALUATIONS 1391616 4940 accepted 3215
S09_EVALUATIONS 1391621 5044 accepted 3313
S09_EVALUATIONS 1391612 5346 accepted 3353
S09_EVALUATIONS 1391617 5136 accepted 3329
S09_EVALUATIONS 1391620 5146 accepted 3380
S09_EVALUATIONS 1391616 5160 accepted 3368
S09_EVALUATIONS 1391621 5269 accepted 3464
S09_EVALUATIONS 1391612 5576 accepted 3506
S09_EVALUATIONS 1391616 5378 accepted 3522
S09_EVALUATIONS 1391620 5375 accepted 3534
S09_EVALUATIONS 1391617 5368 accepted 3481
S09_EVALUATIONS 1391621 5477 accepted 3612
S09_EVALUATIONS 1391612 5802 accepted 3655
S09_EVALUATIONS 1391620 5587 accepted 3685
S09_EVALUATIONS 1391616 5595 accepted 3674
S09_EVALUATIONS 1391617 5583 accepted 3629
S09_EVALUATIONS 1391621 5667 accepted 3757
S09_EVALUATIONS 1391612 6028 accepted 3802
S09_EVALUATIONS 1391620 5788 accepted 3832
S09_EVALUATIONS 1391617 5791 accepted 3773
S09_EVALUATIONS 1391616 5812 accepted 3822
S09_EVALUATIONS 1391621 5861 accepted 3899
S09_EVALUATIONS 1391612 6237 accepted 3944
S09_EVALUATIONS 1391616 6029 accepted 3966
S09_EVALUATIONS 1391617 5998 accepted 3915
S09_EVALUATIONS 1391620 5984 accepted 3977
S09_EVALUATIONS 1391621 6033 accepted 4041
S09_EVALUATIONS 1391616 6221 accepted 4108
S09_EVALUATIONS 1391620 6185 accepted 4119
S09_EVALUATIONS 1391612 6454 accepted 4087
S09_EVALUATIONS 1391617 6205 accepted 4056
S09_EVALUATIONS 1391621 6231 accepted 4178
S09_EVALUATIONS 1391616 6423 accepted 4248
S09_EVALUATIONS 1391612 6666 accepted 4225
S09_EVALUATIONS 1391620 6394 accepted 4259
S09_EVALUATIONS 1391617 6412 accepted 4197
S09_EVALUATIONS 1391621 6433 accepted 4316
S09_EVALUATIONS 1391616 6625 accepted 4388
S09_EVALUATIONS 1391612 6880 accepted 4364
S09_EVALUATIONS 1391620 6600 accepted 4400
S09_EVALUATIONS 1391617 6618 accepted 4337
S09_EVALUATIONS 1391621 6638 accepted 4454
S09_EVALUATIONS 1391616 6823 accepted 4529
S09_EVALUATIONS 1391612 7078 accepted 4503
S09_EVALUATIONS 1391620 6800 accepted 4541
S09_EVALUATIONS 1391617 6830 accepted 4477
S09_EVALUATIONS 1391621 6846 accepted 4592
S09_EVALUATIONS 1391616 7032 accepted 4670
S09_EVALUATIONS 1391612 7288 accepted 4641
S09_EVALUATIONS 1391620 7015 accepted 4683
S09_EVALUATIONS 1391617 7031 accepted 4615
S09_EVALUATIONS 1391621 7057 accepted 4729
S09_EVALUATIONS 1391616 7237 accepted 4810
S09_EVALUATIONS 1391612 7503 accepted 4780
S09_EVALUATIONS 1391617 7240 accepted 4754
S09_EVALUATIONS 1391620 7215 accepted 4825
S09_EVALUATIONS 1391621 7266 accepted 4866
S09_EVALUATIONS 1391616 7441 accepted 4950
S09_EVALUATIONS 1391612 7715 accepted 4920
S09_EVALUATIONS 1391617 7455 accepted 4895
S09_EVALUATIONS 1391620 7418 accepted 4969
S09_EVALUATIONS 1391621 7482 accepted 5006
S09_EVALUATIONS 1391616 7647 accepted 5091
S09_EVALUATIONS 1391612 7926 accepted 5062
S09_EVALUATIONS 1391617 7660 accepted 5037
S09_EVALUATIONS 1391620 7625 accepted 5111
S09_EVALUATIONS 1391621 7688 accepted 5149
S09_EVALUATIONS 1391616 7858 accepted 5238
S09_EVALUATIONS 1391612 8143 accepted 5206
S09_EVALUATIONS 1391617 7877 accepted 5183
S09_EVALUATIONS 1391620 7840 accepted 5259
S09_BIN_LEVEL q0_p1 0 [150.93198294032928, 132.62449257655084] errors [2.50308292481657, 2.1392580163089256] checks {'finite_statistics': True, 'requested_precision': True, 'independent_iteration_groups': True, 'iteration_consistency': True, 'channel_sum': True}
S09_BIN_DONE q0_p1 [150.93198294032928, 132.62449257655084] errors [2.50308292481657, 2.1392580163089256]
S09_ADDITIONAL_BIN_ACCEPTED q0_p1 [150.93198294032928, 132.62449257655084]
S09_BIN_START q1_p1 seed 730008 neval 1000 nitn 8
S09_EVALUATIONS 1391621 7913 accepted 5294
S09_EVALUATIONS 1391616 8068 accepted 5385
S09_EVALUATIONS 1391617 8087 accepted 5331
S09_EVALUATIONS 1391620 8063 accepted 5408
S09_EVALUATIONS 1391612 518 accepted 148
S09_BIN_LEVEL q0_p5 0 [0.6223821818495522, 0.5266159127195235] errors [0.00857736833879239, 0.00712869369061235] checks {'finite_statistics': True, 'requested_precision': True, 'independent_iteration_groups': True, 'iteration_consistency': True, 'channel_sum': True}
S09_BIN_DONE q0_p5 [0.6223821818495522, 0.5266159127195235] errors [0.00857736833879239, 0.00712869369061235]
S09_ADDITIONAL_BIN_ACCEPTED q0_p5 [0.6223821818495522, 0.5266159127195235]
S09_BIN_START q1_p2 seed 730009 neval 1000 nitn 8
S09_BIN_LEVEL q0_p2 0 [85.69262741495022, 75.4325226213102] errors [2.1177703312669336, 2.0609377744923494] checks {'finite_statistics': True, 'requested_precision': True, 'independent_iteration_groups': True, 'iteration_consistency': True, 'channel_sum': True}
S09_BIN_DONE q0_p2 [85.69262741495022, 75.4325226213102] errors [2.1177703312669336, 2.0609377744923494]
S09_ADDITIONAL_BIN_ACCEPTED q0_p2 [85.69262741495022, 75.4325226213102]
S09_BIN_START q1_p3 seed 730010 neval 1000 nitn 8
S09_EVALUATIONS 1391621 8139 accepted 5444
S09_BIN_LEVEL q0_p3 0 [33.55045978641447, 26.62664741049255] errors [0.902023175428796, 0.8442536696474447] checks {'finite_statistics': True, 'requested_precision': True, 'independent_iteration_groups': True, 'iteration_consistency': True, 'channel_sum': True}
S09_BIN_DONE q0_p3 [33.55045978641447, 26.62664741049255] errors [0.902023175428796, 0.8442536696474447]
S09_ADDITIONAL_BIN_ACCEPTED q0_p3 [33.55045978641447, 26.62664741049255]
S09_BIN_START q1_p4 seed 730011 neval 1000 nitn 8
S09_BIN_LEVEL q0_p4 0 [7.171185198101871, 5.760876940988435] errors [0.35379460811169156, 0.35629971490098644] checks {'finite_statistics': True, 'requested_precision': False, 'independent_iteration_groups': True, 'iteration_consistency': True, 'channel_sum': True}
S09_EVALUATIONS 1391612 826 accepted 294
S09_EVALUATIONS 1391617 544 accepted 150
S09_EVALUATIONS 1391616 509 accepted 151
S09_EVALUATIONS 1391621 8354 accepted 5594
S09_EVALUATIONS 1391620 500 accepted 150
S09_EVALUATIONS 1391612 1039 accepted 442
S09_EVALUATIONS 1391617 822 accepted 299
S09_EVALUATIONS 1391616 746 accepted 301
S09_EVALUATIONS 1391621 8572 accepted 5743
S09_EVALUATIONS 1391620 720 accepted 299
S09_EVALUATIONS 1391612 1254 accepted 589
S09_EVALUATIONS 1391617 1027 accepted 445
S09_EVALUATIONS 1391616 987 accepted 449
S09_WARMUP q1_p1 0 [85.8(4.6) 74.0(3.4)]
S09_EVALUATIONS 1391621 8788 accepted 5889
S09_EVALUATIONS 1391620 931 accepted 446
S09_EVALUATIONS 1391612 1469 accepted 733
S09_EVALUATIONS 1391617 1247 accepted 589
S09_EVALUATIONS 1391616 1226 accepted 591
S09_EVALUATIONS 1391621 9015 accepted 6031
S09_EVALUATIONS 1391620 1133 accepted 589
S09_WARMUP q1_p2 0 [59.0(3.2) 48.6(2.5)]
S09_WARMUP q1_p3 0 [42.2(1.9) 34.6(1.5)]
S09_EVALUATIONS 1391612 1678 accepted 875
S09_EVALUATIONS 1391617 1433 accepted 729
S09_EVALUATIONS 1391616 1430 accepted 730
S09_EVALUATIONS 1391620 1352 accepted 732
S09_EVALUATIONS 1391621 9218 accepted 6170
S09_WARMUP q1_p4 0 [24.9(1.1) 21.26(88)]
S09_EVALUATIONS 1391612 1883 accepted 1015
S09_EVALUATIONS 1391617 1630 accepted 868
S09_EVALUATIONS 1391616 1635 accepted 867
S09_EVALUATIONS 1391621 9412 accepted 6307
S09_EVALUATIONS 1391620 1536 accepted 870
S09_EVALUATIONS 1391612 2064 accepted 1151
S09_EVALUATIONS 1391617 1829 accepted 1007
S09_EVALUATIONS 1391616 1841 accepted 1005
S09_EVALUATIONS 1391621 9580 accepted 6444
S09_EVALUATIONS 1391620 1712 accepted 1008
S09_EVALUATIONS 1391612 2274 accepted 1288
S09_EVALUATIONS 1391617 2029 accepted 1144
S09_EVALUATIONS 1391616 2047 accepted 1142
S09_EVALUATIONS 1391621 9765 accepted 6581
S09_EVALUATIONS 1391620 1918 accepted 1146
S09_EVALUATIONS 1391612 2477 accepted 1422
S09_EVALUATIONS 1391617 2225 accepted 1284
S09_EVALUATIONS 1391616 2257 accepted 1279
S09_EVALUATIONS 1391621 9950 accepted 6717
S09_EVALUATIONS 1391620 2118 accepted 1283
S09_EVALUATIONS 1391612 2678 accepted 1561
S09_EVALUATIONS 1391617 2405 accepted 1420
S09_EVALUATIONS 1391616 2470 accepted 1415
S09_EVALUATIONS 1391621 10132 accepted 6854
S09_EVALUATIONS 1391620 2328 accepted 1421
S09_EVALUATIONS 1391612 2883 accepted 1696
S09_EVALUATIONS 1391617 2600 accepted 1560
S09_EVALUATIONS 1391616 2689 accepted 1554
S09_EVALUATIONS 1391621 10344 accepted 6992
S09_EVALUATIONS 1391620 2534 accepted 1560
S09_EVALUATIONS 1391612 3089 accepted 1838
S09_EVALUATIONS 1391617 2777 accepted 1698
S09_EVALUATIONS 1391616 2889 accepted 1689
S09_EVALUATIONS 1391621 10518 accepted 7131
S09_EVALUATIONS 1391620 2738 accepted 1698
S09_EVALUATIONS 1391612 3270 accepted 1972
S09_EVALUATIONS 1391617 2989 accepted 1840
S09_EVALUATIONS 1391616 3098 accepted 1831
S09_EVALUATIONS 1391621 10724 accepted 7270
S09_EVALUATIONS 1391620 2936 accepted 1838
S09_EVALUATIONS 1391612 3477 accepted 2115
S09_EVALUATIONS 1391617 3198 accepted 1982
S09_EVALUATIONS 1391616 3319 accepted 1974
S09_WARMUP q0_p4 1 [20.61(37) 16.74(30)]
S09_EVALUATIONS 1391621 10931 accepted 7412
S09_EVALUATIONS 1391620 3143 accepted 1982
S09_EVALUATIONS 1391612 3693 accepted 2256
S09_EVALUATIONS 1391617 3407 accepted 2129
S09_EVALUATIONS 1391616 3541 accepted 2121
S09_EVALUATIONS 1391621 11091 accepted 7556
S09_EVALUATIONS 1391620 3355 accepted 2127
S09_EVALUATIONS 1391612 3908 accepted 2404
S09_EVALUATIONS 1391617 3619 accepted 2275
S09_EVALUATIONS 1391616 3768 accepted 2268
S09_EVALUATIONS 1391621 11310 accepted 7702
S09_EVALUATIONS 1391620 3573 accepted 2275
S09_EVALUATIONS 1391612 4114 accepted 2550
S09_EVALUATIONS 1391617 3840 accepted 2426
S09_EVALUATIONS 1391616 3988 accepted 2419
S09_EVALUATIONS 1391621 11500 accepted 7852
S09_EVALUATIONS 1391620 3782 accepted 2426
S09_EVALUATIONS 1391612 4342 accepted 2698
S09_EVALUATIONS 1391617 4045 accepted 2571
S09_EVALUATIONS 1391616 4197 accepted 2561
S09_EVALUATIONS 1391621 11694 accepted 7995
S09_EVALUATIONS 1391620 3986 accepted 2570
S09_EVALUATIONS 1391612 4558 accepted 2839
S09_EVALUATIONS 1391617 4249 accepted 2715
S09_EVALUATIONS 1391616 4421 accepted 2706
S09_EVALUATIONS 1391621 11907 accepted 8139
S09_EVALUATIONS 1391620 4181 accepted 2713
S09_EVALUATIONS 1391612 4766 accepted 2983
S09_EVALUATIONS 1391617 4452 accepted 2859
S09_EVALUATIONS 1391616 4645 accepted 2849
S09_EVALUATIONS 1391621 12097 accepted 8281
S09_EVALUATIONS 1391620 4387 accepted 2856
S09_EVALUATIONS 1391612 4961 accepted 3122
S09_EVALUATIONS 1391617 4663 accepted 2999
S09_EVALUATIONS 1391616 4857 accepted 2991
S09_EVALUATIONS 1391621 12306 accepted 8421
S09_EVALUATIONS 1391620 4573 accepted 2995
S09_EVALUATIONS 1391612 5150 accepted 3261
S09_EVALUATIONS 1391617 4863 accepted 3137
S09_EVALUATIONS 1391616 5063 accepted 3126
S09_EVALUATIONS 1391621 12450 accepted 8556
S09_EVALUATIONS 1391620 4769 accepted 3132
S09_EVALUATIONS 1391612 5348 accepted 3397
S09_EVALUATIONS 1391617 5054 accepted 3272
S09_EVALUATIONS 1391616 5278 accepted 3265
S09_EVALUATIONS 1391621 12691 accepted 8693
S09_EVALUATIONS 1391620 4975 accepted 3268
S09_EVALUATIONS 1391612 5549 accepted 3534
S09_EVALUATIONS 1391617 5261 accepted 3412
S09_EVALUATIONS 1391616 5492 accepted 3401
S09_EVALUATIONS 1391621 12840 accepted 8830
S09_EVALUATIONS 1391620 5149 accepted 3405
S09_EVALUATIONS 1391612 5748 accepted 3671
S09_EVALUATIONS 1391617 5434 accepted 3548
S09_EVALUATIONS 1391616 5702 accepted 3541
S09_EVALUATIONS 1391621 13060 accepted 8968
S09_EVALUATIONS 1391620 5340 accepted 3542
S09_EVALUATIONS 1391612 5953 accepted 3808
S09_EVALUATIONS 1391617 5630 accepted 3687
S09_EVALUATIONS 1391616 5911 accepted 3676
S09_EVALUATIONS 1391621 13226 accepted 9107
S09_EVALUATIONS 1391620 5538 accepted 3679
S09_EVALUATIONS 1391612 6152 accepted 3945
S09_EVALUATIONS 1391617 5801 accepted 3822
S09_EVALUATIONS 1391616 6117 accepted 3815
S09_EVALUATIONS 1391621 13423 accepted 9246
S09_EVALUATIONS 1391620 5724 accepted 3817
S09_EVALUATIONS 1391612 6345 accepted 4079
S09_EVALUATIONS 1391617 6003 accepted 3960
S09_EVALUATIONS 1391616 6298 accepted 3950
S09_EVALUATIONS 1391620 5927 accepted 3953
S09_EVALUATIONS 1391621 13619 accepted 9383
S09_EVALUATIONS 1391612 6554 accepted 4218
S09_EVALUATIONS 1391617 6199 accepted 4097
S09_EVALUATIONS 1391616 6497 accepted 4090
S09_EVALUATIONS 1391620 6131 accepted 4091
S09_EVALUATIONS 1391621 13767 accepted 9520
S09_EVALUATIONS 1391612 6750 accepted 4353
S09_EVALUATIONS 1391617 6389 accepted 4235
S09_EVALUATIONS 1391616 6717 accepted 4228
S09_EVALUATIONS 1391620 6325 accepted 4229
S09_EVALUATIONS 1391621 13999 accepted 9659
S09_EVALUATIONS 1391612 6949 accepted 4494
S09_EVALUATIONS 1391617 6591 accepted 4376
S09_EVALUATIONS 1391616 6932 accepted 4370
S09_EVALUATIONS 1391620 6514 accepted 4370
S09_EVALUATIONS 1391621 14149 accepted 9799
S09_EVALUATIONS 1391612 7156 accepted 4629
S09_EVALUATIONS 1391617 6789 accepted 4514
S09_EVALUATIONS 1391616 7143 accepted 4509
S09_EVALUATIONS 1391620 6737 accepted 4511
S09_EVALUATIONS 1391621 14381 accepted 9940
S09_EVALUATIONS 1391612 7377 accepted 4776
S09_EVALUATIONS 1391617 6998 accepted 4661
S09_EVALUATIONS 1391616 7371 accepted 4657
S09_EVALUATIONS 1391620 6938 accepted 4658
S09_EVALUATIONS 1391621 14547 accepted 10086
S09_EVALUATIONS 1391612 7587 accepted 4920
S09_EVALUATIONS 1391617 7221 accepted 4806
S09_EVALUATIONS 1391616 7583 accepted 4803
S09_EVALUATIONS 1391620 7149 accepted 4805
S09_EVALUATIONS 1391621 14767 accepted 10233
S09_EVALUATIONS 1391612 7813 accepted 5066
S09_EVALUATIONS 1391617 7420 accepted 4951
S09_EVALUATIONS 1391616 7793 accepted 4946
S09_EVALUATIONS 1391620 7340 accepted 4947
S09_EVALUATIONS 1391621 14952 accepted 10376
S09_EVALUATIONS 1391612 8002 accepted 5204
S09_EVALUATIONS 1391617 7593 accepted 5089
S09_EVALUATIONS 1391616 8008 accepted 5087
S09_EVALUATIONS 1391620 7531 accepted 5088
S09_EVALUATIONS 1391621 15131 accepted 10518
S09_EVALUATIONS 1391612 8192 accepted 5344
S09_EVALUATIONS 1391617 7787 accepted 5228
S09_BIN_LEVEL q1_p1 0 [167.29869277598644, 149.1265446183261] errors [2.805814760773429, 2.7117301679653316] checks {'finite_statistics': True, 'requested_precision': True, 'independent_iteration_groups': True, 'iteration_consistency': True, 'channel_sum': True}
S09_BIN_DONE q1_p1 [167.29869277598644, 149.1265446183261] errors [2.805814760773429, 2.7117301679653316]
S09_ADDITIONAL_BIN_ACCEPTED q1_p1 [167.29869277598644, 149.1265446183261]
S09_BIN_START q1_p5 seed 730012 neval 1000 nitn 8
S09_EVALUATIONS 1391616 8234 accepted 5227
S09_EVALUATIONS 1391620 7728 accepted 5226
S09_EVALUATIONS 1391621 15333 accepted 10656
S09_BIN_LEVEL q1_p3 0 [38.21004618121995, 31.658760878192133] errors [0.5453855218958956, 0.4686164004223845] checks {'finite_statistics': True, 'requested_precision': True, 'independent_iteration_groups': True, 'iteration_consistency': True, 'channel_sum': True}
S09_BIN_DONE q1_p3 [38.21004618121995, 31.658760878192133] errors [0.5453855218958956, 0.4686164004223845]
S09_ADDITIONAL_BIN_ACCEPTED q1_p3 [38.21004618121995, 31.658760878192133]
S09_BIN_START q2_p1 seed 730014 neval 1000 nitn 8
S09_EVALUATIONS 1391617 7992 accepted 5364
S09_EVALUATIONS 1391612 470 accepted 139
S09_EVALUATIONS 1391620 7921 accepted 5364
S09_EVALUATIONS 1391621 15482 accepted 10794
S09_EVALUATIONS 1391616 498 accepted 135
S09_EVALUATIONS 1391617 8190 accepted 5505
S09_EVALUATIONS 1391612 749 accepted 278
S09_EVALUATIONS 1391620 8114 accepted 5504
S09_EVALUATIONS 1391621 15724 accepted 10934
S09_BIN_LEVEL q1_p2 0 [93.47784866521688, 77.0233725787065] errors [3.0870325771935367, 3.156420054593969] checks {'finite_statistics': True, 'requested_precision': True, 'independent_iteration_groups': True, 'iteration_consistency': True, 'channel_sum': True}
S09_BIN_DONE q1_p2 [93.47784866521688, 77.0233725787065] errors [3.0870325771935367, 3.156420054593969]
S09_ADDITIONAL_BIN_ACCEPTED q1_p2 [93.47784866521688, 77.0233725787065]
S09_BIN_START q2_p2 seed 730015 neval 1000 nitn 8
S09_EVALUATIONS 1391616 729 accepted 267
S09_BIN_LEVEL q1_p4 0 [9.629326781445716, 8.077496527211487] errors [0.2144619933658928, 0.20071786046596649] checks {'finite_statistics': True, 'requested_precision': True, 'independent_iteration_groups': True, 'iteration_consistency': True, 'channel_sum': True}
S09_BIN_DONE q1_p4 [9.629326781445716, 8.077496527211487] errors [0.2144619933658928, 0.20071786046596649]
S09_ADDITIONAL_BIN_ACCEPTED q1_p4 [9.629326781445716, 8.077496527211487]
S09_BIN_START q2_p3 seed 730016 neval 1000 nitn 8
S09_EVALUATIONS 1391612 959 accepted 415
S09_EVALUATIONS 1391621 15883 accepted 11073
S09_EVALUATIONS 1391617 487 accepted 135
S09_EVALUATIONS 1391616 952 accepted 404
S09_EVALUATIONS 1391620 493 accepted 136
S09_EVALUATIONS 1391612 1148 accepted 555
S09_EVALUATIONS 1391621 16135 accepted 11216
S09_EVALUATIONS 1391617 697 accepted 270
S09_EVALUATIONS 1391616 1137 accepted 539
S09_EVALUATIONS 1391620 750 accepted 275
S09_WARMUP q1_p5 0 [4.63(21) 4.01(17)]
S09_EVALUATIONS 1391612 1379 accepted 701
S09_EVALUATIONS 1391621 16295 accepted 11360
S09_WARMUP q2_p1 0 [60.4(2.5) 53.6(2.2)]
S09_EVALUATIONS 1391617 939 accepted 411
S09_EVALUATIONS 1391616 1373 accepted 683
S09_EVALUATIONS 1391620 971 accepted 417
S09_EVALUATIONS 1391612 1595 accepted 846
S09_EVALUATIONS 1391621 16519 accepted 11505
S09_EVALUATIONS 1391617 1145 accepted 550
S09_EVALUATIONS 1391616 1590 accepted 822
S09_EVALUATIONS 1391620 1183 accepted 558
S09_EVALUATIONS 1391612 1809 accepted 992
S09_EVALUATIONS 1391621 16696 accepted 11652
S09_EVALUATIONS 1391617 1343 accepted 695
S09_EVALUATIONS 1391616 1804 accepted 965
S09_WARMUP q2_p2 0 [60.7(2.4) 54.1(2.1)]
S09_WARMUP q2_p3 0 [36.0(1.6) 31.8(1.3)]
S09_EVALUATIONS 1391620 1380 accepted 701
S09_EVALUATIONS 1391612 2019 accepted 1135
S09_EVALUATIONS 1391621 16913 accepted 11795
S09_EVALUATIONS 1391617 1524 accepted 831
S09_EVALUATIONS 1391616 2003 accepted 1103
S09_EVALUATIONS 1391620 1584 accepted 841
S09_EVALUATIONS 1391612 2243 accepted 1282
S09_EVALUATIONS 1391621 17106 accepted 11944
S09_EVALUATIONS 1391617 1740 accepted 978
S09_EVALUATIONS 1391616 2201 accepted 1251
S09_EVALUATIONS 1391620 1814 accepted 990
S09_EVALUATIONS 1391612 2464 accepted 1432
S09_EVALUATIONS 1391621 17340 accepted 12094
S09_EVALUATIONS 1391617 1951 accepted 1124
S09_EVALUATIONS 1391616 2434 accepted 1396
S09_EVALUATIONS 1391620 2049 accepted 1143
S09_EVALUATIONS 1391612 2700 accepted 1591
S09_EVALUATIONS 1391621 17549 accepted 12256
S09_EVALUATIONS 1391617 2179 accepted 1283
S09_EVALUATIONS 1391616 2680 accepted 1556
S09_EVALUATIONS 1391620 2279 accepted 1304
S09_EVALUATIONS 1391612 2944 accepted 1755
S09_EVALUATIONS 1391621 17776 accepted 12421
S09_EVALUATIONS 1391617 2412 accepted 1441
S09_EVALUATIONS 1391616 2913 accepted 1715
S09_EVALUATIONS 1391620 2517 accepted 1464
S09_EVALUATIONS 1391612 3176 accepted 1918
S09_EVALUATIONS 1391621 17979 accepted 12583
S09_EVALUATIONS 1391617 2650 accepted 1603
S09_EVALUATIONS 1391616 3144 accepted 1876
S09_EVALUATIONS 1391620 2757 accepted 1621
S09_EVALUATIONS 1391612 3412 accepted 2079
S09_EVALUATIONS 1391621 18219 accepted 12742
S09_EVALUATIONS 1391617 2875 accepted 1758
S09_EVALUATIONS 1391616 3377 accepted 2032
S09_EVALUATIONS 1391620 2983 accepted 1777
S09_EVALUATIONS 1391612 3653 accepted 2237
S09_EVALUATIONS 1391621 18422 accepted 12901
S09_EVALUATIONS 1391617 3112 accepted 1914
S09_EVALUATIONS 1391616 3595 accepted 2186
S09_EVALUATIONS 1391620 3216 accepted 1929
S09_EVALUATIONS 1391612 3904 accepted 2394
S09_EVALUATIONS 1391621 18654 accepted 13058
S09_EVALUATIONS 1391617 3325 accepted 2062
S09_EVALUATIONS 1391616 3815 accepted 2338
S09_EVALUATIONS 1391620 3438 accepted 2077
S09_EVALUATIONS 1391612 4128 accepted 2541
S09_EVALUATIONS 1391621 18845 accepted 13204
S09_EVALUATIONS 1391617 3533 accepted 2207
S09_EVALUATIONS 1391616 4024 accepted 2480
S09_EVALUATIONS 1391620 3663 accepted 2216
S09_EVALUATIONS 1391612 4340 accepted 2686
S09_EVALUATIONS 1391621 19067 accepted 13348
S09_EVALUATIONS 1391617 3738 accepted 2346
S09_EVALUATIONS 1391616 4230 accepted 2620
S09_EVALUATIONS 1391620 3854 accepted 2359
S09_EVALUATIONS 1391612 4562 accepted 2831
S09_EVALUATIONS 1391621 19250 accepted 13494
S09_EVALUATIONS 1391617 3934 accepted 2490
S09_EVALUATIONS 1391616 4454 accepted 2764
S09_EVALUATIONS 1391620 4099 accepted 2501
S09_EVALUATIONS 1391612 4811 accepted 2978
S09_EVALUATIONS 1391621 19434 accepted 13641
S09_EVALUATIONS 1391617 4155 accepted 2632
S09_EVALUATIONS 1391616 4674 accepted 2906
S09_EVALUATIONS 1391620 4297 accepted 2646
S09_EVALUATIONS 1391612 5002 accepted 3123
S09_EVALUATIONS 1391621 19645 accepted 13787
S09_EVALUATIONS 1391617 4357 accepted 2778
S09_EVALUATIONS 1391616 4890 accepted 3050
S09_EVALUATIONS 1391620 4519 accepted 2789
S09_EVALUATIONS 1391612 5217 accepted 3272
S09_EVALUATIONS 1391621 19815 accepted 13934
S09_EVALUATIONS 1391617 4563 accepted 2921
S09_EVALUATIONS 1391616 5106 accepted 3197
S09_EVALUATIONS 1391620 4754 accepted 2938
S09_EVALUATIONS 1391612 5450 accepted 3422
S09_EVALUATIONS 1391621 20066 accepted 14086
S09_EVALUATIONS 1391617 4777 accepted 3070
S09_EVALUATIONS 1391616 5326 accepted 3345
S09_EVALUATIONS 1391620 4985 accepted 3086
S09_EVALUATIONS 1391612 5692 accepted 3576
S09_EVALUATIONS 1391621 20229 accepted 14241
S09_EVALUATIONS 1391617 4986 accepted 3216
S09_EVALUATIONS 1391616 5549 accepted 3495
S09_EVALUATIONS 1391620 5220 accepted 3240
S09_EVALUATIONS 1391612 5920 accepted 3731
S09_EVALUATIONS 1391621 20494 accepted 14398
S09_EVALUATIONS 1391617 5203 accepted 3370
S09_EVALUATIONS 1391616 5766 accepted 3646
S09_EVALUATIONS 1391620 5448 accepted 3388
S09_EVALUATIONS 1391612 6146 accepted 3886
S09_EVALUATIONS 1391621 20660 accepted 14551
S09_EVALUATIONS 1391617 5410 accepted 3517
S09_EVALUATIONS 1391616 5988 accepted 3795
S09_EVALUATIONS 1391620 5689 accepted 3540
S09_EVALUATIONS 1391612 6370 accepted 4039
S09_EVALUATIONS 1391621 20920 accepted 14704
S09_EVALUATIONS 1391617 5601 accepted 3666
S09_EVALUATIONS 1391616 6196 accepted 3944
S09_EVALUATIONS 1391620 5907 accepted 3685
S09_EVALUATIONS 1391612 6595 accepted 4190
S09_EVALUATIONS 1391621 21087 accepted 14856
S09_EVALUATIONS 1391617 5825 accepted 3812
S09_EVALUATIONS 1391616 6417 accepted 4090
S09_EVALUATIONS 1391620 6144 accepted 3832
S09_EVALUATIONS 1391612 6819 accepted 4337
S09_EVALUATIONS 1391621 21357 accepted 15004
S09_EVALUATIONS 1391617 6024 accepted 3955
S09_EVALUATIONS 1391616 6636 accepted 4235
S09_EVALUATIONS 1391620 6369 accepted 3974
S09_EVALUATIONS 1391612 7045 accepted 4482
S09_EVALUATIONS 1391621 21513 accepted 15149
S09_EVALUATIONS 1391617 6225 accepted 4094
S09_EVALUATIONS 1391616 6848 accepted 4376
S09_EVALUATIONS 1391620 6589 accepted 4118
S09_EVALUATIONS 1391612 7267 accepted 4627
S09_EVALUATIONS 1391621 21758 accepted 15294
S09_EVALUATIONS 1391617 6432 accepted 4235
S09_EVALUATIONS 1391616 7050 accepted 4518
S09_EVALUATIONS 1391620 6803 accepted 4259
S09_EVALUATIONS 1391612 7487 accepted 4772
S09_EVALUATIONS 1391621 21914 accepted 15440
S09_EVALUATIONS 1391617 6636 accepted 4375
S09_EVALUATIONS 1391616 7272 accepted 4660
S09_EVALUATIONS 1391620 7019 accepted 4401
S09_EVALUATIONS 1391612 7698 accepted 4916
S09_EVALUATIONS 1391621 22157 accepted 15585
S09_EVALUATIONS 1391617 6844 accepted 4515
S09_EVALUATIONS 1391616 7478 accepted 4802
S09_EVALUATIONS 1391620 7220 accepted 4542
S09_EVALUATIONS 1391612 7921 accepted 5062
S09_EVALUATIONS 1391621 22316 accepted 15730
S09_EVALUATIONS 1391617 7048 accepted 4656
S09_EVALUATIONS 1391616 7680 accepted 4942
S09_EVALUATIONS 1391620 7432 accepted 4686
S09_EVALUATIONS 1391612 8145 accepted 5208
S09_EVALUATIONS 1391621 22535 accepted 15876
S09_EVALUATIONS 1391617 7240 accepted 4797
S09_EVALUATIONS 1391616 7890 accepted 5087
S09_BIN_LEVEL q1_p5 0 [0.8602812400975067, 0.7335346095205376] errors [0.012075822796710467, 0.009964128483062594] checks {'finite_statistics': True, 'requested_precision': True, 'independent_iteration_groups': True, 'iteration_consistency': True, 'channel_sum': True}
S09_BIN_DONE q1_p5 [0.8602812400975067, 0.7335346095205376] errors [0.012075822796710467, 0.009964128483062594]
S09_ADDITIONAL_BIN_ACCEPTED q1_p5 [0.8602812400975067, 0.7335346095205376]
S09_BIN_START q2_p4 seed 730017 neval 1000 nitn 8
S09_EVALUATIONS 1391620 7645 accepted 4831
S09_EVALUATIONS 1391621 22725 accepted 16027
S09_EVALUATIONS 1391617 7456 accepted 4945
S09_EVALUATIONS 1391616 8100 accepted 5235
S09_EVALUATIONS 1391612 447 accepted 150
S09_EVALUATIONS 1391620 7862 accepted 4982
S09_BIN_LEVEL q2_p1 0 [112.36052152455446, 99.90166931263087] errors [1.8304068640187363, 1.4931018735674222] checks {'finite_statistics': True, 'requested_precision': True, 'independent_iteration_groups': True, 'iteration_consistency': True, 'channel_sum': True}
S09_BIN_DONE q2_p1 [112.36052152455446, 99.90166931263087] errors [1.8304068640187363, 1.4931018735674222]
S09_ADDITIONAL_BIN_ACCEPTED q2_p1 [112.36052152455446, 99.90166931263087]
S09_EVALUATIONS 1391621 22961 accepted 16183
S09_EVALUATIONS 1391617 7676 accepted 5095
S09_EVALUATIONS 1391612 717 accepted 304
S09_EVALUATIONS 1391620 8085 accepted 5140
S09_EVALUATIONS 1391621 23167 accepted 16348
S09_EVALUATIONS 1391617 7910 accepted 5255
S09_EVALUATIONS 1391612 962 accepted 467
S09_BIN_LEVEL q2_p3 0 [11.865987140078275, 10.444737683883785] errors [0.20492962374891677, 0.17035021139038348] checks {'finite_statistics': True, 'requested_precision': True, 'independent_iteration_groups': True, 'iteration_consistency': True, 'channel_sum': True}
S09_BIN_DONE q2_p3 [11.865987140078275, 10.444737683883785] errors [0.20492962374891677, 0.17035021139038348]
S09_ADDITIONAL_BIN_ACCEPTED q2_p3 [11.865987140078275, 10.444737683883785]
S09_EVALUATIONS 1391621 23416 accepted 16518
S09_EVALUATIONS 1391617 8143 accepted 5420
S09_EVALUATIONS 1391612 1213 accepted 636
S09_BIN_LEVEL q2_p2 0 [54.24811155149237, 48.190052542791285] errors [0.7908387079812491, 0.6523416271201951] checks {'finite_statistics': True, 'requested_precision': True, 'independent_iteration_groups': True, 'iteration_consistency': True, 'channel_sum': True}
S09_BIN_DONE q2_p2 [54.24811155149237, 48.190052542791285] errors [0.7908387079812491, 0.6523416271201951]
S09_ADDITIONAL_BIN_ACCEPTED q2_p2 [54.24811155149237, 48.190052542791285]
S09_WARMUP q2_p4 0 [5.64(25) 4.92(21)]
S09_EVALUATIONS 1391621 23626 accepted 16688
S09_EVALUATIONS 1391612 1456 accepted 801
S09_EVALUATIONS 1391621 23901 accepted 16860
S09_EVALUATIONS 1391612 1685 accepted 972
S09_EVALUATIONS 1391621 24105 accepted 17037
S09_EVALUATIONS 1391612 1959 accepted 1145
S09_EVALUATIONS 1391621 24393 accepted 17216
S09_EVALUATIONS 1391612 2197 accepted 1323
S09_EVALUATIONS 1391621 24619 accepted 17395
S09_EVALUATIONS 1391612 2467 accepted 1496
S09_BIN_LEVEL q0_p4 1 [7.607446071574218, 6.180611448612325] errors [0.13414086438377232, 0.08150208909293362] checks {'finite_statistics': True, 'requested_precision': True, 'independent_iteration_groups': True, 'iteration_consistency': True, 'channel_sum': True}
S09_BIN_DONE q0_p4 [7.607446071574218, 6.180611448612325] errors [0.13414086438377232, 0.08150208909293362]
S09_ADDITIONAL_BIN_ACCEPTED q0_p4 [7.607446071574218, 6.180611448612325]
S09_EVALUATIONS 1391612 2713 accepted 1680
S09_EVALUATIONS 1391612 2969 accepted 1865
S09_EVALUATIONS 1391612 3217 accepted 2050
S09_EVALUATIONS 1391612 3492 accepted 2236
