S09_SMOKE 0 acceptance 0.0 totals [0.0, 0.0]
S09_SMOKE 1 acceptance 0.0 totals [0.0, 0.0]
S09_SMOKE 2 acceptance 0.0 totals [0.0, 0.0]
S09_SMOKE 3 acceptance 0.0 totals [0.0, 0.0]
S09_SMOKE 4 acceptance 0.0 totals [0.0, 0.0]
S09_SMOKE 5 acceptance 0.0 totals [0.0, 0.0]
S09_SMOKE 6 acceptance 0.0 totals [0.0, 0.0]
S09_SMOKE 7 acceptance 1.0 totals [55.48754462465305, 74.28863227787775]
S09_SMOKE 8 acceptance 0.0 totals [0.0, 0.0]
S09_SMOKE 9 acceptance 0.0 totals [0.0, 0.0]
S09_SMOKE 10 acceptance 0.0 totals [0.0, 0.0]
S09_SMOKE 11 acceptance 0.0 totals [0.0, 0.0]
S09_SMOKE 12 acceptance 0.0 totals [0.0, 0.0]
S09_SMOKE 13 acceptance 0.0 totals [0.0, 0.0]
S09_SMOKE 14 acceptance 0.5541732361198232 totals [15.7904777926128, 42.34687993372782]
S09_SMOKE 15 acceptance 0.0 totals [0.0, 0.0]
S09_SMOKE 16 acceptance 0.0 totals [0.0, 0.0]
S09_SMOKE 17 acceptance 0.0 totals [0.0, 0.0]
S09_SMOKE 18 acceptance 0.0 totals [0.0, 0.0]
S09_SMOKE 19 acceptance 1.0 totals [105.7034261674487, 164.4589714018077]
S09_SMOKE 20 acceptance 0.0 totals [0.0, 0.0]
S09_SMOKE 21 acceptance 0.0 totals [0.0, 0.0]
S09_SMOKE 22 acceptance 1.0 totals [120.72638628199329, 115.28221141104287]
S09_SMOKE 23 acceptance 0.0 totals [0.0, 0.0]
S09_SMOKE 24 acceptance 0.0 totals [0.0, 0.0]
S09_SMOKE 25 acceptance 0.0 totals [0.0, 0.0]
S09_SMOKE 26 acceptance 0.0 totals [0.0, 0.0]
S09_SMOKE 27 acceptance 0.0 totals [0.0, 0.0]
S09_SMOKE 28 acceptance 0.0 totals [0.0, 0.0]
S09_SMOKE 29 acceptance 0.0 totals [0.0, 0.0]
S09_SMOKE 30 acceptance 0.0 totals [0.0, 0.0]
S09_SMOKE 31 acceptance 0.0 totals [0.0, 0.0]
{
  "status": "SmokePassed",
  "calls": 32,
  "accepted": 4,
  "wall_seconds": 0.8361578829935752,
  "source_sha256": "86922f5701629c5cef22263a10a21d89552a5bb5e470025f08addbc663b19dba"
}
