2 Fermat/Blackbox instances will be run in parallel.
The user defined environment variable FERMATPATH for Fermat is set:
/u/scratch/r/rushil/AI_Assisted_SIDIS/SIDIS_20260907/software/fermat/Ferl7/fer64
The directories for the temporary files, result files and the sector mapping files are: 
./tmp
./results
./sectormappings
One variable is set to 1: {}
Kira prepares topology: V01 and top level sector: 
14 
Kira prepares topology: V02 and top level sector: 
7 
Kira prepares topology: V03 and top level sector: 
7 
Kira prepares topology: V04 and top level sector: 
7 
Kira prepares topology: V05 and top level sector: 
14 11 
Kira prepares topology: V06 and top level sector: 
15 
Kira prepares topology: V07 and top level sector: 
15 
Kira prepares topology: V08 and top level sector: 
15 
Kira prepares topology: V09 and top level sector: 
12 
Kira prepares topology: V10 and top level sector: 
3 
Kira prepares topology: V11 and top level sector: 
10 

*****Integral ordering*************************************
VERSION table created successfully
Kira database version number: 2.1
WEIGHTBITS table created successfully
INTEGRALORDERING table created successfully
Kira will use the integral ordering: 1.
With topology: V01 use intermediate permutation
3 1 2 0 
With topology: V02 use intermediate permutation
2 1 0 3 
With topology: V03 use intermediate permutation
2 1 0 3 
With topology: V04 use intermediate permutation
2 0 1 3 
With topology: V05 use intermediate permutation
3 1 0 2 
With topology: V06 use intermediate permutation
3 2 0 1 
With topology: V07 use intermediate permutation
3 2 0 1 
With topology: V08 use intermediate permutation
3 1 2 0 
With topology: V09 use intermediate permutation
3 2 0 1 
With topology: V10 use intermediate permutation
1 0 2 3 
With topology: V11 use intermediate permutation
3 1 0 2 
Following reductions will be performed for the topology: V01
Sector: 14 rmax: 4 smax: 2 

Following reductions will be performed for the topology: V02
Sector: 7 rmax: 4 smax: 2 

Following reductions will be performed for the topology: V03
Sector: 7 rmax: 4 smax: 3 

Following reductions will be performed for the topology: V04
Sector: 7 rmax: 4 smax: 3 

Following reductions will be performed for the topology: V05
Sector: 11 rmax: 4 smax: 3 

Sector: 14 rmax: 4 smax: 3 

Following reductions will be performed for the topology: V06
Sector: 15 rmax: 5 smax: 2 

Following reductions will be performed for the topology: V07
Sector: 15 rmax: 5 smax: 2 

Following reductions will be performed for the topology: V08
Sector: 15 rmax: 5 smax: 2 

Following reductions will be performed for the topology: V09
Sector: 12 rmax: 3 smax: 1 

Following reductions will be performed for the topology: V10
Sector: 3 rmax: 3 smax: 1 

Following reductions will be performed for the topology: V11
Sector: 10 rmax: 3 smax: 1 

***********************************************************
Find IBP LI and symmetry relations for the topology: V01
***********************************************************

*****Generate IBP identities*******************************
There are 4 IBP identities
( 0.005615 s )

*****Generate LI identities********************************
There are 3 LI identities
( 0.021516 s )

*****Search trivial sectors********************************

Non trivial sectors in total: 8
Trivial sectors in total: 8
( 0.0 s )

Search symmetry relations: 

( 0.0 s )
***********************************************************
Find IBP LI and symmetry relations for the topology: V02
***********************************************************

*****Generate IBP identities*******************************
There are 4 IBP identities
( 0.0 s )

*****Generate LI identities********************************
There are 3 LI identities
( 0.0 s )

*****Search trivial sectors********************************

Non trivial sectors in total: 9
Trivial sectors in total: 7
( 0.0 s )

Search symmetry relations: 

( 0.0 s )
***********************************************************
Find IBP LI and symmetry relations for the topology: V03
***********************************************************

*****Generate IBP identities*******************************
There are 4 IBP identities
( 0.0 s )

*****Generate LI identities********************************
There are 3 LI identities
( 0.0 s )

*****Search trivial sectors********************************

Non trivial sectors in total: 9
Trivial sectors in total: 7
( 0.0 s )

Search symmetry relations: 

( 0.0 s )
***********************************************************
Find IBP LI and symmetry relations for the topology: V04
***********************************************************

*****Generate IBP identities*******************************
There are 4 IBP identities
( 0.0 s )

*****Generate LI identities********************************
There are 3 LI identities
( 0.0 s )

*****Search trivial sectors********************************

Non trivial sectors in total: 9
Trivial sectors in total: 7
( 0.0 s )

Search symmetry relations: 

( 0.0 s )
***********************************************************
Find IBP LI and symmetry relations for the topology: V05
***********************************************************

*****Generate IBP identities*******************************
There are 4 IBP identities
( 0.0 s )

*****Generate LI identities********************************
There are 3 LI identities
( 0.0 s )

*****Search trivial sectors********************************

Non trivial sectors in total: 9
Trivial sectors in total: 7
( 0.0 s )

Search symmetry relations: 

( 0.0 s )
***********************************************************
Find IBP LI and symmetry relations for the topology: V06
***********************************************************

*****Generate IBP identities*******************************
There are 4 IBP identities
( 0.0 s )

*****Generate LI identities********************************
There are 3 LI identities
( 0.0 s )

*****Search trivial sectors********************************

Non trivial sectors in total: 8
Trivial sectors in total: 8
( 0.0 s )

Search symmetry relations: 

( 0.0 s )
***********************************************************
Find IBP LI and symmetry relations for the topology: V07
***********************************************************

*****Generate IBP identities*******************************
There are 4 IBP identities
( 0.0 s )

*****Generate LI identities********************************
There are 3 LI identities
( 0.0 s )

*****Search trivial sectors********************************

Non trivial sectors in total: 8
Trivial sectors in total: 8
( 0.0 s )

Search symmetry relations: 

( 0.0 s )
***********************************************************
Find IBP LI and symmetry relations for the topology: V08
***********************************************************

*****Generate IBP identities*******************************
There are 4 IBP identities
( 0.0 s )

*****Generate LI identities********************************
There are 3 LI identities
( 0.0 s )

*****Search trivial sectors********************************

Non trivial sectors in total: 8
Trivial sectors in total: 8
( 0.0 s )

Search symmetry relations: 

( 0.0 s )
***********************************************************
Find IBP LI and symmetry relations for the topology: V09
***********************************************************

*****Generate IBP identities*******************************
There are 4 IBP identities
( 0.0 s )

*****Generate LI identities********************************
There are 3 LI identities
( 0.0 s )

*****Search trivial sectors********************************

Non trivial sectors in total: 9
Trivial sectors in total: 7
( 0.0 s )

Search symmetry relations: 

( 0.0 s )
***********************************************************
Find IBP LI and symmetry relations for the topology: V10
***********************************************************

*****Generate IBP identities*******************************
There are 4 IBP identities
( 0.0 s )

*****Generate LI identities********************************
There are 3 LI identities
( 0.0 s )

*****Search trivial sectors********************************

Non trivial sectors in total: 9
Trivial sectors in total: 7
( 0.0 s )

Search symmetry relations: 

( 0.0 s )
***********************************************************
Find IBP LI and symmetry relations for the topology: V11
***********************************************************

*****Generate IBP identities*******************************
There are 4 IBP identities
( 0.0 s )

*****Generate LI identities********************************
There are 3 LI identities
( 0.0 s )

*****Search trivial sectors********************************

Non trivial sectors in total: 9
Trivial sectors in total: 7
( 0.0 s )

Search symmetry relations: 

( 0.0 s )
***********************************************************
Prepare Symmetries for the topology: V01
***********************************************************
Build symmetries for V01 x V01 

Sector relations: 0
Sector symmetries: 2
( 0.0 s )
***********************************************************
Prepare Symmetries for the topology: V02
***********************************************************
Build symmetries for V02 x V01 

Sector relations: 0
Sector symmetries: 0
( 0.0 s )
Build symmetries for V02 x V02 

Sector relations: 0
Sector symmetries: 2
( 0.0 s )
***********************************************************
Prepare Symmetries for the topology: V03
***********************************************************
Build symmetries for V03 x V01 

Sector relations: 0
Sector symmetries: 0
( 0.0 s )
Build symmetries for V03 x V02 

Sector relations: 0
Sector symmetries: 0
( 0.0 s )
Build symmetries for V03 x V03 

Sector relations: 0
Sector symmetries: 2
( 0.0 s )
***********************************************************
Prepare Symmetries for the topology: V04
***********************************************************
Build symmetries for V04 x V01 

Sector relations: 0
Sector symmetries: 0
( 0.0 s )
Build symmetries for V04 x V02 

Sector relations: 2
Sector symmetries: 0
( 0.0 s )
Build symmetries for V04 x V03 

Sector relations: 4
Sector symmetries: 0
( 0.0 s )
Build symmetries for V04 x V04 

Sector relations: 4
Sector symmetries: 0
( 0.0 s )
***********************************************************
Prepare Symmetries for the topology: V05
***********************************************************
Build symmetries for V05 x V01 

Sector relations: 2
Sector symmetries: 0
( 0.0 s )
Build symmetries for V05 x V02 

Sector relations: 2
Sector symmetries: 0
( 0.0 s )
Build symmetries for V05 x V03 

Sector relations: 6
Sector symmetries: 0
( 0.0 s )
Build symmetries for V05 x V04 

Sector relations: 6
Sector symmetries: 0
( 0.0 s )
Build symmetries for V05 x V05 

Sector relations: 6
Sector symmetries: 1
( 0.0 s )
***********************************************************
Prepare Symmetries for the topology: V06
***********************************************************
Build symmetries for V06 x V01 

Sector relations: 4
Sector symmetries: 0
( 0.0 s )
Build symmetries for V06 x V02 

Sector relations: 8
Sector symmetries: 0
( 0.0 s )
Build symmetries for V06 x V03 

Sector relations: 10
Sector symmetries: 0
( 0.0 s )
Build symmetries for V06 x V04 

Sector relations: 11
Sector symmetries: 0
( 0.0 s )
Build symmetries for V06 x V05 

Sector relations: 12
Sector symmetries: 0
( 0.0 s )
Build symmetries for V06 x V06 

Sector relations: 12
Sector symmetries: 0
( 0.0 s )
***********************************************************
Prepare Symmetries for the topology: V07
***********************************************************
Build symmetries for V07 x V01 

Sector relations: 4
Sector symmetries: 0
( 0.0 s )
Build symmetries for V07 x V02 

Sector relations: 4
Sector symmetries: 0
( 0.0 s )
Build symmetries for V07 x V03 

Sector relations: 9
Sector symmetries: 0
( 0.0 s )
Build symmetries for V07 x V04 

Sector relations: 9
Sector symmetries: 0
( 0.0 s )
Build symmetries for V07 x V05 

Sector relations: 12
Sector symmetries: 0
( 0.0 s )
Build symmetries for V07 x V06 

Sector relations: 12
Sector symmetries: 0
( 0.0 s )
Build symmetries for V07 x V07 

Sector relations: 12
Sector symmetries: 0
( 0.0 s )
***********************************************************
Prepare Symmetries for the topology: V08
***********************************************************
Build symmetries for V08 x V01 

Sector relations: 0
Sector symmetries: 0
( 0.0 s )
Build symmetries for V08 x V02 

Sector relations: 4
Sector symmetries: 0
( 0.0 s )
Build symmetries for V08 x V03 

Sector relations: 9
Sector symmetries: 0
( 0.0 s )
Build symmetries for V08 x V04 

Sector relations: 10
Sector symmetries: 0
( 0.0 s )
Build symmetries for V08 x V05 

Sector relations: 12
Sector symmetries: 0
( 0.0 s )
Build symmetries for V08 x V06 

Sector relations: 12
Sector symmetries: 0
( 0.0 s )
Build symmetries for V08 x V07 

Sector relations: 12
Sector symmetries: 0
( 0.0 s )
Build symmetries for V08 x V08 

Sector relations: 12
Sector symmetries: 0
( 0.0 s )
***********************************************************
Prepare Symmetries for the topology: V09
***********************************************************
Build symmetries for V09 x V01 

Sector relations: 2
Sector symmetries: 0
( 0.0 s )
Build symmetries for V09 x V02 
Skip mappings because all top level sectors are mapped
already to a lower topology.
( 0.0 s )
Build symmetries for V09 x V03 
Skip mappings because all top level sectors are mapped
already to a lower topology.
( 0.0 s )
Build symmetries for V09 x V04 
Skip mappings because all top level sectors are mapped
already to a lower topology.
( 0.0 s )
Build symmetries for V09 x V05 

Sector relations: 2
Sector symmetries: 0
( 0.0 s )
Build symmetries for V09 x V06 
Skip mappings because all top level sectors are mapped
already to a lower topology.
( 0.0 s )
Build symmetries for V09 x V07 
Skip mappings because all top level sectors are mapped
already to a lower topology.
( 0.0 s )
Build symmetries for V09 x V08 
Skip mappings because all top level sectors are mapped
already to a lower topology.
( 0.0 s )
Build symmetries for V09 x V09 
Skip mappings because all top level sectors are mapped
already to a lower topology.
( 0.0 s )
***********************************************************
Prepare Symmetries for the topology: V10
***********************************************************
Build symmetries for V10 x V01 

Sector relations: 0
Sector symmetries: 0
( 0.0 s )
Build symmetries for V10 x V02 

Sector relations: 2
Sector symmetries: 0
( 0.0 s )
Build symmetries for V10 x V03 
Skip mappings because all top level sectors are mapped
already to a lower topology.
( 0.0 s )
Build symmetries for V10 x V04 
Skip mappings because all top level sectors are mapped
already to a lower topology.
( 0.0 s )
Build symmetries for V10 x V05 

Sector relations: 2
Sector symmetries: 0
( 0.0 s )
Build symmetries for V10 x V06 
Skip mappings because all top level sectors are mapped
already to a lower topology.
( 0.0 s )
Build symmetries for V10 x V07 
Skip mappings because all top level sectors are mapped
already to a lower topology.
( 0.0 s )
Build symmetries for V10 x V08 
Skip mappings because all top level sectors are mapped
already to a lower topology.
( 0.0 s )
Build symmetries for V10 x V09 
Skip mappings because all top level sectors are mapped
already to a lower topology.
( 0.0 s )
Build symmetries for V10 x V10 
Skip mappings because all top level sectors are mapped
already to a lower topology.
( 0.0 s )
***********************************************************
Prepare Symmetries for the topology: V11
***********************************************************
Build symmetries for V11 x V01 

Sector relations: 0
Sector symmetries: 0
( 0.0 s )
Build symmetries for V11 x V02 

Sector relations: 0
Sector symmetries: 0
( 0.0 s )
Build symmetries for V11 x V03 

Sector relations: 2
Sector symmetries: 0
( 0.0 s )
Build symmetries for V11 x V04 
Skip mappings because all top level sectors are mapped
already to a lower topology.
( 0.0 s )
Build symmetries for V11 x V05 

Sector relations: 2
Sector symmetries: 0
( 0.0 s )
Build symmetries for V11 x V06 
Skip mappings because all top level sectors are mapped
already to a lower topology.
( 0.0 s )
Build symmetries for V11 x V07 
Skip mappings because all top level sectors are mapped
already to a lower topology.
( 0.0 s )
Build symmetries for V11 x V08 
Skip mappings because all top level sectors are mapped
already to a lower topology.
( 0.0 s )
Build symmetries for V11 x V09 
Skip mappings because all top level sectors are mapped
already to a lower topology.
( 0.0 s )
Build symmetries for V11 x V10 
Skip mappings because all top level sectors are mapped
already to a lower topology.
( 0.0 s )
Build symmetries for V11 x V11 
Skip mappings because all top level sectors are mapped
already to a lower topology.
( 0.0 s )

***********************************************************
Kira starts the reduction of the topology: V01
***********************************************************

***** Select equations recursively ************************
length of mandatory list: 135
Algebraic reconstruction is switched off.
Equation table created successfully
235 independent coefficients
directory to the masters: V01
Number of master integrals: 130
V01[0,1,0,1]   # 10
V02[1,1,0,0]   #  3
V02[1,1,1,0]   #  7
V03[1,1,0,0]   #  3
V03[0,1,1,0]   #  6
V03[1,1,1,0]   #  7
V04[1,1,0,0]   #  3
V04[1,0,1,0]   #  5
V04[1,1,1,0]   #  7
V05[1,1,0,0]   #  3
V05[1,0,0,1]   #  9
V05[0,0,1,1]   # 12
V05[1,1,0,1]   # 11
V05[0,1,1,1]   # 14
V06[1,0,1,0]   #  5
V06[1,0,0,1]   #  9
V06[0,1,1,0]   #  6
V06[1,1,1,0]   #  7
V06[1,1,0,1]   # 11
V06[1,0,1,1]   # 13
V06[0,1,1,1]   # 14
V06[1,1,1,1]   # 15
V07[1,0,0,1]   #  9
V07[0,1,1,0]   #  6
V07[0,0,1,1]   # 12
V07[1,1,1,0]   #  7
V07[1,1,0,1]   # 11
V07[1,0,1,1]   # 13
V07[0,1,1,1]   # 14
V07[1,1,1,1]   # 15
V08[1,1,0,0]   #  3
V08[1,0,1,0]   #  5
V08[0,0,1,1]   # 12
V08[1,1,1,0]   #  7
V08[1,1,0,1]   # 11
V08[1,0,1,1]   # 13
V08[0,1,1,1]   # 14
V08[1,1,1,1]   # 15
V09[0,0,1,1]   # 12
V10[1,1,0,0]   #  3
V11[0,1,0,1]   # 10
V02[1,1,-1,0]  #  3
V02[1,1,0,-1]  #  3
V02[1,1,1,-1]  #  7
V02[1,1,1,-2]  #  7
V03[-1,1,1,0]  #  6
V03[0,1,1,-1]  #  6
V03[-1,1,1,-1] #  6
V03[0,1,1,-2]  #  6
V03[1,1,-1,0]  #  3
V03[1,1,0,-1]  #  3
V03[1,1,-2,0]  #  3
V03[1,1,-1,-1] #  3
V03[1,1,0,-2]  #  3
V03[1,1,1,-1]  #  7
V03[1,1,1,-2]  #  7
V03[1,1,1,-3]  #  7
V04[1,-1,1,0]  #  5
V04[1,0,1,-1]  #  5
V04[1,-1,1,-1] #  5
V04[1,0,1,-2]  #  5
V04[1,1,-1,0]  #  3
V04[1,1,0,-1]  #  3
V04[1,1,-2,0]  #  3
V04[1,1,-1,-1] #  3
V04[1,1,0,-2]  #  3
V04[1,1,1,-1]  #  7
V04[1,1,1,-2]  #  7
V04[1,1,1,-3]  #  7
V05[1,-1,0,1]  #  9
V05[1,0,-1,1]  #  9
V05[1,-2,0,1]  #  9
V05[1,-1,-1,1] #  9
V05[1,0,-2,1]  #  9
V05[1,1,0,-1]  #  3
V05[1,1,-1,0]  #  3
V05[1,1,0,-2]  #  3
V05[1,1,-1,-1] #  3
V05[1,1,-2,0]  #  3
V05[1,1,-1,1]  # 11
V05[1,1,-2,1]  # 11
V05[1,1,-3,1]  # 11
V05[0,-1,1,1]  # 12
V05[-1,0,1,1]  # 12
V05[-1,1,1,1]  # 14
V05[-2,1,1,1]  # 14
V06[1,0,-1,1]  #  9
V06[1,-1,0,1]  #  9
V06[1,0,1,-1]  #  5
V06[1,-1,1,0]  #  5
V06[1,-1,1,1]  # 13
V06[1,-2,1,1]  # 13
V06[0,1,1,-1]  #  6
V06[-1,1,1,0]  #  6
V06[-1,1,1,1]  # 14
V06[1,1,-1,1]  # 11
V06[1,1,-2,1]  # 11
V06[1,1,1,-1]  #  7
V06[1,1,1,-2]  #  7
V07[-1,0,1,1]  # 12
V07[0,-1,1,1]  # 12
V07[1,0,-1,1]  #  9
V07[1,-1,0,1]  #  9
V07[1,-1,1,1]  # 13
V07[1,-2,1,1]  # 13
V07[0,1,1,-1]  #  6
V07[-1,1,1,0]  #  6
V07[-1,1,1,1]  # 14
V07[-2,1,1,1]  # 14
V07[1,1,-1,1]  # 11
V07[1,1,-2,1]  # 11
V07[1,1,1,-1]  #  7
V08[0,-1,1,1]  # 12
V08[-1,0,1,1]  # 12
V08[-1,1,1,1]  # 14
V08[1,1,0,-1]  #  3
V08[1,1,-1,0]  #  3
V08[1,1,-1,1]  # 11
V08[1,0,1,-1]  #  5
V08[1,-1,1,0]  #  5
V08[1,-1,1,1]  # 13
V08[1,-2,1,1]  # 13
V08[1,1,1,-1]  #  7
V08[1,1,1,-2]  #  7
V09[-1,0,1,1]  # 12
V09[0,-1,1,1]  # 12
V10[1,1,-1,0]  #  3
V10[1,1,0,-1]  #  3
V11[-1,1,0,1]  # 10
V11[0,1,-1,1]  # 10

Number of selected equations to reduce: 0 equations
Regenerate:

Number of selected equations to reduce: 14 equations
( 0.2 s )
Algebraic reconstruction is switched off.

***** Select equations recursively ************************
length of mandatory list: 135

***** Bring system in triangular form *********************

Iterate the system until it is in triangular form: 
iteration: 0; items left: 3; time: ( 0.0 s )
iteration: 1; items left: 3; time: ( 0.0 s )
iteration: 2; items left: 3; time: ( 0.0 s )
iteration: 3; items left: 1; time: ( 0.0 s )
redundant: 0; insertions 12
All coefficients will be normalized

Equations out of bounds rmax and smax: 7
Equations in the bounds rmax and smax: 7
( 0.0 s )

Write the triangular system to ./tmp/ on hard disk
(--> ./tmp/V01/VERconfig, ./tmp/V01/VER###) 

Triangular form completed after ( 0.2 s )
FIREFLY table created successfully
Algebraic reconstruction is switched off.

***** Run the back substitution ***********************

Load all files from ./tmp/
Take 7 equations to reduce 7 missing equations

Back substitution: 


Equations reduced: 2 / 7
Kira committed results ( 0.0 s )


Equations reduced: 7 / 7
Kira committed results ( 0.1 s )

7 equations were reduced

*****Master integrals***********************************
V01[0,1,0,1]   # 10
V02[1,1,0,0]   #  3
V02[1,1,1,0]   #  7
V03[1,1,0,0]   #  3
V03[0,1,1,0]   #  6
V03[1,1,1,0]   #  7
V04[1,1,0,0]   #  3
V04[1,0,1,0]   #  5
V04[1,1,1,0]   #  7
V05[1,1,0,0]   #  3
V05[1,0,0,1]   #  9
V05[0,0,1,1]   # 12
V05[1,1,0,1]   # 11
V05[0,1,1,1]   # 14
V06[1,0,1,0]   #  5
V06[1,0,0,1]   #  9
V06[0,1,1,0]   #  6
V06[1,1,1,0]   #  7
V06[1,1,0,1]   # 11
V06[1,0,1,1]   # 13
V06[0,1,1,1]   # 14
V06[1,1,1,1]   # 15
V07[1,0,0,1]   #  9
V07[0,1,1,0]   #  6
V07[0,0,1,1]   # 12
V07[1,1,1,0]   #  7
V07[1,1,0,1]   # 11
V07[1,0,1,1]   # 13
V07[0,1,1,1]   # 14
V07[1,1,1,1]   # 15
V08[1,1,0,0]   #  3
V08[1,0,1,0]   #  5
V08[0,0,1,1]   # 12
V08[1,1,1,0]   #  7
V08[1,1,0,1]   # 11
V08[1,0,1,1]   # 13
V08[0,1,1,1]   # 14
V08[1,1,1,1]   # 15
V09[0,0,1,1]   # 12
V10[1,1,0,0]   #  3
V11[0,1,0,1]   # 10
V02[1,1,-1,0]  #  3
V02[1,1,0,-1]  #  3
V02[1,1,1,-1]  #  7
V02[1,1,1,-2]  #  7
V03[-1,1,1,0]  #  6
V03[0,1,1,-1]  #  6
V03[-1,1,1,-1] #  6
V03[0,1,1,-2]  #  6
V03[1,1,-1,0]  #  3
V03[1,1,0,-1]  #  3
V03[1,1,-2,0]  #  3
V03[1,1,-1,-1] #  3
V03[1,1,0,-2]  #  3
V03[1,1,1,-1]  #  7
V03[1,1,1,-2]  #  7
V03[1,1,1,-3]  #  7
V04[1,-1,1,0]  #  5
V04[1,0,1,-1]  #  5
V04[1,-1,1,-1] #  5
V04[1,0,1,-2]  #  5
V04[1,1,-1,0]  #  3
V04[1,1,0,-1]  #  3
V04[1,1,-2,0]  #  3
V04[1,1,-1,-1] #  3
V04[1,1,0,-2]  #  3
V04[1,1,1,-1]  #  7
V04[1,1,1,-2]  #  7
V04[1,1,1,-3]  #  7
V05[1,-1,0,1]  #  9
V05[1,0,-1,1]  #  9
V05[1,-2,0,1]  #  9
V05[1,-1,-1,1] #  9
V05[1,0,-2,1]  #  9
V05[1,1,0,-1]  #  3
V05[1,1,-1,0]  #  3
V05[1,1,0,-2]  #  3
V05[1,1,-1,-1] #  3
V05[1,1,-2,0]  #  3
V05[1,1,-1,1]  # 11
V05[1,1,-2,1]  # 11
V05[1,1,-3,1]  # 11
V05[0,-1,1,1]  # 12
V05[-1,0,1,1]  # 12
V05[-1,1,1,1]  # 14
V05[-2,1,1,1]  # 14
V06[1,0,-1,1]  #  9
V06[1,-1,0,1]  #  9
V06[1,0,1,-1]  #  5
V06[1,-1,1,0]  #  5
V06[1,-1,1,1]  # 13
V06[1,-2,1,1]  # 13
V06[0,1,1,-1]  #  6
V06[-1,1,1,0]  #  6
V06[-1,1,1,1]  # 14
V06[1,1,-1,1]  # 11
V06[1,1,-2,1]  # 11
V06[1,1,1,-1]  #  7
V06[1,1,1,-2]  #  7
V07[-1,0,1,1]  # 12
V07[0,-1,1,1]  # 12
V07[1,0,-1,1]  #  9
V07[1,-1,0,1]  #  9
V07[1,-1,1,1]  # 13
V07[1,-2,1,1]  # 13
V07[0,1,1,-1]  #  6
V07[-1,1,1,0]  #  6
V07[-1,1,1,1]  # 14
V07[-2,1,1,1]  # 14
V07[1,1,-1,1]  # 11
V07[1,1,-2,1]  # 11
V07[1,1,1,-1]  #  7
V08[0,-1,1,1]  # 12
V08[-1,0,1,1]  # 12
V08[-1,1,1,1]  # 14
V08[1,1,0,-1]  #  3
V08[1,1,-1,0]  #  3
V08[1,1,-1,1]  # 11
V08[1,0,1,-1]  #  5
V08[1,-1,1,0]  #  5
V08[1,-1,1,1]  # 13
V08[1,-2,1,1]  # 13
V08[1,1,1,-1]  #  7
V08[1,1,1,-2]  #  7
V09[-1,0,1,1]  # 12
V09[0,-1,1,1]  # 12
V10[1,1,-1,0]  #  3
V10[1,1,0,-1]  #  3
V11[-1,1,0,1]  # 10
V11[0,1,-1,1]  # 10

*****Master integrals which do not appear on the right**
*****hand side of the selected integrals****************
V02[1,1,0,0]   #  3
V02[1,1,1,0]   #  7
V03[1,1,0,0]   #  3
V03[0,1,1,0]   #  6
V03[1,1,1,0]   #  7
V04[1,1,0,0]   #  3
V04[1,0,1,0]   #  5
V04[1,1,1,0]   #  7
V05[1,1,0,0]   #  3
V05[1,0,0,1]   #  9
V05[0,0,1,1]   # 12
V05[1,1,0,1]   # 11
V05[0,1,1,1]   # 14
V06[1,0,1,0]   #  5
V06[1,0,0,1]   #  9
V06[0,1,1,0]   #  6
V06[1,1,1,0]   #  7
V06[1,1,0,1]   # 11
V06[1,0,1,1]   # 13
V06[0,1,1,1]   # 14
V06[1,1,1,1]   # 15
V07[1,0,0,1]   #  9
V07[0,1,1,0]   #  6
V07[0,0,1,1]   # 12
V07[1,1,1,0]   #  7
V07[1,1,0,1]   # 11
V07[1,0,1,1]   # 13
V07[0,1,1,1]   # 14
V07[1,1,1,1]   # 15
V08[1,1,0,0]   #  3
V08[1,0,1,0]   #  5
V08[0,0,1,1]   # 12
V08[1,1,1,0]   #  7
V08[1,1,0,1]   # 11
V08[1,0,1,1]   # 13
V08[0,1,1,1]   # 14
V08[1,1,1,1]   # 15
V09[0,0,1,1]   # 12
V10[1,1,0,0]   #  3
V11[0,1,0,1]   # 10
V02[1,1,-1,0]  #  3
V02[1,1,0,-1]  #  3
V02[1,1,1,-1]  #  7
V02[1,1,1,-2]  #  7
V03[-1,1,1,0]  #  6
V03[0,1,1,-1]  #  6
V03[-1,1,1,-1] #  6
V03[0,1,1,-2]  #  6
V03[1,1,-1,0]  #  3
V03[1,1,0,-1]  #  3
V03[1,1,-2,0]  #  3
V03[1,1,-1,-1] #  3
V03[1,1,0,-2]  #  3
V03[1,1,1,-1]  #  7
V03[1,1,1,-2]  #  7
V03[1,1,1,-3]  #  7
V04[1,-1,1,0]  #  5
V04[1,0,1,-1]  #  5
V04[1,-1,1,-1] #  5
V04[1,0,1,-2]  #  5
V04[1,1,-1,0]  #  3
V04[1,1,0,-1]  #  3
V04[1,1,-2,0]  #  3
V04[1,1,-1,-1] #  3
V04[1,1,0,-2]  #  3
V04[1,1,1,-1]  #  7
V04[1,1,1,-2]  #  7
V04[1,1,1,-3]  #  7
V05[1,-1,0,1]  #  9
V05[1,0,-1,1]  #  9
V05[1,-2,0,1]  #  9
V05[1,-1,-1,1] #  9
V05[1,0,-2,1]  #  9
V05[1,1,0,-1]  #  3
V05[1,1,-1,0]  #  3
V05[1,1,0,-2]  #  3
V05[1,1,-1,-1] #  3
V05[1,1,-2,0]  #  3
V05[1,1,-1,1]  # 11
V05[1,1,-2,1]  # 11
V05[1,1,-3,1]  # 11
V05[0,-1,1,1]  # 12
V05[-1,0,1,1]  # 12
V05[-1,1,1,1]  # 14
V05[-2,1,1,1]  # 14
V06[1,0,-1,1]  #  9
V06[1,-1,0,1]  #  9
V06[1,0,1,-1]  #  5
V06[1,-1,1,0]  #  5
V06[1,-1,1,1]  # 13
V06[1,-2,1,1]  # 13
V06[0,1,1,-1]  #  6
V06[-1,1,1,0]  #  6
V06[-1,1,1,1]  # 14
V06[1,1,-1,1]  # 11
V06[1,1,-2,1]  # 11
V06[1,1,1,-1]  #  7
V06[1,1,1,-2]  #  7
V07[-1,0,1,1]  # 12
V07[0,-1,1,1]  # 12
V07[1,0,-1,1]  #  9
V07[1,-1,0,1]  #  9
V07[1,-1,1,1]  # 13
V07[1,-2,1,1]  # 13
V07[0,1,1,-1]  #  6
V07[-1,1,1,0]  #  6
V07[-1,1,1,1]  # 14
V07[-2,1,1,1]  # 14
V07[1,1,-1,1]  # 11
V07[1,1,-2,1]  # 11
V07[1,1,1,-1]  #  7
V08[0,-1,1,1]  # 12
V08[-1,0,1,1]  # 12
V08[-1,1,1,1]  # 14
V08[1,1,0,-1]  #  3
V08[1,1,-1,0]  #  3
V08[1,1,-1,1]  # 11
V08[1,0,1,-1]  #  5
V08[1,-1,1,0]  #  5
V08[1,-1,1,1]  # 13
V08[1,-2,1,1]  # 13
V08[1,1,1,-1]  #  7
V08[1,1,1,-2]  #  7
V09[-1,0,1,1]  # 12
V09[0,-1,1,1]  # 12
V10[1,1,-1,0]  #  3
V10[1,1,0,-1]  #  3
V11[-1,1,0,1]  # 10
V11[0,1,-1,1]  # 10

Total number of master integrals: 130
( 0.1 s )

***********************************************************
Kira starts the reduction of the topology: V02
***********************************************************

***** Select equations recursively ************************
length of mandatory list: 135
Algebraic reconstruction is switched off.
416 independent coefficients
directory to the masters: V02
Number of master integrals: 125
V01[0,1,0,1]   # 10
V02[1,1,0,0]   #  3
V03[1,1,0,0]   #  3
V03[0,1,1,0]   #  6
V03[1,1,1,0]   #  7
V04[1,1,0,0]   #  3
V04[1,0,1,0]   #  5
V04[1,1,1,0]   #  7
V05[1,1,0,0]   #  3
V05[1,0,0,1]   #  9
V05[0,0,1,1]   # 12
V05[1,1,0,1]   # 11
V05[0,1,1,1]   # 14
V06[1,0,1,0]   #  5
V06[1,0,0,1]   #  9
V06[0,1,1,0]   #  6
V06[1,1,1,0]   #  7
V06[1,1,0,1]   # 11
V06[1,0,1,1]   # 13
V06[0,1,1,1]   # 14
V06[1,1,1,1]   # 15
V07[1,0,0,1]   #  9
V07[0,1,1,0]   #  6
V07[0,0,1,1]   # 12
V07[1,1,1,0]   #  7
V07[1,1,0,1]   # 11
V07[1,0,1,1]   # 13
V07[0,1,1,1]   # 14
V07[1,1,1,1]   # 15
V08[1,1,0,0]   #  3
V08[1,0,1,0]   #  5
V08[0,0,1,1]   # 12
V08[1,1,1,0]   #  7
V08[1,1,0,1]   # 11
V08[1,0,1,1]   # 13
V08[0,1,1,1]   # 14
V08[1,1,1,1]   # 15
V09[0,0,1,1]   # 12
V10[1,1,0,0]   #  3
V11[0,1,0,1]   # 10
V03[-1,1,1,0]  #  6
V03[0,1,1,-1]  #  6
V03[-1,1,1,-1] #  6
V03[0,1,1,-2]  #  6
V03[1,1,-1,0]  #  3
V03[1,1,0,-1]  #  3
V03[1,1,-2,0]  #  3
V03[1,1,-1,-1] #  3
V03[1,1,0,-2]  #  3
V03[1,1,1,-1]  #  7
V03[1,1,1,-2]  #  7
V03[1,1,1,-3]  #  7
V04[1,-1,1,0]  #  5
V04[1,0,1,-1]  #  5
V04[1,-1,1,-1] #  5
V04[1,0,1,-2]  #  5
V04[1,1,-1,0]  #  3
V04[1,1,0,-1]  #  3
V04[1,1,-2,0]  #  3
V04[1,1,-1,-1] #  3
V04[1,1,0,-2]  #  3
V04[1,1,1,-1]  #  7
V04[1,1,1,-2]  #  7
V04[1,1,1,-3]  #  7
V05[1,-1,0,1]  #  9
V05[1,0,-1,1]  #  9
V05[1,-2,0,1]  #  9
V05[1,-1,-1,1] #  9
V05[1,0,-2,1]  #  9
V05[1,1,0,-1]  #  3
V05[1,1,-1,0]  #  3
V05[1,1,0,-2]  #  3
V05[1,1,-1,-1] #  3
V05[1,1,-2,0]  #  3
V05[1,1,-1,1]  # 11
V05[1,1,-2,1]  # 11
V05[1,1,-3,1]  # 11
V05[0,-1,1,1]  # 12
V05[-1,0,1,1]  # 12
V05[-1,1,1,1]  # 14
V05[-2,1,1,1]  # 14
V06[1,0,-1,1]  #  9
V06[1,-1,0,1]  #  9
V06[1,0,1,-1]  #  5
V06[1,-1,1,0]  #  5
V06[1,-1,1,1]  # 13
V06[1,-2,1,1]  # 13
V06[0,1,1,-1]  #  6
V06[-1,1,1,0]  #  6
V06[-1,1,1,1]  # 14
V06[1,1,-1,1]  # 11
V06[1,1,-2,1]  # 11
V06[1,1,1,-1]  #  7
V06[1,1,1,-2]  #  7
V07[-1,0,1,1]  # 12
V07[0,-1,1,1]  # 12
V07[1,0,-1,1]  #  9
V07[1,-1,0,1]  #  9
V07[1,-1,1,1]  # 13
V07[1,-2,1,1]  # 13
V07[0,1,1,-1]  #  6
V07[-1,1,1,0]  #  6
V07[-1,1,1,1]  # 14
V07[-2,1,1,1]  # 14
V07[1,1,-1,1]  # 11
V07[1,1,-2,1]  # 11
V07[1,1,1,-1]  #  7
V08[0,-1,1,1]  # 12
V08[-1,0,1,1]  # 12
V08[-1,1,1,1]  # 14
V08[1,1,0,-1]  #  3
V08[1,1,-1,0]  #  3
V08[1,1,-1,1]  # 11
V08[1,0,1,-1]  #  5
V08[1,-1,1,0]  #  5
V08[1,-1,1,1]  # 13
V08[1,-2,1,1]  # 13
V08[1,1,1,-1]  #  7
V08[1,1,1,-2]  #  7
V09[-1,0,1,1]  # 12
V09[0,-1,1,1]  # 12
V10[1,1,-1,0]  #  3
V10[1,1,0,-1]  #  3
V11[-1,1,0,1]  # 10
V11[0,1,-1,1]  # 10

Number of selected equations to reduce: 0 equations
Regenerate:

Number of selected equations to reduce: 35 equations
( 0.1 s )
Algebraic reconstruction is switched off.

***** Select equations recursively ************************
length of mandatory list: 135

***** Bring system in triangular form *********************

Iterate the system until it is in triangular form: 
iteration: 0; items left: 7; time: ( 0.0 s )
iteration: 1; items left: 7; time: ( 0.0 s )
iteration: 2; items left: 6; time: ( 0.0 s )
iteration: 3; items left: 2; time: ( 0.0 s )
iteration: 4; items left: 1; time: ( 0.0 s )
iteration: 5; items left: 1; time: ( 0.0 s )
redundant: 0; insertions 30
All coefficients will be normalized

Equations out of bounds rmax and smax: 16
Equations in the bounds rmax and smax: 19
( 0.0 s )

Write the triangular system to ./tmp/ on hard disk
(--> ./tmp/V02/VERconfig, ./tmp/V02/VER###) 

Triangular form completed after ( 0.2 s )
Algebraic reconstruction is switched off.

***** Run the back substitution ***********************

Load all files from ./tmp/
Take 12 equations to reduce 12 missing equations

Back substitution: 


Equations reduced: 5 / 12
Kira committed results ( 0.0 s )


Equations reduced: 12 / 12
Kira committed results ( 0.1 s )

12 equations were reduced

*****Master integrals***********************************
V02[1,1,0,0]   #  3
V01[0,1,0,1]   # 10
V03[1,1,0,0]   #  3
V03[0,1,1,0]   #  6
V03[1,1,1,0]   #  7
V04[1,1,0,0]   #  3
V04[1,0,1,0]   #  5
V04[1,1,1,0]   #  7
V05[1,1,0,0]   #  3
V05[1,0,0,1]   #  9
V05[0,0,1,1]   # 12
V05[1,1,0,1]   # 11
V05[0,1,1,1]   # 14
V06[1,0,1,0]   #  5
V06[1,0,0,1]   #  9
V06[0,1,1,0]   #  6
V06[1,1,1,0]   #  7
V06[1,1,0,1]   # 11
V06[1,0,1,1]   # 13
V06[0,1,1,1]   # 14
V06[1,1,1,1]   # 15
V07[1,0,0,1]   #  9
V07[0,1,1,0]   #  6
V07[0,0,1,1]   # 12
V07[1,1,1,0]   #  7
V07[1,1,0,1]   # 11
V07[1,0,1,1]   # 13
V07[0,1,1,1]   # 14
V07[1,1,1,1]   # 15
V08[1,1,0,0]   #  3
V08[1,0,1,0]   #  5
V08[0,0,1,1]   # 12
V08[1,1,1,0]   #  7
V08[1,1,0,1]   # 11
V08[1,0,1,1]   # 13
V08[0,1,1,1]   # 14
V08[1,1,1,1]   # 15
V09[0,0,1,1]   # 12
V10[1,1,0,0]   #  3
V11[0,1,0,1]   # 10
V03[-1,1,1,0]  #  6
V03[0,1,1,-1]  #  6
V03[-1,1,1,-1] #  6
V03[0,1,1,-2]  #  6
V03[1,1,-1,0]  #  3
V03[1,1,0,-1]  #  3
V03[1,1,-2,0]  #  3
V03[1,1,-1,-1] #  3
V03[1,1,0,-2]  #  3
V03[1,1,1,-1]  #  7
V03[1,1,1,-2]  #  7
V03[1,1,1,-3]  #  7
V04[1,-1,1,0]  #  5
V04[1,0,1,-1]  #  5
V04[1,-1,1,-1] #  5
V04[1,0,1,-2]  #  5
V04[1,1,-1,0]  #  3
V04[1,1,0,-1]  #  3
V04[1,1,-2,0]  #  3
V04[1,1,-1,-1] #  3
V04[1,1,0,-2]  #  3
V04[1,1,1,-1]  #  7
V04[1,1,1,-2]  #  7
V04[1,1,1,-3]  #  7
V05[1,-1,0,1]  #  9
V05[1,0,-1,1]  #  9
V05[1,-2,0,1]  #  9
V05[1,-1,-1,1] #  9
V05[1,0,-2,1]  #  9
V05[1,1,0,-1]  #  3
V05[1,1,-1,0]  #  3
V05[1,1,0,-2]  #  3
V05[1,1,-1,-1] #  3
V05[1,1,-2,0]  #  3
V05[1,1,-1,1]  # 11
V05[1,1,-2,1]  # 11
V05[1,1,-3,1]  # 11
V05[0,-1,1,1]  # 12
V05[-1,0,1,1]  # 12
V05[-1,1,1,1]  # 14
V05[-2,1,1,1]  # 14
V06[1,0,-1,1]  #  9
V06[1,-1,0,1]  #  9
V06[1,0,1,-1]  #  5
V06[1,-1,1,0]  #  5
V06[1,-1,1,1]  # 13
V06[1,-2,1,1]  # 13
V06[0,1,1,-1]  #  6
V06[-1,1,1,0]  #  6
V06[-1,1,1,1]  # 14
V06[1,1,-1,1]  # 11
V06[1,1,-2,1]  # 11
V06[1,1,1,-1]  #  7
V06[1,1,1,-2]  #  7
V07[-1,0,1,1]  # 12
V07[0,-1,1,1]  # 12
V07[1,0,-1,1]  #  9
V07[1,-1,0,1]  #  9
V07[1,-1,1,1]  # 13
V07[1,-2,1,1]  # 13
V07[0,1,1,-1]  #  6
V07[-1,1,1,0]  #  6
V07[-1,1,1,1]  # 14
V07[-2,1,1,1]  # 14
V07[1,1,-1,1]  # 11
V07[1,1,-2,1]  # 11
V07[1,1,1,-1]  #  7
V08[0,-1,1,1]  # 12
V08[-1,0,1,1]  # 12
V08[-1,1,1,1]  # 14
V08[1,1,0,-1]  #  3
V08[1,1,-1,0]  #  3
V08[1,1,-1,1]  # 11
V08[1,0,1,-1]  #  5
V08[1,-1,1,0]  #  5
V08[1,-1,1,1]  # 13
V08[1,-2,1,1]  # 13
V08[1,1,1,-1]  #  7
V08[1,1,1,-2]  #  7
V09[-1,0,1,1]  # 12
V09[0,-1,1,1]  # 12
V10[1,1,-1,0]  #  3
V10[1,1,0,-1]  #  3
V11[-1,1,0,1]  # 10
V11[0,1,-1,1]  # 10

*****Master integrals which do not appear on the right**
*****hand side of the selected integrals****************
V01[0,1,0,1]   # 10
V03[1,1,0,0]   #  3
V03[0,1,1,0]   #  6
V03[1,1,1,0]   #  7
V04[1,1,0,0]   #  3
V04[1,0,1,0]   #  5
V04[1,1,1,0]   #  7
V05[1,1,0,0]   #  3
V05[1,0,0,1]   #  9
V05[0,0,1,1]   # 12
V05[1,1,0,1]   # 11
V05[0,1,1,1]   # 14
V06[1,0,1,0]   #  5
V06[1,0,0,1]   #  9
V06[0,1,1,0]   #  6
V06[1,1,1,0]   #  7
V06[1,1,0,1]   # 11
V06[1,0,1,1]   # 13
V06[0,1,1,1]   # 14
V06[1,1,1,1]   # 15
V07[1,0,0,1]   #  9
V07[0,1,1,0]   #  6
V07[0,0,1,1]   # 12
V07[1,1,1,0]   #  7
V07[1,1,0,1]   # 11
V07[1,0,1,1]   # 13
V07[0,1,1,1]   # 14
V07[1,1,1,1]   # 15
V08[1,1,0,0]   #  3
V08[1,0,1,0]   #  5
V08[0,0,1,1]   # 12
V08[1,1,1,0]   #  7
V08[1,1,0,1]   # 11
V08[1,0,1,1]   # 13
V08[0,1,1,1]   # 14
V08[1,1,1,1]   # 15
V09[0,0,1,1]   # 12
V10[1,1,0,0]   #  3
V11[0,1,0,1]   # 10
V03[-1,1,1,0]  #  6
V03[0,1,1,-1]  #  6
V03[-1,1,1,-1] #  6
V03[0,1,1,-2]  #  6
V03[1,1,-1,0]  #  3
V03[1,1,0,-1]  #  3
V03[1,1,-2,0]  #  3
V03[1,1,-1,-1] #  3
V03[1,1,0,-2]  #  3
V03[1,1,1,-1]  #  7
V03[1,1,1,-2]  #  7
V03[1,1,1,-3]  #  7
V04[1,-1,1,0]  #  5
V04[1,0,1,-1]  #  5
V04[1,-1,1,-1] #  5
V04[1,0,1,-2]  #  5
V04[1,1,-1,0]  #  3
V04[1,1,0,-1]  #  3
V04[1,1,-2,0]  #  3
V04[1,1,-1,-1] #  3
V04[1,1,0,-2]  #  3
V04[1,1,1,-1]  #  7
V04[1,1,1,-2]  #  7
V04[1,1,1,-3]  #  7
V05[1,-1,0,1]  #  9
V05[1,0,-1,1]  #  9
V05[1,-2,0,1]  #  9
V05[1,-1,-1,1] #  9
V05[1,0,-2,1]  #  9
V05[1,1,0,-1]  #  3
V05[1,1,-1,0]  #  3
V05[1,1,0,-2]  #  3
V05[1,1,-1,-1] #  3
V05[1,1,-2,0]  #  3
V05[1,1,-1,1]  # 11
V05[1,1,-2,1]  # 11
V05[1,1,-3,1]  # 11
V05[0,-1,1,1]  # 12
V05[-1,0,1,1]  # 12
V05[-1,1,1,1]  # 14
V05[-2,1,1,1]  # 14
V06[1,0,-1,1]  #  9
V06[1,-1,0,1]  #  9
V06[1,0,1,-1]  #  5
V06[1,-1,1,0]  #  5
V06[1,-1,1,1]  # 13
V06[1,-2,1,1]  # 13
V06[0,1,1,-1]  #  6
V06[-1,1,1,0]  #  6
V06[-1,1,1,1]  # 14
V06[1,1,-1,1]  # 11
V06[1,1,-2,1]  # 11
V06[1,1,1,-1]  #  7
V06[1,1,1,-2]  #  7
V07[-1,0,1,1]  # 12
V07[0,-1,1,1]  # 12
V07[1,0,-1,1]  #  9
V07[1,-1,0,1]  #  9
V07[1,-1,1,1]  # 13
V07[1,-2,1,1]  # 13
V07[0,1,1,-1]  #  6
V07[-1,1,1,0]  #  6
V07[-1,1,1,1]  # 14
V07[-2,1,1,1]  # 14
V07[1,1,-1,1]  # 11
V07[1,1,-2,1]  # 11
V07[1,1,1,-1]  #  7
V08[0,-1,1,1]  # 12
V08[-1,0,1,1]  # 12
V08[-1,1,1,1]  # 14
V08[1,1,0,-1]  #  3
V08[1,1,-1,0]  #  3
V08[1,1,-1,1]  # 11
V08[1,0,1,-1]  #  5
V08[1,-1,1,0]  #  5
V08[1,-1,1,1]  # 13
V08[1,-2,1,1]  # 13
V08[1,1,1,-1]  #  7
V08[1,1,1,-2]  #  7
V09[-1,0,1,1]  # 12
V09[0,-1,1,1]  # 12
V10[1,1,-1,0]  #  3
V10[1,1,0,-1]  #  3
V11[-1,1,0,1]  # 10
V11[0,1,-1,1]  # 10

Total number of master integrals: 125

*****Not selected integrals******
V02[2,1,0,-2] # 3

Number of not selected integrals: 18446744073709551493
( 0.1 s )

***********************************************************
Kira starts the reduction of the topology: V03
***********************************************************

***** Select equations recursively ************************
length of mandatory list: 135
Algebraic reconstruction is switched off.
725 independent coefficients
directory to the masters: V03
Number of master integrals: 112
V01[0,1,0,1]   # 10
V02[1,1,0,0]   #  3
V03[1,1,0,0]   #  3
V03[0,1,1,0]   #  6
V04[1,1,0,0]   #  3
V04[1,0,1,0]   #  5
V04[1,1,1,0]   #  7
V05[1,1,0,0]   #  3
V05[1,0,0,1]   #  9
V05[0,0,1,1]   # 12
V05[1,1,0,1]   # 11
V05[0,1,1,1]   # 14
V06[1,0,1,0]   #  5
V06[1,0,0,1]   #  9
V06[0,1,1,0]   #  6
V06[1,1,1,0]   #  7
V06[1,1,0,1]   # 11
V06[1,0,1,1]   # 13
V06[0,1,1,1]   # 14
V06[1,1,1,1]   # 15
V07[1,0,0,1]   #  9
V07[0,1,1,0]   #  6
V07[0,0,1,1]   # 12
V07[1,1,1,0]   #  7
V07[1,1,0,1]   # 11
V07[1,0,1,1]   # 13
V07[0,1,1,1]   # 14
V07[1,1,1,1]   # 15
V08[1,1,0,0]   #  3
V08[1,0,1,0]   #  5
V08[0,0,1,1]   # 12
V08[1,1,1,0]   #  7
V08[1,1,0,1]   # 11
V08[1,0,1,1]   # 13
V08[0,1,1,1]   # 14
V08[1,1,1,1]   # 15
V09[0,0,1,1]   # 12
V10[1,1,0,0]   #  3
V11[0,1,0,1]   # 10
V04[1,-1,1,0]  #  5
V04[1,0,1,-1]  #  5
V04[1,-1,1,-1] #  5
V04[1,0,1,-2]  #  5
V04[1,1,-1,0]  #  3
V04[1,1,0,-1]  #  3
V04[1,1,-2,0]  #  3
V04[1,1,-1,-1] #  3
V04[1,1,0,-2]  #  3
V04[1,1,1,-1]  #  7
V04[1,1,1,-2]  #  7
V04[1,1,1,-3]  #  7
V05[1,-1,0,1]  #  9
V05[1,0,-1,1]  #  9
V05[1,-2,0,1]  #  9
V05[1,-1,-1,1] #  9
V05[1,0,-2,1]  #  9
V05[1,1,0,-1]  #  3
V05[1,1,-1,0]  #  3
V05[1,1,0,-2]  #  3
V05[1,1,-1,-1] #  3
V05[1,1,-2,0]  #  3
V05[1,1,-1,1]  # 11
V05[1,1,-2,1]  # 11
V05[1,1,-3,1]  # 11
V05[0,-1,1,1]  # 12
V05[-1,0,1,1]  # 12
V05[-1,1,1,1]  # 14
V05[-2,1,1,1]  # 14
V06[1,0,-1,1]  #  9
V06[1,-1,0,1]  #  9
V06[1,0,1,-1]  #  5
V06[1,-1,1,0]  #  5
V06[1,-1,1,1]  # 13
V06[1,-2,1,1]  # 13
V06[0,1,1,-1]  #  6
V06[-1,1,1,0]  #  6
V06[-1,1,1,1]  # 14
V06[1,1,-1,1]  # 11
V06[1,1,-2,1]  # 11
V06[1,1,1,-1]  #  7
V06[1,1,1,-2]  #  7
V07[-1,0,1,1]  # 12
V07[0,-1,1,1]  # 12
V07[1,0,-1,1]  #  9
V07[1,-1,0,1]  #  9
V07[1,-1,1,1]  # 13
V07[1,-2,1,1]  # 13
V07[0,1,1,-1]  #  6
V07[-1,1,1,0]  #  6
V07[-1,1,1,1]  # 14
V07[-2,1,1,1]  # 14
V07[1,1,-1,1]  # 11
V07[1,1,-2,1]  # 11
V07[1,1,1,-1]  #  7
V08[0,-1,1,1]  # 12
V08[-1,0,1,1]  # 12
V08[-1,1,1,1]  # 14
V08[1,1,0,-1]  #  3
V08[1,1,-1,0]  #  3
V08[1,1,-1,1]  # 11
V08[1,0,1,-1]  #  5
V08[1,-1,1,0]  #  5
V08[1,-1,1,1]  # 13
V08[1,-2,1,1]  # 13
V08[1,1,1,-1]  #  7
V08[1,1,1,-2]  #  7
V09[-1,0,1,1]  # 12
V09[0,-1,1,1]  # 12
V10[1,1,-1,0]  #  3
V10[1,1,0,-1]  #  3
V11[-1,1,0,1]  # 10
V11[0,1,-1,1]  # 10

Number of selected equations to reduce: 0 equations
Regenerate:

Number of selected equations to reduce: 113 equations
( 0.2 s )
Algebraic reconstruction is switched off.

***** Select equations recursively ************************
length of mandatory list: 135

***** Bring system in triangular form *********************

Iterate the system until it is in triangular form: 
iteration: 0; items left: 29; time: ( 0.0 s )
iteration: 1; items left: 23; time: ( 0.0 s )
iteration: 2; items left: 20; time: ( 0.0 s )
iteration: 3; items left: 14; time: ( 0.0 s )
iteration: 4; items left: 13; time: ( 0.0 s )
iteration: 5; items left: 11; time: ( 0.0 s )
iteration: 6; items left: 8; time: ( 0.0 s )
iteration: 7; items left: 7; time: ( 0.0 s )
iteration: 8; items left: 6; time: ( 0.0 s )
iteration: 9; items left: 4; time: ( 0.0 s )
iteration: 10; items left: 2; time: ( 0.0 s )
iteration: 11; items left: 2; time: ( 0.0 s )
iteration: 12; items left: 2; time: ( 0.0 s )
iteration: 13; items left: 2; time: ( 0.0 s )
iteration: 14; items left: 2; time: ( 0.0 s )
iteration: 15; items left: 1; time: ( 0.0 s )
iteration: 16; items left: 1; time: ( 0.0 s )
redundant: 0; insertions 194
All coefficients will be normalized

Equations out of bounds rmax and smax: 62
Equations in the bounds rmax and smax: 51
( 0.0 s )

Write the triangular system to ./tmp/ on hard disk
(--> ./tmp/V03/VERconfig, ./tmp/V03/VER###) 

Triangular form completed after ( 0.4 s )
Algebraic reconstruction is switched off.

***** Run the back substitution ***********************

Load all files from ./tmp/
Take 38 equations to reduce 32 missing equations

Back substitution: 


Equations reduced: 15 / 38
Kira committed results ( 0.0 s )


Equations reduced: 19 / 38
Kira committed results ( 0.1 s )


Equations reduced: 21 / 38
Kira committed results ( 0.1 s )


Equations reduced: 38 / 38
Kira committed results ( 0.1 s )

38 equations were reduced

*****Master integrals***********************************
V02[1,1,0,0]   #  3
V03[1,1,0,0]   #  3
V03[0,1,1,0]   #  6
V01[0,1,0,1]   # 10
V04[1,1,0,0]   #  3
V04[1,0,1,0]   #  5
V04[1,1,1,0]   #  7
V05[1,1,0,0]   #  3
V05[1,0,0,1]   #  9
V05[0,0,1,1]   # 12
V05[1,1,0,1]   # 11
V05[0,1,1,1]   # 14
V06[1,0,1,0]   #  5
V06[1,0,0,1]   #  9
V06[0,1,1,0]   #  6
V06[1,1,1,0]   #  7
V06[1,1,0,1]   # 11
V06[1,0,1,1]   # 13
V06[0,1,1,1]   # 14
V06[1,1,1,1]   # 15
V07[1,0,0,1]   #  9
V07[0,1,1,0]   #  6
V07[0,0,1,1]   # 12
V07[1,1,1,0]   #  7
V07[1,1,0,1]   # 11
V07[1,0,1,1]   # 13
V07[0,1,1,1]   # 14
V07[1,1,1,1]   # 15
V08[1,1,0,0]   #  3
V08[1,0,1,0]   #  5
V08[0,0,1,1]   # 12
V08[1,1,1,0]   #  7
V08[1,1,0,1]   # 11
V08[1,0,1,1]   # 13
V08[0,1,1,1]   # 14
V08[1,1,1,1]   # 15
V09[0,0,1,1]   # 12
V10[1,1,0,0]   #  3
V11[0,1,0,1]   # 10
V04[1,-1,1,0]  #  5
V04[1,0,1,-1]  #  5
V04[1,-1,1,-1] #  5
V04[1,0,1,-2]  #  5
V04[1,1,-1,0]  #  3
V04[1,1,0,-1]  #  3
V04[1,1,-2,0]  #  3
V04[1,1,-1,-1] #  3
V04[1,1,0,-2]  #  3
V04[1,1,1,-1]  #  7
V04[1,1,1,-2]  #  7
V04[1,1,1,-3]  #  7
V05[1,-1,0,1]  #  9
V05[1,0,-1,1]  #  9
V05[1,-2,0,1]  #  9
V05[1,-1,-1,1] #  9
V05[1,0,-2,1]  #  9
V05[1,1,0,-1]  #  3
V05[1,1,-1,0]  #  3
V05[1,1,0,-2]  #  3
V05[1,1,-1,-1] #  3
V05[1,1,-2,0]  #  3
V05[1,1,-1,1]  # 11
V05[1,1,-2,1]  # 11
V05[1,1,-3,1]  # 11
V05[0,-1,1,1]  # 12
V05[-1,0,1,1]  # 12
V05[-1,1,1,1]  # 14
V05[-2,1,1,1]  # 14
V06[1,0,-1,1]  #  9
V06[1,-1,0,1]  #  9
V06[1,0,1,-1]  #  5
V06[1,-1,1,0]  #  5
V06[1,-1,1,1]  # 13
V06[1,-2,1,1]  # 13
V06[0,1,1,-1]  #  6
V06[-1,1,1,0]  #  6
V06[-1,1,1,1]  # 14
V06[1,1,-1,1]  # 11
V06[1,1,-2,1]  # 11
V06[1,1,1,-1]  #  7
V06[1,1,1,-2]  #  7
V07[-1,0,1,1]  # 12
V07[0,-1,1,1]  # 12
V07[1,0,-1,1]  #  9
V07[1,-1,0,1]  #  9
V07[1,-1,1,1]  # 13
V07[1,-2,1,1]  # 13
V07[0,1,1,-1]  #  6
V07[-1,1,1,0]  #  6
V07[-1,1,1,1]  # 14
V07[-2,1,1,1]  # 14
V07[1,1,-1,1]  # 11
V07[1,1,-2,1]  # 11
V07[1,1,1,-1]  #  7
V08[0,-1,1,1]  # 12
V08[-1,0,1,1]  # 12
V08[-1,1,1,1]  # 14
V08[1,1,0,-1]  #  3
V08[1,1,-1,0]  #  3
V08[1,1,-1,1]  # 11
V08[1,0,1,-1]  #  5
V08[1,-1,1,0]  #  5
V08[1,-1,1,1]  # 13
V08[1,-2,1,1]  # 13
V08[1,1,1,-1]  #  7
V08[1,1,1,-2]  #  7
V09[-1,0,1,1]  # 12
V09[0,-1,1,1]  # 12
V10[1,1,-1,0]  #  3
V10[1,1,0,-1]  #  3
V11[-1,1,0,1]  # 10
V11[0,1,-1,1]  # 10

*****Master integrals which do not appear on the right**
*****hand side of the selected integrals****************
V01[0,1,0,1]   # 10
V04[1,1,0,0]   #  3
V04[1,0,1,0]   #  5
V04[1,1,1,0]   #  7
V05[1,1,0,0]   #  3
V05[1,0,0,1]   #  9
V05[0,0,1,1]   # 12
V05[1,1,0,1]   # 11
V05[0,1,1,1]   # 14
V06[1,0,1,0]   #  5
V06[1,0,0,1]   #  9
V06[0,1,1,0]   #  6
V06[1,1,1,0]   #  7
V06[1,1,0,1]   # 11
V06[1,0,1,1]   # 13
V06[0,1,1,1]   # 14
V06[1,1,1,1]   # 15
V07[1,0,0,1]   #  9
V07[0,1,1,0]   #  6
V07[0,0,1,1]   # 12
V07[1,1,1,0]   #  7
V07[1,1,0,1]   # 11
V07[1,0,1,1]   # 13
V07[0,1,1,1]   # 14
V07[1,1,1,1]   # 15
V08[1,1,0,0]   #  3
V08[1,0,1,0]   #  5
V08[0,0,1,1]   # 12
V08[1,1,1,0]   #  7
V08[1,1,0,1]   # 11
V08[1,0,1,1]   # 13
V08[0,1,1,1]   # 14
V08[1,1,1,1]   # 15
V09[0,0,1,1]   # 12
V10[1,1,0,0]   #  3
V11[0,1,0,1]   # 10
V04[1,-1,1,0]  #  5
V04[1,0,1,-1]  #  5
V04[1,-1,1,-1] #  5
V04[1,0,1,-2]  #  5
V04[1,1,-1,0]  #  3
V04[1,1,0,-1]  #  3
V04[1,1,-2,0]  #  3
V04[1,1,-1,-1] #  3
V04[1,1,0,-2]  #  3
V04[1,1,1,-1]  #  7
V04[1,1,1,-2]  #  7
V04[1,1,1,-3]  #  7
V05[1,-1,0,1]  #  9
V05[1,0,-1,1]  #  9
V05[1,-2,0,1]  #  9
V05[1,-1,-1,1] #  9
V05[1,0,-2,1]  #  9
V05[1,1,0,-1]  #  3
V05[1,1,-1,0]  #  3
V05[1,1,0,-2]  #  3
V05[1,1,-1,-1] #  3
V05[1,1,-2,0]  #  3
V05[1,1,-1,1]  # 11
V05[1,1,-2,1]  # 11
V05[1,1,-3,1]  # 11
V05[0,-1,1,1]  # 12
V05[-1,0,1,1]  # 12
V05[-1,1,1,1]  # 14
V05[-2,1,1,1]  # 14
V06[1,0,-1,1]  #  9
V06[1,-1,0,1]  #  9
V06[1,0,1,-1]  #  5
V06[1,-1,1,0]  #  5
V06[1,-1,1,1]  # 13
V06[1,-2,1,1]  # 13
V06[0,1,1,-1]  #  6
V06[-1,1,1,0]  #  6
V06[-1,1,1,1]  # 14
V06[1,1,-1,1]  # 11
V06[1,1,-2,1]  # 11
V06[1,1,1,-1]  #  7
V06[1,1,1,-2]  #  7
V07[-1,0,1,1]  # 12
V07[0,-1,1,1]  # 12
V07[1,0,-1,1]  #  9
V07[1,-1,0,1]  #  9
V07[1,-1,1,1]  # 13
V07[1,-2,1,1]  # 13
V07[0,1,1,-1]  #  6
V07[-1,1,1,0]  #  6
V07[-1,1,1,1]  # 14
V07[-2,1,1,1]  # 14
V07[1,1,-1,1]  # 11
V07[1,1,-2,1]  # 11
V07[1,1,1,-1]  #  7
V08[0,-1,1,1]  # 12
V08[-1,0,1,1]  # 12
V08[-1,1,1,1]  # 14
V08[1,1,0,-1]  #  3
V08[1,1,-1,0]  #  3
V08[1,1,-1,1]  # 11
V08[1,0,1,-1]  #  5
V08[1,-1,1,0]  #  5
V08[1,-1,1,1]  # 13
V08[1,-2,1,1]  # 13
V08[1,1,1,-1]  #  7
V08[1,1,1,-2]  #  7
V09[-1,0,1,1]  # 12
V09[0,-1,1,1]  # 12
V10[1,1,-1,0]  #  3
V10[1,1,0,-1]  #  3
V11[-1,1,0,1]  # 10
V11[0,1,-1,1]  # 10

Total number of master integrals: 112

*****Not selected integrals******
V02[2,1,0,-2] # 3
V02[2,1,0,-3] # 3
V03[2,1,0,-3] # 3

Number of not selected integrals: 18446744073709551510
( 0.1 s )

***********************************************************
Kira starts the reduction of the topology: V04
***********************************************************

***** Select equations recursively ************************
length of mandatory list: 135
Algebraic reconstruction is switched off.
830 independent coefficients
directory to the masters: V04
Number of master integrals: 97
V01[0,1,0,1]   # 10
V02[1,1,0,0]   #  3
V03[1,1,0,0]   #  3
V03[0,1,1,0]   #  6
V05[1,1,0,0]   #  3
V05[1,0,0,1]   #  9
V05[0,0,1,1]   # 12
V05[1,1,0,1]   # 11
V05[0,1,1,1]   # 14
V06[1,0,1,0]   #  5
V06[1,0,0,1]   #  9
V06[0,1,1,0]   #  6
V06[1,1,1,0]   #  7
V06[1,1,0,1]   # 11
V06[1,0,1,1]   # 13
V06[0,1,1,1]   # 14
V06[1,1,1,1]   # 15
V07[1,0,0,1]   #  9
V07[0,1,1,0]   #  6
V07[0,0,1,1]   # 12
V07[1,1,1,0]   #  7
V07[1,1,0,1]   # 11
V07[1,0,1,1]   # 13
V07[0,1,1,1]   # 14
V07[1,1,1,1]   # 15
V08[1,1,0,0]   #  3
V08[1,0,1,0]   #  5
V08[0,0,1,1]   # 12
V08[1,1,1,0]   #  7
V08[1,1,0,1]   # 11
V08[1,0,1,1]   # 13
V08[0,1,1,1]   # 14
V08[1,1,1,1]   # 15
V09[0,0,1,1]   # 12
V10[1,1,0,0]   #  3
V11[0,1,0,1]   # 10
V05[1,-1,0,1]  #  9
V05[1,0,-1,1]  #  9
V05[1,-2,0,1]  #  9
V05[1,-1,-1,1] #  9
V05[1,0,-2,1]  #  9
V05[1,1,0,-1]  #  3
V05[1,1,-1,0]  #  3
V05[1,1,0,-2]  #  3
V05[1,1,-1,-1] #  3
V05[1,1,-2,0]  #  3
V05[1,1,-1,1]  # 11
V05[1,1,-2,1]  # 11
V05[1,1,-3,1]  # 11
V05[0,-1,1,1]  # 12
V05[-1,0,1,1]  # 12
V05[-1,1,1,1]  # 14
V05[-2,1,1,1]  # 14
V06[1,0,-1,1]  #  9
V06[1,-1,0,1]  #  9
V06[1,0,1,-1]  #  5
V06[1,-1,1,0]  #  5
V06[1,-1,1,1]  # 13
V06[1,-2,1,1]  # 13
V06[0,1,1,-1]  #  6
V06[-1,1,1,0]  #  6
V06[-1,1,1,1]  # 14
V06[1,1,-1,1]  # 11
V06[1,1,-2,1]  # 11
V06[1,1,1,-1]  #  7
V06[1,1,1,-2]  #  7
V07[-1,0,1,1]  # 12
V07[0,-1,1,1]  # 12
V07[1,0,-1,1]  #  9
V07[1,-1,0,1]  #  9
V07[1,-1,1,1]  # 13
V07[1,-2,1,1]  # 13
V07[0,1,1,-1]  #  6
V07[-1,1,1,0]  #  6
V07[-1,1,1,1]  # 14
V07[-2,1,1,1]  # 14
V07[1,1,-1,1]  # 11
V07[1,1,-2,1]  # 11
V07[1,1,1,-1]  #  7
V08[0,-1,1,1]  # 12
V08[-1,0,1,1]  # 12
V08[-1,1,1,1]  # 14
V08[1,1,0,-1]  #  3
V08[1,1,-1,0]  #  3
V08[1,1,-1,1]  # 11
V08[1,0,1,-1]  #  5
V08[1,-1,1,0]  #  5
V08[1,-1,1,1]  # 13
V08[1,-2,1,1]  # 13
V08[1,1,1,-1]  #  7
V08[1,1,1,-2]  #  7
V09[-1,0,1,1]  # 12
V09[0,-1,1,1]  # 12
V10[1,1,-1,0]  #  3
V10[1,1,0,-1]  #  3
V11[-1,1,0,1]  # 10
V11[0,1,-1,1]  # 10

Number of selected equations to reduce: 0 equations
Regenerate:

Number of selected equations to reduce: 158 equations
( 0.2 s )
Algebraic reconstruction is switched off.

***** Select equations recursively ************************
length of mandatory list: 135

***** Bring system in triangular form *********************

Iterate the system until it is in triangular form: 
iteration: 0; items left: 35; time: ( 0.0 s )
iteration: 1; items left: 26; time: ( 0.0 s )
iteration: 2; items left: 23; time: ( 0.0 s )
iteration: 3; items left: 17; time: ( 0.0 s )
iteration: 4; items left: 16; time: ( 0.0 s )
iteration: 5; items left: 13; time: ( 0.0 s )
iteration: 6; items left: 10; time: ( 0.0 s )
iteration: 7; items left: 9; time: ( 0.0 s )
iteration: 8; items left: 7; time: ( 0.0 s )
iteration: 9; items left: 5; time: ( 0.0 s )
iteration: 10; items left: 3; time: ( 0.0 s )
iteration: 11; items left: 2; time: ( 0.0 s )
iteration: 12; items left: 3; time: ( 0.0 s )
iteration: 13; items left: 3; time: ( 0.0 s )
iteration: 14; items left: 2; time: ( 0.0 s )
iteration: 15; items left: 1; time: ( 0.0 s )
iteration: 16; items left: 1; time: ( 0.0 s )
redundant: 0; insertions 231
All coefficients will be normalized

Equations out of bounds rmax and smax: 65
Equations in the bounds rmax and smax: 93
( 0.0 s )

Write the triangular system to ./tmp/ on hard disk
(--> ./tmp/V04/VERconfig, ./tmp/V04/VER###) 

Triangular form completed after ( 0.3 s )
Algebraic reconstruction is switched off.

***** Run the back substitution ***********************

Load all files from ./tmp/
Take 61 equations to reduce 42 missing equations

Back substitution: 


Equations reduced: 8 / 61
Kira committed results ( 0.0 s )


Equations reduced: 24 / 61
Kira committed results ( 0.1 s )


Equations reduced: 39 / 61
Kira committed results ( 0.1 s )


Equations reduced: 41 / 61
Kira committed results ( 0.1 s )


Equations reduced: 61 / 61
Kira committed results ( 0.1 s )

61 equations were reduced

*****Master integrals***********************************
V02[1,1,0,0]   #  3
V03[0,1,1,0]   #  6
V01[0,1,0,1]   # 10
V03[1,1,0,0]   #  3
V05[1,1,0,0]   #  3
V05[1,0,0,1]   #  9
V05[0,0,1,1]   # 12
V05[1,1,0,1]   # 11
V05[0,1,1,1]   # 14
V06[1,0,1,0]   #  5
V06[1,0,0,1]   #  9
V06[0,1,1,0]   #  6
V06[1,1,1,0]   #  7
V06[1,1,0,1]   # 11
V06[1,0,1,1]   # 13
V06[0,1,1,1]   # 14
V06[1,1,1,1]   # 15
V07[1,0,0,1]   #  9
V07[0,1,1,0]   #  6
V07[0,0,1,1]   # 12
V07[1,1,1,0]   #  7
V07[1,1,0,1]   # 11
V07[1,0,1,1]   # 13
V07[0,1,1,1]   # 14
V07[1,1,1,1]   # 15
V08[1,1,0,0]   #  3
V08[1,0,1,0]   #  5
V08[0,0,1,1]   # 12
V08[1,1,1,0]   #  7
V08[1,1,0,1]   # 11
V08[1,0,1,1]   # 13
V08[0,1,1,1]   # 14
V08[1,1,1,1]   # 15
V09[0,0,1,1]   # 12
V10[1,1,0,0]   #  3
V11[0,1,0,1]   # 10
V05[1,-1,0,1]  #  9
V05[1,0,-1,1]  #  9
V05[1,-2,0,1]  #  9
V05[1,-1,-1,1] #  9
V05[1,0,-2,1]  #  9
V05[1,1,0,-1]  #  3
V05[1,1,-1,0]  #  3
V05[1,1,0,-2]  #  3
V05[1,1,-1,-1] #  3
V05[1,1,-2,0]  #  3
V05[1,1,-1,1]  # 11
V05[1,1,-2,1]  # 11
V05[1,1,-3,1]  # 11
V05[0,-1,1,1]  # 12
V05[-1,0,1,1]  # 12
V05[-1,1,1,1]  # 14
V05[-2,1,1,1]  # 14
V06[1,0,-1,1]  #  9
V06[1,-1,0,1]  #  9
V06[1,0,1,-1]  #  5
V06[1,-1,1,0]  #  5
V06[1,-1,1,1]  # 13
V06[1,-2,1,1]  # 13
V06[0,1,1,-1]  #  6
V06[-1,1,1,0]  #  6
V06[-1,1,1,1]  # 14
V06[1,1,-1,1]  # 11
V06[1,1,-2,1]  # 11
V06[1,1,1,-1]  #  7
V06[1,1,1,-2]  #  7
V07[-1,0,1,1]  # 12
V07[0,-1,1,1]  # 12
V07[1,0,-1,1]  #  9
V07[1,-1,0,1]  #  9
V07[1,-1,1,1]  # 13
V07[1,-2,1,1]  # 13
V07[0,1,1,-1]  #  6
V07[-1,1,1,0]  #  6
V07[-1,1,1,1]  # 14
V07[-2,1,1,1]  # 14
V07[1,1,-1,1]  # 11
V07[1,1,-2,1]  # 11
V07[1,1,1,-1]  #  7
V08[0,-1,1,1]  # 12
V08[-1,0,1,1]  # 12
V08[-1,1,1,1]  # 14
V08[1,1,0,-1]  #  3
V08[1,1,-1,0]  #  3
V08[1,1,-1,1]  # 11
V08[1,0,1,-1]  #  5
V08[1,-1,1,0]  #  5
V08[1,-1,1,1]  # 13
V08[1,-2,1,1]  # 13
V08[1,1,1,-1]  #  7
V08[1,1,1,-2]  #  7
V09[-1,0,1,1]  # 12
V09[0,-1,1,1]  # 12
V10[1,1,-1,0]  #  3
V10[1,1,0,-1]  #  3
V11[-1,1,0,1]  # 10
V11[0,1,-1,1]  # 10

*****Master integrals which do not appear on the right**
*****hand side of the selected integrals****************
V01[0,1,0,1]   # 10
V03[1,1,0,0]   #  3
V05[1,1,0,0]   #  3
V05[1,0,0,1]   #  9
V05[0,0,1,1]   # 12
V05[1,1,0,1]   # 11
V05[0,1,1,1]   # 14
V06[1,0,1,0]   #  5
V06[1,0,0,1]   #  9
V06[0,1,1,0]   #  6
V06[1,1,1,0]   #  7
V06[1,1,0,1]   # 11
V06[1,0,1,1]   # 13
V06[0,1,1,1]   # 14
V06[1,1,1,1]   # 15
V07[1,0,0,1]   #  9
V07[0,1,1,0]   #  6
V07[0,0,1,1]   # 12
V07[1,1,1,0]   #  7
V07[1,1,0,1]   # 11
V07[1,0,1,1]   # 13
V07[0,1,1,1]   # 14
V07[1,1,1,1]   # 15
V08[1,1,0,0]   #  3
V08[1,0,1,0]   #  5
V08[0,0,1,1]   # 12
V08[1,1,1,0]   #  7
V08[1,1,0,1]   # 11
V08[1,0,1,1]   # 13
V08[0,1,1,1]   # 14
V08[1,1,1,1]   # 15
V09[0,0,1,1]   # 12
V10[1,1,0,0]   #  3
V11[0,1,0,1]   # 10
V05[1,-1,0,1]  #  9
V05[1,0,-1,1]  #  9
V05[1,-2,0,1]  #  9
V05[1,-1,-1,1] #  9
V05[1,0,-2,1]  #  9
V05[1,1,0,-1]  #  3
V05[1,1,-1,0]  #  3
V05[1,1,0,-2]  #  3
V05[1,1,-1,-1] #  3
V05[1,1,-2,0]  #  3
V05[1,1,-1,1]  # 11
V05[1,1,-2,1]  # 11
V05[1,1,-3,1]  # 11
V05[0,-1,1,1]  # 12
V05[-1,0,1,1]  # 12
V05[-1,1,1,1]  # 14
V05[-2,1,1,1]  # 14
V06[1,0,-1,1]  #  9
V06[1,-1,0,1]  #  9
V06[1,0,1,-1]  #  5
V06[1,-1,1,0]  #  5
V06[1,-1,1,1]  # 13
V06[1,-2,1,1]  # 13
V06[0,1,1,-1]  #  6
V06[-1,1,1,0]  #  6
V06[-1,1,1,1]  # 14
V06[1,1,-1,1]  # 11
V06[1,1,-2,1]  # 11
V06[1,1,1,-1]  #  7
V06[1,1,1,-2]  #  7
V07[-1,0,1,1]  # 12
V07[0,-1,1,1]  # 12
V07[1,0,-1,1]  #  9
V07[1,-1,0,1]  #  9
V07[1,-1,1,1]  # 13
V07[1,-2,1,1]  # 13
V07[0,1,1,-1]  #  6
V07[-1,1,1,0]  #  6
V07[-1,1,1,1]  # 14
V07[-2,1,1,1]  # 14
V07[1,1,-1,1]  # 11
V07[1,1,-2,1]  # 11
V07[1,1,1,-1]  #  7
V08[0,-1,1,1]  # 12
V08[-1,0,1,1]  # 12
V08[-1,1,1,1]  # 14
V08[1,1,0,-1]  #  3
V08[1,1,-1,0]  #  3
V08[1,1,-1,1]  # 11
V08[1,0,1,-1]  #  5
V08[1,-1,1,0]  #  5
V08[1,-1,1,1]  # 13
V08[1,-2,1,1]  # 13
V08[1,1,1,-1]  #  7
V08[1,1,1,-2]  #  7
V09[-1,0,1,1]  # 12
V09[0,-1,1,1]  # 12
V10[1,1,-1,0]  #  3
V10[1,1,0,-1]  #  3
V11[-1,1,0,1]  # 10
V11[0,1,-1,1]  # 10

Total number of master integrals: 97

*****Not selected integrals******
V02[2,1,0,-2] # 3
V02[2,1,0,-3] # 3

Number of not selected integrals: 18446744073709551523
( 0.2 s )

***********************************************************
Kira starts the reduction of the topology: V05
***********************************************************

***** Select equations recursively ************************
length of mandatory list: 135
Algebraic reconstruction is switched off.
922 independent coefficients
directory to the masters: V05
Number of master integrals: 75
V01[0,1,0,1]  # 10
V02[1,1,0,0]  #  3
V03[1,1,0,0]  #  3
V03[0,1,1,0]  #  6
V06[1,0,1,0]  #  5
V06[1,0,0,1]  #  9
V06[0,1,1,0]  #  6
V06[1,1,1,0]  #  7
V06[1,1,0,1]  # 11
V06[1,0,1,1]  # 13
V06[0,1,1,1]  # 14
V06[1,1,1,1]  # 15
V07[1,0,0,1]  #  9
V07[0,1,1,0]  #  6
V07[0,0,1,1]  # 12
V07[1,1,1,0]  #  7
V07[1,1,0,1]  # 11
V07[1,0,1,1]  # 13
V07[0,1,1,1]  # 14
V07[1,1,1,1]  # 15
V08[1,1,0,0]  #  3
V08[1,0,1,0]  #  5
V08[0,0,1,1]  # 12
V08[1,1,1,0]  #  7
V08[1,1,0,1]  # 11
V08[1,0,1,1]  # 13
V08[0,1,1,1]  # 14
V08[1,1,1,1]  # 15
V09[0,0,1,1]  # 12
V10[1,1,0,0]  #  3
V11[0,1,0,1]  # 10
V06[1,0,-1,1] #  9
V06[1,-1,0,1] #  9
V06[1,0,1,-1] #  5
V06[1,-1,1,0] #  5
V06[1,-1,1,1] # 13
V06[1,-2,1,1] # 13
V06[0,1,1,-1] #  6
V06[-1,1,1,0] #  6
V06[-1,1,1,1] # 14
V06[1,1,-1,1] # 11
V06[1,1,-2,1] # 11
V06[1,1,1,-1] #  7
V06[1,1,1,-2] #  7
V07[-1,0,1,1] # 12
V07[0,-1,1,1] # 12
V07[1,0,-1,1] #  9
V07[1,-1,0,1] #  9
V07[1,-1,1,1] # 13
V07[1,-2,1,1] # 13
V07[0,1,1,-1] #  6
V07[-1,1,1,0] #  6
V07[-1,1,1,1] # 14
V07[-2,1,1,1] # 14
V07[1,1,-1,1] # 11
V07[1,1,-2,1] # 11
V07[1,1,1,-1] #  7
V08[0,-1,1,1] # 12
V08[-1,0,1,1] # 12
V08[-1,1,1,1] # 14
V08[1,1,0,-1] #  3
V08[1,1,-1,0] #  3
V08[1,1,-1,1] # 11
V08[1,0,1,-1] #  5
V08[1,-1,1,0] #  5
V08[1,-1,1,1] # 13
V08[1,-2,1,1] # 13
V08[1,1,1,-1] #  7
V08[1,1,1,-2] #  7
V09[-1,0,1,1] # 12
V09[0,-1,1,1] # 12
V10[1,1,-1,0] #  3
V10[1,1,0,-1] #  3
V11[-1,1,0,1] # 10
V11[0,1,-1,1] # 10

Number of selected equations to reduce: 0 equations
Regenerate:

Number of selected equations to reduce: 219 equations
( 0.2 s )
Algebraic reconstruction is switched off.

***** Select equations recursively ************************
length of mandatory list: 135

***** Bring system in triangular form *********************

Iterate the system until it is in triangular form: 
iteration: 0; items left: 45; time: ( 0.0 s )
iteration: 1; items left: 31; time: ( 0.0 s )
iteration: 2; items left: 27; time: ( 0.0 s )
iteration: 3; items left: 19; time: ( 0.0 s )
iteration: 4; items left: 15; time: ( 0.0 s )
iteration: 5; items left: 13; time: ( 0.0 s )
iteration: 6; items left: 10; time: ( 0.0 s )
iteration: 7; items left: 9; time: ( 0.0 s )
iteration: 8; items left: 7; time: ( 0.0 s )
iteration: 9; items left: 5; time: ( 0.0 s )
iteration: 10; items left: 3; time: ( 0.0 s )
iteration: 11; items left: 2; time: ( 0.0 s )
iteration: 12; items left: 3; time: ( 0.0 s )
iteration: 13; items left: 3; time: ( 0.0 s )
iteration: 14; items left: 2; time: ( 0.0 s )
iteration: 15; items left: 1; time: ( 0.0 s )
iteration: 16; items left: 1; time: ( 0.0 s )
redundant: 0; insertions 253
All coefficients will be normalized

Equations out of bounds rmax and smax: 76
Equations in the bounds rmax and smax: 143
( 0.0 s )

Write the triangular system to ./tmp/ on hard disk
(--> ./tmp/V05/VERconfig, ./tmp/V05/VER###) 

Triangular form completed after ( 0.3 s )
Algebraic reconstruction is switched off.

***** Run the back substitution ***********************

Load all files from ./tmp/
Take 72 equations to reduce 50 missing equations

Back substitution: 


Equations reduced: 0 / 72
Kira committed results ( 0.0 s )


Equations reduced: 0 / 72
Kira committed results ( 0.1 s )


Equations reduced: 5 / 72
Kira committed results ( 0.1 s )


Equations reduced: 10 / 72
Kira committed results ( 0.1 s )


Equations reduced: 13 / 72
Kira committed results ( 0.1 s )


Equations reduced: 24 / 72
Kira committed results ( 0.2 s )


Equations reduced: 36 / 72
Kira committed results ( 0.2 s )


Equations reduced: 64 / 72
Kira committed results ( 0.2 s )


Equations reduced: 70 / 72
Kira committed results ( 0.2 s )

70 equations were reduced

*****Master integrals***********************************
V01[0,1,0,1]  # 10
V02[1,1,0,0]  #  3
V03[1,1,0,0]  #  3
V03[0,1,1,0]  #  6
V06[1,0,1,0]  #  5
V06[1,0,0,1]  #  9
V06[0,1,1,0]  #  6
V06[1,1,1,0]  #  7
V06[1,1,0,1]  # 11
V06[1,0,1,1]  # 13
V06[0,1,1,1]  # 14
V06[1,1,1,1]  # 15
V07[1,0,0,1]  #  9
V07[0,1,1,0]  #  6
V07[0,0,1,1]  # 12
V07[1,1,1,0]  #  7
V07[1,1,0,1]  # 11
V07[1,0,1,1]  # 13
V07[0,1,1,1]  # 14
V07[1,1,1,1]  # 15
V08[1,1,0,0]  #  3
V08[1,0,1,0]  #  5
V08[0,0,1,1]  # 12
V08[1,1,1,0]  #  7
V08[1,1,0,1]  # 11
V08[1,0,1,1]  # 13
V08[0,1,1,1]  # 14
V08[1,1,1,1]  # 15
V09[0,0,1,1]  # 12
V10[1,1,0,0]  #  3
V11[0,1,0,1]  # 10
V06[1,0,-1,1] #  9
V06[1,-1,0,1] #  9
V06[1,0,1,-1] #  5
V06[1,-1,1,0] #  5
V06[1,-1,1,1] # 13
V06[1,-2,1,1] # 13
V06[0,1,1,-1] #  6
V06[-1,1,1,0] #  6
V06[-1,1,1,1] # 14
V06[1,1,-1,1] # 11
V06[1,1,-2,1] # 11
V06[1,1,1,-1] #  7
V06[1,1,1,-2] #  7
V07[-1,0,1,1] # 12
V07[0,-1,1,1] # 12
V07[1,0,-1,1] #  9
V07[1,-1,0,1] #  9
V07[1,-1,1,1] # 13
V07[1,-2,1,1] # 13
V07[0,1,1,-1] #  6
V07[-1,1,1,0] #  6
V07[-1,1,1,1] # 14
V07[-2,1,1,1] # 14
V07[1,1,-1,1] # 11
V07[1,1,-2,1] # 11
V07[1,1,1,-1] #  7
V08[0,-1,1,1] # 12
V08[-1,0,1,1] # 12
V08[-1,1,1,1] # 14
V08[1,1,0,-1] #  3
V08[1,1,-1,0] #  3
V08[1,1,-1,1] # 11
V08[1,0,1,-1] #  5
V08[1,-1,1,0] #  5
V08[1,-1,1,1] # 13
V08[1,-2,1,1] # 13
V08[1,1,1,-1] #  7
V08[1,1,1,-2] #  7
V09[-1,0,1,1] # 12
V09[0,-1,1,1] # 12
V10[1,1,-1,0] #  3
V10[1,1,0,-1] #  3
V11[-1,1,0,1] # 10
V11[0,1,-1,1] # 10

*****Master integrals which do not appear on the right**
*****hand side of the selected integrals****************
V06[1,0,1,0]  #  5
V06[1,0,0,1]  #  9
V06[0,1,1,0]  #  6
V06[1,1,1,0]  #  7
V06[1,1,0,1]  # 11
V06[1,0,1,1]  # 13
V06[0,1,1,1]  # 14
V06[1,1,1,1]  # 15
V07[1,0,0,1]  #  9
V07[0,1,1,0]  #  6
V07[0,0,1,1]  # 12
V07[1,1,1,0]  #  7
V07[1,1,0,1]  # 11
V07[1,0,1,1]  # 13
V07[0,1,1,1]  # 14
V07[1,1,1,1]  # 15
V08[1,1,0,0]  #  3
V08[1,0,1,0]  #  5
V08[0,0,1,1]  # 12
V08[1,1,1,0]  #  7
V08[1,1,0,1]  # 11
V08[1,0,1,1]  # 13
V08[0,1,1,1]  # 14
V08[1,1,1,1]  # 15
V09[0,0,1,1]  # 12
V10[1,1,0,0]  #  3
V11[0,1,0,1]  # 10
V06[1,0,-1,1] #  9
V06[1,-1,0,1] #  9
V06[1,0,1,-1] #  5
V06[1,-1,1,0] #  5
V06[1,-1,1,1] # 13
V06[1,-2,1,1] # 13
V06[0,1,1,-1] #  6
V06[-1,1,1,0] #  6
V06[-1,1,1,1] # 14
V06[1,1,-1,1] # 11
V06[1,1,-2,1] # 11
V06[1,1,1,-1] #  7
V06[1,1,1,-2] #  7
V07[-1,0,1,1] # 12
V07[0,-1,1,1] # 12
V07[1,0,-1,1] #  9
V07[1,-1,0,1] #  9
V07[1,-1,1,1] # 13
V07[1,-2,1,1] # 13
V07[0,1,1,-1] #  6
V07[-1,1,1,0] #  6
V07[-1,1,1,1] # 14
V07[-2,1,1,1] # 14
V07[1,1,-1,1] # 11
V07[1,1,-2,1] # 11
V07[1,1,1,-1] #  7
V08[0,-1,1,1] # 12
V08[-1,0,1,1] # 12
V08[-1,1,1,1] # 14
V08[1,1,0,-1] #  3
V08[1,1,-1,0] #  3
V08[1,1,-1,1] # 11
V08[1,0,1,-1] #  5
V08[1,-1,1,0] #  5
V08[1,-1,1,1] # 13
V08[1,-2,1,1] # 13
V08[1,1,1,-1] #  7
V08[1,1,1,-2] #  7
V09[-1,0,1,1] # 12
V09[0,-1,1,1] # 12
V10[1,1,-1,0] #  3
V10[1,1,0,-1] #  3
V11[-1,1,0,1] # 10
V11[0,1,-1,1] # 10

Total number of master integrals: 75
( 0.3 s )

***********************************************************
Kira starts the reduction of the topology: V06
***********************************************************

***** Select equations recursively ************************
length of mandatory list: 135
Algebraic reconstruction is switched off.
1090 independent coefficients
directory to the masters: V06
Number of master integrals: 58
V01[0,1,0,1]  # 10
V02[1,1,0,0]  #  3
V03[1,1,0,0]  #  3
V03[0,1,1,0]  #  6
V06[1,1,1,1]  # 15
V07[1,0,0,1]  #  9
V07[0,1,1,0]  #  6
V07[0,0,1,1]  # 12
V07[1,1,1,0]  #  7
V07[1,1,0,1]  # 11
V07[1,0,1,1]  # 13
V07[0,1,1,1]  # 14
V07[1,1,1,1]  # 15
V08[1,1,0,0]  #  3
V08[1,0,1,0]  #  5
V08[0,0,1,1]  # 12
V08[1,1,1,0]  #  7
V08[1,1,0,1]  # 11
V08[1,0,1,1]  # 13
V08[0,1,1,1]  # 14
V08[1,1,1,1]  # 15
V09[0,0,1,1]  # 12
V10[1,1,0,0]  #  3
V11[0,1,0,1]  # 10
V03[1,1,1,-3] #  7
V04[1,1,1,-3] #  7
V05[1,1,-3,1] # 11
V07[-1,0,1,1] # 12
V07[0,-1,1,1] # 12
V07[1,0,-1,1] #  9
V07[1,-1,0,1] #  9
V07[1,-1,1,1] # 13
V07[1,-2,1,1] # 13
V07[0,1,1,-1] #  6
V07[-1,1,1,0] #  6
V07[-1,1,1,1] # 14
V07[-2,1,1,1] # 14
V07[1,1,-1,1] # 11
V07[1,1,-2,1] # 11
V07[1,1,1,-1] #  7
V08[0,-1,1,1] # 12
V08[-1,0,1,1] # 12
V08[-1,1,1,1] # 14
V08[1,1,0,-1] #  3
V08[1,1,-1,0] #  3
V08[1,1,-1,1] # 11
V08[1,0,1,-1] #  5
V08[1,-1,1,0] #  5
V08[1,-1,1,1] # 13
V08[1,-2,1,1] # 13
V08[1,1,1,-1] #  7
V08[1,1,1,-2] #  7
V09[-1,0,1,1] # 12
V09[0,-1,1,1] # 12
V10[1,1,-1,0] #  3
V10[1,1,0,-1] #  3
V11[-1,1,0,1] # 10
V11[0,1,-1,1] # 10

Number of selected equations to reduce: 0 equations
Regenerate:

Number of selected equations to reduce: 210 equations
( 0.3 s )
Algebraic reconstruction is switched off.

***** Select equations recursively ************************
length of mandatory list: 135

***** Bring system in triangular form *********************

Iterate the system until it is in triangular form: 
iteration: 0; items left: 38; time: ( 0.0 s )
iteration: 1; items left: 28; time: ( 0.0 s )
iteration: 2; items left: 24; time: ( 0.0 s )
iteration: 3; items left: 17; time: ( 0.0 s )
iteration: 4; items left: 13; time: ( 0.0 s )
iteration: 5; items left: 13; time: ( 0.0 s )
iteration: 6; items left: 7; time: ( 0.0 s )
iteration: 7; items left: 7; time: ( 0.0 s )
iteration: 8; items left: 7; time: ( 0.0 s )
iteration: 9; items left: 5; time: ( 0.0 s )
iteration: 10; items left: 3; time: ( 0.0 s )
iteration: 11; items left: 2; time: ( 0.0 s )
iteration: 12; items left: 3; time: ( 0.0 s )
iteration: 13; items left: 3; time: ( 0.0 s )
iteration: 14; items left: 2; time: ( 0.0 s )
iteration: 15; items left: 1; time: ( 0.0 s )
iteration: 16; items left: 1; time: ( 0.0 s )
redundant: 0; insertions 227
All coefficients will be normalized

Equations out of bounds rmax and smax: 80
Equations in the bounds rmax and smax: 130
( 0.0 s )

Write the triangular system to ./tmp/ on hard disk
(--> ./tmp/V06/VERconfig, ./tmp/V06/VER###) 

Triangular form completed after ( 0.5 s )
Algebraic reconstruction is switched off.

***** Run the back substitution ***********************

Load all files from ./tmp/
Take 44 equations to reduce 20 missing equations

Back substitution: 


Equations reduced: 0 / 44
Kira committed results ( 0.0 s )


Equations reduced: 0 / 44
Kira committed results ( 0.0 s )


Equations reduced: 0 / 44
Kira committed results ( 0.1 s )


Equations reduced: 0 / 44
Kira committed results ( 0.1 s )


Equations reduced: 4 / 44
Kira committed results ( 0.1 s )


Equations reduced: 5 / 44
Kira committed results ( 0.1 s )


Equations reduced: 6 / 44
Kira committed results ( 0.1 s )


Equations reduced: 8 / 44
Kira committed results ( 0.1 s )


Equations reduced: 18 / 44
Kira committed results ( 0.2 s )


Equations reduced: 25 / 44
Kira committed results ( 0.2 s )


Equations reduced: 34 / 44
Kira committed results ( 0.2 s )


Equations reduced: 40 / 44
Kira committed results ( 0.2 s )


Equations reduced: 43 / 44
Kira committed results ( 0.2 s )

43 equations were reduced

*****Master integrals***********************************
V01[0,1,0,1]  # 10
V02[1,1,0,0]  #  3
V03[0,1,1,0]  #  6
V03[1,1,0,0]  #  3
V06[1,1,1,1]  # 15
V07[1,0,0,1]  #  9
V07[0,1,1,0]  #  6
V07[0,0,1,1]  # 12
V07[1,1,1,0]  #  7
V07[1,1,0,1]  # 11
V07[1,0,1,1]  # 13
V07[0,1,1,1]  # 14
V07[1,1,1,1]  # 15
V08[1,1,0,0]  #  3
V08[1,0,1,0]  #  5
V08[0,0,1,1]  # 12
V08[1,1,1,0]  #  7
V08[1,1,0,1]  # 11
V08[1,0,1,1]  # 13
V08[0,1,1,1]  # 14
V08[1,1,1,1]  # 15
V09[0,0,1,1]  # 12
V10[1,1,0,0]  #  3
V11[0,1,0,1]  # 10
V03[1,1,1,-3] #  7
V04[1,1,1,-3] #  7
V05[1,1,-3,1] # 11
V07[-1,0,1,1] # 12
V07[0,-1,1,1] # 12
V07[1,0,-1,1] #  9
V07[1,-1,0,1] #  9
V07[1,-1,1,1] # 13
V07[1,-2,1,1] # 13
V07[0,1,1,-1] #  6
V07[-1,1,1,0] #  6
V07[-1,1,1,1] # 14
V07[-2,1,1,1] # 14
V07[1,1,-1,1] # 11
V07[1,1,-2,1] # 11
V07[1,1,1,-1] #  7
V08[0,-1,1,1] # 12
V08[-1,0,1,1] # 12
V08[-1,1,1,1] # 14
V08[1,1,0,-1] #  3
V08[1,1,-1,0] #  3
V08[1,1,-1,1] # 11
V08[1,0,1,-1] #  5
V08[1,-1,1,0] #  5
V08[1,-1,1,1] # 13
V08[1,-2,1,1] # 13
V08[1,1,1,-1] #  7
V08[1,1,1,-2] #  7
V09[-1,0,1,1] # 12
V09[0,-1,1,1] # 12
V10[1,1,-1,0] #  3
V10[1,1,0,-1] #  3
V11[-1,1,0,1] # 10
V11[0,1,-1,1] # 10

*****Master integrals which do not appear on the right**
*****hand side of the selected integrals****************
V03[1,1,0,0]  #  3
V06[1,1,1,1]  # 15
V07[1,0,0,1]  #  9
V07[0,1,1,0]  #  6
V07[0,0,1,1]  # 12
V07[1,1,1,0]  #  7
V07[1,1,0,1]  # 11
V07[1,0,1,1]  # 13
V07[0,1,1,1]  # 14
V07[1,1,1,1]  # 15
V08[1,1,0,0]  #  3
V08[1,0,1,0]  #  5
V08[0,0,1,1]  # 12
V08[1,1,1,0]  #  7
V08[1,1,0,1]  # 11
V08[1,0,1,1]  # 13
V08[0,1,1,1]  # 14
V08[1,1,1,1]  # 15
V09[0,0,1,1]  # 12
V10[1,1,0,0]  #  3
V11[0,1,0,1]  # 10
V03[1,1,1,-3] #  7
V04[1,1,1,-3] #  7
V05[1,1,-3,1] # 11
V07[-1,0,1,1] # 12
V07[0,-1,1,1] # 12
V07[1,0,-1,1] #  9
V07[1,-1,0,1] #  9
V07[1,-1,1,1] # 13
V07[1,-2,1,1] # 13
V07[0,1,1,-1] #  6
V07[-1,1,1,0] #  6
V07[-1,1,1,1] # 14
V07[-2,1,1,1] # 14
V07[1,1,-1,1] # 11
V07[1,1,-2,1] # 11
V07[1,1,1,-1] #  7
V08[0,-1,1,1] # 12
V08[-1,0,1,1] # 12
V08[-1,1,1,1] # 14
V08[1,1,0,-1] #  3
V08[1,1,-1,0] #  3
V08[1,1,-1,1] # 11
V08[1,0,1,-1] #  5
V08[1,-1,1,0] #  5
V08[1,-1,1,1] # 13
V08[1,-2,1,1] # 13
V08[1,1,1,-1] #  7
V08[1,1,1,-2] #  7
V09[-1,0,1,1] # 12
V09[0,-1,1,1] # 12
V10[1,1,-1,0] #  3
V10[1,1,0,-1] #  3
V11[-1,1,0,1] # 10
V11[0,1,-1,1] # 10

Total number of master integrals: 58

*****Not selected integrals******
V02[2,1,0,-2] # 3
V02[2,1,0,-3] # 3

Number of not selected integrals: 18446744073709551563
( 0.3 s )

***********************************************************
Kira starts the reduction of the topology: V07
***********************************************************

***** Select equations recursively ************************
length of mandatory list: 135
Algebraic reconstruction is switched off.
1189 independent coefficients
directory to the masters: V07
Number of master integrals: 38
V01[0,1,0,1]  # 10
V02[1,1,0,0]  #  3
V03[1,1,0,0]  #  3
V03[0,1,1,0]  #  6
V06[1,1,1,1]  # 15
V07[1,1,1,1]  # 15
V08[1,1,0,0]  #  3
V08[1,0,1,0]  #  5
V08[0,0,1,1]  # 12
V08[1,1,1,0]  #  7
V08[1,1,0,1]  # 11
V08[1,0,1,1]  # 13
V08[0,1,1,1]  # 14
V08[1,1,1,1]  # 15
V09[0,0,1,1]  # 12
V10[1,1,0,0]  #  3
V11[0,1,0,1]  # 10
V03[1,1,1,-3] #  7
V04[1,1,1,-3] #  7
V05[1,1,-3,1] # 11
V08[0,-1,1,1] # 12
V08[-1,0,1,1] # 12
V08[-1,1,1,1] # 14
V08[1,1,0,-1] #  3
V08[1,1,-1,0] #  3
V08[1,1,-1,1] # 11
V08[1,0,1,-1] #  5
V08[1,-1,1,0] #  5
V08[1,-1,1,1] # 13
V08[1,-2,1,1] # 13
V08[1,1,1,-1] #  7
V08[1,1,1,-2] #  7
V09[-1,0,1,1] # 12
V09[0,-1,1,1] # 12
V10[1,1,-1,0] #  3
V10[1,1,0,-1] #  3
V11[-1,1,0,1] # 10
V11[0,1,-1,1] # 10

Number of selected equations to reduce: 0 equations
Regenerate:

Number of selected equations to reduce: 230 equations
( 0.3 s )
Algebraic reconstruction is switched off.

***** Select equations recursively ************************
length of mandatory list: 135

***** Bring system in triangular form *********************

Iterate the system until it is in triangular form: 
iteration: 0; items left: 38; time: ( 0.0 s )
iteration: 1; items left: 28; time: ( 0.0 s )
iteration: 2; items left: 24; time: ( 0.0 s )
iteration: 3; items left: 17; time: ( 0.0 s )
iteration: 4; items left: 13; time: ( 0.0 s )
iteration: 5; items left: 13; time: ( 0.0 s )
iteration: 6; items left: 7; time: ( 0.0 s )
iteration: 7; items left: 7; time: ( 0.0 s )
iteration: 8; items left: 7; time: ( 0.0 s )
iteration: 9; items left: 5; time: ( 0.0 s )
iteration: 10; items left: 3; time: ( 0.0 s )
iteration: 11; items left: 2; time: ( 0.0 s )
iteration: 12; items left: 3; time: ( 0.0 s )
iteration: 13; items left: 3; time: ( 0.0 s )
iteration: 14; items left: 2; time: ( 0.0 s )
iteration: 15; items left: 1; time: ( 0.0 s )
iteration: 16; items left: 1; time: ( 0.0 s )
redundant: 0; insertions 227
All coefficients will be normalized

Equations out of bounds rmax and smax: 80
Equations in the bounds rmax and smax: 150
( 0.0 s )

Write the triangular system to ./tmp/ on hard disk
(--> ./tmp/V07/VERconfig, ./tmp/V07/VER###) 

Triangular form completed after ( 0.3 s )
Algebraic reconstruction is switched off.

***** Run the back substitution ***********************

Load all files from ./tmp/
Take 45 equations to reduce 20 missing equations

Back substitution: 


Equations reduced: 0 / 45
Kira committed results ( 0.0 s )


Equations reduced: 0 / 45
Kira committed results ( 0.0 s )


Equations reduced: 0 / 45
Kira committed results ( 0.0 s )


Equations reduced: 0 / 45
Kira committed results ( 0.1 s )


Equations reduced: 0 / 45
Kira committed results ( 0.1 s )


Equations reduced: 1 / 45
Kira committed results ( 0.1 s )


Equations reduced: 2 / 45
Kira committed results ( 0.1 s )


Equations reduced: 5 / 45
Kira committed results ( 0.1 s )


Equations reduced: 9 / 45
Kira committed results ( 0.1 s )


Equations reduced: 15 / 45
Kira committed results ( 0.2 s )


Equations reduced: 17 / 45
Kira committed results ( 0.2 s )


Equations reduced: 27 / 45
Kira committed results ( 0.2 s )


Equations reduced: 28 / 45
Kira committed results ( 0.2 s )


Equations reduced: 44 / 45
Kira committed results ( 0.3 s )

44 equations were reduced

*****Master integrals***********************************
V01[0,1,0,1]  # 10
V02[1,1,0,0]  #  3
V03[1,1,0,0]  #  3
V03[0,1,1,0]  #  6
V06[1,1,1,1]  # 15
V07[1,1,1,1]  # 15
V08[1,1,0,0]  #  3
V08[1,0,1,0]  #  5
V08[0,0,1,1]  # 12
V08[1,1,1,0]  #  7
V08[1,1,0,1]  # 11
V08[1,0,1,1]  # 13
V08[0,1,1,1]  # 14
V08[1,1,1,1]  # 15
V09[0,0,1,1]  # 12
V10[1,1,0,0]  #  3
V11[0,1,0,1]  # 10
V03[1,1,1,-3] #  7
V04[1,1,1,-3] #  7
V05[1,1,-3,1] # 11
V08[0,-1,1,1] # 12
V08[-1,0,1,1] # 12
V08[-1,1,1,1] # 14
V08[1,1,0,-1] #  3
V08[1,1,-1,0] #  3
V08[1,1,-1,1] # 11
V08[1,0,1,-1] #  5
V08[1,-1,1,0] #  5
V08[1,-1,1,1] # 13
V08[1,-2,1,1] # 13
V08[1,1,1,-1] #  7
V08[1,1,1,-2] #  7
V09[-1,0,1,1] # 12
V09[0,-1,1,1] # 12
V10[1,1,-1,0] #  3
V10[1,1,0,-1] #  3
V11[-1,1,0,1] # 10
V11[0,1,-1,1] # 10

*****Master integrals which do not appear on the right**
*****hand side of the selected integrals****************
V06[1,1,1,1]  # 15
V07[1,1,1,1]  # 15
V08[1,1,0,0]  #  3
V08[1,0,1,0]  #  5
V08[0,0,1,1]  # 12
V08[1,1,1,0]  #  7
V08[1,1,0,1]  # 11
V08[1,0,1,1]  # 13
V08[0,1,1,1]  # 14
V08[1,1,1,1]  # 15
V09[0,0,1,1]  # 12
V10[1,1,0,0]  #  3
V11[0,1,0,1]  # 10
V03[1,1,1,-3] #  7
V04[1,1,1,-3] #  7
V05[1,1,-3,1] # 11
V08[0,-1,1,1] # 12
V08[-1,0,1,1] # 12
V08[-1,1,1,1] # 14
V08[1,1,0,-1] #  3
V08[1,1,-1,0] #  3
V08[1,1,-1,1] # 11
V08[1,0,1,-1] #  5
V08[1,-1,1,0] #  5
V08[1,-1,1,1] # 13
V08[1,-2,1,1] # 13
V08[1,1,1,-1] #  7
V08[1,1,1,-2] #  7
V09[-1,0,1,1] # 12
V09[0,-1,1,1] # 12
V10[1,1,-1,0] #  3
V10[1,1,0,-1] #  3
V11[-1,1,0,1] # 10
V11[0,1,-1,1] # 10

Total number of master integrals: 38
( 0.3 s )

***********************************************************
Kira starts the reduction of the topology: V08
***********************************************************

***** Select equations recursively ************************
length of mandatory list: 135
Algebraic reconstruction is switched off.
1215 independent coefficients
directory to the masters: V08
Number of master integrals: 19
V01[0,1,0,1]  # 10
V02[1,1,0,0]  #  3
V03[1,1,0,0]  #  3
V03[0,1,1,0]  #  6
V06[1,1,1,1]  # 15
V07[1,1,1,1]  # 15
V08[1,1,1,1]  # 15
V09[0,0,1,1]  # 12
V10[1,1,0,0]  #  3
V11[0,1,0,1]  # 10
V03[1,1,1,-3] #  7
V04[1,1,1,-3] #  7
V05[1,1,-3,1] # 11
V09[-1,0,1,1] # 12
V09[0,-1,1,1] # 12
V10[1,1,-1,0] #  3
V10[1,1,0,-1] #  3
V11[-1,1,0,1] # 10
V11[0,1,-1,1] # 10

Number of selected equations to reduce: 0 equations
Regenerate:

Number of selected equations to reduce: 249 equations
( 0.4 s )
Algebraic reconstruction is switched off.

***** Select equations recursively ************************
length of mandatory list: 135

***** Bring system in triangular form *********************

Iterate the system until it is in triangular form: 
iteration: 0; items left: 38; time: ( 0.0 s )
iteration: 1; items left: 28; time: ( 0.0 s )
iteration: 2; items left: 24; time: ( 0.0 s )
iteration: 3; items left: 17; time: ( 0.0 s )
iteration: 4; items left: 13; time: ( 0.0 s )
iteration: 5; items left: 13; time: ( 0.0 s )
iteration: 6; items left: 7; time: ( 0.0 s )
iteration: 7; items left: 7; time: ( 0.0 s )
iteration: 8; items left: 7; time: ( 0.0 s )
iteration: 9; items left: 5; time: ( 0.0 s )
iteration: 10; items left: 3; time: ( 0.0 s )
iteration: 11; items left: 2; time: ( 0.0 s )
iteration: 12; items left: 3; time: ( 0.0 s )
iteration: 13; items left: 3; time: ( 0.0 s )
iteration: 14; items left: 2; time: ( 0.0 s )
iteration: 15; items left: 1; time: ( 0.0 s )
iteration: 16; items left: 1; time: ( 0.0 s )
redundant: 0; insertions 227
All coefficients will be normalized

Equations out of bounds rmax and smax: 80
Equations in the bounds rmax and smax: 169
( 0.0 s )

Write the triangular system to ./tmp/ on hard disk
(--> ./tmp/V08/VERconfig, ./tmp/V08/VER###) 

Triangular form completed after ( 0.5 s )
Algebraic reconstruction is switched off.

***** Run the back substitution ***********************

Load all files from ./tmp/
Take 43 equations to reduce 19 missing equations

Back substitution: 


Equations reduced: 0 / 43
Kira committed results ( 0.0 s )


Equations reduced: 0 / 43
Kira committed results ( 0.0 s )


Equations reduced: 0 / 43
Kira committed results ( 0.0 s )


Equations reduced: 0 / 43
Kira committed results ( 0.1 s )


Equations reduced: 3 / 43
Kira committed results ( 0.1 s )


Equations reduced: 3 / 43
Kira committed results ( 0.1 s )


Equations reduced: 7 / 43
Kira committed results ( 0.1 s )


Equations reduced: 13 / 43
Kira committed results ( 0.1 s )


Equations reduced: 33 / 43
Kira committed results ( 0.1 s )


Equations reduced: 39 / 43
Kira committed results ( 0.2 s )


Equations reduced: 42 / 43
Kira committed results ( 0.2 s )

42 equations were reduced

*****Master integrals***********************************
V02[1,1,0,0]  #  3
V03[1,1,0,0]  #  3
V03[0,1,1,0]  #  6
V01[0,1,0,1]  # 10
V06[1,1,1,1]  # 15
V07[1,1,1,1]  # 15
V08[1,1,1,1]  # 15
V09[0,0,1,1]  # 12
V10[1,1,0,0]  #  3
V11[0,1,0,1]  # 10
V03[1,1,1,-3] #  7
V04[1,1,1,-3] #  7
V05[1,1,-3,1] # 11
V09[-1,0,1,1] # 12
V09[0,-1,1,1] # 12
V10[1,1,-1,0] #  3
V10[1,1,0,-1] #  3
V11[-1,1,0,1] # 10
V11[0,1,-1,1] # 10

*****Master integrals which do not appear on the right**
*****hand side of the selected integrals****************
V01[0,1,0,1]  # 10
V06[1,1,1,1]  # 15
V07[1,1,1,1]  # 15
V08[1,1,1,1]  # 15
V09[0,0,1,1]  # 12
V10[1,1,0,0]  #  3
V11[0,1,0,1]  # 10
V03[1,1,1,-3] #  7
V04[1,1,1,-3] #  7
V05[1,1,-3,1] # 11
V09[-1,0,1,1] # 12
V09[0,-1,1,1] # 12
V10[1,1,-1,0] #  3
V10[1,1,0,-1] #  3
V11[-1,1,0,1] # 10
V11[0,1,-1,1] # 10

Total number of master integrals: 19

*****Not selected integrals******
V02[2,1,0,-2] # 3
V02[2,1,0,-3] # 3

Number of not selected integrals: 18446744073709551602
( 0.2 s )

***********************************************************
Kira starts the reduction of the topology: V09
***********************************************************

***** Select equations recursively ************************
length of mandatory list: 135
Algebraic reconstruction is switched off.
1265 independent coefficients
directory to the masters: V09
Number of master integrals: 46
V01[0,1,0,1]   # 10
V02[1,1,0,0]   #  3
V03[1,1,0,0]   #  3
V03[0,1,1,0]   #  6
V06[1,1,1,1]   # 15
V07[1,1,1,1]   # 15
V08[1,1,1,1]   # 15
V10[1,1,0,0]   #  3
V11[0,1,0,1]   # 10
V01[-2,1,1,1]  # 14
V02[1,1,1,-2]  #  7
V03[-1,1,1,-1] #  6
V03[0,1,1,-2]  #  6
V03[1,1,-2,0]  #  3
V03[1,1,-1,-1] #  3
V03[1,1,0,-2]  #  3
V03[1,1,1,-2]  #  7
V03[1,1,1,-3]  #  7
V04[1,-1,1,-1] #  5
V04[1,0,1,-2]  #  5
V04[1,1,-2,0]  #  3
V04[1,1,-1,-1] #  3
V04[1,1,0,-2]  #  3
V04[1,1,1,-2]  #  7
V04[1,1,1,-3]  #  7
V05[1,-2,0,1]  #  9
V05[1,-1,-1,1] #  9
V05[1,0,-2,1]  #  9
V05[1,1,0,-2]  #  3
V05[1,1,-1,-1] #  3
V05[1,1,-2,0]  #  3
V05[1,1,-2,1]  # 11
V05[1,1,-3,1]  # 11
V05[-2,1,1,1]  # 14
V06[1,-2,1,1]  # 13
V06[1,1,-2,1]  # 11
V06[1,1,1,-2]  #  7
V07[1,-2,1,1]  # 13
V07[-2,1,1,1]  # 14
V07[1,1,-2,1]  # 11
V08[1,-2,1,1]  # 13
V08[1,1,1,-2]  #  7
V10[1,1,-1,0]  #  3
V10[1,1,0,-1]  #  3
V11[-1,1,0,1]  # 10
V11[0,1,-1,1]  # 10

Number of selected equations to reduce: 0 equations
Regenerate:

Number of selected equations to reduce: 149 equations
( 0.3 s )
Algebraic reconstruction is switched off.

***** Select equations recursively ************************
length of mandatory list: 135

***** Bring system in triangular form *********************

Iterate the system until it is in triangular form: 
iteration: 0; items left: 16; time: ( 0.0 s )
iteration: 1; items left: 13; time: ( 0.0 s )
iteration: 2; items left: 8; time: ( 0.0 s )
iteration: 3; items left: 6; time: ( 0.0 s )
iteration: 4; items left: 3; time: ( 0.0 s )
iteration: 5; items left: 3; time: ( 0.0 s )
iteration: 6; items left: 2; time: ( 0.0 s )
iteration: 7; items left: 2; time: ( 0.0 s )
iteration: 8; items left: 2; time: ( 0.0 s )
iteration: 9; items left: 2; time: ( 0.0 s )
iteration: 10; items left: 1; time: ( 0.0 s )
iteration: 11; items left: 1; time: ( 0.0 s )
iteration: 12; items left: 1; time: ( 0.0 s )
iteration: 13; items left: 1; time: ( 0.0 s )
iteration: 14; items left: 1; time: ( 0.0 s )
redundant: 0; insertions 80
All coefficients will be normalized

Equations out of bounds rmax and smax: 32
Equations in the bounds rmax and smax: 117
( 0.0 s )

Write the triangular system to ./tmp/ on hard disk
(--> ./tmp/V09/VERconfig, ./tmp/V09/VER###) 

Triangular form completed after ( 0.5 s )
Algebraic reconstruction is switched off.

***** Run the back substitution ***********************

Load all files from ./tmp/
Take 5 equations to reduce 3 missing equations

Back substitution: 


Equations reduced: 0 / 5
Kira committed results ( 0.0 s )


Equations reduced: 5 / 5
Kira committed results ( 0.0 s )

5 equations were reduced

*****Master integrals***********************************
V01[0,1,0,1]   # 10
V02[1,1,0,0]   #  3
V03[1,1,0,0]   #  3
V03[0,1,1,0]   #  6
V06[1,1,1,1]   # 15
V07[1,1,1,1]   # 15
V08[1,1,1,1]   # 15
V10[1,1,0,0]   #  3
V11[0,1,0,1]   # 10
V01[-2,1,1,1]  # 14
V02[1,1,1,-2]  #  7
V03[-1,1,1,-1] #  6
V03[0,1,1,-2]  #  6
V03[1,1,-2,0]  #  3
V03[1,1,-1,-1] #  3
V03[1,1,0,-2]  #  3
V03[1,1,1,-2]  #  7
V03[1,1,1,-3]  #  7
V04[1,-1,1,-1] #  5
V04[1,0,1,-2]  #  5
V04[1,1,-2,0]  #  3
V04[1,1,-1,-1] #  3
V04[1,1,0,-2]  #  3
V04[1,1,1,-2]  #  7
V04[1,1,1,-3]  #  7
V05[1,-2,0,1]  #  9
V05[1,-1,-1,1] #  9
V05[1,0,-2,1]  #  9
V05[1,1,0,-2]  #  3
V05[1,1,-1,-1] #  3
V05[1,1,-2,0]  #  3
V05[1,1,-2,1]  # 11
V05[1,1,-3,1]  # 11
V05[-2,1,1,1]  # 14
V06[1,-2,1,1]  # 13
V06[1,1,-2,1]  # 11
V06[1,1,1,-2]  #  7
V07[1,-2,1,1]  # 13
V07[-2,1,1,1]  # 14
V07[1,1,-2,1]  # 11
V08[1,-2,1,1]  # 13
V08[1,1,1,-2]  #  7
V10[1,1,-1,0]  #  3
V10[1,1,0,-1]  #  3
V11[-1,1,0,1]  # 10
V11[0,1,-1,1]  # 10

*****Master integrals which do not appear on the right**
*****hand side of the selected integrals****************
V02[1,1,0,0]   #  3
V03[1,1,0,0]   #  3
V03[0,1,1,0]   #  6
V06[1,1,1,1]   # 15
V07[1,1,1,1]   # 15
V08[1,1,1,1]   # 15
V10[1,1,0,0]   #  3
V11[0,1,0,1]   # 10
V01[-2,1,1,1]  # 14
V02[1,1,1,-2]  #  7
V03[-1,1,1,-1] #  6
V03[0,1,1,-2]  #  6
V03[1,1,-2,0]  #  3
V03[1,1,-1,-1] #  3
V03[1,1,0,-2]  #  3
V03[1,1,1,-2]  #  7
V03[1,1,1,-3]  #  7
V04[1,-1,1,-1] #  5
V04[1,0,1,-2]  #  5
V04[1,1,-2,0]  #  3
V04[1,1,-1,-1] #  3
V04[1,1,0,-2]  #  3
V04[1,1,1,-2]  #  7
V04[1,1,1,-3]  #  7
V05[1,-2,0,1]  #  9
V05[1,-1,-1,1] #  9
V05[1,0,-2,1]  #  9
V05[1,1,0,-2]  #  3
V05[1,1,-1,-1] #  3
V05[1,1,-2,0]  #  3
V05[1,1,-2,1]  # 11
V05[1,1,-3,1]  # 11
V05[-2,1,1,1]  # 14
V06[1,-2,1,1]  # 13
V06[1,1,-2,1]  # 11
V06[1,1,1,-2]  #  7
V07[1,-2,1,1]  # 13
V07[-2,1,1,1]  # 14
V07[1,1,-2,1]  # 11
V08[1,-2,1,1]  # 13
V08[1,1,1,-2]  #  7
V10[1,1,-1,0]  #  3
V10[1,1,0,-1]  #  3
V11[-1,1,0,1]  # 10
V11[0,1,-1,1]  # 10

Total number of master integrals: 46
( 0.1 s )

***********************************************************
Kira starts the reduction of the topology: V10
***********************************************************

***** Select equations recursively ************************
length of mandatory list: 135
Algebraic reconstruction is switched off.
1315 independent coefficients
directory to the masters: V10
Number of master integrals: 43
V01[0,1,0,1]   # 10
V02[1,1,0,0]   #  3
V03[1,1,0,0]   #  3
V03[0,1,1,0]   #  6
V06[1,1,1,1]   # 15
V07[1,1,1,1]   # 15
V08[1,1,1,1]   # 15
V11[0,1,0,1]   # 10
V01[-2,1,1,1]  # 14
V02[1,1,1,-2]  #  7
V03[-1,1,1,-1] #  6
V03[0,1,1,-2]  #  6
V03[1,1,-2,0]  #  3
V03[1,1,-1,-1] #  3
V03[1,1,0,-2]  #  3
V03[1,1,1,-2]  #  7
V03[1,1,1,-3]  #  7
V04[1,-1,1,-1] #  5
V04[1,0,1,-2]  #  5
V04[1,1,-2,0]  #  3
V04[1,1,-1,-1] #  3
V04[1,1,0,-2]  #  3
V04[1,1,1,-2]  #  7
V04[1,1,1,-3]  #  7
V05[1,-2,0,1]  #  9
V05[1,-1,-1,1] #  9
V05[1,0,-2,1]  #  9
V05[1,1,0,-2]  #  3
V05[1,1,-1,-1] #  3
V05[1,1,-2,0]  #  3
V05[1,1,-2,1]  # 11
V05[1,1,-3,1]  # 11
V05[-2,1,1,1]  # 14
V06[1,-2,1,1]  # 13
V06[1,1,-2,1]  # 11
V06[1,1,1,-2]  #  7
V07[1,-2,1,1]  # 13
V07[-2,1,1,1]  # 14
V07[1,1,-2,1]  # 11
V08[1,-2,1,1]  # 13
V08[1,1,1,-2]  #  7
V11[-1,1,0,1]  # 10
V11[0,1,-1,1]  # 10

Number of selected equations to reduce: 0 equations
Regenerate:

Number of selected equations to reduce: 152 equations
( 0.4 s )
Algebraic reconstruction is switched off.

***** Select equations recursively ************************
length of mandatory list: 135

***** Bring system in triangular form *********************

Iterate the system until it is in triangular form: 
iteration: 0; items left: 16; time: ( 0.0 s )
iteration: 1; items left: 13; time: ( 0.0 s )
iteration: 2; items left: 8; time: ( 0.0 s )
iteration: 3; items left: 6; time: ( 0.0 s )
iteration: 4; items left: 3; time: ( 0.0 s )
iteration: 5; items left: 3; time: ( 0.0 s )
iteration: 6; items left: 2; time: ( 0.0 s )
iteration: 7; items left: 2; time: ( 0.0 s )
iteration: 8; items left: 2; time: ( 0.0 s )
iteration: 9; items left: 2; time: ( 0.0 s )
iteration: 10; items left: 1; time: ( 0.0 s )
iteration: 11; items left: 1; time: ( 0.0 s )
iteration: 12; items left: 1; time: ( 0.0 s )
iteration: 13; items left: 1; time: ( 0.0 s )
iteration: 14; items left: 1; time: ( 0.0 s )
redundant: 0; insertions 80
All coefficients will be normalized

Equations out of bounds rmax and smax: 32
Equations in the bounds rmax and smax: 120
( 0.0 s )

Write the triangular system to ./tmp/ on hard disk
(--> ./tmp/V10/VERconfig, ./tmp/V10/VER###) 

Triangular form completed after ( 0.5 s )
Algebraic reconstruction is switched off.

***** Run the back substitution ***********************

Load all files from ./tmp/
Take 5 equations to reduce 3 missing equations

Back substitution: 


Equations reduced: 0 / 5
Kira committed results ( 0.0 s )


Equations reduced: 5 / 5
Kira committed results ( 0.1 s )

5 equations were reduced

*****Master integrals***********************************
V02[1,1,0,0]   #  3
V01[0,1,0,1]   # 10
V03[1,1,0,0]   #  3
V03[0,1,1,0]   #  6
V06[1,1,1,1]   # 15
V07[1,1,1,1]   # 15
V08[1,1,1,1]   # 15
V11[0,1,0,1]   # 10
V01[-2,1,1,1]  # 14
V02[1,1,1,-2]  #  7
V03[-1,1,1,-1] #  6
V03[0,1,1,-2]  #  6
V03[1,1,-2,0]  #  3
V03[1,1,-1,-1] #  3
V03[1,1,0,-2]  #  3
V03[1,1,1,-2]  #  7
V03[1,1,1,-3]  #  7
V04[1,-1,1,-1] #  5
V04[1,0,1,-2]  #  5
V04[1,1,-2,0]  #  3
V04[1,1,-1,-1] #  3
V04[1,1,0,-2]  #  3
V04[1,1,1,-2]  #  7
V04[1,1,1,-3]  #  7
V05[1,-2,0,1]  #  9
V05[1,-1,-1,1] #  9
V05[1,0,-2,1]  #  9
V05[1,1,0,-2]  #  3
V05[1,1,-1,-1] #  3
V05[1,1,-2,0]  #  3
V05[1,1,-2,1]  # 11
V05[1,1,-3,1]  # 11
V05[-2,1,1,1]  # 14
V06[1,-2,1,1]  # 13
V06[1,1,-2,1]  # 11
V06[1,1,1,-2]  #  7
V07[1,-2,1,1]  # 13
V07[-2,1,1,1]  # 14
V07[1,1,-2,1]  # 11
V08[1,-2,1,1]  # 13
V08[1,1,1,-2]  #  7
V11[-1,1,0,1]  # 10
V11[0,1,-1,1]  # 10

*****Master integrals which do not appear on the right**
*****hand side of the selected integrals****************
V01[0,1,0,1]   # 10
V03[1,1,0,0]   #  3
V03[0,1,1,0]   #  6
V06[1,1,1,1]   # 15
V07[1,1,1,1]   # 15
V08[1,1,1,1]   # 15
V11[0,1,0,1]   # 10
V01[-2,1,1,1]  # 14
V02[1,1,1,-2]  #  7
V03[-1,1,1,-1] #  6
V03[0,1,1,-2]  #  6
V03[1,1,-2,0]  #  3
V03[1,1,-1,-1] #  3
V03[1,1,0,-2]  #  3
V03[1,1,1,-2]  #  7
V03[1,1,1,-3]  #  7
V04[1,-1,1,-1] #  5
V04[1,0,1,-2]  #  5
V04[1,1,-2,0]  #  3
V04[1,1,-1,-1] #  3
V04[1,1,0,-2]  #  3
V04[1,1,1,-2]  #  7
V04[1,1,1,-3]  #  7
V05[1,-2,0,1]  #  9
V05[1,-1,-1,1] #  9
V05[1,0,-2,1]  #  9
V05[1,1,0,-2]  #  3
V05[1,1,-1,-1] #  3
V05[1,1,-2,0]  #  3
V05[1,1,-2,1]  # 11
V05[1,1,-3,1]  # 11
V05[-2,1,1,1]  # 14
V06[1,-2,1,1]  # 13
V06[1,1,-2,1]  # 11
V06[1,1,1,-2]  #  7
V07[1,-2,1,1]  # 13
V07[-2,1,1,1]  # 14
V07[1,1,-2,1]  # 11
V08[1,-2,1,1]  # 13
V08[1,1,1,-2]  #  7
V11[-1,1,0,1]  # 10
V11[0,1,-1,1]  # 10

Total number of master integrals: 43
( 0.1 s )

***********************************************************
Kira starts the reduction of the topology: V11
***********************************************************

***** Select equations recursively ************************
length of mandatory list: 135
Algebraic reconstruction is switched off.
1347 independent coefficients
directory to the masters: V11
Number of master integrals: 40
V01[0,1,0,1]   # 10
V02[1,1,0,0]   #  3
V03[1,1,0,0]   #  3
V03[0,1,1,0]   #  6
V06[1,1,1,1]   # 15
V07[1,1,1,1]   # 15
V08[1,1,1,1]   # 15
V01[-2,1,1,1]  # 14
V02[1,1,1,-2]  #  7
V03[-1,1,1,-1] #  6
V03[0,1,1,-2]  #  6
V03[1,1,-2,0]  #  3
V03[1,1,-1,-1] #  3
V03[1,1,0,-2]  #  3
V03[1,1,1,-2]  #  7
V03[1,1,1,-3]  #  7
V04[1,-1,1,-1] #  5
V04[1,0,1,-2]  #  5
V04[1,1,-2,0]  #  3
V04[1,1,-1,-1] #  3
V04[1,1,0,-2]  #  3
V04[1,1,1,-2]  #  7
V04[1,1,1,-3]  #  7
V05[1,-2,0,1]  #  9
V05[1,-1,-1,1] #  9
V05[1,0,-2,1]  #  9
V05[1,1,0,-2]  #  3
V05[1,1,-1,-1] #  3
V05[1,1,-2,0]  #  3
V05[1,1,-2,1]  # 11
V05[1,1,-3,1]  # 11
V05[-2,1,1,1]  # 14
V06[1,-2,1,1]  # 13
V06[1,1,-2,1]  # 11
V06[1,1,1,-2]  #  7
V07[1,-2,1,1]  # 13
V07[-2,1,1,1]  # 14
V07[1,1,-2,1]  # 11
V08[1,-2,1,1]  # 13
V08[1,1,1,-2]  #  7

Number of selected equations to reduce: 0 equations
Regenerate:

Number of selected equations to reduce: 155 equations
( 0.4 s )
Algebraic reconstruction is switched off.

***** Select equations recursively ************************
length of mandatory list: 135

***** Bring system in triangular form *********************

Iterate the system until it is in triangular form: 
iteration: 0; items left: 16; time: ( 0.0 s )
iteration: 1; items left: 13; time: ( 0.0 s )
iteration: 2; items left: 8; time: ( 0.0 s )
iteration: 3; items left: 6; time: ( 0.0 s )
iteration: 4; items left: 3; time: ( 0.0 s )
iteration: 5; items left: 3; time: ( 0.0 s )
iteration: 6; items left: 2; time: ( 0.0 s )
iteration: 7; items left: 2; time: ( 0.0 s )
iteration: 8; items left: 2; time: ( 0.0 s )
iteration: 9; items left: 2; time: ( 0.0 s )
iteration: 10; items left: 1; time: ( 0.0 s )
iteration: 11; items left: 1; time: ( 0.0 s )
iteration: 12; items left: 1; time: ( 0.0 s )
iteration: 13; items left: 1; time: ( 0.0 s )
iteration: 14; items left: 1; time: ( 0.0 s )
redundant: 0; insertions 80
All coefficients will be normalized

Equations out of bounds rmax and smax: 32
Equations in the bounds rmax and smax: 123
( 0.0 s )

Write the triangular system to ./tmp/ on hard disk
(--> ./tmp/V11/VERconfig, ./tmp/V11/VER###) 

Triangular form completed after ( 0.5 s )
Algebraic reconstruction is switched off.

***** Run the back substitution ***********************

Load all files from ./tmp/
Take 5 equations to reduce 3 missing equations

Back substitution: 


Equations reduced: 0 / 5
Kira committed results ( 0.0 s )


Equations reduced: 5 / 5
Kira committed results ( 0.1 s )

5 equations were reduced

*****Master integrals***********************************
V03[1,1,0,0]   #  3
V01[0,1,0,1]   # 10
V02[1,1,0,0]   #  3
V03[0,1,1,0]   #  6
V06[1,1,1,1]   # 15
V07[1,1,1,1]   # 15
V08[1,1,1,1]   # 15
V01[-2,1,1,1]  # 14
V02[1,1,1,-2]  #  7
V03[-1,1,1,-1] #  6
V03[0,1,1,-2]  #  6
V03[1,1,-2,0]  #  3
V03[1,1,-1,-1] #  3
V03[1,1,0,-2]  #  3
V03[1,1,1,-2]  #  7
V03[1,1,1,-3]  #  7
V04[1,-1,1,-1] #  5
V04[1,0,1,-2]  #  5
V04[1,1,-2,0]  #  3
V04[1,1,-1,-1] #  3
V04[1,1,0,-2]  #  3
V04[1,1,1,-2]  #  7
V04[1,1,1,-3]  #  7
V05[1,-2,0,1]  #  9
V05[1,-1,-1,1] #  9
V05[1,0,-2,1]  #  9
V05[1,1,0,-2]  #  3
V05[1,1,-1,-1] #  3
V05[1,1,-2,0]  #  3
V05[1,1,-2,1]  # 11
V05[1,1,-3,1]  # 11
V05[-2,1,1,1]  # 14
V06[1,-2,1,1]  # 13
V06[1,1,-2,1]  # 11
V06[1,1,1,-2]  #  7
V07[1,-2,1,1]  # 13
V07[-2,1,1,1]  # 14
V07[1,1,-2,1]  # 11
V08[1,-2,1,1]  # 13
V08[1,1,1,-2]  #  7

*****Master integrals which do not appear on the right**
*****hand side of the selected integrals****************
V01[0,1,0,1]   # 10
V02[1,1,0,0]   #  3
V03[0,1,1,0]   #  6
V06[1,1,1,1]   # 15
V07[1,1,1,1]   # 15
V08[1,1,1,1]   # 15
V01[-2,1,1,1]  # 14
V02[1,1,1,-2]  #  7
V03[-1,1,1,-1] #  6
V03[0,1,1,-2]  #  6
V03[1,1,-2,0]  #  3
V03[1,1,-1,-1] #  3
V03[1,1,0,-2]  #  3
V03[1,1,1,-2]  #  7
V03[1,1,1,-3]  #  7
V04[1,-1,1,-1] #  5
V04[1,0,1,-2]  #  5
V04[1,1,-2,0]  #  3
V04[1,1,-1,-1] #  3
V04[1,1,0,-2]  #  3
V04[1,1,1,-2]  #  7
V04[1,1,1,-3]  #  7
V05[1,-2,0,1]  #  9
V05[1,-1,-1,1] #  9
V05[1,0,-2,1]  #  9
V05[1,1,0,-2]  #  3
V05[1,1,-1,-1] #  3
V05[1,1,-2,0]  #  3
V05[1,1,-2,1]  # 11
V05[1,1,-3,1]  # 11
V05[-2,1,1,1]  # 14
V06[1,-2,1,1]  # 13
V06[1,1,-2,1]  # 11
V06[1,1,1,-2]  #  7
V07[1,-2,1,1]  # 13
V07[-2,1,1,1]  # 14
V07[1,1,-2,1]  # 11
V08[1,-2,1,1]  # 13
V08[1,1,1,-2]  #  7

Total number of master integrals: 40
( 0.1 s )
One variable is set to 1: {}
One variable is set to 1: {}
The input directory is set to:
./results
symbol_to_replace_by_one: x in kinematics.yaml is not set. 
Mass reconstruction is disabled.
################################################
kira2math: Reconstruct results
################################################

Algebraic reconstruction is switched off.
This requested integral is a master integral: V01[0,1,0,1] # 10
This requested integral is a master integral: V02[1,1,0,0] # 3
This requested integral is a master integral: V03[0,1,1,0] # 6
This requested integral is a master integral: V03[1,1,0,0] # 3
This requested integral is a master integral: V06[1,1,1,1] # 15
This requested integral is a master integral: V07[1,1,1,1] # 15
This requested integral is a master integral: V08[1,1,1,1] # 15
unreduced integrals: 0.

Total time:
( 68.2 s )
