"PASS: ""Hqg sample and source binding"
"PASS: ""accepted copied s02_born_and_projectors.wl"
"PASS: ""unchanged parent s02_born_and_projectors.wl"
"PASS: ""accepted copied s02_result.wl"
"PASS: ""unchanged parent s02_result.wl"
"PASS: ""accepted copied s04_generate_amplitudes.wl"
"PASS: ""unchanged parent s04_generate_amplitudes.wl"
"PASS: ""accepted copied s04_result.wl"
"PASS: ""unchanged parent s04_result.wl"
"PASS: ""accepted copied s05_contract_real.wl"
"PASS: ""unchanged parent s05_contract_real.wl"
"PASS: ""accepted copied s05_result.wl"
"PASS: ""unchanged parent s05_result.wl"
"PASS: ""accepted Born Ward identities"
"PASS: ""accepted real Ward identities"
"PASS: ""accepted real coupling convention"
"PASS: ""born measured amplitude degrees"
"PASS: ""born independent generated diagram count"
"PASS: ""born strong coupling order"
"PASS: ""born electron electromagnetic vertex"
"PASS: ""born model quark charge matches S05"
"PASS: ""real measured amplitude degrees"
"PASS: ""real independent generated diagram count"
"PASS: ""real strong coupling order"
"PASS: ""real electron electromagnetic vertex"
"PASS: ""S05 tag weight equals generated species weight"
"PASS: ""real model quark charge matches S05"
"PASS: ""born_01/Pg finite real scalar"
"PASS: ""born_01/Ppp finite real scalar"
"EVALUATED: ""born_01"
"PASS: ""born_02/Pg finite real scalar"
"PASS: ""born_02/Ppp finite real scalar"
"EVALUATED: ""born_02"
"PASS: ""born_03/Pg finite real scalar"
"PASS: ""born_03/Ppp finite real scalar"
"EVALUATED: ""born_03"
"PASS: ""born_04/Pg finite real scalar"
"PASS: ""born_04/Ppp finite real scalar"
"EVALUATED: ""born_04"
"PASS: ""born_05/Pg finite real scalar"
"PASS: ""born_05/Ppp finite real scalar"
"EVALUATED: ""born_05"
"PASS: ""born_06/Pg finite real scalar"
"PASS: ""born_06/Ppp finite real scalar"
"EVALUATED: ""born_06"
"PASS: ""born_07/Pg finite real scalar"
"PASS: ""born_07/Ppp finite real scalar"
"EVALUATED: ""born_07"
"PASS: ""born_08/Pg finite real scalar"
"PASS: ""born_08/Ppp finite real scalar"
"EVALUATED: ""born_08"
"PASS: ""real_01/Pg finite real scalar"
"PASS: ""real_01/Ppp finite real scalar"
"PASS: ""real_01/gluon exchange finite real scalar"
"PASS: ""real_01/gluon exchange finite real scalar"
"PASS: ""real_01 identical-gluon exchange"
"EVALUATED: ""real_01"
"PASS: ""real_02/Pg finite real scalar"
"PASS: ""real_02/Ppp finite real scalar"
"PASS: ""real_02/gluon exchange finite real scalar"
"PASS: ""real_02/gluon exchange finite real scalar"
"PASS: ""real_02 identical-gluon exchange"
"EVALUATED: ""real_02"
"PASS: ""real_03/Pg finite real scalar"
"PASS: ""real_03/Ppp finite real scalar"
"PASS: ""real_03/gluon exchange finite real scalar"
"PASS: ""real_03/gluon exchange finite real scalar"
"PASS: ""real_03 identical-gluon exchange"
"EVALUATED: ""real_03"
"PASS: ""real_04/Pg finite real scalar"
"PASS: ""real_04/Ppp finite real scalar"
"PASS: ""real_04/gluon exchange finite real scalar"
"PASS: ""real_04/gluon exchange finite real scalar"
"PASS: ""real_04 identical-gluon exchange"
"EVALUATED: ""real_04"
"PASS: ""real_05/Pg finite real scalar"
"PASS: ""real_05/Ppp finite real scalar"
"PASS: ""real_05/gluon exchange finite real scalar"
"PASS: ""real_05/gluon exchange finite real scalar"
"PASS: ""real_05 identical-gluon exchange"
"EVALUATED: ""real_05"
"PASS: ""real_06/Pg finite real scalar"
"PASS: ""real_06/Ppp finite real scalar"
"PASS: ""real_06/gluon exchange finite real scalar"
"PASS: ""real_06/gluon exchange finite real scalar"
"PASS: ""real_06 identical-gluon exchange"
"EVALUATED: ""real_06"
"PASS: ""real_07/Pg finite real scalar"
"PASS: ""real_07/Ppp finite real scalar"
"PASS: ""real_07/gluon exchange finite real scalar"
"PASS: ""real_07/gluon exchange finite real scalar"
"PASS: ""real_07 identical-gluon exchange"
"EVALUATED: ""real_07"
"PASS: ""real_08/Pg finite real scalar"
"PASS: ""real_08/Ppp finite real scalar"
"PASS: ""real_08/gluon exchange finite real scalar"
"PASS: ""real_08/gluon exchange finite real scalar"
"PASS: ""real_08 identical-gluon exchange"
"EVALUATED: ""real_08"
"PASS: ""complete local coverage"
"PASS: ""accepted copied s02_born_and_projectors.wl"
"PASS: ""unchanged parent s02_born_and_projectors.wl"
"PASS: ""accepted copied s02_result.wl"
"PASS: ""unchanged parent s02_result.wl"
"PASS: ""accepted copied s04_generate_amplitudes.wl"
"PASS: ""unchanged parent s04_generate_amplitudes.wl"
"PASS: ""accepted copied s04_result.wl"
"PASS: ""unchanged parent s04_result.wl"
"PASS: ""accepted copied s05_contract_real.wl"
"PASS: ""unchanged parent s05_contract_real.wl"
"PASS: ""accepted copied s05_result.wl"
"PASS: ""unchanged parent s05_result.wl"
"PASS: ""sample unchanged"
"PASS: ""new local output"
"PASS: ""local JSON reload"
"HQG_MADGRAPH_S04_SUCCESS"
