{
  "PhysicalPoints": 16,
  "ProjectionComparisons": 32,
  "AllProjectorsWithinTolerance": true,
  "AllAzimuthAveragesWithinTolerance": true,
  "MaximumProjectorRelativeDifference": 2.056886120686034e-12,
  "MaximumAzimuthAverageRelativeDifference": 1.37208688122839e-13,
  "MaximumGluonExchangeRelativeDifference": 3.2499497972157905e-13,
  "ByProcess": {
    "born": {
      "Count": 16,
      "AllWithinTolerance": true,
      "MaximumRelativeDifference": 2.056886120686034e-12
    },
    "real": {
      "Count": 16,
      "AllWithinTolerance": true,
      "MaximumRelativeDifference": 1.4652712773901644e-12
    }
  }
}
HQG_MADGRAPH_S05_SUCCESS
