"PASS: ""complete entry point syntax"
"PASS: ""reviewed local implementation"
"PASS: ""bound input misc/s01_result/reference/s14_result.wl"
"PASS: ""bound input misc/s01_result/reference/s14_checks.json"
"PASS: ""bound input misc/s01_result/reference/s14_residual_F1.wl"
"PASS: ""bound input misc/s01_result/reference/s14_residual_F2.wl"
"PASS: ""bound input Hqg/s11_result/s11_result.wl"
"PASS: ""bound input Hqg/s11_result/reference/before_dimensional_completion/s11_result.wl"
"PASS: ""bound input common/s02_result/s02_result.wl"
"PASS: ""bound input common/s10_result/s10_result.wl"
"PASS: ""bound input Hgq/s10_dimensional_gluon_result/s10_result.wl"
"PASS: ""bound input common/s14_assemble_finite_spin.wls"
"PASS: ""bound input common/s14_check_Hqg_reference_terms.wls"
"PASS: ""bound input common/s11_collinear_spin_convolutions.wls"
"PASS: ""bound input common/s11_check_dimensional_convolution.wls"
"PASS: ""native FeynCalc loaded"
"PASS: ""original diagnostic checks and schema"
"PASS: ""exact current subtraction in failed assembly"
"PASS: ""saved original subtraction identity"
"PASS: ""same physical labels and checked native inputs"
"PASS: ""same original assembly"
"PASS: ""unchanged normalization definitions"
"PASS: ""saved normalization syntax"
"PASS: ""exact saved finite counterterm difference"
"PASS: ""exact readable residual F1"
"PASS: ""same branch variables F1"
"COMPARE_BEGIN ""F1"
"RESIDUAL ""F1"" "InputForm[(alphaS^2*eq^2*(Q^4*(omega + Q^2)^2 + omega^2*s^2 - 2*omega*s^3 + s^4)*(-1 + SUNN^2)*(2*Nf - 11*SUNN + 12*SUNN*Log[s/B]))/(24*Pi^3*(omega + Q^2)*s*(Q^2 + s)^2*SUNN)]
"RESIDUAL_WITHOUT_COMPLETION ""F1"" "InputForm[0]
"PASS: ""exact readable residual F2"
"PASS: ""same branch variables F2"
"COMPARE_BEGIN ""F2"
"RESIDUAL ""F2"" "InputForm[(alphaS^2*eq^2*Q^2*(Q^4*(omega + Q^2)^2 - 4*omega*Q^2*(omega + Q^2)*s + (omega + 2*Q^2)^2*s^2 - 2*omega*s^3 + s^4)*(-1 + SUNN)*(1 + SUNN)*(2*Nf - 11*SUNN + 12*SUNN*Log[s/B]))/(12*Pi^3*(omega + Q^2)*s*(Q^2 + s)^3*SUNN)]
"RESIDUAL_WITHOUT_COMPLETION ""F2"" "InputForm[0]
"PASS: ""unique recorded gluon fragmentation route"
"PASS: ""native and completed intermediate labels"
"PASS: ""native Gram dual identity"
"ENDPOINT_EVIDENCE "InputForm[<|"OldEToUSoft" -> 4*SUNN, "OldEToUDelta" -> (-2*Nf)/3 + (11*SUNN)/3, "NativeEToUSoft" -> 0, "SoftDifference" -> 4*SUNN|>]
"PASS: ""bounded local result"
"PASS: ""exact result reload"
"PASS: s01_check_Hqg_residual"
