sidis.py 10049
NLO/Pg/fchn5A.py 47499
  _PolyLOG ['s', 'z']
  PolyLOG ['s', 'z']
  regular ['g', 'gp', 's', 't', 'Q', 's23', 'mu', 'nf']
  delta ['g', 'gp', 's', 't', 'Q', 's23', 'mu', 'B', 'nf']
  plus1B ['g', 'gp', 's', 't', 'Q', 's23', 'mu', 'B', 'nf']
  plus2B ['g', 'gp', 's', 't', 'Q', 's23', 'mu', 'B', 'nf']
NLO/Pg/fchn5B.py 1059
  _PolyLOG ['s', 'z']
  PolyLOG ['s', 'z']
  regular ['g', 'gp', 's', 't', 'Q', 's23', 'mu', 'nf']
  delta ['g', 'gp', 's', 't', 'Q', 's23', 'mu', 'B', 'nf']
  plus1B ['g', 'gp', 's', 't', 'Q', 's23', 'mu', 'B', 'nf']
  plus2B ['g', 'gp', 's', 't', 'Q', 's23', 'mu', 'B', 'nf']
NLO/Pg/fchn5C.py 1059
  _PolyLOG ['s', 'z']
  PolyLOG ['s', 'z']
  regular ['g', 'gp', 's', 't', 'Q', 's23', 'mu', 'nf']
  delta ['g', 'gp', 's', 't', 'Q', 's23', 'mu', 'B', 'nf']
  plus1B ['g', 'gp', 's', 't', 'Q', 's23', 'mu', 'B', 'nf']
  plus2B ['g', 'gp', 's', 't', 'Q', 's23', 'mu', 'B', 'nf']
NLO/Ppp/fchn5A.py 41021
  _PolyLOG ['s', 'z']
  PolyLOG ['s', 'z']
  regular ['g', 'gp', 's', 't', 'Q', 's23', 'mu', 'nf']
  delta ['g', 'gp', 's', 't', 'Q', 's23', 'mu', 'B', 'nf']
  plus1B ['g', 'gp', 's', 't', 'Q', 's23', 'mu', 'B', 'nf']
  plus2B ['g', 'gp', 's', 't', 'Q', 's23', 'mu', 'B', 'nf']
NLO/Ppp/fchn5B.py 1059
  _PolyLOG ['s', 'z']
  PolyLOG ['s', 'z']
  regular ['g', 'gp', 's', 't', 'Q', 's23', 'mu', 'nf']
  delta ['g', 'gp', 's', 't', 'Q', 's23', 'mu', 'B', 'nf']
  plus1B ['g', 'gp', 's', 't', 'Q', 's23', 'mu', 'B', 'nf']
  plus2B ['g', 'gp', 's', 't', 'Q', 's23', 'mu', 'B', 'nf']
NLO/Ppp/fchn5C.py 1059
  _PolyLOG ['s', 'z']
  PolyLOG ['s', 'z']
  regular ['g', 'gp', 's', 't', 'Q', 's23', 'mu', 'nf']
  delta ['g', 'gp', 's', 't', 'Q', 's23', 'mu', 'B', 'nf']
  plus1B ['g', 'gp', 's', 't', 'Q', 's23', 'mu', 'B', 'nf']
  plus2B ['g', 'gp', 's', 't', 'Q', 's23', 'mu', 'B', 'nf']
PASS: production frozen; published Hqqbar reference downloaded and hashed
