"PASS: ""frozen s12_final_hats.wl"
"PASS: ""frozen s12_result.wl"
"PASS: ""frozen s12_poles.wl"
"PASS: ""frozen s02_result.wl"
"PASS: ""frozen s09_result.wl"
"PASS: ""frozen s10_result.wl"
"PASS: ""frozen s11_result.wl"
"PASS: ""dilogarithm identities are complete and source bound"
"PASS: ""independent result was accepted without authors coefficients"
"PASS: ""comparison is the requested Hqg channel"
"PASS: ""invariant scalar products have a unique solution"
"PASS: ""transverse projection has a unique solution"
"PASS: ""transverse projection is orthogonal"
"PASS: ""physical-variable map has a unique algebraic solution"
"PASS: ""derived variable map equals the authors map"
"PASS: ""derived kinematics reduce to the independent Born definitions"
"PASS: ""authors color specialization is explicit"
"PASS: ""both structure functions have author coefficients"
"PASS: ""coefficient-times-plus action reconstructs exactly"
"PASS: ""plus logarithm scale shift is recoil independent"
"PASS: ""plus logarithm bases reconstruct exactly"
"Compare ""F1_1_Regular""; memory = "263644976
"PASS: ""comparison radical is positive in its physical region"
"PASS: ""radical coordinate has a unique inverse"
"PASS: ""radical coordinate reconstructs its definition"
"PASS: ""radical substitution has an exact round trip"
"Normalize "16" radicals"
"Normalize "40" distinct functions"
"Normalized function "10"/"40
"Normalized function "20"/"40
"Normalized function "30"/"40
"Normalized function "40"/"40
"Normalize "2" phase functions"
"PASS: ""normalized function assembly is finite"
"PASS: ""comparison is polynomial in its formal functions"
"Factored formal input leaves = "858728
"Reduce "18" algebraic coefficients"
"Reduce coefficient "1"/"18"; leaves = "362990
"Saved coefficient "1"/"18"; zero = "False
"Reduce coefficient "2"/"18"; leaves = "77245
"Saved coefficient "2"/"18"; zero = "True
"Reduce coefficient "3"/"18"; leaves = "67116
"Saved coefficient "3"/"18"; zero = "True
"Reduce coefficient "4"/"18"; leaves = "57598
"Saved coefficient "4"/"18"; zero = "True
"Reduce coefficient "5"/"18"; leaves = "57598
"Saved coefficient "5"/"18"; zero = "True
"Reduce coefficient "6"/"18"; leaves = "439
"Saved coefficient "6"/"18"; zero = "True
"Reduce coefficient "7"/"18"; leaves = "57459
"Saved coefficient "7"/"18"; zero = "True
"Reduce coefficient "8"/"18"; leaves = "64678
"Saved coefficient "8"/"18"; zero = "True
"Reduce coefficient "9"/"18"; leaves = "1347
"Saved coefficient "9"/"18"; zero = "True
"Reduce coefficient "10"/"18"; leaves = "3414
"Saved coefficient "10"/"18"; zero = "True
"Reduce coefficient "11"/"18"; leaves = "2120
"Saved coefficient "11"/"18"; zero = "True
"Reduce coefficient "12"/"18"; leaves = "42427
"Saved coefficient "12"/"18"; zero = "False
"Reduce coefficient "13"/"18"; leaves = "42427
"Saved coefficient "13"/"18"; zero = "False
"Reduce coefficient "14"/"18"; leaves = "7550
"Saved coefficient "14"/"18"; zero = "True
"Reduce coefficient "15"/"18"; leaves = "5246
"Saved coefficient "15"/"18"; zero = "True
"Reduce coefficient "16"/"18"; leaves = "2622
"Saved coefficient "16"/"18"; zero = "True
"Reduce coefficient "17"/"18"; leaves = "2622
"Saved coefficient "17"/"18"; zero = "True
"Reduce coefficient "18"/"18"; leaves = "1011
"Saved coefficient "18"/"18"; zero = "True
"PASS: ""comparison reduction is finite"
"Reduced difference leaves = "13590
