"PASS: ""frozen s12_final_hats.wl"
"PASS: ""frozen s12_result.wl"
"PASS: ""frozen s12_poles.wl"
"PASS: ""frozen s02_result.wl"
"PASS: ""frozen s09_result.wl"
"PASS: ""frozen s10_result.wl"
"PASS: ""frozen s11_result.wl"
"PASS: ""dilogarithm identities are complete and source bound"
"PASS: ""independent result was accepted without authors coefficients"
"PASS: ""comparison is the requested Hqg channel"
"PASS: ""invariant scalar products have a unique solution"
"PASS: ""transverse projection has a unique solution"
"PASS: ""transverse projection is orthogonal"
"PASS: ""physical-variable map has a unique algebraic solution"
"PASS: ""derived variable map equals the authors map"
"PASS: ""derived kinematics reduce to the independent Born definitions"
"PASS: ""authors color specialization is explicit"
"PASS: ""both structure functions have author coefficients"
"PASS: ""coefficient-times-plus action reconstructs exactly"
"PASS: ""plus logarithm scale shift is recoil independent"
"PASS: ""plus logarithm bases reconstruct exactly"
"Compare ""F1_1_Regular""; memory = "263637720
"PASS: ""comparison radical is positive in its physical region"
"PASS: ""radical coordinate has a unique inverse"
"PASS: ""radical coordinate reconstructs its definition"
"PASS: ""radical substitution has an exact round trip"
"Normalize "16" radicals"
"Normalize "40" distinct functions"
"Normalized function "10"/"40
"Normalized function "20"/"40
"Normalized function "30"/"40
"Normalized function "40"/"40
"Normalize "2" phase functions"
"PASS: ""normalized function assembly is finite"
"PASS: ""comparison is polynomial in its formal functions"
"Factored formal input leaves = "858728
"PASS: ""term factors reconstruct exactly"
"PASS: ""grouping preserves every original factor row"
"PASS: ""each coefficient group has one common monomial"
"PASS: ""scalar coefficient grouping is exactly distributive"
"Reduce "18" algebraic coefficients"
"Reduce coefficient "1"/"18"; leaves = "362990
"Factor "870" rational summands"
"Factored summand "100"/"870
"Factored summand "200"/"870
"Factored summand "300"/"870
"Factored summand "400"/"870
"Factored summand "500"/"870
"Factored summand "600"/"870
"Factored summand "700"/"870
"Factored summand "800"/"870
"Combine rational summands; leaves = "467711
"PASS: ""rational coefficient reduction is finite"
"Saved coefficient "1"/"18"; zero = "False
"Reduce coefficient "2"/"18"; leaves = "77245
"Factor "249" rational summands"
"Factored summand "100"/"249
"Factored summand "200"/"249
"Combine rational summands; leaves = "89438
"PASS: ""rational coefficient reduction is finite"
"Saved coefficient "2"/"18"; zero = "True
"Reduce coefficient "3"/"18"; leaves = "67116
"Factor "168" rational summands"
"Factored summand "100"/"168
"Combine rational summands; leaves = "76354
"PASS: ""rational coefficient reduction is finite"
"Saved coefficient "3"/"18"; zero = "True
"Reduce coefficient "4"/"18"; leaves = "57598
"Factor "146" rational summands"
"Factored summand "100"/"146
"Combine rational summands; leaves = "60284
"PASS: ""rational coefficient reduction is finite"
"Saved coefficient "4"/"18"; zero = "True
"Reduce coefficient "5"/"18"; leaves = "57598
"Saved coefficient "5"/"18"; zero = "True
"Reduce coefficient "6"/"18"; leaves = "439
"Factor "2" rational summands"
"Combine rational summands; leaves = "1
"PASS: ""rational coefficient reduction is finite"
"Saved coefficient "6"/"18"; zero = "True
"Reduce coefficient "7"/"18"; leaves = "57459
"Factor "150" rational summands"
"Factored summand "100"/"150
"Combine rational summands; leaves = "63874
"PASS: ""rational coefficient reduction is finite"
"Saved coefficient "7"/"18"; zero = "True
"Reduce coefficient "8"/"18"; leaves = "64678
"Factor "209" rational summands"
"Factored summand "100"/"209
"Factored summand "200"/"209
"Combine rational summands; leaves = "76055
"PASS: ""rational coefficient reduction is finite"
"Saved coefficient "8"/"18"; zero = "True
"Reduce coefficient "9"/"18"; leaves = "1347
"Factor "18" rational summands"
"Combine rational summands; leaves = "839
"PASS: ""rational coefficient reduction is finite"
"Saved coefficient "9"/"18"; zero = "True
"Reduce coefficient "10"/"18"; leaves = "3414
"Factor "24" rational summands"
"Combine rational summands; leaves = "2606
"PASS: ""rational coefficient reduction is finite"
"Saved coefficient "10"/"18"; zero = "True
"Reduce coefficient "11"/"18"; leaves = "2120
"Factor "20" rational summands"
"Combine rational summands; leaves = "1895
"PASS: ""rational coefficient reduction is finite"
"Saved coefficient "11"/"18"; zero = "True
"Reduce coefficient "12"/"18"; leaves = "42427
"Factor "109" rational summands"
"Factored summand "100"/"109
"Combine rational summands; leaves = "50461
"PASS: ""rational coefficient reduction is finite"
"Saved coefficient "12"/"18"; zero = "False
"Reduce coefficient "13"/"18"; leaves = "42427
"Factor "109" rational summands"
"Factored summand "100"/"109
"Combine rational summands; leaves = "50459
"PASS: ""rational coefficient reduction is finite"
"Saved coefficient "13"/"18"; zero = "False
"Reduce coefficient "14"/"18"; leaves = "7550
"Factor "30" rational summands"
"Combine rational summands; leaves = "4995
"PASS: ""rational coefficient reduction is finite"
"Saved coefficient "14"/"18"; zero = "True
"Reduce coefficient "15"/"18"; leaves = "5246
"Factor "22" rational summands"
"Combine rational summands; leaves = "3967
"PASS: ""rational coefficient reduction is finite"
"Saved coefficient "15"/"18"; zero = "True
"Reduce coefficient "16"/"18"; leaves = "2622
"Factor "6" rational summands"
"Combine rational summands; leaves = "2373
"PASS: ""rational coefficient reduction is finite"
"Saved coefficient "16"/"18"; zero = "True
"Reduce coefficient "17"/"18"; leaves = "2622
"Saved coefficient "17"/"18"; zero = "True
"Reduce coefficient "18"/"18"; leaves = "1011
"Factor "4" rational summands"
"Combine rational summands; leaves = "318
"PASS: ""rational coefficient reduction is finite"
"Saved coefficient "18"/"18"; zero = "True
"PASS: ""comparison reduction is finite"
