"PASS: ""accepted input misc/s26_result/s26_result.wl"
"PASS: ""accepted input misc/s23_result/s23_result.wl"
"PASS: ""accepted input Hqqbar/s12_rational_series_result/s12_result.wl"
"PASS: ""accepted input misc/s24_result/s24_result.wl"
"PASS: ""accepted argument comparison retained"
"PASS: ""executed reference product source retained"
"PASS: ""reviewed actual parent source"
"PASS: ""complete executed product adapter boundary"
"PASS: ""complete executed product adapter syntax"
"PASS: ""unique complete reference product definition"
"PASS: ""single bounded product correction"
"PASS: ""complete product correction syntax and reversible source"
"PASS: ""one rational preparation call replaced"
"PASS: ""master product and valuation checks retained"
"PASS: ""native master retains its regulator remainder"
"PASS: ""exact raw regulator ratio retained"
"PASS: ""coefficient valuation is rational"
"PASS: ""integer coefficient regulator valuation"
"PASS: ""actual coefficient preserves required master depth"
"PASS: ""integer master Laurent support"
"PASS: ""master Laurent coefficients independent of regulator"
"PASS: ""complete master Laurent reconstruction"
"PASS: ""accepted exact polynomial backend retained"
"PASS: ""raw scalar ratio exactly reconstructs"
"PASS: ""unassigned algebraic input generators"
"PASS: ""algebraic generators preserve the exact input"
"PASS: ""lifted algebraic atoms independent of regulator"
"PASS: ""complete rational polynomial support"
"PASS: ""unassigned polynomial transfer generators"
"PASS: ""complete polynomial transfer text reconstructs"
"PASS: ""complete polynomial transfer text reconstructs"
"PASS: ""exact native polynomial JSON transfer"
"REGULATOR_POLYNOMIAL_BACKEND_START input_bytes "457656" transfer_bytes "27190
"EXACT_POLYNOMIAL_SUM regulator_recurrence_0 1 1 0.001\nEXACT_POLYNOMIAL_SUM regulator_residual_0 2 2 0.003\nREGULATOR_SERIES_COEFFICIENT 0 1 0.006\nEXACT_POLYNOMIAL_SUM regulator_recurrence_1 2 2 0.004\nEXACT_POLYNOMIAL_SUM regulator_residual_1 3 3 0.012\nREGULATOR_SERIES_COEFFICIENT 1 1 0.029\n"
"Traceback (most recent call last):\n  File \"/home/physics/projects/AI_Assisted_SIDIS/scripts/polarized_SIDIS/misc/s29_regulator_series.py\", line 118, in <module>\n    main()\n    ~~~~^^\n  File \"/home/physics/projects/AI_Assisted_SIDIS/scripts/polarized_SIDIS/misc/s29_regulator_series.py\", line 112, in main\n    temporary.write_text(json.dumps(answer))\n                         ~~~~~~~~~~^^^^^^^^\n  File \"/home/physics/miniforge3/lib/python3.13/json/__init__.py\", line 235, in dumps\n    return _default_encoder.encode(obj)\n           ~~~~~~~~~~~~~~~~~~~~~~~^^^^^\n  File \"/home/physics/miniforge3/lib/python3.13/json/encoder.py\", line 202, in encode\n    chunks = self.iterencode(o, _one_shot=True)\n  File \"/home/physics/miniforge3/lib/python3.13/json/encoder.py\", line 263, in iterencode\n    return _iterencode(o, 0)\n  File \"/home/physics/miniforge3/lib/python3.13/json/encoder.py\", line 182, in default\n    raise TypeError(f'Object of type {o.__class__.__name__} '\n                    f'is not JSON serializable')\nTypeError: Object of type fmpz is not JSON serializable\n"
"FAIL: ""exact polynomial normalization completed"
