[Hqq_v2, people or agents working on other channels should ignore]

FCGV::shdw: Symbol FCGV appears in multiple contexts {FeynArts`, FeynCalc`}; definitions in context FeynArts` may shadow or be shadowed by other definitions.
S03_STAGE=off-shell SMQCD renormalization objects
S03_DEFAULT_PREFACTOR=InputForm[-I]
S03_GLUON_UV_ROW=1/4
S03_GLUON_UV_ROW=2/4
S03_GLUON_UV_ROW=3/4
S03_GLUON_UV_ROW=4/4
S03_RENORMALIZATION_CONSTANTS_SOLVED
S03_STAGE=project accepted S02 tensors
S03_REAL_PROJECT_ROW=Pg Hqq;gg 1/8
S03_REAL_PROJECT_ROW=Pg Hqq;gg 2/8
S03_REAL_PROJECT_ROW=Pg Hqq;gg 3/8
S03_REAL_PROJECT_ROW=Pg Hqq;gg 4/8
S03_REAL_PROJECT_ROW=Pg Hqq;gg 5/8
S03_REAL_PROJECT_ROW=Pg Hqq;gg 6/8
S03_REAL_PROJECT_ROW=Pg Hqq;gg 7/8
S03_REAL_PROJECT_ROW=Pg Hqq;gg 8/8
S03_REAL_PROJECT_ROW=Pg Hqq;q_qbar_sameFlavor 1/8
S03_REAL_PROJECT_ROW=Pg Hqq;q_qbar_sameFlavor 2/8
S03_REAL_PROJECT_ROW=Pg Hqq;q_qbar_sameFlavor 3/8
S03_REAL_PROJECT_ROW=Pg Hqq;q_qbar_sameFlavor 4/8
S03_REAL_PROJECT_ROW=Pg Hqq;q_qbar_sameFlavor 5/8
S03_REAL_PROJECT_ROW=Pg Hqq;q_qbar_sameFlavor 6/8
S03_REAL_PROJECT_ROW=Pg Hqq;q_qbar_sameFlavor 7/8
S03_REAL_PROJECT_ROW=Pg Hqq;q_qbar_sameFlavor 8/8
S03_REAL_PROJECT_ROW=Pg Hqq;qPrime_qbarPrime 1/4
S03_REAL_PROJECT_ROW=Pg Hqq;qPrime_qbarPrime 2/4
S03_REAL_PROJECT_ROW=Pg Hqq;qPrime_qbarPrime 3/4
S03_REAL_PROJECT_ROW=Pg Hqq;qPrime_qbarPrime 4/4
S03_REAL_PROJECT_ROW=PPP Hqq;gg 1/8
S03_REAL_PROJECT_ROW=PPP Hqq;gg 2/8
S03_REAL_PROJECT_ROW=PPP Hqq;gg 3/8
S03_REAL_PROJECT_ROW=PPP Hqq;gg 4/8
S03_REAL_PROJECT_ROW=PPP Hqq;gg 5/8
S03_REAL_PROJECT_ROW=PPP Hqq;gg 6/8
S03_REAL_PROJECT_ROW=PPP Hqq;gg 7/8
S03_REAL_PROJECT_ROW=PPP Hqq;gg 8/8
S03_REAL_PROJECT_ROW=PPP Hqq;q_qbar_sameFlavor 1/8
S03_REAL_PROJECT_ROW=PPP Hqq;q_qbar_sameFlavor 2/8
S03_REAL_PROJECT_ROW=PPP Hqq;q_qbar_sameFlavor 3/8
S03_REAL_PROJECT_ROW=PPP Hqq;q_qbar_sameFlavor 4/8
S03_REAL_PROJECT_ROW=PPP Hqq;q_qbar_sameFlavor 5/8
S03_REAL_PROJECT_ROW=PPP Hqq;q_qbar_sameFlavor 6/8
S03_REAL_PROJECT_ROW=PPP Hqq;q_qbar_sameFlavor 7/8
S03_REAL_PROJECT_ROW=PPP Hqq;q_qbar_sameFlavor 8/8
S03_REAL_PROJECT_ROW=PPP Hqq;qPrime_qbarPrime 1/4
S03_REAL_PROJECT_ROW=PPP Hqq;qPrime_qbarPrime 2/4
S03_REAL_PROJECT_ROW=PPP Hqq;qPrime_qbarPrime 3/4
S03_REAL_PROJECT_ROW=PPP Hqq;qPrime_qbarPrime 4/4
S03_VIRTUAL_PROJECT_ROW=Pg 1/15
S03_VIRTUAL_PROJECT_ROW=Pg 2/15
S03_VIRTUAL_PROJECT_ROW=Pg 3/15
S03_VIRTUAL_PROJECT_ROW=Pg 4/15
S03_VIRTUAL_PROJECT_ROW=Pg 5/15
S03_VIRTUAL_PROJECT_ROW=Pg 6/15
S03_VIRTUAL_PROJECT_ROW=Pg 7/15
S03_VIRTUAL_PROJECT_ROW=Pg 8/15
S03_VIRTUAL_PROJECT_ROW=Pg 9/15
S03_VIRTUAL_PROJECT_ROW=Pg 10/15
S03_VIRTUAL_PROJECT_ROW=Pg 11/15
S03_VIRTUAL_PROJECT_ROW=Pg 12/15
S03_VIRTUAL_PROJECT_ROW=Pg 13/15
S03_VIRTUAL_PROJECT_ROW=Pg 14/15
S03_VIRTUAL_PROJECT_ROW=Pg 15/15
S03_VIRTUAL_PROJECT_ROW=PPP 1/15
S03_VIRTUAL_PROJECT_ROW=PPP 2/15
S03_VIRTUAL_PROJECT_ROW=PPP 3/15
S03_VIRTUAL_PROJECT_ROW=PPP 4/15
S03_VIRTUAL_PROJECT_ROW=PPP 5/15
S03_VIRTUAL_PROJECT_ROW=PPP 6/15
S03_VIRTUAL_PROJECT_ROW=PPP 7/15
S03_VIRTUAL_PROJECT_ROW=PPP 8/15
S03_VIRTUAL_PROJECT_ROW=PPP 9/15
S03_VIRTUAL_PROJECT_ROW=PPP 10/15
S03_VIRTUAL_PROJECT_ROW=PPP 11/15
S03_VIRTUAL_PROJECT_ROW=PPP 12/15
S03_VIRTUAL_PROJECT_ROW=PPP 13/15
S03_VIRTUAL_PROJECT_ROW=PPP 14/15
S03_VIRTUAL_PROJECT_ROW=PPP 15/15
S03_STAGE=scalar real Ward and reference gates
S03_EM_WARD_SCALAR=Hqq;gg
S03_EM_WARD_SCALAR=Hqq;q_qbar_sameFlavor
S03_EM_WARD_SCALAR=Hqq;qPrime_qbarPrime
S03_GLUON_WARD_SCALAR=Pg InputForm[k2]
S03_GLUON_WARD_SCALAR=Pg InputForm[k3]
S03_GLUON_WARD_SCALAR=PPP InputForm[k2]
S03_GLUON_WARD_SCALAR=PPP InputForm[k3]
S03_REFERENCE_SCALAR=Pg
S03_REFERENCE_SCALAR=PPP
S03_STAGE=generated counterterm directed projections
S03_COUNTERTERM_ROW=Pg 1/6
S03_COUNTERTERM_ROW=Pg 2/6
S03_COUNTERTERM_ROW=Pg 3/6
S03_COUNTERTERM_ROW=Pg 4/6
S03_COUNTERTERM_ROW=Pg 5/6
S03_COUNTERTERM_ROW=Pg 6/6
S03_COUNTERTERM_ROW=PPP 1/6
S03_COUNTERTERM_ROW=PPP 2/6
S03_COUNTERTERM_ROW=PPP 3/6
S03_COUNTERTERM_ROW=PPP 4/6
S03_COUNTERTERM_ROW=PPP 5/6
S03_COUNTERTERM_ROW=PPP 6/6
S03_STAGE=batch distinct-master UV extraction
S03_FAILURE: exact MS-bar UV-pole cancellation failed
