"PASS: ""authorized local coefficient execution"
"PASS: ""bound complete local source"
"PASS: ""pinned local coefficient input .cluster/s02_execute.py"
"PASS: ""pinned local coefficient input Hgg/s05_result/s05_metadata.wl"
"PASS: ""pinned local coefficient input Hgg/s05_result/s05_result.wl"
"PASS: ""pinned local coefficient input Hqqprime/s08_cancel_denominator_result/s08_result.wl"
"PASS: ""pinned local coefficient input Hqqprime/s08_streamed_result/s08_execution.json"
"PASS: ""pinned local coefficient input Hqqprime/s08_streamed_result/s08_result.wl"
"PASS: ""pinned local coefficient input cache/s08_coefficient_check/5f814c41b2ea52650d1f94ce8379c9b37f7b551f6b6020ca41c440a024093df4/s08_raw_map.wl"
"PASS: ""pinned local coefficient input common/s06_result/s06_result.wl"
"PASS: ""pinned local coefficient input common/s08_extend_real_reduction.wls"
"PASS: ""pinned local coefficient input common/s08_inputs.json"
"PASS: ""pinned local coefficient input common/s08_map_real_spin.wls"
"PASS: ""pinned local coefficient input common/s08_map_real_spin_compact_inputs.wls"
"PASS: ""pinned local coefficient input common/s08_map_real_spin_streamed.wls"
"PASS: ""pinned local coefficient input common/s08_rational_sum_inputs.json"
"PASS: ""pinned local coefficient input common/s08_result/reference/s03_real_families.wl"
"PASS: ""pinned local coefficient input common/s08_result/reference/s08_map_real_spin_before_known_denominator.wls"
"PASS: ""pinned local coefficient input common/s08_result/reference/s11_real_master_coefficients.wl"
"PASS: ""pinned local coefficient input misc/s08_collect_Hgg_targets.wls"
"PASS: ""pinned local coefficient input misc/s08_inputs.json"
"PASS: ""pinned local coefficient input misc/s08_result/s08_execution.json"
"PASS: ""pinned local coefficient input misc/s08_result/s08_result.wl"
"PASS: ""pinned local coefficient input misc/s09_inputs.json"
"PASS: ""pinned local coefficient input misc/s09_reduce_Hgg_targets.wls"
"PASS: ""pinned local coefficient input misc/s09_result/s09_execution.json"
"PASS: ""pinned local coefficient input misc/s09_result/s09_reduction.wl"
"PASS: ""pinned local coefficient input misc/s10_interface_review.json"
"PASS: ""pinned local coefficient input misc/s10_source_changes.json"
"PASS: ""accepted local component storage"
"PASS: ""accepted local upstream receipt misc/s08_result/s08_execution.json"
"PASS: ""accepted local upstream receipt misc/s09_result/s09_execution.json"
"PASS: ""complete source syntax"
"PASS: ""unchanged streamed baseline"
"PASS: ""pinned original mapper"

ReadByteArray::bfmt: The stream /home/physics/projects/AI_Assisted_SIDIS/scripts/polarized_SIDIS/misc/s10_reduce_Hgg_coefficients.wls has been opened with BinaryFormat -> False and cannot be used with binary data.
"PASS: ""unchanged mapping functions"
"PASS: ""accepted real spin input"
"PASS: ""accepted scalar reuse library"
"PASS: ""s02 unchanged scalar input"
"PASS: ""s04 unchanged scalar input"
"PASS: ""accepted geometry and reduction"
"PASS: ""same cut momenta"
"PASS: ""same positive-energy support"
"PASS: ""unique loop-coordinate conversion"
"PASS: ""all scalar products reconstruct"
"PASS: ""coordinate change preserves measured transverse constraint"
"PASS: ""pinned GitHub coefficient assembly"
"PASS: ""unchanged GitHub coefficient loop"
"PASS: ""pinned unchanged coefficient implementation"
"PASS: ""same original task inventory"
"PASS: ""same original bookkeeping"
"PASS: ""unique saved reduction targets"
"PASS: ""pinned previous production mapper"
"PASS: ""pinned complete rational-sum validation"
"PASS: ""accepted complete rational-sum validation"
"PASS: ""executed rational-sum definitions"
"PASS: ""accepted coefficient control raw-map identity"
"PASS: ""accepted coefficient control reconstruction"
"PASS: ""validation used these original reduction rules"
"PASS: ""accepted real reduction extension"
"PASS: ""real reduction extension original input identities"
"PASS: ""real reduction extension source identity"
"PASS: ""real reduction extension retains original masters and cuts"
"PASS: ""unique extended reduction targets"
"PASS: ""accepted complete raw-target map"
"PASS: ""raw-target map identical physical inputs"
"PASS: ""raw-target component ordering"
"PASS: ""accepted streamed numerator receipt"
"PASS: ""accepted streamed numerator comparison"
"PASS: ""streamed numerator comparison source binding"
"PASS: ""streamed numerator comparison native versions"
"PASS: ""streamed numerator preserves accepted original equations"
"PASS: ""executed supported-factor cancellation installed"
"PASS: ""executed streamed numerator definition installed"
"PASS: ""compact workers require complete accepted raw map"
"PASS: ""compact tasks preserve complete component metadata"
"PASS: ""compact tasks preserve original zero-input values"
"PASS: ""every omitted value has executed nonempty reconstruction checks"
"PASS: ""complete downstream spin metadata"
"PASS: ""compact spin metadata exact equality"
"S08_COMPACT_INPUTS "InputForm[<|"TaskBytesBefore" -> 68176, "SpinBytesBefore" -> 8468480, "MemoryBefore" -> 295743768, "TaskBytesAfter" -> 65040, "SpinBytesAfter" -> 3728, "MemoryAfter" -> 288773288, "RetainedValuePositions" -> {}|>]
"PASS: ""scalar-map workers share compute node"
"kernel 1 (localhost):"
"Style[\"Loading FeynCalc from /home/physics/.WolframEngine/Applications/FeynCalc/\", \"Text\"]\n"
"kernel 2 (localhost):"
"Style[\"Loading FeynCalc from /home/physics/.WolframEngine/Applications/FeynCalc/\", \"Text\"]\n"
"kernel 1 (localhost):"
"$PrePrint is set to FeynCalcForm. Use FI and FC to change the display format.\n"
"kernel 2 (localhost):"
"$PrePrint is set to FeynCalcForm. Use FI and FC to change the display format.\n"
"kernel 1 (localhost):"
"Style[\"FeynCalc \", \"Text\", Bold]Style[\"10.2.1 (stable version). For help, use the \", \"Text\"]Style[DisplayForm[ButtonBox[\"online documentation,\", ButtonData :> {URL[\"https://feyncalc.github.io/referenceDev\"], None}, BaseStyle -> \"Hyperlink\", ButtonNote -> \"https://feyncalc.github.io/referenceDev\"]], \"Text\"]Style[\" visit the \", \"Text\"]Style[DisplayForm[ButtonBox[\"forum\", ButtonData :> {URL[\"https://github.com/FeynCalc/feyncalc/discussions\"], None}, BaseStyle -> \"Hyperlink\", ButtonNote -> \"https://github.com/FeynCalc/feyncalc/discussions/\"]], \"Text\"]Style[\" and have a look at the supplied \", \"Text\"]Style[DisplayForm[ButtonBox[\"examples.\", BaseStyle -> \"Hyperlink\", ButtonFunction :> SystemOpen[FileNameJoin[{$FeynCalcDirectory, \"Examples\"}]], Evaluator -> Automatic, Method -> \"Preemptive\"]], \"Text\"]Style[\" The PDF-version of the manual can be downloaded \", \"Text\"]Style[DisplayForm[ButtonBox[\"here.\", ButtonData :> {URL[\"https://github.com/FeynCalc/feyncalc-manual/releases/download/dev-manual/FeynCalcManual.pdf\"], None}, BaseStyle -> \"Hyperlink\", ButtonNote -> \"https://github.com/FeynCalc/feyncalc-manual/releases/download/dev-manual/FeynCalcManual.pdf\"]], \"Text\"]\n"
"kernel 2 (localhost):"
"Style[\"FeynCalc \", \"Text\", Bold]Style[\"10.2.1 (stable version). For help, use the \", \"Text\"]Style[DisplayForm[ButtonBox[\"online documentation,\", ButtonData :> {URL[\"https://feyncalc.github.io/referenceDev\"], None}, BaseStyle -> \"Hyperlink\", ButtonNote -> \"https://feyncalc.github.io/referenceDev\"]], \"Text\"]Style[\" visit the \", \"Text\"]Style[DisplayForm[ButtonBox[\"forum\", ButtonData :> {URL[\"https://github.com/FeynCalc/feyncalc/discussions\"], None}, BaseStyle -> \"Hyperlink\", ButtonNote -> \"https://github.com/FeynCalc/feyncalc/discussions/\"]], \"Text\"]Style[\" and have a look at the supplied \", \"Text\"]Style[DisplayForm[ButtonBox[\"examples.\", BaseStyle -> \"Hyperlink\", ButtonFunction :> SystemOpen[FileNameJoin[{$FeynCalcDirectory, \"Examples\"}]], Evaluator -> Automatic, Method -> \"Preemptive\"]], \"Text\"]Style[\" The PDF-version of the manual can be downloaded \", \"Text\"]Style[DisplayForm[ButtonBox[\"here.\", ButtonData :> {URL[\"https://github.com/FeynCalc/feyncalc-manual/releases/download/dev-manual/FeynCalcManual.pdf\"], None}, BaseStyle -> \"Hyperlink\", ButtonNote -> \"https://github.com/FeynCalc/feyncalc-manual/releases/download/dev-manual/FeynCalcManual.pdf\"]], \"Text\"]\n"
"kernel 1 (localhost):"
"Style[\"If you use FeynCalc in your research, please evaluate FeynCalcHowToCite[] to learn how to cite this software.\", \"Text\"]\n"
"kernel 2 (localhost):"
"Style[\"If you use FeynCalc in your research, please evaluate FeynCalcHowToCite[] to learn how to cite this software.\", \"Text\"]\n"
"kernel 1 (localhost):"
"Style[\"Please keep in mind that the proper academic attribution of our work is crucial to ensure the future development of this package!\", {\"Text\", Italic}]\n"
"kernel 2 (localhost):"
"Style[\"Please keep in mind that the proper academic attribution of our work is crucial to ensure the future development of this package!\", {\"Text\", Italic}]\n"
"PASS: ""scalar-map worker native versions agree"
"S08_WORKER_DISTRIBUTION_SECONDS "30.765371`7.939607150114276
"kernel 1 (localhost):"
"\"PASS: \"\"exact individual denominator factorization\"\n"
"kernel 1 (localhost):"
"\"PASS: \"\"unique positive denominator factor powers\"\n"
"kernel 1 (localhost):"
"\"DENOMINATOR_SUPPORT \"\"fresh production worker control\"\" \"InputForm[<|\"TermCount\" -> 2, \"FactorCount\" -> 5, \"FactorPowers\" -> <|s -> 1, Q^2 + s -> 3, SUNN -> 1, t -> 1, 2*Q^2 + s + t -> 1|>, \"InputBytes\" -> 13864, \"CommonDenominatorBytes\" -> 488|>]\n"
"kernel 1 (localhost):"
"\"PASS: \"\"exact common-denominator embedding\"\n"
"kernel 1 (localhost):"
"\"PASS: \"\"exact streamed numerator addition\"\n"
"kernel 1 (localhost):"
"\"STREAMED_NUMERATOR \"\"fresh production worker control\"\" row \"2\"/\"2\" numerator_bytes \"68752\" kernel_memory \"241075040\n"
"kernel 1 (localhost):"
"\"PASS: \"\"exact complete numerator assembly\"\n"
"kernel 1 (localhost):"
"\"DENOMINATOR_NUMERATOR \"\"fresh production worker control\"\" bytes \"68752\" seconds \"0.001995\n"
"kernel 1 (localhost):"
"\"PASS: \"\"matched measured denominator inventory\"\n"
"kernel 1 (localhost):"
"\"PASS: \"\"exact known-factor quotient and remainder\"\n"
"kernel 1 (localhost):"
"\"KNOWN_FACTOR_DIVISION \"\"fresh production worker control\"\" factor \"InputForm[s]\" variable \"s\" seconds \"0.000693\" input_bytes \"68752\" quotient_bytes \"51456\" divides \"False\n"
"kernel 1 (localhost):"
"\"KNOWN_FACTOR_DIVISION \"\"fresh production worker control\"\" factor \"InputForm[Q^2 + s]\" variable \"s\" seconds \"0.001223\" input_bytes \"68752\" quotient_bytes \"46224\" divides \"False\n"
"kernel 1 (localhost):"
"\"KNOWN_FACTOR_DIVISION \"\"fresh production worker control\"\" factor \"InputForm[SUNN]\" variable \"SUNN\" seconds \"0.00119\" input_bytes \"68752\" quotient_bytes \"30784\" divides \"False\n"
"kernel 1 (localhost):"
"\"KNOWN_FACTOR_DIVISION \"\"fresh production worker control\"\" factor \"InputForm[t]\" variable \"t\" seconds \"0.000556\" input_bytes \"68752\" quotient_bytes \"53128\" divides \"False\n"
"kernel 1 (localhost):"
"\"KNOWN_FACTOR_DIVISION \"\"fresh production worker control\"\" factor \"InputForm[2*Q^2 + s + t]\" variable \"s\" seconds \"0.005421\" input_bytes \"68752\" quotient_bytes \"43120\" divides \"False\n"
"kernel 1 (localhost):"
"\"PASS: \"\"exact final numerator factorization\"\n"
"kernel 1 (localhost):"
"\"PASS: \"\"exact final denominator reconstruction\"\n"
"kernel 1 (localhost):"
"\"PASS: \"\"fresh worker reproduces accepted original coefficient\"\n"
"PASS: ""production worker coefficient control accepted"
"kernel 1 (localhost):"
"\"REAL_MAP \"\"Hgg\"\" \"1\"/\"98\" \"<|\"Sector\" -> \"Real\", \"Kind\" -> \"ExtendedResponse\", \"Index\" -> {1, 1, 1}|>\" kernel \"1\n"
"kernel 2 (localhost):"
"\"REAL_MAP \"\"Hgg\"\" \"2\"/\"98\" \"<|\"Sector\" -> \"Real\", \"Kind\" -> \"ExtendedResponse\", \"Index\" -> {1, 1, 2}|>\" kernel \"2\n"
"kernel 2 (localhost):"
"\"PASS: \"\"exact saved raw file\"\n"
"kernel 1 (localhost):"
"\"PASS: \"\"exact saved raw file\"\n"
"kernel 2 (localhost):"
"\"PASS: \"\"raw reader returns complete original record\"\n"
"kernel 2 (localhost):"
"\"PASS: \"\"raw component retains executed reconstruction\"\n"
"kernel 1 (localhost):"
"\"PASS: \"\"raw reader returns complete original record\"\n"
"kernel 1 (localhost):"
"\"PASS: \"\"raw component retains executed reconstruction\"\n"
"kernel 2 (localhost):"
"\"PASS: \"\"known rules end in saved masters\"\n"
"kernel 2 (localhost):"
"\"PASS: \"\"exact individual reduction-rule reconstruction\"\n"
"kernel 1 (localhost):"
"\"PASS: \"\"known rules end in saved masters\"\n"
"kernel 1 (localhost):"
"\"PASS: \"\"exact individual reduction-rule reconstruction\"\n"
"kernel 2 (localhost):"
"\"REAL_MASTER_COEFFICIENT \"\"Hgg\"\" \"2\" \"InputForm[CutIntegral[\"R01\", {1, 1, 0, 0}]]\n"
"kernel 1 (localhost):"
"\"REAL_MASTER_COEFFICIENT \"\"Hgg\"\" \"1\" \"InputForm[CutIntegral[\"R01\", {1, 1, 0, 0}]]\n"
"kernel 2 (localhost):"
"\"PASS: \"\"exact individual denominator factorization\"\n"
"kernel 2 (localhost):"
"\"PASS: \"\"unique positive denominator factor powers\"\n"
"kernel 1 (localhost):"
"\"PASS: \"\"exact individual denominator factorization\"\n"
"kernel 1 (localhost):"
"\"PASS: \"\"unique positive denominator factor powers\"\n"
"kernel 2 (localhost):"
"\"DENOMINATOR_SUPPORT \"{2, CutIntegral[\"R01\", {1, 1, 0, 0}]}\" \"InputForm[<|\"TermCount\" -> 406, \"FactorCount\" -> 19, \"FactorPowers\" -> <|-6 + D -> 1, -4 + D -> 1, -3 + D -> 1, -2 + D -> 1, -1 + D -> 2, D -> 1, 1 + D -> 1, Q -> 2, Q^2 + s -> 6, s - s23 -> 5, SUNN -> 1, s23 - t -> 5, Q^2 + t -> 2, 2*Q^2 + s + t -> 1, -s23 + t -> 5, Q^2 + s - s23 + t -> 4, Q^4 + Q^2*s - 2*Q^2*s23 + Q^2*t - s*t -> 2, Q^2*s23 + s*t -> 2, s^2 + 4*Q^2*s23 + 2*s*t + t^2 -> 5|>, \"InputBytes\" -> 220506720, \"CommonDenominatorBytes\" -> 3808|>]\n"
"kernel 2 (localhost):"
"\"PASS: \"\"exact common-denominator embedding\"\n"
"kernel 1 (localhost):"
"\"DENOMINATOR_SUPPORT \"{1, CutIntegral[\"R01\", {1, 1, 0, 0}]}\" \"InputForm[<|\"TermCount\" -> 406, \"FactorCount\" -> 20, \"FactorPowers\" -> <|-6 + D -> 1, -4 + D -> 1, -3 + D -> 1, -2 + D -> 1, -1 + D -> 2, D -> 1, 1 + D -> 1, Q -> 2, Q^2 + s -> 6, s - s23 -> 5, SUNN -> 1, s23 - t -> 5, t -> 1, Q^2 + t -> 2, 2*Q^2 + s + t -> 1, -s23 + t -> 5, Q^2 + s - s23 + t -> 4, Q^4 + Q^2*s - 2*Q^2*s23 + Q^2*t - s*t -> 2, Q^2*s23 + s*t -> 2, s^2 + 4*Q^2*s23 + 2*s*t + t^2 -> 5|>, \"InputBytes\" -> 226697016, \"CommonDenominatorBytes\" -> 3816|>]\n"
"kernel 1 (localhost):"
"\"PASS: \"\"exact common-denominator embedding\"\n"
"kernel 2 (localhost):"
"\"PASS: \"\"exact streamed numerator addition\"\n"
"kernel 1 (localhost):"
"\"PASS: \"\"exact streamed numerator addition\"\n"
"kernel 2 (localhost):"
"\"STREAMED_NUMERATOR \"{2, CutIntegral[\"R01\", {1, 1, 0, 0}]}\" row \"16\"/\"406\" numerator_bytes \"114468016\" kernel_memory \"1258450656\n"
"kernel 1 (localhost):"
"\"STREAMED_NUMERATOR \"{1, CutIntegral[\"R01\", {1, 1, 0, 0}]}\" row \"16\"/\"406\" numerator_bytes \"116126384\" kernel_memory \"1302541040\n"
"kernel 2 (localhost):"
"\"STREAMED_NUMERATOR \"{2, CutIntegral[\"R01\", {1, 1, 0, 0}]}\" row \"32\"/\"406\" numerator_bytes \"123264440\" kernel_memory \"864264952\n"
"kernel 1 (localhost):"
"\"STREAMED_NUMERATOR \"{1, CutIntegral[\"R01\", {1, 1, 0, 0}]}\" row \"32\"/\"406\" numerator_bytes \"124829904\" kernel_memory \"871817336\n"
"kernel 1 (localhost):"
"\"STREAMED_NUMERATOR \"{1, CutIntegral[\"R01\", {1, 1, 0, 0}]}\" row \"48\"/\"406\" numerator_bytes \"128684344\" kernel_memory \"873944544\n"
"kernel 2 (localhost):"
"\"STREAMED_NUMERATOR \"{2, CutIntegral[\"R01\", {1, 1, 0, 0}]}\" row \"48\"/\"406\" numerator_bytes \"127350224\" kernel_memory \"867186624\n"
"kernel 2 (localhost):"
"\"STREAMED_NUMERATOR \"{2, CutIntegral[\"R01\", {1, 1, 0, 0}]}\" row \"64\"/\"406\" numerator_bytes \"128804584\" kernel_memory \"872748968\n"
"kernel 1 (localhost):"
"\"STREAMED_NUMERATOR \"{1, CutIntegral[\"R01\", {1, 1, 0, 0}]}\" row \"64\"/\"406\" numerator_bytes \"130706360\" kernel_memory \"880744520\n"
"kernel 2 (localhost):"
"\"STREAMED_NUMERATOR \"{2, CutIntegral[\"R01\", {1, 1, 0, 0}]}\" row \"80\"/\"406\" numerator_bytes \"128695760\" kernel_memory \"872889760\n"
"kernel 1 (localhost):"
"\"STREAMED_NUMERATOR \"{1, CutIntegral[\"R01\", {1, 1, 0, 0}]}\" row \"80\"/\"406\" numerator_bytes \"131174128\" kernel_memory \"875964040\n"
"kernel 2 (localhost):"
"\"STREAMED_NUMERATOR \"{2, CutIntegral[\"R01\", {1, 1, 0, 0}]}\" row \"96\"/\"406\" numerator_bytes \"129928696\" kernel_memory \"877113880\n"
"kernel 1 (localhost):"
"\"STREAMED_NUMERATOR \"{1, CutIntegral[\"R01\", {1, 1, 0, 0}]}\" row \"96\"/\"406\" numerator_bytes \"135781112\" kernel_memory \"889056832\n"
"kernel 2 (localhost):"
"\"STREAMED_NUMERATOR \"{2, CutIntegral[\"R01\", {1, 1, 0, 0}]}\" row \"112\"/\"406\" numerator_bytes \"130659968\" kernel_memory \"871322200\n"
"kernel 1 (localhost):"
"\"STREAMED_NUMERATOR \"{1, CutIntegral[\"R01\", {1, 1, 0, 0}]}\" row \"112\"/\"406\" numerator_bytes \"135774136\" kernel_memory \"883844296\n"
"kernel 2 (localhost):"
"\"STREAMED_NUMERATOR \"{2, CutIntegral[\"R01\", {1, 1, 0, 0}]}\" row \"128\"/\"406\" numerator_bytes \"135021704\" kernel_memory \"885817600\n"
"kernel 1 (localhost):"
"\"STREAMED_NUMERATOR \"{1, CutIntegral[\"R01\", {1, 1, 0, 0}]}\" row \"128\"/\"406\" numerator_bytes \"135355944\" kernel_memory \"884753512\n"
"kernel 2 (localhost):"
"\"STREAMED_NUMERATOR \"{2, CutIntegral[\"R01\", {1, 1, 0, 0}]}\" row \"144\"/\"406\" numerator_bytes \"135057112\" kernel_memory \"879376424\n"
"kernel 1 (localhost):"
"\"STREAMED_NUMERATOR \"{1, CutIntegral[\"R01\", {1, 1, 0, 0}]}\" row \"144\"/\"406\" numerator_bytes \"137430728\" kernel_memory \"875488728\n"
"kernel 2 (localhost):"
"\"STREAMED_NUMERATOR \"{2, CutIntegral[\"R01\", {1, 1, 0, 0}]}\" row \"160\"/\"406\" numerator_bytes \"134642792\" kernel_memory \"881139336\n"
"kernel 1 (localhost):"
"\"STREAMED_NUMERATOR \"{1, CutIntegral[\"R01\", {1, 1, 0, 0}]}\" row \"160\"/\"406\" numerator_bytes \"137585472\" kernel_memory \"886076272\n"
"kernel 2 (localhost):"
"\"STREAMED_NUMERATOR \"{2, CutIntegral[\"R01\", {1, 1, 0, 0}]}\" row \"176\"/\"406\" numerator_bytes \"134474592\" kernel_memory \"875981104\n"
"kernel 1 (localhost):"
"\"STREAMED_NUMERATOR \"{1, CutIntegral[\"R01\", {1, 1, 0, 0}]}\" row \"176\"/\"406\" numerator_bytes \"136998424\" kernel_memory \"885922336\n"
"kernel 2 (localhost):"
"\"STREAMED_NUMERATOR \"{2, CutIntegral[\"R01\", {1, 1, 0, 0}]}\" row \"192\"/\"406\" numerator_bytes \"134905352\" kernel_memory \"881258056\n"
"kernel 1 (localhost):"
"\"STREAMED_NUMERATOR \"{1, CutIntegral[\"R01\", {1, 1, 0, 0}]}\" row \"192\"/\"406\" numerator_bytes \"136991944\" kernel_memory \"884122216\n"
"kernel 2 (localhost):"
"\"STREAMED_NUMERATOR \"{2, CutIntegral[\"R01\", {1, 1, 0, 0}]}\" row \"208\"/\"406\" numerator_bytes \"134722552\" kernel_memory \"883154560\n"
"kernel 1 (localhost):"
"\"STREAMED_NUMERATOR \"{1, CutIntegral[\"R01\", {1, 1, 0, 0}]}\" row \"208\"/\"406\" numerator_bytes \"138006560\" kernel_memory \"884500984\n"
"kernel 1 (localhost):"
"\"STREAMED_NUMERATOR \"{1, CutIntegral[\"R01\", {1, 1, 0, 0}]}\" row \"224\"/\"406\" numerator_bytes \"146289920\" kernel_memory \"889798608\n"
"kernel 2 (localhost):"
"\"STREAMED_NUMERATOR \"{2, CutIntegral[\"R01\", {1, 1, 0, 0}]}\" row \"224\"/\"406\" numerator_bytes \"132405688\" kernel_memory \"882498928\n"
"kernel 1 (localhost):"
"\"STREAMED_NUMERATOR \"{1, CutIntegral[\"R01\", {1, 1, 0, 0}]}\" row \"240\"/\"406\" numerator_bytes \"150111608\" kernel_memory \"891392024\n"
"kernel 2 (localhost):"
"\"STREAMED_NUMERATOR \"{2, CutIntegral[\"R01\", {1, 1, 0, 0}]}\" row \"240\"/\"406\" numerator_bytes \"143164464\" kernel_memory \"895336480\n"
"kernel 1 (localhost):"
"\"STREAMED_NUMERATOR \"{1, CutIntegral[\"R01\", {1, 1, 0, 0}]}\" row \"256\"/\"406\" numerator_bytes \"146844440\" kernel_memory \"893775328\n"
"kernel 2 (localhost):"
"\"STREAMED_NUMERATOR \"{2, CutIntegral[\"R01\", {1, 1, 0, 0}]}\" row \"256\"/\"406\" numerator_bytes \"143991872\" kernel_memory \"900245800\n"
"kernel 1 (localhost):"
"\"STREAMED_NUMERATOR \"{1, CutIntegral[\"R01\", {1, 1, 0, 0}]}\" row \"272\"/\"406\" numerator_bytes \"147455792\" kernel_memory \"900304688\n"
"kernel 2 (localhost):"
"\"STREAMED_NUMERATOR \"{2, CutIntegral[\"R01\", {1, 1, 0, 0}]}\" row \"272\"/\"406\" numerator_bytes \"144249952\" kernel_memory \"901440184\n"
"kernel 2 (localhost):"
"\"STREAMED_NUMERATOR \"{2, CutIntegral[\"R01\", {1, 1, 0, 0}]}\" row \"288\"/\"406\" numerator_bytes \"144835800\" kernel_memory \"890459344\n"
"kernel 1 (localhost):"
"\"STREAMED_NUMERATOR \"{1, CutIntegral[\"R01\", {1, 1, 0, 0}]}\" row \"288\"/\"406\" numerator_bytes \"147339976\" kernel_memory \"895275352\n"
"kernel 1 (localhost):"
"\"STREAMED_NUMERATOR \"{1, CutIntegral[\"R01\", {1, 1, 0, 0}]}\" row \"304\"/\"406\" numerator_bytes \"147417536\" kernel_memory \"903532008\n"
"kernel 2 (localhost):"
"\"STREAMED_NUMERATOR \"{2, CutIntegral[\"R01\", {1, 1, 0, 0}]}\" row \"304\"/\"406\" numerator_bytes \"143808384\" kernel_memory \"885046792\n"
"kernel 1 (localhost):"
"\"STREAMED_NUMERATOR \"{1, CutIntegral[\"R01\", {1, 1, 0, 0}]}\" row \"320\"/\"406\" numerator_bytes \"148396128\" kernel_memory \"901294464\n"
"kernel 2 (localhost):"
"\"STREAMED_NUMERATOR \"{2, CutIntegral[\"R01\", {1, 1, 0, 0}]}\" row \"320\"/\"406\" numerator_bytes \"144999472\" kernel_memory \"893745936\n"
"kernel 1 (localhost):"
"\"STREAMED_NUMERATOR \"{1, CutIntegral[\"R01\", {1, 1, 0, 0}]}\" row \"336\"/\"406\" numerator_bytes \"145831248\" kernel_memory \"900584944\n"
"kernel 2 (localhost):"
"\"STREAMED_NUMERATOR \"{2, CutIntegral[\"R01\", {1, 1, 0, 0}]}\" row \"336\"/\"406\" numerator_bytes \"147145584\" kernel_memory \"891668408\n"
"kernel 1 (localhost):"
"\"STREAMED_NUMERATOR \"{1, CutIntegral[\"R01\", {1, 1, 0, 0}]}\" row \"352\"/\"406\" numerator_bytes \"145814376\" kernel_memory \"909963376\n"
"kernel 2 (localhost):"
"\"STREAMED_NUMERATOR \"{2, CutIntegral[\"R01\", {1, 1, 0, 0}]}\" row \"352\"/\"406\" numerator_bytes \"143937640\" kernel_memory \"894745264\n"
"kernel 1 (localhost):"
"\"STREAMED_NUMERATOR \"{1, CutIntegral[\"R01\", {1, 1, 0, 0}]}\" row \"368\"/\"406\" numerator_bytes \"144595664\" kernel_memory \"895243336\n"
"kernel 2 (localhost):"
"\"STREAMED_NUMERATOR \"{2, CutIntegral[\"R01\", {1, 1, 0, 0}]}\" row \"368\"/\"406\" numerator_bytes \"140716072\" kernel_memory \"891849080\n"
"kernel 1 (localhost):"
"\"STREAMED_NUMERATOR \"{1, CutIntegral[\"R01\", {1, 1, 0, 0}]}\" row \"384\"/\"406\" numerator_bytes \"144695320\" kernel_memory \"910318512\n"
"kernel 1 (localhost):"
"\"STREAMED_NUMERATOR \"{1, CutIntegral[\"R01\", {1, 1, 0, 0}]}\" row \"400\"/\"406\" numerator_bytes \"143841976\" kernel_memory \"907524512\n"
"kernel 2 (localhost):"
"\"STREAMED_NUMERATOR \"{2, CutIntegral[\"R01\", {1, 1, 0, 0}]}\" row \"384\"/\"406\" numerator_bytes \"140581384\" kernel_memory \"901008936\n"
"kernel 1 (localhost):"
"\"STREAMED_NUMERATOR \"{1, CutIntegral[\"R01\", {1, 1, 0, 0}]}\" row \"406\"/\"406\" numerator_bytes \"124304552\" kernel_memory \"882259912\n"
"kernel 1 (localhost):"
"\"PASS: \"\"exact complete numerator assembly\"\n"
"kernel 1 (localhost):"
"\"DENOMINATOR_NUMERATOR \"{1, CutIntegral[\"R01\", {1, 1, 0, 0}]}\" bytes \"124304552\" seconds \"2393.716196\n"
"kernel 1 (localhost):"
"\"PASS: \"\"matched measured denominator inventory\"\n"
"kernel 1 (localhost):"
"\"PASS: \"\"exact known-factor quotient and remainder\"\n"
"kernel 1 (localhost):"
"\"KNOWN_FACTOR_DIVISION \"{1, CutIntegral[\"R01\", {1, 1, 0, 0}]}\" factor \"InputForm[-6 + D]\" variable \"D\" seconds \"5.062175\" input_bytes \"124304552\" quotient_bytes \"98302520\" divides \"True\n"
"kernel 1 (localhost):"
"\"KNOWN_FACTOR_DIVISION \"{1, CutIntegral[\"R01\", {1, 1, 0, 0}]}\" factor \"InputForm[-4 + D]\" variable \"D\" seconds \"2.508536\" input_bytes \"98302520\" quotient_bytes \"91696808\" divides \"False\n"
"kernel 1 (localhost):"
"\"KNOWN_FACTOR_DIVISION \"{1, CutIntegral[\"R01\", {1, 1, 0, 0}]}\" factor \"InputForm[-3 + D]\" variable \"D\" seconds \"2.077048\" input_bytes \"98302520\" quotient_bytes \"87599440\" divides \"True\n"
"kernel 1 (localhost):"
"\"KNOWN_FACTOR_DIVISION \"{1, CutIntegral[\"R01\", {1, 1, 0, 0}]}\" factor \"InputForm[-2 + D]\" variable \"D\" seconds \"2.019651\" input_bytes \"87599440\" quotient_bytes \"81064176\" divides \"False\n"
"kernel 1 (localhost):"
"\"KNOWN_FACTOR_DIVISION \"{1, CutIntegral[\"R01\", {1, 1, 0, 0}]}\" factor \"InputForm[-1 + D]\" variable \"D\" seconds \"1.522509\" input_bytes \"87599440\" quotient_bytes \"76925120\" divides \"True\n"
"kernel 1 (localhost):"
"\"KNOWN_FACTOR_DIVISION \"{1, CutIntegral[\"R01\", {1, 1, 0, 0}]}\" factor \"InputForm[-1 + D]\" variable \"D\" seconds \"1.890845\" input_bytes \"76925120\" quotient_bytes \"72195560\" divides \"False\n"
"kernel 1 (localhost):"
"\"KNOWN_FACTOR_DIVISION \"{1, CutIntegral[\"R01\", {1, 1, 0, 0}]}\" factor \"InputForm[D]\" variable \"D\" seconds \"1.179397\" input_bytes \"76925120\" quotient_bytes \"72729184\" divides \"False\n"
"kernel 1 (localhost):"
"\"KNOWN_FACTOR_DIVISION \"{1, CutIntegral[\"R01\", {1, 1, 0, 0}]}\" factor \"InputForm[1 + D]\" variable \"D\" seconds \"1.489767\" input_bytes \"76925120\" quotient_bytes \"66236064\" divides \"True\n"
"kernel 1 (localhost):"
"\"KNOWN_FACTOR_DIVISION \"{1, CutIntegral[\"R01\", {1, 1, 0, 0}]}\" factor \"InputForm[Q]\" variable \"Q\" seconds \"1.2348\" input_bytes \"66236064\" quotient_bytes \"64100432\" divides \"True\n"
"kernel 1 (localhost):"
"\"KNOWN_FACTOR_DIVISION \"{1, CutIntegral[\"R01\", {1, 1, 0, 0}]}\" factor \"InputForm[Q]\" variable \"Q\" seconds \"0.594936\" input_bytes \"64100432\" quotient_bytes \"64100144\" divides \"True\n"
"kernel 2 (localhost):"
"\"STREAMED_NUMERATOR \"{2, CutIntegral[\"R01\", {1, 1, 0, 0}]}\" row \"400\"/\"406\" numerator_bytes \"139877480\" kernel_memory \"898350136\n"
"kernel 1 (localhost):"
"\"KNOWN_FACTOR_DIVISION \"{1, CutIntegral[\"R01\", {1, 1, 0, 0}]}\" factor \"InputForm[Q^2 + s]\" variable \"s\" seconds \"2.272773\" input_bytes \"64100144\" quotient_bytes \"60507064\" divides \"True\n"
"kernel 1 (localhost):"
"\"KNOWN_FACTOR_DIVISION \"{1, CutIntegral[\"R01\", {1, 1, 0, 0}]}\" factor \"InputForm[Q^2 + s]\" variable \"s\" seconds \"0.557235\" input_bytes \"60507064\" quotient_bytes \"56387536\" divides \"True\n"
"kernel 1 (localhost):"
"\"KNOWN_FACTOR_DIVISION \"{1, CutIntegral[\"R01\", {1, 1, 0, 0}]}\" factor \"InputForm[Q^2 + s]\" variable \"s\" seconds \"0.649053\" input_bytes \"56387536\" quotient_bytes \"52416224\" divides \"True\n"
"kernel 1 (localhost):"
"\"KNOWN_FACTOR_DIVISION \"{1, CutIntegral[\"R01\", {1, 1, 0, 0}]}\" factor \"InputForm[Q^2 + s]\" variable \"s\" seconds \"0.553666\" input_bytes \"52416224\" quotient_bytes \"48372424\" divides \"True\n"
"kernel 1 (localhost):"
"\"KNOWN_FACTOR_DIVISION \"{1, CutIntegral[\"R01\", {1, 1, 0, 0}]}\" factor \"InputForm[Q^2 + s]\" variable \"s\" seconds \"0.590536\" input_bytes \"48372424\" quotient_bytes \"48822544\" divides \"False\n"
"kernel 1 (localhost):"
"\"KNOWN_FACTOR_DIVISION \"{1, CutIntegral[\"R01\", {1, 1, 0, 0}]}\" factor \"InputForm[s - s23]\" variable \"s\" seconds \"0.431672\" input_bytes \"48372424\" quotient_bytes \"45169904\" divides \"True\n"
"kernel 1 (localhost):"
"\"KNOWN_FACTOR_DIVISION \"{1, CutIntegral[\"R01\", {1, 1, 0, 0}]}\" factor \"InputForm[s - s23]\" variable \"s\" seconds \"0.526582\" input_bytes \"45169904\" quotient_bytes \"41978992\" divides \"True\n"
"kernel 1 (localhost):"
"\"KNOWN_FACTOR_DIVISION \"{1, CutIntegral[\"R01\", {1, 1, 0, 0}]}\" factor \"InputForm[s - s23]\" variable \"s\" seconds \"0.459477\" input_bytes \"41978992\" quotient_bytes \"38783240\" divides \"True\n"
"kernel 1 (localhost):"
"\"KNOWN_FACTOR_DIVISION \"{1, CutIntegral[\"R01\", {1, 1, 0, 0}]}\" factor \"InputForm[s - s23]\" variable \"s\" seconds \"0.346144\" input_bytes \"38783240\" quotient_bytes \"36283664\" divides \"False\n"
"kernel 1 (localhost):"
"\"KNOWN_FACTOR_DIVISION \"{1, CutIntegral[\"R01\", {1, 1, 0, 0}]}\" factor \"InputForm[SUNN]\" variable \"SUNN\" seconds \"2.440292\" input_bytes \"38783240\" quotient_bytes \"21400600\" divides \"False\n"
"kernel 1 (localhost):"
"\"KNOWN_FACTOR_DIVISION \"{1, CutIntegral[\"R01\", {1, 1, 0, 0}]}\" factor \"InputForm[s23 - t]\" variable \"s23\" seconds \"0.87487\" input_bytes \"38783240\" quotient_bytes \"36472728\" divides \"True\n"
"kernel 1 (localhost):"
"\"KNOWN_FACTOR_DIVISION \"{1, CutIntegral[\"R01\", {1, 1, 0, 0}]}\" factor \"InputForm[s23 - t]\" variable \"s23\" seconds \"0.31583\" input_bytes \"36472728\" quotient_bytes \"34408704\" divides \"True\n"
"kernel 1 (localhost):"
"\"KNOWN_FACTOR_DIVISION \"{1, CutIntegral[\"R01\", {1, 1, 0, 0}]}\" factor \"InputForm[s23 - t]\" variable \"s23\" seconds \"0.296673\" input_bytes \"34408704\" quotient_bytes \"32342368\" divides \"True\n"
"kernel 1 (localhost):"
"\"KNOWN_FACTOR_DIVISION \"{1, CutIntegral[\"R01\", {1, 1, 0, 0}]}\" factor \"InputForm[s23 - t]\" variable \"s23\" seconds \"0.353966\" input_bytes \"32342368\" quotient_bytes \"30281064\" divides \"True\n"
"kernel 1 (localhost):"
"\"KNOWN_FACTOR_DIVISION \"{1, CutIntegral[\"R01\", {1, 1, 0, 0}]}\" factor \"InputForm[s23 - t]\" variable \"s23\" seconds \"0.300055\" input_bytes \"30281064\" quotient_bytes \"28219528\" divides \"True\n"
"kernel 1 (localhost):"
"\"KNOWN_FACTOR_DIVISION \"{1, CutIntegral[\"R01\", {1, 1, 0, 0}]}\" factor \"InputForm[t]\" variable \"t\" seconds \"0.394626\" input_bytes \"28219528\" quotient_bytes \"27303072\" divides \"False\n"
"kernel 1 (localhost):"
"\"KNOWN_FACTOR_DIVISION \"{1, CutIntegral[\"R01\", {1, 1, 0, 0}]}\" factor \"InputForm[Q^2 + t]\" variable \"t\" seconds \"0.563523\" input_bytes \"28219528\" quotient_bytes \"25841336\" divides \"True\n"
"kernel 1 (localhost):"
"\"KNOWN_FACTOR_DIVISION \"{1, CutIntegral[\"R01\", {1, 1, 0, 0}]}\" factor \"InputForm[Q^2 + t]\" variable \"t\" seconds \"0.265062\" input_bytes \"25841336\" quotient_bytes \"26657728\" divides \"False\n"
"kernel 1 (localhost):"
"\"KNOWN_FACTOR_DIVISION \"{1, CutIntegral[\"R01\", {1, 1, 0, 0}]}\" factor \"InputForm[2*Q^2 + s + t]\" variable \"s\" seconds \"0.703859\" input_bytes \"25841336\" quotient_bytes \"23389328\" divides \"True\n"
"kernel 2 (localhost):"
"\"STREAMED_NUMERATOR \"{2, CutIntegral[\"R01\", {1, 1, 0, 0}]}\" row \"406\"/\"406\" numerator_bytes \"116705296\" kernel_memory \"868794360\n"
"kernel 2 (localhost):"
"\"PASS: \"\"exact complete numerator assembly\"\n"
"kernel 2 (localhost):"
"\"DENOMINATOR_NUMERATOR \"{2, CutIntegral[\"R01\", {1, 1, 0, 0}]}\" bytes \"116705296\" seconds \"2470.004017\n"
"kernel 2 (localhost):"
"\"PASS: \"\"matched measured denominator inventory\"\n"
"kernel 1 (localhost):"
"\"KNOWN_FACTOR_DIVISION \"{1, CutIntegral[\"R01\", {1, 1, 0, 0}]}\" factor \"InputForm[-s23 + t]\" variable \"s23\" seconds \"0.658353\" input_bytes \"23389328\" quotient_bytes \"21548472\" divides \"True\n"
"kernel 1 (localhost):"
"\"KNOWN_FACTOR_DIVISION \"{1, CutIntegral[\"R01\", {1, 1, 0, 0}]}\" factor \"InputForm[-s23 + t]\" variable \"s23\" seconds \"0.257695\" input_bytes \"21548472\" quotient_bytes \"19799504\" divides \"True\n"
"kernel 1 (localhost):"
"\"KNOWN_FACTOR_DIVISION \"{1, CutIntegral[\"R01\", {1, 1, 0, 0}]}\" factor \"InputForm[-s23 + t]\" variable \"s23\" seconds \"0.206952\" input_bytes \"19799504\" quotient_bytes \"18035184\" divides \"True\n"
"kernel 1 (localhost):"
"\"KNOWN_FACTOR_DIVISION \"{1, CutIntegral[\"R01\", {1, 1, 0, 0}]}\" factor \"InputForm[-s23 + t]\" variable \"s23\" seconds \"0.219936\" input_bytes \"18035184\" quotient_bytes \"16287176\" divides \"True\n"
"kernel 1 (localhost):"
"\"KNOWN_FACTOR_DIVISION \"{1, CutIntegral[\"R01\", {1, 1, 0, 0}]}\" factor \"InputForm[-s23 + t]\" variable \"s23\" seconds \"0.168099\" input_bytes \"16287176\" quotient_bytes \"14524864\" divides \"True\n"
"kernel 1 (localhost):"
"\"KNOWN_FACTOR_DIVISION \"{1, CutIntegral[\"R01\", {1, 1, 0, 0}]}\" factor \"InputForm[Q^2 + s - s23 + t]\" variable \"s\" seconds \"0.358192\" input_bytes \"14524864\" quotient_bytes \"12246720\" divides \"True\n"
"kernel 1 (localhost):"
"\"KNOWN_FACTOR_DIVISION \"{1, CutIntegral[\"R01\", {1, 1, 0, 0}]}\" factor \"InputForm[Q^2 + s - s23 + t]\" variable \"s\" seconds \"0.137377\" input_bytes \"12246720\" quotient_bytes \"10200464\" divides \"True\n"
"kernel 1 (localhost):"
"\"KNOWN_FACTOR_DIVISION \"{1, CutIntegral[\"R01\", {1, 1, 0, 0}]}\" factor \"InputForm[Q^2 + s - s23 + t]\" variable \"s\" seconds \"0.11608\" input_bytes \"10200464\" quotient_bytes \"10149912\" divides \"False\n"
"kernel 1 (localhost):"
"\"KNOWN_FACTOR_DIVISION \"{1, CutIntegral[\"R01\", {1, 1, 0, 0}]}\" factor \"InputForm[Q^4 + Q^2*s - 2*Q^2*s23 + Q^2*t - s*t]\" variable \"Q\" seconds \"0.332764\" input_bytes \"10200464\" quotient_bytes \"7685504\" divides \"True\n"
"kernel 1 (localhost):"
"\"KNOWN_FACTOR_DIVISION \"{1, CutIntegral[\"R01\", {1, 1, 0, 0}]}\" factor \"InputForm[Q^4 + Q^2*s - 2*Q^2*s23 + Q^2*t - s*t]\" variable \"Q\" seconds \"0.139501\" input_bytes \"7685504\" quotient_bytes \"5632000\" divides \"True\n"
"kernel 1 (localhost):"
"\"RETAINED_DENOMINATOR_FACTOR \"{1, CutIntegral[\"R01\", {1, 1, 0, 0}]}\" \"InputForm[Q^2*s23 + s*t]\n"
"kernel 1 (localhost):"
"\"KNOWN_FACTOR_DIVISION \"{1, CutIntegral[\"R01\", {1, 1, 0, 0}]}\" factor \"InputForm[s^2 + 4*Q^2*s23 + 2*s*t + t^2]\" variable \"s\" seconds \"0.180206\" input_bytes \"5632000\" quotient_bytes \"4491304\" divides \"True\n"
"kernel 1 (localhost):"
"\"KNOWN_FACTOR_DIVISION \"{1, CutIntegral[\"R01\", {1, 1, 0, 0}]}\" factor \"InputForm[s^2 + 4*Q^2*s23 + 2*s*t + t^2]\" variable \"s\" seconds \"0.070731\" input_bytes \"4491304\" quotient_bytes \"3425288\" divides \"False\n"
"kernel 2 (localhost):"
"\"PASS: \"\"exact known-factor quotient and remainder\"\n"
"kernel 2 (localhost):"
"\"KNOWN_FACTOR_DIVISION \"{2, CutIntegral[\"R01\", {1, 1, 0, 0}]}\" factor \"InputForm[-6 + D]\" variable \"D\" seconds \"4.872708\" input_bytes \"116705296\" quotient_bytes \"92172512\" divides \"True\n"
"kernel 2 (localhost):"
"\"KNOWN_FACTOR_DIVISION \"{2, CutIntegral[\"R01\", {1, 1, 0, 0}]}\" factor \"InputForm[-4 + D]\" variable \"D\" seconds \"2.167548\" input_bytes \"92172512\" quotient_bytes \"87240736\" divides \"False\n"
"kernel 1 (localhost):"
"\"PASS: \"\"exact final numerator factorization\"\n"
"kernel 1 (localhost):"
"\"PASS: \"\"exact final denominator reconstruction\"\n"
"kernel 2 (localhost):"
"\"KNOWN_FACTOR_DIVISION \"{2, CutIntegral[\"R01\", {1, 1, 0, 0}]}\" factor \"InputForm[-3 + D]\" variable \"D\" seconds \"1.942858\" input_bytes \"92172512\" quotient_bytes \"82129536\" divides \"True\n"
"kernel 1 (localhost):"
"\"PASS: \"\"compressed scalar map below file bound\"\n"
"kernel 1 (localhost):"
"\"PASS: \"\"compressed scalar map exact round trip\"\n"
"kernel 1 (localhost):"
"\"PASS: \"\"master coefficient retains exact reconstruction\"\n"
"kernel 1 (localhost):"
"\"REAL_MASTER_COEFFICIENT \"\"Hgg\"\" \"1\" \"InputForm[CutIntegral[\"R01\", {1, 1, 1, 1}]]\n"
"kernel 1 (localhost):"
"\"DENOMINATOR_SUPPORT \"{1, CutIntegral[\"R01\", {1, 1, 1, 1}]}\" \"InputForm[<|\"TermCount\" -> 2, \"FactorCount\" -> 7, \"FactorPowers\" -> <|-3 + D -> 1, -1 + D -> 1, Q^2 + s -> 2, s - s23 -> 1, SUNN -> 1, s23 - t -> 1, Q^2*s23 + s*t -> 2|>, \"InputBytes\" -> 49120, \"CommonDenominatorBytes\" -> 1008|>]\n"
"kernel 1 (localhost):"
"\"STREAMED_NUMERATOR \"{1, CutIntegral[\"R01\", {1, 1, 1, 1}]}\" row \"2\"/\"2\" numerator_bytes \"50808\" kernel_memory \"611551176\n"
"kernel 1 (localhost):"
"\"DENOMINATOR_NUMERATOR \"{1, CutIntegral[\"R01\", {1, 1, 1, 1}]}\" bytes \"50808\" seconds \"0.014287\n"
"kernel 1 (localhost):"
"\"KNOWN_FACTOR_DIVISION \"{1, CutIntegral[\"R01\", {1, 1, 1, 1}]}\" factor \"InputForm[-3 + D]\" variable \"D\" seconds \"0.001153\" input_bytes \"50808\" quotient_bytes \"32304\" divides \"False\n"
"kernel 1 (localhost):"
"\"KNOWN_FACTOR_DIVISION \"{1, CutIntegral[\"R01\", {1, 1, 1, 1}]}\" factor \"InputForm[-1 + D]\" variable \"D\" seconds \"0.000496\" input_bytes \"50808\" quotient_bytes \"32304\" divides \"False\n"
"kernel 1 (localhost):"
"\"KNOWN_FACTOR_DIVISION \"{1, CutIntegral[\"R01\", {1, 1, 1, 1}]}\" factor \"InputForm[Q^2 + s]\" variable \"s\" seconds \"0.000873\" input_bytes \"50808\" quotient_bytes \"41752\" divides \"False\n"
"kernel 1 (localhost):"
"\"KNOWN_FACTOR_DIVISION \"{1, CutIntegral[\"R01\", {1, 1, 1, 1}]}\" factor \"InputForm[s - s23]\" variable \"s\" seconds \"0.000781\" input_bytes \"50808\" quotient_bytes \"37552\" divides \"False\n"
"kernel 1 (localhost):"
"\"KNOWN_FACTOR_DIVISION \"{1, CutIntegral[\"R01\", {1, 1, 1, 1}]}\" factor \"InputForm[SUNN]\" variable \"SUNN\" seconds \"0.001528\" input_bytes \"50808\" quotient_bytes \"16\" divides \"False\n"
"kernel 1 (localhost):"
"\"KNOWN_FACTOR_DIVISION \"{1, CutIntegral[\"R01\", {1, 1, 1, 1}]}\" factor \"InputForm[s23 - t]\" variable \"s23\" seconds \"0.000938\" input_bytes \"50808\" quotient_bytes \"36312\" divides \"False\n"
"kernel 1 (localhost):"
"\"RETAINED_DENOMINATOR_FACTOR \"{1, CutIntegral[\"R01\", {1, 1, 1, 1}]}\" \"InputForm[Q^2*s23 + s*t]\n"
"kernel 1 (localhost):"
"\"REAL_MASTER_COEFFICIENT \"\"Hgg\"\" \"1\" \"InputForm[CutIntegral[\"R02\", {1, 1, 1, 1}]]\n"
"kernel 1 (localhost):"
"\"DENOMINATOR_SUPPORT \"{1, CutIntegral[\"R02\", {1, 1, 1, 1}]}\" \"InputForm[<|\"TermCount\" -> 6, \"FactorCount\" -> 8, \"FactorPowers\" -> <|-3 + D -> 1, -1 + D -> 1, Q^2 + s -> 3, s - s23 -> 1, SUNN -> 1, s23 - t -> 1, Q^2 + t -> 2, Q^2 + s - s23 + t -> 2|>, \"InputBytes\" -> 367520, \"CommonDenominatorBytes\" -> 1192|>]\n"
"kernel 1 (localhost):"
"\"STREAMED_NUMERATOR \"{1, CutIntegral[\"R02\", {1, 1, 1, 1}]}\" row \"6\"/\"6\" numerator_bytes \"450904\" kernel_memory \"611592688\n"
"kernel 1 (localhost):"
"\"DENOMINATOR_NUMERATOR \"{1, CutIntegral[\"R02\", {1, 1, 1, 1}]}\" bytes \"450904\" seconds \"0.040299\n"
"kernel 1 (localhost):"
"\"KNOWN_FACTOR_DIVISION \"{1, CutIntegral[\"R02\", {1, 1, 1, 1}]}\" factor \"InputForm[-3 + D]\" variable \"D\" seconds \"0.009374\" input_bytes \"450904\" quotient_bytes \"305136\" divides \"False\n"
"kernel 1 (localhost):"
"\"KNOWN_FACTOR_DIVISION \"{1, CutIntegral[\"R02\", {1, 1, 1, 1}]}\" factor \"InputForm[-1 + D]\" variable \"D\" seconds \"0.003998\" input_bytes \"450904\" quotient_bytes \"306896\" divides \"False\n"
"kernel 1 (localhost):"
"\"KNOWN_FACTOR_DIVISION \"{1, CutIntegral[\"R02\", {1, 1, 1, 1}]}\" factor \"InputForm[Q^2 + s]\" variable \"s\" seconds \"0.007504\" input_bytes \"450904\" quotient_bytes \"320392\" divides \"False\n"
"kernel 1 (localhost):"
"\"KNOWN_FACTOR_DIVISION \"{1, CutIntegral[\"R02\", {1, 1, 1, 1}]}\" factor \"InputForm[s - s23]\" variable \"s\" seconds \"0.004658\" input_bytes \"450904\" quotient_bytes \"304312\" divides \"False\n"
"kernel 1 (localhost):"
"\"KNOWN_FACTOR_DIVISION \"{1, CutIntegral[\"R02\", {1, 1, 1, 1}]}\" factor \"InputForm[SUNN]\" variable \"SUNN\" seconds \"0.008737\" input_bytes \"450904\" quotient_bytes \"207328\" divides \"False\n"
"kernel 1 (localhost):"
"\"KNOWN_FACTOR_DIVISION \"{1, CutIntegral[\"R02\", {1, 1, 1, 1}]}\" factor \"InputForm[s23 - t]\" variable \"s23\" seconds \"0.005731\" input_bytes \"450904\" quotient_bytes \"300464\" divides \"False\n"
"kernel 1 (localhost):"
"\"KNOWN_FACTOR_DIVISION \"{1, CutIntegral[\"R02\", {1, 1, 1, 1}]}\" factor \"InputForm[Q^2 + t]\" variable \"t\" seconds \"0.004932\" input_bytes \"450904\" quotient_bytes \"316288\" divides \"False\n"
"kernel 1 (localhost):"
"\"KNOWN_FACTOR_DIVISION \"{1, CutIntegral[\"R02\", {1, 1, 1, 1}]}\" factor \"InputForm[Q^2 + s - s23 + t]\" variable \"s\" seconds \"0.006467\" input_bytes \"450904\" quotient_bytes \"333784\" divides \"False\n"
"kernel 1 (localhost):"
"\"REAL_MASTER_COEFFICIENT \"\"Hgg\"\" \"1\" \"InputForm[CutIntegral[\"R03\", {1, 1, 0, 1}]]\n"
"kernel 2 (localhost):"
"\"KNOWN_FACTOR_DIVISION \"{2, CutIntegral[\"R01\", {1, 1, 0, 0}]}\" factor \"InputForm[-2 + D]\" variable \"D\" seconds \"1.933244\" input_bytes \"82129536\" quotient_bytes \"76937760\" divides \"False\n"
"kernel 1 (localhost):"
"\"DENOMINATOR_SUPPORT \"{1, CutIntegral[\"R03\", {1, 1, 0, 1}]}\" \"InputForm[<|\"TermCount\" -> 86, \"FactorCount\" -> 16, \"FactorPowers\" -> <|-3 + D -> 1, -2 + D -> 1, -1 + D -> 1, D -> 1, Q^2 + s -> 6, s - s23 -> 1, SUNN -> 1, s23 - t -> 1, t -> 1, Q^2 + t -> 2, 2*Q^2 + s + t -> 1, -s23 + t -> 1, Q^2 + s - s23 + t -> 3, Q^4 + Q^2*s - 2*Q^2*s23 + Q^2*t - s*t -> 2, Q^2*s23 + s*t -> 2, s^2 + 4*Q^2*s23 + 2*s*t + t^2 -> 5|>, \"InputBytes\" -> 44290648, \"CommonDenominatorBytes\" -> 3208|>]\n"
"kernel 2 (localhost):"
"\"KNOWN_FACTOR_DIVISION \"{2, CutIntegral[\"R01\", {1, 1, 0, 0}]}\" factor \"InputForm[-1 + D]\" variable \"D\" seconds \"1.533091\" input_bytes \"82129536\" quotient_bytes \"72085072\" divides \"True\n"
"kernel 2 (localhost):"
"\"KNOWN_FACTOR_DIVISION \"{2, CutIntegral[\"R01\", {1, 1, 0, 0}]}\" factor \"InputForm[-1 + D]\" variable \"D\" seconds \"1.731147\" input_bytes \"72085072\" quotient_bytes \"68762408\" divides \"False\n"
"kernel 2 (localhost):"
"\"KNOWN_FACTOR_DIVISION \"{2, CutIntegral[\"R01\", {1, 1, 0, 0}]}\" factor \"InputForm[D]\" variable \"D\" seconds \"1.079973\" input_bytes \"72085072\" quotient_bytes \"68241608\" divides \"False\n"
"kernel 2 (localhost):"
"\"KNOWN_FACTOR_DIVISION \"{2, CutIntegral[\"R01\", {1, 1, 0, 0}]}\" factor \"InputForm[1 + D]\" variable \"D\" seconds \"1.425928\" input_bytes \"72085072\" quotient_bytes \"62040768\" divides \"True\n"
"kernel 2 (localhost):"
"\"KNOWN_FACTOR_DIVISION \"{2, CutIntegral[\"R01\", {1, 1, 0, 0}]}\" factor \"InputForm[Q]\" variable \"Q\" seconds \"1.16368\" input_bytes \"62040768\" quotient_bytes \"60124312\" divides \"True\n"
"kernel 2 (localhost):"
"\"KNOWN_FACTOR_DIVISION \"{2, CutIntegral[\"R01\", {1, 1, 0, 0}]}\" factor \"InputForm[Q]\" variable \"Q\" seconds \"0.564081\" input_bytes \"60124312\" quotient_bytes \"60124312\" divides \"True\n"
"kernel 1 (localhost):"
"\"STREAMED_NUMERATOR \"{1, CutIntegral[\"R03\", {1, 1, 0, 1}]}\" row \"16\"/\"86\" numerator_bytes \"24401480\" kernel_memory \"824521008\n"
"kernel 2 (localhost):"
"\"KNOWN_FACTOR_DIVISION \"{2, CutIntegral[\"R01\", {1, 1, 0, 0}]}\" factor \"InputForm[Q^2 + s]\" variable \"s\" seconds \"2.076634\" input_bytes \"60124312\" quotient_bytes \"56915456\" divides \"True\n"
"kernel 2 (localhost):"
"\"KNOWN_FACTOR_DIVISION \"{2, CutIntegral[\"R01\", {1, 1, 0, 0}]}\" factor \"InputForm[Q^2 + s]\" variable \"s\" seconds \"0.571423\" input_bytes \"56915456\" quotient_bytes \"52950328\" divides \"True\n"
"kernel 2 (localhost):"
"\"KNOWN_FACTOR_DIVISION \"{2, CutIntegral[\"R01\", {1, 1, 0, 0}]}\" factor \"InputForm[Q^2 + s]\" variable \"s\" seconds \"0.534865\" input_bytes \"52950328\" quotient_bytes \"49122184\" divides \"True\n"
"kernel 2 (localhost):"
"\"KNOWN_FACTOR_DIVISION \"{2, CutIntegral[\"R01\", {1, 1, 0, 0}]}\" factor \"InputForm[Q^2 + s]\" variable \"s\" seconds \"0.484948\" input_bytes \"49122184\" quotient_bytes \"45212096\" divides \"True\n"
"kernel 2 (localhost):"
"\"KNOWN_FACTOR_DIVISION \"{2, CutIntegral[\"R01\", {1, 1, 0, 0}]}\" factor \"InputForm[Q^2 + s]\" variable \"s\" seconds \"0.502964\" input_bytes \"45212096\" quotient_bytes \"45826680\" divides \"False\n"
"kernel 2 (localhost):"
"\"KNOWN_FACTOR_DIVISION \"{2, CutIntegral[\"R01\", {1, 1, 0, 0}]}\" factor \"InputForm[s - s23]\" variable \"s\" seconds \"0.476122\" input_bytes \"45212096\" quotient_bytes \"42228352\" divides \"True\n"
"kernel 2 (localhost):"
"\"KNOWN_FACTOR_DIVISION \"{2, CutIntegral[\"R01\", {1, 1, 0, 0}]}\" factor \"InputForm[s - s23]\" variable \"s\" seconds \"0.39805\" input_bytes \"42228352\" quotient_bytes \"39246992\" divides \"True\n"
"kernel 2 (localhost):"
"\"KNOWN_FACTOR_DIVISION \"{2, CutIntegral[\"R01\", {1, 1, 0, 0}]}\" factor \"InputForm[s - s23]\" variable \"s\" seconds \"0.354049\" input_bytes \"39246992\" quotient_bytes \"36264296\" divides \"True\n"
"kernel 2 (localhost):"
"\"KNOWN_FACTOR_DIVISION \"{2, CutIntegral[\"R01\", {1, 1, 0, 0}]}\" factor \"InputForm[s - s23]\" variable \"s\" seconds \"0.375007\" input_bytes \"36264296\" quotient_bytes \"34038624\" divides \"False\n"
"kernel 2 (localhost):"
"\"KNOWN_FACTOR_DIVISION \"{2, CutIntegral[\"R01\", {1, 1, 0, 0}]}\" factor \"InputForm[SUNN]\" variable \"SUNN\" seconds \"2.124827\" input_bytes \"36264296\" quotient_bytes \"19989240\" divides \"False\n"
"kernel 1 (localhost):"
"\"STREAMED_NUMERATOR \"{1, CutIntegral[\"R03\", {1, 1, 0, 1}]}\" row \"32\"/\"86\" numerator_bytes \"28158584\" kernel_memory \"673157752\n"
"kernel 2 (localhost):"
"\"KNOWN_FACTOR_DIVISION \"{2, CutIntegral[\"R01\", {1, 1, 0, 0}]}\" factor \"InputForm[s23 - t]\" variable \"s23\" seconds \"0.887662\" input_bytes \"36264296\" quotient_bytes \"34060328\" divides \"True\n"
"kernel 2 (localhost):"
"\"KNOWN_FACTOR_DIVISION \"{2, CutIntegral[\"R01\", {1, 1, 0, 0}]}\" factor \"InputForm[s23 - t]\" variable \"s23\" seconds \"0.300007\" input_bytes \"34060328\" quotient_bytes \"32094904\" divides \"True\n"
"kernel 2 (localhost):"
"\"KNOWN_FACTOR_DIVISION \"{2, CutIntegral[\"R01\", {1, 1, 0, 0}]}\" factor \"InputForm[s23 - t]\" variable \"s23\" seconds \"0.313294\" input_bytes \"32094904\" quotient_bytes \"30133104\" divides \"True\n"
"kernel 2 (localhost):"
"\"KNOWN_FACTOR_DIVISION \"{2, CutIntegral[\"R01\", {1, 1, 0, 0}]}\" factor \"InputForm[s23 - t]\" variable \"s23\" seconds \"0.301582\" input_bytes \"30133104\" quotient_bytes \"28171176\" divides \"True\n"
"kernel 2 (localhost):"
"\"KNOWN_FACTOR_DIVISION \"{2, CutIntegral[\"R01\", {1, 1, 0, 0}]}\" factor \"InputForm[s23 - t]\" variable \"s23\" seconds \"0.299707\" input_bytes \"28171176\" quotient_bytes \"26214528\" divides \"True\n"
"kernel 2 (localhost):"
"\"KNOWN_FACTOR_DIVISION \"{2, CutIntegral[\"R01\", {1, 1, 0, 0}]}\" factor \"InputForm[Q^2 + t]\" variable \"t\" seconds \"0.48422\" input_bytes \"26214528\" quotient_bytes \"23976032\" divides \"True\n"
"kernel 2 (localhost):"
"\"KNOWN_FACTOR_DIVISION \"{2, CutIntegral[\"R01\", {1, 1, 0, 0}]}\" factor \"InputForm[Q^2 + t]\" variable \"t\" seconds \"0.217634\" input_bytes \"23976032\" quotient_bytes \"24088608\" divides \"False\n"
"kernel 2 (localhost):"
"\"KNOWN_FACTOR_DIVISION \"{2, CutIntegral[\"R01\", {1, 1, 0, 0}]}\" factor \"InputForm[2*Q^2 + s + t]\" variable \"s\" seconds \"0.513611\" input_bytes \"23976032\" quotient_bytes \"21574936\" divides \"True\n"
"kernel 2 (localhost):"
"\"KNOWN_FACTOR_DIVISION \"{2, CutIntegral[\"R01\", {1, 1, 0, 0}]}\" factor \"InputForm[-s23 + t]\" variable \"s23\" seconds \"0.454721\" input_bytes \"21574936\" quotient_bytes \"19835280\" divides \"True\n"
"kernel 2 (localhost):"
"\"KNOWN_FACTOR_DIVISION \"{2, CutIntegral[\"R01\", {1, 1, 0, 0}]}\" factor \"InputForm[-s23 + t]\" variable \"s23\" seconds \"0.23851\" input_bytes \"19835280\" quotient_bytes \"18180104\" divides \"True\n"
"kernel 2 (localhost):"
"\"KNOWN_FACTOR_DIVISION \"{2, CutIntegral[\"R01\", {1, 1, 0, 0}]}\" factor \"InputForm[-s23 + t]\" variable \"s23\" seconds \"0.170519\" input_bytes \"18180104\" quotient_bytes \"16511872\" divides \"True\n"
"kernel 2 (localhost):"
"\"KNOWN_FACTOR_DIVISION \"{2, CutIntegral[\"R01\", {1, 1, 0, 0}]}\" factor \"InputForm[-s23 + t]\" variable \"s23\" seconds \"0.166216\" input_bytes \"16511872\" quotient_bytes \"14854896\" divides \"True\n"
"kernel 2 (localhost):"
"\"KNOWN_FACTOR_DIVISION \"{2, CutIntegral[\"R01\", {1, 1, 0, 0}]}\" factor \"InputForm[-s23 + t]\" variable \"s23\" seconds \"0.190951\" input_bytes \"14854896\" quotient_bytes \"13196792\" divides \"True\n"
"kernel 2 (localhost):"
"\"KNOWN_FACTOR_DIVISION \"{2, CutIntegral[\"R01\", {1, 1, 0, 0}]}\" factor \"InputForm[Q^2 + s - s23 + t]\" variable \"s\" seconds \"0.247159\" input_bytes \"13196792\" quotient_bytes \"11108568\" divides \"True\n"
"kernel 2 (localhost):"
"\"KNOWN_FACTOR_DIVISION \"{2, CutIntegral[\"R01\", {1, 1, 0, 0}]}\" factor \"InputForm[Q^2 + s - s23 + t]\" variable \"s\" seconds \"0.103462\" input_bytes \"11108568\" quotient_bytes \"9244488\" divides \"True\n"
"kernel 2 (localhost):"
"\"KNOWN_FACTOR_DIVISION \"{2, CutIntegral[\"R01\", {1, 1, 0, 0}]}\" factor \"InputForm[Q^2 + s - s23 + t]\" variable \"s\" seconds \"0.097415\" input_bytes \"9244488\" quotient_bytes \"9266080\" divides \"False\n"
"kernel 2 (localhost):"
"\"KNOWN_FACTOR_DIVISION \"{2, CutIntegral[\"R01\", {1, 1, 0, 0}]}\" factor \"InputForm[Q^4 + Q^2*s - 2*Q^2*s23 + Q^2*t - s*t]\" variable \"Q\" seconds \"0.277804\" input_bytes \"9244488\" quotient_bytes \"6832784\" divides \"True\n"
"kernel 2 (localhost):"
"\"KNOWN_FACTOR_DIVISION \"{2, CutIntegral[\"R01\", {1, 1, 0, 0}]}\" factor \"InputForm[Q^4 + Q^2*s - 2*Q^2*s23 + Q^2*t - s*t]\" variable \"Q\" seconds \"0.091199\" input_bytes \"6832784\" quotient_bytes \"4904944\" divides \"True\n"
"kernel 2 (localhost):"
"\"RETAINED_DENOMINATOR_FACTOR \"{2, CutIntegral[\"R01\", {1, 1, 0, 0}]}\" \"InputForm[Q^2*s23 + s*t]\n"
"kernel 2 (localhost):"
"\"KNOWN_FACTOR_DIVISION \"{2, CutIntegral[\"R01\", {1, 1, 0, 0}]}\" factor \"InputForm[s^2 + 4*Q^2*s23 + 2*s*t + t^2]\" variable \"s\" seconds \"0.103753\" input_bytes \"4904944\" quotient_bytes \"3897224\" divides \"True\n"
"kernel 2 (localhost):"
"\"KNOWN_FACTOR_DIVISION \"{2, CutIntegral[\"R01\", {1, 1, 0, 0}]}\" factor \"InputForm[s^2 + 4*Q^2*s23 + 2*s*t + t^2]\" variable \"s\" seconds \"0.046202\" input_bytes \"3897224\" quotient_bytes \"2886704\" divides \"True\n"
"kernel 2 (localhost):"
"\"KNOWN_FACTOR_DIVISION \"{2, CutIntegral[\"R01\", {1, 1, 0, 0}]}\" factor \"InputForm[s^2 + 4*Q^2*s23 + 2*s*t + t^2]\" variable \"s\" seconds \"0.036742\" input_bytes \"2886704\" quotient_bytes \"2072744\" divides \"False\n"
"kernel 2 (localhost):"
"\"PASS: \"\"exact final numerator factorization\"\n"
"kernel 2 (localhost):"
"\"PASS: \"\"exact final denominator reconstruction\"\n"
"kernel 1 (localhost):"
"\"STREAMED_NUMERATOR \"{1, CutIntegral[\"R03\", {1, 1, 0, 1}]}\" row \"48\"/\"86\" numerator_bytes \"27930688\" kernel_memory \"671175752\n"
"kernel 2 (localhost):"
"\"PASS: \"\"compressed scalar map below file bound\"\n"
"kernel 2 (localhost):"
"\"PASS: \"\"compressed scalar map exact round trip\"\n"
"kernel 2 (localhost):"
"\"PASS: \"\"master coefficient retains exact reconstruction\"\n"
"kernel 2 (localhost):"
"\"REAL_MASTER_COEFFICIENT \"\"Hgg\"\" \"2\" \"InputForm[CutIntegral[\"R01\", {1, 1, 1, 1}]]\n"
"kernel 2 (localhost):"
"\"DENOMINATOR_SUPPORT \"{2, CutIntegral[\"R01\", {1, 1, 1, 1}]}\" \"InputForm[<|\"TermCount\" -> 2, \"FactorCount\" -> 7, \"FactorPowers\" -> <|-3 + D -> 1, -1 + D -> 1, Q^2 + s -> 2, s - s23 -> 1, SUNN -> 1, s23 - t -> 1, Q^2*s23 + s*t -> 2|>, \"InputBytes\" -> 50256, \"CommonDenominatorBytes\" -> 1008|>]\n"
"kernel 2 (localhost):"
"\"STREAMED_NUMERATOR \"{2, CutIntegral[\"R01\", {1, 1, 1, 1}]}\" row \"2\"/\"2\" numerator_bytes \"52256\" kernel_memory \"601803032\n"
"kernel 2 (localhost):"
"\"DENOMINATOR_NUMERATOR \"{2, CutIntegral[\"R01\", {1, 1, 1, 1}]}\" bytes \"52256\" seconds \"0.010247\n"
"kernel 2 (localhost):"
"\"KNOWN_FACTOR_DIVISION \"{2, CutIntegral[\"R01\", {1, 1, 1, 1}]}\" factor \"InputForm[-3 + D]\" variable \"D\" seconds \"0.001115\" input_bytes \"52256\" quotient_bytes \"32224\" divides \"False\n"
"kernel 2 (localhost):"
"\"KNOWN_FACTOR_DIVISION \"{2, CutIntegral[\"R01\", {1, 1, 1, 1}]}\" factor \"InputForm[-1 + D]\" variable \"D\" seconds \"0.000474\" input_bytes \"52256\" quotient_bytes \"32560\" divides \"False\n"
"kernel 2 (localhost):"
"\"KNOWN_FACTOR_DIVISION \"{2, CutIntegral[\"R01\", {1, 1, 1, 1}]}\" factor \"InputForm[Q^2 + s]\" variable \"s\" seconds \"0.000869\" input_bytes \"52256\" quotient_bytes \"40824\" divides \"False\n"
"kernel 2 (localhost):"
"\"KNOWN_FACTOR_DIVISION \"{2, CutIntegral[\"R01\", {1, 1, 1, 1}]}\" factor \"InputForm[s - s23]\" variable \"s\" seconds \"0.000724\" input_bytes \"52256\" quotient_bytes \"37552\" divides \"False\n"
"kernel 2 (localhost):"
"\"KNOWN_FACTOR_DIVISION \"{2, CutIntegral[\"R01\", {1, 1, 1, 1}]}\" factor \"InputForm[SUNN]\" variable \"SUNN\" seconds \"0.003238\" input_bytes \"52256\" quotient_bytes \"16\" divides \"False\n"
"kernel 2 (localhost):"
"\"KNOWN_FACTOR_DIVISION \"{2, CutIntegral[\"R01\", {1, 1, 1, 1}]}\" factor \"InputForm[s23 - t]\" variable \"s23\" seconds \"0.001067\" input_bytes \"52256\" quotient_bytes \"39944\" divides \"False\n"
"kernel 2 (localhost):"
"\"RETAINED_DENOMINATOR_FACTOR \"{2, CutIntegral[\"R01\", {1, 1, 1, 1}]}\" \"InputForm[Q^2*s23 + s*t]\n"
"kernel 2 (localhost):"
"\"REAL_MASTER_COEFFICIENT \"\"Hgg\"\" \"2\" \"InputForm[CutIntegral[\"R02\", {1, 1, 1, 1}]]\n"
"kernel 2 (localhost):"
"\"DENOMINATOR_SUPPORT \"{2, CutIntegral[\"R02\", {1, 1, 1, 1}]}\" \"InputForm[<|\"TermCount\" -> 6, \"FactorCount\" -> 8, \"FactorPowers\" -> <|-3 + D -> 1, -1 + D -> 1, Q^2 + s -> 3, s - s23 -> 1, SUNN -> 1, s23 - t -> 1, Q^2 + t -> 2, Q^2 + s - s23 + t -> 2|>, \"InputBytes\" -> 363328, \"CommonDenominatorBytes\" -> 1192|>]\n"
"kernel 2 (localhost):"
"\"STREAMED_NUMERATOR \"{2, CutIntegral[\"R02\", {1, 1, 1, 1}]}\" row \"6\"/\"6\" numerator_bytes \"452464\" kernel_memory \"602531728\n"
"kernel 2 (localhost):"
"\"DENOMINATOR_NUMERATOR \"{2, CutIntegral[\"R02\", {1, 1, 1, 1}]}\" bytes \"452464\" seconds \"0.037544\n"
"kernel 2 (localhost):"
"\"KNOWN_FACTOR_DIVISION \"{2, CutIntegral[\"R02\", {1, 1, 1, 1}]}\" factor \"InputForm[-3 + D]\" variable \"D\" seconds \"0.007985\" input_bytes \"452464\" quotient_bytes \"303808\" divides \"False\n"
"kernel 2 (localhost):"
"\"KNOWN_FACTOR_DIVISION \"{2, CutIntegral[\"R02\", {1, 1, 1, 1}]}\" factor \"InputForm[-1 + D]\" variable \"D\" seconds \"0.003861\" input_bytes \"452464\" quotient_bytes \"307120\" divides \"False\n"
"kernel 2 (localhost):"
"\"KNOWN_FACTOR_DIVISION \"{2, CutIntegral[\"R02\", {1, 1, 1, 1}]}\" factor \"InputForm[Q^2 + s]\" variable \"s\" seconds \"0.009725\" input_bytes \"452464\" quotient_bytes \"320760\" divides \"False\n"
"kernel 2 (localhost):"
"\"KNOWN_FACTOR_DIVISION \"{2, CutIntegral[\"R02\", {1, 1, 1, 1}]}\" factor \"InputForm[s - s23]\" variable \"s\" seconds \"0.004416\" input_bytes \"452464\" quotient_bytes \"306080\" divides \"False\n"
"kernel 2 (localhost):"
"\"KNOWN_FACTOR_DIVISION \"{2, CutIntegral[\"R02\", {1, 1, 1, 1}]}\" factor \"InputForm[SUNN]\" variable \"SUNN\" seconds \"0.009251\" input_bytes \"452464\" quotient_bytes \"207256\" divides \"False\n"
"kernel 2 (localhost):"
"\"KNOWN_FACTOR_DIVISION \"{2, CutIntegral[\"R02\", {1, 1, 1, 1}]}\" factor \"InputForm[s23 - t]\" variable \"s23\" seconds \"0.004651\" input_bytes \"452464\" quotient_bytes \"302760\" divides \"False\n"
"kernel 2 (localhost):"
"\"KNOWN_FACTOR_DIVISION \"{2, CutIntegral[\"R02\", {1, 1, 1, 1}]}\" factor \"InputForm[Q^2 + t]\" variable \"t\" seconds \"0.007457\" input_bytes \"452464\" quotient_bytes \"318536\" divides \"False\n"
"kernel 2 (localhost):"
"\"KNOWN_FACTOR_DIVISION \"{2, CutIntegral[\"R02\", {1, 1, 1, 1}]}\" factor \"InputForm[Q^2 + s - s23 + t]\" variable \"s\" seconds \"0.004694\" input_bytes \"452464\" quotient_bytes \"316856\" divides \"False\n"
"kernel 2 (localhost):"
"\"REAL_MASTER_COEFFICIENT \"\"Hgg\"\" \"2\" \"InputForm[CutIntegral[\"R03\", {1, 1, 0, 1}]]\n"
"kernel 2 (localhost):"
"\"DENOMINATOR_SUPPORT \"{2, CutIntegral[\"R03\", {1, 1, 0, 1}]}\" \"InputForm[<|\"TermCount\" -> 86, \"FactorCount\" -> 15, \"FactorPowers\" -> <|-3 + D -> 1, -2 + D -> 1, -1 + D -> 1, D -> 1, Q^2 + s -> 6, s - s23 -> 1, SUNN -> 1, s23 - t -> 1, Q^2 + t -> 2, 2*Q^2 + s + t -> 1, -s23 + t -> 1, Q^2 + s - s23 + t -> 3, Q^4 + Q^2*s - 2*Q^2*s23 + Q^2*t - s*t -> 2, Q^2*s23 + s*t -> 2, s^2 + 4*Q^2*s23 + 2*s*t + t^2 -> 5|>, \"InputBytes\" -> 42967224, \"CommonDenominatorBytes\" -> 3200|>]\n"
"kernel 1 (localhost):"
"\"STREAMED_NUMERATOR \"{1, CutIntegral[\"R03\", {1, 1, 0, 1}]}\" row \"64\"/\"86\" numerator_bytes \"27976776\" kernel_memory \"670309712\n"
"kernel 2 (localhost):"
"\"STREAMED_NUMERATOR \"{2, CutIntegral[\"R03\", {1, 1, 0, 1}]}\" row \"16\"/\"86\" numerator_bytes \"23993456\" kernel_memory \"804631248\n"
"kernel 1 (localhost):"
"\"STREAMED_NUMERATOR \"{1, CutIntegral[\"R03\", {1, 1, 0, 1}]}\" row \"80\"/\"86\" numerator_bytes \"31916712\" kernel_memory \"677677808\n"
"kernel 2 (localhost):"
"\"STREAMED_NUMERATOR \"{2, CutIntegral[\"R03\", {1, 1, 0, 1}]}\" row \"32\"/\"86\" numerator_bytes \"27604160\" kernel_memory \"655980656\n"
"kernel 1 (localhost):"
"\"STREAMED_NUMERATOR \"{1, CutIntegral[\"R03\", {1, 1, 0, 1}]}\" row \"86\"/\"86\" numerator_bytes \"29563904\" kernel_memory \"676309384\n"
"kernel 1 (localhost):"
"\"DENOMINATOR_NUMERATOR \"{1, CutIntegral[\"R03\", {1, 1, 0, 1}]}\" bytes \"29563904\" seconds \"99.257792\n"
"kernel 1 (localhost):"
"\"KNOWN_FACTOR_DIVISION \"{1, CutIntegral[\"R03\", {1, 1, 0, 1}]}\" factor \"InputForm[-3 + D]\" variable \"D\" seconds \"1.308755\" input_bytes \"29563904\" quotient_bytes \"24426792\" divides \"False\n"
"kernel 1 (localhost):"
"\"KNOWN_FACTOR_DIVISION \"{1, CutIntegral[\"R03\", {1, 1, 0, 1}]}\" factor \"InputForm[-2 + D]\" variable \"D\" seconds \"1.250337\" input_bytes \"29563904\" quotient_bytes \"23547248\" divides \"False\n"
"kernel 1 (localhost):"
"\"KNOWN_FACTOR_DIVISION \"{1, CutIntegral[\"R03\", {1, 1, 0, 1}]}\" factor \"InputForm[-1 + D]\" variable \"D\" seconds \"1.00986\" input_bytes \"29563904\" quotient_bytes \"24515920\" divides \"False\n"
"kernel 1 (localhost):"
"\"KNOWN_FACTOR_DIVISION \"{1, CutIntegral[\"R03\", {1, 1, 0, 1}]}\" factor \"InputForm[D]\" variable \"D\" seconds \"0.864102\" input_bytes \"29563904\" quotient_bytes \"24750088\" divides \"False\n"
"kernel 1 (localhost):"
"\"KNOWN_FACTOR_DIVISION \"{1, CutIntegral[\"R03\", {1, 1, 0, 1}]}\" factor \"InputForm[Q^2 + s]\" variable \"s\" seconds \"0.780444\" input_bytes \"29563904\" quotient_bytes \"23843128\" divides \"True\n"
"kernel 1 (localhost):"
"\"KNOWN_FACTOR_DIVISION \"{1, CutIntegral[\"R03\", {1, 1, 0, 1}]}\" factor \"InputForm[Q^2 + s]\" variable \"s\" seconds \"0.302922\" input_bytes \"23843128\" quotient_bytes \"21952776\" divides \"True\n"
"kernel 1 (localhost):"
"\"KNOWN_FACTOR_DIVISION \"{1, CutIntegral[\"R03\", {1, 1, 0, 1}]}\" factor \"InputForm[Q^2 + s]\" variable \"s\" seconds \"0.229675\" input_bytes \"21952776\" quotient_bytes \"20110504\" divides \"True\n"
"kernel 1 (localhost):"
"\"KNOWN_FACTOR_DIVISION \"{1, CutIntegral[\"R03\", {1, 1, 0, 1}]}\" factor \"InputForm[Q^2 + s]\" variable \"s\" seconds \"0.183979\" input_bytes \"20110504\" quotient_bytes \"18245048\" divides \"True\n"
"kernel 1 (localhost):"
"\"KNOWN_FACTOR_DIVISION \"{1, CutIntegral[\"R03\", {1, 1, 0, 1}]}\" factor \"InputForm[Q^2 + s]\" variable \"s\" seconds \"0.214111\" input_bytes \"18245048\" quotient_bytes \"17679848\" divides \"False\n"
"kernel 1 (localhost):"
"\"KNOWN_FACTOR_DIVISION \"{1, CutIntegral[\"R03\", {1, 1, 0, 1}]}\" factor \"InputForm[s - s23]\" variable \"s\" seconds \"0.169534\" input_bytes \"18245048\" quotient_bytes \"16151528\" divides \"True\n"
"kernel 1 (localhost):"
"\"KNOWN_FACTOR_DIVISION \"{1, CutIntegral[\"R03\", {1, 1, 0, 1}]}\" factor \"InputForm[SUNN]\" variable \"SUNN\" seconds \"0.961335\" input_bytes \"16151528\" quotient_bytes \"8867336\" divides \"False\n"
"kernel 1 (localhost):"
"\"KNOWN_FACTOR_DIVISION \"{1, CutIntegral[\"R03\", {1, 1, 0, 1}]}\" factor \"InputForm[s23 - t]\" variable \"s23\" seconds \"0.406894\" input_bytes \"16151528\" quotient_bytes \"14449440\" divides \"True\n"
"kernel 1 (localhost):"
"\"KNOWN_FACTOR_DIVISION \"{1, CutIntegral[\"R03\", {1, 1, 0, 1}]}\" factor \"InputForm[t]\" variable \"t\" seconds \"0.177471\" input_bytes \"14449440\" quotient_bytes \"13729520\" divides \"False\n"
"kernel 1 (localhost):"
"\"KNOWN_FACTOR_DIVISION \"{1, CutIntegral[\"R03\", {1, 1, 0, 1}]}\" factor \"InputForm[Q^2 + t]\" variable \"t\" seconds \"0.300327\" input_bytes \"14449440\" quotient_bytes \"12916672\" divides \"True\n"
"kernel 1 (localhost):"
"\"KNOWN_FACTOR_DIVISION \"{1, CutIntegral[\"R03\", {1, 1, 0, 1}]}\" factor \"InputForm[Q^2 + t]\" variable \"t\" seconds \"0.124838\" input_bytes \"12916672\" quotient_bytes \"12827056\" divides \"False\n"
"kernel 2 (localhost):"
"\"STREAMED_NUMERATOR \"{2, CutIntegral[\"R03\", {1, 1, 0, 1}]}\" row \"48\"/\"86\" numerator_bytes \"27373848\" kernel_memory \"655887048\n"
"kernel 1 (localhost):"
"\"KNOWN_FACTOR_DIVISION \"{1, CutIntegral[\"R03\", {1, 1, 0, 1}]}\" factor \"InputForm[2*Q^2 + s + t]\" variable \"s\" seconds \"0.357976\" input_bytes \"12916672\" quotient_bytes \"12827960\" divides \"False\n"
"kernel 1 (localhost):"
"\"KNOWN_FACTOR_DIVISION \"{1, CutIntegral[\"R03\", {1, 1, 0, 1}]}\" factor \"InputForm[-s23 + t]\" variable \"s23\" seconds \"0.294145\" input_bytes \"12916672\" quotient_bytes \"11504032\" divides \"True\n"
"kernel 1 (localhost):"
"\"KNOWN_FACTOR_DIVISION \"{1, CutIntegral[\"R03\", {1, 1, 0, 1}]}\" factor \"InputForm[Q^2 + s - s23 + t]\" variable \"s\" seconds \"0.250555\" input_bytes \"11504032\" quotient_bytes \"9362736\" divides \"True\n"
"kernel 1 (localhost):"
"\"KNOWN_FACTOR_DIVISION \"{1, CutIntegral[\"R03\", {1, 1, 0, 1}]}\" factor \"InputForm[Q^2 + s - s23 + t]\" variable \"s\" seconds \"0.101945\" input_bytes \"9362736\" quotient_bytes \"8779640\" divides \"False\n"
"kernel 1 (localhost):"
"\"KNOWN_FACTOR_DIVISION \"{1, CutIntegral[\"R03\", {1, 1, 0, 1}]}\" factor \"InputForm[Q^4 + Q^2*s - 2*Q^2*s23 + Q^2*t - s*t]\" variable \"Q\" seconds \"0.260674\" input_bytes \"9362736\" quotient_bytes \"6993416\" divides \"True\n"
"kernel 1 (localhost):"
"\"KNOWN_FACTOR_DIVISION \"{1, CutIntegral[\"R03\", {1, 1, 0, 1}]}\" factor \"InputForm[Q^4 + Q^2*s - 2*Q^2*s23 + Q^2*t - s*t]\" variable \"Q\" seconds \"0.118197\" input_bytes \"6993416\" quotient_bytes \"5120128\" divides \"True\n"
"kernel 1 (localhost):"
"\"RETAINED_DENOMINATOR_FACTOR \"{1, CutIntegral[\"R03\", {1, 1, 0, 1}]}\" \"InputForm[Q^2*s23 + s*t]\n"
"kernel 1 (localhost):"
"\"KNOWN_FACTOR_DIVISION \"{1, CutIntegral[\"R03\", {1, 1, 0, 1}]}\" factor \"InputForm[s^2 + 4*Q^2*s23 + 2*s*t + t^2]\" variable \"s\" seconds \"0.140026\" input_bytes \"5120128\" quotient_bytes \"4151072\" divides \"True\n"
"kernel 1 (localhost):"
"\"KNOWN_FACTOR_DIVISION \"{1, CutIntegral[\"R03\", {1, 1, 0, 1}]}\" factor \"InputForm[s^2 + 4*Q^2*s23 + 2*s*t + t^2]\" variable \"s\" seconds \"0.075567\" input_bytes \"4151072\" quotient_bytes \"3165568\" divides \"False\n"
"kernel 1 (localhost):"
"\"REAL_MASTER_COEFFICIENT \"\"Hgg\"\" \"1\" \"InputForm[CutIntegral[\"R03\", {1, 1, 1, 1}]]\n"
"kernel 1 (localhost):"
"\"DENOMINATOR_SUPPORT \"{1, CutIntegral[\"R03\", {1, 1, 1, 1}]}\" \"InputForm[<|\"TermCount\" -> 2, \"FactorCount\" -> 8, \"FactorPowers\" -> <|-3 + D -> 1, -1 + D -> 1, Q^2 + s -> 3, SUNN -> 1, s23 - t -> 1, 2*Q^2 + s + t -> 1, Q^2 + s - s23 + t -> 1, Q^2*s23 + s*t -> 2|>, \"InputBytes\" -> 42576, \"CommonDenominatorBytes\" -> 1312|>]\n"
"kernel 1 (localhost):"
"\"STREAMED_NUMERATOR \"{1, CutIntegral[\"R03\", {1, 1, 1, 1}]}\" row \"2\"/\"2\" numerator_bytes \"192944\" kernel_memory \"613474384\n"
"kernel 1 (localhost):"
"\"DENOMINATOR_NUMERATOR \"{1, CutIntegral[\"R03\", {1, 1, 1, 1}]}\" bytes \"192944\" seconds \"0.005451\n"
"kernel 1 (localhost):"
"\"KNOWN_FACTOR_DIVISION \"{1, CutIntegral[\"R03\", {1, 1, 1, 1}]}\" factor \"InputForm[-3 + D]\" variable \"D\" seconds \"0.004565\" input_bytes \"192944\" quotient_bytes \"96544\" divides \"False\n"
"kernel 1 (localhost):"
"\"KNOWN_FACTOR_DIVISION \"{1, CutIntegral[\"R03\", {1, 1, 1, 1}]}\" factor \"InputForm[-1 + D]\" variable \"D\" seconds \"0.001572\" input_bytes \"192944\" quotient_bytes \"119816\" divides \"False\n"
"kernel 1 (localhost):"
"\"KNOWN_FACTOR_DIVISION \"{1, CutIntegral[\"R03\", {1, 1, 1, 1}]}\" factor \"InputForm[Q^2 + s]\" variable \"s\" seconds \"0.002313\" input_bytes \"192944\" quotient_bytes \"143824\" divides \"False\n"
"kernel 1 (localhost):"
"\"KNOWN_FACTOR_DIVISION \"{1, CutIntegral[\"R03\", {1, 1, 1, 1}]}\" factor \"InputForm[SUNN]\" variable \"SUNN\" seconds \"0.003189\" input_bytes \"192944\" quotient_bytes \"70456\" divides \"False\n"
"kernel 1 (localhost):"
"\"KNOWN_FACTOR_DIVISION \"{1, CutIntegral[\"R03\", {1, 1, 1, 1}]}\" factor \"InputForm[s23 - t]\" variable \"s23\" seconds \"0.003919\" input_bytes \"192944\" quotient_bytes \"137752\" divides \"False\n"
"kernel 1 (localhost):"
"\"KNOWN_FACTOR_DIVISION \"{1, CutIntegral[\"R03\", {1, 1, 1, 1}]}\" factor \"InputForm[2*Q^2 + s + t]\" variable \"s\" seconds \"0.002434\" input_bytes \"192944\" quotient_bytes \"212736\" divides \"False\n"
"kernel 1 (localhost):"
"\"KNOWN_FACTOR_DIVISION \"{1, CutIntegral[\"R03\", {1, 1, 1, 1}]}\" factor \"InputForm[Q^2 + s - s23 + t]\" variable \"s\" seconds \"0.002462\" input_bytes \"192944\" quotient_bytes \"179568\" divides \"False\n"
"kernel 1 (localhost):"
"\"RETAINED_DENOMINATOR_FACTOR \"{1, CutIntegral[\"R03\", {1, 1, 1, 1}]}\" \"InputForm[Q^2*s23 + s*t]\n"
"kernel 1 (localhost):"
"\"REAL_MASTER_COEFFICIENT \"\"Hgg\"\" \"1\" \"InputForm[CutIntegral[\"R04\", {1, 1, 1, 1}]]\n"
"kernel 1 (localhost):"
"\"DENOMINATOR_SUPPORT \"{1, CutIntegral[\"R04\", {1, 1, 1, 1}]}\" \"InputForm[<|\"TermCount\" -> 8, \"FactorCount\" -> 9, \"FactorPowers\" -> <|-3 + D -> 1, -1 + D -> 1, Q^2 + s -> 2, SUNN -> 1, t -> 1, Q^2 + t -> 2, 2*Q^2 + s + t -> 1, -s23 + t -> 1, Q^2*s23 + s*t -> 2|>, \"InputBytes\" -> 422096, \"CommonDenominatorBytes\" -> 1304|>]\n"
"kernel 1 (localhost):"
"\"STREAMED_NUMERATOR \"{1, CutIntegral[\"R04\", {1, 1, 1, 1}]}\" row \"8\"/\"8\" numerator_bytes \"642904\" kernel_memory \"615169296\n"
"kernel 1 (localhost):"
"\"DENOMINATOR_NUMERATOR \"{1, CutIntegral[\"R04\", {1, 1, 1, 1}]}\" bytes \"642904\" seconds \"0.04765\n"
"kernel 1 (localhost):"
"\"KNOWN_FACTOR_DIVISION \"{1, CutIntegral[\"R04\", {1, 1, 1, 1}]}\" factor \"InputForm[-3 + D]\" variable \"D\" seconds \"0.011727\" input_bytes \"642904\" quotient_bytes \"451968\" divides \"False\n"
"kernel 1 (localhost):"
"\"KNOWN_FACTOR_DIVISION \"{1, CutIntegral[\"R04\", {1, 1, 1, 1}]}\" factor \"InputForm[-1 + D]\" variable \"D\" seconds \"0.007466\" input_bytes \"642904\" quotient_bytes \"457080\" divides \"False\n"
"kernel 1 (localhost):"
"\"KNOWN_FACTOR_DIVISION \"{1, CutIntegral[\"R04\", {1, 1, 1, 1}]}\" factor \"InputForm[Q^2 + s]\" variable \"s\" seconds \"0.009472\" input_bytes \"642904\" quotient_bytes \"405296\" divides \"False\n"
"kernel 1 (localhost):"
"\"KNOWN_FACTOR_DIVISION \"{1, CutIntegral[\"R04\", {1, 1, 1, 1}]}\" factor \"InputForm[SUNN]\" variable \"SUNN\" seconds \"0.011052\" input_bytes \"642904\" quotient_bytes \"295232\" divides \"False\n"
"kernel 1 (localhost):"
"\"KNOWN_FACTOR_DIVISION \"{1, CutIntegral[\"R04\", {1, 1, 1, 1}]}\" factor \"InputForm[t]\" variable \"t\" seconds \"0.004534\" input_bytes \"642904\" quotient_bytes \"529168\" divides \"False\n"
"kernel 1 (localhost):"
"\"KNOWN_FACTOR_DIVISION \"{1, CutIntegral[\"R04\", {1, 1, 1, 1}]}\" factor \"InputForm[Q^2 + t]\" variable \"t\" seconds \"0.011272\" input_bytes \"642904\" quotient_bytes \"550952\" divides \"False\n"
"kernel 1 (localhost):"
"\"KNOWN_FACTOR_DIVISION \"{1, CutIntegral[\"R04\", {1, 1, 1, 1}]}\" factor \"InputForm[2*Q^2 + s + t]\" variable \"s\" seconds \"0.00949\" input_bytes \"642904\" quotient_bytes \"405896\" divides \"False\n"
"kernel 1 (localhost):"
"\"KNOWN_FACTOR_DIVISION \"{1, CutIntegral[\"R04\", {1, 1, 1, 1}]}\" factor \"InputForm[-s23 + t]\" variable \"s23\" seconds \"0.00913\" input_bytes \"642904\" quotient_bytes \"463472\" divides \"False\n"
"kernel 1 (localhost):"
"\"RETAINED_DENOMINATOR_FACTOR \"{1, CutIntegral[\"R04\", {1, 1, 1, 1}]}\" \"InputForm[Q^2*s23 + s*t]\n"
"kernel 1 (localhost):"
"\"REAL_MASTER_COEFFICIENT \"\"Hgg\"\" \"1\" \"InputForm[CutIntegral[\"R09\", {1, 1, 1, 1}]]\n"
"kernel 1 (localhost):"
"\"DENOMINATOR_SUPPORT \"{1, CutIntegral[\"R09\", {1, 1, 1, 1}]}\" \"InputForm[<|\"TermCount\" -> 2, \"FactorCount\" -> 9, \"FactorPowers\" -> <|-3 + D -> 1, -1 + D -> 1, Q^2 + s -> 2, s - s23 -> 1, SUNN -> 1, Q^2 + t -> 2, 2*Q^2 + s + t -> 1, Q^2 + s - s23 + t -> 2, Q^2*s23 + s*t -> 2|>, \"InputBytes\" -> 206752, \"CommonDenominatorBytes\" -> 1592|>]\n"
"kernel 1 (localhost):"
"\"STREAMED_NUMERATOR \"{1, CutIntegral[\"R09\", {1, 1, 1, 1}]}\" row \"2\"/\"2\" numerator_bytes \"526712\" kernel_memory \"615228080\n"
"kernel 1 (localhost):"
"\"DENOMINATOR_NUMERATOR \"{1, CutIntegral[\"R09\", {1, 1, 1, 1}]}\" bytes \"526712\" seconds \"0.012892\n"
"kernel 1 (localhost):"
"\"KNOWN_FACTOR_DIVISION \"{1, CutIntegral[\"R09\", {1, 1, 1, 1}]}\" factor \"InputForm[-3 + D]\" variable \"D\" seconds \"0.009709\" input_bytes \"526712\" quotient_bytes \"330016\" divides \"False\n"
"kernel 1 (localhost):"
"\"KNOWN_FACTOR_DIVISION \"{1, CutIntegral[\"R09\", {1, 1, 1, 1}]}\" factor \"InputForm[-1 + D]\" variable \"D\" seconds \"0.004601\" input_bytes \"526712\" quotient_bytes \"331816\" divides \"False\n"
"kernel 1 (localhost):"
"\"KNOWN_FACTOR_DIVISION \"{1, CutIntegral[\"R09\", {1, 1, 1, 1}]}\" factor \"InputForm[Q^2 + s]\" variable \"s\" seconds \"0.007374\" input_bytes \"526712\" quotient_bytes \"550200\" divides \"False\n"
"kernel 1 (localhost):"
"\"KNOWN_FACTOR_DIVISION \"{1, CutIntegral[\"R09\", {1, 1, 1, 1}]}\" factor \"InputForm[s - s23]\" variable \"s\" seconds \"0.006413\" input_bytes \"526712\" quotient_bytes \"387776\" divides \"False\n"
"kernel 1 (localhost):"
"\"KNOWN_FACTOR_DIVISION \"{1, CutIntegral[\"R09\", {1, 1, 1, 1}]}\" factor \"InputForm[SUNN]\" variable \"SUNN\" seconds \"0.008482\" input_bytes \"526712\" quotient_bytes \"218568\" divides \"False\n"
"kernel 1 (localhost):"
"\"KNOWN_FACTOR_DIVISION \"{1, CutIntegral[\"R09\", {1, 1, 1, 1}]}\" factor \"InputForm[Q^2 + t]\" variable \"t\" seconds \"0.005426\" input_bytes \"526712\" quotient_bytes \"384488\" divides \"False\n"
"kernel 1 (localhost):"
"\"KNOWN_FACTOR_DIVISION \"{1, CutIntegral[\"R09\", {1, 1, 1, 1}]}\" factor \"InputForm[2*Q^2 + s + t]\" variable \"s\" seconds \"0.010965\" input_bytes \"526712\" quotient_bytes \"550120\" divides \"False\n"
"kernel 1 (localhost):"
"\"KNOWN_FACTOR_DIVISION \"{1, CutIntegral[\"R09\", {1, 1, 1, 1}]}\" factor \"InputForm[Q^2 + s - s23 + t]\" variable \"s\" seconds \"0.011141\" input_bytes \"526712\" quotient_bytes \"437784\" divides \"False\n"
"kernel 1 (localhost):"
"\"RETAINED_DENOMINATOR_FACTOR \"{1, CutIntegral[\"R09\", {1, 1, 1, 1}]}\" \"InputForm[Q^2*s23 + s*t]\n"
"kernel 1 (localhost):"
"\"REAL_MASTER_COEFFICIENT \"\"Hgg\"\" \"1\" \"InputForm[CutIntegral[\"R10\", {1, 1, 1, 1}]]\n"
"kernel 1 (localhost):"
"\"DENOMINATOR_SUPPORT \"{1, CutIntegral[\"R10\", {1, 1, 1, 1}]}\" \"InputForm[<|\"TermCount\" -> 6, \"FactorCount\" -> 7, \"FactorPowers\" -> <|-3 + D -> 1, -1 + D -> 1, Q^2 + s -> 3, s - s23 -> 1, SUNN -> 1, 2*Q^2 + s + t -> 1, Q^2*s23 + s*t -> 2|>, \"InputBytes\" -> 213904, \"CommonDenominatorBytes\" -> 1088|>]\n"
"kernel 1 (localhost):"
"\"STREAMED_NUMERATOR \"{1, CutIntegral[\"R10\", {1, 1, 1, 1}]}\" row \"6\"/\"6\" numerator_bytes \"275576\" kernel_memory \"615502736\n"
"kernel 1 (localhost):"
"\"DENOMINATOR_NUMERATOR \"{1, CutIntegral[\"R10\", {1, 1, 1, 1}]}\" bytes \"275576\" seconds \"0.025697\n"
"kernel 1 (localhost):"
"\"KNOWN_FACTOR_DIVISION \"{1, CutIntegral[\"R10\", {1, 1, 1, 1}]}\" factor \"InputForm[-3 + D]\" variable \"D\" seconds \"0.082882\" input_bytes \"275576\" quotient_bytes \"180808\" divides \"False\n"
"kernel 1 (localhost):"
"\"KNOWN_FACTOR_DIVISION \"{1, CutIntegral[\"R10\", {1, 1, 1, 1}]}\" factor \"InputForm[-1 + D]\" variable \"D\" seconds \"0.048226\" input_bytes \"275576\" quotient_bytes \"184920\" divides \"False\n"
"kernel 1 (localhost):"
"\"KNOWN_FACTOR_DIVISION \"{1, CutIntegral[\"R10\", {1, 1, 1, 1}]}\" factor \"InputForm[Q^2 + s]\" variable \"s\" seconds \"0.043037\" input_bytes \"275576\" quotient_bytes \"224576\" divides \"False\n"
"kernel 1 (localhost):"
"\"KNOWN_FACTOR_DIVISION \"{1, CutIntegral[\"R10\", {1, 1, 1, 1}]}\" factor \"InputForm[s - s23]\" variable \"s\" seconds \"0.005149\" input_bytes \"275576\" quotient_bytes \"208432\" divides \"False\n"
"kernel 1 (localhost):"
"\"KNOWN_FACTOR_DIVISION \"{1, CutIntegral[\"R10\", {1, 1, 1, 1}]}\" factor \"InputForm[SUNN]\" variable \"SUNN\" seconds \"0.006864\" input_bytes \"275576\" quotient_bytes \"125816\" divides \"False\n"
"kernel 1 (localhost):"
"\"KNOWN_FACTOR_DIVISION \"{1, CutIntegral[\"R10\", {1, 1, 1, 1}]}\" factor \"InputForm[2*Q^2 + s + t]\" variable \"s\" seconds \"0.004019\" input_bytes \"275576\" quotient_bytes \"347400\" divides \"False\n"
"kernel 1 (localhost):"
"\"RETAINED_DENOMINATOR_FACTOR \"{1, CutIntegral[\"R10\", {1, 1, 1, 1}]}\" \"InputForm[Q^2*s23 + s*t]\n"
"kernel 1 (localhost):"
"\"PASS: \"\"complete linear reduced coefficient reconstruction\"\n"
"kernel 1 (localhost):"
"\"PASS: \"\"reduced coefficients are scalar rational expressions\"\n"
"kernel 2 (localhost):"
"\"STREAMED_NUMERATOR \"{2, CutIntegral[\"R03\", {1, 1, 0, 1}]}\" row \"64\"/\"86\" numerator_bytes \"26508712\" kernel_memory \"654411840\n"
"kernel 1 (localhost):"
"\"REAL_MAP_ACCEPTED \"\"Hgg\"\" \"1\n"
"kernel 1 (localhost):"
"\"PASS: \"\"complete reduced output accepted before storage projection\"\n"
"From kernel 1 (localhost):"
"AssociateTo::invak: The argument checks is not a valid Association."
"kernel 1 (localhost):"
"\"PASS: \"\"exact downstream coefficient interface\"\n"
"From kernel 1 (localhost):"
"AssociateTo::invak: The argument checks is not a valid Association."
"kernel 1 (localhost):"
"\"REAL_MAP \"\"Hgg\"\" \"3\"/\"98\" \"<|\"Sector\" -> \"Real\", \"Kind\" -> \"ExtendedResponse\", \"Index\" -> {1, 1, 5}|>\" kernel \"1\n"
"kernel 1 (localhost):"
"\"PASS: \"\"exact saved raw file\"\n"
"kernel 1 (localhost):"
"\"PASS: \"\"raw reader returns complete original record\"\n"
"kernel 1 (localhost):"
"\"PASS: \"\"raw component retains executed reconstruction\"\n"
"kernel 1 (localhost):"
"\"PASS: \"\"known rules end in saved masters\"\n"
"kernel 1 (localhost):"
"\"PASS: \"\"exact individual reduction-rule reconstruction\"\n"
"kernel 1 (localhost):"
"\"REAL_MASTER_COEFFICIENT \"\"Hgg\"\" \"3\" \"InputForm[CutIntegral[\"R01\", {1, 1, 0, 0}]]\n"
"kernel 1 (localhost):"
"\"PASS: \"\"exact individual denominator factorization\"\n"
"kernel 1 (localhost):"
"\"PASS: \"\"unique positive denominator factor powers\"\n"
"kernel 2 (localhost):"
"\"STREAMED_NUMERATOR \"{2, CutIntegral[\"R03\", {1, 1, 0, 1}]}\" row \"80\"/\"86\" numerator_bytes \"31001408\" kernel_memory \"658300216\n"
"kernel 2 (localhost):"
"\"STREAMED_NUMERATOR \"{2, CutIntegral[\"R03\", {1, 1, 0, 1}]}\" row \"86\"/\"86\" numerator_bytes \"27567856\" kernel_memory \"658146600\n"
"kernel 2 (localhost):"
"\"DENOMINATOR_NUMERATOR \"{2, CutIntegral[\"R03\", {1, 1, 0, 1}]}\" bytes \"27567856\" seconds \"92.544051\n"
"kernel 2 (localhost):"
"\"KNOWN_FACTOR_DIVISION \"{2, CutIntegral[\"R03\", {1, 1, 0, 1}]}\" factor \"InputForm[-3 + D]\" variable \"D\" seconds \"1.051221\" input_bytes \"27567856\" quotient_bytes \"23123880\" divides \"False\n"
"kernel 2 (localhost):"
"\"KNOWN_FACTOR_DIVISION \"{2, CutIntegral[\"R03\", {1, 1, 0, 1}]}\" factor \"InputForm[-2 + D]\" variable \"D\" seconds \"1.018756\" input_bytes \"27567856\" quotient_bytes \"22333752\" divides \"False\n"
"kernel 2 (localhost):"
"\"KNOWN_FACTOR_DIVISION \"{2, CutIntegral[\"R03\", {1, 1, 0, 1}]}\" factor \"InputForm[-1 + D]\" variable \"D\" seconds \"0.819383\" input_bytes \"27567856\" quotient_bytes \"23268384\" divides \"False\n"
"kernel 2 (localhost):"
"\"KNOWN_FACTOR_DIVISION \"{2, CutIntegral[\"R03\", {1, 1, 0, 1}]}\" factor \"InputForm[D]\" variable \"D\" seconds \"0.690231\" input_bytes \"27567856\" quotient_bytes \"23113032\" divides \"False\n"
"kernel 2 (localhost):"
"\"KNOWN_FACTOR_DIVISION \"{2, CutIntegral[\"R03\", {1, 1, 0, 1}]}\" factor \"InputForm[Q^2 + s]\" variable \"s\" seconds \"0.631843\" input_bytes \"27567856\" quotient_bytes \"22206312\" divides \"True\n"
"kernel 2 (localhost):"
"\"KNOWN_FACTOR_DIVISION \"{2, CutIntegral[\"R03\", {1, 1, 0, 1}]}\" factor \"InputForm[Q^2 + s]\" variable \"s\" seconds \"0.182793\" input_bytes \"22206312\" quotient_bytes \"20414112\" divides \"True\n"
"kernel 2 (localhost):"
"\"KNOWN_FACTOR_DIVISION \"{2, CutIntegral[\"R03\", {1, 1, 0, 1}]}\" factor \"InputForm[Q^2 + s]\" variable \"s\" seconds \"0.183442\" input_bytes \"20414112\" quotient_bytes \"18669368\" divides \"True\n"
"kernel 2 (localhost):"
"\"KNOWN_FACTOR_DIVISION \"{2, CutIntegral[\"R03\", {1, 1, 0, 1}]}\" factor \"InputForm[Q^2 + s]\" variable \"s\" seconds \"0.189539\" input_bytes \"18669368\" quotient_bytes \"16897920\" divides \"True\n"
"kernel 2 (localhost):"
"\"KNOWN_FACTOR_DIVISION \"{2, CutIntegral[\"R03\", {1, 1, 0, 1}]}\" factor \"InputForm[Q^2 + s]\" variable \"s\" seconds \"0.145136\" input_bytes \"16897920\" quotient_bytes \"16440536\" divides \"False\n"
"kernel 2 (localhost):"
"\"KNOWN_FACTOR_DIVISION \"{2, CutIntegral[\"R03\", {1, 1, 0, 1}]}\" factor \"InputForm[s - s23]\" variable \"s\" seconds \"0.135709\" input_bytes \"16897920\" quotient_bytes \"14975248\" divides \"True\n"
"kernel 2 (localhost):"
"\"KNOWN_FACTOR_DIVISION \"{2, CutIntegral[\"R03\", {1, 1, 0, 1}]}\" factor \"InputForm[SUNN]\" variable \"SUNN\" seconds \"0.776392\" input_bytes \"14975248\" quotient_bytes \"8202696\" divides \"False\n"
"kernel 1 (localhost):"
"\"DENOMINATOR_SUPPORT \"{3, CutIntegral[\"R01\", {1, 1, 0, 0}]}\" \"InputForm[<|\"TermCount\" -> 406, \"FactorCount\" -> 19, \"FactorPowers\" -> <|-6 + D -> 1, -3 + D -> 1, -2 + D -> 1, -1 + D -> 2, D -> 1, 1 + D -> 1, Q -> 2, Q^2 + s -> 4, s - s23 -> 3, SUNN -> 1, s23 - t -> 5, t -> 1, Q^2 + t -> 2, 2*Q^2 + s + t -> 1, -s23 + t -> 5, Q^2 + s - s23 + t -> 4, Q^4 + Q^2*s - 2*Q^2*s23 + Q^2*t - s*t -> 2, Q^2*s23 + s*t -> 2, s^2 + 4*Q^2*s23 + 2*s*t + t^2 -> 4|>, \"InputBytes\" -> 160161704, \"CommonDenominatorBytes\" -> 3736|>]\n"
"kernel 1 (localhost):"
"\"PASS: \"\"exact common-denominator embedding\"\n"
"kernel 2 (localhost):"
"\"KNOWN_FACTOR_DIVISION \"{2, CutIntegral[\"R03\", {1, 1, 0, 1}]}\" factor \"InputForm[s23 - t]\" variable \"s23\" seconds \"0.275965\" input_bytes \"14975248\" quotient_bytes \"13362744\" divides \"True\n"
"kernel 2 (localhost):"
"\"KNOWN_FACTOR_DIVISION \"{2, CutIntegral[\"R03\", {1, 1, 0, 1}]}\" factor \"InputForm[Q^2 + t]\" variable \"t\" seconds \"0.219483\" input_bytes \"13362744\" quotient_bytes \"11957856\" divides \"True\n"
"kernel 2 (localhost):"
"\"KNOWN_FACTOR_DIVISION \"{2, CutIntegral[\"R03\", {1, 1, 0, 1}]}\" factor \"InputForm[Q^2 + t]\" variable \"t\" seconds \"0.102992\" input_bytes \"11957856\" quotient_bytes \"11492512\" divides \"False\n"
"kernel 2 (localhost):"
"\"KNOWN_FACTOR_DIVISION \"{2, CutIntegral[\"R03\", {1, 1, 0, 1}]}\" factor \"InputForm[2*Q^2 + s + t]\" variable \"s\" seconds \"0.200786\" input_bytes \"11957856\" quotient_bytes \"11815672\" divides \"False\n"
"kernel 2 (localhost):"
"\"KNOWN_FACTOR_DIVISION \"{2, CutIntegral[\"R03\", {1, 1, 0, 1}]}\" factor \"InputForm[-s23 + t]\" variable \"s23\" seconds \"0.214671\" input_bytes \"11957856\" quotient_bytes \"10570608\" divides \"True\n"
"kernel 1 (localhost):"
"\"PASS: \"\"exact streamed numerator addition\"\n"
"kernel 2 (localhost):"
"\"KNOWN_FACTOR_DIVISION \"{2, CutIntegral[\"R03\", {1, 1, 0, 1}]}\" factor \"InputForm[Q^2 + s - s23 + t]\" variable \"s\" seconds \"0.216803\" input_bytes \"10570608\" quotient_bytes \"8620368\" divides \"True\n"
"kernel 2 (localhost):"
"\"KNOWN_FACTOR_DIVISION \"{2, CutIntegral[\"R03\", {1, 1, 0, 1}]}\" factor \"InputForm[Q^2 + s - s23 + t]\" variable \"s\" seconds \"0.089435\" input_bytes \"8620368\" quotient_bytes \"8252512\" divides \"False\n"
"kernel 2 (localhost):"
"\"KNOWN_FACTOR_DIVISION \"{2, CutIntegral[\"R03\", {1, 1, 0, 1}]}\" factor \"InputForm[Q^4 + Q^2*s - 2*Q^2*s23 + Q^2*t - s*t]\" variable \"Q\" seconds \"0.205452\" input_bytes \"8620368\" quotient_bytes \"6343824\" divides \"True\n"
"kernel 2 (localhost):"
"\"KNOWN_FACTOR_DIVISION \"{2, CutIntegral[\"R03\", {1, 1, 0, 1}]}\" factor \"InputForm[Q^4 + Q^2*s - 2*Q^2*s23 + Q^2*t - s*t]\" variable \"Q\" seconds \"0.085762\" input_bytes \"6343824\" quotient_bytes \"4579632\" divides \"True\n"
"kernel 2 (localhost):"
"\"RETAINED_DENOMINATOR_FACTOR \"{2, CutIntegral[\"R03\", {1, 1, 0, 1}]}\" \"InputForm[Q^2*s23 + s*t]\n"
"kernel 2 (localhost):"
"\"KNOWN_FACTOR_DIVISION \"{2, CutIntegral[\"R03\", {1, 1, 0, 1}]}\" factor \"InputForm[s^2 + 4*Q^2*s23 + 2*s*t + t^2]\" variable \"s\" seconds \"0.107098\" input_bytes \"4579632\" quotient_bytes \"3698320\" divides \"True\n"
"kernel 2 (localhost):"
"\"KNOWN_FACTOR_DIVISION \"{2, CutIntegral[\"R03\", {1, 1, 0, 1}]}\" factor \"InputForm[s^2 + 4*Q^2*s23 + 2*s*t + t^2]\" variable \"s\" seconds \"0.05294\" input_bytes \"3698320\" quotient_bytes \"2779952\" divides \"True\n"
"kernel 2 (localhost):"
"\"KNOWN_FACTOR_DIVISION \"{2, CutIntegral[\"R03\", {1, 1, 0, 1}]}\" factor \"InputForm[s^2 + 4*Q^2*s23 + 2*s*t + t^2]\" variable \"s\" seconds \"0.044135\" input_bytes \"2779952\" quotient_bytes \"2021512\" divides \"False\n"
"kernel 2 (localhost):"
"\"REAL_MASTER_COEFFICIENT \"\"Hgg\"\" \"2\" \"InputForm[CutIntegral[\"R03\", {1, 1, 1, 1}]]\n"
"kernel 2 (localhost):"
"\"DENOMINATOR_SUPPORT \"{2, CutIntegral[\"R03\", {1, 1, 1, 1}]}\" \"InputForm[<|\"TermCount\" -> 2, \"FactorCount\" -> 8, \"FactorPowers\" -> <|-3 + D -> 1, -1 + D -> 1, Q^2 + s -> 3, SUNN -> 1, s23 - t -> 1, 2*Q^2 + s + t -> 1, Q^2 + s - s23 + t -> 1, Q^2*s23 + s*t -> 2|>, \"InputBytes\" -> 31216, \"CommonDenominatorBytes\" -> 1312|>]\n"
"kernel 2 (localhost):"
"\"STREAMED_NUMERATOR \"{2, CutIntegral[\"R03\", {1, 1, 1, 1}]}\" row \"2\"/\"2\" numerator_bytes \"189008\" kernel_memory \"603866240\n"
"kernel 2 (localhost):"
"\"DENOMINATOR_NUMERATOR \"{2, CutIntegral[\"R03\", {1, 1, 1, 1}]}\" bytes \"189008\" seconds \"0.005845\n"
"kernel 2 (localhost):"
"\"KNOWN_FACTOR_DIVISION \"{2, CutIntegral[\"R03\", {1, 1, 1, 1}]}\" factor \"InputForm[-3 + D]\" variable \"D\" seconds \"0.00348\" input_bytes \"189008\" quotient_bytes \"117736\" divides \"False\n"
"kernel 2 (localhost):"
"\"KNOWN_FACTOR_DIVISION \"{2, CutIntegral[\"R03\", {1, 1, 1, 1}]}\" factor \"InputForm[-1 + D]\" variable \"D\" seconds \"0.002445\" input_bytes \"189008\" quotient_bytes \"118960\" divides \"False\n"
"kernel 2 (localhost):"
"\"KNOWN_FACTOR_DIVISION \"{2, CutIntegral[\"R03\", {1, 1, 1, 1}]}\" factor \"InputForm[Q^2 + s]\" variable \"s\" seconds \"0.003893\" input_bytes \"189008\" quotient_bytes \"141696\" divides \"False\n"
"kernel 2 (localhost):"
"\"KNOWN_FACTOR_DIVISION \"{2, CutIntegral[\"R03\", {1, 1, 1, 1}]}\" factor \"InputForm[SUNN]\" variable \"SUNN\" seconds \"0.002641\" input_bytes \"189008\" quotient_bytes \"69704\" divides \"False\n"
"kernel 2 (localhost):"
"\"KNOWN_FACTOR_DIVISION \"{2, CutIntegral[\"R03\", {1, 1, 1, 1}]}\" factor \"InputForm[s23 - t]\" variable \"s23\" seconds \"0.002111\" input_bytes \"189008\" quotient_bytes \"138080\" divides \"False\n"
"kernel 2 (localhost):"
"\"KNOWN_FACTOR_DIVISION \"{2, CutIntegral[\"R03\", {1, 1, 1, 1}]}\" factor \"InputForm[2*Q^2 + s + t]\" variable \"s\" seconds \"0.002246\" input_bytes \"189008\" quotient_bytes \"207272\" divides \"False\n"
"kernel 2 (localhost):"
"\"KNOWN_FACTOR_DIVISION \"{2, CutIntegral[\"R03\", {1, 1, 1, 1}]}\" factor \"InputForm[Q^2 + s - s23 + t]\" variable \"s\" seconds \"0.004112\" input_bytes \"189008\" quotient_bytes \"175768\" divides \"False\n"
"kernel 2 (localhost):"
"\"RETAINED_DENOMINATOR_FACTOR \"{2, CutIntegral[\"R03\", {1, 1, 1, 1}]}\" \"InputForm[Q^2*s23 + s*t]\n"
"kernel 2 (localhost):"
"\"REAL_MASTER_COEFFICIENT \"\"Hgg\"\" \"2\" \"InputForm[CutIntegral[\"R04\", {1, 1, 1, 1}]]\n"
"kernel 2 (localhost):"
"\"DENOMINATOR_SUPPORT \"{2, CutIntegral[\"R04\", {1, 1, 1, 1}]}\" \"InputForm[<|\"TermCount\" -> 8, \"FactorCount\" -> 8, \"FactorPowers\" -> <|-3 + D -> 1, -1 + D -> 1, Q^2 + s -> 2, SUNN -> 1, Q^2 + t -> 2, 2*Q^2 + s + t -> 1, -s23 + t -> 1, Q^2*s23 + s*t -> 2|>, \"InputBytes\" -> 382912, \"CommonDenominatorBytes\" -> 1296|>]\n"
"kernel 2 (localhost):"
"\"STREAMED_NUMERATOR \"{2, CutIntegral[\"R04\", {1, 1, 1, 1}]}\" row \"8\"/\"8\" numerator_bytes \"557912\" kernel_memory \"605353776\n"
"kernel 2 (localhost):"
"\"DENOMINATOR_NUMERATOR \"{2, CutIntegral[\"R04\", {1, 1, 1, 1}]}\" bytes \"557912\" seconds \"0.038674\n"
"kernel 2 (localhost):"
"\"KNOWN_FACTOR_DIVISION \"{2, CutIntegral[\"R04\", {1, 1, 1, 1}]}\" factor \"InputForm[-3 + D]\" variable \"D\" seconds \"0.008114\" input_bytes \"557912\" quotient_bytes \"398376\" divides \"False\n"
"kernel 2 (localhost):"
"\"KNOWN_FACTOR_DIVISION \"{2, CutIntegral[\"R04\", {1, 1, 1, 1}]}\" factor \"InputForm[-1 + D]\" variable \"D\" seconds \"0.005667\" input_bytes \"557912\" quotient_bytes \"402584\" divides \"False\n"
"kernel 2 (localhost):"
"\"KNOWN_FACTOR_DIVISION \"{2, CutIntegral[\"R04\", {1, 1, 1, 1}]}\" factor \"InputForm[Q^2 + s]\" variable \"s\" seconds \"0.005507\" input_bytes \"557912\" quotient_bytes \"354608\" divides \"False\n"
"kernel 2 (localhost):"
"\"KNOWN_FACTOR_DIVISION \"{2, CutIntegral[\"R04\", {1, 1, 1, 1}]}\" factor \"InputForm[SUNN]\" variable \"SUNN\" seconds \"0.009611\" input_bytes \"557912\" quotient_bytes \"256368\" divides \"False\n"
"kernel 2 (localhost):"
"\"KNOWN_FACTOR_DIVISION \"{2, CutIntegral[\"R04\", {1, 1, 1, 1}]}\" factor \"InputForm[Q^2 + t]\" variable \"t\" seconds \"0.008991\" input_bytes \"557912\" quotient_bytes \"452192\" divides \"False\n"
"kernel 2 (localhost):"
"\"KNOWN_FACTOR_DIVISION \"{2, CutIntegral[\"R04\", {1, 1, 1, 1}]}\" factor \"InputForm[2*Q^2 + s + t]\" variable \"s\" seconds \"0.006972\" input_bytes \"557912\" quotient_bytes \"352760\" divides \"False\n"
"kernel 2 (localhost):"
"\"KNOWN_FACTOR_DIVISION \"{2, CutIntegral[\"R04\", {1, 1, 1, 1}]}\" factor \"InputForm[-s23 + t]\" variable \"s23\" seconds \"0.006708\" input_bytes \"557912\" quotient_bytes \"394304\" divides \"False\n"
"kernel 2 (localhost):"
"\"RETAINED_DENOMINATOR_FACTOR \"{2, CutIntegral[\"R04\", {1, 1, 1, 1}]}\" \"InputForm[Q^2*s23 + s*t]\n"
"kernel 2 (localhost):"
"\"REAL_MASTER_COEFFICIENT \"\"Hgg\"\" \"2\" \"InputForm[CutIntegral[\"R09\", {1, 1, 1, 1}]]\n"
"kernel 2 (localhost):"
"\"DENOMINATOR_SUPPORT \"{2, CutIntegral[\"R09\", {1, 1, 1, 1}]}\" \"InputForm[<|\"TermCount\" -> 2, \"FactorCount\" -> 9, \"FactorPowers\" -> <|-3 + D -> 1, -1 + D -> 1, Q^2 + s -> 2, s - s23 -> 1, SUNN -> 1, Q^2 + t -> 2, 2*Q^2 + s + t -> 1, Q^2 + s - s23 + t -> 2, Q^2*s23 + s*t -> 2|>, \"InputBytes\" -> 205856, \"CommonDenominatorBytes\" -> 1592|>]\n"
"kernel 2 (localhost):"
"\"STREAMED_NUMERATOR \"{2, CutIntegral[\"R09\", {1, 1, 1, 1}]}\" row \"2\"/\"2\" numerator_bytes \"525576\" kernel_memory \"605630944\n"
"kernel 2 (localhost):"
"\"DENOMINATOR_NUMERATOR \"{2, CutIntegral[\"R09\", {1, 1, 1, 1}]}\" bytes \"525576\" seconds \"0.01262\n"
"kernel 2 (localhost):"
"\"KNOWN_FACTOR_DIVISION \"{2, CutIntegral[\"R09\", {1, 1, 1, 1}]}\" factor \"InputForm[-3 + D]\" variable \"D\" seconds \"0.010987\" input_bytes \"525576\" quotient_bytes \"329104\" divides \"False\n"
"kernel 2 (localhost):"
"\"KNOWN_FACTOR_DIVISION \"{2, CutIntegral[\"R09\", {1, 1, 1, 1}]}\" factor \"InputForm[-1 + D]\" variable \"D\" seconds \"0.0053\" input_bytes \"525576\" quotient_bytes \"330952\" divides \"False\n"
"kernel 2 (localhost):"
"\"KNOWN_FACTOR_DIVISION \"{2, CutIntegral[\"R09\", {1, 1, 1, 1}]}\" factor \"InputForm[Q^2 + s]\" variable \"s\" seconds \"0.005736\" input_bytes \"525576\" quotient_bytes \"545608\" divides \"False\n"
"kernel 2 (localhost):"
"\"KNOWN_FACTOR_DIVISION \"{2, CutIntegral[\"R09\", {1, 1, 1, 1}]}\" factor \"InputForm[s - s23]\" variable \"s\" seconds \"0.00677\" input_bytes \"525576\" quotient_bytes \"386960\" divides \"False\n"
"kernel 2 (localhost):"
"\"KNOWN_FACTOR_DIVISION \"{2, CutIntegral[\"R09\", {1, 1, 1, 1}]}\" factor \"InputForm[SUNN]\" variable \"SUNN\" seconds \"0.007946\" input_bytes \"525576\" quotient_bytes \"216528\" divides \"False\n"
"kernel 2 (localhost):"
"\"KNOWN_FACTOR_DIVISION \"{2, CutIntegral[\"R09\", {1, 1, 1, 1}]}\" factor \"InputForm[Q^2 + t]\" variable \"t\" seconds \"0.005139\" input_bytes \"525576\" quotient_bytes \"386880\" divides \"False\n"
"kernel 2 (localhost):"
"\"KNOWN_FACTOR_DIVISION \"{2, CutIntegral[\"R09\", {1, 1, 1, 1}]}\" factor \"InputForm[2*Q^2 + s + t]\" variable \"s\" seconds \"0.00761\" input_bytes \"525576\" quotient_bytes \"544008\" divides \"False\n"
"kernel 2 (localhost):"
"\"KNOWN_FACTOR_DIVISION \"{2, CutIntegral[\"R09\", {1, 1, 1, 1}]}\" factor \"InputForm[Q^2 + s - s23 + t]\" variable \"s\" seconds \"0.005931\" input_bytes \"525576\" quotient_bytes \"441936\" divides \"False\n"
"kernel 2 (localhost):"
"\"RETAINED_DENOMINATOR_FACTOR \"{2, CutIntegral[\"R09\", {1, 1, 1, 1}]}\" \"InputForm[Q^2*s23 + s*t]\n"
"kernel 2 (localhost):"
"\"REAL_MASTER_COEFFICIENT \"\"Hgg\"\" \"2\" \"InputForm[CutIntegral[\"R10\", {1, 1, 1, 1}]]\n"
"kernel 2 (localhost):"
"\"DENOMINATOR_SUPPORT \"{2, CutIntegral[\"R10\", {1, 1, 1, 1}]}\" \"InputForm[<|\"TermCount\" -> 6, \"FactorCount\" -> 7, \"FactorPowers\" -> <|-3 + D -> 1, -1 + D -> 1, Q^2 + s -> 3, s - s23 -> 1, SUNN -> 1, 2*Q^2 + s + t -> 1, Q^2*s23 + s*t -> 2|>, \"InputBytes\" -> 207392, \"CommonDenominatorBytes\" -> 1088|>]\n"
"kernel 2 (localhost):"
"\"STREAMED_NUMERATOR \"{2, CutIntegral[\"R10\", {1, 1, 1, 1}]}\" row \"6\"/\"6\" numerator_bytes \"268208\" kernel_memory \"605850792\n"
"kernel 2 (localhost):"
"\"DENOMINATOR_NUMERATOR \"{2, CutIntegral[\"R10\", {1, 1, 1, 1}]}\" bytes \"268208\" seconds \"0.01808\n"
"kernel 2 (localhost):"
"\"KNOWN_FACTOR_DIVISION \"{2, CutIntegral[\"R10\", {1, 1, 1, 1}]}\" factor \"InputForm[-3 + D]\" variable \"D\" seconds \"0.00469\" input_bytes \"268208\" quotient_bytes \"183000\" divides \"False\n"
"kernel 2 (localhost):"
"\"KNOWN_FACTOR_DIVISION \"{2, CutIntegral[\"R10\", {1, 1, 1, 1}]}\" factor \"InputForm[-1 + D]\" variable \"D\" seconds \"0.004448\" input_bytes \"268208\" quotient_bytes \"183976\" divides \"False\n"
"kernel 2 (localhost):"
"\"KNOWN_FACTOR_DIVISION \"{2, CutIntegral[\"R10\", {1, 1, 1, 1}]}\" factor \"InputForm[Q^2 + s]\" variable \"s\" seconds \"0.003016\" input_bytes \"268208\" quotient_bytes \"218192\" divides \"False\n"
"kernel 2 (localhost):"
"\"KNOWN_FACTOR_DIVISION \"{2, CutIntegral[\"R10\", {1, 1, 1, 1}]}\" factor \"InputForm[s - s23]\" variable \"s\" seconds \"0.002847\" input_bytes \"268208\" quotient_bytes \"206176\" divides \"False\n"
"kernel 2 (localhost):"
"\"KNOWN_FACTOR_DIVISION \"{2, CutIntegral[\"R10\", {1, 1, 1, 1}]}\" factor \"InputForm[SUNN]\" variable \"SUNN\" seconds \"0.004869\" input_bytes \"268208\" quotient_bytes \"122872\" divides \"False\n"
"kernel 2 (localhost):"
"\"KNOWN_FACTOR_DIVISION \"{2, CutIntegral[\"R10\", {1, 1, 1, 1}]}\" factor \"InputForm[2*Q^2 + s + t]\" variable \"s\" seconds \"0.005345\" input_bytes \"268208\" quotient_bytes \"336184\" divides \"False\n"
"kernel 2 (localhost):"
"\"RETAINED_DENOMINATOR_FACTOR \"{2, CutIntegral[\"R10\", {1, 1, 1, 1}]}\" \"InputForm[Q^2*s23 + s*t]\n"
"kernel 2 (localhost):"
"\"PASS: \"\"complete linear reduced coefficient reconstruction\"\n"
"kernel 2 (localhost):"
"\"PASS: \"\"reduced coefficients are scalar rational expressions\"\n"
