"S06_STAGE: copied Hqg S07 compact schema"
"S06_RESULT_STAGE=""HqgS07-v5"
"S06_RESULT_CHANNEL=""Hqg only"
"S06_PROJECTION_KEYS="InputForm[{"Pg", "PPP"}]
"S06_""Pg""_HEAD="Plus
"S06_""Pg""_LEAF_COUNT="311870
"S06_""Pg""_FAD_COUNT="18526
"S06_""Pg""_PROPAGATOR_DENOMINATOR_COUNT="18526
"S06_""Pg""_UNIQUE_INERT_DENOMINATORS="InputForm[{HoldForm[FeynAmpDenominator[PropagatorDenominator[-Momentum[k1 + k2, D], 0]]], HoldForm[FeynAmpDenominator[PropagatorDenominator[-Momentum[k1 + k3, D], 0]]], HoldForm[FeynAmpDenominator[PropagatorDenominator[-Momentum[k1 + k2 + k3, D], 0]]], HoldForm[FeynAmpDenominator[PropagatorDenominator[Momentum[k1 + k3, D], 0]]], HoldForm[FeynAmpDenominator[PropagatorDenominator[Momentum[k1 + k3 - p, D], 0]]], HoldForm[FeynAmpDenominator[PropagatorDenominator[-Momentum[k2 + k3, D], 0]]], HoldForm[FeynAmpDenominator[PropagatorDenominator[Momentum[k1 - p, D], 0]]], HoldForm[FeynAmpDenominator[PropagatorDenominator[Momentum[k3 - p, D], 0]]]}]
"S06_""Pg""_UNIQUE_INERT_COUPLINGS="InputForm[{HoldForm[SMP["g_s"]], HoldForm[FCGV["EL"]]}]
"S06_""Pg""_SCALE_POWERS="InputForm[{}]
"S06_""Pg""_NON_SYSTEM_SYMBOLS="InputForm[{"Global`CA", "Global`CF", "Global`FCGV", "Global`FeynAmpDenominator", "Global`k1", "Global`k2", "Global`k3", "Global`Momentum", "Global`p", "Global`PropagatorDenominator", "Global`s12", "Global`s13", "Global`s23", "Global`SMP", "Global`u1", "Global`u2", "Global`u3"}]
"S06_""Pg""_MACHINE_REAL_FREE="True
"S06_""PPP""_HEAD="Plus
"S06_""PPP""_LEAF_COUNT="27672
"S06_""PPP""_FAD_COUNT="1642
"S06_""PPP""_PROPAGATOR_DENOMINATOR_COUNT="1642
"S06_""PPP""_UNIQUE_INERT_DENOMINATORS="InputForm[{HoldForm[FeynAmpDenominator[PropagatorDenominator[Momentum[k1 + k3, D], 0]]], HoldForm[FeynAmpDenominator[PropagatorDenominator[-Momentum[k2 + k3, D], 0]]], HoldForm[FeynAmpDenominator[PropagatorDenominator[Momentum[k1 - p, D], 0]]], HoldForm[FeynAmpDenominator[PropagatorDenominator[Momentum[k1 + k3 - p, D], 0]]], HoldForm[FeynAmpDenominator[PropagatorDenominator[-Momentum[k1 + k2, D], 0]]], HoldForm[FeynAmpDenominator[PropagatorDenominator[Momentum[k3 - p, D], 0]]]}]
"S06_""PPP""_UNIQUE_INERT_COUPLINGS="InputForm[{HoldForm[SMP["g_s"]], HoldForm[FCGV["EL"]]}]
"S06_""PPP""_SCALE_POWERS="InputForm[{}]
"S06_""PPP""_NON_SYSTEM_SYMBOLS="InputForm[{"Global`CA", "Global`CF", "Global`FCGV", "Global`FeynAmpDenominator", "Global`k1", "Global`k2", "Global`k3", "Global`Momentum", "Global`p", "Global`PropagatorDenominator", "Global`s12", "Global`s13", "Global`s23", "Global`SMP", "Global`u1", "Global`u2", "Global`u3"}]
"S06_""PPP""_MACHINE_REAL_FREE="True
"S06_SUCCESS"
