S10_STAGE: generating deterministic massless four-body RAMBO trials
S10_STAGE: accepted 27851/120000 events (0.232092)
S10_STAGE: evaluating four-angle MadGraph averages
S10_PROGRESS: 2000/27851 accepted events
S10_PROGRESS: 4000/27851 accepted events
S10_PROGRESS: 6000/27851 accepted events
S10_PROGRESS: 8000/27851 accepted events
S10_PROGRESS: 10000/27851 accepted events
S10_PROGRESS: 12000/27851 accepted events
S10_PROGRESS: 14000/27851 accepted events
S10_PROGRESS: 16000/27851 accepted events
S10_PROGRESS: 18000/27851 accepted events
S10_PROGRESS: 20000/27851 accepted events
S10_PROGRESS: 22000/27851 accepted events
S10_PROGRESS: 24000/27851 accepted events
S10_PROGRESS: 26000/27851 accepted events
S10_CSV_SHA256=6f64a12a37016138a92eab48fef98e3018504800b2b5f5fea9ec803a9e44a7ab
S10_MADGRAPH_CROSS_SECTION_PB=1.01300770533526222e-02
S10_MADGRAPH_STANDARD_ERROR_PB=1.67304468693979958e-04
S10_SUCCESS
