"PASS: ""frozen s12_final_hats.wl"
"PASS: ""frozen s12_result.wl"
"PASS: ""frozen s12_poles.wl"
"PASS: ""frozen s02_result.wl"
"PASS: ""frozen s09_result.wl"
"PASS: ""frozen s10_result.wl"
"PASS: ""frozen s11_result.wl"
"PASS: ""independent result was accepted without authors coefficients"
"PASS: ""comparison is the requested Hqg channel"
"PASS: ""invariant scalar products have a unique solution"
"PASS: ""transverse projection has a unique solution"
"PASS: ""transverse projection is orthogonal"
"PASS: ""physical-variable map has a unique algebraic solution"
"PASS: ""derived variable map equals the authors map"
"PASS: ""derived kinematics reduce to the independent Born definitions"
"PASS: ""authors color specialization is explicit"
"PASS: ""both structure functions have author coefficients"
"PASS: ""coefficient-times-plus action reconstructs exactly"
"PASS: ""plus logarithm scale shift is recoil independent"
"PASS: ""plus logarithm bases reconstruct exactly"
"Canonical authors ""F1"
"PASS: ""author endpoint coefficients are evaluated and recoil independent"
"PASS: ""author ordinary distribution reconstructs exactly"
"Canonical authors ""F2"
"PASS: ""author endpoint coefficients are evaluated and recoil independent"
"PASS: ""author ordinary distribution reconstructs exactly"
"Compare ""F1_Born""; memory = "265206512
"Comparison ""F1_Born"": ""equal"
"Compare ""F2_Born""; memory = "265263696
"Comparison ""F2_Born"": ""equal"
"Compare ""F1_1_L1""; memory = "265286240
"Comparison ""F1_1_L1"": ""equal"
"Compare ""F1_-1_L1""; memory = "265294704
"Comparison ""F1_-1_L1"": ""equal"
"Compare ""F2_1_L1""; memory = "265301888
"Comparison ""F2_1_L1"": ""equal"
"Compare ""F2_-1_L1""; memory = "265309784
"Comparison ""F2_-1_L1"": ""equal"
"Compare ""F1_1_L0""; memory = "265621352
"Comparison ""F1_1_L0"": ""equal"
"Compare ""F1_-1_L0""; memory = "266783632
"Comparison ""F1_-1_L0"": ""equal"
"Compare ""F2_1_L0""; memory = "266973232
"Comparison ""F2_1_L0"": ""equal"
"Compare ""F2_-1_L0""; memory = "267202256
"Comparison ""F2_-1_L0"": ""equal"
"Compare ""F1_1_Delta""; memory = "280267776

Infinity::indet: Indeterminate expression 0 Infinity encountered.

Infinity::indet: Indeterminate expression 0 Infinity encountered.
"Comparison ""F1_1_Delta"": ""unresolved equality"
"Compare ""F1_-1_Delta""; memory = "296629848
"Comparison ""F1_-1_Delta"": ""unresolved equality"
"Compare ""F2_1_Delta""; memory = "317819000

Infinity::indet: Indeterminate expression 0 Infinity encountered.

General::stop: Further output of Infinity::indet will be suppressed during this calculation.
"Comparison ""F2_1_Delta"": ""unresolved equality"
"Compare ""F2_-1_Delta""; memory = "329623384
"Comparison ""F2_-1_Delta"": ""unresolved equality"
"Compare ""F1_1_Regular""; memory = "344058336
"PASS: ""comparison radical is positive in its physical region"
"PASS: ""radical coordinate has a unique inverse"
"PASS: ""radical coordinate reconstructs its definition"
"PASS: ""radical substitution has an exact round trip"
"Time limit: "{"F1_1_Regular", "difference reduction"}
