"PASS: ""accepted exact final comparison capture"
"PASS: ""accepted comparison runtime and complete input"
"PASS: ""accepted nonzero scalar control"
"PASS: ""actual logarithmic control factor"
"PASS: ""unassigned exact functional generators"
"PASS: ""exact full functional-atom restoration"
"PASS: ""accepted exact polynomial backend retained"
"PASS: ""unassigned denominator generators"
"PASS: ""exact denominator-generator restoration"
"PASS: ""exact repeated opaque coefficient"
"PASS: ""unassigned opaque polynomial generators"
"PASS: ""exact full opaque-coefficient restoration"
"PASS: ""exact native distributive reconstruction"
"FACTORED_REFERENCE_TERMS count "5" input_bytes "179096" skeleton_bytes "512" terms_bytes "179096
"PASS: ""raw scalar ratio exactly reconstructs"
"PASS: ""unassigned algebraic input generators"
"PASS: ""algebraic generators preserve the exact input"
"PASS: ""complete rational polynomial support"
"PASS: ""unassigned polynomial transfer generators"
"PASS: ""complete polynomial transfer text reconstructs"
"PASS: ""exact native polynomial JSON transfer"
"RECOIL_POLYNOMIAL_BACKEND_START input_bytes "179096" transfer_bytes "24767
"EXACT_POLYNOMIAL_SUM recoil_derivative 5 5 0.003\nPASS: exact recoil derivative polynomial sum\n"
""
"PASS: ""exact polynomial normalization completed"
"PASS: ""complete normalization backend identity"
"PASS: ""exact existing cancellation gates passed"
"PASS: ""complete physical scalar reconstruction"
"PASS: ""bounded normalized scalar cache"
"PASS: ""exact normalized scalar reload"
"RECOIL_POLYNOMIAL_ACCEPTED seconds "1.922784`6.735475493087064" input_bytes "179096" output_bytes "406976" backend_seconds "0.03336637499887729
"PASS: ""all physical functional generators restored"
"PASS: ""complete accepted nonzero functional control"
"REFERENCE_SUM_CONTROL seconds "1.994574" bytes "407024
