MONITOR_START job=14692875 host=n6407 kernel_pid=5045
"From remote kernel:"
"\"REAL_COEFFICIENTS \"\"Hqq\"\" \"\"RealQGG_Charge0__Ppp\"\" kernel \"2\n"
"From remote kernel:"
"\"REAL_COEFFICIENTS \"\"Hqq\"\" \"\"RealSame_Charge0__Pg\"\" kernel \"3\n"
"From remote kernel:"
"\"REAL_COEFFICIENTS \"\"Hqq\"\" \"\"RealQGG_Charge0__Pg\"\" kernel \"1\n"
"From remote kernel:"
"\"REAL_COEFFICIENTS \"\"Hqq\"\" \"\"RealSame_Charge0__Ppp\"\" kernel \"4\n"
"From remote kernel:"
"\"REAL_COEFFICIENTS_ACCEPTED \"\"Hqq\"\" \"\"RealQGG_Charge0__Ppp\"\n"
"From remote kernel:"
"\"REAL_COEFFICIENTS \"\"Hqq\"\" \"\"RealDistinct_Charge0__Pg\"\" kernel \"2\n"
"From remote kernel:"
"\"REAL_COEFFICIENTS_ACCEPTED \"\"Hqq\"\" \"\"RealDistinct_Charge0__Pg\"\n"
"From remote kernel:"
"\"REAL_COEFFICIENTS_ACCEPTED \"\"Hqq\"\" \"\"RealQGG_Charge0__Pg\"\n"
"From remote kernel:"
"\"REAL_COEFFICIENTS \"\"Hqq\"\" \"\"RealDistinct_Charge1__Pg\"\" kernel \"2\n"
"From remote kernel:"
"\"REAL_COEFFICIENTS \"\"Hqq\"\" \"\"RealDistinct_Charge2__Pg\"\" kernel \"1\n"
"From remote kernel:"
"\"REAL_COEFFICIENTS_ACCEPTED \"\"Hqq\"\" \"\"RealDistinct_Charge1__Pg\"\n"
"From remote kernel:"
"\"REAL_COEFFICIENTS \"\"Hqq\"\" \"\"RealDistinct_Charge0__Ppp\"\" kernel \"2\n"
"From remote kernel:"
"\"REAL_COEFFICIENTS_ACCEPTED \"\"Hqq\"\" \"\"RealDistinct_Charge0__Ppp\"\n"
"From remote kernel:"
"\"REAL_COEFFICIENTS \"\"Hqq\"\" \"\"RealDistinct_Charge1__Ppp\"\" kernel \"2\n"
"From remote kernel:"
"\"REAL_COEFFICIENTS_ACCEPTED \"\"Hqq\"\" \"\"RealDistinct_Charge2__Pg\"\n"
"From remote kernel:"
"\"REAL_COEFFICIENTS \"\"Hqq\"\" \"\"RealDistinct_Charge2__Ppp\"\" kernel \"1\n"
"From remote kernel:"
"\"REAL_COEFFICIENTS_ACCEPTED \"\"Hqq\"\" \"\"RealDistinct_Charge1__Ppp\"\n"
"From remote kernel:"
"\"REAL_COEFFICIENTS_ACCEPTED \"\"Hqq\"\" \"\"RealDistinct_Charge2__Ppp\"\n"
MONITOR_HEARTBEAT elapsed=31s rss=913.9MiB peak=913.9MiB
"From remote kernel:"
"\"REAL_COEFFICIENTS_ACCEPTED \"\"Hqq\"\" \"\"RealSame_Charge0__Ppp\"\n"
"From remote kernel:"
"\"REAL_COEFFICIENTS_ACCEPTED \"\"Hqq\"\" \"\"RealSame_Charge0__Pg\"\n"
"From remote kernel:"
"\"REAL_COEFFICIENTS \"\"Hqg\"\" \"\"Ppp\"\" kernel \"2\n"
"From remote kernel:"
"\"REAL_COEFFICIENTS \"\"Hqg\"\" \"\"Pg\"\" kernel \"1\n"
MONITOR_HEARTBEAT elapsed=62s rss=881.4MiB peak=968.6MiB
"From remote kernel:"
"\"REAL_COEFFICIENTS_ACCEPTED \"\"Hqg\"\" \"\"Ppp\"\n"
"From remote kernel:"
"\"REAL_COEFFICIENTS_ACCEPTED \"\"Hqg\"\" \"\"Pg\"\n"
"From remote kernel:"
"\"REAL_COEFFICIENTS \"\"Hgq\"\" \"\"Pg\"\" kernel \"1\n"
"From remote kernel:"
"\"REAL_COEFFICIENTS \"\"Hgq\"\" \"\"Ppp\"\" kernel \"2\n"
MONITOR_HEARTBEAT elapsed=92s rss=892.5MiB peak=974.2MiB
"From remote kernel:"
"\"REAL_COEFFICIENTS_ACCEPTED \"\"Hgq\"\" \"\"Pg\"\n"
MONITOR_HEARTBEAT elapsed=123s rss=929.8MiB peak=974.2MiB
"From remote kernel:"
"\"REAL_COEFFICIENTS_ACCEPTED \"\"Hgq\"\" \"\"Ppp\"\n"
"From remote kernel:"
"\"REAL_COEFFICIENTS \"\"Hgg\"\" \"\"g\"\" kernel \"1\n"
"From remote kernel:"
"\"REAL_COEFFICIENTS \"\"Hgg\"\" \"\"pp\"\" kernel \"2\n"
MONITOR_HEARTBEAT elapsed=153s rss=1006.9MiB peak=1006.9MiB
"From remote kernel:"
"\"REAL_COEFFICIENTS_ACCEPTED \"\"Hgg\"\" \"\"g\"\n"
MONITOR_HEARTBEAT elapsed=184s rss=989.6MiB peak=1023.2MiB
MONITOR_HEARTBEAT elapsed=215s rss=997.7MiB peak=1023.2MiB
MONITOR_HEARTBEAT elapsed=245s rss=1016.3MiB peak=1023.2MiB
"From remote kernel:"
"\"REAL_COEFFICIENTS_ACCEPTED \"\"Hgg\"\" \"\"pp\"\n"
"From remote kernel:"
"\"REAL_COEFFICIENTS \"\"Hqqbar\"\" \"\"g\"\" kernel \"1\n"
"From remote kernel:"
"\"REAL_COEFFICIENTS \"\"Hqqbar\"\" \"\"pp\"\" kernel \"2\n"
MONITOR_HEARTBEAT elapsed=275s rss=969.4MiB peak=1025.1MiB
"From remote kernel:"
"\"REAL_COEFFICIENTS_ACCEPTED \"\"Hqqbar\"\" \"\"g\"\n"
"From remote kernel:"
"\"REAL_COEFFICIENTS_ACCEPTED \"\"Hqqbar\"\" \"\"pp\"\n"
"From remote kernel:"
"\"REAL_COEFFICIENTS \"\"Hqqprime\"\" \"\"g\"\" kernel \"1\n"
"From remote kernel:"
"\"REAL_COEFFICIENTS \"\"Hqqprime\"\" \"\"pp\"\" kernel \"2\n"
"From remote kernel:"
"\"REAL_COEFFICIENTS_ACCEPTED \"\"Hqqprime\"\" \"\"pp\"\n"
"From remote kernel:"
"\"REAL_COEFFICIENTS_ACCEPTED \"\"Hqqprime\"\" \"\"g\"\n"
"S11_SUCCESS: all six channels expressed in the actual Kira cut masters."
MONITOR_WAKE {"stage": "s11", "source": "s11_real_master_coefficients.wl", "source_sha256": "dc86aa7f7f95265bbd37465ee4e0cfa55e99fb86b6e2e3d6616e4ec9e0432942", "job_id": "14692875", "host": "n6407", "exit_code": 0, "success_marker": true, "accepted_execution": true, "guard": null, "peak_rss_bytes": 1074868224, "elapsed_seconds": 294.8493757992983, "completed_utc": "2026-09-07T10:46:35.766131+00:00"}
