
$LeviCivitaSign::shdw: Symbol $LeviCivitaSign appears in multiple contexts {FeynCalc`, Global`}; definitions in context FeynCalc` may shadow or be shadowed by other definitions.

FCSetDiracGammaScheme::shdw: Symbol FCSetDiracGammaScheme appears in multiple contexts {FeynCalc`, Global`}; definitions in context FeynCalc` may shadow or be shadowed by other definitions.

FCI::shdw: Symbol FCI appears in multiple contexts {FeynCalc`, Global`}; definitions in context FeynCalc` may shadow or be shadowed by other definitions.

DiracGamma::shdw: Symbol DiracGamma appears in multiple contexts {FeynCalc`, Global`}; definitions in context FeynCalc` may shadow or be shadowed by other definitions.

Eps::shdw: Symbol Eps appears in multiple contexts {FeynCalc`, Global`}; definitions in context FeynCalc` may shadow or be shadowed by other definitions.

FeynAmpDenominator::shdw: Symbol FeynAmpDenominator appears in multiple contexts {FeynCalc`, Global`}; definitions in context FeynCalc` may shadow or be shadowed by other definitions.

LorentzIndex::shdw: Symbol LorentzIndex appears in multiple contexts {FeynCalc`, Global`}; definitions in context FeynCalc` may shadow or be shadowed by other definitions.

Momentum::shdw: Symbol Momentum appears in multiple contexts {FeynCalc`, Global`}; definitions in context FeynCalc` may shadow or be shadowed by other definitions.

Pair::shdw: Symbol Pair appears in multiple contexts {FeynCalc`, Global`}; definitions in context FeynCalc` may shadow or be shadowed by other definitions.

Polarization::shdw: Symbol Polarization appears in multiple contexts {FeynCalc`, Global`}; definitions in context FeynCalc` may shadow or be shadowed by other definitions.

SP::shdw: Symbol SP appears in multiple contexts {FeynCalc`, Global`}; definitions in context FeynCalc` may shadow or be shadowed by other definitions.

SPD::shdw: Symbol SPD appears in multiple contexts {FeynCalc`, Global`}; definitions in context FeynCalc` may shadow or be shadowed by other definitions.

SPE::shdw: Symbol SPE appears in multiple contexts {FeynCalc`, Global`}; definitions in context FeynCalc` may shadow or be shadowed by other definitions.

Spinor::shdw: Symbol Spinor appears in multiple contexts {FeynCalc`, Global`}; definitions in context FeynCalc` may shadow or be shadowed by other definitions.

SUNDelta::shdw: Symbol SUNDelta appears in multiple contexts {FeynCalc`, Global`}; definitions in context FeynCalc` may shadow or be shadowed by other definitions.

SUNFDelta::shdw: Symbol SUNFDelta appears in multiple contexts {FeynCalc`, Global`}; definitions in context FeynCalc` may shadow or be shadowed by other definitions.

SUNF::shdw: Symbol SUNF appears in multiple contexts {FeynCalc`, Global`}; definitions in context FeynCalc` may shadow or be shadowed by other definitions.

SUNN::shdw: Symbol SUNN appears in multiple contexts {FeynCalc`, Global`}; definitions in context FeynCalc` may shadow or be shadowed by other definitions.

SUNTF::shdw: Symbol SUNTF appears in multiple contexts {FeynCalc`, Global`}; definitions in context FeynCalc` may shadow or be shadowed by other definitions.

Contract::shdw: Symbol Contract appears in multiple contexts {FeynCalc`, Global`}; definitions in context FeynCalc` may shadow or be shadowed by other definitions.

EpsEvaluate::shdw: Symbol EpsEvaluate appears in multiple contexts {FeynCalc`, Global`}; definitions in context FeynCalc` may shadow or be shadowed by other definitions.

ExpandScalarProduct::shdw: Symbol ExpandScalarProduct appears in multiple contexts {FeynCalc`, Global`}; definitions in context FeynCalc` may shadow or be shadowed by other definitions.

FCClearScalarProducts::shdw: Symbol FCClearScalarProducts appears in multiple contexts {FeynCalc`, Global`}; definitions in context FeynCalc` may shadow or be shadowed by other definitions.

DiracTrace::shdw: Symbol DiracTrace appears in multiple contexts {FeynCalc`, Global`}; definitions in context FeynCalc` may shadow or be shadowed by other definitions.

SUNTrace::shdw: Symbol SUNTrace appears in multiple contexts {FeynCalc`, Global`}; definitions in context FeynCalc` may shadow or be shadowed by other definitions.

FeynAmpDenominatorExplicit::shdw: Symbol FeynAmpDenominatorExplicit appears in multiple contexts {FeynCalc`, Global`}; definitions in context FeynCalc` may shadow or be shadowed by other definitions.
"PASS: ""compute allocation"
"PASS: ""isolated runtime"
"PASS: ""complete source syntax"
"PASS: ""integer real operation time limit"
"PASS: ""bounded real operation time limit"
"REAL_RESOURCE_LIMIT_SECONDS "1800
"PASS: ""integer real operation memory limit"
"PASS: ""bounded real operation memory limit"
"REAL_RESOURCE_LIMIT_BYTES "4294967296
"PASS: ""known channel"
"PASS: ""pinned input Hqg/s01_result/reference/s01_result/s01_inputs/s04_result.wl"
"PASS: ""pinned input Hqg/s05_result/reference/unpolarized_real.wl"
"PASS: ""accepted spin basis"
"PASS: ""accepted angular moments"
"PASS: ""real longitudinal frame linear"
"PASS: ""real longitudinal frame nonsingular"
"PASS: ""real longitudinal frame reconstructs"
"PASS: ""real energy linear"
"PASS: ""real energy nonsingular"
"PASS: ""real energy reconstructs"
"PASS: ""real transverse coordinate linear"
"PASS: ""real transverse coordinate nonsingular"
"PASS: ""real transverse coordinate reconstructs"
"PASS: ""real frame invariants"
"PASS: ""positive measured transverse momentum"
"PASS: ""unconditional exact algebra"
"PASS: ""transverse rational function"
"PASS: ""rationalized transverse denominator"
"PASS: ""polynomial division reconstruction"
"PASS: ""complete rational reconstruction on shell"
"PASS: ""measured spin axes"
"PASS: ""denominator Bezout reconstruction"
"PASS: ""invertible transverse denominator"
"PASS: ""unresolved physical projections"
"PASS: ""evanescent on-shell norm linear"
"PASS: ""evanescent on-shell norm nonsingular"
"PASS: ""evanescent on-shell norm reconstructs"
"PASS: ""inherited cut radius"
"PASS: ""one remaining physical normal coordinate"
"PASS: ""positive-energy support independent of normal angle"
"PASS: ""compact real dimensional scalar identities"
"PASS: ""incoming photon-basis projection"
"PASS: ""accepted compact calculation source"
"PASS: ""single reviewed real photon interface change"
"PASS: ""unchanged complete scalar and frame routines"
"PASS: ""single accepted pair-completion interface"
"PASS: ""unchanged complete pair contractions"
"PASS: ""pinned input Hqg/s01_result/reference/s01_result/s01_inputs/s04_diagrams.wl"
"PASS: ""pinned input Hqq/s01_result/reference/s01_result/s01_inputs/s02_result.wl"
"PASS: ""reviewed previous source s05_real_spin_response_before_compact_products.wls"
"PASS: ""reviewed previous source s05_real_spin_response_before_coupling_inventory.wls"
"PASS: ""reviewed previous source s05_real_spin_response_before_worker_initialization.wls"
"PASS: ""reviewed previous source s05_real_spin_response_before_coefficient_reduction.wls"
"PASS: ""reviewed previous source s05_real_spin_response_before_projection.wls"
"PASS: ""compact real comparison exists"
"PASS: ""compact real comparison accepted"
"PASS: ""pinned pre-interface real source"
"PASS: ""accepted real coordinate and photon interfaces"
"PASS: ""real interface comparison shares physical inputs"
"PASS: ""executed coordinate conversion code"
"PASS: ""unique reference coordinate conversion"
"PASS: ""all reference scalar products reconstruct"
"PASS: ""accepted spin extraction and linear sum comparison"
"PASS: ""spin extraction comparison source binding"
"PASS: ""spin extraction comparison shares physical inputs"
"PASS: ""executed compact extraction definition"
"PASS: ""executed linear assembly definition"
"PASS: ""pinned accepted reconstruction dispatch source"
"PASS: ""unchanged exact spin reconstruction and checkpoint contract"
"PASS: ""accepted complete spin dispatch comparison"
"PASS: ""pinned complete spin polynomial comparison"
"PASS: ""accepted complete spin polynomial comparison"
"PASS: ""spin polynomial comparison shares physical conventions"
"PASS: ""spin polynomial comparison starts from original exact predicate"
"PASS: ""exact accepted spin polynomial definition installed"
"PASS: ""accepted complete scalar-restoration comparison"
"PASS: ""scalar-restoration comparison shares physical conventions"
"PASS: ""unchanged scalar-restoration starting definitions"
"PASS: ""exact accepted scalar-restoration definitions installed"
"PASS: ""pinned complete pair-assembly proof"
"PASS: ""pinned pair-assembly baseline"
"PASS: ""accepted complete pair-assembly comparison"
"PASS: ""pair-assembly comparison shares physical conventions"
"PASS: ""exact accepted pair-assembly definitions installed"
"PASS: ""pinned accepted scalar coefficient checkpoints"
"PASS: ""complete scalar checkpoint comparison accepted"
"PASS: ""same executed scalar equations"
"PASS: ""scalar checkpoint physical convention common/s02_result/s02_result.wl"
"PASS: ""scalar checkpoint physical convention common/s04_result/s04_result.wl"
"PASS: ""exact executed coefficient key definition"
"PASS: ""exact executed scalar checkpoint definition installed"
"PASS: ""own channel and scalar interfaces"
"PASS: ""one real comparison sector"
"PASS: ""unchanged pair initialization syntax"
"PASS: ""Real generated process fields"
"PASS: ""Real generated momentum-field correspondence"
"PASS: ""Real unique coupling degree"
"PASS: ""Real tree coupling reconstruction"
"PASS: ""Real uniform native spinor dimension"
"REUSED_SCALAR_COEFFICIENT ""72377ef1f50f4ada849c2780b6007d8862f148ed861363e70143e11ed308a3bc"
"PASS: ""all compact scalar products restored"
"PASS: ""fully scalar real contraction"
"PASS: ""denominators independent of normal angle"
"PASS: ""polynomial angular numerator"
"PASS: ""angular numerator reconstruction"
"PASS: ""evaluated angular moment"
"REUSED_SCALAR_COEFFICIENT ""72377ef1f50f4ada849c2780b6007d8862f148ed861363e70143e11ed308a3bc"
"PASS: ""native physical photon projection interface"
"PASS: ""restoration code unchanged before scalar reduction"
"PASS: ""checkpoint source and definition accepted"
"PASS: ""complete original checkpoint definition reproduced"
"PASS: ""one original coefficient evaluation boundary"
"PASS: ""all nonzero reduction and cache equations unchanged"
"PASS: ""complete zero-checkpoint definition syntax"
"PASS: ""isolated shortcut probe cache empty"
"PASS: ""pinned recorded input 058a31743ea87e18a344732def0a7d35a06a0fd819a2e1e31f8ef64c86c64ef3"
"PASS: ""recorded scalar input and native conventions"
"PASS: ""normal coordinate independent of on-shell constraint"
"PASS: ""polynomial normal coordinate"
"PASS: ""normal coordinate absent from every denominator"
"PASS: ""selective expansion exact input reconstruction"
"PASS: ""integral nonnegative normal powers"
"PASS: ""every angular term exactly reconstructed"
"PASS: ""all used moments reproduce original angular operator"
"ZERO_ANGULAR_COEFFICIENT ""4910bcdf373d6b87e9287aebb768490804815ee148b48b7e6722b0de3948a0f9"
"PASS: ""actual guarded checkpoint returns derived angular zero"
"PASS: ""angular zero never written to pre-average scalar cache"
"ZERO_ANGULAR_INPUT "InputForm[<|"ArgumentHash" -> 33048411045813646682876992653751052544725756961320192870120042944347983356153, "RecordHash" -> 2505730457379231010154275421928320746187209391305046018723914002146366213875, "Seconds" -> 0.321492, "Shortcut" -> True, "InputBytes" -> 2722472|>]
"PASS: ""pinned recorded input 5fdddb65179a340670f87a397b7d4d23917e08b33c80469ddfb0d9cd478e5c08"
"ZERO_ANGULAR_INPUT "InputForm[<|"ArgumentHash" -> 65135882378350705950473283785904562193096516246018899484388649524594126784008, "RecordHash" -> 43361708024616508583032396464868644205590043929985760686597978617775148391432, "Seconds" -> 2.43663, "Shortcut" -> False, "InputBytes" -> 16328288|>]
"PASS: ""nontrivial actual zero shortcut exercised"
"PASS: ""actual nonzero input retains original reduction"
"PASS: ""unchanged complete scalar preprocessing equation"
"PASS: ""pinned own trace control"
"PASS: ""pinned own complete projection control"
"PASS: ""same complete projection inputs control"
"PASS: ""distinct spin polynomial variables"
"PASS: ""polynomial photon spin dependence"
"PASS: ""complete own raw spin reconstruction control"
"PASS: ""complete accepted spin reconstruction control"
"ZERO_ANGULAR_CONTROL ""control"" component "1" of "20
"SCALAR_OPERATION_BEGIN ""restore defining scalar products"
"SCALAR_OPERATION_END ""restore defining scalar products"" seconds "0.045374" bytes "6793728
"SCALAR_OPERATION_BEGIN ""on-shell reduction of restored coefficient"
"SCALAR_OPERATION_END ""on-shell reduction of restored coefficient"" seconds "3.*^-6" bytes "6793728
"ZERO_ANGULAR_CONTROL ""control"" component "2" of "20
"SCALAR_OPERATION_BEGIN ""restore defining scalar products"
"SCALAR_OPERATION_END ""restore defining scalar products"" seconds "0.000013" bytes "16
"SCALAR_OPERATION_BEGIN ""on-shell reduction of restored coefficient"
"SCALAR_OPERATION_END ""on-shell reduction of restored coefficient"" seconds "1.*^-6" bytes "16
"PASS: ""own accepted angular-zero coefficient control 2"
"ZERO_ANGULAR_CONTROL ""control"" component "3" of "20
"SCALAR_OPERATION_BEGIN ""restore defining scalar products"
"SCALAR_OPERATION_END ""restore defining scalar products"" seconds "9.*^-6" bytes "16
"SCALAR_OPERATION_BEGIN ""on-shell reduction of restored coefficient"
"SCALAR_OPERATION_END ""on-shell reduction of restored coefficient"" seconds "1.*^-6" bytes "16
"PASS: ""own accepted angular-zero coefficient control 3"
"ZERO_ANGULAR_CONTROL ""control"" component "4" of "20
"SCALAR_OPERATION_BEGIN ""restore defining scalar products"
"SCALAR_OPERATION_END ""restore defining scalar products"" seconds "33.603438" bytes "12681952
"SCALAR_OPERATION_BEGIN ""on-shell reduction of restored coefficient"
"SCALAR_OPERATION_END ""on-shell reduction of restored coefficient"" seconds "0.001431" bytes "12681952
"PASS: ""own accepted angular-zero coefficient control 4"
"ZERO_ANGULAR_CONTROL ""control"" component "5" of "20
"SCALAR_OPERATION_BEGIN ""restore defining scalar products"
"SCALAR_OPERATION_END ""restore defining scalar products"" seconds "0.039278" bytes "6329184
"SCALAR_OPERATION_BEGIN ""on-shell reduction of restored coefficient"
"SCALAR_OPERATION_END ""on-shell reduction of restored coefficient"" seconds "1.*^-6" bytes "6329184
"ZERO_ANGULAR_CONTROL ""control"" component "6" of "20
"SCALAR_OPERATION_BEGIN ""restore defining scalar products"
"SCALAR_OPERATION_END ""restore defining scalar products"" seconds "0.000013" bytes "16
"SCALAR_OPERATION_BEGIN ""on-shell reduction of restored coefficient"
"SCALAR_OPERATION_END ""on-shell reduction of restored coefficient"" seconds "1.*^-6" bytes "16
"PASS: ""own accepted angular-zero coefficient control 6"
"ZERO_ANGULAR_CONTROL ""control"" component "7" of "20
"SCALAR_OPERATION_BEGIN ""restore defining scalar products"
"SCALAR_OPERATION_END ""restore defining scalar products"" seconds "9.*^-6" bytes "16
"SCALAR_OPERATION_BEGIN ""on-shell reduction of restored coefficient"
"SCALAR_OPERATION_END ""on-shell reduction of restored coefficient"" seconds "1.*^-6" bytes "16
"PASS: ""own accepted angular-zero coefficient control 7"
"ZERO_ANGULAR_CONTROL ""control"" component "8" of "20
"SCALAR_OPERATION_BEGIN ""restore defining scalar products"
"SCALAR_OPERATION_END ""restore defining scalar products"" seconds "31.521817" bytes "11969664
"SCALAR_OPERATION_BEGIN ""on-shell reduction of restored coefficient"
"SCALAR_OPERATION_END ""on-shell reduction of restored coefficient"" seconds "1.*^-6" bytes "11969664
"PASS: ""own accepted angular-zero coefficient control 8"
"ZERO_ANGULAR_CONTROL ""control"" component "9" of "20
"SCALAR_OPERATION_BEGIN ""restore defining scalar products"
"SCALAR_OPERATION_END ""restore defining scalar products"" seconds "0.026259" bytes "3880936
"SCALAR_OPERATION_BEGIN ""on-shell reduction of restored coefficient"
"SCALAR_OPERATION_END ""on-shell reduction of restored coefficient"" seconds "1.*^-6" bytes "3880936
"PASS: ""own accepted angular-zero coefficient control 9"
"ZERO_ANGULAR_CONTROL ""control"" component "10" of "20
"SCALAR_OPERATION_BEGIN ""restore defining scalar products"
"SCALAR_OPERATION_END ""restore defining scalar products"" seconds "0.000012" bytes "16
"SCALAR_OPERATION_BEGIN ""on-shell reduction of restored coefficient"
"SCALAR_OPERATION_END ""on-shell reduction of restored coefficient"" seconds "1.*^-6" bytes "16
"PASS: ""own accepted angular-zero coefficient control 10"
"ZERO_ANGULAR_CONTROL ""control"" component "11" of "20
"SCALAR_OPERATION_BEGIN ""restore defining scalar products"
"SCALAR_OPERATION_END ""restore defining scalar products"" seconds "8.*^-6" bytes "16
"SCALAR_OPERATION_BEGIN ""on-shell reduction of restored coefficient"
"SCALAR_OPERATION_END ""on-shell reduction of restored coefficient"" seconds "1.*^-6" bytes "16
"PASS: ""own accepted angular-zero coefficient control 11"
"ZERO_ANGULAR_CONTROL ""control"" component "12" of "20
"SCALAR_OPERATION_BEGIN ""restore defining scalar products"
"SCALAR_OPERATION_END ""restore defining scalar products"" seconds "29.411165" bytes "12132944
"SCALAR_OPERATION_BEGIN ""on-shell reduction of restored coefficient"
"SCALAR_OPERATION_END ""on-shell reduction of restored coefficient"" seconds "1.*^-6" bytes "12132944
"ZERO_ANGULAR_CONTROL ""control"" component "13" of "20
"SCALAR_OPERATION_BEGIN ""restore defining scalar products"
"SCALAR_OPERATION_END ""restore defining scalar products"" seconds "0.027237" bytes "3852688
"SCALAR_OPERATION_BEGIN ""on-shell reduction of restored coefficient"
"SCALAR_OPERATION_END ""on-shell reduction of restored coefficient"" seconds "1.*^-6" bytes "3852688
"PASS: ""own accepted angular-zero coefficient control 13"
"ZERO_ANGULAR_CONTROL ""control"" component "14" of "20
"SCALAR_OPERATION_BEGIN ""restore defining scalar products"
"SCALAR_OPERATION_END ""restore defining scalar products"" seconds "0.000012" bytes "16
"SCALAR_OPERATION_BEGIN ""on-shell reduction of restored coefficient"
"SCALAR_OPERATION_END ""on-shell reduction of restored coefficient"" seconds "1.*^-6" bytes "16
"PASS: ""own accepted angular-zero coefficient control 14"
"ZERO_ANGULAR_CONTROL ""control"" component "15" of "20
"SCALAR_OPERATION_BEGIN ""restore defining scalar products"
"SCALAR_OPERATION_END ""restore defining scalar products"" seconds "0.00001" bytes "16
"SCALAR_OPERATION_BEGIN ""on-shell reduction of restored coefficient"
"SCALAR_OPERATION_END ""on-shell reduction of restored coefficient"" seconds "1.*^-6" bytes "16
"PASS: ""own accepted angular-zero coefficient control 15"
"ZERO_ANGULAR_CONTROL ""control"" component "16" of "20
"SCALAR_OPERATION_BEGIN ""restore defining scalar products"
"SCALAR_OPERATION_END ""restore defining scalar products"" seconds "42.285123" bytes "16587408
"SCALAR_OPERATION_BEGIN ""on-shell reduction of restored coefficient"
"SCALAR_OPERATION_END ""on-shell reduction of restored coefficient"" seconds "1.*^-6" bytes "16587408
"ZERO_ANGULAR_CONTROL ""control"" component "17" of "20
"SCALAR_OPERATION_BEGIN ""restore defining scalar products"
"SCALAR_OPERATION_END ""restore defining scalar products"" seconds "0.027046" bytes "2780176
"SCALAR_OPERATION_BEGIN ""on-shell reduction of restored coefficient"
"SCALAR_OPERATION_END ""on-shell reduction of restored coefficient"" seconds "1.*^-6" bytes "2780176
"ZERO_ANGULAR_CONTROL ""control"" component "18" of "20
"SCALAR_OPERATION_BEGIN ""restore defining scalar products"
"SCALAR_OPERATION_END ""restore defining scalar products"" seconds "0.000013" bytes "16
"SCALAR_OPERATION_BEGIN ""on-shell reduction of restored coefficient"
"SCALAR_OPERATION_END ""on-shell reduction of restored coefficient"" seconds "1.*^-6" bytes "16
"PASS: ""own accepted angular-zero coefficient control 18"
"ZERO_ANGULAR_CONTROL ""control"" component "19" of "20
"SCALAR_OPERATION_BEGIN ""restore defining scalar products"
"SCALAR_OPERATION_END ""restore defining scalar products"" seconds "7.*^-6" bytes "16
"SCALAR_OPERATION_BEGIN ""on-shell reduction of restored coefficient"
"SCALAR_OPERATION_END ""on-shell reduction of restored coefficient"" seconds "1.*^-6" bytes "16
"PASS: ""own accepted angular-zero coefficient control 19"
"ZERO_ANGULAR_CONTROL ""control"" component "20" of "20
"SCALAR_OPERATION_BEGIN ""restore defining scalar products"
"SCALAR_OPERATION_END ""restore defining scalar products"" seconds "6.259433" bytes "1975984
"SCALAR_OPERATION_BEGIN ""on-shell reduction of restored coefficient"
"SCALAR_OPERATION_END ""on-shell reduction of restored coefficient"" seconds "2.*^-6" bytes "1975984
"PASS: ""own accepted angular-zero coefficient control 20"
"PASS: ""entire own projection unchanged with only proved zero replacements control"
"ZERO_ANGULAR_PROJECTION_ACCEPTED "InputForm[<|"Name" -> "control", "TraceHash" -> 77120439106902531655353823072243755664657271958729525665955130283093492372432, "AcceptedHash" -> 89009430009185140643315204514880452675490162400096492880288727159991191598571, "Seconds" -> 159.221362, "ShortcutIndices" -> {2, 3, 4, 6, 7, 8, 9, 10, 11, 13, 14, 15, 18, 19, 20}, "NontrivialShortcutIndices" -> {4, 8, 9, 13, 20}, "UnchangedReductionIndicesReused" -> {1, 5, 12, 16, 17}, "CompleteProjectionComparison" -> True, "UnchangedNonzeroReductionsRecomputed" -> False|>]
"PASS: ""pinned own trace off_diagonal"
"PASS: ""pinned own complete projection off_diagonal"
"PASS: ""same complete projection inputs off_diagonal"
"PASS: ""complete own raw spin reconstruction off_diagonal"
"PASS: ""complete accepted spin reconstruction off_diagonal"
"ZERO_ANGULAR_CONTROL ""off_diagonal"" component "1" of "20
"SCALAR_OPERATION_BEGIN ""restore defining scalar products"
"SCALAR_OPERATION_END ""restore defining scalar products"" seconds "0.055719" bytes "9052000
"SCALAR_OPERATION_BEGIN ""on-shell reduction of restored coefficient"
"SCALAR_OPERATION_END ""on-shell reduction of restored coefficient"" seconds "1.*^-6" bytes "9052000
"ZERO_ANGULAR_CONTROL ""off_diagonal"" component "2" of "20
"SCALAR_OPERATION_BEGIN ""restore defining scalar products"
"SCALAR_OPERATION_END ""restore defining scalar products"" seconds "0.000013" bytes "16
"SCALAR_OPERATION_BEGIN ""on-shell reduction of restored coefficient"
"SCALAR_OPERATION_END ""on-shell reduction of restored coefficient"" seconds "0." bytes "16
"PASS: ""own accepted angular-zero coefficient off_diagonal 2"
"ZERO_ANGULAR_CONTROL ""off_diagonal"" component "3" of "20
"SCALAR_OPERATION_BEGIN ""restore defining scalar products"
"SCALAR_OPERATION_END ""restore defining scalar products"" seconds "0.00001" bytes "16
"SCALAR_OPERATION_BEGIN ""on-shell reduction of restored coefficient"
"SCALAR_OPERATION_END ""on-shell reduction of restored coefficient"" seconds "0." bytes "16
"PASS: ""own accepted angular-zero coefficient off_diagonal 3"
"ZERO_ANGULAR_CONTROL ""off_diagonal"" component "4" of "20
"SCALAR_OPERATION_BEGIN ""restore defining scalar products"
"SCALAR_OPERATION_END ""restore defining scalar products"" seconds "65.147744" bytes "16756352
"SCALAR_OPERATION_BEGIN ""on-shell reduction of restored coefficient"
"SCALAR_OPERATION_END ""on-shell reduction of restored coefficient"" seconds "1.*^-6" bytes "16756352
"PASS: ""own accepted angular-zero coefficient off_diagonal 4"
"ZERO_ANGULAR_CONTROL ""off_diagonal"" component "5" of "20
"SCALAR_OPERATION_BEGIN ""restore defining scalar products"
"SCALAR_OPERATION_END ""restore defining scalar products"" seconds "0.050153" bytes "8303488
"SCALAR_OPERATION_BEGIN ""on-shell reduction of restored coefficient"
"SCALAR_OPERATION_END ""on-shell reduction of restored coefficient"" seconds "1.*^-6" bytes "8303488
"ZERO_ANGULAR_CONTROL ""off_diagonal"" component "6" of "20
"SCALAR_OPERATION_BEGIN ""restore defining scalar products"
"SCALAR_OPERATION_END ""restore defining scalar products"" seconds "0.000013" bytes "16
"SCALAR_OPERATION_BEGIN ""on-shell reduction of restored coefficient"
"SCALAR_OPERATION_END ""on-shell reduction of restored coefficient"" seconds "0." bytes "16
"PASS: ""own accepted angular-zero coefficient off_diagonal 6"
"ZERO_ANGULAR_CONTROL ""off_diagonal"" component "7" of "20
"SCALAR_OPERATION_BEGIN ""restore defining scalar products"
"SCALAR_OPERATION_END ""restore defining scalar products"" seconds "0.00001" bytes "16
"SCALAR_OPERATION_BEGIN ""on-shell reduction of restored coefficient"
"SCALAR_OPERATION_END ""on-shell reduction of restored coefficient"" seconds "1.*^-6" bytes "16
"PASS: ""own accepted angular-zero coefficient off_diagonal 7"
"ZERO_ANGULAR_CONTROL ""off_diagonal"" component "8" of "20
"SCALAR_OPERATION_BEGIN ""restore defining scalar products"
"SCALAR_OPERATION_END ""restore defining scalar products"" seconds "60.574725" bytes "15847840
"SCALAR_OPERATION_BEGIN ""on-shell reduction of restored coefficient"
"SCALAR_OPERATION_END ""on-shell reduction of restored coefficient"" seconds "0.002566" bytes "15847840
"PASS: ""own accepted angular-zero coefficient off_diagonal 8"
"ZERO_ANGULAR_CONTROL ""off_diagonal"" component "9" of "20
"SCALAR_OPERATION_BEGIN ""restore defining scalar products"
"SCALAR_OPERATION_END ""restore defining scalar products"" seconds "0.02914" bytes "3879448
"SCALAR_OPERATION_BEGIN ""on-shell reduction of restored coefficient"
"SCALAR_OPERATION_END ""on-shell reduction of restored coefficient"" seconds "1.*^-6" bytes "3879448
"PASS: ""own accepted angular-zero coefficient off_diagonal 9"
"ZERO_ANGULAR_CONTROL ""off_diagonal"" component "10" of "20
"SCALAR_OPERATION_BEGIN ""restore defining scalar products"
"SCALAR_OPERATION_END ""restore defining scalar products"" seconds "0.000013" bytes "16
"SCALAR_OPERATION_BEGIN ""on-shell reduction of restored coefficient"
"SCALAR_OPERATION_END ""on-shell reduction of restored coefficient"" seconds "0." bytes "16
"PASS: ""own accepted angular-zero coefficient off_diagonal 10"
"ZERO_ANGULAR_CONTROL ""off_diagonal"" component "11" of "20
"SCALAR_OPERATION_BEGIN ""restore defining scalar products"
"SCALAR_OPERATION_END ""restore defining scalar products"" seconds "8.*^-6" bytes "16
"SCALAR_OPERATION_BEGIN ""on-shell reduction of restored coefficient"
"SCALAR_OPERATION_END ""on-shell reduction of restored coefficient"" seconds "0." bytes "16
"PASS: ""own accepted angular-zero coefficient off_diagonal 11"
"ZERO_ANGULAR_CONTROL ""off_diagonal"" component "12" of "20
"SCALAR_OPERATION_BEGIN ""restore defining scalar products"
"SCALAR_OPERATION_END ""restore defining scalar products"" seconds "52.739047" bytes "15888288
"SCALAR_OPERATION_BEGIN ""on-shell reduction of restored coefficient"
"SCALAR_OPERATION_END ""on-shell reduction of restored coefficient"" seconds "2.*^-6" bytes "15888288
"ZERO_ANGULAR_CONTROL ""off_diagonal"" component "13" of "20
"SCALAR_OPERATION_BEGIN ""restore defining scalar products"
"SCALAR_OPERATION_END ""restore defining scalar products"" seconds "0.0299" bytes "3958864
"SCALAR_OPERATION_BEGIN ""on-shell reduction of restored coefficient"
"SCALAR_OPERATION_END ""on-shell reduction of restored coefficient"" seconds "1.*^-6" bytes "3958864
"PASS: ""own accepted angular-zero coefficient off_diagonal 13"
"ZERO_ANGULAR_CONTROL ""off_diagonal"" component "14" of "20
"SCALAR_OPERATION_BEGIN ""restore defining scalar products"
"SCALAR_OPERATION_END ""restore defining scalar products"" seconds "0.000013" bytes "16
"SCALAR_OPERATION_BEGIN ""on-shell reduction of restored coefficient"
"SCALAR_OPERATION_END ""on-shell reduction of restored coefficient"" seconds "0." bytes "16
"PASS: ""own accepted angular-zero coefficient off_diagonal 14"
"ZERO_ANGULAR_CONTROL ""off_diagonal"" component "15" of "20
"SCALAR_OPERATION_BEGIN ""restore defining scalar products"
"SCALAR_OPERATION_END ""restore defining scalar products"" seconds "0.000012" bytes "16
"SCALAR_OPERATION_BEGIN ""on-shell reduction of restored coefficient"
"SCALAR_OPERATION_END ""on-shell reduction of restored coefficient"" seconds "0." bytes "16
"PASS: ""own accepted angular-zero coefficient off_diagonal 15"
"ZERO_ANGULAR_CONTROL ""off_diagonal"" component "16" of "20
"SCALAR_OPERATION_BEGIN ""restore defining scalar products"
"SCALAR_OPERATION_END ""restore defining scalar products"" seconds "71.353112" bytes "20177784
"SCALAR_OPERATION_BEGIN ""on-shell reduction of restored coefficient"
"SCALAR_OPERATION_END ""on-shell reduction of restored coefficient"" seconds "1.*^-6" bytes "20177784
"ZERO_ANGULAR_CONTROL ""off_diagonal"" component "17" of "20
"SCALAR_OPERATION_BEGIN ""restore defining scalar products"
"SCALAR_OPERATION_END ""restore defining scalar products"" seconds "0.026162" bytes "2789192
"SCALAR_OPERATION_BEGIN ""on-shell reduction of restored coefficient"
"SCALAR_OPERATION_END ""on-shell reduction of restored coefficient"" seconds "1.*^-6" bytes "2789192
"ZERO_ANGULAR_CONTROL ""off_diagonal"" component "18" of "20
"SCALAR_OPERATION_BEGIN ""restore defining scalar products"
"SCALAR_OPERATION_END ""restore defining scalar products"" seconds "0.000013" bytes "16
"SCALAR_OPERATION_BEGIN ""on-shell reduction of restored coefficient"
"SCALAR_OPERATION_END ""on-shell reduction of restored coefficient"" seconds "0." bytes "16
"PASS: ""own accepted angular-zero coefficient off_diagonal 18"
"ZERO_ANGULAR_CONTROL ""off_diagonal"" component "19" of "20
"SCALAR_OPERATION_BEGIN ""restore defining scalar products"
"SCALAR_OPERATION_END ""restore defining scalar products"" seconds "0.000011" bytes "16
"SCALAR_OPERATION_BEGIN ""on-shell reduction of restored coefficient"
"SCALAR_OPERATION_END ""on-shell reduction of restored coefficient"" seconds "1.*^-6" bytes "16
"PASS: ""own accepted angular-zero coefficient off_diagonal 19"
"ZERO_ANGULAR_CONTROL ""off_diagonal"" component "20" of "20
"SCALAR_OPERATION_BEGIN ""restore defining scalar products"
"SCALAR_OPERATION_END ""restore defining scalar products"" seconds "16.765516" bytes "2606208
"SCALAR_OPERATION_BEGIN ""on-shell reduction of restored coefficient"
"SCALAR_OPERATION_END ""on-shell reduction of restored coefficient"" seconds "1.*^-6" bytes "2606208
"PASS: ""own accepted angular-zero coefficient off_diagonal 20"
"PASS: ""entire own projection unchanged with only proved zero replacements off_diagonal"
"ZERO_ANGULAR_PROJECTION_ACCEPTED "InputForm[<|"Name" -> "off_diagonal", "TraceHash" -> 69907121915222067437350347559502630223621943641114748795038847632618821775033, "AcceptedHash" -> 40945460402461236636938173607298385151416050992246796394988843651649519500237, "Seconds" -> 285.900703, "ShortcutIndices" -> {2, 3, 4, 6, 7, 8, 9, 10, 11, 13, 14, 15, 18, 19, 20}, "NontrivialShortcutIndices" -> {4, 8, 9, 13, 20}, "UnchangedReductionIndicesReused" -> {1, 5, 12, 16, 17}, "CompleteProjectionComparison" -> True, "UnchangedNonzeroReductionsRecomputed" -> False|>]
"PASS: ""original scalar and angular equations retained"
"PASS: ""own projection nontrivial shortcut exercised"
"PASS: ""no comparison scalar cache mutations"
"PASS: ""bounded comparison output"
"PASS: ""exact native comparison reload"
"PASS: s05_check_zero_angular"
