"PASS: factorization support, Jacobians, and paper projectors"
"Combining ""real_0101.wl"
"Combining ""real_0102.wl"
"Combining ""real_0103.wl"
"Combining ""real_0104.wl"
"Combining ""real_0105.wl"
"Combining ""real_0106.wl"
"Combining ""real_0107.wl"
"Combining ""real_0108.wl"
"Combining ""real_0202.wl"
"Combining ""real_0203.wl"
"Combining ""real_0204.wl"
"Combining ""real_0205.wl"
"Combining ""real_0206.wl"
"Combining ""real_0207.wl"
"Combining ""real_0208.wl"
"Combining ""real_0303.wl"
"Combining ""real_0304.wl"
"Combining ""real_0305.wl"
"Combining ""real_0306.wl"
"Combining ""real_0307.wl"
"Combining ""real_0308.wl"
"Combining ""real_0404.wl"
"Combining ""real_0405.wl"
"Combining ""real_0406.wl"
"Combining ""real_0407.wl"
"Combining ""real_0408.wl"
"Combining ""real_0505.wl"
"Combining ""real_0506.wl"
"Combining ""real_0507.wl"
"Combining ""real_0508.wl"
"Combining ""real_0606.wl"
"Combining ""real_0607.wl"
"Combining ""real_0608.wl"
"Combining ""real_0707.wl"
"Combining ""real_0708.wl"
"Combining ""real_0808.wl"
"Factorizing ""g"
"PASS: ""g"" poles cancel"
"Factorizing ""pp"
"PASS: ""pp"" poles cancel"
"PASS: final symbolic F1hat and F2hat saved; bytes "3067840
