MONITOR_START job=14689633 host=n6442 kernel_pid=220825
"PASS: ""all assembly inputs exist"
"PASS: ""S02 source identity"
"PASS: ""S03 source identity"
"PASS: ""S07 source identity"
"PASS: ""S08 source identity"
"PASS: ""S09 source identity"
"PASS: ""real distributions preserve S03 flavor and charge bookkeeping"
"PASS: ""charge moments have one defining flavor range"
"PASS: ""observed-flavor domain is evaluated and nonempty"
"Inherited observed-flavor domain: "InputForm[Element[Nf, Integers] && Nf >= 1]
"PASS: ""RealQGG_Charge0__Pg ordinary real-distribution reconstruction, branch 1"
"PASS: ""RealQGG_Charge0__Pg ordinary real-distribution reconstruction, branch -1"
"PASS: ""RealQGG_Charge0__Ppp ordinary real-distribution reconstruction, branch 1"
"PASS: ""RealQGG_Charge0__Ppp ordinary real-distribution reconstruction, branch -1"
"PASS: ""RealSame_Charge0__Pg ordinary real-distribution reconstruction, branch 1"
"PASS: ""RealSame_Charge0__Pg ordinary real-distribution reconstruction, branch -1"
"PASS: ""RealSame_Charge0__Ppp ordinary real-distribution reconstruction, branch 1"
"PASS: ""RealSame_Charge0__Ppp ordinary real-distribution reconstruction, branch -1"
"PASS: ""RealDistinct_Charge0__Pg ordinary real-distribution reconstruction, branch 1"
"PASS: ""RealDistinct_Charge0__Pg ordinary real-distribution reconstruction, branch -1"
"PASS: ""RealDistinct_Charge1__Pg ordinary real-distribution reconstruction, branch 1"
"PASS: ""RealDistinct_Charge1__Pg ordinary real-distribution reconstruction, branch -1"
"PASS: ""RealDistinct_Charge2__Pg ordinary real-distribution reconstruction, branch 1"
"PASS: ""RealDistinct_Charge2__Pg ordinary real-distribution reconstruction, branch -1"
"PASS: ""RealDistinct_Charge0__Ppp ordinary real-distribution reconstruction, branch 1"
"PASS: ""RealDistinct_Charge0__Ppp ordinary real-distribution reconstruction, branch -1"
"PASS: ""RealDistinct_Charge1__Ppp ordinary real-distribution reconstruction, branch 1"
"PASS: ""RealDistinct_Charge1__Ppp ordinary real-distribution reconstruction, branch -1"
"PASS: ""RealDistinct_Charge2__Ppp ordinary real-distribution reconstruction, branch 1"
"PASS: ""RealDistinct_Charge2__Ppp ordinary real-distribution reconstruction, branch -1"
"Assemble ""Pg"" "1" ""L1""; memory = "125466072
"PASS: ""combined input is a Laurent polynomial in the common regulator"
"PASS: ""finite contraction has no regulator or unresolved integral"
"Assemble ""Pg"" "1" ""L0""; memory = "127929104
"PASS: ""combined input is a Laurent polynomial in the common regulator"
"PASS: ""Pg 1 L0 IR -1"
"PASS: ""finite contraction has no regulator or unresolved integral"
"Assemble ""Pg"" "1" ""Regular""; memory = "128003952
"PASS: ""combined input is a Laurent polynomial in the common regulator"
"PASS: ""Pg 1 Regular IR -1"
"PASS: ""finite contraction has no regulator or unresolved integral"
"Assemble ""Pg"" "1" ""Delta""; memory = "128863032
"PASS: ""combined input is a Laurent polynomial in the common regulator"
"PASS: ""Pg 1 Delta IR -2"
"FAIL: ""Pg 1 Delta IR -1"
MONITOR_WAKE {"stage": "s10", "source": "s10_final_hats.wl", "source_sha256": "0e733cb3e86a0d12ca72808dc9463703ebce0730d0c93e3bf84b42846ba06db7", "job_id": "14689633", "host": "n6442", "exit_code": 1, "success_marker": false, "accepted_execution": false, "guard": "stage gate failure", "peak_rss_bytes": 361951232, "elapsed_seconds": 10.19060276914388, "completed_utc": "2026-09-06T19:51:19.255262+00:00"}
