"PASS: ""accepted input misc/s26_result/s26_result.wl"
"PASS: ""accepted input misc/s23_result/s23_result.wl"
"PASS: ""accepted input Hqqbar/s12_rational_series_result/s12_result.wl"
"PASS: ""accepted input misc/s24_result/s24_result.wl"
"PASS: ""accepted argument comparison retained"
"PASS: ""executed reference product source retained"
"PASS: ""reviewed actual parent source"
"PASS: ""complete executed product adapter boundary"
"PASS: ""complete executed product adapter syntax"
"PASS: ""unique complete reference product definition"
"PASS: ""single bounded product correction"
"PASS: ""complete product correction syntax and reversible source"
"PASS: ""complete checked recurrence source boundary"
"PASS: ""only two rational preparation calls changed"
"PASS: ""complete recurrence and product retained"
"PASS: ""native master retains its regulator remainder"
"PASS: ""accepted exact polynomial backend retained"
"PASS: ""raw scalar ratio exactly reconstructs"
"PASS: ""unassigned algebraic input generators"
"PASS: ""algebraic generators preserve the exact input"
"PASS: ""complete rational polynomial support"
"PASS: ""unassigned polynomial transfer generators"
"PASS: ""complete polynomial transfer text reconstructs"
"PASS: ""complete polynomial transfer text reconstructs"
"PASS: ""exact native polynomial JSON transfer"
"REGULATOR_POLYNOMIAL_BACKEND_START input_bytes "457656" transfer_bytes "27150
"REGULATOR_DENOMINATOR_FACTORED 7 0.0004575769999064505\nEXACT_POLYNOMIAL_SUM regulator_normalization 1 1 0.002\nPASS: exact regulator polynomial normalization\n"
""
"PASS: ""exact polynomial normalization completed"
"PASS: ""complete normalization backend identity"
"PASS: ""exact existing cancellation gates passed"
"PASS: ""complete physical scalar reconstruction"
"PASS: ""bounded normalized scalar cache"
"PASS: ""exact normalized scalar reload"
"REGULATOR_POLYNOMIAL_ACCEPTED seconds "1.348135`6.581278377401074" input_bytes "457656" output_bytes "385448" factor_seconds "0.0004575769999064505
"PASS: ""coefficient valuation is rational"
"PASS: ""integer coefficient regulator valuation"
"PASS: ""actual coefficient preserves required master depth"
"PASS: ""integer master Laurent support"
"PASS: ""master Laurent coefficients independent of regulator"
"PASS: ""complete master Laurent reconstruction"
"PASS: ""accepted exact polynomial backend retained"
"PASS: ""raw scalar ratio exactly reconstructs"
"PASS: ""unassigned algebraic input generators"
"PASS: ""algebraic generators preserve the exact input"
"PASS: ""complete rational polynomial support"
"PASS: ""unassigned polynomial transfer generators"
"PASS: ""complete polynomial transfer text reconstructs"
"PASS: ""complete polynomial transfer text reconstructs"
"PASS: ""exact native polynomial JSON transfer"
"REGULATOR_POLYNOMIAL_BACKEND_START input_bytes "385448" transfer_bytes "23234
"REGULATOR_DENOMINATOR_FACTORED 7 0.00042563999886624515\nEXACT_POLYNOMIAL_SUM regulator_normalization 1 1 0.002\nPASS: exact regulator polynomial normalization\n"
""
"PASS: ""exact polynomial normalization completed"
"PASS: ""complete normalization backend identity"
"PASS: ""exact existing cancellation gates passed"
"PASS: ""complete physical scalar reconstruction"
"PASS: ""bounded normalized scalar cache"
"PASS: ""exact normalized scalar reload"
"REGULATOR_POLYNOMIAL_ACCEPTED seconds "1.229234`6.541179557615436" input_bytes "385448" output_bytes "385448" factor_seconds "0.00042563999886624515
"PASS: ""rational coefficient has polynomial regulator support"
"PASS: ""integer rational identity coverage"
"PASS: ""complete truncated rational numerator reconstruction"
"RATIONAL_MASTER_SERIES "{"Own", 81, CutIntegral["R02", {1, 1, 1, 1}]}" order "1" seconds "0.005172" input bytes "385448" output bytes "419728
"PASS: ""canonical special-function argument exactly preserved"
"PASS: ""canonical special-function argument exactly preserved"
"PASS: ""canonical special-function argument exactly preserved"
"PASS: ""canonical special-function argument exactly preserved"
"PASS: ""product agrees through requested regulator order"
"PASS: ""native product contains no higher regulator powers"
"PASS: ""canonical special-function argument exactly preserved"
"PASS: ""canonical special-function argument exactly preserved"
"PASS: ""canonical special-function argument exactly preserved"
"PASS: ""entire accepted own master product reproduced"
"PASS: ""captured actual map unchanged"
"PASS: ""pinned scalar master regions"
"PASS: ""native master retains its regulator remainder"
"PASS: ""accepted exact polynomial backend retained"
"PASS: ""raw scalar ratio exactly reconstructs"
"PASS: ""unassigned algebraic input generators"
"PASS: ""algebraic generators preserve the exact input"
"PASS: ""complete rational polynomial support"
"PASS: ""unassigned polynomial transfer generators"
"PASS: ""complete polynomial transfer text reconstructs"
"PASS: ""complete polynomial transfer text reconstructs"
"PASS: ""exact native polynomial JSON transfer"
"REGULATOR_POLYNOMIAL_BACKEND_START input_bytes "25431120" transfer_bytes "1623416
"REGULATOR_DENOMINATOR_FACTORED 13 0.003292975001386367\nEXACT_POLYNOMIAL_SUM regulator_normalization 1 1 0.118\nPASS: exact regulator polynomial normalization\n"
""
"PASS: ""exact polynomial normalization completed"
"PASS: ""complete normalization backend identity"
"PASS: ""exact existing cancellation gates passed"
"PASS: ""complete physical scalar reconstruction"
"PASS: ""bounded normalized scalar cache"
"PASS: ""exact normalized scalar reload"
"REGULATOR_POLYNOMIAL_ACCEPTED seconds "13.724823`7.589051745844409" input_bytes "25431120" output_bytes "23956640" factor_seconds "0.003292975001386367
"PASS: ""coefficient valuation is rational"
"PASS: ""integer coefficient regulator valuation"
"PASS: ""actual coefficient preserves required master depth"
"PASS: ""integer master Laurent support"
"PASS: ""master Laurent coefficients independent of regulator"
"PASS: ""complete master Laurent reconstruction"
"PASS: ""accepted exact polynomial backend retained"
"PASS: ""raw scalar ratio exactly reconstructs"
"PASS: ""unassigned algebraic input generators"
"PASS: ""algebraic generators preserve the exact input"
"PASS: ""complete rational polynomial support"
"PASS: ""unassigned polynomial transfer generators"
"PASS: ""complete polynomial transfer text reconstructs"
"PASS: ""complete polynomial transfer text reconstructs"
"PASS: ""exact native polynomial JSON transfer"
"REGULATOR_POLYNOMIAL_BACKEND_START input_bytes "23956640" transfer_bytes "1548359
"REGULATOR_DENOMINATOR_FACTORED 13 0.003506339999148622\nEXACT_POLYNOMIAL_SUM regulator_normalization 1 1 0.119\nPASS: exact regulator polynomial normalization\n"
""
"PASS: ""exact polynomial normalization completed"
"PASS: ""complete normalization backend identity"
"PASS: ""exact existing cancellation gates passed"
"PASS: ""complete physical scalar reconstruction"
"PASS: ""bounded normalized scalar cache"
"PASS: ""exact normalized scalar reload"
"REGULATOR_POLYNOMIAL_ACCEPTED seconds "13.460489`7.5806058309577855" input_bytes "23956640" output_bytes "23956640" factor_seconds "0.003506339999148622
"PASS: ""rational coefficient has polynomial regulator support"
