MONITOR_START job=14687698 host=n6442 kernel_pid=237467
"PASS: ""accepted angular basis exists"
"PASS: ""S05 source identity"
"PASS: ""previous angular source identity"
"PASS: ""prior checkpoints exclude the corrected IBP branch"
"Unchanged angular checkpoints eligible for reuse: "80
"Required angular masters: "83
"Hypergeometric Gamma factor "1"/"5
"Hypergeometric Gamma factor "2"/"5
"Hypergeometric Gamma factor "3"/"5
"Hypergeometric Gamma factor "4"/"5
"Hypergeometric Gamma factor "5"/"5
"Hypergeometric series coefficients: "InputForm[{0, 0, n^(-2)}]
"PASS: ""generated hypergeometric expansion satisfies its defining equation"
"Parallel budget inputs: "InputForm[{8, 1, Infinity}]
"PASS: ""angular workers share compute node and runtime"
"Angular worker count = "8
"From remote kernel:"
"\"Angular master \"InputForm[{\"ML\", 1, 2}]\"; memory = \"38397512\n"
"From remote kernel:"
"\"Deriving angular integration by parts for \"1\",\"1\n"
"From remote kernel:"
"\"Angular master \"InputForm[{\"ML\", 2, 2}]\"; memory = \"38399016\n"
"From remote kernel:"
"\"Deriving angular integration by parts for \"1\",\"1\n"
"From remote kernel:"
"\"Angular master \"InputForm[{\"ML\", 2, -6}]\"; memory = \"38398288\n"
"From remote kernel:"
"\"PASS: \"\"polar integration-by-parts boundary terms vanish\"\n"
"From remote kernel:"
"\"PASS: \"\"polar integration-by-parts boundary terms vanish\"\n"
"From remote kernel:"
"\"PASS: \"\"polar coordinate domain evaluated\"\n"
"From remote kernel:"
"\"PASS: \"\"polar coordinate domain evaluated\"\n"
"From remote kernel:"
"\"PASS: \"\"polar coordinate substitutions have no unresolved conditions\"\n"
"From remote kernel:"
"\"PASS: \"\"polar coordinate substitutions reconstruct their definitions\"\n"
"From remote kernel:"
"\"PASS: \"\"polar coordinate substitutions have no unresolved conditions\"\n"
"From remote kernel:"
"\"PASS: \"\"polar coordinate substitutions reconstruct their definitions\"\n"
"From remote kernel:"
"\"PASS: \"\"polar total derivative reduces to angular monomials\"\n"
"From remote kernel:"
"\"PASS: \"\"integration-by-parts relation reconstructs its defining integrand\"\n"
"From remote kernel:"
"\"PASS: \"\"polar total derivative reduces to angular monomials\"\n"
"From remote kernel:"
"\"PASS: \"\"integration-by-parts relation reconstructs its defining integrand\"\n"
"From remote kernel:"
"\"PASS: \"\"integration-by-parts solution has no unresolved conditions\"\n"
"From remote kernel:"
"\"PASS: \"\"integration-by-parts relation isolates the requested master\"\n"
"From remote kernel:"
"\"PASS: \"\"integration-by-parts solution has no unresolved conditions\"\n"
"From remote kernel:"
"\"PASS: \"\"azimuth integration leaves a polar polynomial\"\n"
"From remote kernel:"
"\"PASS: \"\"integration-by-parts relation isolates the requested master\"\n"
"From remote kernel:"
"\"PASS: \"\"polar polynomial division reconstructs its numerator\"\n"
"From remote kernel:"
"\"Single massive polar integral, coefficient \"0\n"
"From remote kernel:"
"\"PASS: \"\"polar logarithm splits in its integration domain\"\n"
"From remote kernel:"
"\"PASS: \"\"azimuth integration leaves a polar polynomial\"\n"
"From remote kernel:"
"\"PASS: \"\"azimuth integration leaves a polar polynomial\"\n"
"From remote kernel:"
"\"PASS: \"\"azimuth integration leaves a polar polynomial\"\n"
"From remote kernel:"
"\"PASS: \"\"azimuth integration leaves a polar polynomial\"\n"
MONITOR_HEARTBEAT elapsed=30s rss=1737.9MiB peak=1737.9MiB
"From remote kernel:"
"\"Single massive polar integral, coefficient \"1\n"
"From remote kernel:"
"\"PASS: \"\"polar logarithm splits in its integration domain\"\n"
"From remote kernel:"
"\"PASS: \"\"angular integral fully evaluated\"\n"
"From remote kernel:"
"\"PASS: \"\"at most a single angular pole\"\n"
MONITOR_HEARTBEAT elapsed=61s rss=1765.9MiB peak=1765.9MiB
"From remote kernel:"
"\"PASS: \"\"log integral maps exactly to the linear template\"\n"
"From remote kernel:"
"\"PASS: \"\"linear template is used in its real domain\"\n"
"From remote kernel:"
"\"PASS: \"\"log integral maps exactly to the linear template\"\n"
"From remote kernel:"
"\"PASS: \"\"linear template is used in its real domain\"\n"
"From remote kernel:"
"\"PASS: \"\"single polar integral evaluated\"\n"
MONITOR_HEARTBEAT elapsed=91s rss=1791.7MiB peak=1791.7MiB
MONITOR_HEARTBEAT elapsed=121s rss=1809.9MiB peak=1809.9MiB
MONITOR_HEARTBEAT elapsed=152s rss=1821.2MiB peak=1821.2MiB
"From remote kernel:"
"\"PASS: \"\"angular integral fully evaluated\"\n"
"From remote kernel:"
"\"PASS: \"\"at most a single angular pole\"\n"
MONITOR_HEARTBEAT elapsed=183s rss=1836.7MiB peak=1836.7MiB
MONITOR_HEARTBEAT elapsed=214s rss=1847.3MiB peak=1847.3MiB
MONITOR_HEARTBEAT elapsed=244s rss=1863.0MiB peak=1863.0MiB
MONITOR_HEARTBEAT elapsed=275s rss=1873.6MiB peak=1873.6MiB
MONITOR_HEARTBEAT elapsed=305s rss=1885.9MiB peak=1885.9MiB
MONITOR_HEARTBEAT elapsed=336s rss=1897.2MiB peak=1897.2MiB
MONITOR_HEARTBEAT elapsed=367s rss=1909.2MiB peak=1909.5MiB
MONITOR_HEARTBEAT elapsed=397s rss=1926.0MiB peak=1926.0MiB
MONITOR_HEARTBEAT elapsed=428s rss=1937.8MiB peak=1937.8MiB
MONITOR_HEARTBEAT elapsed=458s rss=1952.5MiB peak=1952.5MiB
MONITOR_HEARTBEAT elapsed=489s rss=1956.5MiB peak=1956.9MiB
MONITOR_HEARTBEAT elapsed=520s rss=2030.3MiB peak=2030.3MiB
MONITOR_HEARTBEAT elapsed=550s rss=2038.3MiB peak=2038.3MiB
MONITOR_HEARTBEAT elapsed=581s rss=2038.4MiB peak=2038.4MiB
MONITOR_HEARTBEAT elapsed=611s rss=2038.4MiB peak=2038.4MiB
MONITOR_HEARTBEAT elapsed=642s rss=2038.5MiB peak=2038.5MiB
MONITOR_HEARTBEAT elapsed=673s rss=2107.2MiB peak=2107.2MiB
MONITOR_HEARTBEAT elapsed=703s rss=2111.3MiB peak=2114.3MiB
MONITOR_HEARTBEAT elapsed=734s rss=2115.8MiB peak=2119.1MiB
MONITOR_HEARTBEAT elapsed=764s rss=2115.6MiB peak=2119.1MiB
MONITOR_HEARTBEAT elapsed=795s rss=2135.2MiB peak=2138.8MiB
MONITOR_HEARTBEAT elapsed=826s rss=2138.0MiB peak=2138.8MiB
MONITOR_HEARTBEAT elapsed=856s rss=2136.2MiB peak=2138.8MiB
MONITOR_HEARTBEAT elapsed=887s rss=2135.0MiB peak=2138.8MiB
MONITOR_HEARTBEAT elapsed=917s rss=2135.0MiB peak=2138.8MiB
MONITOR_HEARTBEAT elapsed=948s rss=2135.0MiB peak=2138.8MiB
MONITOR_HEARTBEAT elapsed=979s rss=2139.6MiB peak=2140.5MiB
MONITOR_HEARTBEAT elapsed=1009s rss=2139.5MiB peak=2140.5MiB
MONITOR_HEARTBEAT elapsed=1040s rss=2137.5MiB peak=2140.5MiB
MONITOR_HEARTBEAT elapsed=1070s rss=2137.3MiB peak=2140.5MiB
MONITOR_HEARTBEAT elapsed=1101s rss=2137.2MiB peak=2140.5MiB
MONITOR_HEARTBEAT elapsed=1132s rss=2137.2MiB peak=2140.5MiB
MONITOR_WAKE {"stage": "s06", "source": "s06_angular_integrals.wl", "source_sha256": "b820fc77afb8891599d153d1944832bb283e8bb7c7accbd745fe084198a3f7e6", "job_id": "14687698", "host": "n6442", "exit_code": -9, "success_marker": false, "accepted_execution": false, "guard": null, "peak_rss_bytes": 2244501504, "elapsed_seconds": 1142.972076067701, "completed_utc": "2026-09-06T10:04:40.543051+00:00"}
