MONITOR_START job=14689543 host=n6440 kernel_pid=8695
"PASS: ""S05 source identity"
"PASS: ""S06 source identity"
"PASS: ""eligible phase-space source identities"
"Allocated diagnostic workers: "8
"From remote kernel:"
"\"Direct soft-series check \"1\" branch \"1\n"
"From remote kernel:"
"\"Direct soft-series check \"1\" branch \"-1\n"
"From remote kernel:"
"\"Direct soft-series check \"2\" branch \"1\n"
"From remote kernel:"
"\"Direct soft-series check \"2\" branch \"-1\n"
"From remote kernel:"
"\"Direct soft-series check \"3\" branch \"1\n"
"From remote kernel:"
"\"Direct soft-series check \"3\" branch \"-1\n"
"From remote kernel:"
"\"Direct soft-series check \"4\" branch \"1\n"
"From remote kernel:"
"\"Direct soft-series check \"4\" branch \"-1\n"
"From remote kernel:"
"\"Term \"1\" branch \"-1\" difference: \"InputForm[0]\n"
"From remote kernel:"
"\"Term \"1\" branch \"1\" difference: \"InputForm[0]\n"
"From remote kernel:"
"\"Direct soft-series check \"5\" branch \"1\n"
"From remote kernel:"
"\"Direct soft-series check \"5\" branch \"-1\n"
"From remote kernel:"
"\"Term \"5\" branch \"-1\" difference: \"InputForm[0]\n"
"From remote kernel:"
"\"Term \"5\" branch \"1\" difference: \"InputForm[0]\n"
"From remote kernel:"
"\"Direct soft-series check \"6\" branch \"1\n"
"From remote kernel:"
"\"Direct soft-series check \"6\" branch \"-1\n"
"From remote kernel:"
"\"Term \"6\" branch \"1\" difference: \"InputForm[0]\n"
"From remote kernel:"
"\"Direct soft-series check \"7\" branch \"1\n"
"From remote kernel:"
"\"Term \"6\" branch \"-1\" difference: \"InputForm[0]\n"
"From remote kernel:"
"\"Direct soft-series check \"7\" branch \"-1\n"
"From remote kernel:"
"\"Term \"7\" branch \"1\" difference: \"InputForm[0]\n"
"From remote kernel:"
"\"Term \"4\" branch \"-1\" difference: \"InputForm[0]\n"
"From remote kernel:"
"\"Term \"7\" branch \"-1\" difference: \"InputForm[0]\n"
"From remote kernel:"
"\"Term \"4\" branch \"1\" difference: \"InputForm[0]\n"
"From remote kernel:"
"\"Direct soft-series check \"8\" branch \"1\n"
"From remote kernel:"
"\"Direct soft-series check \"9\" branch \"1\n"
"From remote kernel:"
"\"Direct soft-series check \"8\" branch \"-1\n"
"From remote kernel:"
"\"Direct soft-series check \"9\" branch \"-1\n"
"From remote kernel:"
"\"Term \"9\" branch \"1\" difference: \"InputForm[0]\n"
"From remote kernel:"
"\"Term \"9\" branch \"-1\" difference: \"InputForm[0]\n"
"From remote kernel:"
"\"Direct soft-series check \"10\" branch \"1\n"
"From remote kernel:"
"\"Direct soft-series check \"10\" branch \"-1\n"
"From remote kernel:"
"\"Term \"3\" branch \"-1\" difference: \"InputForm[0]\n"
"From remote kernel:"
"\"Term \"3\" branch \"1\" difference: \"InputForm[0]\n"
"From remote kernel:"
"\"Direct soft-series check \"11\" branch \"1\n"
"From remote kernel:"
"\"Direct soft-series check \"11\" branch \"-1\n"
"From remote kernel:"
"\"Term \"10\" branch \"1\" difference: \"InputForm[0]\n"
"From remote kernel:"
"\"Direct soft-series check \"12\" branch \"1\n"
"From remote kernel:"
"\"Term \"10\" branch \"-1\" difference: \"InputForm[0]\n"
"From remote kernel:"
"\"Direct soft-series check \"12\" branch \"-1\n"
"From remote kernel:"
"\"Term \"8\" branch \"1\" difference: \"InputForm[0]\n"
"From remote kernel:"
"\"Term \"8\" branch \"-1\" difference: \"InputForm[0]\n"
"From remote kernel:"
"\"Direct soft-series check \"13\" branch \"1\n"
"From remote kernel:"
"\"Direct soft-series check \"13\" branch \"-1\n"
"From remote kernel:"
"\"Term \"12\" branch \"1\" difference: \"InputForm[0]\n"
"From remote kernel:"
"\"Direct soft-series check \"14\" branch \"1\n"
"From remote kernel:"
"\"Term \"12\" branch \"-1\" difference: \"InputForm[0]\n"
"From remote kernel:"
"\"Term \"11\" branch \"-1\" difference: \"InputForm[0]\n"
"From remote kernel:"
"\"Direct soft-series check \"14\" branch \"-1\n"
"From remote kernel:"
"\"Direct soft-series check \"15\" branch \"1\n"
"From remote kernel:"
"\"Term \"11\" branch \"1\" difference: \"InputForm[0]\n"
"From remote kernel:"
"\"Direct soft-series check \"15\" branch \"-1\n"
"From remote kernel:"
"\"Term \"13\" branch \"-1\" difference: \"InputForm[0]\n"
"From remote kernel:"
"\"Direct soft-series check \"16\" branch \"1\n"
"From remote kernel:"
"\"Term \"13\" branch \"1\" difference: \"InputForm[0]\n"
"From remote kernel:"
"\"Direct soft-series check \"16\" branch \"-1\n"
"From remote kernel:"
"\"Term \"16\" branch \"-1\" difference: \"InputForm[0]\n"
"From remote kernel:"
"\"Term \"16\" branch \"1\" difference: \"InputForm[0]\n"
"From remote kernel:"
"\"Direct soft-series check \"17\" branch \"1\n"
"From remote kernel:"
"\"Direct soft-series check \"17\" branch \"-1\n"
"From remote kernel:"
"\"Term \"14\" branch \"-1\" difference: \"InputForm[0]\n"
"From remote kernel:"
"\"Direct soft-series check \"18\" branch \"1\n"
"From remote kernel:"
"\"Term \"18\" branch \"1\" difference: \"InputForm[0]\n"
"From remote kernel:"
"\"Direct soft-series check \"18\" branch \"-1\n"
"From remote kernel:"
"\"Term \"18\" branch \"-1\" difference: \"InputForm[0]\n"
"From remote kernel:"
"\"Direct soft-series check \"19\" branch \"1\n"
"From remote kernel:"
"\"Term \"14\" branch \"1\" difference: \"InputForm[0]\n"
"From remote kernel:"
"\"Direct soft-series check \"19\" branch \"-1\n"
"From remote kernel:"
"\"Term \"2\" branch \"1\" difference: \"InputForm[0]\n"
"From remote kernel:"
"\"Term \"2\" branch \"-1\" difference: \"InputForm[0]\n"
"From remote kernel:"
"\"Direct soft-series check \"20\" branch \"1\n"
"From remote kernel:"
"\"Direct soft-series check \"20\" branch \"-1\n"
"From remote kernel:"
"\"Term \"20\" branch \"1\" difference: \"InputForm[0]\n"
"From remote kernel:"
"\"Direct soft-series check \"21\" branch \"1\n"
"From remote kernel:"
"\"Term \"20\" branch \"-1\" difference: \"InputForm[0]\n"
"From remote kernel:"
"\"Direct soft-series check \"21\" branch \"-1\n"
"From remote kernel:"
"\"Term \"21\" branch \"1\" difference: \"InputForm[0]\n"
"From remote kernel:"
"\"Direct soft-series check \"22\" branch \"1\n"
"From remote kernel:"
"\"Term \"21\" branch \"-1\" difference: \"InputForm[0]\n"
"From remote kernel:"
"\"Direct soft-series check \"22\" branch \"-1\n"
"From remote kernel:"
"\"Term \"19\" branch \"-1\" difference: \"InputForm[0]\n"
"From remote kernel:"
"\"Direct soft-series check \"23\" branch \"1\n"
"From remote kernel:"
"\"Term \"19\" branch \"1\" difference: \"InputForm[0]\n"
"From remote kernel:"
"\"Direct soft-series check \"23\" branch \"-1\n"
MONITOR_HEARTBEAT elapsed=31s rss=2364.6MiB peak=2364.6MiB
"From remote kernel:"
"\"Term \"17\" branch \"-1\" difference: \"InputForm[0]\n"
"From remote kernel:"
"\"Direct soft-series check \"24\" branch \"1\n"
"From remote kernel:"
"\"Term \"17\" branch \"1\" difference: \"InputForm[0]\n"
"From remote kernel:"
"\"Term \"24\" branch \"1\" difference: \"InputForm[0]\n"
"From remote kernel:"
"\"Direct soft-series check \"24\" branch \"-1\n"
"From remote kernel:"
"\"Direct soft-series check \"25\" branch \"1\n"
"From remote kernel:"
"\"Term \"24\" branch \"-1\" difference: \"InputForm[0]\n"
"From remote kernel:"
"\"Direct soft-series check \"25\" branch \"-1\n"
"From remote kernel:"
"\"Term \"22\" branch \"1\" difference: \"InputForm[0]\n"
"From remote kernel:"
"\"Direct soft-series check \"26\" branch \"1\n"
"From remote kernel:"
"\"Term \"26\" branch \"1\" difference: \"InputForm[0]\n"
"From remote kernel:"
"\"Direct soft-series check \"26\" branch \"-1\n"
"From remote kernel:"
"\"Term \"26\" branch \"-1\" difference: \"InputForm[0]\n"
"From remote kernel:"
"\"Direct soft-series check \"27\" branch \"1\n"
"From remote kernel:"
"\"Term \"22\" branch \"-1\" difference: \"InputForm[0]\n"
"From remote kernel:"
"\"Direct soft-series check \"27\" branch \"-1\n"
"From remote kernel:"
"\"Term \"15\" branch \"-1\" difference: \"InputForm[0]\n"
"From remote kernel:"
"\"Direct soft-series check \"28\" branch \"1\n"
"From remote kernel:"
"\"Term \"28\" branch \"1\" difference: \"InputForm[0]\n"
"From remote kernel:"
"\"Direct soft-series check \"28\" branch \"-1\n"
"From remote kernel:"
"\"Term \"28\" branch \"-1\" difference: \"InputForm[0]\n"
"From remote kernel:"
"\"Direct soft-series check \"29\" branch \"1\n"
"From remote kernel:"
"\"Term \"29\" branch \"1\" difference: \"InputForm[0]\n"
"From remote kernel:"
"\"Direct soft-series check \"29\" branch \"-1\n"
"From remote kernel:"
"\"Term \"25\" branch \"-1\" difference: \"InputForm[0]\n"
"From remote kernel:"
"\"Direct soft-series check \"30\" branch \"1\n"
"From remote kernel:"
"\"Term \"25\" branch \"1\" difference: \"InputForm[0]\n"
"From remote kernel:"
"\"Direct soft-series check \"30\" branch \"-1\n"
"From remote kernel:"
"\"Term \"29\" branch \"-1\" difference: \"InputForm[0]\n"
"From remote kernel:"
"\"Term \"15\" branch \"1\" difference: \"InputForm[0]\n"
"From remote kernel:"
"\"Direct soft-series check \"31\" branch \"1\n"
"From remote kernel:"
"\"Direct soft-series check \"31\" branch \"-1\n"
"From remote kernel:"
"\"Term \"31\" branch \"1\" difference: \"InputForm[0]\n"
"From remote kernel:"
"\"Direct soft-series check \"32\" branch \"1\n"
"From remote kernel:"
"\"Term \"32\" branch \"1\" difference: \"InputForm[0]\n"
"From remote kernel:"
"\"Term \"31\" branch \"-1\" difference: \"InputForm[0]\n"
"From remote kernel:"
"\"Direct soft-series check \"32\" branch \"-1\n"
"From remote kernel:"
"\"Direct soft-series check \"33\" branch \"1\n"
"From remote kernel:"
"\"Term \"32\" branch \"-1\" difference: \"InputForm[0]\n"
"From remote kernel:"
"\"Direct soft-series check \"33\" branch \"-1\n"
"From remote kernel:"
"\"Term \"27\" branch \"1\" difference: \"InputForm[0]\n"
"From remote kernel:"
"\"Direct soft-series check \"34\" branch \"1\n"
"From remote kernel:"
"\"Term \"34\" branch \"1\" difference: \"InputForm[0]\n"
"From remote kernel:"
"\"Direct soft-series check \"34\" branch \"-1\n"
"From remote kernel:"
"\"Term \"34\" branch \"-1\" difference: \"InputForm[0]\n"
"From remote kernel:"
"\"Direct soft-series check \"35\" branch \"1\n"
"From remote kernel:"
"\"Term \"27\" branch \"-1\" difference: \"InputForm[0]\n"
"From remote kernel:"
"\"Direct soft-series check \"35\" branch \"-1\n"
MONITOR_HEARTBEAT elapsed=62s rss=2394.2MiB peak=2394.2MiB
"From remote kernel:"
"\"Term \"30\" branch \"1\" difference: \"InputForm[0]\n"
"From remote kernel:"
"\"Direct soft-series check \"36\" branch \"1\n"
"From remote kernel:"
"\"Term \"36\" branch \"1\" difference: \"InputForm[0]\n"
"From remote kernel:"
"\"Direct soft-series check \"36\" branch \"-1\n"
"From remote kernel:"
"\"Term \"36\" branch \"-1\" difference: \"InputForm[0]\n"
"From remote kernel:"
"\"Direct soft-series check \"37\" branch \"1\n"
"From remote kernel:"
"\"Term \"30\" branch \"-1\" difference: \"InputForm[0]\n"
"From remote kernel:"
"\"Direct soft-series check \"37\" branch \"-1\n"
"From remote kernel:"
"\"Term \"37\" branch \"1\" difference: \"InputForm[0]\n"
"From remote kernel:"
"\"Direct soft-series check \"38\" branch \"1\n"
"From remote kernel:"
"\"Term \"37\" branch \"-1\" difference: \"InputForm[0]\n"
"From remote kernel:"
"\"Direct soft-series check \"38\" branch \"-1\n"
"From remote kernel:"
"\"Term \"33\" branch \"-1\" difference: \"InputForm[0]\n"
"From remote kernel:"
"\"Direct soft-series check \"39\" branch \"1\n"
"From remote kernel:"
"\"Term \"33\" branch \"1\" difference: \"InputForm[0]\n"
"From remote kernel:"
"\"Direct soft-series check \"39\" branch \"-1\n"
"From remote kernel:"
"\"Term \"35\" branch \"1\" difference: \"InputForm[0]\n"
"From remote kernel:"
"\"Direct soft-series check \"40\" branch \"1\n"
"From remote kernel:"
"\"Term \"35\" branch \"-1\" difference: \"InputForm[0]\n"
"From remote kernel:"
"\"Direct soft-series check \"40\" branch \"-1\n"
"From remote kernel:"
"\"Term \"23\" branch \"-1\" difference: \"InputForm[0]\n"
"From remote kernel:"
"\"Direct soft-series check \"41\" branch \"1\n"
"From remote kernel:"
"\"Term \"23\" branch \"1\" difference: \"InputForm[0]\n"
"From remote kernel:"
"\"Direct soft-series check \"41\" branch \"-1\n"
"From remote kernel:"
"\"Term \"38\" branch \"1\" difference: \"InputForm[0]\n"
"From remote kernel:"
"\"Direct soft-series check \"42\" branch \"1\n"
"From remote kernel:"
"\"Term \"38\" branch \"-1\" difference: \"InputForm[0]\n"
"From remote kernel:"
"\"Direct soft-series check \"42\" branch \"-1\n"
MONITOR_HEARTBEAT elapsed=92s rss=2428.0MiB peak=2428.0MiB
"From remote kernel:"
"\"Term \"41\" branch \"1\" difference: \"InputForm[0]\n"
"From remote kernel:"
"\"Direct soft-series check \"43\" branch \"1\n"
"From remote kernel:"
"\"Term \"43\" branch \"1\" difference: \"InputForm[0]\n"
"From remote kernel:"
"\"Direct soft-series check \"43\" branch \"-1\n"
"From remote kernel:"
"\"Term \"43\" branch \"-1\" difference: \"InputForm[0]\n"
"From remote kernel:"
"\"Direct soft-series check \"44\" branch \"1\n"
"From remote kernel:"
"\"Term \"44\" branch \"1\" difference: \"InputForm[0]\n"
"From remote kernel:"
"\"Direct soft-series check \"44\" branch \"-1\n"
"From remote kernel:"
"\"Term \"44\" branch \"-1\" difference: \"InputForm[0]\n"
"From remote kernel:"
"\"Direct soft-series check \"45\" branch \"1\n"
"From remote kernel:"
"\"Term \"45\" branch \"1\" difference: \"InputForm[-((Q2 - Q2*SUNN^2)/(6*omega*Pi*s*SUNN - 6*Pi*s^2*SUNN))]\n"
"From remote kernel:"
"\"Direct soft-series check \"45\" branch \"-1\n"
"From remote kernel:"
"\"Term \"45\" branch \"-1\" difference: \"InputForm[0]\n"
"From remote kernel:"
"\"Direct soft-series check \"46\" branch \"1\n"
"From remote kernel:"
"\"Term \"46\" branch \"1\" difference: \"InputForm[0]\n"
"From remote kernel:"
"\"Direct soft-series check \"46\" branch \"-1\n"
"From remote kernel:"
"\"Term \"46\" branch \"-1\" difference: \"InputForm[0]\n"
"From remote kernel:"
"\"Direct soft-series check \"47\" branch \"1\n"
"From remote kernel:"
"\"Term \"47\" branch \"1\" difference: \"InputForm[-1/8*((omega + 2*Q2 - 2*s)*(-1 + SUNN^2))/(Pi*(omega - s)*s*SUNN^2)]\n"
"From remote kernel:"
"\"Direct soft-series check \"47\" branch \"-1\n"
"From remote kernel:"
"\"Term \"47\" branch \"-1\" difference: \"InputForm[0]\n"
"From remote kernel:"
"\"Direct soft-series check \"48\" branch \"1\n"
"From remote kernel:"
"\"Term \"48\" branch \"1\" difference: \"InputForm[0]\n"
"From remote kernel:"
"\"Direct soft-series check \"48\" branch \"-1\n"
"From remote kernel:"
"\"Term \"48\" branch \"-1\" difference: \"InputForm[0]\n"
"From remote kernel:"
"\"Direct soft-series check \"49\" branch \"1\n"
"From remote kernel:"
"\"Term \"41\" branch \"-1\" difference: \"InputForm[0]\n"
"From remote kernel:"
"\"Term \"49\" branch \"1\" difference: \"InputForm[0]\n"
"From remote kernel:"
"\"Direct soft-series check \"49\" branch \"-1\n"
"From remote kernel:"
"\"Direct soft-series check \"50\" branch \"1\n"
"From remote kernel:"
"\"Term \"49\" branch \"-1\" difference: \"InputForm[0]\n"
"From remote kernel:"
"\"Direct soft-series check \"50\" branch \"-1\n"
"From remote kernel:"
"\"Term \"50\" branch \"1\" difference: \"InputForm[0]\n"
"From remote kernel:"
"\"Direct soft-series check \"51\" branch \"1\n"
"From remote kernel:"
"\"Term \"50\" branch \"-1\" difference: \"InputForm[0]\n"
"From remote kernel:"
"\"Direct soft-series check \"51\" branch \"-1\n"
"From remote kernel:"
"\"Term \"51\" branch \"1\" difference: \"InputForm[0]\n"
"From remote kernel:"
"\"Direct soft-series check \"52\" branch \"1\n"
"From remote kernel:"
"\"Term \"52\" branch \"1\" difference: \"InputForm[0]\n"
"From remote kernel:"
"\"Direct soft-series check \"52\" branch \"-1\n"
"From remote kernel:"
"\"Term \"52\" branch \"-1\" difference: \"InputForm[0]\n"
"From remote kernel:"
"\"Direct soft-series check \"53\" branch \"1\n"
"From remote kernel:"
"\"Term \"53\" branch \"1\" difference: \"InputForm[0]\n"
"From remote kernel:"
"\"Direct soft-series check \"53\" branch \"-1\n"
"From remote kernel:"
"\"Term \"51\" branch \"-1\" difference: \"InputForm[0]\n"
"From remote kernel:"
"\"Term \"53\" branch \"-1\" difference: \"InputForm[0]\n"
"From remote kernel:"
"\"Direct soft-series check \"54\" branch \"1\n"
"From remote kernel:"
"\"Direct soft-series check \"54\" branch \"-1\n"
"From remote kernel:"
"\"Term \"54\" branch \"1\" difference: \"InputForm[0]\n"
"From remote kernel:"
"\"Term \"54\" branch \"-1\" difference: \"InputForm[0]\n"
"From remote kernel:"
"\"Direct soft-series check \"55\" branch \"1\n"
"From remote kernel:"
"\"Direct soft-series check \"55\" branch \"-1\n"
"From remote kernel:"
"\"Term \"55\" branch \"1\" difference: \"InputForm[0]\n"
"From remote kernel:"
"\"Direct soft-series check \"56\" branch \"1\n"
"From remote kernel:"
"\"Term \"55\" branch \"-1\" difference: \"InputForm[0]\n"
"From remote kernel:"
"\"Direct soft-series check \"56\" branch \"-1\n"
"From remote kernel:"
"\"Term \"56\" branch \"1\" difference: \"InputForm[0]\n"
"From remote kernel:"
"\"Direct soft-series check \"57\" branch \"1\n"
"From remote kernel:"
"\"Term \"56\" branch \"-1\" difference: \"InputForm[0]\n"
"From remote kernel:"
"\"Direct soft-series check \"57\" branch \"-1\n"
MONITOR_HEARTBEAT elapsed=122s rss=2465.2MiB peak=2465.2MiB
MONITOR_HEARTBEAT elapsed=152s rss=2526.8MiB peak=2526.8MiB
"From remote kernel:"
"\"Term \"40\" branch \"1\" difference: \"InputForm[0]\n"
"From remote kernel:"
"\"Direct soft-series check \"58\" branch \"1\n"
"From remote kernel:"
"\"Term \"57\" branch \"1\" difference: \"InputForm[0]\n"
"From remote kernel:"
"\"Direct soft-series check \"58\" branch \"-1\n"
"From remote kernel:"
"\"Term \"57\" branch \"-1\" difference: \"InputForm[0]\n"
"From remote kernel:"
"\"Direct soft-series check \"59\" branch \"1\n"
"From remote kernel:"
"\"Term \"40\" branch \"-1\" difference: \"InputForm[0]\n"
"From remote kernel:"
"\"Direct soft-series check \"59\" branch \"-1\n"
MONITOR_HEARTBEAT elapsed=183s rss=2543.9MiB peak=2543.9MiB
"From remote kernel:"
"\"Term \"39\" branch \"1\" difference: \"InputForm[0]\n"
"From remote kernel:"
"\"Direct soft-series check \"60\" branch \"1\n"
"From remote kernel:"
"\"Term \"39\" branch \"-1\" difference: \"InputForm[0]\n"
"From remote kernel:"
"\"Direct soft-series check \"60\" branch \"-1\n"
"From remote kernel:"
"\"Term \"60\" branch \"1\" difference: \"InputForm[0]\n"
"From remote kernel:"
"\"Direct soft-series check \"61\" branch \"1\n"
"From remote kernel:"
"\"Term \"61\" branch \"1\" difference: \"InputForm[0]\n"
"From remote kernel:"
"\"Direct soft-series check \"61\" branch \"-1\n"
"From remote kernel:"
"\"Term \"61\" branch \"-1\" difference: \"InputForm[0]\n"
"From remote kernel:"
"\"Direct soft-series check \"62\" branch \"1\n"
"From remote kernel:"
"\"Term \"62\" branch \"1\" difference: \"InputForm[0]\n"
"From remote kernel:"
"\"Direct soft-series check \"62\" branch \"-1\n"
"From remote kernel:"
"\"Term \"62\" branch \"-1\" difference: \"InputForm[0]\n"
"From remote kernel:"
"\"Direct soft-series check \"63\" branch \"1\n"
"From remote kernel:"
"\"Term \"63\" branch \"1\" difference: \"InputForm[0]\n"
"From remote kernel:"
"\"Direct soft-series check \"63\" branch \"-1\n"
"From remote kernel:"
"\"Term \"63\" branch \"-1\" difference: \"InputForm[0]\n"
"From remote kernel:"
"\"Direct soft-series check \"64\" branch \"1\n"
"From remote kernel:"
"\"Term \"59\" branch \"1\" difference: \"InputForm[0]\n"
"From remote kernel:"
"\"Direct soft-series check \"64\" branch \"-1\n"
"From remote kernel:"
"\"Term \"64\" branch \"1\" difference: \"InputForm[0]\n"
"From remote kernel:"
"\"Direct soft-series check \"65\" branch \"1\n"
"From remote kernel:"
"\"Term \"64\" branch \"-1\" difference: \"InputForm[0]\n"
"From remote kernel:"
"\"Direct soft-series check \"65\" branch \"-1\n"
"From remote kernel:"
"\"Term \"59\" branch \"-1\" difference: \"InputForm[0]\n"
"From remote kernel:"
"\"Term \"42\" branch \"-1\" difference: \"InputForm[0]\n"
"From remote kernel:"
"\"Direct soft-series check \"66\" branch \"1\n"
"From remote kernel:"
"\"Direct soft-series check \"66\" branch \"-1\n"
"From remote kernel:"
"\"Term \"60\" branch \"-1\" difference: \"InputForm[0]\n"
"From remote kernel:"
"\"Direct soft-series check \"67\" branch \"1\n"
MONITOR_HEARTBEAT elapsed=214s rss=2499.7MiB peak=2547.4MiB
"From remote kernel:"
"\"Term \"42\" branch \"1\" difference: \"InputForm[0]\n"
"From remote kernel:"
"\"Direct soft-series check \"67\" branch \"-1\n"
"From remote kernel:"
"\"Term \"67\" branch \"1\" difference: \"InputForm[0]\n"
"From remote kernel:"
"\"Direct soft-series check \"68\" branch \"1\n"
MONITOR_HEARTBEAT elapsed=244s rss=2479.3MiB peak=2547.4MiB
"From remote kernel:"
"\"Term \"68\" branch \"1\" difference: \"InputForm[0]\n"
"From remote kernel:"
"\"Direct soft-series check \"68\" branch \"-1\n"
"From remote kernel:"
"\"Term \"65\" branch \"-1\" difference: \"InputForm[0]\n"
"From remote kernel:"
"\"Direct soft-series check \"69\" branch \"1\n"
"From remote kernel:"
"\"Term \"69\" branch \"1\" difference: \"InputForm[((omega + Q2 - s)*(-1 + SUNN^2))/(4*Pi*(omega - s)^2*SUNN)]\n"
"From remote kernel:"
"\"Direct soft-series check \"69\" branch \"-1\n"
"From remote kernel:"
"\"Term \"69\" branch \"-1\" difference: \"InputForm[-1/4*((omega - Q2 + s)*(-1 + SUNN^2))/(Pi*(omega + s)^2*SUNN)]\n"
"From remote kernel:"
"\"Direct soft-series check \"70\" branch \"1\n"
"From remote kernel:"
"\"Term \"70\" branch \"1\" difference: \"InputForm[0]\n"
"From remote kernel:"
"\"Direct soft-series check \"70\" branch \"-1\n"
"From remote kernel:"
"\"Term \"70\" branch \"-1\" difference: \"InputForm[0]\n"
"From remote kernel:"
"\"Direct soft-series check \"71\" branch \"1\n"
"From remote kernel:"
"\"Term \"71\" branch \"1\" difference: \"InputForm[0]\n"
"From remote kernel:"
"\"Term \"68\" branch \"-1\" difference: \"InputForm[0]\n"
"From remote kernel:"
"\"Term \"65\" branch \"1\" difference: \"InputForm[0]\n"
"From remote kernel:"
"\"Direct soft-series check \"71\" branch \"-1\n"
"From remote kernel:"
"\"Direct soft-series check \"72\" branch \"1\n"
"From remote kernel:"
"\"Direct soft-series check \"72\" branch \"-1\n"
"From remote kernel:"
"\"Term \"72\" branch \"1\" difference: \"InputForm[0]\n"
"From remote kernel:"
"\"Direct soft-series check \"73\" branch \"1\n"
"From remote kernel:"
"\"Term \"72\" branch \"-1\" difference: \"InputForm[0]\n"
"From remote kernel:"
"\"Term \"73\" branch \"1\" difference: \"InputForm[0]\n"
"From remote kernel:"
"\"Direct soft-series check \"73\" branch \"-1\n"
"From remote kernel:"
"\"Direct soft-series check \"74\" branch \"1\n"
"From remote kernel:"
"\"Term \"73\" branch \"-1\" difference: \"InputForm[0]\n"
"From remote kernel:"
"\"Direct soft-series check \"74\" branch \"-1\n"
"From remote kernel:"
"\"Term \"74\" branch \"1\" difference: \"InputForm[0]\n"
"From remote kernel:"
"\"Term \"74\" branch \"-1\" difference: \"InputForm[0]\n"
"From remote kernel:"
"\"Direct soft-series check \"75\" branch \"1\n"
"From remote kernel:"
"\"Direct soft-series check \"75\" branch \"-1\n"
"From remote kernel:"
"\"Term \"75\" branch \"-1\" difference: \"InputForm[0]\n"
"From remote kernel:"
"\"Term \"75\" branch \"1\" difference: \"InputForm[0]\n"
"From remote kernel:"
"\"Direct soft-series check \"76\" branch \"1\n"
"From remote kernel:"
"\"Direct soft-series check \"76\" branch \"-1\n"
"From remote kernel:"
"\"Term \"76\" branch \"1\" difference: \"InputForm[0]\n"
"From remote kernel:"
"\"Term \"76\" branch \"-1\" difference: \"InputForm[0]\n"
"From remote kernel:"
"\"Direct soft-series check \"77\" branch \"1\n"
"From remote kernel:"
"\"Direct soft-series check \"77\" branch \"-1\n"
"From remote kernel:"
"\"Term \"71\" branch \"-1\" difference: \"InputForm[0]\n"
"From remote kernel:"
"\"Term \"77\" branch \"1\" difference: \"InputForm[0]\n"
"From remote kernel:"
"\"Direct soft-series check \"78\" branch \"1\n"
"From remote kernel:"
"\"Term \"77\" branch \"-1\" difference: \"InputForm[0]\n"
"From remote kernel:"
"\"Direct soft-series check \"78\" branch \"-1\n"
"From remote kernel:"
"\"Direct soft-series check \"79\" branch \"1\n"
"From remote kernel:"
"\"Term \"58\" branch \"1\" difference: \"InputForm[0]\n"
"From remote kernel:"
"\"Direct soft-series check \"79\" branch \"-1\n"
"From remote kernel:"
"\"Term \"79\" branch \"1\" difference: \"InputForm[0]\n"
"From remote kernel:"
"\"Direct soft-series check \"80\" branch \"1\n"
"From remote kernel:"
"\"Term \"58\" branch \"-1\" difference: \"InputForm[0]\n"
"From remote kernel:"
"\"Direct soft-series check \"80\" branch \"-1\n"
"From remote kernel:"
"\"Term \"80\" branch \"1\" difference: \"InputForm[0]\n"
"From remote kernel:"
"\"Direct soft-series check \"81\" branch \"1\n"
"From remote kernel:"
"\"Term \"80\" branch \"-1\" difference: \"InputForm[0]\n"
"From remote kernel:"
"\"Direct soft-series check \"81\" branch \"-1\n"
"From remote kernel:"
"\"Term \"79\" branch \"-1\" difference: \"InputForm[0]\n"
"From remote kernel:"
"\"Direct soft-series check \"82\" branch \"1\n"
"From remote kernel:"
"\"Term \"67\" branch \"-1\" difference: \"InputForm[0]\n"
"From remote kernel:"
"\"Direct soft-series check \"82\" branch \"-1\n"
"From remote kernel:"
"\"Term \"81\" branch \"1\" difference: \"InputForm[0]\n"
"From remote kernel:"
"\"Direct soft-series check \"83\" branch \"1\n"
"From remote kernel:"
"\"Term \"83\" branch \"1\" difference: \"InputForm[0]\n"
"From remote kernel:"
"\"Direct soft-series check \"83\" branch \"-1\n"
"From remote kernel:"
"\"Term \"83\" branch \"-1\" difference: \"InputForm[0]\n"
"From remote kernel:"
"\"Direct soft-series check \"84\" branch \"1\n"
"From remote kernel:"
"\"Term \"81\" branch \"-1\" difference: \"InputForm[0]\n"
"From remote kernel:"
"\"Direct soft-series check \"84\" branch \"-1\n"
MONITOR_HEARTBEAT elapsed=275s rss=2426.1MiB peak=2547.4MiB
"From remote kernel:"
"\"Term \"84\" branch \"1\" difference: \"InputForm[0]\n"
"From remote kernel:"
"\"Direct soft-series check \"85\" branch \"1\n"
"From remote kernel:"
"\"Term \"85\" branch \"1\" difference: \"InputForm[0]\n"
"From remote kernel:"
"\"Direct soft-series check \"85\" branch \"-1\n"
"From remote kernel:"
"\"Term \"85\" branch \"-1\" difference: \"InputForm[0]\n"
"From remote kernel:"
"\"Direct soft-series check \"86\" branch \"1\n"
"From remote kernel:"
"\"Term \"84\" branch \"-1\" difference: \"InputForm[0]\n"
"From remote kernel:"
"\"Direct soft-series check \"86\" branch \"-1\n"
"From remote kernel:"
"\"Term \"86\" branch \"1\" difference: \"InputForm[0]\n"
"From remote kernel:"
"\"Direct soft-series check \"87\" branch \"1\n"
"From remote kernel:"
"\"Term \"87\" branch \"1\" difference: \"InputForm[0]\n"
"From remote kernel:"
"\"Direct soft-series check \"87\" branch \"-1\n"
"From remote kernel:"
"\"Term \"86\" branch \"-1\" difference: \"InputForm[0]\n"
"From remote kernel:"
"\"Direct soft-series check \"88\" branch \"1\n"
"From remote kernel:"
"\"Term \"87\" branch \"-1\" difference: \"InputForm[0]\n"
"From remote kernel:"
"\"Direct soft-series check \"88\" branch \"-1\n"
"From remote kernel:"
"\"Term \"88\" branch \"1\" difference: \"InputForm[0]\n"
"From remote kernel:"
"\"Direct soft-series check \"89\" branch \"1\n"
"From remote kernel:"
"\"Term \"88\" branch \"-1\" difference: \"InputForm[0]\n"
"From remote kernel:"
"\"Direct soft-series check \"89\" branch \"-1\n"
"From remote kernel:"
"\"Term \"89\" branch \"1\" difference: \"InputForm[0]\n"
"From remote kernel:"
"\"Direct soft-series check \"90\" branch \"1\n"
"From remote kernel:"
"\"Term \"89\" branch \"-1\" difference: \"InputForm[0]\n"
"From remote kernel:"
"\"Direct soft-series check \"90\" branch \"-1\n"
"From remote kernel:"
"\"Term \"78\" branch \"-1\" difference: \"InputForm[0]\n"
"From remote kernel:"
"\"Direct soft-series check \"91\" branch \"1\n"
"From remote kernel:"
"\"Term \"91\" branch \"1\" difference: \"InputForm[0]\n"
"From remote kernel:"
"\"Direct soft-series check \"91\" branch \"-1\n"
"From remote kernel:"
"\"Term \"91\" branch \"-1\" difference: \"InputForm[0]\n"
"From remote kernel:"
"\"Direct soft-series check \"92\" branch \"1\n"
"From remote kernel:"
"\"Term \"92\" branch \"1\" difference: \"InputForm[0]\n"
"From remote kernel:"
"\"Direct soft-series check \"92\" branch \"-1\n"
"From remote kernel:"
"\"Term \"78\" branch \"1\" difference: \"InputForm[0]\n"
"From remote kernel:"
"\"Term \"92\" branch \"-1\" difference: \"InputForm[0]\n"
"From remote kernel:"
"\"Direct soft-series check \"93\" branch \"1\n"
"From remote kernel:"
"\"Direct soft-series check \"93\" branch \"-1\n"
"From remote kernel:"
"\"Term \"82\" branch \"1\" difference: \"InputForm[0]\n"
"From remote kernel:"
"\"Direct soft-series check \"94\" branch \"1\n"
"From remote kernel:"
"\"Term \"82\" branch \"-1\" difference: \"InputForm[0]\n"
"From remote kernel:"
"\"Direct soft-series check \"94\" branch \"-1\n"
"From remote kernel:"
"\"Term \"66\" branch \"-1\" difference: \"InputForm[0]\n"
"From remote kernel:"
"\"Direct soft-series check \"95\" branch \"1\n"
"From remote kernel:"
"\"Term \"90\" branch \"1\" difference: \"InputForm[0]\n"
"From remote kernel:"
"\"Direct soft-series check \"95\" branch \"-1\n"
"From remote kernel:"
"\"Term \"90\" branch \"-1\" difference: \"InputForm[0]\n"
"From remote kernel:"
"\"Direct soft-series check \"96\" branch \"1\n"
"From remote kernel:"
"\"Term \"66\" branch \"1\" difference: \"InputForm[0]\n"
"From remote kernel:"
"\"Direct soft-series check \"96\" branch \"-1\n"
"From remote kernel:"
"\"Term \"93\" branch \"1\" difference: \"InputForm[0]\n"
"From remote kernel:"
"\"Direct soft-series check \"97\" branch \"1\n"
"From remote kernel:"
"\"Term \"93\" branch \"-1\" difference: \"InputForm[0]\n"
"From remote kernel:"
"\"Direct soft-series check \"97\" branch \"-1\n"
MONITOR_HEARTBEAT elapsed=305s rss=2412.1MiB peak=2547.4MiB
"From remote kernel:"
"\"Term \"96\" branch \"1\" difference: \"InputForm[0]\n"
"From remote kernel:"
"\"Direct soft-series check \"98\" branch \"1\n"
"From remote kernel:"
"\"Term \"96\" branch \"-1\" difference: \"InputForm[0]\n"
"From remote kernel:"
"\"Direct soft-series check \"98\" branch \"-1\n"
"From remote kernel:"
"\"Term \"98\" branch \"1\" difference: \"InputForm[0]\n"
"From remote kernel:"
"\"Direct soft-series check \"99\" branch \"1\n"
"From remote kernel:"
"\"Term \"99\" branch \"1\" difference: \"InputForm[0]\n"
"From remote kernel:"
"\"Direct soft-series check \"99\" branch \"-1\n"
"From remote kernel:"
"\"Term \"99\" branch \"-1\" difference: \"InputForm[0]\n"
"From remote kernel:"
"\"Direct soft-series check \"100\" branch \"1\n"
"From remote kernel:"
"\"Term \"100\" branch \"1\" difference: \"InputForm[0]\n"
"From remote kernel:"
"\"Direct soft-series check \"100\" branch \"-1\n"
"From remote kernel:"
"\"Term \"100\" branch \"-1\" difference: \"InputForm[0]\n"
"From remote kernel:"
"\"Direct soft-series check \"101\" branch \"1\n"
"From remote kernel:"
"\"Term \"98\" branch \"-1\" difference: \"InputForm[0]\n"
"From remote kernel:"
"\"Direct soft-series check \"101\" branch \"-1\n"
"From remote kernel:"
"\"Term \"101\" branch \"1\" difference: \"InputForm[0]\n"
"From remote kernel:"
"\"Direct soft-series check \"102\" branch \"1\n"
"From remote kernel:"
"\"Term \"101\" branch \"-1\" difference: \"InputForm[0]\n"
"From remote kernel:"
"\"Direct soft-series check \"102\" branch \"-1\n"
"From remote kernel:"
"\"Term \"102\" branch \"1\" difference: \"InputForm[0]\n"
"From remote kernel:"
"\"Direct soft-series check \"103\" branch \"1\n"
"From remote kernel:"
"\"Term \"102\" branch \"-1\" difference: \"InputForm[0]\n"
"From remote kernel:"
"\"Direct soft-series check \"103\" branch \"-1\n"
"From remote kernel:"
"\"Term \"103\" branch \"1\" difference: \"InputForm[0]\n"
"From remote kernel:"
"\"Direct soft-series check \"104\" branch \"1\n"
"From remote kernel:"
"\"Term \"104\" branch \"1\" difference: \"InputForm[0]\n"
"From remote kernel:"
"\"Direct soft-series check \"104\" branch \"-1\n"
"From remote kernel:"
"\"Term \"103\" branch \"-1\" difference: \"InputForm[0]\n"
"From remote kernel:"
"\"Direct soft-series check \"105\" branch \"1\n"
"From remote kernel:"
"\"Term \"104\" branch \"-1\" difference: \"InputForm[0]\n"
"From remote kernel:"
"\"Direct soft-series check \"105\" branch \"-1\n"
"From remote kernel:"
"\"Term \"94\" branch \"1\" difference: \"InputForm[0]\n"
"From remote kernel:"
"\"Direct soft-series check \"106\" branch \"1\n"
"From remote kernel:"
"\"Term \"106\" branch \"1\" difference: \"InputForm[0]\n"
"From remote kernel:"
"\"Direct soft-series check \"106\" branch \"-1\n"
"From remote kernel:"
"\"Term \"106\" branch \"-1\" difference: \"InputForm[0]\n"
"From remote kernel:"
"\"Direct soft-series check \"107\" branch \"1\n"
"From remote kernel:"
"\"Term \"94\" branch \"-1\" difference: \"InputForm[0]\n"
"From remote kernel:"
"\"Direct soft-series check \"107\" branch \"-1\n"
"From remote kernel:"
"\"Term \"95\" branch \"1\" difference: \"InputForm[0]\n"
MONITOR_HEARTBEAT elapsed=335s rss=2453.4MiB peak=2547.4MiB
"From remote kernel:"
"\"Direct soft-series check \"108\" branch \"1\n"
"From remote kernel:"
"\"Term \"108\" branch \"1\" difference: \"InputForm[0]\n"
"From remote kernel:"
"\"Direct soft-series check \"108\" branch \"-1\n"
"From remote kernel:"
"\"Term \"108\" branch \"-1\" difference: \"InputForm[0]\n"
"From remote kernel:"
"\"Direct soft-series check \"109\" branch \"1\n"
"From remote kernel:"
"\"Term \"109\" branch \"1\" difference: \"InputForm[0]\n"
"From remote kernel:"
"\"Direct soft-series check \"109\" branch \"-1\n"
"From remote kernel:"
"\"Term \"109\" branch \"-1\" difference: \"InputForm[0]\n"
"From remote kernel:"
"\"Direct soft-series check \"110\" branch \"1\n"
"From remote kernel:"
"\"Term \"95\" branch \"-1\" difference: \"InputForm[0]\n"
"From remote kernel:"
"\"Direct soft-series check \"110\" branch \"-1\n"
"From remote kernel:"
"\"Term \"110\" branch \"1\" difference: \"InputForm[0]\n"
"From remote kernel:"
"\"Direct soft-series check \"111\" branch \"1\n"
"From remote kernel:"
"\"Term \"110\" branch \"-1\" difference: \"InputForm[0]\n"
"From remote kernel:"
"\"Direct soft-series check \"111\" branch \"-1\n"
"From remote kernel:"
"\"Term \"105\" branch \"-1\" difference: \"InputForm[0]\n"
"From remote kernel:"
"\"Direct soft-series check \"112\" branch \"1\n"
"From remote kernel:"
"\"Term \"105\" branch \"1\" difference: \"InputForm[0]\n"
"From remote kernel:"
"\"Direct soft-series check \"112\" branch \"-1\n"
MONITOR_HEARTBEAT elapsed=366s rss=2452.1MiB peak=2547.4MiB
"From remote kernel:"
"\"Term \"107\" branch \"1\" difference: \"InputForm[0]\n"
"From remote kernel:"
"\"Direct soft-series check \"113\" branch \"1\n"
"From remote kernel:"
"\"Term \"107\" branch \"-1\" difference: \"InputForm[0]\n"
"From remote kernel:"
"\"Direct soft-series check \"113\" branch \"-1\n"
"From remote kernel:"
"\"Term \"111\" branch \"1\" difference: \"InputForm[0]\n"
"From remote kernel:"
"\"Direct soft-series check \"114\" branch \"1\n"
"From remote kernel:"
"\"Term \"114\" branch \"1\" difference: \"InputForm[0]\n"
"From remote kernel:"
"\"Direct soft-series check \"114\" branch \"-1\n"
"From remote kernel:"
"\"Term \"114\" branch \"-1\" difference: \"InputForm[0]\n"
"From remote kernel:"
"\"Direct soft-series check \"115\" branch \"1\n"
"From remote kernel:"
"\"Term \"115\" branch \"1\" difference: \"InputForm[(1 - SUNN^2)/(2*omega*Pi*SUNN - 2*Pi*s*SUNN)]\n"
"From remote kernel:"
"\"Direct soft-series check \"115\" branch \"-1\n"
"From remote kernel:"
"\"Term \"115\" branch \"-1\" difference: \"InputForm[(-1 + SUNN^2)/(2*Pi*(omega + s)*SUNN)]\n"
"From remote kernel:"
"\"Direct soft-series check \"116\" branch \"1\n"
"From remote kernel:"
"\"Term \"116\" branch \"1\" difference: \"InputForm[0]\n"
"From remote kernel:"
"\"Direct soft-series check \"116\" branch \"-1\n"
"From remote kernel:"
"\"Term \"116\" branch \"-1\" difference: \"InputForm[0]\n"
"From remote kernel:"
"\"Direct soft-series check \"117\" branch \"1\n"
"From remote kernel:"
"\"Term \"117\" branch \"1\" difference: \"InputForm[0]\n"
"From remote kernel:"
"\"Direct soft-series check \"117\" branch \"-1\n"
"From remote kernel:"
"\"Term \"117\" branch \"-1\" difference: \"InputForm[0]\n"
"From remote kernel:"
"\"Direct soft-series check \"118\" branch \"1\n"
"From remote kernel:"
"\"Term \"111\" branch \"-1\" difference: \"InputForm[0]\n"
"From remote kernel:"
"\"Direct soft-series check \"118\" branch \"-1\n"
"From remote kernel:"
"\"Term \"118\" branch \"1\" difference: \"InputForm[0]\n"
"From remote kernel:"
"\"Direct soft-series check \"119\" branch \"1\n"
"From remote kernel:"
"\"Term \"119\" branch \"1\" difference: \"InputForm[0]\n"
"From remote kernel:"
"\"Direct soft-series check \"119\" branch \"-1\n"
"From remote kernel:"
"\"Term \"119\" branch \"-1\" difference: \"InputForm[0]\n"
"From remote kernel:"
"\"Direct soft-series check \"120\" branch \"1\n"
"From remote kernel:"
"\"Term \"118\" branch \"-1\" difference: \"InputForm[0]\n"
"From remote kernel:"
"\"Direct soft-series check \"120\" branch \"-1\n"
"From remote kernel:"
"\"Term \"97\" branch \"1\" difference: \"InputForm[0]\n"
"From remote kernel:"
"\"Direct soft-series check \"121\" branch \"1\n"
"From remote kernel:"
"\"Term \"120\" branch \"1\" difference: \"InputForm[0]\n"
"From remote kernel:"
"\"Direct soft-series check \"121\" branch \"-1\n"
"From remote kernel:"
"\"Term \"120\" branch \"-1\" difference: \"InputForm[0]\n"
"From remote kernel:"
"\"Direct soft-series check \"122\" branch \"1\n"
"From remote kernel:"
"\"Term \"122\" branch \"1\" difference: \"InputForm[0]\n"
"From remote kernel:"
"\"Direct soft-series check \"122\" branch \"-1\n"
"From remote kernel:"
"\"Term \"122\" branch \"-1\" difference: \"InputForm[0]\n"
"From remote kernel:"
"\"Direct soft-series check \"123\" branch \"1\n"
"From remote kernel:"
"\"Term \"123\" branch \"1\" difference: \"InputForm[0]\n"
"From remote kernel:"
"\"Direct soft-series check \"123\" branch \"-1\n"
"From remote kernel:"
"\"Term \"123\" branch \"-1\" difference: \"InputForm[0]\n"
"From remote kernel:"
"\"Direct soft-series check \"124\" branch \"1\n"
"From remote kernel:"
"\"Term \"112\" branch \"1\" difference: \"InputForm[0]\n"
MONITOR_HEARTBEAT elapsed=397s rss=2461.8MiB peak=2547.4MiB
"From remote kernel:"
"\"Direct soft-series check \"124\" branch \"-1\n"
"From remote kernel:"
"\"Term \"97\" branch \"-1\" difference: \"InputForm[0]\n"
"From remote kernel:"
"\"Direct soft-series check \"125\" branch \"1\n"
"From remote kernel:"
"\"Term \"125\" branch \"1\" difference: \"InputForm[0]\n"
"From remote kernel:"
"\"Direct soft-series check \"125\" branch \"-1\n"
"From remote kernel:"
"\"Term \"125\" branch \"-1\" difference: \"InputForm[0]\n"
"From remote kernel:"
"\"Direct soft-series check \"126\" branch \"1\n"
"From remote kernel:"
"\"Term \"126\" branch \"1\" difference: \"InputForm[0]\n"
"From remote kernel:"
"\"Direct soft-series check \"126\" branch \"-1\n"
"From remote kernel:"
"\"Term \"126\" branch \"-1\" difference: \"InputForm[0]\n"
"From remote kernel:"
"\"Direct soft-series check \"127\" branch \"1\n"
"From remote kernel:"
"\"Term \"112\" branch \"-1\" difference: \"InputForm[0]\n"
"From remote kernel:"
"\"Direct soft-series check \"127\" branch \"-1\n"
"From remote kernel:"
"\"Term \"127\" branch \"1\" difference: \"InputForm[0]\n"
"From remote kernel:"
"\"Direct soft-series check \"128\" branch \"1\n"
"From remote kernel:"
"\"Term \"127\" branch \"-1\" difference: \"InputForm[0]\n"
"From remote kernel:"
"\"Direct soft-series check \"128\" branch \"-1\n"
"From remote kernel:"
"\"Term \"124\" branch \"1\" difference: \"InputForm[0]\n"
"From remote kernel:"
"\"Term \"124\" branch \"-1\" difference: \"InputForm[0]\n"
"From remote kernel:"
"\"Direct soft-series check \"129\" branch \"1\n"
"From remote kernel:"
"\"Direct soft-series check \"129\" branch \"-1\n"
MONITOR_HEARTBEAT elapsed=427s rss=2454.4MiB peak=2547.4MiB
"From remote kernel:"
"\"Term \"121\" branch \"1\" difference: \"InputForm[0]\n"
"From remote kernel:"
"\"Direct soft-series check \"130\" branch \"1\n"
"From remote kernel:"
"\"Term \"121\" branch \"-1\" difference: \"InputForm[0]\n"
"From remote kernel:"
"\"Direct soft-series check \"130\" branch \"-1\n"
"From remote kernel:"
"\"Term \"130\" branch \"1\" difference: \"InputForm[0]\n"
"From remote kernel:"
"\"Direct soft-series check \"131\" branch \"1\n"
"From remote kernel:"
"\"Term \"130\" branch \"-1\" difference: \"InputForm[0]\n"
"From remote kernel:"
"\"Direct soft-series check \"131\" branch \"-1\n"
"From remote kernel:"
"\"Term \"128\" branch \"-1\" difference: \"InputForm[0]\n"
"From remote kernel:"
"\"Direct soft-series check \"132\" branch \"1\n"
"From remote kernel:"
"\"Term \"128\" branch \"1\" difference: \"InputForm[0]\n"
"From remote kernel:"
"\"Direct soft-series check \"132\" branch \"-1\n"
"From remote kernel:"
"\"Term \"129\" branch \"-1\" difference: \"InputForm[0]\n"
"From remote kernel:"
"\"Direct soft-series check \"133\" branch \"1\n"
"From remote kernel:"
"\"Term \"129\" branch \"1\" difference: \"InputForm[0]\n"
"From remote kernel:"
"\"Direct soft-series check \"133\" branch \"-1\n"
"From remote kernel:"
"\"Term \"113\" branch \"-1\" difference: \"InputForm[0]\n"
"From remote kernel:"
"\"Direct soft-series check \"134\" branch \"1\n"
"From remote kernel:"
"\"Term \"134\" branch \"1\" difference: \"InputForm[0]\n"
"From remote kernel:"
"\"Direct soft-series check \"134\" branch \"-1\n"
"From remote kernel:"
"\"Term \"134\" branch \"-1\" difference: \"InputForm[0]\n"
"From remote kernel:"
"\"Direct soft-series check \"135\" branch \"1\n"
"From remote kernel:"
"\"Term \"113\" branch \"1\" difference: \"InputForm[0]\n"
"From remote kernel:"
"\"Direct soft-series check \"135\" branch \"-1\n"
MONITOR_HEARTBEAT elapsed=458s rss=2411.6MiB peak=2547.4MiB
"From remote kernel:"
"\"Term \"135\" branch \"1\" difference: \"InputForm[0]\n"
"From remote kernel:"
"\"Direct soft-series check \"136\" branch \"1\n"
"From remote kernel:"
"\"Term \"136\" branch \"1\" difference: \"InputForm[0]\n"
"From remote kernel:"
"\"Direct soft-series check \"136\" branch \"-1\n"
"From remote kernel:"
"\"Term \"136\" branch \"-1\" difference: \"InputForm[0]\n"
"From remote kernel:"
"\"Direct soft-series check \"137\" branch \"1\n"
"From remote kernel:"
"\"Term \"133\" branch \"1\" difference: \"InputForm[0]\n"
"From remote kernel:"
"\"Direct soft-series check \"137\" branch \"-1\n"
"From remote kernel:"
"\"Term \"135\" branch \"-1\" difference: \"InputForm[0]\n"
"From remote kernel:"
"\"Direct soft-series check \"138\" branch \"1\n"
"From remote kernel:"
"\"Term \"133\" branch \"-1\" difference: \"InputForm[0]\n"
"From remote kernel:"
"\"Direct soft-series check \"138\" branch \"-1\n"
"From remote kernel:"
"\"Term \"132\" branch \"-1\" difference: \"InputForm[0]\n"
"From remote kernel:"
"\"Direct soft-series check \"139\" branch \"1\n"
"From remote kernel:"
"\"Term \"132\" branch \"1\" difference: \"InputForm[0]\n"
"From remote kernel:"
"\"Direct soft-series check \"139\" branch \"-1\n"
"From remote kernel:"
"\"Term \"139\" branch \"1\" difference: \"InputForm[0]\n"
"From remote kernel:"
"\"Direct soft-series check \"140\" branch \"1\n"
"From remote kernel:"
"\"Term \"140\" branch \"1\" difference: \"InputForm[0]\n"
"From remote kernel:"
"\"Direct soft-series check \"140\" branch \"-1\n"
"From remote kernel:"
"\"Term \"140\" branch \"-1\" difference: \"InputForm[0]\n"
"From remote kernel:"
"\"Direct soft-series check \"141\" branch \"1\n"
"From remote kernel:"
"\"Term \"139\" branch \"-1\" difference: \"InputForm[0]\n"
"From remote kernel:"
"\"Direct soft-series check \"141\" branch \"-1\n"
"From remote kernel:"
"\"Term \"137\" branch \"1\" difference: \"InputForm[0]\n"
"From remote kernel:"
"\"Direct soft-series check \"142\" branch \"1\n"
"From remote kernel:"
"\"Term \"142\" branch \"1\" difference: \"InputForm[0]\n"
"From remote kernel:"
"\"Direct soft-series check \"142\" branch \"-1\n"
"From remote kernel:"
"\"Term \"142\" branch \"-1\" difference: \"InputForm[0]\n"
"From remote kernel:"
"\"Direct soft-series check \"143\" branch \"1\n"
"From remote kernel:"
"\"Term \"137\" branch \"-1\" difference: \"InputForm[0]\n"
"From remote kernel:"
"\"Direct soft-series check \"143\" branch \"-1\n"
"From remote kernel:"
"\"Term \"143\" branch \"1\" difference: \"InputForm[0]\n"
"From remote kernel:"
"\"Direct soft-series check \"144\" branch \"1\n"
"From remote kernel:"
"\"Term \"143\" branch \"-1\" difference: \"InputForm[0]\n"
"From remote kernel:"
"\"Direct soft-series check \"144\" branch \"-1\n"
"From remote kernel:"
"\"Term \"138\" branch \"1\" difference: \"InputForm[0]\n"
"From remote kernel:"
"\"Direct soft-series check \"145\" branch \"1\n"
"From remote kernel:"
"\"Term \"138\" branch \"-1\" difference: \"InputForm[0]\n"
"From remote kernel:"
"\"Direct soft-series check \"145\" branch \"-1\n"
"From remote kernel:"
"\"Term \"144\" branch \"1\" difference: \"InputForm[0]\n"
"From remote kernel:"
"\"Direct soft-series check \"146\" branch \"1\n"
"From remote kernel:"
"\"Term \"144\" branch \"-1\" difference: \"InputForm[0]\n"
"From remote kernel:"
"\"Direct soft-series check \"146\" branch \"-1\n"
"From remote kernel:"
"\"Term \"145\" branch \"1\" difference: \"InputForm[0]\n"
"From remote kernel:"
"\"Direct soft-series check \"147\" branch \"1\n"
"From remote kernel:"
"\"Term \"145\" branch \"-1\" difference: \"InputForm[0]\n"
MONITOR_HEARTBEAT elapsed=489s rss=2430.0MiB peak=2547.4MiB
"From remote kernel:"
"\"Direct soft-series check \"147\" branch \"-1\n"
"From remote kernel:"
"\"Term \"141\" branch \"-1\" difference: \"InputForm[0]\n"
"From remote kernel:"
"\"Direct soft-series check \"148\" branch \"1\n"
"From remote kernel:"
"\"Term \"141\" branch \"1\" difference: \"InputForm[0]\n"
"From remote kernel:"
"\"Term \"148\" branch \"1\" difference: \"InputForm[0]\n"
"From remote kernel:"
"\"Direct soft-series check \"148\" branch \"-1\n"
"From remote kernel:"
"\"Direct soft-series check \"149\" branch \"1\n"
"From remote kernel:"
"\"Term \"148\" branch \"-1\" difference: \"InputForm[0]\n"
"From remote kernel:"
"\"Direct soft-series check \"149\" branch \"-1\n"
"From remote kernel:"
"\"Term \"149\" branch \"-1\" difference: \"InputForm[0]\n"
"From remote kernel:"
"\"Direct soft-series check \"150\" branch \"1\n"
"From remote kernel:"
"\"Term \"150\" branch \"1\" difference: \"InputForm[0]\n"
"From remote kernel:"
"\"Direct soft-series check \"150\" branch \"-1\n"
"From remote kernel:"
"\"Term \"150\" branch \"-1\" difference: \"InputForm[0]\n"
"From remote kernel:"
"\"Direct soft-series check \"151\" branch \"1\n"
"From remote kernel:"
"\"Term \"149\" branch \"1\" difference: \"InputForm[0]\n"
"From remote kernel:"
"\"Direct soft-series check \"151\" branch \"-1\n"
"From remote kernel:"
"\"Term \"147\" branch \"1\" difference: \"InputForm[0]\n"
"From remote kernel:"
"\"Direct soft-series check \"152\" branch \"1\n"
"From remote kernel:"
"\"Term \"147\" branch \"-1\" difference: \"InputForm[0]\n"
"From remote kernel:"
"\"Direct soft-series check \"152\" branch \"-1\n"
"From remote kernel:"
"\"Term \"151\" branch \"-1\" difference: \"InputForm[0]\n"
"From remote kernel:"
"\"Direct soft-series check \"153\" branch \"1\n"
"From remote kernel:"
"\"Term \"153\" branch \"1\" difference: \"InputForm[0]\n"
"From remote kernel:"
"\"Direct soft-series check \"153\" branch \"-1\n"
"From remote kernel:"
"\"Term \"153\" branch \"-1\" difference: \"InputForm[0]\n"
"From remote kernel:"
"\"Direct soft-series check \"154\" branch \"1\n"
"From remote kernel:"
"\"Term \"151\" branch \"1\" difference: \"InputForm[0]\n"
"From remote kernel:"
"\"Direct soft-series check \"154\" branch \"-1\n"
"From remote kernel:"
"\"Term \"146\" branch \"1\" difference: \"InputForm[0]\n"
"From remote kernel:"
"\"Direct soft-series check \"155\" branch \"1\n"
"From remote kernel:"
"\"Term \"155\" branch \"1\" difference: \"InputForm[0]\n"
"From remote kernel:"
"\"Direct soft-series check \"155\" branch \"-1\n"
"From remote kernel:"
"\"Term \"155\" branch \"-1\" difference: \"InputForm[0]\n"
"From remote kernel:"
"\"Direct soft-series check \"156\" branch \"1\n"
"From remote kernel:"
"\"Term \"146\" branch \"-1\" difference: \"InputForm[0]\n"
"From remote kernel:"
"\"Direct soft-series check \"156\" branch \"-1\n"
"From remote kernel:"
"\"Term \"156\" branch \"1\" difference: \"InputForm[0]\n"
MONITOR_HEARTBEAT elapsed=519s rss=2441.5MiB peak=2547.4MiB
"From remote kernel:"
"\"Direct soft-series check \"157\" branch \"1\n"
"From remote kernel:"
"\"Term \"156\" branch \"-1\" difference: \"InputForm[0]\n"
"From remote kernel:"
"\"Direct soft-series check \"157\" branch \"-1\n"
"From remote kernel:"
"\"Term \"152\" branch \"1\" difference: \"InputForm[0]\n"
"From remote kernel:"
"\"Term \"152\" branch \"-1\" difference: \"InputForm[0]\n"
"From remote kernel:"
"\"Term \"131\" branch \"-1\" difference: \"InputForm[0]\n"
"From remote kernel:"
"\"Term \"154\" branch \"1\" difference: \"InputForm[0]\n"
"From remote kernel:"
"\"Term \"154\" branch \"-1\" difference: \"InputForm[0]\n"
MONITOR_HEARTBEAT elapsed=550s rss=2422.2MiB peak=2547.4MiB
"From remote kernel:"
"\"Term \"131\" branch \"1\" difference: \"InputForm[0]\n"
MONITOR_HEARTBEAT elapsed=580s rss=2411.1MiB peak=2547.4MiB
"From remote kernel:"
"\"Term \"157\" branch \"-1\" difference: \"InputForm[0]\n"
"From remote kernel:"
"\"Term \"157\" branch \"1\" difference: \"InputForm[0]\n"
"Nonzero or unevaluated cases: "InputForm[{{45, 1, {"LL", -1, -1}, -((Q2 - Q2*SUNN^2)/(6*omega*Pi*s*SUNN - 6*Pi*s^2*SUNN))}, {47, 1, {"LL", 0, -1}, -1/8*((omega + 2*Q2 - 2*s)*(-1 + SUNN^2))/(Pi*(omega - s)*s*SUNN^2)}, {69, 1, {"LL", 0, 0}, ((omega + Q2 - s)*(-1 + SUNN^2))/(4*Pi*(omega - s)^2*SUNN)}, {69, -1, {"LL", 0, 0}, -1/4*((omega - Q2 + s)*(-1 + SUNN^2))/(Pi*(omega + s)^2*SUNN)}, {115, 1, {"ML", 0, 0}, (1 - SUNN^2)/(2*omega*Pi*SUNN - 2*Pi*s*SUNN)}, {115, -1, {"ML", 0, 0}, (-1 + SUNN^2)/(2*Pi*(omega + s)*SUNN)}}]
"S02_SUCCESS: diagnostic completed; no F hats accepted; peak memory = "75032144
MONITOR_WAKE {"stage": "s02", "source": "s02_check_soft_series.wl", "source_sha256": "082be921b4ecf0c4ff9629bf6b8e9274f45b9d24b2fda171da99c942e4274725", "job_id": "14689543", "host": "n6440", "exit_code": 0, "success_marker": true, "accepted_execution": true, "guard": null, "peak_rss_bytes": 2671124480, "elapsed_seconds": 587.3412561938167, "completed_utc": "2026-09-06T19:27:06.377642+00:00"}
