"S05_WORKERS "8
"kernel 1 (Local):"
"\"S05_TASK_START \"{\"Hqq_v4\", \"F1\", \"1\", \"Hqq_v4_F1_1\"}\n"
"kernel 2 (Local):"
"\"S05_TASK_START \"{\"Hqq_v4\", \"F1\", \"-1\", \"Hqq_v4_F1_-1\"}\n"
"kernel 3 (Local):"
"\"S05_TASK_START \"{\"Hqq_v4\", \"F1\", \"0\", \"Hqq_v4_F1_0\"}\n"
"kernel 4 (Local):"
"\"S05_TASK_START \"{\"Hqq_v4\", \"F2\", \"1\", \"Hqq_v4_F2_1\"}\n"
"kernel 5 (Local):"
"\"S05_TASK_START \"{\"Hqq_v4\", \"F2\", \"-1\", \"Hqq_v4_F2_-1\"}\n"
"kernel 6 (Local):"
"\"S05_TASK_START \"{\"Hqq_v4\", \"F2\", \"0\", \"Hqq_v4_F2_0\"}\n"
"kernel 7 (Local):"
"\"S05_TASK_START \"{\"Hgg_v2\", \"F1\", \"\", \"Hgg_v2_F1\"}\n"
"kernel 8 (Local):"
"\"S05_TASK_START \"{\"Hgg_v2\", \"F2\", \"\", \"Hgg_v2_F2\"}\n"
"kernel 2 (Local):"
"\"S05_START \"\"export\"\n"
"kernel 4 (Local):"
"\"S05_START \"\"export\"\n"
"kernel 6 (Local):"
"\"S05_START \"\"export\"\n"
"kernel 3 (Local):"
"\"S05_START \"\"export\"\n"
"kernel 5 (Local):"
"\"S05_START \"\"export\"\n"
"kernel 7 (Local):"
"\"S05_START \"\"export\"\n"
"kernel 1 (Local):"
"\"S05_START \"\"export\"\n"
"kernel 8 (Local):"
"\"S05_START \"\"export\"\n"
"kernel 7 (Local):"
"\"S05_PREPARE \"\"Hgg_v2_F1_Regular_1\"\" leaves=\"157275\n"
"kernel 8 (Local):"
"\"S05_PREPARE \"\"Hgg_v2_F2_Regular_1\"\" leaves=\"158002\n"
"kernel 7 (Local):"
"\"S05_REGULAR_EXACT \"\"F1_Regular\"\" leaves=\"78535\n"
"kernel 8 (Local):"
"\"S05_REGULAR_EXACT \"\"F2_Regular\"\" leaves=\"79053\n"
"kernel 7 (Local):"
"\"S05_OPTIMIZE \"\"Hgg_v2_F1_Regular_1\"\" leaves=\"78535\n"
"kernel 7 (Local):"
"\"S05_EXPORTED \"\"Hgg_v2_F1_Regular_1\"\" optimized=\"16735\n"
"kernel 7 (Local):"
"\"S05_PREPARE \"\"Hgg_v2_F1_Regular_m1\"\" leaves=\"157275\n"
"kernel 8 (Local):"
"\"S05_OPTIMIZE \"\"Hgg_v2_F2_Regular_1\"\" leaves=\"79053\n"
"kernel 8 (Local):"
"\"S05_EXPORTED \"\"Hgg_v2_F2_Regular_1\"\" optimized=\"16898\n"
"kernel 8 (Local):"
"\"S05_PREPARE \"\"Hgg_v2_F2_Regular_m1\"\" leaves=\"158002\n"
"kernel 7 (Local):"
"\"S05_REGULAR_EXACT \"\"F1_Regular\"\" leaves=\"78535\n"
"kernel 8 (Local):"
"\"S05_REGULAR_EXACT \"\"F2_Regular\"\" leaves=\"79053\n"
"kernel 7 (Local):"
"\"S05_OPTIMIZE \"\"Hgg_v2_F1_Regular_m1\"\" leaves=\"78535\n"
"kernel 7 (Local):"
"\"S05_EXPORTED \"\"Hgg_v2_F1_Regular_m1\"\" optimized=\"16735\n"
"kernel 7 (Local):"
"\"S05_CHANNEL_DONE \"\"Hgg_v2\"\n"
"kernel 7 (Local):"
"\"S05_TASK_DONE \"{\"Hgg_v2\", \"F1\", \"\", \"Hgg_v2_F1\"}\" \"0\n"
"kernel 7 (Local):"
"\"S05_TASK_START \"{\"Hqqbar_v2\", \"F1\", \"\", \"Hqqbar_v2_F1\"}\n"
"kernel 7 (Local):"
"Style[\"FeynCalc is already loaded! If you are trying to reload FeynCalc or load FeynArts, TARCER, PHI, FeynHelpers or any other add-on, please restart the kernel.\", \"Text\", RGBColor[1, 0, 0], Bold]\n"
