
file::shdw: Symbol file appears in multiple contexts {FeynCalc`, Global`}; definitions in context FeynCalc` may shadow or be shadowed by other definitions.
"PASS: ""accepted input misc/s26_result/s26_result.wl"
"PASS: ""accepted input misc/s23_result/s23_result.wl"
"PASS: ""accepted input Hqqbar/s12_rational_series_result/s12_result.wl"
"PASS: ""accepted input misc/s24_result/s24_result.wl"
"PASS: ""accepted argument comparison retained"
"PASS: ""executed reference product source retained"
"PASS: ""reviewed actual parent source"
"PASS: ""complete executed product adapter boundary"
"PASS: ""complete executed product adapter syntax"
"PASS: ""unique complete reference product definition"
"PASS: ""single bounded product correction"
"PASS: ""complete product correction syntax and reversible source"
"PASS: ""complete checked recurrence source boundary"
"PASS: ""only two rational preparation calls changed"
"PASS: ""complete recurrence and product retained"
"PASS: ""native master retains its regulator remainder"
"PASS: ""stored regulator-polynomial ratio reconstructs"
"REGULATOR_RATIO_PRESERVED bytes "457656" seconds "0.162128
"PASS: ""coefficient valuation is rational"
"PASS: ""integer coefficient regulator valuation"
"PASS: ""actual coefficient preserves required master depth"
"PASS: ""integer master Laurent support"
"PASS: ""master Laurent coefficients independent of regulator"
"PASS: ""complete master Laurent reconstruction"
"PASS: ""stored regulator-polynomial ratio reconstructs"
"REGULATOR_RATIO_PRESERVED bytes "457656" seconds "0.035682
"PASS: ""rational coefficient has polynomial regulator support"
"PASS: ""integer rational identity coverage"
"PASS: ""complete truncated rational numerator reconstruction"
"RATIONAL_MASTER_SERIES "{"Own", 81, CutIntegral["R02", {1, 1, 1, 1}]}" order "1" seconds "0.079357" input bytes "457656" output bytes "415744
"PASS: ""canonical special-function argument exactly preserved"
"PASS: ""canonical special-function argument exactly preserved"
"PASS: ""canonical special-function argument exactly preserved"
"PASS: ""canonical special-function argument exactly preserved"
"PASS: ""product agrees through requested regulator order"
"PASS: ""native product contains no higher regulator powers"
"PASS: ""canonical special-function argument exactly preserved"
"PASS: ""canonical special-function argument exactly preserved"
"PASS: ""canonical special-function argument exactly preserved"
"PASS: ""entire accepted own master product reproduced"
"PASS: ""captured actual map unchanged"
"PASS: ""pinned scalar master regions"
"PASS: ""native master retains its regulator remainder"
"PASS: ""stored regulator-polynomial ratio reconstructs"
"REGULATOR_RATIO_PRESERVED bytes "25431120" seconds "2.040597
"PASS: ""coefficient valuation is rational"
"PASS: ""integer coefficient regulator valuation"
"PASS: ""actual coefficient preserves required master depth"
"PASS: ""integer master Laurent support"
"PASS: ""master Laurent coefficients independent of regulator"
"PASS: ""complete master Laurent reconstruction"
"PASS: ""stored regulator-polynomial ratio reconstructs"
"REGULATOR_RATIO_PRESERVED bytes "25431120" seconds "1.968785
"PASS: ""rational coefficient has polynomial regulator support"
