"Reducing ""born_qg"" "{1, 1}
"Saved ""born_qg"" "{1, 1}"; bytes "3440"; memory MB "162
"Reducing ""born_qg"" "{1, 2}
"Saved ""born_qg"" "{1, 2}"; bytes "2224"; memory MB "162
"Reducing ""born_qg"" "{2, 2}
"Saved ""born_qg"" "{2, 2}"; bytes "2520"; memory MB "163
"PASS: ""born_qg"" scalar square and photon Ward identity"
"Reducing ""born_gq"" "{1, 1}
"Saved ""born_gq"" "{1, 1}"; bytes "3048"; memory MB "163
"Reducing ""born_gq"" "{1, 2}
"Saved ""born_gq"" "{1, 2}"; bytes "1600"; memory MB "165
"Reducing ""born_gq"" "{2, 2}
"Saved ""born_gq"" "{2, 2}"; bytes "1168"; memory MB "165
"PASS: ""born_gq"" scalar square and photon Ward identity"
"Reducing ""real"" "{1, 1}
"Saved ""real"" "{1, 1}"; bytes "7160"; memory MB "173
"Reducing ""real"" "{1, 2}
"Saved ""real"" "{1, 2}"; bytes "13368"; memory MB "185
"Reducing ""real"" "{1, 3}
"Saved ""real"" "{1, 3}"; bytes "39992"; memory MB "205
"Reducing ""real"" "{1, 4}
"Saved ""real"" "{1, 4}"; bytes "38008"; memory MB "214
"Reducing ""real"" "{1, 5}
"Saved ""real"" "{1, 5}"; bytes "64440"; memory MB "230
"Reducing ""real"" "{1, 6}
"Saved ""real"" "{1, 6}"; bytes "72248"; memory MB "240
"Reducing ""real"" "{1, 7}
"Saved ""real"" "{1, 7}"; bytes "61240"; memory MB "258
"Reducing ""real"" "{1, 8}
"Saved ""real"" "{1, 8}"; bytes "72120"; memory MB "273
"Reducing ""real"" "{2, 2}
"Saved ""real"" "{2, 2}"; bytes "8312"; memory MB "261
"Reducing ""real"" "{2, 3}
"Saved ""real"" "{2, 3}"; bytes "63928"; memory MB "282
"Reducing ""real"" "{2, 4}
"Saved ""real"" "{2, 4}"; bytes "61880"; memory MB "293
"Reducing ""real"" "{2, 5}
"Saved ""real"" "{2, 5}"; bytes "42680"; memory MB "299
"Reducing ""real"" "{2, 6}
"Saved ""real"" "{2, 6}"; bytes "74552"; memory MB "325
"Reducing ""real"" "{2, 7}
"Saved ""real"" "{2, 7}"; bytes "39544"; memory MB "338
"Reducing ""real"" "{2, 8}
"Saved ""real"" "{2, 8}"; bytes "74296"; memory MB "355
"Reducing ""real"" "{3, 3}
"Saved ""real"" "{3, 3}"; bytes "96440"; memory MB "350
"Reducing ""real"" "{3, 4}
"Saved ""real"" "{3, 4}"; bytes "171200"; memory MB "365
"Reducing ""real"" "{3, 5}
"Saved ""real"" "{3, 5}"; bytes "345272"; memory MB "385
"Reducing ""real"" "{3, 6}
"Saved ""real"" "{3, 6}"; bytes "240568"; memory MB "407
"Reducing ""real"" "{3, 7}
"Saved ""real"" "{3, 7}"; bytes "325472"; memory MB "435
"Reducing ""real"" "{3, 8}
"Saved ""real"" "{3, 8}"; bytes "121160"; memory MB "449
"Reducing ""real"" "{4, 4}
"Saved ""real"" "{4, 4}"; bytes "55224"; memory MB "422
"Reducing ""real"" "{4, 5}
"Saved ""real"" "{4, 5}"; bytes "371712"; memory MB "461
"Reducing ""real"" "{4, 6}
"Saved ""real"" "{4, 6}"; bytes "112528"; memory MB "454
"Reducing ""real"" "{4, 7}
"Saved ""real"" "{4, 7}"; bytes "298736"; memory MB "488
"Reducing ""real"" "{4, 8}
"Saved ""real"" "{4, 8}"; bytes "231520"; memory MB "516
"Reducing ""real"" "{5, 5}
"Saved ""real"" "{5, 5}"; bytes "118456"; memory MB "490
"Reducing ""real"" "{5, 6}
"Saved ""real"" "{5, 6}"; bytes "132232"; memory MB "510
"Reducing ""real"" "{5, 7}
"Saved ""real"" "{5, 7}"; bytes "176520"; memory MB "515
"Reducing ""real"" "{5, 8}
"Saved ""real"" "{5, 8}"; bytes "263360"; memory MB "559
"Reducing ""real"" "{6, 6}
"Saved ""real"" "{6, 6}"; bytes "56504"; memory MB "522
"Reducing ""real"" "{6, 7}
"Saved ""real"" "{6, 7}"; bytes "254656"; memory MB "565
"Reducing ""real"" "{6, 8}
"Saved ""real"" "{6, 8}"; bytes "330752"; memory MB "566
"Reducing ""real"" "{7, 7}
"Saved ""real"" "{7, 7}"; bytes "69560"; memory MB "545
"Reducing ""real"" "{7, 8}
"Saved ""real"" "{7, 8}"; bytes "121864"; memory MB "570
"Reducing ""real"" "{8, 8}
"Saved ""real"" "{8, 8}"; bytes "56504"; memory MB "566
"PASS: ""real"" scalar square and photon Ward identity"
"PASS: all squared amplitudes saved"
