"PASS: angular master conventions (F24, F28)"
"Resume ""s04_result/real_0101.wl"
"Resume ""s04_result/real_0102.wl"
"Resume ""s04_result/real_0103.wl"
"Resume ""s04_result/real_0104.wl"
"Resume ""s04_result/real_0105.wl"
"Resume ""s04_result/real_0106.wl"
"Resume ""s04_result/real_0107.wl"
"Resume ""s04_result/real_0108.wl"
"Resume ""s04_result/real_0202.wl"
"Resume ""s04_result/real_0203.wl"
"Resume ""s04_result/real_0204.wl"
"Resume ""s04_result/real_0205.wl"
"Resume ""s04_result/real_0206.wl"
"Integrating ""real_0207.wl"
"Saved angular poles and finite terms"
"Integrating ""real_0208.wl"
"Saved angular poles and finite terms"
"Integrating ""real_0303.wl"
"Deriving angular master "{2, 1}
"Saved angular poles and finite terms"
"Integrating ""real_0304.wl"
"Saved angular poles and finite terms"
"Integrating ""real_0305.wl"
"Deriving angular master "{1, -5}
"Deriving angular master "{0, -4}
"Deriving angular master "{-1, -3}
"Saved angular poles and finite terms"
"Integrating ""real_0306.wl"
"Deriving angular master "{-2, -1}
"Saved angular poles and finite terms"
"Integrating ""real_0307.wl"
"Deriving angular master "{-2, -2}
"Deriving angular master "{-3, -1}
"Deriving angular master "{-3, 0}
"Deriving angular master "{-3, 1}
"Saved angular poles and finite terms"
"Integrating ""real_0308.wl"
"Saved angular poles and finite terms"
"Integrating ""real_0404.wl"
"Saved angular poles and finite terms"
"Integrating ""real_0405.wl"
"Saved angular poles and finite terms"
"Integrating ""real_0406.wl"
"Saved angular poles and finite terms"
"Integrating ""real_0407.wl"
"Saved angular poles and finite terms"
"Integrating ""real_0408.wl"
"Saved angular poles and finite terms"
"Integrating ""real_0505.wl"
"Saved angular poles and finite terms"
"Integrating ""real_0506.wl"
"Saved angular poles and finite terms"
"Integrating ""real_0507.wl"
"Saved angular poles and finite terms"
"Integrating ""real_0508.wl"
"Saved angular poles and finite terms"
"Integrating ""real_0606.wl"
"Saved angular poles and finite terms"
"Integrating ""real_0607.wl"
"Saved angular poles and finite terms"
"Integrating ""real_0608.wl"
"Saved angular poles and finite terms"
"Integrating ""real_0707.wl"
"Saved angular poles and finite terms"
"Integrating ""real_0708.wl"
"Saved angular poles and finite terms"
"Integrating ""real_0808.wl"
"Saved angular poles and finite terms"
"PASS: no recoil endpoint distributions at symbolic epsilon"
"PASS: symbolic angular integrals saved (overall Pi factored out)"
