"PASS: ""authorized bounded local execution"
"PASS: ""isolated local result owner"

Momentum::shdw: Symbol Momentum appears in multiple contexts {FeynCalc`, Global`}; definitions in context FeynCalc` may shadow or be shadowed by other definitions.

Pair::shdw: Symbol Pair appears in multiple contexts {FeynCalc`, Global`}; definitions in context FeynCalc` may shadow or be shadowed by other definitions.

SPD::shdw: Symbol SPD appears in multiple contexts {FeynCalc`, Global`}; definitions in context FeynCalc` may shadow or be shadowed by other definitions.

Spinor::shdw: Symbol Spinor appears in multiple contexts {FeynCalc`, Global`}; definitions in context FeynCalc` may shadow or be shadowed by other definitions.

SUNN::shdw: Symbol SUNN appears in multiple contexts {FeynCalc`, Global`}; definitions in context FeynCalc` may shadow or be shadowed by other definitions.

ExpandScalarProduct::shdw: Symbol ExpandScalarProduct appears in multiple contexts {FeynCalc`, Global`}; definitions in context FeynCalc` may shadow or be shadowed by other definitions.

FCClearScalarProducts::shdw: Symbol FCClearScalarProducts appears in multiple contexts {FeynCalc`, Global`}; definitions in context FeynCalc` may shadow or be shadowed by other definitions.

FCVariable::shdw: Symbol FCVariable appears in multiple contexts {FeynCalc`, Global`}; definitions in context FeynCalc` may shadow or be shadowed by other definitions.

DataType::shdw: Symbol DataType appears in multiple contexts {FeynCalc`, Global`}; definitions in context FeynCalc` may shadow or be shadowed by other definitions.

SetDelayed::wrsym: Symbol Discard is Protected.
"PASS: ""complete source syntax"
"PASS: ""supported subtraction channel"
"PASS: ""pinned subtraction input Hqg/s11_result/reference/s10_result.wl"
"PASS: ""pinned subtraction input Hqg/s11_result/reference/s10_collinear_subtraction.wl"
"PASS: ""reference subtraction source binding"
"PASS: ""accepted spin splitting kernels"
"PASS: ""Hgq accepted Born"
"PASS: ""Hgq pinned open amplitudes"
"PASS: ""Hgq core resolved species"
"PASS: ""Hqg accepted Born"
"PASS: ""Hqg pinned open amplitudes"
"PASS: ""Hqg core resolved species"
"PASS: ""Hqq accepted Born"
"PASS: ""Hqq pinned open amplitudes"
"PASS: ""Hqq core resolved species"
"PASS: ""unique generated Born species"
"PASS: ""shared accepted photon and spin bases"
"PASS: ""pinned real scalar products"
"PASS: ""scaled invariants evaluated"
"PASS: ""unique convolution roots"
"PASS: ""exact reference roots and Jacobians"
"PASS: ""convolution roots in physical support"
"PASS: ""unique real frame"
"PASS: ""real frame defining equations"
"PASS: ""Hgq PDF mapped physical momenta"
"PASS: ""Hgq PDF fixed photon and spin axes"
"PASS: ""Hgq FF mapped physical momenta"
"PASS: ""Hgq FF fixed photon and spin axes"
"PASS: ""Hqg PDF mapped physical momenta"
"PASS: ""Hqg PDF fixed photon and spin axes"
"PASS: ""Hqg FF mapped physical momenta"
"PASS: ""Hqg FF fixed photon and spin axes"
"PASS: ""Hqq PDF mapped physical momenta"
"PASS: ""Hqq PDF fixed photon and spin axes"
"PASS: ""Hqq FF mapped physical momenta"
"PASS: ""Hqq FF fixed photon and spin axes"
"PASS: ""complete reference route inventory"
"PASS: ""same kernel normalization qq"
"PASS: ""same kernel normalization gg"
"PASS: ""same kernel normalization qg"
"PASS: ""plus mapping has a positive endpoint scale"
"PASS: ""auxiliary endpoint pole cancels"
"PASS: ""auxiliary endpoint regulator removed"
"PASS: ""mapped convolution reconstructs its ordinary part"
"PASS: ""PDF distribution inventory"
"PASS: ""PDF Pg original convolution"
"PASS: ""PDF Ppp original convolution"
"PASS: ""GluonFragmentation distribution inventory"
"PASS: ""GluonFragmentation Pg original convolution"
"PASS: ""GluonFragmentation Ppp original convolution"
"PASS: ""QuarkFragmentation distribution inventory"
"PASS: ""QuarkFragmentation Pg original convolution"
"PASS: ""QuarkFragmentation Ppp original convolution"
"PASS: ""accepted local exact residual comparison"
"PASS: ""own gluon subtraction channel"
"PASS: ""same original and completed subtraction inputs"
"PASS: ""unchanged actual convolution input common/s11_inputs.json"
"PASS: ""unchanged actual convolution input common/s01_inputs.json"
"PASS: ""unchanged actual convolution input common/s10_result/s10_result.wl"
"PASS: ""unchanged actual convolution input Hgq/s03_result/s03_result.wl"
"PASS: ""unchanged actual convolution input Hgq/s01_result/reference/s01_result/s01_inputs/s01_result.wl"
"PASS: ""unchanged actual convolution input Hqg/s03_result/s03_result.wl"
"PASS: ""unchanged actual convolution input Hqg/s01_result/reference/s01_result/s01_inputs/s04_result.wl"
"PASS: ""unchanged actual convolution input Hqq/s03_result/s03_result.wl"
"PASS: ""unchanged actual convolution input Hqq/s01_result/reference/s01_result/s01_inputs/s01_result.wl"
"PASS: ""unchanged actual convolution input Hqq/s01_result/reference/s01_result/s01_inputs/s02_result.wl"
"PASS: ""unchanged actual convolution input common/s02_result/s02_result.wl"
"PASS: ""unchanged actual convolution input Hqqprime/s11_dimensional_result/s11_result.wl"
"PASS: ""unchanged actual convolution input common/s11_check_dimensional_convolution.wls"
"PASS: ""unchanged actual convolution input common/s11_result/reference/s11_small_collinear_spin_before_dimensional.wls"
"PASS: ""unchanged actual convolution input common/s11_result/reference/s11_collinear_spin_convolutions_before_dimensional.wls"
"PASS: ""unchanged actual convolution input Hqg/s11_result/reference/before_dimensional_completion/s11_result.wl"
"PASS: ""unchanged actual convolution input Hqg/s11_result/reference/s10_result.wl"
"PASS: ""unchanged actual convolution input Hqg/s11_result/reference/s10_collinear_subtraction.wl"
"PASS: ""accepted native intermediate transfer"
"PASS: ""unchanged native transition input common/s10_collinear_spin_kernels.wls"
"PASS: ""unchanged native transition input common/s10_result/s10_result.wl"
"PASS: ""unchanged native transition input Hgq/s10_gluon_transfer_result/s10_result.wl"
"PASS: ""unchanged native transition input common/s10_inputs.json"
"PASS: ""unchanged native transition input common/s10_result/reference/s08_result.wl"
"PASS: ""unchanged native transition input common/s10_result/reference/s08_collinear_subtraction.wl"
"PASS: ""unchanged native transition input common/s02_result/s02_result.wl"
"PASS: ""unchanged native transition input Hqq/s01_result/reference/s01_result/s01_inputs/s02_result.wl"
"PASS: ""unique own intermediate gluon route"
"PASS: ""same physical Born response"
"PASS: ""extra Born component vanishes in physical dimension"
"PASS: ""native outgoing transfer derived from parent Gram dual"
"PASS: ""native dimensional average from parent projector norm"
"PASS: ""same accepted incoming-gluon average convention"
"PASS: ""all CDR physical limits equal accepted spin kernels"
"PASS: ""complete CDR unpolarized kernel"
"PASS: ""CDR regulator remainder has zero physical limit"
"PASS: ""CDR scheme subtraction preserves unpolarized kernel"
"PASS: ""exact MS scheme operator reconstruction"
"PASS: ""CDR finite conversion has no soft endpoint"
"NATIVE_CDR_SPIN_KERNEL "InputForm[{{(-4*SUNN*(1 - z + z^2)^2)/((-1 + z)*z), 0, 0, 0}, {0, (-4*SUNN*z)/(-1 + z), 0, 0}, {0, 0, (-4*SUNN*z)/(-1 + z), 0}, {0, 0, 0, (-4*SUNN*(4 - 10*z + D*z + 4*z^2))/((-2 + D)*(-1 + z))}}]
"NATIVE_CDR_REGULATOR_REMAINDER "InputForm[{{0, 0, 0, 0}, {0, 0, 0, 0}, {0, 0, 0, 0}, {0, 0, 0, (8*(-4 + D)*SUNN*(-1 + z))/(-2 + D)}}]
"PASS: ""exact dimensional kernel decomposition"
"PASS: ""unchanged leading physical kernel"
"PASS: ""dimensional kernel difference has no soft endpoint"
"PASS: ""dimensional unpolarized MS kernel has no regulator term"
"DIMENSIONAL_OPERATOR_CONVOLUTION "1" "1" "1
"DIMENSIONAL_OPERATOR_CONVOLUTION "1" "1" "2
"DIMENSIONAL_OPERATOR_CONVOLUTION "1" "1" "3
"DIMENSIONAL_OPERATOR_CONVOLUTION "1" "1" "4
"DIMENSIONAL_OPERATOR_CONVOLUTION "1" "2" "1
"DIMENSIONAL_OPERATOR_CONVOLUTION "1" "2" "2
"DIMENSIONAL_OPERATOR_CONVOLUTION "1" "2" "3
"DIMENSIONAL_OPERATOR_CONVOLUTION "1" "2" "4
"DIMENSIONAL_OPERATOR_CONVOLUTION "1" "3" "1
"DIMENSIONAL_OPERATOR_CONVOLUTION "1" "3" "2
"DIMENSIONAL_OPERATOR_CONVOLUTION "1" "3" "3
"DIMENSIONAL_OPERATOR_CONVOLUTION "1" "3" "4
"DIMENSIONAL_OPERATOR_CONVOLUTION "1" "4" "1
"DIMENSIONAL_OPERATOR_CONVOLUTION "1" "4" "2
"DIMENSIONAL_OPERATOR_CONVOLUTION "1" "4" "3
"DIMENSIONAL_OPERATOR_CONVOLUTION "1" "4" "4
"DIMENSIONAL_OPERATOR_CONVOLUTION "2" "1" "1
"DIMENSIONAL_OPERATOR_CONVOLUTION "2" "1" "2
"DIMENSIONAL_OPERATOR_CONVOLUTION "2" "1" "3
"DIMENSIONAL_OPERATOR_CONVOLUTION "2" "1" "4
"DIMENSIONAL_OPERATOR_CONVOLUTION "2" "2" "1
"DIMENSIONAL_OPERATOR_CONVOLUTION "2" "2" "2
"DIMENSIONAL_OPERATOR_CONVOLUTION "2" "2" "3
"DIMENSIONAL_OPERATOR_CONVOLUTION "2" "2" "4
"DIMENSIONAL_OPERATOR_CONVOLUTION "2" "3" "1
"DIMENSIONAL_OPERATOR_CONVOLUTION "2" "3" "2
"DIMENSIONAL_OPERATOR_CONVOLUTION "2" "3" "3
"DIMENSIONAL_OPERATOR_CONVOLUTION "2" "3" "4
"DIMENSIONAL_OPERATOR_CONVOLUTION "2" "4" "1
"DIMENSIONAL_OPERATOR_CONVOLUTION "2" "4" "2
"DIMENSIONAL_OPERATOR_CONVOLUTION "2" "4" "3
"DIMENSIONAL_OPERATOR_CONVOLUTION "2" "4" "4
"DIMENSIONAL_OPERATOR_CONVOLUTION "3" "1" "1
"DIMENSIONAL_OPERATOR_CONVOLUTION "3" "1" "2
"DIMENSIONAL_OPERATOR_CONVOLUTION "3" "1" "3
"DIMENSIONAL_OPERATOR_CONVOLUTION "3" "1" "4
"DIMENSIONAL_OPERATOR_CONVOLUTION "3" "2" "1
"DIMENSIONAL_OPERATOR_CONVOLUTION "3" "2" "2
"DIMENSIONAL_OPERATOR_CONVOLUTION "3" "2" "3
"DIMENSIONAL_OPERATOR_CONVOLUTION "3" "2" "4
"DIMENSIONAL_OPERATOR_CONVOLUTION "3" "3" "1
"DIMENSIONAL_OPERATOR_CONVOLUTION "3" "3" "2
"DIMENSIONAL_OPERATOR_CONVOLUTION "3" "3" "3
"DIMENSIONAL_OPERATOR_CONVOLUTION "3" "3" "4
"DIMENSIONAL_OPERATOR_CONVOLUTION "3" "4" "1
"DIMENSIONAL_OPERATOR_CONVOLUTION "3" "4" "2
"DIMENSIONAL_OPERATOR_CONVOLUTION "3" "4" "3
"DIMENSIONAL_OPERATOR_CONVOLUTION "3" "4" "4
"DIMENSIONAL_OPERATOR_CONVOLUTION "4" "1" "1
"DIMENSIONAL_OPERATOR_CONVOLUTION "4" "1" "2
"DIMENSIONAL_OPERATOR_CONVOLUTION "4" "1" "3
"DIMENSIONAL_OPERATOR_CONVOLUTION "4" "1" "4
"DIMENSIONAL_OPERATOR_CONVOLUTION "4" "2" "1
"DIMENSIONAL_OPERATOR_CONVOLUTION "4" "2" "2
"DIMENSIONAL_OPERATOR_CONVOLUTION "4" "2" "3
"DIMENSIONAL_OPERATOR_CONVOLUTION "4" "2" "4
"DIMENSIONAL_OPERATOR_CONVOLUTION "4" "3" "1
"DIMENSIONAL_OPERATOR_CONVOLUTION "4" "3" "2
"DIMENSIONAL_OPERATOR_CONVOLUTION "4" "3" "3
"DIMENSIONAL_OPERATOR_CONVOLUTION "4" "3" "4
"DIMENSIONAL_OPERATOR_CONVOLUTION "4" "4" "1
"DIMENSIONAL_OPERATOR_CONVOLUTION "4" "4" "2
"DIMENSIONAL_OPERATOR_CONVOLUTION "4" "4" "3
"DIMENSIONAL_OPERATOR_CONVOLUTION "4" "4" "4
"DIMENSIONAL_OPERATOR_CONVOLUTION "5" "1" "1
"DIMENSIONAL_OPERATOR_CONVOLUTION "5" "1" "2
"DIMENSIONAL_OPERATOR_CONVOLUTION "5" "1" "3
"DIMENSIONAL_OPERATOR_CONVOLUTION "5" "1" "4
"DIMENSIONAL_OPERATOR_CONVOLUTION "5" "2" "1
"DIMENSIONAL_OPERATOR_CONVOLUTION "5" "2" "2
"DIMENSIONAL_OPERATOR_CONVOLUTION "5" "2" "3
"DIMENSIONAL_OPERATOR_CONVOLUTION "5" "2" "4
"DIMENSIONAL_OPERATOR_CONVOLUTION "5" "3" "1
"DIMENSIONAL_OPERATOR_CONVOLUTION "5" "3" "2
"DIMENSIONAL_OPERATOR_CONVOLUTION "5" "3" "3
"DIMENSIONAL_OPERATOR_CONVOLUTION "5" "3" "4
"DIMENSIONAL_OPERATOR_CONVOLUTION "5" "4" "1
"DIMENSIONAL_OPERATOR_CONVOLUTION "5" "4" "2
"DIMENSIONAL_OPERATOR_CONVOLUTION "5" "4" "3
"DIMENSIONAL_OPERATOR_CONVOLUTION "5" "4" "4
"DIMENSIONAL_OPERATOR_CONVOLUTION "6" "1" "1
"DIMENSIONAL_OPERATOR_CONVOLUTION "6" "1" "2
"DIMENSIONAL_OPERATOR_CONVOLUTION "6" "1" "3
"DIMENSIONAL_OPERATOR_CONVOLUTION "6" "1" "4
"DIMENSIONAL_OPERATOR_CONVOLUTION "6" "2" "1
"DIMENSIONAL_OPERATOR_CONVOLUTION "6" "2" "2
"DIMENSIONAL_OPERATOR_CONVOLUTION "6" "2" "3
"DIMENSIONAL_OPERATOR_CONVOLUTION "6" "2" "4
"DIMENSIONAL_OPERATOR_CONVOLUTION "6" "3" "1
"DIMENSIONAL_OPERATOR_CONVOLUTION "6" "3" "2
"DIMENSIONAL_OPERATOR_CONVOLUTION "6" "3" "3
"DIMENSIONAL_OPERATOR_CONVOLUTION "6" "3" "4
"DIMENSIONAL_OPERATOR_CONVOLUTION "6" "4" "1
"DIMENSIONAL_OPERATOR_CONVOLUTION "6" "4" "2
"DIMENSIONAL_OPERATOR_CONVOLUTION "6" "4" "3
"DIMENSIONAL_OPERATOR_CONVOLUTION "6" "4" "4
"DIMENSIONAL_OPERATOR_CONVOLUTION "7" "1" "1
"DIMENSIONAL_OPERATOR_CONVOLUTION "7" "1" "2
"DIMENSIONAL_OPERATOR_CONVOLUTION "7" "1" "3
"DIMENSIONAL_OPERATOR_CONVOLUTION "7" "1" "4
"DIMENSIONAL_OPERATOR_CONVOLUTION "7" "2" "1
"DIMENSIONAL_OPERATOR_CONVOLUTION "7" "2" "2
"DIMENSIONAL_OPERATOR_CONVOLUTION "7" "2" "3
"DIMENSIONAL_OPERATOR_CONVOLUTION "7" "2" "4
"DIMENSIONAL_OPERATOR_CONVOLUTION "7" "3" "1
"DIMENSIONAL_OPERATOR_CONVOLUTION "7" "3" "2
"DIMENSIONAL_OPERATOR_CONVOLUTION "7" "3" "3
"DIMENSIONAL_OPERATOR_CONVOLUTION "7" "3" "4
"DIMENSIONAL_OPERATOR_CONVOLUTION "7" "4" "1
"DIMENSIONAL_OPERATOR_CONVOLUTION "7" "4" "2
"DIMENSIONAL_OPERATOR_CONVOLUTION "7" "4" "3
"DIMENSIONAL_OPERATOR_CONVOLUTION "7" "4" "4
"DIMENSIONAL_OPERATOR_CONVOLUTION "8" "1" "1
"DIMENSIONAL_OPERATOR_CONVOLUTION "8" "1" "2
"DIMENSIONAL_OPERATOR_CONVOLUTION "8" "1" "3
"DIMENSIONAL_OPERATOR_CONVOLUTION "8" "1" "4
"DIMENSIONAL_OPERATOR_CONVOLUTION "8" "2" "1
"DIMENSIONAL_OPERATOR_CONVOLUTION "8" "2" "2
"DIMENSIONAL_OPERATOR_CONVOLUTION "8" "2" "3
"DIMENSIONAL_OPERATOR_CONVOLUTION "8" "2" "4
"DIMENSIONAL_OPERATOR_CONVOLUTION "8" "3" "1
"DIMENSIONAL_OPERATOR_CONVOLUTION "8" "3" "2
"DIMENSIONAL_OPERATOR_CONVOLUTION "8" "3" "3
"DIMENSIONAL_OPERATOR_CONVOLUTION "8" "3" "4
"DIMENSIONAL_OPERATOR_CONVOLUTION "8" "4" "1
"DIMENSIONAL_OPERATOR_CONVOLUTION "8" "4" "2
"DIMENSIONAL_OPERATOR_CONVOLUTION "8" "4" "3
"DIMENSIONAL_OPERATOR_CONVOLUTION "8" "4" "4
"DIMENSIONAL_OPERATOR_CONVOLUTION "9" "1" "1
"DIMENSIONAL_OPERATOR_CONVOLUTION "9" "1" "2
"DIMENSIONAL_OPERATOR_CONVOLUTION "9" "1" "3
"DIMENSIONAL_OPERATOR_CONVOLUTION "9" "1" "4
"DIMENSIONAL_OPERATOR_CONVOLUTION "9" "2" "1
"DIMENSIONAL_OPERATOR_CONVOLUTION "9" "2" "2
"DIMENSIONAL_OPERATOR_CONVOLUTION "9" "2" "3
"DIMENSIONAL_OPERATOR_CONVOLUTION "9" "2" "4
"DIMENSIONAL_OPERATOR_CONVOLUTION "9" "3" "1
"DIMENSIONAL_OPERATOR_CONVOLUTION "9" "3" "2
"DIMENSIONAL_OPERATOR_CONVOLUTION "9" "3" "3
"DIMENSIONAL_OPERATOR_CONVOLUTION "9" "3" "4
"DIMENSIONAL_OPERATOR_CONVOLUTION "9" "4" "1
"DIMENSIONAL_OPERATOR_CONVOLUTION "9" "4" "2
"DIMENSIONAL_OPERATOR_CONVOLUTION "9" "4" "3
"DIMENSIONAL_OPERATOR_CONVOLUTION "9" "4" "4
"PASS: ""evaluated additional convolutions"
"PASS: ""native zero endpoint contributions"
"PASS: ""only the computed native route added"
