"PASS: ""authorized local assembly"
"PASS: ""complete source syntax"
"PASS: ""pinned GitHub real assembly"
"PASS: ""accepted real scalar map"
"PASS: ""complete real reduction coverage"
"PASS: ""accepted unchanged scalar library"
"PASS: ""s08 unchanged scalar input"
"PASS: ""s10 unchanged scalar input"
"PASS: ""s15 unchanged scalar input"
"PASS: ""accepted cut values and regions"
"PASS: ""region input identity s08_result.wl"
"PASS: ""region input identity s10_result.wl"
"PASS: ""recorded scalar coordinate conversion"
"PASS: ""every required master has its unchanged value"
"PASS: ""regulated endpoint integral evaluated"
"PASS: ""actual local master-coefficient runtime"
"PASS: ""accepted local master-coefficient receipt"
"PASS: ""complete real-assembly component interface"
"PASS: ""exact real-assembly consumer values retained"
"S12_INPUT_PROJECTION "InputForm[<|"OriginalComponentBytes" -> 1092116496, "ProjectedComponentBytes" -> 1083454464, "ComponentCount" -> 98, "Fields" -> {"Sector", "Kind", "Index", "ReducedCoefficients"}|>]
"PASS: ""memory-only source edit coverage"
"PASS: ""complete memory-only source reconstruction"
"PASS: ""complete previous calculation identity retained"
"FAIL: ""pinned accepted component cache"
