
file::shdw: Symbol file appears in multiple contexts {FeynCalc`, Global`}; definitions in context FeynCalc` may shadow or be shadowed by other definitions.
"PASS: ""compute allocation"
"PASS: ""isolated runtime"
"PASS: ""complete source syntax"
"PASS: ""known assembly channel"
"PASS: ""pinned original final assembly"
"PASS: ""required input common/s02_result/s02_result.wl"
"PASS: ""required input common/s06_result/s06_result.wl"
"PASS: ""accepted spin basis and scalar library"
"PASS: ""s02 pinned library geometry"
"PASS: ""s08 pinned library geometry"
"PASS: ""required input Hgq/s12_result/s12_result.wl"
"PASS: ""required input Hgq/s05_result/s05_result.wl"
"PASS: ""required input Hgq/s11_result/s11_result.wl"
"PASS: ""accepted integrated real tensor"
"PASS: ""accepted real tensor and subtraction"
"PASS: ""same physical spin and photon bases"
"PASS: ""matching explicit regulator scheme"
"PASS: ""pinned Hgq/s14_result/reference/phase_input.json"
"PASS: ""pinned Hgq/s01_result/reference/s01_result/s01_inputs/s02_result.wl"
"PASS: ""pinned Hgq/s14_result/reference/unpolarized_F1_hat.wl"
"PASS: ""pinned Hgq/s14_result/reference/unpolarized_F2_hat.wl"
"PASS: ""reference hat symbols match inherited conventions"
"PASS: ""original projectors fully resolved"
"PASS: ""linear original scalar projectors"
"PASS: ""incoming vector reconstructed in photon frame"
"PASS: ""original hat weights are independent of recoil and branch"
"PASS: ""required input Hgq/s13_result/s13_result.wl"
"PASS: ""required input Hgq/s03_result/s03_result.wl"
"PASS: ""accepted renormalized virtual and Born tensors"
"PASS: ""core counterterm normalization"
"PASS: ""pinned Hgq/s14_result/reference/unpolarized_definitions.wl"
"PASS: ""original core phase normalization"
"PASS: ""no mixed color symbol contexts"
"PASS: ""unique integrated physical components"
"PASS: ""accepted reference phase implementation"
"PASS: ""accepted own pole-refinement execution"
"PASS: ""accepted saved and original input-sum poles"
"PASS: ""own exact pole-refinement inputs"
"PASS: ""reviewed pole-refinement source"
"PASS: ""unchanged exact branch conditions"
"PASS: ""unchanged original finite extraction and zero predicate"
"PASS: ""accepted own complete root-normalization controls"
"PASS: ""exact certified root normalization installed"
"PASS: ""exact original assembly fallback restored"
"PASS: ""exact executed factor-certificate definitions installed"
"PASS: ""one original finite pole predicate"
"PASS: ""exact reconstruction of original finite extraction"
"PASS: ""original finite calls available for checkpoint deferral"
"PASS: ""integer finite Laurent support"
"PASS: ""complete Laurent polynomial"
"PASS: ""regulator-independent Laurent coefficients"
"PASS: ""exact Laurent polynomial reconstruction"
"PASS: ""phase kernel has no truncated input series"
"PASS: ""reference phase product evaluated"
"PASS: ""own phase Laurent monomial equals original series {-2, 0}"
"PASS: ""own phase Laurent monomial equals original series {-1, 0}"
"PASS: ""own phase Laurent monomial equals original series {0, 0}"
"PASS: ""real endpoint branches share a boundary"
"PASS: ""finite physical component"
"PASS: ""accepted complete own checkpoint control"
"PASS: ""exact original assembler restoration"
"PASS: ""real endpoint branches share a boundary"
"PASS: ""finite physical component"
"PASS: ""deferred inputs preserve complete own accepted component"
"FINITE_CHECKPOINT_COMPARISON "InputForm[<|"Index" -> {1, 1, 1}, "OriginalSeconds" -> 15.352409, "DeferredSeconds" -> 2.413913, "ExactCompleteComponentComparison" -> True|>]
"PASS: ""unique original phase assembly execution"
"PASS: ""retained phase adapter syntax"
"PASS: ""unique original finite export"
"PASS: ""original finite assembly tail syntax"
"PASS: ""unique original reference-comparison boundaries"
"PASS: ""two original final-reference zero calls"
"PASS: ""exact original comparison restoration"
"PASS: ""bound own accepted reference-reduction control"
"PASS: ""own reference-reduction control schema"
"REFERENCE_PRECOLLECT_BEGIN "InputForm[{"own accepted finite control", {{1, 1, 1}, 1, "Regular"}}]" bytes "14372016" functions "15
"PASS: ""exact reference regrouping {\"own accepted finite control\", {{1, 1, 1}, 1, \"Regular\"}}"
"REFERENCE_PRECOLLECT "InputForm[{"own accepted finite control", {{1, 1, 1}, 1, "Regular"}}]" "InputForm[<|"InputBytes" -> 14372016, "PreparedBytes" -> 463776, "Seconds" -> 5.165625, "Functions" -> {Log[mu], Log[2*Pi], Log[4*Pi], Log[Pi], Log[Q], Log[Q^2/(omega + Q^2)], Log[Pi*(omega + Q^2)], Log[-((omega + Q^2)/(omega*s - s^2))], Log[(1 - Sqrt[1 - (4*Q^2*(omega + Q^2 - s23))/(omega + 2*Q^2)^2])/(1 + Sqrt[1 - (4*Q^2*(omega + Q^2 - s23))/(omega + 2*Q^2)^2])], Log[s23], Log[((s - s23)*(-omega + s + s23))/((omega + Q^2 - s23)*s23)], Log[-(((s - s23)*(-omega + s + s23))/((omega - s)*s + Q^2*s23))], Log[((omega + 2*Q^2)^2*(omega - s - s23)^2*(1 - Sqrt[((omega - s)^2 + 2*(omega - s)*s + s^2 + 4*Q^2*s23)/(omega + 2*Q^2)^2])*(1 + Sqrt[((omega - s)^2 + 2*(omega - s)*s + s^2 + 4*Q^2*s23)/(omega + 2*Q^2)^2]))/(4*(omega - s)^2*(omega + Q^2 - s23)^2)], Log[((omega + 2*Q^2)^2*(s - s23)^2*(1 - Sqrt[((omega - s)^2 + 2*(omega - s)*s + s^2 + 4*Q^2*s23)/(omega + 2*Q^2)^2])*(1 + Sqrt[((omega - s)^2 + 2*(omega - s)*s + s^2 + 4*Q^2*s23)/(omega + 2*Q^2)^2]))/(4*s^2*(omega + Q^2 - s23)^2)], Log[((omega + 2*Q^2)^2*(omega - s - s23)^2*(1 - Sqrt[((omega - s)^2 + 2*(omega - s)*s + s^2 + 4*Q^2*s23)/(omega + 2*Q^2)^2])*(1 + Sqrt[((omega - s)^2 + 2*(omega - s)*s + s^2 + 4*Q^2*s23)/(omega + 2*Q^2)^2]))/(4*(Q^2*(omega - s) - 2*Q^2*s23 - s*s23)^2)]}, "ExactReconstruction" -> True|>]
"PASS: ""own accepted finite output preserved by precollection"
"PASS: ""unique phase-adapted final export"
"PASS: ""complete refined finite assembly syntax"
"PASS: ""own finite-update channel"
"PASS: ""real endpoint branches share a boundary"
"PASS: ""finite physical component"
"PASS: ""own accepted assembly control retained"
"PASS: ""accepted finite MS subtraction execution"
"PASS: ""complete native subtraction comparison"
"PASS: ""same physical subtraction basis"
"PASS: ""actual full-spin counterterm difference is finite"
"PASS: ""exact subtraction difference from native comparison"
"PASS: ""required own accepted finite checkpoint"
"PASS: ""bound own finite checkpoint"
"PASS: ""finite updated physical component"
"PASS: ""own accepted complete output comparison"
"PASS: ""a changed physical component is available"
"DIRECT_FINITE_UPDATE_CONTROL "InputForm[{1, 1, 1}]
"PASS: ""real endpoint branches share a boundary"
"PASS: ""finite physical component"
"PASS: ""direct updated assembly control accepted"
"PASS: ""required own accepted finite checkpoint"
"PASS: ""bound own finite checkpoint"
"PASS: ""finite updated physical component"
"PASS: ""updated complete component equals direct assembly"
"FINITE_UPDATE_COMPARISON "InputForm[<|"Index" -> {1, 1, 1}, "DirectSeconds" -> 2.722775, "ReuseSeconds" -> 1.886296, "OwnAcceptedOutputComparison" -> True, "DirectUpdatedComponentComparison" -> True, "FiniteCountertermDifference" -> True|>]
"PASS: ""unique original final finite export"
"PASS: ""complete updated finite assembly syntax"
"PASS: ""accepted comparison input Hgq/s11_resolved_gluon_result/s11_result.wl"
"PASS: ""accepted comparison input Hgq/s14_reference_residual_result/s14_result.wl"
"PASS: ""accepted comparison input Hgq/s14_reference_terms_result/s14_result.wl"
"PASS: ""same executed reference reducer"
"PASS: ""same complete reference calculation"
"PASS: ""unchanged reference equation input common/s11_collinear_spin_convolutions.wls"
"PASS: ""unchanged reference equation input Hgq/s11_result/reference/before_resolved_gluon/s11_result.wl"
"PASS: ""unchanged reference equation input Hgq/s11_result/reference/before_dimensional_completion/s11_result.wl"
"PASS: ""unchanged reference equation input common/s11_result/reference/s11_collinear_spin_convolutions_before_dimensional.wls"
"PASS: ""unchanged reference equation input Hgq/s10_dimensional_gluon_result/s10_result.wl"
"PASS: ""unchanged reference equation input Hgq/s10_dimensional_gluon_result/s10_execution.json"
"PASS: ""unchanged reference equation input common/s10_dimensional_gluon_transfer.wls"
"PASS: ""unchanged reference equation input common/s02_result/s02_result.wl"
"PASS: ""unchanged reference equation input Hgq/s11_resolved_gluon_result/s11_result.wl"
"PASS: ""unchanged reference equation input Hgq/s11_resolved_gluon_result/s11_execution.json"
"PASS: ""unchanged reference equation input common/s11_check_Hgq_resolved_gluon.wls"
"PASS: ""unchanged reference equation input Hgq/s14_reference_residual_result/s14_result.wl"
"PASS: ""unchanged reference equation input Hgq/s14_reference_terms_result/s14_result.wl"
"PASS: ""unchanged reference equation input common/s14_assemble_finite_spin.wls"
"PASS: ""unchanged reference equation input common/s14_inputs.json"
"PASS: ""unchanged reference equation input Hgq/s14_result/reference/unpolarized_F1_hat.wl"
"PASS: ""unchanged reference equation input Hgq/s14_result/reference/unpolarized_F2_hat.wl"
"PASS: ""unchanged reference equation input common/s11_inputs.json"
"PASS: ""unchanged reference equation input common/s01_inputs.json"
"PASS: ""unchanged reference equation input common/s10_result/s10_result.wl"
"PASS: ""unchanged reference equation input Hgq/s03_result/s03_result.wl"
"PASS: ""unchanged reference equation input Hgq/s01_result/reference/s01_result/s01_inputs/s01_result.wl"
"PASS: ""unchanged reference equation input Hqg/s03_result/s03_result.wl"
"PASS: ""unchanged reference equation input Hqg/s01_result/reference/s01_result/s01_inputs/s04_result.wl"
"PASS: ""unchanged reference equation input Hqq/s03_result/s03_result.wl"
"PASS: ""unchanged reference equation input Hqq/s01_result/reference/s01_result/s01_inputs/s01_result.wl"
"PASS: ""unchanged reference equation input Hqq/s01_result/reference/s01_result/s01_inputs/s02_result.wl"
"PASS: ""unchanged reference equation input Hqqprime/s11_dimensional_result/s11_result.wl"
"PASS: ""unchanged reference equation input common/s11_check_dimensional_convolution.wls"
"PASS: ""unchanged reference equation input common/s11_result/reference/s11_small_collinear_spin_before_dimensional.wls"
"PASS: ""unchanged reference equation input Hgq/s11_result/reference/s08_result.wl"
"PASS: ""unchanged reference equation input Hgq/s11_result/reference/s08_collinear_subtraction.wl"
"PASS: ""same actual finite scheme change"
"PASS: ""same complete final reference interface"
"PASS: ""complete original assembly preserved"
"PASS: ""unique final certified export"
"PASS: ""complete certified assembly syntax"
"PASS: ""required own accepted finite checkpoint"
"PASS: ""bound own finite checkpoint"
"PASS: ""finite updated physical component"
"PASS: ""required own accepted finite checkpoint"
"PASS: ""bound own finite checkpoint"
"PASS: ""finite updated physical component"
"PASS: ""required own accepted finite checkpoint"
"PASS: ""bound own finite checkpoint"
"PASS: ""finite updated physical component"
"PASS: ""required own accepted finite checkpoint"
"PASS: ""bound own finite checkpoint"
"PASS: ""finite updated physical component"
"PASS: ""required own accepted finite checkpoint"
"PASS: ""bound own finite checkpoint"
"PASS: ""finite updated physical component"
"PASS: ""required own accepted finite checkpoint"
"PASS: ""bound own finite checkpoint"
"PASS: ""finite updated physical component"
"PASS: ""required own accepted finite checkpoint"
"PASS: ""bound own finite checkpoint"
"PASS: ""finite updated physical component"
"PASS: ""required own accepted finite checkpoint"
"PASS: ""bound own finite checkpoint"
"PASS: ""finite updated physical component"
"PASS: ""required own accepted finite checkpoint"
"PASS: ""bound own finite checkpoint"
"PASS: ""finite updated physical component"
"PASS: ""required own accepted finite checkpoint"
"PASS: ""bound own finite checkpoint"
"PASS: ""finite updated physical component"
"PASS: ""required own accepted finite checkpoint"
"PASS: ""bound own finite checkpoint"
"PASS: ""finite updated physical component"
"PASS: ""required own accepted finite checkpoint"
"PASS: ""bound own finite checkpoint"
"PASS: ""finite updated physical component"
"PASS: ""required own accepted finite checkpoint"
"PASS: ""bound own finite checkpoint"
"PASS: ""finite updated physical component"
"PASS: ""required own accepted finite checkpoint"
"PASS: ""bound own finite checkpoint"
"PASS: ""finite updated physical component"
"PASS: ""required own accepted finite checkpoint"
"PASS: ""bound own finite checkpoint"
"PASS: ""finite updated physical component"
"PASS: ""required own accepted finite checkpoint"
"PASS: ""bound own finite checkpoint"
"PASS: ""finite updated physical component"
"PASS: ""required own accepted finite checkpoint"
"PASS: ""bound own finite checkpoint"
"PASS: ""finite updated physical component"
"PASS: ""required own accepted finite checkpoint"
"PASS: ""bound own finite checkpoint"
"PASS: ""finite updated physical component"
"PASS: ""required own accepted finite checkpoint"
"PASS: ""bound own finite checkpoint"
"PASS: ""finite updated physical component"
"PASS: ""required own accepted finite checkpoint"
"PASS: ""bound own finite checkpoint"
"PASS: ""finite updated physical component"
"PASS: ""required own accepted finite checkpoint"
"PASS: ""bound own finite checkpoint"
"PASS: ""finite updated physical component"
"PASS: ""required own accepted finite checkpoint"
"PASS: ""bound own finite checkpoint"
"PASS: ""finite updated physical component"
"PASS: ""required own accepted finite checkpoint"
"PASS: ""bound own finite checkpoint"
"PASS: ""finite updated physical component"
"PASS: ""required own accepted finite checkpoint"
"PASS: ""bound own finite checkpoint"
"PASS: ""finite updated physical component"
"PASS: ""required own accepted finite checkpoint"
"PASS: ""bound own finite checkpoint"
"PASS: ""finite updated physical component"
"PASS: ""required own accepted finite checkpoint"
"PASS: ""bound own finite checkpoint"
"PASS: ""finite updated physical component"
"PASS: ""required own accepted finite checkpoint"
"PASS: ""bound own finite checkpoint"
"PASS: ""finite updated physical component"
"PASS: ""required own accepted finite checkpoint"
"PASS: ""bound own finite checkpoint"
"PASS: ""finite updated physical component"
"PASS: ""required own accepted finite checkpoint"
"PASS: ""bound own finite checkpoint"
"PASS: ""finite updated physical component"
"PASS: ""required own accepted finite checkpoint"
"PASS: ""bound own finite checkpoint"
"PASS: ""finite updated physical component"
"PASS: ""required own accepted finite checkpoint"
"PASS: ""bound own finite checkpoint"
"PASS: ""finite updated physical component"
"PASS: ""required own accepted finite checkpoint"
"PASS: ""bound own finite checkpoint"
"PASS: ""finite updated physical component"
"PASS: ""required own accepted finite checkpoint"
"PASS: ""bound own finite checkpoint"
"PASS: ""finite updated physical component"
"PASS: ""required own accepted finite checkpoint"
"PASS: ""bound own finite checkpoint"
"PASS: ""finite updated physical component"
"PASS: ""required own accepted finite checkpoint"
"PASS: ""bound own finite checkpoint"
"PASS: ""finite updated physical component"
"PASS: ""required own accepted finite checkpoint"
"PASS: ""bound own finite checkpoint"
"PASS: ""finite updated physical component"
"PASS: ""required own accepted finite checkpoint"
"PASS: ""bound own finite checkpoint"
"PASS: ""finite updated physical component"
"PASS: ""required own accepted finite checkpoint"
"PASS: ""bound own finite checkpoint"
"PASS: ""finite updated physical component"
"PASS: ""required own accepted finite checkpoint"
"PASS: ""bound own finite checkpoint"
"PASS: ""finite updated physical component"
"PASS: ""required own accepted finite checkpoint"
"PASS: ""bound own finite checkpoint"
"PASS: ""finite updated physical component"
"PASS: ""required own accepted finite checkpoint"
"PASS: ""bound own finite checkpoint"
"PASS: ""finite updated physical component"
"PASS: ""required own accepted finite checkpoint"
"PASS: ""bound own finite checkpoint"
"PASS: ""finite updated physical component"
"PASS: ""required own accepted finite checkpoint"
"PASS: ""bound own finite checkpoint"
"PASS: ""finite updated physical component"
"PASS: ""required own accepted finite checkpoint"
"PASS: ""bound own finite checkpoint"
"PASS: ""finite updated physical component"
"PASS: ""required own accepted finite checkpoint"
"PASS: ""bound own finite checkpoint"
"PASS: ""finite updated physical component"
"PASS: ""required own accepted finite checkpoint"
"PASS: ""bound own finite checkpoint"
"PASS: ""finite updated physical component"
"PASS: ""required own accepted finite checkpoint"
"PASS: ""bound own finite checkpoint"
"PASS: ""finite updated physical component"
"PASS: ""required own accepted finite checkpoint"
"PASS: ""bound own finite checkpoint"
"PASS: ""finite updated physical component"
"PASS: ""required own accepted finite checkpoint"
"PASS: ""bound own finite checkpoint"
"PASS: ""finite updated physical component"
"PASS: ""required own accepted finite checkpoint"
"PASS: ""bound own finite checkpoint"
"PASS: ""finite updated physical component"
"PASS: ""required own accepted finite checkpoint"
"PASS: ""bound own finite checkpoint"
"PASS: ""finite updated physical component"
"PASS: ""required own accepted finite checkpoint"
"PASS: ""bound own finite checkpoint"
"PASS: ""finite updated physical component"
"PASS: ""required own accepted finite checkpoint"
"PASS: ""bound own finite checkpoint"
"PASS: ""finite updated physical component"
"PASS: ""required own accepted finite checkpoint"
"PASS: ""bound own finite checkpoint"
"PASS: ""finite updated physical component"
"PASS: ""required own accepted finite checkpoint"
"PASS: ""bound own finite checkpoint"
"PASS: ""finite updated physical component"
"PASS: ""required own accepted finite checkpoint"
"PASS: ""bound own finite checkpoint"
"PASS: ""finite updated physical component"
"PASS: ""required own accepted finite checkpoint"
"PASS: ""bound own finite checkpoint"
"PASS: ""finite updated physical component"
"PASS: ""required own accepted finite checkpoint"
"PASS: ""bound own finite checkpoint"
"PASS: ""finite updated physical component"
"PASS: ""required own accepted finite checkpoint"
"PASS: ""bound own finite checkpoint"
"PASS: ""finite updated physical component"
"PASS: ""required own accepted finite checkpoint"
"PASS: ""bound own finite checkpoint"
"PASS: ""finite updated physical component"
"PASS: ""required own accepted finite checkpoint"
"PASS: ""bound own finite checkpoint"
"PASS: ""finite updated physical component"
"PASS: ""required own accepted finite checkpoint"
"PASS: ""bound own finite checkpoint"
"PASS: ""finite updated physical component"
"PASS: ""required own accepted finite checkpoint"
"PASS: ""bound own finite checkpoint"
"PASS: ""finite updated physical component"
"PASS: ""required own accepted finite checkpoint"
"PASS: ""bound own finite checkpoint"
"PASS: ""finite updated physical component"
"PASS: ""required own accepted finite checkpoint"
"PASS: ""bound own finite checkpoint"
"PASS: ""finite updated physical component"
"PASS: ""required own accepted finite checkpoint"
"PASS: ""bound own finite checkpoint"
"PASS: ""finite updated physical component"
"PASS: ""required own accepted finite checkpoint"
"PASS: ""bound own finite checkpoint"
"PASS: ""finite updated physical component"
"PASS: ""required own accepted finite checkpoint"
"PASS: ""bound own finite checkpoint"
"PASS: ""finite updated physical component"
"PASS: ""required own accepted finite checkpoint"
"PASS: ""bound own finite checkpoint"
"PASS: ""finite updated physical component"
"PASS: ""required own accepted finite checkpoint"
"PASS: ""bound own finite checkpoint"
"PASS: ""finite updated physical component"
"PASS: ""required own accepted finite checkpoint"
"PASS: ""bound own finite checkpoint"
"PASS: ""finite updated physical component"
"PASS: ""required own accepted finite checkpoint"
"PASS: ""bound own finite checkpoint"
"PASS: ""finite updated physical component"
"PASS: ""required own accepted finite checkpoint"
"PASS: ""bound own finite checkpoint"
"PASS: ""finite updated physical component"
"PASS: ""required own accepted finite checkpoint"
"PASS: ""bound own finite checkpoint"
"PASS: ""finite updated physical component"
"PASS: ""required own accepted finite checkpoint"
"PASS: ""bound own finite checkpoint"
"PASS: ""finite updated physical component"
"PASS: ""required own accepted finite checkpoint"
"PASS: ""bound own finite checkpoint"
"PASS: ""finite updated physical component"
"PASS: ""required own accepted finite checkpoint"
"PASS: ""bound own finite checkpoint"
"PASS: ""finite updated physical component"
"PASS: ""required own accepted finite checkpoint"
"PASS: ""bound own finite checkpoint"
"PASS: ""finite updated physical component"
"PASS: ""required own accepted finite checkpoint"
"PASS: ""bound own finite checkpoint"
"PASS: ""finite updated physical component"
"PASS: ""required own accepted finite checkpoint"
"PASS: ""bound own finite checkpoint"
"PASS: ""finite updated physical component"
"PASS: ""required own accepted finite checkpoint"
"PASS: ""bound own finite checkpoint"
"PASS: ""finite updated physical component"
"PASS: ""required own accepted finite checkpoint"
"PASS: ""bound own finite checkpoint"
"PASS: ""finite updated physical component"
"PASS: ""required own accepted finite checkpoint"
"PASS: ""bound own finite checkpoint"
"PASS: ""finite updated physical component"
"PASS: ""required own accepted finite checkpoint"
"PASS: ""bound own finite checkpoint"
"PASS: ""finite updated physical component"
"PASS: ""required own accepted finite checkpoint"
"PASS: ""bound own finite checkpoint"
"PASS: ""finite updated physical component"
"PASS: ""required own accepted finite checkpoint"
"PASS: ""bound own finite checkpoint"
"PASS: ""finite updated physical component"
"PASS: ""required own accepted finite checkpoint"
"PASS: ""bound own finite checkpoint"
"PASS: ""finite updated physical component"
"PASS: ""required own accepted finite checkpoint"
"PASS: ""bound own finite checkpoint"
"PASS: ""finite updated physical component"
"PASS: ""required own accepted finite checkpoint"
"PASS: ""bound own finite checkpoint"
"PASS: ""finite updated physical component"
"PASS: ""required own accepted finite checkpoint"
"PASS: ""bound own finite checkpoint"
"PASS: ""finite updated physical component"
"PASS: ""required own accepted finite checkpoint"
"PASS: ""bound own finite checkpoint"
"PASS: ""finite updated physical component"
"PASS: ""required own accepted finite checkpoint"
"PASS: ""bound own finite checkpoint"
"PASS: ""finite updated physical component"
"PASS: ""required own accepted finite checkpoint"
"PASS: ""bound own finite checkpoint"
"PASS: ""finite updated physical component"
"PASS: ""required own accepted finite checkpoint"
"PASS: ""bound own finite checkpoint"
"PASS: ""finite updated physical component"
"PASS: ""required own accepted finite checkpoint"
"PASS: ""bound own finite checkpoint"
"PASS: ""finite updated physical component"
"PASS: ""required own accepted finite checkpoint"
"PASS: ""bound own finite checkpoint"
"PASS: ""finite updated physical component"
"PASS: ""required own accepted finite checkpoint"
"PASS: ""bound own finite checkpoint"
"PASS: ""finite updated physical component"
"PASS: ""required own accepted finite checkpoint"
"PASS: ""bound own finite checkpoint"
"PASS: ""finite updated physical component"
"PASS: ""required own accepted finite checkpoint"
"PASS: ""bound own finite checkpoint"
"PASS: ""finite updated physical component"
"PASS: ""required own accepted finite checkpoint"
"PASS: ""bound own finite checkpoint"
"PASS: ""finite updated physical component"
"PASS: ""required own accepted finite checkpoint"
"PASS: ""bound own finite checkpoint"
"PASS: ""finite updated physical component"
"PASS: ""required own accepted finite checkpoint"
"PASS: ""bound own finite checkpoint"
"PASS: ""finite updated physical component"
"PASS: ""required own accepted finite checkpoint"
"PASS: ""bound own finite checkpoint"
"PASS: ""finite updated physical component"
"PASS: ""required own accepted finite checkpoint"
"PASS: ""bound own finite checkpoint"
"PASS: ""finite updated physical component"
"PASS: ""required own accepted finite checkpoint"
"PASS: ""bound own finite checkpoint"
"PASS: ""finite updated physical component"
"PASS: ""required own accepted finite checkpoint"
"PASS: ""bound own finite checkpoint"
"PASS: ""finite updated physical component"
"PASS: ""required own accepted finite checkpoint"
"PASS: ""bound own finite checkpoint"
"PASS: ""finite updated physical component"
"PASS: ""required own accepted finite checkpoint"
"PASS: ""bound own finite checkpoint"
"PASS: ""finite updated physical component"
"PASS: ""required own accepted finite checkpoint"
"PASS: ""bound own finite checkpoint"
"PASS: ""finite updated physical component"
"PASS: ""required own accepted finite checkpoint"
"PASS: ""bound own finite checkpoint"
"PASS: ""finite updated physical component"
"PASS: ""required own accepted finite checkpoint"
"PASS: ""bound own finite checkpoint"
"PASS: ""finite updated physical component"
"PASS: ""required own accepted finite checkpoint"
"PASS: ""bound own finite checkpoint"
"PASS: ""finite updated physical component"
"PASS: ""required own accepted finite checkpoint"
"PASS: ""bound own finite checkpoint"
"PASS: ""finite updated physical component"
"PASS: ""required own accepted finite checkpoint"
"PASS: ""bound own finite checkpoint"
"PASS: ""finite updated physical component"
"PASS: ""required own accepted finite checkpoint"
"PASS: ""bound own finite checkpoint"
"PASS: ""finite updated physical component"
"PASS: ""required own accepted finite checkpoint"
"PASS: ""bound own finite checkpoint"
"PASS: ""finite updated physical component"
"PASS: ""required own accepted finite checkpoint"
"PASS: ""bound own finite checkpoint"
"PASS: ""finite updated physical component"
"PASS: ""required own accepted finite checkpoint"
"PASS: ""bound own finite checkpoint"
"PASS: ""finite updated physical component"
"PASS: ""required own accepted finite checkpoint"
"PASS: ""bound own finite checkpoint"
"PASS: ""finite updated physical component"
"PASS: ""required own accepted finite checkpoint"
"PASS: ""bound own finite checkpoint"
"PASS: ""finite updated physical component"
"PASS: ""required own accepted finite checkpoint"
"PASS: ""bound own finite checkpoint"
"PASS: ""finite updated physical component"
"PASS: ""required own accepted finite checkpoint"
"PASS: ""bound own finite checkpoint"
"PASS: ""finite updated physical component"
"PASS: ""required own accepted finite checkpoint"
"PASS: ""bound own finite checkpoint"
"PASS: ""finite updated physical component"
"PASS: ""required own accepted finite checkpoint"
"PASS: ""bound own finite checkpoint"
"PASS: ""finite updated physical component"
"PASS: ""required own accepted finite checkpoint"
"PASS: ""bound own finite checkpoint"
"PASS: ""finite updated physical component"
"PASS: ""required own accepted finite checkpoint"
"PASS: ""bound own finite checkpoint"
"PASS: ""finite updated physical component"
"PASS: ""required own accepted finite checkpoint"
"PASS: ""bound own finite checkpoint"
"PASS: ""finite updated physical component"
"PASS: ""required own accepted finite checkpoint"
"PASS: ""bound own finite checkpoint"
"PASS: ""finite updated physical component"
"PASS: ""required own accepted finite checkpoint"
"PASS: ""bound own finite checkpoint"
"PASS: ""finite updated physical component"
"PASS: ""required own accepted finite checkpoint"
"PASS: ""bound own finite checkpoint"
"PASS: ""finite updated physical component"
"PASS: ""required own accepted finite checkpoint"
"PASS: ""bound own finite checkpoint"
"PASS: ""finite updated physical component"
"PASS: ""required own accepted finite checkpoint"
"PASS: ""bound own finite checkpoint"
"PASS: ""finite updated physical component"
"PASS: ""required own accepted finite checkpoint"
"PASS: ""bound own finite checkpoint"
"PASS: ""finite updated physical component"
"PASS: ""required own accepted finite checkpoint"
"PASS: ""bound own finite checkpoint"
"PASS: ""finite updated physical component"
"PASS: ""required own accepted finite checkpoint"
"PASS: ""bound own finite checkpoint"
"PASS: ""finite updated physical component"
"PASS: ""required own accepted finite checkpoint"
"PASS: ""bound own finite checkpoint"
"PASS: ""finite updated physical component"
"PASS: ""required own accepted finite checkpoint"
"PASS: ""bound own finite checkpoint"
"PASS: ""finite updated physical component"
"PASS: ""required own accepted finite checkpoint"
"PASS: ""bound own finite checkpoint"
"PASS: ""finite updated physical component"
"PASS: ""required own accepted finite checkpoint"
"PASS: ""bound own finite checkpoint"
"PASS: ""finite updated physical component"
"PASS: ""required own accepted finite checkpoint"
"PASS: ""bound own finite checkpoint"
"PASS: ""finite updated physical component"
"PASS: ""required own accepted finite checkpoint"
"PASS: ""bound own finite checkpoint"
"PASS: ""finite updated physical component"
"PASS: ""required own accepted finite checkpoint"
"PASS: ""bound own finite checkpoint"
"PASS: ""finite updated physical component"
"PASS: ""required own accepted finite checkpoint"
"PASS: ""bound own finite checkpoint"
"PASS: ""finite updated physical component"
"PASS: ""required own accepted finite checkpoint"
"PASS: ""bound own finite checkpoint"
"PASS: ""finite updated physical component"
"PASS: ""all physical components finite"
"PASS: ""all component checks accepted"
"PASS: ""finite original hat projections"
"FINITE_STORAGE_BEFORE_SHARING "1938799264
"FINITE_STORAGE_SHARING "InputForm[<|"BeforeBytes" -> 1938799264, "AfterBytes" -> 1931655816, "ShareRecoveredBytes" -> 7143496, "Seconds" -> 1.377413|>]
"REFERENCE_PRECOLLECT_BEGIN "InputForm[{"F1", sign, distribution}]" bytes "6032" functions "0
"PASS: ""exact reference regrouping {\"F1\", sign, distribution}"
"REFERENCE_PRECOLLECT "InputForm[{"F1", sign, distribution}]" "InputForm[<|"InputBytes" -> 6032, "PreparedBytes" -> 16, "Seconds" -> 0.002187, "Functions" -> {}, "ExactReconstruction" -> True|>]
"PASS: ""F1 original unpolarized Born hat"
"REFERENCE_PRECOLLECT_BEGIN "InputForm[{"F1", 1, "Delta"}]" bytes "3782576" functions "33
"PASS: ""exact reference regrouping {\"F1\", 1, \"Delta\"}"
"REFERENCE_PRECOLLECT "InputForm[{"F1", 1, "Delta"}]" "InputForm[<|"InputBytes" -> 3782576, "PreparedBytes" -> 474432, "Seconds" -> 2.706527, "Functions" -> {Log[mu], Log[Pi], Log[2*Pi], Log[4*Pi], Log[Q], Log[omega + Q^2], Log[-(B/(omega - s))], Log[-((omega - s)/(omega + Q^2))], Log[(omega - s)^2], Log[B/s], Log[-((omega - s)/s)], Log[s], Log[s/(omega + Q^2)], Log[B], Log[Q^2/(omega + Q^2)], Log[Pi*(omega + Q^2)], Log[-((omega + Q^2)/(omega*s - s^2))], PolyLog[2, omega/(omega + Q^2)], Log[Pi*Q], PolyLog[2, -(omega/Q^2)], PolyLog[2, (omega + Q^2 - s)/Q^2], PolyLog[2, (Q^2 + s)/Q^2], Re[PolyLog[2, (Q^2 + s)/Q^2]], PolyLog[2, (Q^2 + s)/s], Re[PolyLog[2, (Q^2 + s)/s]], Log[Q^2], Log[-((omega - s)/Q^2)], Log[Q^2/s], Log[s/Q^2], Log[(Pi*(omega + Q^2))/Q^2], ArcTanh[omega/(omega + 2*Q^2)], Log[Q^2/(Pi^2*(omega + Q^2))], Log[(omega + Q^2)/Q^2]}, "ExactReconstruction" -> True|>]
"PASS: ""same current reference domain"
"PASS: ""exact accepted reference row"
"PASS: ""same coefficient used by executed reference reduction"
"PASS: ""same accepted finite coefficient"
"PASS: ""actual assembled coefficient reconstructed exactly"
"PASS: ""native projection update identity"
"PASS: ""executed residual plus actual update matches"
"PASS: ""own complete accepted reference output comparison"
"PASS: ""F1 original unpolarized finite hat {1, \"Delta\"}"
"REFERENCE_PRECOLLECT_BEGIN "InputForm[{"F1", 1, "L0"}]" bytes "376872" functions "10
"PASS: ""exact reference regrouping {\"F1\", 1, \"L0\"}"
"REFERENCE_PRECOLLECT "InputForm[{"F1", 1, "L0"}]" "InputForm[<|"InputBytes" -> 376872, "PreparedBytes" -> 15632, "Seconds" -> 0.347806, "Functions" -> {Log[mu], Log[2*Pi], Log[4*Pi], Log[B], Log[Pi], Log[Q], Log[Q^2/(omega + Q^2)], Log[Pi*(omega + Q^2)], Log[-((omega + Q^2)/(omega*s - s^2))], Log[(Pi*(omega + Q^2))/Q^2]}, "ExactReconstruction" -> True|>]
"PASS: ""F1 original unpolarized finite hat {1, \"L0\"}"
"REFERENCE_PRECOLLECT_BEGIN "InputForm[{"F1", 1, "L1"}]" bytes "29640" functions "0
"PASS: ""exact reference regrouping {\"F1\", 1, \"L1\"}"
"REFERENCE_PRECOLLECT "InputForm[{"F1", 1, "L1"}]" "InputForm[<|"InputBytes" -> 29640, "PreparedBytes" -> 16, "Seconds" -> 0.00607, "Functions" -> {}, "ExactReconstruction" -> True|>]
"PASS: ""F1 original unpolarized finite hat {1, \"L1\"}"
"PASS: ""own direct reference comparison passed"
"PASS: ""F1 original unpolarized finite hat {1, \"Regular\"}"
"REFERENCE_PRECOLLECT_BEGIN "InputForm[{"F1", -1, "Delta"}]" bytes "3977320" functions "32
"PASS: ""exact reference regrouping {\"F1\", -1, \"Delta\"}"
"REFERENCE_PRECOLLECT "InputForm[{"F1", -1, "Delta"}]" "InputForm[<|"InputBytes" -> 3977320, "PreparedBytes" -> 492920, "Seconds" -> 2.817538, "Functions" -> {Log[mu], Log[Pi], Log[2*Pi], Log[4*Pi], Log[Q], Log[-omega + Q^2], Log[-(B/(-omega - s))], Log[-((-omega - s)/(-omega + Q^2))], Log[(-omega - s)^2], Log[B/s], Log[-((-omega - s)/s)], Log[s], Log[s/(-omega + Q^2)], Log[B], Log[Q^2/(-omega + Q^2)], Log[Pi*(-omega + Q^2)], Log[-((s*(omega + s))/(omega - Q^2))], Log[Pi - (omega*Pi)/Q^2], ArcTanh[omega/(omega - 2*Q^2)], PolyLog[2, -(omega/(-omega + Q^2))], PolyLog[2, (-omega + Q^2 - s)/Q^2], PolyLog[2, (Q^2 + s)/Q^2], Re[PolyLog[2, (Q^2 + s)/Q^2]], PolyLog[2, (Q^2 + s)/s], Re[PolyLog[2, (Q^2 + s)/s]], Log[Q^2], Log[-((-omega - s)/Q^2)], Log[Q^2/s], Log[s/Q^2], Log[1 - omega/Q^2], Log[-(Q^2/(omega - Q^2))], Log[Q^2/(Pi^2*(-omega + Q^2))]}, "ExactReconstruction" -> True|>]
"PASS: ""F1 original unpolarized finite hat {-1, \"Delta\"}"
"REFERENCE_PRECOLLECT_BEGIN "InputForm[{"F1", -1, "L0"}]" bytes "385728" functions "11
"PASS: ""exact reference regrouping {\"F1\", -1, \"L0\"}"
"REFERENCE_PRECOLLECT "InputForm[{"F1", -1, "L0"}]" "InputForm[<|"InputBytes" -> 385728, "PreparedBytes" -> 26376, "Seconds" -> 0.314938, "Functions" -> {Log[mu], Log[2*Pi], Log[4*Pi], Log[B], Log[Pi], Log[Q], Log[Q^2/(-omega + Q^2)], Log[Pi*(-omega + Q^2)], Log[-((s*(omega + s))/(omega - Q^2))], Log[1 - omega/Q^2], Log[Pi - (omega*Pi)/Q^2]}, "ExactReconstruction" -> True|>]
"PASS: ""F1 original unpolarized finite hat {-1, \"L0\"}"
"REFERENCE_PRECOLLECT_BEGIN "InputForm[{"F1", -1, "L1"}]" bytes "29640" functions "0
"PASS: ""exact reference regrouping {\"F1\", -1, \"L1\"}"
"REFERENCE_PRECOLLECT "InputForm[{"F1", -1, "L1"}]" "InputForm[<|"InputBytes" -> 29640, "PreparedBytes" -> 16, "Seconds" -> 0.005854, "Functions" -> {}, "ExactReconstruction" -> True|>]
"PASS: ""F1 original unpolarized finite hat {-1, \"L1\"}"
"PASS: ""F1 original unpolarized finite hat {-1, \"Regular\"}"
"REFERENCE_PRECOLLECT_BEGIN "InputForm[{"F1", 0, "Delta"}]" bytes "510712" functions "17
"PASS: ""exact reference regrouping {\"F1\", 0, \"Delta\"}"
"REFERENCE_PRECOLLECT "InputForm[{"F1", 0, "Delta"}]" "InputForm[<|"InputBytes" -> 510712, "PreparedBytes" -> 39048, "Seconds" -> 0.759629, "Functions" -> {Log[2], Log[mu], Log[Pi], Log[2*Pi], Log[Q^2], Log[4*Pi], Log[B/s], Log[s], Log[B], PolyLog[2, 1 - s/Q^2], PolyLog[2, (Q^2 + s)/Q^2], Re[PolyLog[2, (Q^2 + s)/Q^2]], PolyLog[2, (Q^2 + s)/s], Re[PolyLog[2, (Q^2 + s)/s]], Log[Q], PolyLog[2, 1 + s/Q^2], Re[PolyLog[2, 1 + s/Q^2]]}, "ExactReconstruction" -> True|>]
"PASS: ""F1 original unpolarized finite hat {0, \"Delta\"}"
"REFERENCE_PRECOLLECT_BEGIN "InputForm[{"F1", 0, "L0"}]" bytes "53344" functions "8
"PASS: ""exact reference regrouping {\"F1\", 0, \"L0\"}"
"REFERENCE_PRECOLLECT "InputForm[{"F1", 0, "L0"}]" "InputForm[<|"InputBytes" -> 53344, "PreparedBytes" -> 2176, "Seconds" -> 0.065478, "Functions" -> {Log[mu], Log[2*Pi], Log[4*Pi], Log[B], Log[Pi], Log[Q], Log[s], Log[Q^2]}, "ExactReconstruction" -> True|>]
"PASS: ""F1 original unpolarized finite hat {0, \"L0\"}"
"REFERENCE_PRECOLLECT_BEGIN "InputForm[{"F1", 0, "L1"}]" bytes "7544" functions "0
"PASS: ""exact reference regrouping {\"F1\", 0, \"L1\"}"
"REFERENCE_PRECOLLECT "InputForm[{"F1", 0, "L1"}]" "InputForm[<|"InputBytes" -> 7544, "PreparedBytes" -> 16, "Seconds" -> 0.005062, "Functions" -> {}, "ExactReconstruction" -> True|>]
"PASS: ""F1 original unpolarized finite hat {0, \"L1\"}"
"PASS: ""F1 original unpolarized finite hat {0, \"Regular\"}"
"REFERENCE_PRECOLLECT_BEGIN "InputForm[{"F2", sign, distribution}]" bytes "8240" functions "0
"PASS: ""exact reference regrouping {\"F2\", sign, distribution}"
"REFERENCE_PRECOLLECT "InputForm[{"F2", sign, distribution}]" "InputForm[<|"InputBytes" -> 8240, "PreparedBytes" -> 16, "Seconds" -> 0.003331, "Functions" -> {}, "ExactReconstruction" -> True|>]
"PASS: ""F2 original unpolarized Born hat"
"REFERENCE_PRECOLLECT_BEGIN "InputForm[{"F2", 1, "Delta"}]" bytes "4030056" functions "33
"PASS: ""exact reference regrouping {\"F2\", 1, \"Delta\"}"
"REFERENCE_PRECOLLECT "InputForm[{"F2", 1, "Delta"}]" "InputForm[<|"InputBytes" -> 4030056, "PreparedBytes" -> 525072, "Seconds" -> 3.283923, "Functions" -> {Log[mu], Log[Pi], Log[2*Pi], Log[4*Pi], Log[Q], Log[omega + Q^2], Log[-(B/(omega - s))], Log[-((omega - s)/(omega + Q^2))], Log[(omega - s)^2], Log[B/s], Log[-((omega - s)/s)], Log[s], Log[s/(omega + Q^2)], Log[B], Log[Q^2/(omega + Q^2)], Log[Pi*(omega + Q^2)], Log[-((omega + Q^2)/(omega*s - s^2))], PolyLog[2, omega/(omega + Q^2)], Log[Pi*Q], PolyLog[2, -(omega/Q^2)], PolyLog[2, (omega + Q^2 - s)/Q^2], PolyLog[2, (Q^2 + s)/Q^2], Re[PolyLog[2, (Q^2 + s)/Q^2]], PolyLog[2, (Q^2 + s)/s], Re[PolyLog[2, (Q^2 + s)/s]], Log[Q^2], Log[-((omega - s)/Q^2)], Log[Q^2/s], Log[s/Q^2], Log[(Pi*(omega + Q^2))/Q^2], ArcTanh[omega/(omega + 2*Q^2)], Log[Q^2/(Pi^2*(omega + Q^2))], Log[(omega + Q^2)/Q^2]}, "ExactReconstruction" -> True|>]
"PASS: ""F2 original unpolarized finite hat {1, \"Delta\"}"
"REFERENCE_PRECOLLECT_BEGIN "InputForm[{"F2", 1, "L0"}]" bytes "390056" functions "10
"PASS: ""exact reference regrouping {\"F2\", 1, \"L0\"}"
"REFERENCE_PRECOLLECT "InputForm[{"F2", 1, "L0"}]" "InputForm[<|"InputBytes" -> 390056, "PreparedBytes" -> 17552, "Seconds" -> 0.270991, "Functions" -> {Log[mu], Log[2*Pi], Log[4*Pi], Log[B], Log[Pi], Log[Q], Log[Q^2/(omega + Q^2)], Log[Pi*(omega + Q^2)], Log[-((omega + Q^2)/(omega*s - s^2))], Log[(Pi*(omega + Q^2))/Q^2]}, "ExactReconstruction" -> True|>]
"PASS: ""F2 original unpolarized finite hat {1, \"L0\"}"
"REFERENCE_PRECOLLECT_BEGIN "InputForm[{"F2", 1, "L1"}]" bytes "31992" functions "0
"PASS: ""exact reference regrouping {\"F2\", 1, \"L1\"}"
"REFERENCE_PRECOLLECT "InputForm[{"F2", 1, "L1"}]" "InputForm[<|"InputBytes" -> 31992, "PreparedBytes" -> 16, "Seconds" -> 0.008467, "Functions" -> {}, "ExactReconstruction" -> True|>]
"PASS: ""F2 original unpolarized finite hat {1, \"L1\"}"
"PASS: ""F2 original unpolarized finite hat {1, \"Regular\"}"
"REFERENCE_PRECOLLECT_BEGIN "InputForm[{"F2", -1, "Delta"}]" bytes "4245048" functions "32
"PASS: ""exact reference regrouping {\"F2\", -1, \"Delta\"}"
"REFERENCE_PRECOLLECT "InputForm[{"F2", -1, "Delta"}]" "InputForm[<|"InputBytes" -> 4245048, "PreparedBytes" -> 546000, "Seconds" -> 3.70647, "Functions" -> {Log[mu], Log[Pi], Log[2*Pi], Log[4*Pi], Log[Q], Log[-omega + Q^2], Log[-(B/(-omega - s))], Log[-((-omega - s)/(-omega + Q^2))], Log[(-omega - s)^2], Log[B/s], Log[-((-omega - s)/s)], Log[s], Log[s/(-omega + Q^2)], Log[B], Log[Q^2/(-omega + Q^2)], Log[Pi*(-omega + Q^2)], Log[-((s*(omega + s))/(omega - Q^2))], ArcTanh[omega/(omega - 2*Q^2)], PolyLog[2, -(omega/(-omega + Q^2))], PolyLog[2, (-omega + Q^2 - s)/Q^2], PolyLog[2, (Q^2 + s)/Q^2], Re[PolyLog[2, (Q^2 + s)/Q^2]], PolyLog[2, (Q^2 + s)/s], Re[PolyLog[2, (Q^2 + s)/s]], Log[Pi - (omega*Pi)/Q^2], Log[Q^2], Log[-((-omega - s)/Q^2)], Log[Q^2/s], Log[s/Q^2], Log[1 - omega/Q^2], Log[-(Q^2/(omega - Q^2))], Log[Q^2/(Pi^2*(-omega + Q^2))]}, "ExactReconstruction" -> True|>]
"PASS: ""F2 original unpolarized finite hat {-1, \"Delta\"}"
"REFERENCE_PRECOLLECT_BEGIN "InputForm[{"F2", -1, "L0"}]" bytes "399080" functions "11
"PASS: ""exact reference regrouping {\"F2\", -1, \"L0\"}"
"REFERENCE_PRECOLLECT "InputForm[{"F2", -1, "L0"}]" "InputForm[<|"InputBytes" -> 399080, "PreparedBytes" -> 29576, "Seconds" -> 0.408063, "Functions" -> {Log[mu], Log[2*Pi], Log[4*Pi], Log[B], Log[Pi], Log[Q], Log[Q^2/(-omega + Q^2)], Log[Pi*(-omega + Q^2)], Log[-((s*(omega + s))/(omega - Q^2))], Log[1 - omega/Q^2], Log[Pi - (omega*Pi)/Q^2]}, "ExactReconstruction" -> True|>]
"PASS: ""F2 original unpolarized finite hat {-1, \"L0\"}"
"REFERENCE_PRECOLLECT_BEGIN "InputForm[{"F2", -1, "L1"}]" bytes "31992" functions "0
"PASS: ""exact reference regrouping {\"F2\", -1, \"L1\"}"
"REFERENCE_PRECOLLECT "InputForm[{"F2", -1, "L1"}]" "InputForm[<|"InputBytes" -> 31992, "PreparedBytes" -> 16, "Seconds" -> 0.008478, "Functions" -> {}, "ExactReconstruction" -> True|>]
"PASS: ""F2 original unpolarized finite hat {-1, \"L1\"}"
"PASS: ""F2 original unpolarized finite hat {-1, \"Regular\"}"
"REFERENCE_PRECOLLECT_BEGIN "InputForm[{"F2", 0, "Delta"}]" bytes "594712" functions "17
"PASS: ""exact reference regrouping {\"F2\", 0, \"Delta\"}"
"REFERENCE_PRECOLLECT "InputForm[{"F2", 0, "Delta"}]" "InputForm[<|"InputBytes" -> 594712, "PreparedBytes" -> 40304, "Seconds" -> 0.805537, "Functions" -> {Log[2], Log[mu], Log[Pi], Log[2*Pi], Log[Q^2], Log[4*Pi], Log[B/s], Log[s], Log[B], PolyLog[2, 1 - s/Q^2], PolyLog[2, (Q^2 + s)/Q^2], Re[PolyLog[2, (Q^2 + s)/Q^2]], PolyLog[2, (Q^2 + s)/s], Re[PolyLog[2, (Q^2 + s)/s]], Log[Q], PolyLog[2, 1 + s/Q^2], Re[PolyLog[2, 1 + s/Q^2]]}, "ExactReconstruction" -> True|>]
"PASS: ""F2 original unpolarized finite hat {0, \"Delta\"}"
"REFERENCE_PRECOLLECT_BEGIN "InputForm[{"F2", 0, "L0"}]" bytes "62552" functions "8
"PASS: ""exact reference regrouping {\"F2\", 0, \"L0\"}"
"REFERENCE_PRECOLLECT "InputForm[{"F2", 0, "L0"}]" "InputForm[<|"InputBytes" -> 62552, "PreparedBytes" -> 2320, "Seconds" -> 0.086668, "Functions" -> {Log[mu], Log[2*Pi], Log[4*Pi], Log[B], Log[Pi], Log[Q], Log[s], Log[Q^2]}, "ExactReconstruction" -> True|>]
"PASS: ""F2 original unpolarized finite hat {0, \"L0\"}"
"REFERENCE_PRECOLLECT_BEGIN "InputForm[{"F2", 0, "L1"}]" bytes "9736" functions "0
"PASS: ""exact reference regrouping {\"F2\", 0, \"L1\"}"
"REFERENCE_PRECOLLECT "InputForm[{"F2", 0, "L1"}]" "InputForm[<|"InputBytes" -> 9736, "PreparedBytes" -> 16, "Seconds" -> 0.006843, "Functions" -> {}, "ExactReconstruction" -> True|>]
"PASS: ""F2 original unpolarized finite hat {0, \"L1\"}"
"PASS: ""F2 original unpolarized finite hat {0, \"Regular\"}"
"PASS: ""all regular reference rows certified"
"PASS: ""bounded complete finite result file"
"PASS: ""complete finite result exact native reload"
"PASS: s14_assemble_finite_spin"
