"[Hqq_v2, people or agents working on other channels should ignore]"
"HQQV2_BIGTMD_S01_STAGE=validate accepted inputs"
"HQQV2_BIGTMD_S01_STAGE=extract exact bounded-plus coefficients"
"HQQV2_BIGTMD_S01_STAGE=evaluate exact local coefficients"
"HQQV2_BIGTMD_S01_OBSERVABLE=""F1Hat""/""Delta"
"HQQV2_BIGTMD_S01_POINT=""F1Hat""/""Delta""/""interior_1"
"HQQV2_BIGTMD_S01_POINT=""F1Hat""/""Delta""/""interior_2"
"HQQV2_BIGTMD_S01_POINT=""F1Hat""/""Delta""/""interior_3"
"HQQV2_BIGTMD_S01_OBSERVABLE=""F1Hat""/""Plus0"
"HQQV2_BIGTMD_S01_POINT=""F1Hat""/""Plus0""/""interior_1"
"HQQV2_BIGTMD_S01_POINT=""F1Hat""/""Plus0""/""interior_2"
"HQQV2_BIGTMD_S01_POINT=""F1Hat""/""Plus0""/""interior_3"
"HQQV2_BIGTMD_S01_OBSERVABLE=""F1Hat""/""Plus1"
"HQQV2_BIGTMD_S01_POINT=""F1Hat""/""Plus1""/""interior_1"
"HQQV2_BIGTMD_S01_POINT=""F1Hat""/""Plus1""/""interior_2"
"HQQV2_BIGTMD_S01_POINT=""F1Hat""/""Plus1""/""interior_3"
"HQQV2_BIGTMD_S01_OBSERVABLE=""F1Hat""/""Ordinary"
"HQQV2_BIGTMD_S01_POINT=""F1Hat""/""Ordinary""/""interior_1"
"HQQV2_BIGTMD_S01_POINT=""F1Hat""/""Ordinary""/""interior_2"
"HQQV2_BIGTMD_S01_POINT=""F1Hat""/""Ordinary""/""interior_3"
"HQQV2_BIGTMD_S01_OBSERVABLE=""F2Hat""/""Delta"
"HQQV2_BIGTMD_S01_POINT=""F2Hat""/""Delta""/""interior_1"
"HQQV2_BIGTMD_S01_POINT=""F2Hat""/""Delta""/""interior_2"
"HQQV2_BIGTMD_S01_POINT=""F2Hat""/""Delta""/""interior_3"
"HQQV2_BIGTMD_S01_OBSERVABLE=""F2Hat""/""Plus0"
"HQQV2_BIGTMD_S01_POINT=""F2Hat""/""Plus0""/""interior_1"
"HQQV2_BIGTMD_S01_POINT=""F2Hat""/""Plus0""/""interior_2"
"HQQV2_BIGTMD_S01_POINT=""F2Hat""/""Plus0""/""interior_3"
"HQQV2_BIGTMD_S01_OBSERVABLE=""F2Hat""/""Plus1"
"HQQV2_BIGTMD_S01_POINT=""F2Hat""/""Plus1""/""interior_1"
"HQQV2_BIGTMD_S01_POINT=""F2Hat""/""Plus1""/""interior_2"
"HQQV2_BIGTMD_S01_POINT=""F2Hat""/""Plus1""/""interior_3"
"HQQV2_BIGTMD_S01_OBSERVABLE=""F2Hat""/""Ordinary"
"HQQV2_BIGTMD_S01_POINT=""F2Hat""/""Ordinary""/""interior_1"
"HQQV2_BIGTMD_S01_POINT=""F2Hat""/""Ordinary""/""interior_2"
"HQQV2_BIGTMD_S01_POINT=""F2Hat""/""Ordinary""/""interior_3"
"HQQV2_BIGTMD_S01_STAGE=write local benchmark artifact"
"HQQV2_BIGTMD_S01_OUTPUT=""/home/physics/projects/AI_Assisted_SIDIS/scripts/Hqq_v2/bigTMD_check/local_fhat_benchmarks.json"
"HQQV2_BIGTMD_S01_OUTPUT_BYTES="9020
"HQQV2_BIGTMD_S01_SUCCESS"
