COUPLINGS    2.0852339405296066E-01    1.2177157847767197E+00    3.0795376724436885E-01
CURRENT   1   0    4.9738898714875086E-02
CURRENT   1   1    1.4092130520798390E-02
CURRENT   1   2    4.1506724972056541E-02
CURRENT   1   3    4.2288967186304517E-02
CURRENT   1   4    4.9072698670795107E+00
CURRENT   1   5    1.0913603018194336E-32
CURRENT   2   0    3.8102648218293199E-02
CURRENT   2   1    6.4743764388911454E-02
CURRENT   2   2    3.8688192691897987E-02
CURRENT   2   3    3.2395603478305730E-02
CURRENT   2   4    3.7592303466429988E+00
CURRENT   2   5    1.0785207688568521E-32
CURRENT   3   0    1.6645874738212810E-01
CURRENT   3   1    1.0834008481458983E-01
CURRENT   3   2    1.4328228108233645E-01
CURRENT   3   3    1.4152642474592925E-01
CURRENT   3   4    1.6422920817421012E+01
CURRENT   3   5    1.4020769995139077E-31
CURRENT   4   0    9.2243464842084542E-03
CURRENT   4   1    4.9331705004829890E-02
CURRENT   4   2    1.7107554245572577E-02
CURRENT   4   3    7.8427165832912586E-03
CURRENT   4   4    9.1007961002400484E-01
CURRENT   4   5    7.8321151071747587E-33
CURRENT   5   0    3.7538561358380393E-02
CURRENT   5   1    5.0361812557491510E-02
CURRENT   5   2    5.9175855972709579E-02
CURRENT   5   3    2.8249897604192869E-02
CURRENT   5   4    3.7035771954557606E+00
CURRENT   5   5    2.1364982849735735E-31
CURRENT   6   0    8.8826020364238499E-03
CURRENT   6   1    1.7344483057782384E-02
CURRENT   6   2    1.6516862631629183E-02
CURRENT   6   3    6.6846620889947595E-03
CURRENT   6   4    8.7636289585892835E-01
CURRENT   6   5    2.0743870442670852E-32
CURRENT   7   0    5.2720330724805482E-02
CURRENT   7   1    9.1787413184191369E-02
CURRENT   7   2    1.0011523604456390E-01
CURRENT   7   3    3.9675040564719079E-02
CURRENT   7   4    5.2014197546141547E+00
CURRENT   7   5    3.3742292625664372E-31
CURRENT   8   0    4.0121996064803003E-02
CURRENT   8   1    4.3625178046356405E-02
CURRENT   8   2    5.1270201164113662E-02
CURRENT   8   3    3.0194078821656183E-02
CURRENT   8   4    3.9584604280152251E+00
CURRENT   8   5    2.1385044619989770E-31
CURRENT   9   0    6.7067613971202129E-03
CURRENT   9   1    2.7897738260544241E-02
CURRENT   9   2    6.9187695889152169E-03
CURRENT   9   3    4.5106580981501571E-03
CURRENT   9   4    6.7851661443498612E-01
CURRENT   9   5    4.2113668117267555E-32
CURRENT  10   0    9.6793845142556245E-01
CURRENT  10   1    9.1611476525078769E-02
CURRENT  10   2    3.6995436667891246E-01
CURRENT  10   3    6.5099071756277993E-01
CURRENT  10   4    9.7925404253194486E+01
CURRENT  10   5    1.6434602192104412E-32
CURRENT  11   0    1.0979441894128810E+00
CURRENT  11   1    8.2009446446105694E-02
CURRENT  11   2    4.5023340376232374E-01
CURRENT  11   3    7.3842657521984234E-01
CURRENT  11   4    1.1107796000598353E+02
CURRENT  11   5    1.7256332301709633E-31
CURRENT  12   0    8.5134623623248495E-01
CURRENT  12   1    1.5700898312514036E-01
CURRENT  12   2    3.0351286877333161E-01
CURRENT  12   3    5.7257617610201772E-01
CURRENT  12   4    8.6129881729275382E+01
CURRENT  12   5    3.8005017569241456E-32
CURRENT  13   0    7.2951013310532968E-03
CURRENT  13   1    2.2103837008718336E-02
CURRENT  13   2    2.1702146542347686E-02
CURRENT  13   3    6.7403860057533042E-03
CURRENT  13   4    7.3803840095337725E-01
CURRENT  13   5    1.4637067577342992E-31
CURRENT  14   0    6.8539481548719014E-02
CURRENT  14   1    2.5365701535717539E-01
CURRENT  14   2    1.2113618673255960E-01
CURRENT  14   3    6.3327778643188518E-02
CURRENT  14   4    6.9340735746965310E+00
CURRENT  14   5    3.8005017569241456E-32
CURRENT  15   0    4.8233459761828294E-02
CURRENT  15   1    1.6458625203907004E-01
CURRENT  15   2    1.6518844340622221E-01
CURRENT  15   3    4.4565815118122853E-02
CURRENT  15   4    4.8797328370939939E+00
CURRENT  15   5    8.2173010960522059E-33
CURRENT  16   0    1.0343570599771633E-01
CURRENT  16   1    3.8693545269271751E-01
CURRENT  16   2    1.2048822314359231E-01
CURRENT  16   3    9.5570514179760813E-02
CURRENT  16   4    1.0464491114205821E+01
CURRENT  16   5    2.2443503618592587E-31
CURRENT  17   0    5.9374974466135551E-03
CURRENT  17   1    2.0361696352549315E-02
CURRENT  17   2    3.8655349153325809E-02
CURRENT  17   3    3.4943448202440649E-03
CURRENT  17   4    5.8579709359174947E-01
CURRENT  17   5    4.1086505480261033E-32
CURRENT  18   0    1.4043356700338386E-01
CURRENT  18   1    3.1712767344981263E-01
CURRENT  18   2    6.1855908210989730E-01
CURRENT  18   3    8.2648171533371520E-02
CURRENT  18   4    1.3855260761455083E+01
CURRENT  18   5    2.7579316803625217E-31
CURRENT  19   0    9.9410348284489566E-02
CURRENT  19   1    3.2952645441741241E-01
CURRENT  19   2    3.9456780367283750E-01
CURRENT  19   3    5.8505125893517529E-02
CURRENT  19   4    9.8078851606431368E+00
CURRENT  19   5    6.6560138878022871E-31
CURRENT  20   0    1.9333178061550518E-01
CURRENT  20   1    3.4545228518731169E-01
CURRENT  20   2    9.1986105885360903E-01
CURRENT  20   3    1.1377990681371365E-01
CURRENT  20   4    1.9074230549450522E+01
CURRENT  20   5    2.0183745817178232E-31
CURRENT  21   0    7.6003886012469433E-04
CURRENT  21   1    1.4168934622620645E-02
CURRENT  21   2    5.1519395555536971E-03
CURRENT  21   3    6.7470089394695615E-04
CURRENT  21   4    1.2766798821003414E-01
CURRENT  21   5    1.2325951644078309E-32
CURRENT  22   0    9.1419538561079305E-01
CURRENT  22   1    2.1232737076907993E-01
CURRENT  22   2    8.7710392852497832E-01
CURRENT  22   3    8.1154856188878199E-01
CURRENT  22   4    1.5356252401709824E+02
CURRENT  22   5    3.6813508910313887E-30
CURRENT  23   0    9.2105164088903280E-01
CURRENT  23   1    2.9911968277668888E-01
CURRENT  23   2    9.9168857773571695E-01
CURRENT  23   3    8.1763498958091108E-01
CURRENT  23   4    1.5471420765322659E+02
CURRENT  23   5    3.2869204384208828E-30
CURRENT  24   0    9.0885920805280251E-01
CURRENT  24   1    1.5387292800671223E-01
CURRENT  24   2    7.7282315842534699E-01
CURRENT  24   3    8.0681153598454713E-01
CURRENT  24   4    1.5266617635738987E+02
CURRENT  24   5    4.9961190663997412E-30
