"PASS: ""compute allocation"
"PASS: ""isolated runtime"
"PASS: ""complete source syntax"
"PASS: ""integer real operation time limit"
"PASS: ""bounded real operation time limit"
"REAL_RESOURCE_LIMIT_SECONDS "1800
"PASS: ""integer real operation memory limit"
"PASS: ""bounded real operation memory limit"
"REAL_RESOURCE_LIMIT_BYTES "4294967296
"PASS: ""known channel"
"PASS: ""pinned input Hqg/s01_result/reference/s01_result/s01_inputs/s04_result.wl"
"PASS: ""pinned input Hqg/s05_result/reference/unpolarized_real.wl"
"PASS: ""accepted spin basis"
"PASS: ""accepted angular moments"
"PASS: ""real longitudinal frame linear"
"PASS: ""real longitudinal frame nonsingular"
"PASS: ""real longitudinal frame reconstructs"
"PASS: ""real energy linear"
"PASS: ""real energy nonsingular"
"PASS: ""real energy reconstructs"
"PASS: ""real transverse coordinate linear"
"PASS: ""real transverse coordinate nonsingular"
"PASS: ""real transverse coordinate reconstructs"
"PASS: ""real frame invariants"
"PASS: ""positive measured transverse momentum"
"PASS: ""unconditional exact algebra"
"PASS: ""transverse rational function"
"PASS: ""rationalized transverse denominator"
"PASS: ""polynomial division reconstruction"
"PASS: ""complete rational reconstruction on shell"
"PASS: ""measured spin axes"
"PASS: ""denominator Bezout reconstruction"
"PASS: ""invertible transverse denominator"
"PASS: ""unresolved physical projections"
"PASS: ""evanescent on-shell norm linear"
"PASS: ""evanescent on-shell norm nonsingular"
"PASS: ""evanescent on-shell norm reconstructs"
"PASS: ""inherited cut radius"
"PASS: ""one remaining physical normal coordinate"
"PASS: ""positive-energy support independent of normal angle"
"PASS: ""compact real dimensional scalar identities"
"PASS: ""incoming photon-basis projection"
"PASS: ""accepted compact calculation source"
"PASS: ""single reviewed real photon interface change"
"PASS: ""unchanged complete scalar and frame routines"
"PASS: ""single accepted pair-completion interface"
"PASS: ""unchanged complete pair contractions"
"PASS: ""pinned input Hqg/s01_result/reference/s01_result/s01_inputs/s04_diagrams.wl"
"PASS: ""pinned input Hqq/s01_result/reference/s01_result/s01_inputs/s02_result.wl"
"PASS: ""reviewed previous source s05_real_spin_response_before_compact_products.wls"
"PASS: ""reviewed previous source s05_real_spin_response_before_coupling_inventory.wls"
"PASS: ""reviewed previous source s05_real_spin_response_before_worker_initialization.wls"
"PASS: ""reviewed previous source s05_real_spin_response_before_coefficient_reduction.wls"
"PASS: ""reviewed previous source s05_real_spin_response_before_projection.wls"
"PASS: ""compact real comparison exists"
"PASS: ""compact real comparison accepted"
"PASS: ""pinned pre-interface real source"
"PASS: ""accepted real coordinate and photon interfaces"
"PASS: ""real interface comparison shares physical inputs"
"PASS: ""executed coordinate conversion code"
"PASS: ""unique reference coordinate conversion"
"PASS: ""all reference scalar products reconstruct"
"PASS: ""accepted spin extraction and linear sum comparison"
"PASS: ""spin extraction comparison source binding"
"PASS: ""spin extraction comparison shares physical inputs"
"PASS: ""executed compact extraction definition"
"PASS: ""executed linear assembly definition"
"PASS: ""pinned accepted reconstruction dispatch source"
"PASS: ""unchanged exact spin reconstruction and checkpoint contract"
"PASS: ""accepted complete spin dispatch comparison"
"PASS: ""pinned complete spin polynomial comparison"
"PASS: ""accepted complete spin polynomial comparison"
"PASS: ""spin polynomial comparison shares physical conventions"
"PASS: ""spin polynomial comparison starts from original exact predicate"
"PASS: ""exact accepted spin polynomial definition installed"
"PASS: ""accepted complete scalar-restoration comparison"
"PASS: ""scalar-restoration comparison shares physical conventions"
"PASS: ""unchanged scalar-restoration starting definitions"
"PASS: ""exact accepted scalar-restoration definitions installed"
"PASS: ""pinned complete pair-assembly proof"
"PASS: ""pinned pair-assembly baseline"
"PASS: ""accepted complete pair-assembly comparison"
"PASS: ""pair-assembly comparison shares physical conventions"
"PASS: ""exact accepted pair-assembly definitions installed"
"PASS: ""pinned accepted scalar coefficient checkpoints"
"PASS: ""complete scalar checkpoint comparison accepted"
"PASS: ""same executed scalar equations"
"PASS: ""scalar checkpoint physical convention common/s02_result/s02_result.wl"
"PASS: ""scalar checkpoint physical convention common/s04_result/s04_result.wl"
"PASS: ""exact executed coefficient key definition"
"PASS: ""exact executed scalar checkpoint definition installed"
"PASS: ""matching accepted zero-angular receipt"
"PASS: ""complete own zero-angular comparison accepted"
"PASS: ""same zero-angular inputs and native conventions"
"PASS: ""same original scalar and angular definitions"
"PASS: ""exact executed zero-angular definitions installed"
"PASS: ""original scalar and angular equations retained after installation"
"PASS: ""unique zero-angular worker and provenance interfaces"
"PASS: ""complete inherited real calculation retained"
"PASS: ""adapter interface stopped before contractions"
"PASS: ""adapter input and definition checks retained"
"PASS: s05_zero_angular_memory_interface"
