MONITOR_START job=14691757 host=n7126 kernel_pid=10859
"PASS: ""frozen s10_result.wl"
"PASS: ""frozen s10_final_hats.wl"
"PASS: ""frozen s10_F1_hat.wl"
"PASS: ""frozen s10_F2_hat.wl"
"PASS: ""frozen s02_result.wl"
"PASS: ""frozen s02_born_and_projectors.wl"
"PASS: ""S01 source"
"PASS: ""S01 result"
"PASS: ""reference sidis.py"
"PASS: ""reference LO.py"
"PASS: ""reference NLO/Pg/fchn2A.py"
"PASS: ""reference NLO/Pg/fchn2B.py"
"PASS: ""reference NLO/Pg/fchn2C.py"
"PASS: ""reference NLO/Ppp/fchn2A.py"
"PASS: ""reference NLO/Ppp/fchn2B.py"
"PASS: ""reference NLO/Ppp/fchn2C.py"
"PASS: ""accepted independent final hats"
"PASS: ""same NLO coupling at endpoint and interior"
"PASS: ""authors projectors equal current-channel Eq. 9"
"PASS: ""authors Hqq Born tensors equal current generated Born"
"PASS: ""ordinary distribution conversion"
"PASS: ""plus transport preserves defining test-function action"
"PASS: ""reference divisors were extracted"
"PASS: ""physical benchmark exists"
"PASS: ""physical benchmark exists"
"PASS: ""physical benchmark exists"
"PASS: ""physical benchmark exists"
"PASS: ""physical benchmark exists"
"PASS: ""physical benchmark exists"
"Selected benchmarks: "InputForm[{<|"ID" -> "q1_positive", "Branch" -> 1, "Input" -> <|"Q" -> 2, "s" -> 16, "t" -> -26/17, "s23" -> 2, "mu" -> 2, "B" -> 8, "nf" -> 4, "SUNN" -> 3, "alphaS" -> 1/5, "xh" -> 1/5, "qT2" -> 1|>|>, <|"ID" -> "q1_negative", "Branch" -> -1, "Input" -> <|"Q" -> 2, "s" -> 6, "t" -> -151/22, "s23" -> 3/4, "mu" -> 2, "B" -> 3, "nf" -> 4, "SUNN" -> 3, "alphaS" -> 1/5, "xh" -> 2/5, "qT2" -> 16|>|>, <|"ID" -> "q2_positive", "Branch" -> 1, "Input" -> <|"Q" -> 5, "s" -> 100, "t" -> -925/16, "s23" -> 25/2, "mu" -> 5, "B" -> 50, "nf" -> 4, "SUNN" -> 3, "alphaS" -> 1/5, "xh" -> 1/5, "qT2" -> 100|>|>, <|"ID" -> "q2_negative", "Branch" -> -1, "Input" -> <|"Q" -> 5, "s" -> 75/2, "t" -> -3775/88, "s23" -> 75/16, "mu" -> 5, "B" -> 75/4, "nf" -> 4, "SUNN" -> 3, "alphaS" -> 1/5, "xh" -> 2/5, "qT2" -> 100|>|>, <|"ID" -> "q3_positive", "Branch" -> 1, "Input" -> <|"Q" -> 10, "s" -> 400, "t" -> -925/4, "s23" -> 50, "mu" -> 10, "B" -> 200, "nf" -> 4, "SUNN" -> 3, "alphaS" -> 1/5, "xh" -> 1/5, "qT2" -> 400|>|>, <|"ID" -> "q3_negative", "Branch" -> -1, "Input" -> <|"Q" -> 10, "s" -> 150, "t" -> -3775/22, "s23" -> 75/4, "mu" -> 10, "B" -> 75, "nf" -> 4, "SUNN" -> 3, "alphaS" -> 1/5, "xh" -> 2/5, "qT2" -> 400|>|>}]
"PASS: ""completed numerical source identity"
"PASS: ""completed numerical snapshot identity"
"PASS: ""numerical program is unchanged"
"PASS: ""completed numerical execution and inputs"
"PASS: ""completed benchmarks are identical"
"Reused complete numerical snapshot; export is serial."
"PASS: ""all benchmark results present"
"PASS: ""JSON conversions evaluated"
"PASS: ""JSON exported"
"PASS: ""JSON round trip"
"S02_SUCCESS; peak memory = "397288320" bytes."
MONITOR_WAKE {"stage": "s02", "source": "s02_compare_coefficients.wl", "source_sha256": "ab709b3b33665b4e371d8838f90498984c3a1d444a2fe321444b66fcb9dfa722", "job_id": "14691757", "host": "n7126", "exit_code": 0, "success_marker": true, "accepted_execution": true, "guard": null, "peak_rss_bytes": 502431744, "elapsed_seconds": 25.952787764021195, "completed_utc": "2026-09-07T02:57:17.852930+00:00"}
