"PASS: ""compute allocation"
"PASS: ""isolated runtime"
"PASS: ""complete source syntax"
"PASS: ""integer real operation time limit"
"PASS: ""bounded real operation time limit"
"REAL_RESOURCE_LIMIT_SECONDS "7200
"PASS: ""integer real operation memory limit"
"PASS: ""bounded real operation memory limit"
"REAL_RESOURCE_LIMIT_BYTES "4294967296
"PASS: ""known channel"
"PASS: ""pinned input Hqq/s01_result/reference/s01_result/s01_inputs/s01_result.wl"
"PASS: ""pinned input Hqq/s05_result/reference/unpolarized_real.wl"
"PASS: ""accepted spin basis"
"PASS: ""accepted angular moments"
"PASS: ""real longitudinal frame linear"
"PASS: ""real longitudinal frame nonsingular"
"PASS: ""real longitudinal frame reconstructs"
"PASS: ""real energy linear"
"PASS: ""real energy nonsingular"
"PASS: ""real energy reconstructs"
"PASS: ""real transverse coordinate linear"
"PASS: ""real transverse coordinate nonsingular"
"PASS: ""real transverse coordinate reconstructs"
"PASS: ""real frame invariants"
"PASS: ""positive measured transverse momentum"
"PASS: ""unconditional exact algebra"
"PASS: ""transverse rational function"
"PASS: ""rationalized transverse denominator"
"PASS: ""polynomial division reconstruction"
"PASS: ""complete rational reconstruction on shell"
"PASS: ""measured spin axes"
"PASS: ""denominator Bezout reconstruction"
"PASS: ""invertible transverse denominator"
"PASS: ""unresolved physical projections"
"PASS: ""evanescent on-shell norm linear"
"PASS: ""evanescent on-shell norm nonsingular"
"PASS: ""evanescent on-shell norm reconstructs"
"PASS: ""inherited cut radius"
"PASS: ""one remaining physical normal coordinate"
"PASS: ""positive-energy support independent of normal angle"
"PASS: ""compact real dimensional scalar identities"
"PASS: ""incoming photon-basis projection"
"PASS: ""accepted compact calculation source"
"PASS: ""single reviewed real photon interface change"
"PASS: ""unchanged complete scalar and frame routines"
"PASS: ""single accepted pair-completion interface"
"PASS: ""unchanged complete pair contractions"
"PASS: ""pinned input Hqq/s01_result/reference/s01_result/s01_inputs/s02_result.wl"
"PASS: ""reviewed previous source s05_real_spin_response_before_compact_products.wls"
"PASS: ""reviewed previous source s05_real_spin_response_before_coupling_inventory.wls"
"PASS: ""reviewed previous source s05_real_spin_response_before_worker_initialization.wls"
"PASS: ""reviewed previous source s05_real_spin_response_before_coefficient_reduction.wls"
"PASS: ""reviewed previous source s05_real_spin_response_before_projection.wls"
"PASS: ""compact real comparison exists"
"PASS: ""compact real comparison accepted"
"PASS: ""pinned pre-interface real source"
"PASS: ""accepted real coordinate and photon interfaces"
"PASS: ""real interface comparison shares physical inputs"
"PASS: ""executed coordinate conversion code"
"PASS: ""unique reference coordinate conversion"
"PASS: ""all reference scalar products reconstruct"
"PASS: ""accepted spin extraction and linear sum comparison"
"PASS: ""spin extraction comparison source binding"
"PASS: ""spin extraction comparison shares physical inputs"
"PASS: ""executed compact extraction definition"
"PASS: ""executed linear assembly definition"
"PASS: ""pinned accepted reconstruction dispatch source"
"PASS: ""unchanged exact spin reconstruction and checkpoint contract"
"PASS: ""accepted complete spin dispatch comparison"
"PASS: ""pinned complete spin polynomial comparison"
"PASS: ""accepted complete spin polynomial comparison"
"PASS: ""spin polynomial comparison shares physical conventions"
"PASS: ""spin polynomial comparison starts from original exact predicate"
"PASS: ""exact accepted spin polynomial definition installed"
"PASS: ""accepted complete scalar-restoration comparison"
"PASS: ""scalar-restoration comparison shares physical conventions"
"PASS: ""unchanged scalar-restoration starting definitions"
"PASS: ""exact accepted scalar-restoration definitions installed"
"PASS: ""pinned complete pair-assembly proof"
"PASS: ""pinned pair-assembly baseline"
"PASS: ""accepted complete pair-assembly comparison"
"PASS: ""pair-assembly comparison shares physical conventions"
"PASS: ""exact accepted pair-assembly definitions installed"
"PASS: ""pinned accepted scalar coefficient checkpoints"
"PASS: ""complete scalar checkpoint comparison accepted"
"PASS: ""same executed scalar equations"
"PASS: ""scalar checkpoint physical convention common/s02_result/s02_result.wl"
"PASS: ""scalar checkpoint physical convention common/s04_result/s04_result.wl"
"PASS: ""exact executed coefficient key definition"
"PASS: ""exact executed scalar checkpoint definition installed"
"PASS: ""own Hqq factorized Hermiticity interfaces"
"PASS: ""same executed factorized conjugation"
"PASS: ""original complete Hermiticity equation retained"
"PASS: ""reported slow sector has all saved photon sums"
"OWN_HERMITICITY_SECTOR ""RealQGG"
"PASS: ""complete original sector field setup syntax"
"PASS: ""RealQGG generated process fields"
"PASS: ""RealQGG generated momentum-field correspondence"
"PASS: ""RealQGG unique coupling degree"
"PASS: ""RealQGG tree coupling reconstruction"
"PASS: ""RealQGG uniform native spinor dimension"
"PASS: ""own original Hermiticity control diagonal"
"PASS: ""own accepted pair binding RealQGG"
"PAIR_CONJUGATION_SUPPORT heads "{Power, Plus, Times}" integer_powers "True" variables "{a12, D, Q, SUNN, s23, t, u3, s, hIn, hOut, xIn, xOut, yIn, yOut}" input_bytes "105520
"PASS: ""pair inputs have exact rational head support"
"PASS: ""native inherited real-symbol convention"
"PASS: ""native real-symbol conjugation is explicit"
"PAIR_CONJUGATION_SUPPORT heads "{Power, Plus, Times}" integer_powers "True" variables "{a12, Q, s, SUNN, s23, t, transverseK, u3, D, hIn, hOut, xIn, xOut, yIn, yOut}" input_bytes "444288
"PAIR_CONJUGATION_SUPPORT heads "{Power, Plus, Times}" integer_powers "True" variables "{a12, hIn, Q, s, SUNN, s23, t, transverseK, u3, D, hOut, xOut, yIn, xIn, yOut}" input_bytes "444368
"PAIR_CONJUGATION_SUPPORT heads "{Power, Plus, Times}" integer_powers "True" variables "{a12, Q, s, SUNN, s23, t, transverseK, u3, D, hIn, hOut, xIn, xOut, yIn, yOut}" input_bytes "444288
"PAIR_CONJUGATION_SUPPORT heads "{Power, Plus, Times}" integer_powers "True" variables "{a12, s, SUNN, u3, s23, t, Q, D, hIn, hOut, xIn, xOut, yIn, yOut}" input_bytes "1012616
"PAIR_CONJUGATION_SUPPORT heads "{Power, Plus, Times}" integer_powers "True" variables "{a12, hIn, s, SUNN, u3, s23, t, Q, D, hOut, xOut, yIn, xIn, yOut}" input_bytes "1012696
"PAIR_CONJUGATION_SUPPORT heads "{Power, Plus, Times}" integer_powers "True" variables "{a12, hIn, Q, s, SUNN, s23, t, transverseK, u3, D, hOut, xOut, yIn, xIn, yOut}" input_bytes "444368
"PAIR_CONJUGATION_SUPPORT heads "{Power, Plus, Times}" integer_powers "True" variables "{a12, hIn, s, SUNN, u3, s23, t, Q, D, hOut, xOut, yIn, xIn, yOut}" input_bytes "1012696
"PAIR_CONJUGATION_SUPPORT heads "{Power, Plus, Times}" integer_powers "True" variables "{a12, s, SUNN, u3, s23, t, Q, D, hIn, hOut, xIn, xOut, yIn, yOut}" input_bytes "1012616
"PASS: ""own complete original Hermiticity reproduced RealQGG"
"PAIR_CONJUGATION_SUPPORT heads "{Power, Plus, Times}" integer_powers "True" variables "{a12, D, Q, SUNN, s23, t, u3, s, hIn, hOut, xIn, xOut, yIn, yOut}" input_bytes "105584
"PAIR_CONJUGATION_SUPPORT heads "{Power, Plus, Times}" integer_powers "True" variables "{a12, Q, s, SUNN, s23, t, transverseK, u3, D, hIn, hOut, xIn, xOut, yIn, yOut}" input_bytes "444288
"PAIR_CONJUGATION_SUPPORT heads "{Power, Plus, Times}" integer_powers "True" variables "{a12, hIn, Q, s, SUNN, s23, t, transverseK, u3, D, hOut, xOut, yIn, xIn, yOut}" input_bytes "444368
"PAIR_CONJUGATION_SUPPORT heads "{Power, Plus, Times}" integer_powers "True" variables "{a12, Q, s, SUNN, s23, t, transverseK, u3, D, hIn, hOut, xIn, xOut, yIn, yOut}" input_bytes "444288
"PAIR_CONJUGATION_SUPPORT heads "{Power, Plus, Times}" integer_powers "True" variables "{a12, s, SUNN, u3, s23, t, Q, D, hIn, hOut, xIn, xOut, yIn, yOut}" input_bytes "1012680
"PAIR_CONJUGATION_SUPPORT heads "{Power, Plus, Times}" integer_powers "True" variables "{a12, hIn, s, SUNN, u3, s23, t, Q, D, hOut, xOut, yIn, xIn, yOut}" input_bytes "1012696
"PAIR_CONJUGATION_SUPPORT heads "{Power, Plus, Times}" integer_powers "True" variables "{a12, hIn, Q, s, SUNN, s23, t, transverseK, u3, D, hOut, xOut, yIn, xIn, yOut}" input_bytes "444368
"PAIR_CONJUGATION_SUPPORT heads "{Power, Plus, Times}" integer_powers "True" variables "{a12, hIn, s, SUNN, u3, s23, t, Q, D, hOut, xOut, yIn, xIn, yOut}" input_bytes "1012696
"PAIR_CONJUGATION_SUPPORT heads "{Power, Plus, Times}" integer_powers "True" variables "{a12, s, SUNN, u3, s23, t, Q, D, hIn, hOut, xIn, xOut, yIn, yOut}" input_bytes "1012680
"PASS: ""changed own Hermiticity control rejected RealQGG"
"PASS: ""saved own photon sum RealQGG Photon_1_1"
"PASS: ""saved own photon sum RealQGG Photon_1_2"
"PASS: ""saved own photon sum RealQGG Photon_1_3"
"PASS: ""saved own photon sum RealQGG Photon_2_1"
"PASS: ""saved own photon sum RealQGG Photon_2_2"
"PASS: ""saved own photon sum RealQGG Photon_2_3"
"PASS: ""saved own photon sum RealQGG Photon_3_1"
"PASS: ""saved own photon sum RealQGG Photon_3_2"
"PASS: ""saved own photon sum RealQGG Photon_3_3"
"PASS: ""complete own saved photon matrix RealQGG"
"PAIR_CONJUGATION_SUPPORT heads "{Plus, Power, Times}" integer_powers "True" variables "{D, Q, a12, s, s23, SUNN, u3, t, hIn, hOut, xIn, xOut, yIn, yOut}" input_bytes "21754896
"PAIR_CONJUGATION_SUPPORT heads "{Plus, Power, Times}" integer_powers "True" variables "{D, Q, s, SUNN, t, s23, transverseK, u3, a12, hIn, hOut, xIn, xOut, yIn, yOut}" input_bytes "58506960
"PAIR_CONJUGATION_SUPPORT heads "{Plus, Power, Times}" integer_powers "True" variables "{D, hOut, Q, SUNN, t, s, s23, transverseK, u3, a12, hIn, xOut, yIn, xIn, yOut}" input_bytes "41680032
"PAIR_CONJUGATION_SUPPORT heads "{Plus, Power, Times}" integer_powers "True" variables "{D, Q, s, SUNN, t, s23, transverseK, u3, a12, hIn, hOut, xIn, xOut, yIn, yOut}" input_bytes "58506960
"PAIR_CONJUGATION_SUPPORT heads "{Plus, Power, Times}" integer_powers "True" variables "{D, Q, s, SUNN, t, s23, u3, a12, hIn, hOut, xIn, xOut, yIn, yOut}" input_bytes "48886640
"PAIR_CONJUGATION_SUPPORT heads "{Plus, Power, Times}" integer_powers "True" variables "{D, hOut, Q, s, SUNN, t, s23, u3, a12, hIn, xOut, yIn, xIn, yOut}" input_bytes "57837568
"PAIR_CONJUGATION_SUPPORT heads "{Plus, Power, Times}" integer_powers "True" variables "{D, hOut, Q, SUNN, t, s, s23, transverseK, u3, a12, hIn, xOut, yIn, xIn, yOut}" input_bytes "41680032
"PAIR_CONJUGATION_SUPPORT heads "{Plus, Power, Times}" integer_powers "True" variables "{D, hOut, Q, s, SUNN, t, s23, u3, a12, hIn, xOut, yIn, xIn, yOut}" input_bytes "57837568
"PAIR_CONJUGATION_SUPPORT heads "{Plus, Power, Times}" integer_powers "True" variables "{D, SUNN, t, s23, u3, Q, a12, s, hIn, hOut, xIn, xOut, yIn, yOut}" input_bytes "25657416
"PASS: ""complete own sector Hermiticity RealQGG"
"OWN_HERMITICITY_ACCEPTED "InputForm[<|"Sector" -> "RealQGG", "MatrixHash" -> 68248846955157807305257200703443400699119908023132715558736404521388636502323, "MatrixBytes" -> 412348328, "ControlHash" -> 33242883898082215786737566585479436112528370925937561117203868487395731088752, "OriginalControlSeconds" -> 14.680563, "CandidateControlSeconds" -> 0.517482, "CandidateSectorSeconds" -> 37.370915, "OriginalControlPassed" -> True, "NegativeControlRejected" -> True, "Accepted" -> True|>]
"OWN_HERMITICITY_SECTOR ""RealSame"
"PASS: ""RealSame generated process fields"
"PASS: ""RealSame generated momentum-field correspondence"
"PASS: ""RealSame unique coupling degree"
"PASS: ""RealSame tree coupling reconstruction"
"PASS: ""RealSame uniform native spinor dimension"
"PASS: ""own accepted pair binding RealSame"
"PAIR_CONJUGATION_SUPPORT heads "{Power, Times, Plus}" integer_powers "True" variables "{Q, a12, s, s23, SUNN, D, t, u3, hIn, hOut}" input_bytes "13984
"PAIR_CONJUGATION_SUPPORT heads "{Power, Plus, Times}" integer_powers "True" variables "{Q, s, a12, s23, SUNN, t, transverseK, D, u3, hIn, hOut}" input_bytes "30968
"PAIR_CONJUGATION_SUPPORT heads "{Power, Plus, Times}" integer_powers "True" variables "{hIn, Q, s, a12, s23, SUNN, t, transverseK, D, u3, hOut}" input_bytes "31048
"PAIR_CONJUGATION_SUPPORT heads "{Power, Plus, Times}" integer_powers "True" variables "{Q, s, a12, s23, SUNN, t, transverseK, D, u3, hIn, hOut}" input_bytes "30968
"PAIR_CONJUGATION_SUPPORT heads "{Power, Times, Plus}" integer_powers "True" variables "{s, a12, s23, SUNN, Q, D, t, u3, hIn, hOut}" input_bytes "22776
"PAIR_CONJUGATION_SUPPORT heads "{Power, Times, Plus}" integer_powers "True" variables "{hIn, s, a12, s23, SUNN, Q, D, t, u3, hOut}" input_bytes "22856
"PAIR_CONJUGATION_SUPPORT heads "{Power, Plus, Times}" integer_powers "True" variables "{hIn, Q, s, a12, s23, SUNN, t, transverseK, D, u3, hOut}" input_bytes "31048
"PAIR_CONJUGATION_SUPPORT heads "{Power, Times, Plus}" integer_powers "True" variables "{hIn, s, a12, s23, SUNN, Q, D, t, u3, hOut}" input_bytes "22856
"PAIR_CONJUGATION_SUPPORT heads "{Power, Times, Plus}" integer_powers "True" variables "{s, a12, s23, SUNN, Q, D, t, u3, hIn, hOut}" input_bytes "22776
"PASS: ""own complete original Hermiticity reproduced RealSame"
"PAIR_CONJUGATION_SUPPORT heads "{Power, Times, Plus}" integer_powers "True" variables "{Q, a12, s, s23, SUNN, D, t, u3, hIn, hOut}" input_bytes "14048
"PAIR_CONJUGATION_SUPPORT heads "{Power, Plus, Times}" integer_powers "True" variables "{Q, s, a12, s23, SUNN, t, transverseK, D, u3, hIn, hOut}" input_bytes "30968
"PAIR_CONJUGATION_SUPPORT heads "{Power, Plus, Times}" integer_powers "True" variables "{hIn, Q, s, a12, s23, SUNN, t, transverseK, D, u3, hOut}" input_bytes "31048
"PAIR_CONJUGATION_SUPPORT heads "{Power, Plus, Times}" integer_powers "True" variables "{Q, s, a12, s23, SUNN, t, transverseK, D, u3, hIn, hOut}" input_bytes "30968
"PAIR_CONJUGATION_SUPPORT heads "{Power, Times, Plus}" integer_powers "True" variables "{s, a12, s23, SUNN, Q, D, t, u3, hIn, hOut}" input_bytes "22840
"PAIR_CONJUGATION_SUPPORT heads "{Power, Times, Plus}" integer_powers "True" variables "{hIn, s, a12, s23, SUNN, Q, D, t, u3, hOut}" input_bytes "22856
"PAIR_CONJUGATION_SUPPORT heads "{Power, Plus, Times}" integer_powers "True" variables "{hIn, Q, s, a12, s23, SUNN, t, transverseK, D, u3, hOut}" input_bytes "31048
"PAIR_CONJUGATION_SUPPORT heads "{Power, Times, Plus}" integer_powers "True" variables "{hIn, s, a12, s23, SUNN, Q, D, t, u3, hOut}" input_bytes "22856
"PAIR_CONJUGATION_SUPPORT heads "{Power, Times, Plus}" integer_powers "True" variables "{s, a12, s23, SUNN, Q, D, t, u3, hIn, hOut}" input_bytes "22840
"PASS: ""changed own Hermiticity control rejected RealSame"
"PASS: ""saved own photon sum RealSame Photon_1_1"
"PASS: ""saved own photon sum RealSame Photon_1_2"
"PASS: ""saved own photon sum RealSame Photon_1_3"
"PASS: ""saved own photon sum RealSame Photon_2_1"
"PASS: ""saved own photon sum RealSame Photon_2_2"
"PASS: ""saved own photon sum RealSame Photon_2_3"
"PASS: ""saved own photon sum RealSame Photon_3_1"
"PASS: ""saved own photon sum RealSame Photon_3_2"
"PASS: ""saved own photon sum RealSame Photon_3_3"
"PASS: ""complete own saved photon matrix RealSame"
"PAIR_CONJUGATION_SUPPORT heads "{Power, Plus, Times}" integer_powers "True" variables "{Q, s23, SUNN, a12, D, s, t, u3, hIn, hOut, xIn, xOut, yIn, yOut}" input_bytes "17222192
"PAIR_CONJUGATION_SUPPORT heads "{Power, Plus, Times}" integer_powers "True" variables "{Q, s, s23, SUNN, t, transverseK, a12, D, u3, hIn, hOut, xIn, xOut, yIn, yOut}" input_bytes "56178760
"PAIR_CONJUGATION_SUPPORT heads "{Power, Plus, Times}" integer_powers "True" variables "{hIn, Q, s, s23, SUNN, t, transverseK, a12, D, u3, hOut, xOut, yIn, xIn, yOut}" input_bytes "31799776
"PAIR_CONJUGATION_SUPPORT heads "{Power, Plus, Times}" integer_powers "True" variables "{Q, s, s23, SUNN, t, transverseK, a12, D, u3, hIn, hOut, xIn, xOut, yIn, yOut}" input_bytes "56178760
"PAIR_CONJUGATION_SUPPORT heads "{Power, Plus, Times}" integer_powers "True" variables "{s, s23, SUNN, a12, Q, D, t, u3, hIn, hOut, xIn, xOut, yIn, yOut}" input_bytes "42318280
"PAIR_CONJUGATION_SUPPORT heads "{Power, Plus, Times}" integer_powers "True" variables "{hIn, s, s23, SUNN, a12, Q, D, t, u3, hOut, xOut, yIn, xIn, yOut}" input_bytes "49324216
"PAIR_CONJUGATION_SUPPORT heads "{Power, Plus, Times}" integer_powers "True" variables "{hIn, Q, s, s23, SUNN, t, transverseK, a12, D, u3, hOut, xOut, yIn, xIn, yOut}" input_bytes "31799776
"PAIR_CONJUGATION_SUPPORT heads "{Power, Plus, Times}" integer_powers "True" variables "{hIn, s, s23, SUNN, a12, Q, D, t, u3, hOut, xOut, yIn, xIn, yOut}" input_bytes "49324216
"PAIR_CONJUGATION_SUPPORT heads "{Power, Plus, Times}" integer_powers "True" variables "{s, s23, SUNN, a12, Q, D, t, u3, hIn, hOut, xIn, xOut, yIn, yOut}" input_bytes "20602592
"PASS: ""complete own sector Hermiticity RealSame"
"OWN_HERMITICITY_ACCEPTED "InputForm[<|"Sector" -> "RealSame", "MatrixHash" -> 72655137278926951473317048825650338368934715266831193487881202194294011411835, "MatrixBytes" -> 354748824, "ControlHash" -> 21076721571546230445866831080804247592310463522663442392622121336976062520223, "OriginalControlSeconds" -> 0.563206, "CandidateControlSeconds" -> 0.033099, "CandidateSectorSeconds" -> 32.65914, "OriginalControlPassed" -> True, "NegativeControlRejected" -> True, "Accepted" -> True|>]
"PASS: ""bounded saved Hermiticity proof"
"PASS: ""exact saved Hermiticity proof reload"
"PASS: s05_check_factored_hermiticity"
