"PASS: ""compute allocation"
"PASS: ""selected native channel"
"PASS: ""complete term mapper syntax"
"PASS: ""accepted exact native equation"
"PASS: ""complete native equation contract"
"PASS: ""unchanged equation input common/s08_inputs.json"
"PASS: ""unchanged equation input common/s08_result/reference/s03_real_families.wl"
"PASS: ""unchanged equation input common/s08_result/reference/s11_real_master_coefficients.wl"
"PASS: ""unchanged equation input Hgg/s05_result/s05_result.wl"
"PASS: ""unchanged equation input common/s06_result/s06_result.wl"
"PASS: ""unchanged equation input common/s06_result/reference/s02_result.wl"
"PASS: ""unchanged equation input common/s06_result/reference/s04_result.wl"
"PASS: ""original reference mapper identity"
"PASS: ""unique original mapping block"
"PASS: ""original mapping syntax"
"PASS: ""unchanged complete original mapping functions"
"PASS: ""accepted polynomial family execution"
"PASS: ""identical scalar polynomial mapping contract"
"PASS: ""exact executed polynomial and merge definitions installed"
"PASS: ""own Hgg scalar reconstruction comparison"
"PASS: ""accepted exact atom certificates"
"PASS: ""same complete atom mapping contract"
"PASS: ""unique accepted complete family implementation"
"PASS: ""complete original family implementation syntax"
"PASS: ""exact accepted family implementation restored"
"PASS: ""unique family reconstruction substitutions"
"PASS: ""all family coefficient algebra unchanged"
"PASS: ""unique complete original scalar mapping function"
"PASS: ""complete original scalar mapping syntax"
"PASS: ""exact original scalar mapping definition restored"
"PASS: ""unique complete scalar reconstruction substitutions"
"PASS: ""all scalar mapping algebra and cut gates unchanged"
"PASS: ""accepted complete own original-term map"
"PASS: ""identical complete own map inputs"
"PASS: ""accepted exact production group checkpoint"
"PASS: ""accepted original scalar-certificate execution"
"PASS: ""identical accepted mapping and native input contract"
"PASS: ""external-factor variables match actual atom coordinates"
"PASS: ""accepted external-factor comparison receipt"
"PASS: ""identical accepted scalar and external-factor definitions"
"PASS: ""accepted content comparison input Hgg/s08_affine_piece_basis_result/s08_result.wl"
"PASS: ""accepted content comparison input Hgg/s08_slow_group_input_result/s08_result.wl"
"PASS: ""accepted content comparison input Hgg/s08_failed_group_input_result/s08_result.wl"
"PASS: ""accepted content comparison input Hgg/s08_shared_piece_cache_result/s08_result.wl"
"PASS: ""complete accepted affine definitions and input identity"
"PASS: ""both actual inputs retain the complete scalar contract"
"PASS: ""exact accepted slow input source and selection"
"PASS: ""one original Cancel call in the complete scalar mapper"
"PASS: ""complete original scalar mapper restored by reversing only Cancel"
"PASS: ""exact early affine scalar mapper installed"
"PASS: ""complete early affine additive input own"
"EARLY_AFFINE_MAP_START ""own"" "1"/"1
"PASS: ""exact external factor reconstructs the whole input"
"PASS: ""external factor has no loop coordinate"
"EXTERNAL_FACTOR_INPUT "InputForm[(2*eq^2*SUNN)/((-3 + D)*Q^2*(Q^2 + s)^3*(Q^2 + s - s23 + t)^2*(Q^4 + Q^2*s - 2*Q^2*s23 + Q^2*t - s*t))]
"PASS: ""original explicit rational input reconstructs"
"PASS: ""explicit numerator is a loop polynomial"
"PASS: ""explicit denominator is a loop polynomial"
"PASS: ""every loop-dependent factor is a generated propagator"
"PASS: ""denominator ratio is loop independent"
"PASS: ""complete denominator scale reconstructs"
"PASS: ""atom extraction leaves a polynomial numerator"
"PASS: ""nonzero affine relation for dependent propagators"
"PASS: ""relation constant is independent of loop coordinates"
"PASS: ""every independent denominator set has a family"
"PASS: ""early affine complete input round trip"
"EARLY_AFFINE_CANCEL_START bytes "462472
"FAIL: ""early affine cancellation preserves the complete rational input"
